baseline: 0 errors (extract 0.39 s)
cut candidates (top-level Via1-3 and Metal2-3 shapes on signal nets): 21033
cut 1: layer 10 element at bytes 1389350 (net n412)
  cut    cut01.gds: nets +1, 1 errors (0.37 s)
           undriven net n439, read by 2: u215@81.60,173.88/sg13g2_o21ai_1.A1, u212@85.92,173.88/sg13g2_dlygate4sd3_1.A
cut 2: layer 29 element at bytes 2187574 (net n1702)
  cut    cut02.gds: nets +1, 1 errors (0.38 s)
           undriven net n1829, read by 4: u1850@10.08,30.24/sg13g2_a21oi_1.A2, u1760@10.56,37.80/sg13g2_a21oi_1.A2, u1667@10.56,45.36/sg13g2_a21oi_1.A2, u1632@27.36,52.92/sg13g2_a21oi_1.A2
cut 3: layer 19 element at bytes 831366 (net n518)
  cut    cut03.gds: nets +1, 1 errors (0.37 s)
           undriven net n576, read by 1: u345@37.92,158.76/sg13g2_o21ai_1.A2
cut 4: layer 29 element at bytes 2111222 (net n1498)
  cut    cut04.gds: nets +1, 1 errors (0.36 s)
           undriven net n1498, read by 1: u1284@90.24,83.16/sg13g2_o21ai_1.A2
cut 5: layer 49 element at bytes 2564742 (net n155)
  cut    cut05.gds: nets +1, 190 errors (0.38 s)
           undriven net n1207, read by 1: u985@96.00,105.84/sg13g2_buf_16.A
           u61@158.88,189.00: clock pin CLK: n1207 is not driven
           u63@145.92,189.00: clock pin CLK: n1207 is not driven
cut 6: layer 29 element at bytes 2107382 (net n1461)
  cut    cut06.gds: nets +1, 1 errors (0.37 s)
           undriven net n1473, read by 4: u1385@14.88,75.60/sg13g2_a21oi_1.A2, u1342@9.12,75.60/sg13g2_a21oi_1.A2, u1298@28.32,83.16/sg13g2_a21oi_1.A2, u1257@9.12,83.16/sg13g2_a21oi_1.A2
cut 7: layer 10 element at bytes 1227942 (net n450)
  cut    cut07.gds: nets +1, 1 errors (0.39 s)
           undriven net n450, read by 1: u226@30.72,173.88/sg13g2_buf_1.A
cut 8: layer 30 element at bytes 2296438 (net n290)
  cut    cut08.gds: nets +1, 1 errors (0.37 s)
           undriven net n290, read by 2: u237@173.76,166.32/sg13g2_a22oi_1.A2, u78@168.48,181.44/sg13g2_o21ai_1.A2
cut 9: layer 29 element at bytes 2180022 (net n1758)
  cut    cut09.gds: nets +1, 1 errors (0.37 s)
           undriven net n1759, read by 3: u1635@183.84,45.36/sg13g2_buf_1.A, u1597@178.56,52.92/sg13g2_mux2_1.A0, u1551@178.56,52.92/sg13g2_mux2_1.A1
cut 10: layer 29 element at bytes 1995958 (net n689)
  cut    cut10.gds: nets +1, 1 errors (0.36 s)
           undriven net n933, read by 1: u700@156.00,128.52/sg13g2_o21ai_1.B1
short 1: Metal2 n1543 to n1581
  short  short01.gds: nets -1, 1 errors (0.37 s)
           net n1543 has 2 drivers: u1373@57.60,75.60/sg13g2_nor3_1.Y, u1337@51.36,75.60/sg13g2_or2_1.X
short 2: Metal2 n352 to n307
  short  short02.gds: nets -1, 1 errors (0.36 s)
           net n307 has 2 drivers: u417@84.48,151.20/sg13g2_buf_1.X, u141@84.00,181.44/sg13g2_tiehi.L_HI
short 3: Metal2 n1796 to n1927
  short  short03.gds: nets -1, 7 errors (0.37 s)
           net n1796 has 2 drivers: u1844@28.32,30.24/sg13g2_o21ai_1.Y, u1750@24.48,45.36/sg13g2_buf_16.X
           u1593@6.24,52.92: clock pin CLK: clock passes through u1844@28.32,30.24 (sg13g2_o21ai_1), not a buffer
           u1634@6.72,52.92: clock pin CLK: clock passes through u1844@28.32,30.24 (sg13g2_o21ai_1), not a buffer
short 4: Metal2 n1907 to n1908
  short  short04.gds: nets -2, 1 errors (0.36 s)
           net n1696 has 3 drivers: u1733@62.40,45.36/sg13g2_a22oi_1.Y, u1732@65.28,45.36/sg13g2_a21o_1.X, u1731@60.48,37.80/sg13g2_or2_1.X
short 5: Metal2 n517 to n516
  short  short05.gds: nets -2, 1 errors (0.36 s)
           net n254 has 3 drivers: u430@15.36,151.20/sg13g2_buf_1.X, u341@49.92,158.76/sg13g2_a21oi_1.Y, u283@47.52,166.32/sg13g2_tiehi.L_HI
short 6: Metal2 n1606 to n1557
  short  short06.gds: nets -1, 1 errors (0.36 s)
           net n1557 has 2 drivers: u1518@135.84,60.48/sg13g2_tiehi.L_HI, u1408@122.40,68.04/sg13g2_dfrbpq_1.Q
short 7: Metal2 n1847 to n1814
  short  short07.gds: nets -2, 1 errors (0.36 s)
           net n1725 has 3 drivers: u1647@103.20,45.36/sg13g2_dlygate4sd3_1.X, u1617@89.28,52.92/sg13g2_dfrbpq_1.Q, u1523@109.44,60.48/sg13g2_buf_1.X
short 8: Metal2 n604 to n635
  short  short08.gds: nets -1, 1 errors (0.35 s)
           net n604 has 2 drivers: u464@92.64,151.20/sg13g2_inv_1.Y, u413@88.80,151.20/sg13g2_a21oi_1.Y
short 9: Metal2 n1448 to n1105
  short  short09.gds: nets -1, 1 errors (0.36 s)
           net n1105 has 2 drivers: u1285@95.04,83.16/sg13g2_a21oi_1.Y, u940@112.32,105.84/sg13g2_and3_1.X
short 10: Metal2 n1698 to n1700
  short  short10.gds: nets -1, 1 errors (0.36 s)
           net n1698 has 2 drivers: u1628@54.24,52.92/sg13g2_inv_1.Y, u1591@25.44,52.92/sg13g2_inv_1.Y
controls: 20 of 20 effective planted faults caught structurally (0 had no effect)
