
 /----------------------------------------------------------------------------\
 |  yosys -- Yosys Open SYnthesis Suite                                       |
 |  Copyright (C) 2012 - 2026  Claire Xenia Wolf <claire@yosyshq.com>         |
 |  Distributed under an ISC-like license, type "license" to see terms        |
 \----------------------------------------------------------------------------/
 Yosys 0.69+77 (git sha1 9ff27d29c-dirty, Release, Clang /usr/bin/clang++ 21.1.8)

-- Running command `read_verilog deadline_sequencer.v; hierarchy -check -top deadline_sequencer; synth -top deadline_sequencer -flatten; dfflibmap -liberty /home/matthias/prog/janestreet/pio-area-notes/sg13g2/sg13g2_stdcell_typ_1p20V_25C.lib; abc -liberty /home/matthias/prog/janestreet/pio-area-notes/sg13g2/sg13g2_stdcell_typ_1p20V_25C.lib; opt_clean; stat -liberty /home/matthias/prog/janestreet/pio-area-notes/sg13g2/sg13g2_stdcell_typ_1p20V_25C.lib' --

1. Executing Verilog-2005 frontend: deadline_sequencer.v
Parsing Verilog input from `deadline_sequencer.v' to AST representation.
Generating RTLIL representation for module `\deadline_sequencer'.
Successfully finished Verilog frontend.

2. Executing HIERARCHY pass (managing design hierarchy).

2.1. Analyzing design hierarchy..
Top module:  \deadline_sequencer

2.2. Analyzing design hierarchy..
Top module:  \deadline_sequencer
Removed 0 unused modules.

3. Executing SYNTH pass.

3.1. Executing HIERARCHY pass (managing design hierarchy).

3.1.1. Analyzing design hierarchy..
Top module:  \deadline_sequencer

3.1.2. Analyzing design hierarchy..
Top module:  \deadline_sequencer
Removed 0 unused modules.

3.2. Executing PROC pass (convert processes to netlists).

3.2.1. Executing PROC_CLEAN pass (remove empty switches from decision trees).
Cleaned up 0 empty switches.

3.2.2. Executing PROC_RMDEAD pass (remove dead branches from decision trees).
Marked 1 switch rules as full_case in process $proc$deadline_sequencer.v:696$133 in module deadline_sequencer.
Marked 1 switch rules as full_case in process $proc$deadline_sequencer.v:681$131 in module deadline_sequencer.
Marked 1 switch rules as full_case in process $proc$deadline_sequencer.v:675$130 in module deadline_sequencer.
Marked 1 switch rules as full_case in process $proc$deadline_sequencer.v:638$114 in module deadline_sequencer.
Marked 1 switch rules as full_case in process $proc$deadline_sequencer.v:632$113 in module deadline_sequencer.
Marked 1 switch rules as full_case in process $proc$deadline_sequencer.v:622$110 in module deadline_sequencer.
Marked 1 switch rules as full_case in process $proc$deadline_sequencer.v:612$107 in module deadline_sequencer.
Marked 1 switch rules as full_case in process $proc$deadline_sequencer.v:591$100 in module deadline_sequencer.
Marked 1 switch rules as full_case in process $proc$deadline_sequencer.v:585$99 in module deadline_sequencer.
Marked 1 switch rules as full_case in process $proc$deadline_sequencer.v:564$89 in module deadline_sequencer.
Marked 1 switch rules as full_case in process $proc$deadline_sequencer.v:556$87 in module deadline_sequencer.
Marked 1 switch rules as full_case in process $proc$deadline_sequencer.v:548$85 in module deadline_sequencer.
Marked 1 switch rules as full_case in process $proc$deadline_sequencer.v:531$81 in module deadline_sequencer.
Marked 1 switch rules as full_case in process $proc$deadline_sequencer.v:525$80 in module deadline_sequencer.
Marked 1 switch rules as full_case in process $proc$deadline_sequencer.v:509$73 in module deadline_sequencer.
Marked 1 switch rules as full_case in process $proc$deadline_sequencer.v:501$71 in module deadline_sequencer.
Marked 1 switch rules as full_case in process $proc$deadline_sequencer.v:493$69 in module deadline_sequencer.
Marked 1 switch rules as full_case in process $proc$deadline_sequencer.v:469$65 in module deadline_sequencer.
Marked 1 switch rules as full_case in process $proc$deadline_sequencer.v:449$62 in module deadline_sequencer.
Marked 1 switch rules as full_case in process $proc$deadline_sequencer.v:417$54 in module deadline_sequencer.
Marked 1 switch rules as full_case in process $proc$deadline_sequencer.v:411$53 in module deadline_sequencer.
Marked 1 switch rules as full_case in process $proc$deadline_sequencer.v:377$40 in module deadline_sequencer.
Marked 1 switch rules as full_case in process $proc$deadline_sequencer.v:369$38 in module deadline_sequencer.
Marked 1 switch rules as full_case in process $proc$deadline_sequencer.v:361$36 in module deadline_sequencer.
Marked 1 switch rules as full_case in process $proc$deadline_sequencer.v:312$16 in module deadline_sequencer.
Marked 1 switch rules as full_case in process $proc$deadline_sequencer.v:292$9 in module deadline_sequencer.
Marked 1 switch rules as full_case in process $proc$deadline_sequencer.v:281$6 in module deadline_sequencer.
Removed a total of 0 dead cases.

3.2.3. Executing PROC_PRUNE pass (remove redundant assignments in processes).
Removed 27 redundant assignments.
Promoted 0 assignments to connections.

3.2.4. Executing PROC_INIT pass (extract init attributes).

3.2.5. Executing PROC_ARST pass (detect async resets in processes).

3.2.6. Executing PROC_ROM pass (convert switches to ROMs).
Converted 0 switches.
<suppressed ~27 debug messages>

3.2.7. Executing PROC_MUX pass (convert decision trees to multiplexers).
Creating decoders for process `\deadline_sequencer.$proc$deadline_sequencer.v:696$133'.
     1/1: $0\_72[1:0]
Creating decoders for process `\deadline_sequencer.$proc$deadline_sequencer.v:681$131'.
     1/1: $0\_297[5:0]
Creating decoders for process `\deadline_sequencer.$proc$deadline_sequencer.v:675$130'.
     1/1: $0\_52[5:0]
Creating decoders for process `\deadline_sequencer.$proc$deadline_sequencer.v:638$114'.
     1/1: $0\_269[5:0]
Creating decoders for process `\deadline_sequencer.$proc$deadline_sequencer.v:632$113'.
     1/1: $0\_49[5:0]
Creating decoders for process `\deadline_sequencer.$proc$deadline_sequencer.v:622$110'.
     1/1: $0\_46[5:0]
Creating decoders for process `\deadline_sequencer.$proc$deadline_sequencer.v:612$107'.
     1/1: $0\_43[5:0]
Creating decoders for process `\deadline_sequencer.$proc$deadline_sequencer.v:591$100'.
     1/1: $0\_246[11:0]
Creating decoders for process `\deadline_sequencer.$proc$deadline_sequencer.v:585$99'.
     1/1: $0\_245[11:0]
Creating decoders for process `\deadline_sequencer.$proc$deadline_sequencer.v:564$89'.
     1/1: $0\_237[11:0]
Creating decoders for process `\deadline_sequencer.$proc$deadline_sequencer.v:556$87'.
     1/1: $0\_233[11:0]
Creating decoders for process `\deadline_sequencer.$proc$deadline_sequencer.v:548$85'.
     1/1: $0\_229[11:0]
Creating decoders for process `\deadline_sequencer.$proc$deadline_sequencer.v:531$81'.
     1/1: $0\_218[11:0]
Creating decoders for process `\deadline_sequencer.$proc$deadline_sequencer.v:525$80'.
     1/1: $0\_217[11:0]
Creating decoders for process `\deadline_sequencer.$proc$deadline_sequencer.v:509$73'.
     1/1: $0\_211[11:0]
Creating decoders for process `\deadline_sequencer.$proc$deadline_sequencer.v:501$71'.
     1/1: $0\_207[11:0]
Creating decoders for process `\deadline_sequencer.$proc$deadline_sequencer.v:493$69'.
     1/1: $0\_203[11:0]
Creating decoders for process `\deadline_sequencer.$proc$deadline_sequencer.v:469$65'.
     1/1: $0\_130[0:0]
Creating decoders for process `\deadline_sequencer.$proc$deadline_sequencer.v:449$62'.
     1/1: $0\_154[7:0]
Creating decoders for process `\deadline_sequencer.$proc$deadline_sequencer.v:417$54'.
     1/1: $0\_85[7:0]
Creating decoders for process `\deadline_sequencer.$proc$deadline_sequencer.v:411$53'.
     1/1: $0\_75[7:0]
Creating decoders for process `\deadline_sequencer.$proc$deadline_sequencer.v:377$40'.
     1/1: $0\_78[7:0]
Creating decoders for process `\deadline_sequencer.$proc$deadline_sequencer.v:369$38'.
     1/1: $0\_81[7:0]
Creating decoders for process `\deadline_sequencer.$proc$deadline_sequencer.v:361$36'.
     1/1: $0\_84[7:0]
Creating decoders for process `\deadline_sequencer.$proc$deadline_sequencer.v:312$16'.
     1/1: $0\_91[7:0]
Creating decoders for process `\deadline_sequencer.$proc$deadline_sequencer.v:292$9'.
     1/1: $0\_69[7:0]
Creating decoders for process `\deadline_sequencer.$proc$deadline_sequencer.v:281$6'.
     1/1: $0\_65[0:0]

3.2.8. Executing PROC_DLATCH pass (convert process syncs to latches).
No latch inferred for signal `\deadline_sequencer.\_297' from process `\deadline_sequencer.$proc$deadline_sequencer.v:681$131'.
No latch inferred for signal `\deadline_sequencer.\_269' from process `\deadline_sequencer.$proc$deadline_sequencer.v:638$114'.
No latch inferred for signal `\deadline_sequencer.\_246' from process `\deadline_sequencer.$proc$deadline_sequencer.v:591$100'.
No latch inferred for signal `\deadline_sequencer.\_218' from process `\deadline_sequencer.$proc$deadline_sequencer.v:531$81'.
No latch inferred for signal `\deadline_sequencer.\_130' from process `\deadline_sequencer.$proc$deadline_sequencer.v:469$65'.
No latch inferred for signal `\deadline_sequencer.\_85' from process `\deadline_sequencer.$proc$deadline_sequencer.v:417$54'.

3.2.9. Executing PROC_DFF pass (convert process syncs to FFs).
Creating register for signal `\deadline_sequencer.\_72' using process `\deadline_sequencer.$proc$deadline_sequencer.v:696$133'.
  created $dff cell `$procdff$232' with positive edge clock.
Creating register for signal `\deadline_sequencer.\_52' using process `\deadline_sequencer.$proc$deadline_sequencer.v:675$130'.
  created $dff cell `$procdff$233' with positive edge clock.
Creating register for signal `\deadline_sequencer.\_49' using process `\deadline_sequencer.$proc$deadline_sequencer.v:632$113'.
  created $dff cell `$procdff$234' with positive edge clock.
Creating register for signal `\deadline_sequencer.\_46' using process `\deadline_sequencer.$proc$deadline_sequencer.v:622$110'.
  created $dff cell `$procdff$235' with positive edge clock.
Creating register for signal `\deadline_sequencer.\_43' using process `\deadline_sequencer.$proc$deadline_sequencer.v:612$107'.
  created $dff cell `$procdff$236' with positive edge clock.
Creating register for signal `\deadline_sequencer.\_245' using process `\deadline_sequencer.$proc$deadline_sequencer.v:585$99'.
  created $dff cell `$procdff$237' with positive edge clock.
Creating register for signal `\deadline_sequencer.\_237' using process `\deadline_sequencer.$proc$deadline_sequencer.v:564$89'.
  created $dff cell `$procdff$238' with positive edge clock.
Creating register for signal `\deadline_sequencer.\_233' using process `\deadline_sequencer.$proc$deadline_sequencer.v:556$87'.
  created $dff cell `$procdff$239' with positive edge clock.
Creating register for signal `\deadline_sequencer.\_229' using process `\deadline_sequencer.$proc$deadline_sequencer.v:548$85'.
  created $dff cell `$procdff$240' with positive edge clock.
Creating register for signal `\deadline_sequencer.\_217' using process `\deadline_sequencer.$proc$deadline_sequencer.v:525$80'.
  created $dff cell `$procdff$241' with positive edge clock.
Creating register for signal `\deadline_sequencer.\_211' using process `\deadline_sequencer.$proc$deadline_sequencer.v:509$73'.
  created $dff cell `$procdff$242' with positive edge clock.
Creating register for signal `\deadline_sequencer.\_207' using process `\deadline_sequencer.$proc$deadline_sequencer.v:501$71'.
  created $dff cell `$procdff$243' with positive edge clock.
Creating register for signal `\deadline_sequencer.\_203' using process `\deadline_sequencer.$proc$deadline_sequencer.v:493$69'.
  created $dff cell `$procdff$244' with positive edge clock.
Creating register for signal `\deadline_sequencer.\_154' using process `\deadline_sequencer.$proc$deadline_sequencer.v:449$62'.
  created $dff cell `$procdff$245' with positive edge clock.
Creating register for signal `\deadline_sequencer.\_75' using process `\deadline_sequencer.$proc$deadline_sequencer.v:411$53'.
  created $dff cell `$procdff$246' with positive edge clock.
Creating register for signal `\deadline_sequencer.\_78' using process `\deadline_sequencer.$proc$deadline_sequencer.v:377$40'.
  created $dff cell `$procdff$247' with positive edge clock.
Creating register for signal `\deadline_sequencer.\_81' using process `\deadline_sequencer.$proc$deadline_sequencer.v:369$38'.
  created $dff cell `$procdff$248' with positive edge clock.
Creating register for signal `\deadline_sequencer.\_84' using process `\deadline_sequencer.$proc$deadline_sequencer.v:361$36'.
  created $dff cell `$procdff$249' with positive edge clock.
Creating register for signal `\deadline_sequencer.\_91' using process `\deadline_sequencer.$proc$deadline_sequencer.v:312$16'.
  created $dff cell `$procdff$250' with positive edge clock.
Creating register for signal `\deadline_sequencer.\_69' using process `\deadline_sequencer.$proc$deadline_sequencer.v:292$9'.
  created $dff cell `$procdff$251' with positive edge clock.
Creating register for signal `\deadline_sequencer.\_65' using process `\deadline_sequencer.$proc$deadline_sequencer.v:281$6'.
  created $dff cell `$procdff$252' with positive edge clock.

3.2.10. Executing PROC_MEMWR pass (convert process memory writes to cells).

3.2.11. Executing PROC_CLEAN pass (remove empty switches from decision trees).
Found and cleaned up 1 empty switch in `\deadline_sequencer.$proc$deadline_sequencer.v:696$133'.
Removing empty process `deadline_sequencer.$proc$deadline_sequencer.v:696$133'.
Found and cleaned up 1 empty switch in `\deadline_sequencer.$proc$deadline_sequencer.v:681$131'.
Removing empty process `deadline_sequencer.$proc$deadline_sequencer.v:681$131'.
Found and cleaned up 1 empty switch in `\deadline_sequencer.$proc$deadline_sequencer.v:675$130'.
Removing empty process `deadline_sequencer.$proc$deadline_sequencer.v:675$130'.
Found and cleaned up 1 empty switch in `\deadline_sequencer.$proc$deadline_sequencer.v:638$114'.
Removing empty process `deadline_sequencer.$proc$deadline_sequencer.v:638$114'.
Found and cleaned up 1 empty switch in `\deadline_sequencer.$proc$deadline_sequencer.v:632$113'.
Removing empty process `deadline_sequencer.$proc$deadline_sequencer.v:632$113'.
Found and cleaned up 1 empty switch in `\deadline_sequencer.$proc$deadline_sequencer.v:622$110'.
Removing empty process `deadline_sequencer.$proc$deadline_sequencer.v:622$110'.
Found and cleaned up 1 empty switch in `\deadline_sequencer.$proc$deadline_sequencer.v:612$107'.
Removing empty process `deadline_sequencer.$proc$deadline_sequencer.v:612$107'.
Found and cleaned up 1 empty switch in `\deadline_sequencer.$proc$deadline_sequencer.v:591$100'.
Removing empty process `deadline_sequencer.$proc$deadline_sequencer.v:591$100'.
Found and cleaned up 1 empty switch in `\deadline_sequencer.$proc$deadline_sequencer.v:585$99'.
Removing empty process `deadline_sequencer.$proc$deadline_sequencer.v:585$99'.
Found and cleaned up 1 empty switch in `\deadline_sequencer.$proc$deadline_sequencer.v:564$89'.
Removing empty process `deadline_sequencer.$proc$deadline_sequencer.v:564$89'.
Found and cleaned up 1 empty switch in `\deadline_sequencer.$proc$deadline_sequencer.v:556$87'.
Removing empty process `deadline_sequencer.$proc$deadline_sequencer.v:556$87'.
Found and cleaned up 1 empty switch in `\deadline_sequencer.$proc$deadline_sequencer.v:548$85'.
Removing empty process `deadline_sequencer.$proc$deadline_sequencer.v:548$85'.
Found and cleaned up 1 empty switch in `\deadline_sequencer.$proc$deadline_sequencer.v:531$81'.
Removing empty process `deadline_sequencer.$proc$deadline_sequencer.v:531$81'.
Found and cleaned up 1 empty switch in `\deadline_sequencer.$proc$deadline_sequencer.v:525$80'.
Removing empty process `deadline_sequencer.$proc$deadline_sequencer.v:525$80'.
Found and cleaned up 1 empty switch in `\deadline_sequencer.$proc$deadline_sequencer.v:509$73'.
Removing empty process `deadline_sequencer.$proc$deadline_sequencer.v:509$73'.
Found and cleaned up 1 empty switch in `\deadline_sequencer.$proc$deadline_sequencer.v:501$71'.
Removing empty process `deadline_sequencer.$proc$deadline_sequencer.v:501$71'.
Found and cleaned up 1 empty switch in `\deadline_sequencer.$proc$deadline_sequencer.v:493$69'.
Removing empty process `deadline_sequencer.$proc$deadline_sequencer.v:493$69'.
Found and cleaned up 1 empty switch in `\deadline_sequencer.$proc$deadline_sequencer.v:469$65'.
Removing empty process `deadline_sequencer.$proc$deadline_sequencer.v:469$65'.
Found and cleaned up 1 empty switch in `\deadline_sequencer.$proc$deadline_sequencer.v:449$62'.
Removing empty process `deadline_sequencer.$proc$deadline_sequencer.v:449$62'.
Found and cleaned up 1 empty switch in `\deadline_sequencer.$proc$deadline_sequencer.v:417$54'.
Removing empty process `deadline_sequencer.$proc$deadline_sequencer.v:417$54'.
Found and cleaned up 1 empty switch in `\deadline_sequencer.$proc$deadline_sequencer.v:411$53'.
Removing empty process `deadline_sequencer.$proc$deadline_sequencer.v:411$53'.
Found and cleaned up 1 empty switch in `\deadline_sequencer.$proc$deadline_sequencer.v:377$40'.
Removing empty process `deadline_sequencer.$proc$deadline_sequencer.v:377$40'.
Found and cleaned up 1 empty switch in `\deadline_sequencer.$proc$deadline_sequencer.v:369$38'.
Removing empty process `deadline_sequencer.$proc$deadline_sequencer.v:369$38'.
Found and cleaned up 1 empty switch in `\deadline_sequencer.$proc$deadline_sequencer.v:361$36'.
Removing empty process `deadline_sequencer.$proc$deadline_sequencer.v:361$36'.
Found and cleaned up 1 empty switch in `\deadline_sequencer.$proc$deadline_sequencer.v:312$16'.
Removing empty process `deadline_sequencer.$proc$deadline_sequencer.v:312$16'.
Found and cleaned up 1 empty switch in `\deadline_sequencer.$proc$deadline_sequencer.v:292$9'.
Removing empty process `deadline_sequencer.$proc$deadline_sequencer.v:292$9'.
Found and cleaned up 1 empty switch in `\deadline_sequencer.$proc$deadline_sequencer.v:281$6'.
Removing empty process `deadline_sequencer.$proc$deadline_sequencer.v:281$6'.
Cleaned up 27 empty switches.

3.2.12. Executing OPT_EXPR pass (perform const folding).
Optimizing module deadline_sequencer.
<suppressed ~13 debug messages>

3.3. Executing CHECK pass (checking for obvious problems).
Checking module deadline_sequencer...
Found and reported 0 problems.

3.4. Executing FLATTEN pass (flatten design).

3.5. Executing OPT_EXPR pass (perform const folding).
Optimizing module deadline_sequencer.

3.6. Executing CHECK pass (checking for obvious problems).
Checking module deadline_sequencer...
Found and reported 0 problems.

3.7. Executing OPT_CLEAN pass (remove unused cells and wires).
Finding unused cells or wires in module \deadline_sequencer..
Removed 1 unused cells and 162 unused wires.
<suppressed ~3 debug messages>

3.8. Executing OPT pass (performing simple optimizations).

3.8.1. Executing OPT_EXPR pass (perform const folding).
Optimizing module deadline_sequencer.

3.8.2. Executing OPT_MERGE pass (detect identical cells).
Finding identical cells in module `\deadline_sequencer'.
Computing hashes of 176 cells of `\deadline_sequencer'.
Finding duplicate cells in `\deadline_sequencer'.
Computing hashes of 145 cells of `\deadline_sequencer'.
Finding duplicate cells in `\deadline_sequencer'.
<suppressed ~93 debug messages>
Removed a total of 31 cells.

3.8.3. Executing OPT_MUXTREE pass (detect dead branches in mux trees).
Running muxtree optimizer on module \deadline_sequencer..
  Creating internal representation of mux trees.
  Evaluating internal representation of mux trees.
  Analyzing evaluation results.
Removed 0 multiplexer ports.
<suppressed ~264 debug messages>

3.8.4. Executing OPT_REDUCE pass (consolidate $*mux and $reduce_* inputs).
  Optimizing cells in module \deadline_sequencer.
Performed a total of 0 changes.

3.8.5. Executing OPT_MERGE pass (detect identical cells).
Finding identical cells in module `\deadline_sequencer'.
Computing hashes of 145 cells of `\deadline_sequencer'.
Finding duplicate cells in `\deadline_sequencer'.
Removed a total of 0 cells.

3.8.6. Executing OPT_DFF pass (perform DFF optimizations).

3.8.7. Executing OPT_CLEAN pass (remove unused cells and wires).
Finding unused cells or wires in module \deadline_sequencer..
Removed 0 unused cells and 19 unused wires.
<suppressed ~1 debug messages>

3.8.8. Executing OPT_EXPR pass (perform const folding).
Optimizing module deadline_sequencer.

3.8.9. Rerunning OPT passes. (Maybe there is more to do..)

3.8.10. Executing OPT_MUXTREE pass (detect dead branches in mux trees).
Running muxtree optimizer on module \deadline_sequencer..
  Creating internal representation of mux trees.
  Evaluating internal representation of mux trees.
  Analyzing evaluation results.
Removed 0 multiplexer ports.
<suppressed ~264 debug messages>

3.8.11. Executing OPT_REDUCE pass (consolidate $*mux and $reduce_* inputs).
  Optimizing cells in module \deadline_sequencer.
Performed a total of 0 changes.

3.8.12. Executing OPT_MERGE pass (detect identical cells).
Finding identical cells in module `\deadline_sequencer'.
Computing hashes of 145 cells of `\deadline_sequencer'.
Finding duplicate cells in `\deadline_sequencer'.
Removed a total of 0 cells.

3.8.13. Executing OPT_DFF pass (perform DFF optimizations).

3.8.14. Executing OPT_CLEAN pass (remove unused cells and wires).
Finding unused cells or wires in module \deadline_sequencer..

3.8.15. Executing OPT_EXPR pass (perform const folding).
Optimizing module deadline_sequencer.

3.8.16. Finished fast OPT passes. (There is nothing left to do.)

3.9. Executing FSM pass (extract and optimize FSM).

3.9.1. Executing FSM_DETECT pass (finding FSMs in design).

3.9.2. Executing FSM_EXTRACT pass (extracting FSM from design).

3.9.3. Executing FSM_OPT pass (simple optimizations of FSMs).

3.9.4. Executing OPT_CLEAN pass (remove unused cells and wires).
Finding unused cells or wires in module \deadline_sequencer..

3.9.5. Executing FSM_OPT pass (simple optimizations of FSMs).

3.9.6. Executing FSM_RECODE pass (re-assigning FSM state encoding).

3.9.7. Executing FSM_INFO pass (dumping all available information on FSM cells).

3.9.8. Executing FSM_MAP pass (mapping FSMs to basic logic).

3.10. Executing OPT pass (performing simple optimizations).

3.10.1. Executing OPT_EXPR pass (perform const folding).
Optimizing module deadline_sequencer.

3.10.2. Executing OPT_MERGE pass (detect identical cells).
Finding identical cells in module `\deadline_sequencer'.
Computing hashes of 145 cells of `\deadline_sequencer'.
Finding duplicate cells in `\deadline_sequencer'.
Removed a total of 0 cells.

3.10.3. Executing OPT_MUXTREE pass (detect dead branches in mux trees).
Running muxtree optimizer on module \deadline_sequencer..
  Creating internal representation of mux trees.
  Evaluating internal representation of mux trees.
  Analyzing evaluation results.
Removed 0 multiplexer ports.
<suppressed ~264 debug messages>

3.10.4. Executing OPT_REDUCE pass (consolidate $*mux and $reduce_* inputs).
  Optimizing cells in module \deadline_sequencer.
Performed a total of 0 changes.

3.10.5. Executing OPT_MERGE pass (detect identical cells).
Finding identical cells in module `\deadline_sequencer'.
Computing hashes of 145 cells of `\deadline_sequencer'.
Finding duplicate cells in `\deadline_sequencer'.
Removed a total of 0 cells.

3.10.6. Executing OPT_DFF pass (perform DFF optimizations).
Adding SRST signal on $procdff$232 ($dff) from module deadline_sequencer (D = \_294, Q = \_72, rval = 2'00).
Adding SRST signal on $procdff$233 ($dff) from module deadline_sequencer (D = \_292, Q = \_52, rval = 6'000000).
Adding EN signal on $auto$ff.cc:337:slice$254 ($sdff) from module deadline_sequencer (D = \_34, Q = \_52).
Adding SRST signal on $procdff$234 ($dff) from module deadline_sequencer (D = \_257, Q = \_49, rval = 6'000000).
Adding EN signal on $auto$ff.cc:337:slice$256 ($sdff) from module deadline_sequencer (D = \_34, Q = \_49).
Adding SRST signal on $procdff$235 ($dff) from module deadline_sequencer (D = \_256, Q = \_46, rval = 6'000000).
Adding EN signal on $auto$ff.cc:337:slice$258 ($sdff) from module deadline_sequencer (D = \_34, Q = \_46).
Adding SRST signal on $procdff$236 ($dff) from module deadline_sequencer (D = \_255, Q = \_43, rval = 6'000000).
Adding EN signal on $auto$ff.cc:337:slice$260 ($sdff) from module deadline_sequencer (D = \_34, Q = \_43).
Adding SRST signal on $procdff$237 ($dff) from module deadline_sequencer (D = \_254, Q = \_245, rval = 12'000000000000).
Adding EN signal on $auto$ff.cc:337:slice$262 ($sdff) from module deadline_sequencer (D = \_27, Q = \_245).
Adding SRST signal on $procdff$238 ($dff) from module deadline_sequencer (D = \_238, Q = \_237, rval = 12'000000000000).
Adding EN signal on $auto$ff.cc:337:slice$264 ($sdff) from module deadline_sequencer (D = \_27, Q = \_237).
Adding SRST signal on $procdff$252 ($dff) from module deadline_sequencer (D = \_4, Q = \_65, rval = 1'0).
Adding SRST signal on $procdff$239 ($dff) from module deadline_sequencer (D = \_234, Q = \_233, rval = 12'000000000000).
Adding EN signal on $auto$ff.cc:337:slice$267 ($sdff) from module deadline_sequencer (D = \_27, Q = \_233).
Adding SRST signal on $procdff$240 ($dff) from module deadline_sequencer (D = \_230, Q = \_229, rval = 12'000000000000).
Adding EN signal on $auto$ff.cc:337:slice$269 ($sdff) from module deadline_sequencer (D = \_27, Q = \_229).
Adding SRST signal on $procdff$241 ($dff) from module deadline_sequencer (D = \_226, Q = \_217, rval = 12'000000000000).
Adding EN signal on $auto$ff.cc:337:slice$271 ($sdff) from module deadline_sequencer (D = \_22, Q = \_217).
Adding SRST signal on $procdff$242 ($dff) from module deadline_sequencer (D = \_21, Q = \_211, rval = 12'000000000000).
Adding EN signal on $auto$ff.cc:337:slice$273 ($sdff) from module deadline_sequencer (D = \_22, Q = \_211).
Adding SRST signal on $procdff$243 ($dff) from module deadline_sequencer (D = \_20, Q = \_207, rval = 12'000000000000).
Adding EN signal on $auto$ff.cc:337:slice$275 ($sdff) from module deadline_sequencer (D = \_22, Q = \_207).
Adding SRST signal on $procdff$244 ($dff) from module deadline_sequencer (D = \_19, Q = \_203, rval = 12'000000000000).
Adding EN signal on $auto$ff.cc:337:slice$277 ($sdff) from module deadline_sequencer (D = \_22, Q = \_203).
Adding SRST signal on $procdff$245 ($dff) from module deadline_sequencer (D = \_16, Q = \_154, rval = 8'00000000).
Adding EN signal on $auto$ff.cc:337:slice$279 ($sdff) from module deadline_sequencer (D = \_16 [0], Q = \_154 [0]).
Adding EN signal on $auto$ff.cc:337:slice$279 ($sdff) from module deadline_sequencer (D = \_16 [1], Q = \_154 [1]).
Adding EN signal on $auto$ff.cc:337:slice$279 ($sdff) from module deadline_sequencer (D = \_16 [2], Q = \_154 [2]).
Adding EN signal on $auto$ff.cc:337:slice$279 ($sdff) from module deadline_sequencer (D = \_16 [3], Q = \_154 [3]).
Adding EN signal on $auto$ff.cc:337:slice$279 ($sdff) from module deadline_sequencer (D = \_16 [4], Q = \_154 [4]).
Adding EN signal on $auto$ff.cc:337:slice$279 ($sdff) from module deadline_sequencer (D = \_16 [5], Q = \_154 [5]).
Adding EN signal on $auto$ff.cc:337:slice$279 ($sdff) from module deadline_sequencer (D = \_16 [6], Q = \_154 [6]).
Adding EN signal on $auto$ff.cc:337:slice$279 ($sdff) from module deadline_sequencer (D = \_16 [7], Q = \_154 [7]).
Adding SRST signal on $procdff$246 ($dff) from module deadline_sequencer (D = \_149, Q = \_75, rval = 8'00000000).
Adding EN signal on $auto$ff.cc:337:slice$336 ($sdff) from module deadline_sequencer (D = \_14, Q = \_75).
Adding SRST signal on $procdff$247 ($dff) from module deadline_sequencer (D = \_110, Q = \_78, rval = 8'00000000).
Adding EN signal on $auto$ff.cc:337:slice$338 ($sdff) from module deadline_sequencer (D = \_14, Q = \_78).
Adding SRST signal on $procdff$248 ($dff) from module deadline_sequencer (D = \_107, Q = \_81, rval = 8'00000000).
Adding EN signal on $auto$ff.cc:337:slice$340 ($sdff) from module deadline_sequencer (D = \_14, Q = \_81).
Adding SRST signal on $procdff$249 ($dff) from module deadline_sequencer (D = \_10, Q = \_84, rval = 8'00000000).
Adding EN signal on $auto$ff.cc:337:slice$342 ($sdff) from module deadline_sequencer (D = \_14, Q = \_84).
Adding SRST signal on $procdff$250 ($dff) from module deadline_sequencer (D = \_101, Q = \_91, rval = 8'00000000).
Adding EN signal on $auto$ff.cc:337:slice$344 ($sdff) from module deadline_sequencer (D = \_100, Q = \_91).
Adding SRST signal on $procdff$251 ($dff) from module deadline_sequencer (D = \_6, Q = \_69, rval = 8'00000000).
Adding EN signal on $auto$ff.cc:337:slice$346 ($sdff) from module deadline_sequencer (D = \_85, Q = \_69).

3.10.7. Executing OPT_CLEAN pass (remove unused cells and wires).
Finding unused cells or wires in module \deadline_sequencer..
Removed 39 unused cells and 57 unused wires.
<suppressed ~76 debug messages>

3.10.8. Executing OPT_EXPR pass (perform const folding).
Optimizing module deadline_sequencer.
<suppressed ~16 debug messages>

3.10.9. Rerunning OPT passes. (Maybe there is more to do..)

3.10.10. Executing OPT_MUXTREE pass (detect dead branches in mux trees).
Running muxtree optimizer on module \deadline_sequencer..
  Creating internal representation of mux trees.
  Evaluating internal representation of mux trees.
  Analyzing evaluation results.
Removed 0 multiplexer ports.
<suppressed ~65 debug messages>

3.10.11. Executing OPT_REDUCE pass (consolidate $*mux and $reduce_* inputs).
  Optimizing cells in module \deadline_sequencer.
Performed a total of 0 changes.

3.10.12. Executing OPT_MERGE pass (detect identical cells).
Finding identical cells in module `\deadline_sequencer'.
Computing hashes of 137 cells of `\deadline_sequencer'.
Finding duplicate cells in `\deadline_sequencer'.
Computing hashes of 130 cells of `\deadline_sequencer'.
Finding duplicate cells in `\deadline_sequencer'.
<suppressed ~21 debug messages>
Removed a total of 7 cells.

3.10.13. Executing OPT_DFF pass (perform DFF optimizations).

3.10.14. Executing OPT_CLEAN pass (remove unused cells and wires).
Finding unused cells or wires in module \deadline_sequencer..
Removed 0 unused cells and 7 unused wires.
<suppressed ~1 debug messages>

3.10.15. Executing OPT_EXPR pass (perform const folding).
Optimizing module deadline_sequencer.

3.10.16. Rerunning OPT passes. (Maybe there is more to do..)

3.10.17. Executing OPT_MUXTREE pass (detect dead branches in mux trees).
Running muxtree optimizer on module \deadline_sequencer..
  Creating internal representation of mux trees.
  Evaluating internal representation of mux trees.
  Analyzing evaluation results.
Removed 0 multiplexer ports.
<suppressed ~65 debug messages>

3.10.18. Executing OPT_REDUCE pass (consolidate $*mux and $reduce_* inputs).
  Optimizing cells in module \deadline_sequencer.
Performed a total of 0 changes.

3.10.19. Executing OPT_MERGE pass (detect identical cells).
Finding identical cells in module `\deadline_sequencer'.
Computing hashes of 130 cells of `\deadline_sequencer'.
Finding duplicate cells in `\deadline_sequencer'.
Removed a total of 0 cells.

3.10.20. Executing OPT_DFF pass (perform DFF optimizations).

3.10.21. Executing OPT_CLEAN pass (remove unused cells and wires).
Finding unused cells or wires in module \deadline_sequencer..

3.10.22. Executing OPT_EXPR pass (perform const folding).
Optimizing module deadline_sequencer.

3.10.23. Finished fast OPT passes. (There is nothing left to do.)

3.11. Executing WREDUCE pass (reducing word size of cells).
Removed top 1 bits (of 4) from port B of cell deadline_sequencer.$eq$deadline_sequencer.v:406$50 ($eq).
Removed top 3 bits (of 4) from port B of cell deadline_sequencer.$eq$deadline_sequencer.v:446$60 ($eq).
Removed top 11 bits (of 12) from port B of cell deadline_sequencer.$sub$deadline_sequencer.v:516$74 ($sub).
Removed top 2 bits (of 4) from port B of cell deadline_sequencer.$eq$deadline_sequencer.v:520$77 ($eq).
Removed top 11 bits (of 12) from port B of cell deadline_sequencer.$sub$deadline_sequencer.v:572$91 ($sub).
Removed top 1 bits (of 4) from port B of cell deadline_sequencer.$eq$deadline_sequencer.v:577$94 ($eq).
Removed top 2 bits (of 4) from port B of cell deadline_sequencer.$eq$deadline_sequencer.v:580$96 ($eq).
Removed top 5 bits (of 6) from port B of cell deadline_sequencer.$add$deadline_sequencer.v:650$115 ($add).
Removed top 1 bits (of 4) from port B of cell deadline_sequencer.$eq$deadline_sequencer.v:664$124 ($eq).
Removed top 1 bits (of 4) from port B of cell deadline_sequencer.$eq$deadline_sequencer.v:668$126 ($eq).
Removed top 1 bits (of 2) from port B of cell deadline_sequencer.$add$deadline_sequencer.v:702$134 ($add).
Removed top 1 bits (of 2) from port B of cell deadline_sequencer.$procmux$141_CMP0 ($eq).
Removed top 1 bits (of 3) from port B of cell deadline_sequencer.$procmux$199_CMP0 ($eq).
Removed top 1 bits (of 3) from port B of cell deadline_sequencer.$procmux$200_CMP0 ($eq).
Removed top 2 bits (of 3) from port B of cell deadline_sequencer.$procmux$201_CMP0 ($eq).
Removed top 1 bits (of 2) from port B of cell deadline_sequencer.$procmux$209_CMP0 ($eq).

3.12. Executing PEEPOPT pass (run peephole optimizers).

3.13. Executing OPT_CLEAN pass (remove unused cells and wires).
Finding unused cells or wires in module \deadline_sequencer..

3.14. Executing ALUMACC pass (create $alu and $macc cells).
Extracting $alu and $macc cells in module deadline_sequencer:
  creating $macc model for $add$deadline_sequencer.v:702$134 ($add).
  creating $macc model for $add$deadline_sequencer.v:650$115 ($add).
  creating $macc model for $sub$deadline_sequencer.v:572$91 ($sub).
  creating $macc model for $sub$deadline_sequencer.v:516$74 ($sub).
  creating $alu model for $macc $sub$deadline_sequencer.v:516$74.
  creating $alu model for $macc $sub$deadline_sequencer.v:572$91.
  creating $alu model for $macc $add$deadline_sequencer.v:650$115.
  creating $alu model for $macc $add$deadline_sequencer.v:702$134.
  creating $alu cell for $add$deadline_sequencer.v:702$134: $auto$alumacc.cc:548:replace_alu$348
  creating $alu cell for $add$deadline_sequencer.v:650$115: $auto$alumacc.cc:548:replace_alu$351
  creating $alu cell for $sub$deadline_sequencer.v:572$91: $auto$alumacc.cc:548:replace_alu$354
  creating $alu cell for $sub$deadline_sequencer.v:516$74: $auto$alumacc.cc:548:replace_alu$357
  created 4 $alu and 0 $macc cells.

3.15. Executing SHARE pass (SAT-based resource sharing).

3.16. Executing OPT pass (performing simple optimizations).

3.16.1. Executing OPT_EXPR pass (perform const folding).
Optimizing module deadline_sequencer.

3.16.2. Executing OPT_MERGE pass (detect identical cells).
Finding identical cells in module `\deadline_sequencer'.
Computing hashes of 130 cells of `\deadline_sequencer'.
Finding duplicate cells in `\deadline_sequencer'.
Removed a total of 0 cells.

3.16.3. Executing OPT_MUXTREE pass (detect dead branches in mux trees).
Running muxtree optimizer on module \deadline_sequencer..
  Creating internal representation of mux trees.
  Evaluating internal representation of mux trees.
  Analyzing evaluation results.
Removed 0 multiplexer ports.
<suppressed ~65 debug messages>

3.16.4. Executing OPT_REDUCE pass (consolidate $*mux and $reduce_* inputs).
  Optimizing cells in module \deadline_sequencer.
Performed a total of 0 changes.

3.16.5. Executing OPT_MERGE pass (detect identical cells).
Finding identical cells in module `\deadline_sequencer'.
Computing hashes of 130 cells of `\deadline_sequencer'.
Finding duplicate cells in `\deadline_sequencer'.
Removed a total of 0 cells.

3.16.6. Executing OPT_DFF pass (perform DFF optimizations).

3.16.7. Executing OPT_CLEAN pass (remove unused cells and wires).
Finding unused cells or wires in module \deadline_sequencer..

3.16.8. Executing OPT_EXPR pass (perform const folding).
Optimizing module deadline_sequencer.

3.16.9. Finished fast OPT passes. (There is nothing left to do.)

3.17. Executing MEMORY pass.

3.17.1. Executing OPT_MEM pass (optimize memories).
Performed a total of 0 transformations.

3.17.2. Executing OPT_MEM_PRIORITY pass (removing unnecessary memory write priority relations).
Performed a total of 0 transformations.

3.17.3. Executing OPT_MEM_FEEDBACK pass (finding memory read-to-write feedback paths).

3.17.4. Executing MEMORY_BMUX2ROM pass (converting muxes to ROMs).

3.17.5. Executing MEMORY_DFF pass (merging $dff cells to $memrd).

3.17.6. Executing OPT_CLEAN pass (remove unused cells and wires).
Finding unused cells or wires in module \deadline_sequencer..

3.17.7. Executing MEMORY_SHARE pass (consolidating $memrd/$memwr cells).

3.17.8. Executing OPT_MEM_WIDEN pass (optimize memories where all ports are wide).
Performed a total of 0 transformations.

3.17.9. Executing OPT_CLEAN pass (remove unused cells and wires).
Finding unused cells or wires in module \deadline_sequencer..

3.17.10. Executing MEMORY_COLLECT pass (generating $mem cells).

3.18. Executing OPT_CLEAN pass (remove unused cells and wires).
Finding unused cells or wires in module \deadline_sequencer..

3.19. Executing OPT pass (performing simple optimizations).

3.19.1. Executing OPT_EXPR pass (perform const folding).
Optimizing module deadline_sequencer.
<suppressed ~12 debug messages>

3.19.2. Executing OPT_MERGE pass (detect identical cells).
Finding identical cells in module `\deadline_sequencer'.
Computing hashes of 119 cells of `\deadline_sequencer'.
Finding duplicate cells in `\deadline_sequencer'.
Removed a total of 0 cells.

3.19.3. Executing OPT_DFF pass (perform DFF optimizations).

3.19.4. Executing OPT_CLEAN pass (remove unused cells and wires).
Finding unused cells or wires in module \deadline_sequencer..

3.19.5. Finished fast OPT passes.

3.20. Executing MEMORY_MAP pass (converting memories to logic and flip-flops).

3.21. Executing OPT pass (performing simple optimizations).

3.21.1. Executing OPT_EXPR pass (perform const folding).
Optimizing module deadline_sequencer.

3.21.2. Executing OPT_MERGE pass (detect identical cells).
Finding identical cells in module `\deadline_sequencer'.
Computing hashes of 119 cells of `\deadline_sequencer'.
Finding duplicate cells in `\deadline_sequencer'.
Removed a total of 0 cells.

3.21.3. Executing OPT_MUXTREE pass (detect dead branches in mux trees).
Running muxtree optimizer on module \deadline_sequencer..
  Creating internal representation of mux trees.
  Evaluating internal representation of mux trees.
  Analyzing evaluation results.
Removed 0 multiplexer ports.
<suppressed ~42 debug messages>

3.21.4. Executing OPT_REDUCE pass (consolidate $*mux and $reduce_* inputs).
  Optimizing cells in module \deadline_sequencer.
Performed a total of 0 changes.

3.21.5. Executing OPT_MERGE pass (detect identical cells).
Finding identical cells in module `\deadline_sequencer'.
Computing hashes of 119 cells of `\deadline_sequencer'.
Finding duplicate cells in `\deadline_sequencer'.
Removed a total of 0 cells.

3.21.6. Executing OPT_SHARE pass.

3.21.7. Executing OPT_DFF pass (perform DFF optimizations).

3.21.8. Executing OPT_CLEAN pass (remove unused cells and wires).
Finding unused cells or wires in module \deadline_sequencer..

3.21.9. Executing OPT_EXPR pass (perform const folding).
Optimizing module deadline_sequencer.

3.21.10. Finished fast OPT passes. (There is nothing left to do.)

3.22. Executing TECHMAP pass (map to technology primitives).

3.22.1. Executing Verilog-2005 frontend: /home/matthias/prog/janestreet/fabulous-notes/oss-cad-suite/lib/../share/yosys/techmap.v
Parsing Verilog input from `/home/matthias/prog/janestreet/fabulous-notes/oss-cad-suite/lib/../share/yosys/techmap.v' to AST representation.
Generating RTLIL representation for module `\_90_simplemap_bool_ops'.
Generating RTLIL representation for module `\_90_simplemap_reduce_ops'.
Generating RTLIL representation for module `\_90_simplemap_logic_ops'.
Generating RTLIL representation for module `\_90_simplemap_compare_ops'.
Generating RTLIL representation for module `\_90_simplemap_various'.
Generating RTLIL representation for module `\_90_simplemap_registers'.
Generating RTLIL representation for module `\_90_shift_ops_shr_shl_sshl_sshr'.
Generating RTLIL representation for module `\_90_shift_shiftx'.
Generating RTLIL representation for module `\_90_fa'.
Generating RTLIL representation for module `\_90_lcu_brent_kung'.
Generating RTLIL representation for module `\_90_alu'.
Generating RTLIL representation for module `\_90_macc'.
Generating RTLIL representation for module `\_90_alumacc'.
Generating RTLIL representation for module `$__div_mod_u'.
Generating RTLIL representation for module `$__div_mod_trunc'.
Generating RTLIL representation for module `\_90_div'.
Generating RTLIL representation for module `\_90_mod'.
Generating RTLIL representation for module `$__div_mod_floor'.
Generating RTLIL representation for module `\_90_divfloor'.
Generating RTLIL representation for module `\_90_modfloor'.
Generating RTLIL representation for module `\_90_pow'.
Generating RTLIL representation for module `\_90_demux'.
Generating RTLIL representation for module `\_90_lut'.
Generating RTLIL representation for module `$connect'.
Generating RTLIL representation for module `$input_port'.
Successfully finished Verilog frontend.

3.22.2. Continuing TECHMAP pass.
Using template $paramod$6831557730818fb92b11a295f9eb33ff8fa62af1\_90_alu for cells of type $alu.
Using template $paramod$32efbfac1c4dc57230cf86180788fdfd12e3b511\_90_alu for cells of type $alu.
Using template $paramod$175e67c02b86e96b1288b9dc100122520d7240d8\_90_alu for cells of type $alu.
Using extmapper simplemap for cells of type $sdffe.
Using extmapper simplemap for cells of type $reduce_and.
Using extmapper simplemap for cells of type $reduce_bool.
Using extmapper simplemap for cells of type $sdff.
Using extmapper simplemap for cells of type $and.
Using extmapper simplemap for cells of type $eq.
Using extmapper simplemap for cells of type $or.
Using extmapper simplemap for cells of type $not.
Using extmapper simplemap for cells of type $mux.
Using extmapper simplemap for cells of type $logic_not.
Using extmapper simplemap for cells of type $pmux.
Using extmapper simplemap for cells of type $pos.
Using template $paramod\_90_fa\WIDTH=32'00000000000000000000000000000010 for cells of type $fa.
Using template $paramod\_90_lcu_brent_kung\WIDTH=32'00000000000000000000000000000010 for cells of type $lcu.
Using extmapper simplemap for cells of type $xor.
Using template $paramod\_90_fa\WIDTH=32'00000000000000000000000000000110 for cells of type $fa.
Using template $paramod\_90_lcu_brent_kung\WIDTH=32'00000000000000000000000000000110 for cells of type $lcu.
Using template $paramod\_90_fa\WIDTH=32'00000000000000000000000000001100 for cells of type $fa.
Using template $paramod\_90_lcu_brent_kung\WIDTH=32'00000000000000000000000000001100 for cells of type $lcu.
No more expansions possible.
<suppressed ~712 debug messages>

3.23. Executing OPT pass (performing simple optimizations).

3.23.1. Executing OPT_EXPR pass (perform const folding).
Optimizing module deadline_sequencer.
<suppressed ~486 debug messages>

3.23.2. Executing OPT_MERGE pass (detect identical cells).
Finding identical cells in module `\deadline_sequencer'.
Computing hashes of 1052 cells of `\deadline_sequencer'.
Finding duplicate cells in `\deadline_sequencer'.
Computing hashes of 999 cells of `\deadline_sequencer'.
Finding duplicate cells in `\deadline_sequencer'.
Computing hashes of 979 cells of `\deadline_sequencer'.
Finding duplicate cells in `\deadline_sequencer'.
<suppressed ~219 debug messages>
Removed a total of 73 cells.

3.23.3. Executing OPT_DFF pass (perform DFF optimizations).

3.23.4. Executing OPT_CLEAN pass (remove unused cells and wires).
Finding unused cells or wires in module \deadline_sequencer..
Removed 36 unused cells and 351 unused wires.
<suppressed ~52 debug messages>

3.23.5. Finished fast OPT passes.

3.24. Executing ABC pass (technology mapping using ABC).

3.24.1. Summary of detected clock domains:
  10 cells in clk=\clock, en=$auto$simple.cc:210:make_patterns_logic$292, arst={ }, srst=\clear
  10 cells in clk=\clock, en=$auto$simple.cc:210:make_patterns_logic$327, arst={ }, srst=\clear
  9 cells in clk=\clock, en=$auto$simple.cc:210:make_patterns_logic$320, arst={ }, srst=\clear
  10 cells in clk=\clock, en=$auto$simple.cc:210:make_patterns_logic$285, arst={ }, srst=\clear
  9 cells in clk=\clock, en=$auto$simple.cc:210:make_patterns_logic$313, arst={ }, srst=\clear
  10 cells in clk=\clock, en=$auto$simple.cc:210:make_patterns_logic$306, arst={ }, srst=\clear
  9 cells in clk=\clock, en=$auto$simple.cc:210:make_patterns_logic$299, arst={ }, srst=\clear
  17 cells in clk=\clock, en=$auto$simple.cc:210:make_patterns_logic$334, arst={ }, srst=\clear
  34 cells in clk=\clock, en=\_4, arst={ }, srst=\clear
  40 cells in clk=\clock, en=\_150, arst={ }, srst=\clear
  458 cells in clk=\clock, en=\_103, arst={ }, srst=\clear
  86 cells in clk=\clock, en=\_106, arst={ }, srst=\clear
  84 cells in clk=\clock, en=\_109, arst={ }, srst=\clear
  147 cells in clk=\clock, en=\_148, arst={ }, srst=\clear
  10 cells in clk=\clock, en={ }, arst={ }, srst=\clear

3.24.2. Extracting gate netlist of module `\deadline_sequencer' to `<abc-temp-dir>/input.blif'..
Found matching posedge clock domain: \clock, enabled by $auto$simple.cc:210:make_patterns_logic$292, synchronously reset by \clear

3.24.3. Extracting gate netlist of module `\deadline_sequencer' to `<abc-temp-dir>/input.blif'..
Found matching posedge clock domain: \clock, enabled by $auto$simple.cc:210:make_patterns_logic$327, synchronously reset by \clear

3.24.4. Extracting gate netlist of module `\deadline_sequencer' to `<abc-temp-dir>/input.blif'..
Found matching posedge clock domain: \clock, enabled by $auto$simple.cc:210:make_patterns_logic$320, synchronously reset by \clear

3.24.5. Extracting gate netlist of module `\deadline_sequencer' to `<abc-temp-dir>/input.blif'..
Found matching posedge clock domain: \clock, enabled by $auto$simple.cc:210:make_patterns_logic$285, synchronously reset by \clear

3.24.6. Extracting gate netlist of module `\deadline_sequencer' to `<abc-temp-dir>/input.blif'..
Found matching posedge clock domain: \clock, enabled by $auto$simple.cc:210:make_patterns_logic$313, synchronously reset by \clear

3.24.7. Extracting gate netlist of module `\deadline_sequencer' to `<abc-temp-dir>/input.blif'..
Found matching posedge clock domain: \clock, enabled by $auto$simple.cc:210:make_patterns_logic$306, synchronously reset by \clear

3.24.8. Extracting gate netlist of module `\deadline_sequencer' to `<abc-temp-dir>/input.blif'..
Found matching posedge clock domain: \clock, enabled by $auto$simple.cc:210:make_patterns_logic$299, synchronously reset by \clear

3.24.9. Extracting gate netlist of module `\deadline_sequencer' to `<abc-temp-dir>/input.blif'..
Found matching posedge clock domain: \clock, enabled by $auto$simple.cc:210:make_patterns_logic$334, synchronously reset by \clear

3.24.10. Extracting gate netlist of module `\deadline_sequencer' to `<abc-temp-dir>/input.blif'..
Found matching posedge clock domain: \clock, enabled by \_4, synchronously reset by \clear

3.24.11. Extracting gate netlist of module `\deadline_sequencer' to `<abc-temp-dir>/input.blif'..
Found matching posedge clock domain: \clock, enabled by \_150, synchronously reset by \clear

3.24.12. Extracting gate netlist of module `\deadline_sequencer' to `<abc-temp-dir>/input.blif'..
Found matching posedge clock domain: \clock, enabled by \_103, synchronously reset by \clear

3.24.13. Extracting gate netlist of module `\deadline_sequencer' to `<abc-temp-dir>/input.blif'..
Found matching posedge clock domain: \clock, enabled by \_106, synchronously reset by \clear

3.24.14. Extracting gate netlist of module `\deadline_sequencer' to `<abc-temp-dir>/input.blif'..
Found matching posedge clock domain: \clock, enabled by \_109, synchronously reset by \clear

3.24.15. Extracting gate netlist of module `\deadline_sequencer' to `<abc-temp-dir>/input.blif'..
Found matching posedge clock domain: \clock, enabled by \_148, synchronously reset by \clear

3.24.16. Extracting gate netlist of module `\deadline_sequencer' to `<abc-temp-dir>/input.blif'..
Found matching posedge clock domain: \clock, synchronously reset by \clear

3.24.16.1. Executed ABC.
Extracted 9 gates and 20 wires to a netlist network with 11 inputs and 4 outputs.
Running ABC script: <abc-temp-dir>/abc.script
ABC: UC Berkeley, ABC 1.01 (compiled Sep 21 2026 05:23:42)
ABC: abc 01> empty
ABC: abc 01> source <abc-temp-dir>/abc.script
ABC: + read_blif <abc-temp-dir>/input.blif 
ABC: + read_library <abc-temp-dir>/stdcells.genlib 
ABC: + strash 
ABC: + &get -n 
ABC: + &fraig -x 
ABC: + &put 
ABC: + scorr 
ABC: Warning: The network is combinational (run "fraig" or "fraig_sweep").
ABC: + dc2 
ABC: + dretime 
ABC: + strash 
ABC: + &get -n 
ABC: + &dch -f 
ABC: + &nf 
ABC: + &put 
ABC: + write_blif <abc-temp-dir>/output.blif 
ABC: 
ABC: YOSYS_ABC_DONE 

3.24.16.2. Re-integrating ABC results.
ABC RESULTS:               AND cells:        1
ABC RESULTS:               MUX cells:        1
ABC RESULTS:              NAND cells:        3
ABC RESULTS:               NOR cells:        1
ABC RESULTS:                OR cells:        2
ABC RESULTS:        internal signals:        5
ABC RESULTS:           input signals:       11
ABC RESULTS:          output signals:        4
Removing temp directory.

3.24.16.1. Executed ABC.
Extracted 9 gates and 19 wires to a netlist network with 10 inputs and 4 outputs.
Running ABC script: <abc-temp-dir>/abc.script
ABC: UC Berkeley, ABC 1.01 (compiled Sep 21 2026 05:23:42)
ABC: abc 01> empty
ABC: abc 01> source <abc-temp-dir>/abc.script
ABC: + read_blif <abc-temp-dir>/input.blif 
ABC: + read_library <abc-temp-dir>/stdcells.genlib 
ABC: + strash 
ABC: + &get -n 
ABC: + &fraig -x 
ABC: + &put 
ABC: + scorr 
ABC: Warning: The network is combinational (run "fraig" or "fraig_sweep").
ABC: + dc2 
ABC: + dretime 
ABC: + strash 
ABC: + &get -n 
ABC: + &dch -f 
ABC: + &nf 
ABC: + &put 
ABC: + write_blif <abc-temp-dir>/output.blif 
ABC: 
ABC: YOSYS_ABC_DONE 

3.24.16.2. Re-integrating ABC results.
ABC RESULTS:               AND cells:        1
ABC RESULTS:               MUX cells:        1
ABC RESULTS:              NAND cells:        3
ABC RESULTS:               NOR cells:        1
ABC RESULTS:                OR cells:        2
ABC RESULTS:        internal signals:        5
ABC RESULTS:           input signals:       10
ABC RESULTS:          output signals:        4
Removing temp directory.

3.24.16.1. Executed ABC.
Extracted 8 gates and 18 wires to a netlist network with 10 inputs and 3 outputs.
Running ABC script: <abc-temp-dir>/abc.script
ABC: UC Berkeley, ABC 1.01 (compiled Sep 21 2026 05:23:42)
ABC: abc 01> empty
ABC: abc 01> source <abc-temp-dir>/abc.script
ABC: + read_blif <abc-temp-dir>/input.blif 
ABC: + read_library <abc-temp-dir>/stdcells.genlib 
ABC: + strash 
ABC: + &get -n 
ABC: + &fraig -x 
ABC: + &put 
ABC: + scorr 
ABC: Warning: The network is combinational (run "fraig" or "fraig_sweep").
ABC: + dc2 
ABC: + dretime 
ABC: + strash 
ABC: + &get -n 
ABC: + &dch -f 
ABC: + &nf 
ABC: + &put 
ABC: + write_blif <abc-temp-dir>/output.blif 
ABC: 
ABC: YOSYS_ABC_DONE 

3.24.16.2. Re-integrating ABC results.
ABC RESULTS:               AND cells:        1
ABC RESULTS:               MUX cells:        1
ABC RESULTS:              NAND cells:        3
ABC RESULTS:               NOR cells:        1
ABC RESULTS:                OR cells:        1
ABC RESULTS:        internal signals:        5
ABC RESULTS:           input signals:       10
ABC RESULTS:          output signals:        3
Removing temp directory.

3.24.16.1. Executed ABC.
Extracted 9 gates and 20 wires to a netlist network with 11 inputs and 4 outputs.
Running ABC script: <abc-temp-dir>/abc.script
ABC: UC Berkeley, ABC 1.01 (compiled Sep 21 2026 05:23:42)
ABC: abc 01> empty
ABC: abc 01> source <abc-temp-dir>/abc.script
ABC: + read_blif <abc-temp-dir>/input.blif 
ABC: + read_library <abc-temp-dir>/stdcells.genlib 
ABC: + strash 
ABC: + &get -n 
ABC: + &fraig -x 
ABC: + &put 
ABC: + scorr 
ABC: Warning: The network is combinational (run "fraig" or "fraig_sweep").
ABC: + dc2 
ABC: + dretime 
ABC: + strash 
ABC: + &get -n 
ABC: + &dch -f 
ABC: + &nf 
ABC: + &put 
ABC: + write_blif <abc-temp-dir>/output.blif 
ABC: 
ABC: YOSYS_ABC_DONE 

3.24.16.2. Re-integrating ABC results.
ABC RESULTS:               AND cells:        1
ABC RESULTS:               MUX cells:        1
ABC RESULTS:              NAND cells:        3
ABC RESULTS:               NOR cells:        1
ABC RESULTS:                OR cells:        2
ABC RESULTS:        internal signals:        5
ABC RESULTS:           input signals:       11
ABC RESULTS:          output signals:        4
Removing temp directory.

3.24.16.1. Executed ABC.
Extracted 8 gates and 18 wires to a netlist network with 10 inputs and 3 outputs.
Running ABC script: <abc-temp-dir>/abc.script
ABC: UC Berkeley, ABC 1.01 (compiled Sep 21 2026 05:23:42)
ABC: abc 01> empty
ABC: abc 01> source <abc-temp-dir>/abc.script
ABC: + read_blif <abc-temp-dir>/input.blif 
ABC: + read_library <abc-temp-dir>/stdcells.genlib 
ABC: + strash 
ABC: + &get -n 
ABC: + &fraig -x 
ABC: + &put 
ABC: + scorr 
ABC: Warning: The network is combinational (run "fraig" or "fraig_sweep").
ABC: + dc2 
ABC: + dretime 
ABC: + strash 
ABC: + &get -n 
ABC: + &dch -f 
ABC: + &nf 
ABC: + &put 
ABC: + write_blif <abc-temp-dir>/output.blif 
ABC: 
ABC: YOSYS_ABC_DONE 

3.24.16.2. Re-integrating ABC results.
ABC RESULTS:               AND cells:        1
ABC RESULTS:               MUX cells:        1
ABC RESULTS:              NAND cells:        3
ABC RESULTS:               NOR cells:        1
ABC RESULTS:                OR cells:        1
ABC RESULTS:        internal signals:        5
ABC RESULTS:           input signals:       10
ABC RESULTS:          output signals:        3
Removing temp directory.

3.24.16.1. Executed ABC.
Extracted 9 gates and 20 wires to a netlist network with 11 inputs and 4 outputs.
Running ABC script: <abc-temp-dir>/abc.script
ABC: UC Berkeley, ABC 1.01 (compiled Sep 21 2026 05:23:42)
ABC: abc 01> empty
ABC: abc 01> source <abc-temp-dir>/abc.script
ABC: + read_blif <abc-temp-dir>/input.blif 
ABC: + read_library <abc-temp-dir>/stdcells.genlib 
ABC: + strash 
ABC: + &get -n 
ABC: + &fraig -x 
ABC: + &put 
ABC: + scorr 
ABC: Warning: The network is combinational (run "fraig" or "fraig_sweep").
ABC: + dc2 
ABC: + dretime 
ABC: + strash 
ABC: + &get -n 
ABC: + &dch -f 
ABC: + &nf 
ABC: + &put 
ABC: + write_blif <abc-temp-dir>/output.blif 
ABC: 
ABC: YOSYS_ABC_DONE 

3.24.16.2. Re-integrating ABC results.
ABC RESULTS:               AND cells:        1
ABC RESULTS:               MUX cells:        1
ABC RESULTS:              NAND cells:        3
ABC RESULTS:               NOR cells:        1
ABC RESULTS:                OR cells:        2
ABC RESULTS:        internal signals:        5
ABC RESULTS:           input signals:       11
ABC RESULTS:          output signals:        4
Removing temp directory.

3.24.16.1. Executed ABC.
Extracted 8 gates and 18 wires to a netlist network with 10 inputs and 3 outputs.
Running ABC script: <abc-temp-dir>/abc.script
ABC: UC Berkeley, ABC 1.01 (compiled Sep 21 2026 05:23:42)
ABC: abc 01> empty
ABC: abc 01> source <abc-temp-dir>/abc.script
ABC: + read_blif <abc-temp-dir>/input.blif 
ABC: + read_library <abc-temp-dir>/stdcells.genlib 
ABC: + strash 
ABC: + &get -n 
ABC: + &fraig -x 
ABC: + &put 
ABC: + scorr 
ABC: Warning: The network is combinational (run "fraig" or "fraig_sweep").
ABC: + dc2 
ABC: + dretime 
ABC: + strash 
ABC: + &get -n 
ABC: + &dch -f 
ABC: + &nf 
ABC: + &put 
ABC: + write_blif <abc-temp-dir>/output.blif 
ABC: 
ABC: YOSYS_ABC_DONE 

3.24.16.2. Re-integrating ABC results.
ABC RESULTS:               AND cells:        1
ABC RESULTS:               MUX cells:        1
ABC RESULTS:              NAND cells:        3
ABC RESULTS:               NOR cells:        1
ABC RESULTS:                OR cells:        1
ABC RESULTS:        internal signals:        5
ABC RESULTS:           input signals:       10
ABC RESULTS:          output signals:        3
Removing temp directory.

3.24.16.1. Executed ABC.
Extracted 16 gates and 29 wires to a netlist network with 13 inputs and 9 outputs.
Running ABC script: <abc-temp-dir>/abc.script
ABC: UC Berkeley, ABC 1.01 (compiled Sep 21 2026 05:23:42)
ABC: abc 01> empty
ABC: abc 01> source <abc-temp-dir>/abc.script
ABC: + read_blif <abc-temp-dir>/input.blif 
ABC: + read_library <abc-temp-dir>/stdcells.genlib 
ABC: + strash 
ABC: + &get -n 
ABC: + &fraig -x 
ABC: + &put 
ABC: + scorr 
ABC: Warning: The network is combinational (run "fraig" or "fraig_sweep").
ABC: + dc2 
ABC: + dretime 
ABC: + strash 
ABC: + &get -n 
ABC: + &dch -f 
ABC: + &nf 
ABC: + &put 
ABC: + write_blif <abc-temp-dir>/output.blif 
ABC: 
ABC: YOSYS_ABC_DONE 

3.24.16.2. Re-integrating ABC results.
ABC RESULTS:            ANDNOT cells:        2
ABC RESULTS:               MUX cells:        3
ABC RESULTS:               NOT cells:        2
ABC RESULTS:                OR cells:        3
ABC RESULTS:             ORNOT cells:        2
ABC RESULTS:        internal signals:        7
ABC RESULTS:           input signals:       13
ABC RESULTS:          output signals:        9
Removing temp directory.

3.24.16.1. Executed ABC.
Extracted 26 gates and 59 wires to a netlist network with 33 inputs and 11 outputs.
Running ABC script: <abc-temp-dir>/abc.script
ABC: UC Berkeley, ABC 1.01 (compiled Sep 21 2026 05:23:42)
ABC: abc 01> empty
ABC: abc 01> source <abc-temp-dir>/abc.script
ABC: + read_blif <abc-temp-dir>/input.blif 
ABC: + read_library <abc-temp-dir>/stdcells.genlib 
ABC: + strash 
ABC: + &get -n 
ABC: + &fraig -x 
ABC: + &put 
ABC: + scorr 
ABC: Warning: The network is combinational (run "fraig" or "fraig_sweep").
ABC: + dc2 
ABC: + dretime 
ABC: + strash 
ABC: + &get -n 
ABC: + &dch -f 
ABC: + &nf 
ABC: + &put 
ABC: + write_blif <abc-temp-dir>/output.blif 
ABC: 
ABC: YOSYS_ABC_DONE 

3.24.16.2. Re-integrating ABC results.
ABC RESULTS:               AND cells:        7
ABC RESULTS:            ANDNOT cells:        7
ABC RESULTS:              NAND cells:        7
ABC RESULTS:               NOR cells:        8
ABC RESULTS:               NOT cells:        1
ABC RESULTS:                OR cells:        8
ABC RESULTS:             ORNOT cells:        1
ABC RESULTS:        internal signals:       15
ABC RESULTS:           input signals:       33
ABC RESULTS:          output signals:       11
Removing temp directory.

3.24.16.1. Executed ABC.
Extracted 32 gates and 51 wires to a netlist network with 19 inputs and 16 outputs.
Running ABC script: <abc-temp-dir>/abc.script
ABC: UC Berkeley, ABC 1.01 (compiled Sep 21 2026 05:23:42)
ABC: abc 01> empty
ABC: abc 01> source <abc-temp-dir>/abc.script
ABC: + read_blif <abc-temp-dir>/input.blif 
ABC: + read_library <abc-temp-dir>/stdcells.genlib 
ABC: + strash 
ABC: + &get -n 
ABC: + &fraig -x 
ABC: + &put 
ABC: + scorr 
ABC: Warning: The network is combinational (run "fraig" or "fraig_sweep").
ABC: + dc2 
ABC: + dretime 
ABC: + strash 
ABC: + &get -n 
ABC: + &dch -f 
ABC: + &nf 
ABC: + &put 
ABC: + write_blif <abc-temp-dir>/output.blif 
ABC: 
ABC: YOSYS_ABC_DONE 

3.24.16.2. Re-integrating ABC results.
ABC RESULTS:               MUX cells:        7
ABC RESULTS:              NAND cells:        3
ABC RESULTS:               NOT cells:        8
ABC RESULTS:        internal signals:       16
ABC RESULTS:           input signals:       19
ABC RESULTS:          output signals:       16
Removing temp directory.

3.24.16.1. Executed ABC.
Extracted 420 gates and 613 wires to a netlist network with 192 inputs and 78 outputs.
Running ABC script: <abc-temp-dir>/abc.script
ABC: UC Berkeley, ABC 1.01 (compiled Sep 21 2026 05:23:42)
ABC: abc 01> empty
ABC: abc 01> source <abc-temp-dir>/abc.script
ABC: + read_blif <abc-temp-dir>/input.blif 
ABC: + read_library <abc-temp-dir>/stdcells.genlib 
ABC: + strash 
ABC: + &get -n 
ABC: + &fraig -x 
ABC: + &put 
ABC: + scorr 
ABC: Warning: The network is combinational (run "fraig" or "fraig_sweep").
ABC: + dc2 
ABC: + dretime 
ABC: + strash 
ABC: + &get -n 
ABC: + &dch -f 
ABC: + &nf 
ABC: + &put 
ABC: + write_blif <abc-temp-dir>/output.blif 
ABC: 
ABC: YOSYS_ABC_DONE 

3.24.16.2. Re-integrating ABC results.
ABC RESULTS:               AND cells:       23
ABC RESULTS:            ANDNOT cells:        8
ABC RESULTS:               MUX cells:      114
ABC RESULTS:              NAND cells:       39
ABC RESULTS:               NOR cells:       12
ABC RESULTS:               NOT cells:       11
ABC RESULTS:                OR cells:      102
ABC RESULTS:             ORNOT cells:       15
ABC RESULTS:              XNOR cells:       16
ABC RESULTS:               XOR cells:        9
ABC RESULTS:        internal signals:      343
ABC RESULTS:           input signals:      192
ABC RESULTS:          output signals:       78
Removing temp directory.

3.24.16.1. Executed ABC.
Extracted 48 gates and 89 wires to a netlist network with 41 inputs and 46 outputs.
Running ABC script: <abc-temp-dir>/abc.script
ABC: UC Berkeley, ABC 1.01 (compiled Sep 21 2026 05:23:42)
ABC: abc 01> empty
ABC: abc 01> source <abc-temp-dir>/abc.script
ABC: + read_blif <abc-temp-dir>/input.blif 
ABC: + read_library <abc-temp-dir>/stdcells.genlib 
ABC: + strash 
ABC: + &get -n 
ABC: + &fraig -x 
ABC: + &put 
ABC: + scorr 
ABC: Warning: The network is combinational (run "fraig" or "fraig_sweep").
ABC: + dc2 
ABC: + dretime 
ABC: + strash 
ABC: + &get -n 
ABC: + &dch -f 
ABC: + &nf 
ABC: + &put 
ABC: + write_blif <abc-temp-dir>/output.blif 
ABC: 
ABC: YOSYS_ABC_DONE 

3.24.16.2. Re-integrating ABC results.
ABC RESULTS:               AND cells:        6
ABC RESULTS:            ANDNOT cells:       39
ABC RESULTS:               NOT cells:        1
ABC RESULTS:        internal signals:        2
ABC RESULTS:           input signals:       41
ABC RESULTS:          output signals:       46
Removing temp directory.

3.24.16.1. Executed ABC.
Extracted 46 gates and 86 wires to a netlist network with 40 inputs and 46 outputs.
Running ABC script: <abc-temp-dir>/abc.script
ABC: UC Berkeley, ABC 1.01 (compiled Sep 21 2026 05:23:42)
ABC: abc 01> empty
ABC: abc 01> source <abc-temp-dir>/abc.script
ABC: + read_blif <abc-temp-dir>/input.blif 
ABC: + read_library <abc-temp-dir>/stdcells.genlib 
ABC: + strash 
ABC: + &get -n 
ABC: + &fraig -x 
ABC: + &put 
ABC: + scorr 
ABC: Warning: The network is combinational (run "fraig" or "fraig_sweep").
ABC: + dc2 
ABC: + dretime 
ABC: + strash 
ABC: + &get -n 
ABC: + &dch -f 
ABC: + &nf 
ABC: + &put 
ABC: + write_blif <abc-temp-dir>/output.blif 
ABC: 
ABC: YOSYS_ABC_DONE 

3.24.16.2. Re-integrating ABC results.
ABC RESULTS:            ANDNOT cells:       44
ABC RESULTS:               NOT cells:        2
ABC RESULTS:        internal signals:        0
ABC RESULTS:           input signals:       40
ABC RESULTS:          output signals:       46
Removing temp directory.

3.24.16.1. Executed ABC.
Extracted 109 gates and 204 wires to a netlist network with 95 inputs and 56 outputs.
Running ABC script: <abc-temp-dir>/abc.script
ABC: UC Berkeley, ABC 1.01 (compiled Sep 21 2026 05:23:42)
ABC: abc 01> empty
ABC: abc 01> source <abc-temp-dir>/abc.script
ABC: + read_blif <abc-temp-dir>/input.blif 
ABC: + read_library <abc-temp-dir>/stdcells.genlib 
ABC: + strash 
ABC: + &get -n 
ABC: + &fraig -x 
ABC: + &put 
ABC: + scorr 
ABC: Warning: The network is combinational (run "fraig" or "fraig_sweep").
ABC: + dc2 
ABC: + dretime 
ABC: + strash 
ABC: + &get -n 
ABC: + &dch -f 
ABC: + &nf 
ABC: + &put 
ABC: + write_blif <abc-temp-dir>/output.blif 
ABC: 
ABC: YOSYS_ABC_DONE 

3.24.16.2. Re-integrating ABC results.
ABC RESULTS:               AND cells:       28
ABC RESULTS:            ANDNOT cells:       40
ABC RESULTS:               MUX cells:        4
ABC RESULTS:              NAND cells:       21
ABC RESULTS:               NOR cells:       11
ABC RESULTS:               NOT cells:        3
ABC RESULTS:                OR cells:        8
ABC RESULTS:             ORNOT cells:        2
ABC RESULTS:              XNOR cells:        3
ABC RESULTS:               XOR cells:        1
ABC RESULTS:        internal signals:       53
ABC RESULTS:           input signals:       95
ABC RESULTS:          output signals:       56
Removing temp directory.

3.24.16.1. Executed ABC.
Extracted 7 gates and 9 wires to a netlist network with 2 inputs and 7 outputs.
Running ABC script: <abc-temp-dir>/abc.script
ABC: UC Berkeley, ABC 1.01 (compiled Sep 21 2026 05:23:42)
ABC: abc 01> empty
ABC: abc 01> source <abc-temp-dir>/abc.script
ABC: + read_blif <abc-temp-dir>/input.blif 
ABC: + read_library <abc-temp-dir>/stdcells.genlib 
ABC: + strash 
ABC: + &get -n 
ABC: + &fraig -x 
ABC: + &put 
ABC: + scorr 
ABC: Warning: The network is combinational (run "fraig" or "fraig_sweep").
ABC: + dc2 
ABC: + dretime 
ABC: + strash 
ABC: + &get -n 
ABC: + &dch -f 
ABC: + &nf 
ABC: + &put 
ABC: + write_blif <abc-temp-dir>/output.blif 
ABC: 
ABC: YOSYS_ABC_DONE 

3.24.16.2. Re-integrating ABC results.
ABC RESULTS:               NOT cells:        2
ABC RESULTS:                OR cells:        2
ABC RESULTS:             ORNOT cells:        2
ABC RESULTS:               XOR cells:        1
ABC RESULTS:        internal signals:        0
ABC RESULTS:           input signals:        2
ABC RESULTS:          output signals:        7
Removing temp directory.
Removing global temp directory.

3.25. Executing OPT pass (performing simple optimizations).

3.25.1. Executing OPT_EXPR pass (perform const folding).
Optimizing module deadline_sequencer.
<suppressed ~2 debug messages>

3.25.2. Executing OPT_MERGE pass (detect identical cells).
Finding identical cells in module `\deadline_sequencer'.
Computing hashes of 869 cells of `\deadline_sequencer'.
Finding duplicate cells in `\deadline_sequencer'.
Computing hashes of 864 cells of `\deadline_sequencer'.
Finding duplicate cells in `\deadline_sequencer'.
Computing hashes of 862 cells of `\deadline_sequencer'.
Finding duplicate cells in `\deadline_sequencer'.
<suppressed ~21 debug messages>
Removed a total of 7 cells.

3.25.3. Executing OPT_DFF pass (perform DFF optimizations).

3.25.4. Executing OPT_CLEAN pass (remove unused cells and wires).
Finding unused cells or wires in module \deadline_sequencer..
Removed 1 unused cells and 1026 unused wires.
<suppressed ~34 debug messages>

3.25.5. Finished fast OPT passes.

3.26. Executing HIERARCHY pass (managing design hierarchy).
Attribute `top' found on module `deadline_sequencer'. Setting top module to deadline_sequencer.

3.26.1. Analyzing design hierarchy..
Top module:  \deadline_sequencer

3.26.2. Analyzing design hierarchy..
Top module:  \deadline_sequencer
Removed 0 unused modules.

3.27. Printing statistics.

=== deadline_sequencer ===

        +----------Local Count, excluding submodules.
        | 
      737 wires
     1420 wire bits
      166 public wires
      800 public wire bits
       13 ports
       93 port bits
      861 cells
      140   $_ANDNOT_
       70   $_AND_
      135   $_MUX_
       90   $_NAND_
       37   $_NOR_
       26   $_NOT_
       22   $_ORNOT_
      132   $_OR_
      176   $_SDFFE_PP0P_
        3   $_SDFF_PP0_
       19   $_XNOR_
       11   $_XOR_

3.28. Executing CHECK pass (checking for obvious problems).
Checking module deadline_sequencer...
Found and reported 0 problems.

4. Executing DFFLIBMAP pass (mapping DFF/DLATCH cells to sequential cells from liberty file).
  cell sg13g2_dfrbpq_1 (noninv, pins=4, area=48.99) is a direct match for cell type $_DFF_PN0_.
  cell sg13g2_dlhq_1 (noninv, pins=3, area=30.84) is a direct match for cell type $_DLATCH_P_.
  cell sg13g2_dllrq_1 (noninv, pins=4, area=29.03) is a direct match for cell type $_DLATCH_NN0_.
  cell sg13g2_dlhrq_1 (noninv, pins=4, area=27.22) is a direct match for cell type $_DLATCH_PN0_.
  final dff/dlatch cell mappings:
    unmapped dff/dlatch cell: $_DFF_N_
    unmapped dff/dlatch cell: $_DFF_P_
    unmapped dff/dlatch cell: $_DFF_NN0_
    unmapped dff/dlatch cell: $_DFF_NN1_
    unmapped dff/dlatch cell: $_DFF_NP0_
    unmapped dff/dlatch cell: $_DFF_NP1_
    \sg13g2_dfrbpq_1 _DFF_PN0_ (.CLK( C), .D( D), .Q( Q), .RESET_B( R));
    unmapped dff/dlatch cell: $_DFF_PN1_
    unmapped dff/dlatch cell: $_DFF_PP0_
    unmapped dff/dlatch cell: $_DFF_PP1_
    unmapped dff/dlatch cell: $_DFFE_NN_
    unmapped dff/dlatch cell: $_DFFE_NP_
    unmapped dff/dlatch cell: $_DFFE_PN_
    unmapped dff/dlatch cell: $_DFFE_PP_
    unmapped dff/dlatch cell: $_DFFSR_NNN_
    unmapped dff/dlatch cell: $_DFFSR_NNP_
    unmapped dff/dlatch cell: $_DFFSR_NPN_
    unmapped dff/dlatch cell: $_DFFSR_NPP_
    unmapped dff/dlatch cell: $_DFFSR_PNN_
    unmapped dff/dlatch cell: $_DFFSR_PNP_
    unmapped dff/dlatch cell: $_DFFSR_PPN_
    unmapped dff/dlatch cell: $_DFFSR_PPP_
    unmapped dff/dlatch cell: $_DLATCH_N_
    \sg13g2_dlhq_1 _DLATCH_P_ (.D( D), .GATE( E), .Q( Q));
    \sg13g2_dllrq_1 _DLATCH_NN0_ (.D( D), .GATE_N( E), .Q( Q), .RESET_B( R));
    unmapped dff/dlatch cell: $_DLATCH_NN1_
    unmapped dff/dlatch cell: $_DLATCH_NP0_
    unmapped dff/dlatch cell: $_DLATCH_NP1_
    \sg13g2_dlhrq_1 _DLATCH_PN0_ (.D( D), .GATE( E), .Q( Q), .RESET_B( R));
    unmapped dff/dlatch cell: $_DLATCH_PN1_
    unmapped dff/dlatch cell: $_DLATCH_PP0_
    unmapped dff/dlatch cell: $_DLATCH_PP1_
    unmapped dff/dlatch cell: $_DLATCHSR_NNN_
    unmapped dff/dlatch cell: $_DLATCHSR_NNP_
    unmapped dff/dlatch cell: $_DLATCHSR_NPN_
    unmapped dff/dlatch cell: $_DLATCHSR_NPP_
    unmapped dff/dlatch cell: $_DLATCHSR_PNN_
    unmapped dff/dlatch cell: $_DLATCHSR_PNP_
    unmapped dff/dlatch cell: $_DLATCHSR_PPN_
    unmapped dff/dlatch cell: $_DLATCHSR_PPP_

4.1. Executing DFFLEGALIZE pass (convert FFs and LATCHes to types supported by the target).
<suppressed ~4 debug messages>
Mapping DFF/DLATCH cells in module `\deadline_sequencer':
  mapped 179 $_DFF_PN0_ cells to \sg13g2_dfrbpq_1 cells.

5. Executing ABC pass (technology mapping using ABC).

5.1. Summary of detected clock domains:
  1216 cells in clk={ }, en={ }, arst={ }, srst={ }

5.2. Extracting gate netlist of module `\deadline_sequencer' to `<abc-temp-dir>/input.blif'..
No matching clock domain found. Not extracting any FF cells.

5.2.1. Executed ABC.
Extracted 1037 gates and 1250 wires to a netlist network with 212 inputs and 188 outputs.
Running ABC script: <abc-temp-dir>/abc.script
ABC: UC Berkeley, ABC 1.01 (compiled Sep 21 2026 05:23:42)
ABC: abc 01> empty
ABC: abc 01> source <abc-temp-dir>/abc.script
ABC: + read_blif <abc-temp-dir>/input.blif 
ABC: + read_scl /tmp/yosys-liberty-scl-cache-1000/yosys_merged_a6013080.scl 
ABC: + strash 
ABC: + &get -n 
ABC: + &fraig -x 
ABC: + &put 
ABC: + scorr 
ABC: Warning: The network is combinational (run "fraig" or "fraig_sweep").
ABC: + dc2 
ABC: + dretime 
ABC: + strash 
ABC: + &get -n 
ABC: + &dch -f 
ABC: + &nf 
ABC: + &put 
ABC: + write_blif <abc-temp-dir>/output.blif 
ABC: 
ABC: YOSYS_ABC_DONE 

5.2.2. Re-integrating ABC results.
ABC RESULTS:     sg13g2_a21o_1 cells:        5
ABC RESULTS:    sg13g2_a21oi_1 cells:      196
ABC RESULTS:   sg13g2_a221oi_1 cells:        5
ABC RESULTS:    sg13g2_a22oi_1 cells:       52
ABC RESULTS:     sg13g2_and2_1 cells:       11
ABC RESULTS:     sg13g2_and3_1 cells:        1
ABC RESULTS:     sg13g2_and4_1 cells:        2
ABC RESULTS:      sg13g2_inv_1 cells:      106
ABC RESULTS:     sg13g2_mux2_1 cells:       17
ABC RESULTS:     sg13g2_mux4_1 cells:       28
ABC RESULTS:    sg13g2_nand2_1 cells:       71
ABC RESULTS:   sg13g2_nand2b_1 cells:       10
ABC RESULTS:    sg13g2_nand3_1 cells:       20
ABC RESULTS:   sg13g2_nand3b_1 cells:        1
ABC RESULTS:    sg13g2_nand4_1 cells:        9
ABC RESULTS:     sg13g2_nor2_1 cells:       62
ABC RESULTS:    sg13g2_nor2b_1 cells:       12
ABC RESULTS:     sg13g2_nor3_1 cells:       16
ABC RESULTS:     sg13g2_nor4_1 cells:        8
ABC RESULTS:    sg13g2_o21ai_1 cells:      218
ABC RESULTS:      sg13g2_or2_1 cells:        5
ABC RESULTS:      sg13g2_or3_1 cells:        1
ABC RESULTS:    sg13g2_xnor2_1 cells:       13
ABC RESULTS:     sg13g2_xor2_1 cells:        4
ABC RESULTS:        internal signals:      850
ABC RESULTS:           input signals:      212
ABC RESULTS:          output signals:      188
Removing temp directory.
Removing global temp directory.

6. Executing OPT_CLEAN pass (remove unused cells and wires).
Finding unused cells or wires in module \deadline_sequencer..
Removed 0 unused cells and 1204 unused wires.
<suppressed ~58 debug messages>

7. Printing statistics.

=== deadline_sequencer ===

        +----------Local Count, excluding submodules.
        |        +-Local Area, excluding submodules.
        |        | 
      973        - wires
     1418        - wire bits
      109        - public wires
      554        - public wire bits
       13        - ports
       93        - port bits
     1052 1.73E+04 cells
        5   63.504   sg13g2_a21o_1
      196 1.78E+03   sg13g2_a21oi_1
        5   72.576   sg13g2_a221oi_1
       52  564.127   sg13g2_a22oi_1
       11   99.792   sg13g2_and2_1
        1   12.701   sg13g2_and3_1
        2    29.03   sg13g2_and4_1
      179 8.77E+03   sg13g2_dfrbpq_1
      106  576.979   sg13g2_inv_1
       17  308.448   sg13g2_mux2_1
       28 1.07E+03   sg13g2_mux4_1
       71   515.29   sg13g2_nand2_1
       10    90.72   sg13g2_nand2b_1
       20   181.44   sg13g2_nand3_1
        1   12.701   sg13g2_nand3b_1
        9   97.978   sg13g2_nand4_1
       62  449.971   sg13g2_nor2_1
       12  108.864   sg13g2_nor2b_1
       16  145.152   sg13g2_nor3_1
        8   87.091   sg13g2_nor4_1
      218 1.98E+03   sg13g2_o21ai_1
        5    45.36   sg13g2_or2_1
        1   12.701   sg13g2_or3_1
       13  188.698   sg13g2_xnor2_1
        4   58.061   sg13g2_xor2_1

   Chip area for module '\deadline_sequencer': 17312.853600
     of which used for sequential elements: 8768.995200 (50.65%)

End of script. Logfile hash: ec4ead0b4c, time: 0.31s, user: 0.10s, system: 0.01s, MEM: 26.60 MB peak
Yosys 0.69+77 (git sha1 9ff27d29c-dirty, Release, Clang /usr/bin/clang++ 21.1.8)
Time spent: 88% 2x abc (0 sec), 2% 20x opt_clean (0 sec), ...
