15220 0 0
0 ff 00 00 00 00 00 00000000 ffffffff
7 ff 00 10 00 00 00 00000000 ffffffff
9 ef 00 10 00 00 00 00000000 fff0ffff
a7 ef 00 30 00 00 00 00000000 fff0ffff
a9 cf 00 30 00 00 00 00000000 ff00ffff
b3 cf 00 20 00 00 00 00000000 ff00ffff
b5 df 00 20 00 00 00 00000000 ff0fffff
153 df 00 00 00 00 00 00000000 ff0fffff
155 ff 00 00 00 00 00 00000000 ffffffff
293 ff 00 20 00 00 00 00000000 ffffffff
295 df 00 20 00 00 00 00000000 ff0fffff
3d3 df 00 00 00 00 00 00000000 ff0fffff
3d5 ff 00 00 00 00 00 00000000 ffffffff
513 ff 00 20 00 00 00 00000000 ffffffff
515 df 00 20 00 00 00 00000000 ff0fffff
5b3 df 00 30 00 00 00 00000000 ff0fffff
5b5 cf 00 30 00 00 00 00000000 ff00ffff
653 cf 00 10 00 00 00 00000000 ff00ffff
655 ef 00 10 00 00 00 00000000 fff0ffff
793 ef 00 30 00 00 00 00000000 fff0ffff
795 cf 00 30 00 00 00 00000000 ff00ffff
833 cf 00 20 00 00 00 00000000 ff00ffff
835 df 00 20 00 00 00 00000000 ff0fffff
8d3 df 00 00 00 00 00 00000000 ff0fffff
8d5 ff 00 00 00 00 00 00000000 ffffffff
a13 ff 00 20 00 00 00 00000000 ffffffff
a15 df 00 20 00 00 00 00000000 ff0fffff
ab3 df 00 30 00 00 00 00000000 ff0fffff
ab5 cf 00 30 00 00 00 00000000 ff00ffff
b53 cf 00 10 00 00 00 00000000 ff00ffff
b55 ef 00 10 00 00 00 00000000 fff0ffff
c93 ef 00 30 00 00 00 00000000 fff0ffff
c95 cf 00 30 00 00 00 00000000 ff00ffff
dd3 cf 00 10 00 00 00 00000000 ff00ffff
dd5 ef 00 10 00 00 00 00000000 fff0ffff
f13 ef 00 30 00 00 00 00000000 fff0ffff
f15 cf 00 30 00 00 00 00000000 ff00ffff
1053 cf 00 10 00 00 00 00000000 ff00ffff
1055 ef 00 10 00 00 00 00000000 fff0ffff
1193 ef 00 30 00 00 00 00000000 fff0ffff
1195 cf 00 30 00 00 00 00000000 ff00ffff
12d3 cf 00 10 00 00 00 00000000 ff00ffff
12d5 ef 00 10 00 00 00 00000000 fff0ffff
1413 ef 00 30 00 00 00 00000000 fff0ffff
1415 cf 00 30 00 00 00 00000000 ff00ffff
14b3 cf 00 20 00 00 00 00000000 ff00ffff
1553 cf 00 00 00 00 00 00000000 ff00ffff
1555 ef 00 00 00 00 00 00000000 fff0ffff
1693 ef 00 20 00 00 00 00000000 fff0ffff
1695 cf 00 20 00 00 00 00000000 ff00ffff
1696 df 00 20 00 00 00 00000000 ff0fffff
1733 df 00 20 01 00 00 00000000 ff0fffff
1734 df 00 20 00 00 00 00000000 ff0fffff
173f df 00 30 00 00 00 00000000 ff0fffff
1741 cf 00 30 00 00 00 00000000 ff00ffff
17df cf 00 10 00 00 00 00000000 ff00ffff
17e1 ef 00 10 00 00 00 00000000 fff0ffff
191f ef 00 30 00 00 00 00000000 fff0ffff
1921 cf 00 30 00 00 00 00000000 ff00ffff
1a5f cf 00 10 00 00 00 00000000 ff00ffff
1a61 ef 00 10 00 00 00 00000000 fff0ffff
1b9f ef 00 30 00 00 00 00000000 fff0ffff
1ba1 cf 00 30 00 00 00 00000000 ff00ffff
1cdf cf 00 10 00 00 00 00000000 ff00ffff
1ce1 ef 00 10 00 00 00 00000000 fff0ffff
1e1f ef 00 30 00 00 00 00000000 fff0ffff
1e21 cf 00 30 00 00 00 00000000 ff00ffff
1f5f cf 00 10 00 00 00 00000000 ff00ffff
1f61 ef 00 10 00 00 00 00000000 fff0ffff
209f ef 00 30 00 00 00 00000000 fff0ffff
20a1 cf 00 30 00 00 00 00000000 ff00ffff
21df cf 00 10 00 00 00 00000000 ff00ffff
21e1 ef 00 10 00 00 00 00000000 fff0ffff
231f ef 00 30 00 00 00 00000000 fff0ffff
2321 cf 00 30 00 00 00 00000000 ff00ffff
245f cf 00 10 00 00 00 00000000 ff00ffff
2461 ef 00 10 00 00 00 00000000 fff0ffff
259f ef 00 30 00 00 00 00000000 fff0ffff
25a1 cf 00 30 00 00 00 00000000 ff00ffff
26df cf 00 10 00 00 00 00000000 ff00ffff
26e1 ef 00 10 00 00 00 00000000 fff0ffff
281f ef 00 30 00 00 00 00000000 fff0ffff
2821 cf 00 30 00 00 00 00000000 ff00ffff
295f cf 00 10 00 00 00 00000000 ff00ffff
2961 ef 00 10 00 00 00 00000000 fff0ffff
2a9f ef 00 30 00 00 00 00000000 fff0ffff
2aa1 cf 00 30 00 00 00 00000000 ff00ffff
2b3f cf 00 20 00 00 00 00000000 ff00ffff
2bdf cf 00 00 00 00 00 00000000 ff00ffff
2be1 ef 00 00 00 00 00 00000000 fff0ffff
2d1f ef 00 20 00 00 00 00000000 fff0ffff
2d21 cf 00 20 00 00 00 00000000 ff00ffff
2d22 df 00 20 00 00 00 00000000 ff0fffff
2dbf df 00 20 01 00 00 00000000 ff0fffff
2dc0 df 00 20 00 00 00 00000000 ff0fffff
2dc3 df 00 30 00 00 00 00000000 ff0fffff
2dc5 cf 00 30 00 00 00 00000000 ff00ffff
2e63 cf 00 10 00 00 00 00000000 ff00ffff
2e65 ef 00 10 00 00 00 00000000 fff0ffff
2f03 ef 00 00 00 00 00 00000000 fff0ffff
2f05 ff 00 00 00 00 00 00000000 ffffffff
