700 0 0
0 ff 00 00 00 00 00 00000000 ffffffff
1 ff 02 02 00 00 00 000000f0 ffffffff
5 ff 00 02 00 00 00 00000030 ffffffff
6 ff 00 02 00 00 00 00000000 ffffffff
7 fd 00 02 00 00 00 00000000 ffffff0f
9 fd 02 02 00 00 00 000000c0 ffffff0f
a fd 02 02 00 00 00 000000f0 ffffff0f
b ff 02 02 00 00 00 000000f0 ffffffff
d ff 00 02 00 00 00 00000070 ffffffff
e ff 00 02 00 00 00 00000000 ffffffff
f fd 00 02 00 00 00 00000000 ffffff0f
12 fd 02 02 00 00 00 000000f0 ffffff0f
14 ff 02 02 00 00 00 000000f0 ffffffff
16 ff 00 02 00 00 00 00000010 ffffffff
17 ff 00 02 00 00 00 00000000 ffffffff
18 fd 00 02 00 00 00 00000000 ffffff0f
1a fd 02 02 00 00 00 000000c0 ffffff0f
1b fd 02 02 00 00 00 000000f0 ffffff0f
1c ff 02 02 00 00 00 000000f0 ffffffff
1e ff 00 02 00 00 00 00000070 ffffffff
1f ff 00 02 00 00 00 00000000 ffffffff
20 fd 00 02 00 00 00 00000000 ffffff0f
23 fd 02 02 00 00 00 000000f0 ffffff0f
25 ff 02 02 00 00 00 000000f0 ffffffff
27 ff 00 02 00 00 00 00000010 ffffffff
28 ff 00 02 00 00 00 00000000 ffffffff
29 fd 00 02 00 00 00 00000000 ffffff0f
2b fd 02 02 00 00 00 000000c0 ffffff0f
2c fd 02 02 00 00 00 000000f0 ffffff0f
2d ff 02 02 00 00 00 000000f0 ffffffff
2f ff 00 02 00 00 00 00000070 ffffffff
30 ff 00 02 00 00 00 00000000 ffffffff
31 fd 00 02 00 00 00 00000000 ffffff0f
34 fd 02 02 00 00 00 000000f0 ffffff0f
36 ff 02 02 00 00 00 000000f0 ffffffff
38 ff 00 02 00 00 00 00000010 ffffffff
39 ff 00 02 00 00 00 00000000 ffffffff
3a fd 00 02 00 00 00 00000000 ffffff0f
3c fd 02 02 00 00 00 000000c0 ffffff0f
3d fd 02 02 00 00 00 000000f0 ffffff0f
3e ff 02 02 00 00 00 000000f0 ffffffff
40 ff 00 02 00 00 00 00000070 ffffffff
41 ff 00 02 00 00 00 00000000 ffffffff
42 fd 00 02 00 00 00 00000000 ffffff0f
45 fd 02 02 00 00 00 000000f0 ffffff0f
47 ff 02 02 00 00 00 000000f0 ffffffff
49 ff 00 02 00 00 00 00000030 ffffffff
4a ff 00 02 00 00 00 00000000 ffffffff
4b fd 00 02 00 00 00 00000000 ffffff0f
4d fd 02 02 00 00 00 000000c0 ffffff0f
4e fd 02 02 00 00 00 000000f0 ffffff0f
4f ff 02 02 00 00 00 000000f0 ffffffff
51 ff 00 02 00 00 00 00000070 ffffffff
52 ff 00 02 00 00 00 00000000 ffffffff
53 fd 00 02 00 00 00 00000000 ffffff0f
56 fd 02 02 00 00 00 000000f0 ffffff0f
58 ff 02 02 00 00 00 000000f0 ffffffff
5a ff 00 02 00 00 00 00000010 ffffffff
5b ff 00 02 00 00 00 00000000 ffffffff
5c fd 00 02 00 00 00 00000000 ffffff0f
5e fd 02 02 00 00 00 000000c0 ffffff0f
5f fd 02 02 00 00 00 000000f0 ffffff0f
60 ff 02 02 00 00 00 000000f0 ffffffff
62 ff 00 02 00 00 00 00000070 ffffffff
63 ff 00 02 00 00 00 00000000 ffffffff
64 fd 00 02 00 00 00 00000000 ffffff0f
67 fd 02 02 00 00 00 000000f0 ffffff0f
69 ff 02 02 00 00 00 000000f0 ffffffff
6b ff 00 02 00 00 00 00000010 ffffffff
6c ff 00 02 00 00 00 00000000 ffffffff
6d fd 00 02 00 00 00 00000000 ffffff0f
6f fd 02 02 00 00 00 000000c0 ffffff0f
70 fd 02 02 00 00 00 000000f0 ffffff0f
71 ff 02 02 00 00 00 000000f0 ffffffff
73 ff 00 02 00 00 00 00000070 ffffffff
74 ff 00 02 00 00 00 00000000 ffffffff
75 fd 00 02 00 00 00 00000000 ffffff0f
78 fd 02 02 00 00 00 000000f0 ffffff0f
7a ff 02 02 00 00 00 000000f0 ffffffff
7c ff 00 02 00 00 00 00000010 ffffffff
7d ff 00 02 00 00 00 00000000 ffffffff
7e fd 00 02 00 00 00 00000000 ffffff0f
80 fd 02 02 00 00 00 000000c0 ffffff0f
81 fd 02 02 00 00 00 000000f0 ffffff0f
82 ff 02 02 00 00 00 000000f0 ffffffff
84 ff 00 02 00 00 00 00000070 ffffffff
85 ff 00 02 00 00 00 00000000 ffffffff
86 fd 00 02 00 00 00 00000000 ffffff0f
89 fd 02 02 00 00 00 000000f0 ffffff0f
8b ff 02 02 00 00 00 000000f0 ffffffff
8d ff 00 02 00 00 00 00000030 ffffffff
8e ff 00 02 00 00 00 00000000 ffffffff
8f fd 00 02 00 00 00 00000000 ffffff0f
91 fd 02 02 00 00 00 000000c0 ffffff0f
92 fd 02 02 00 00 00 000000f0 ffffff0f
93 ff 02 02 00 00 00 000000f0 ffffffff
95 ff 00 02 00 00 00 00000070 ffffffff
96 ff 00 02 00 00 00 00000000 ffffffff
97 fd 00 02 00 00 00 00000000 ffffff0f
9a fd 02 02 00 00 00 000000f0 ffffff0f
9c ff 02 02 00 00 00 000000f0 ffffffff
9e ff 00 02 00 00 00 00000010 ffffffff
9f ff 00 02 00 00 00 00000000 ffffffff
a0 fd 00 02 00 00 00 00000000 ffffff0f
a2 fd 02 02 00 00 00 000000c0 ffffff0f
a3 fd 02 02 00 00 00 000000f0 ffffff0f
a4 ff 02 02 00 00 00 000000f0 ffffffff
a6 ff 00 02 00 00 00 00000070 ffffffff
a7 ff 00 02 00 00 00 00000000 ffffffff
a8 fd 00 02 00 00 00 00000000 ffffff0f
ab fd 02 02 00 00 00 000000f0 ffffff0f
ad ff 02 02 00 00 00 000000f0 ffffffff
af ff 00 02 00 00 00 00000010 ffffffff
b0 ff 00 02 00 00 00 00000000 ffffffff
b1 fd 00 02 00 00 00 00000000 ffffff0f
b3 fd 02 02 00 00 00 000000c0 ffffff0f
b4 fd 02 02 00 00 00 000000f0 ffffff0f
b5 ff 02 02 00 00 00 000000f0 ffffffff
b7 ff 00 02 00 00 00 00000070 ffffffff
b8 ff 00 02 00 00 00 00000000 ffffffff
b9 fd 00 02 00 00 00 00000000 ffffff0f
bc fd 02 02 00 00 00 000000f0 ffffff0f
be ff 02 02 00 00 00 000000f0 ffffffff
c0 ff 00 02 00 00 00 00000010 ffffffff
c1 ff 00 02 00 00 00 00000000 ffffffff
c2 fd 00 02 00 00 00 00000000 ffffff0f
c4 fd 02 02 00 00 00 000000c0 ffffff0f
c5 fd 02 02 00 00 00 000000f0 ffffff0f
c6 ff 02 02 00 00 00 000000f0 ffffffff
c8 ff 00 02 00 00 00 00000070 ffffffff
c9 ff 00 02 00 00 00 00000000 ffffffff
ca fd 00 02 00 00 00 00000000 ffffff0f
cd fd 02 02 00 00 00 000000f0 ffffff0f
cf ff 02 02 00 00 00 000000f0 ffffffff
d1 ff 00 02 00 00 00 00000030 ffffffff
d2 ff 00 02 00 00 00 00000000 ffffffff
d3 fd 00 02 00 00 00 00000000 ffffff0f
d5 fd 02 02 00 00 00 000000c0 ffffff0f
d6 fd 02 02 00 00 00 000000f0 ffffff0f
d7 ff 02 02 00 00 00 000000f0 ffffffff
d9 ff 00 02 00 00 00 00000070 ffffffff
da ff 00 02 00 00 00 00000000 ffffffff
db fd 00 02 00 00 00 00000000 ffffff0f
de fd 02 02 00 00 00 000000f0 ffffff0f
e0 ff 02 02 00 00 00 000000f0 ffffffff
e2 ff 00 02 00 00 00 00000010 ffffffff
e3 ff 00 02 00 00 00 00000000 ffffffff
e4 fd 00 02 00 00 00 00000000 ffffff0f
e6 fd 02 02 00 00 00 000000c0 ffffff0f
e7 fd 02 02 00 00 00 000000f0 ffffff0f
e8 ff 02 02 00 00 00 000000f0 ffffffff
ea ff 00 02 00 00 00 00000070 ffffffff
eb ff 00 02 00 00 00 00000000 ffffffff
ec fd 00 02 00 00 00 00000000 ffffff0f
ef fd 02 02 00 00 00 000000f0 ffffff0f
f1 ff 02 02 00 00 00 000000f0 ffffffff
f3 ff 00 02 00 00 00 00000010 ffffffff
f4 ff 00 02 00 00 00 00000000 ffffffff
f5 fd 00 02 00 00 00 00000000 ffffff0f
f7 fd 02 02 00 00 00 000000c0 ffffff0f
f8 fd 02 02 00 00 00 000000f0 ffffff0f
f9 ff 02 02 00 00 00 000000f0 ffffffff
fb ff 00 02 00 00 00 00000070 ffffffff
fc ff 00 02 00 00 00 00000000 ffffffff
fd fd 00 02 00 00 00 00000000 ffffff0f
100 fd 02 02 00 00 00 000000f0 ffffff0f
102 ff 02 02 00 00 00 000000f0 ffffffff
104 ff 00 02 00 00 00 00000010 ffffffff
105 ff 00 02 00 00 00 00000000 ffffffff
106 fd 00 02 00 00 00 00000000 ffffff0f
108 fd 02 02 00 00 00 000000c0 ffffff0f
109 fd 02 02 00 00 00 000000f0 ffffff0f
10a ff 02 02 00 00 00 000000f0 ffffffff
10c ff 00 02 00 00 00 00000070 ffffffff
10d ff 00 02 00 00 00 00000000 ffffffff
10e fd 00 02 00 00 00 00000000 ffffff0f
111 fd 02 02 00 00 00 000000f0 ffffff0f
113 ff 02 02 00 00 00 000000f0 ffffffff
115 ff 00 02 00 00 00 00000030 ffffffff
116 ff 00 02 00 00 00 00000000 ffffffff
117 fd 00 02 00 00 00 00000000 ffffff0f
119 fd 02 02 00 00 00 000000c0 ffffff0f
11a fd 02 02 00 00 00 000000f0 ffffff0f
11b ff 02 02 00 00 00 000000f0 ffffffff
11d ff 00 02 00 00 00 00000070 ffffffff
11e ff 00 02 00 00 00 00000000 ffffffff
11f fd 00 02 00 00 00 00000000 ffffff0f
122 fd 02 02 00 00 00 000000f0 ffffff0f
124 ff 02 02 00 00 00 000000f0 ffffffff
126 ff 00 02 00 00 00 00000010 ffffffff
127 ff 00 02 00 00 00 00000000 ffffffff
128 fd 00 02 00 00 00 00000000 ffffff0f
12a fd 02 02 00 00 00 000000c0 ffffff0f
12b fd 02 02 00 00 00 000000f0 ffffff0f
12c ff 02 02 00 00 00 000000f0 ffffffff
12e ff 00 02 00 00 00 00000070 ffffffff
12f ff 00 02 00 00 00 00000000 ffffffff
130 fd 00 02 00 00 00 00000000 ffffff0f
133 fd 02 02 00 00 00 000000f0 ffffff0f
135 ff 02 02 00 00 00 000000f0 ffffffff
137 ff 00 02 00 00 00 00000010 ffffffff
138 ff 00 02 00 00 00 00000000 ffffffff
139 fd 00 02 00 00 00 00000000 ffffff0f
13b fd 02 02 00 00 00 000000c0 ffffff0f
13c fd 02 02 00 00 00 000000f0 ffffff0f
13d ff 02 02 00 00 00 000000f0 ffffffff
13f ff 00 02 00 00 00 00000070 ffffffff
140 ff 00 02 00 00 00 00000000 ffffffff
141 fd 00 02 00 00 00 00000000 ffffff0f
144 fd 02 02 00 00 00 000000f0 ffffff0f
146 ff 02 02 00 00 00 000000f0 ffffffff
148 ff 00 02 00 00 00 00000010 ffffffff
149 ff 00 02 00 00 00 00000000 ffffffff
14a fd 00 02 00 00 00 00000000 ffffff0f
14c fd 02 02 00 00 00 000000c0 ffffff0f
14d fd 02 02 00 00 00 000000f0 ffffff0f
14e ff 02 02 00 00 00 000000f0 ffffffff
150 ff 00 02 00 00 00 00000070 ffffffff
151 ff 00 02 00 00 00 00000000 ffffffff
152 fd 00 02 00 00 00 00000000 ffffff0f
155 fd 02 02 00 00 00 000000f0 ffffff0f
157 ff 02 02 00 00 00 000000f0 ffffffff
159 ff 00 02 00 00 00 00000030 ffffffff
15a ff 00 02 00 00 00 00000000 ffffffff
15b fd 00 02 00 00 00 00000000 ffffff0f
15d fd 02 02 00 00 00 000000c0 ffffff0f
15e fd 02 02 00 00 00 000000f0 ffffff0f
15f ff 02 02 00 00 00 000000f0 ffffffff
161 ff 00 02 00 00 00 00000070 ffffffff
162 ff 00 02 00 00 00 00000000 ffffffff
163 fd 00 02 00 00 00 00000000 ffffff0f
166 fd 02 02 00 00 00 000000f0 ffffff0f
168 ff 02 02 00 00 00 000000f0 ffffffff
16a ff 00 02 00 00 00 00000010 ffffffff
16b ff 00 02 00 00 00 00000000 ffffffff
16c fd 00 02 00 00 00 00000000 ffffff0f
16e fd 02 02 00 00 00 000000c0 ffffff0f
16f fd 02 02 00 00 00 000000f0 ffffff0f
170 ff 02 02 00 00 00 000000f0 ffffffff
172 ff 00 02 00 00 00 00000070 ffffffff
173 ff 00 02 00 00 00 00000000 ffffffff
174 fd 00 02 00 00 00 00000000 ffffff0f
177 fd 02 02 00 00 00 000000f0 ffffff0f
179 ff 02 02 00 00 00 000000f0 ffffffff
17b ff 00 02 00 00 00 00000010 ffffffff
17c ff 00 02 00 00 00 00000000 ffffffff
17d fd 00 02 00 00 00 00000000 ffffff0f
17f fd 02 02 00 00 00 000000c0 ffffff0f
180 fd 02 02 00 00 00 000000f0 ffffff0f
181 ff 02 02 00 00 00 000000f0 ffffffff
183 ff 00 02 00 00 00 00000070 ffffffff
184 ff 00 02 00 00 00 00000000 ffffffff
185 fd 00 02 00 00 00 00000000 ffffff0f
188 fd 02 02 00 00 00 000000f0 ffffff0f
18a ff 02 02 00 00 00 000000f0 ffffffff
18c ff 00 02 00 00 00 00000010 ffffffff
18d ff 00 02 00 00 00 00000000 ffffffff
18e fd 00 02 00 00 00 00000000 ffffff0f
190 fd 02 02 00 00 00 000000c0 ffffff0f
191 fd 02 02 00 00 00 000000f0 ffffff0f
192 ff 02 02 00 00 00 000000f0 ffffffff
194 ff 00 02 00 00 00 00000070 ffffffff
195 ff 00 02 00 00 00 00000000 ffffffff
196 fd 00 02 00 00 00 00000000 ffffff0f
199 fd 02 02 00 00 00 000000f0 ffffff0f
19b ff 02 02 00 00 00 000000f0 ffffffff
19d ff 00 02 00 00 00 00000030 ffffffff
19e ff 00 02 00 00 00 00000000 ffffffff
19f fd 00 02 00 00 00 00000000 ffffff0f
1a1 fd 02 02 00 00 00 000000c0 ffffff0f
1a2 fd 02 02 00 00 00 000000f0 ffffff0f
1a3 ff 02 02 00 00 00 000000f0 ffffffff
1a5 ff 00 02 00 00 00 00000070 ffffffff
1a6 ff 00 02 00 00 00 00000000 ffffffff
1a7 fd 00 02 00 00 00 00000000 ffffff0f
1aa fd 02 02 00 00 00 000000f0 ffffff0f
1ac ff 02 02 00 00 00 000000f0 ffffffff
1ae ff 00 02 00 00 00 00000010 ffffffff
1af ff 00 02 00 00 00 00000000 ffffffff
1b0 fd 00 02 00 00 00 00000000 ffffff0f
1b2 fd 02 02 00 00 00 000000c0 ffffff0f
1b3 fd 02 02 00 00 00 000000f0 ffffff0f
1b4 ff 02 02 00 00 00 000000f0 ffffffff
1b6 ff 00 02 00 00 00 00000070 ffffffff
1b7 ff 00 02 00 00 00 00000000 ffffffff
1b8 fd 00 02 00 00 00 00000000 ffffff0f
1bb fd 02 02 00 00 00 000000f0 ffffff0f
1bd ff 02 02 00 00 00 000000f0 ffffffff
1bf ff 00 02 00 00 00 00000010 ffffffff
1c0 ff 00 02 00 00 00 00000000 ffffffff
1c1 fd 00 02 00 00 00 00000000 ffffff0f
1c3 fd 02 02 00 00 00 000000c0 ffffff0f
1c4 fd 02 02 00 00 00 000000f0 ffffff0f
1c5 ff 02 02 00 00 00 000000f0 ffffffff
1c7 ff 00 02 00 00 00 00000070 ffffffff
1c8 ff 00 02 00 00 00 00000000 ffffffff
1c9 fd 00 02 00 00 00 00000000 ffffff0f
1cc fd 02 02 00 00 00 000000f0 ffffff0f
1ce ff 02 02 00 00 00 000000f0 ffffffff
1d0 ff 00 02 00 00 00 00000010 ffffffff
1d1 ff 00 02 00 00 00 00000000 ffffffff
1d2 fd 00 02 00 00 00 00000000 ffffff0f
1d4 fd 02 02 00 00 00 000000c0 ffffff0f
1d5 fd 02 02 00 00 00 000000f0 ffffff0f
1d6 ff 02 02 00 00 00 000000f0 ffffffff
1d8 ff 00 02 00 00 00 00000070 ffffffff
1d9 ff 00 02 00 00 00 00000000 ffffffff
1da fd 00 02 00 00 00 00000000 ffffff0f
1dd fd 02 02 00 00 00 000000f0 ffffff0f
1df ff 02 02 00 00 00 000000f0 ffffffff
1e1 ff 00 02 00 00 00 00000030 ffffffff
1e2 ff 00 02 00 00 00 00000000 ffffffff
1e3 fd 00 02 00 00 00 00000000 ffffff0f
1e5 fd 02 02 00 00 00 000000c0 ffffff0f
1e6 fd 02 02 00 00 00 000000f0 ffffff0f
1e7 ff 02 02 00 00 00 000000f0 ffffffff
1e9 ff 00 02 00 00 00 00000070 ffffffff
1ea ff 00 02 00 00 00 00000000 ffffffff
1eb fd 00 02 00 00 00 00000000 ffffff0f
1ee fd 02 02 00 00 00 000000f0 ffffff0f
1f0 ff 02 02 00 00 00 000000f0 ffffffff
1f2 ff 00 02 00 00 00 00000010 ffffffff
1f3 ff 00 02 00 00 00 00000000 ffffffff
1f4 fd 00 02 00 00 00 00000000 ffffff0f
1f6 fd 02 02 00 00 00 000000c0 ffffff0f
1f7 fd 02 02 00 00 00 000000f0 ffffff0f
1f8 ff 02 02 00 00 00 000000f0 ffffffff
1fa ff 00 02 00 00 00 00000070 ffffffff
1fb ff 00 02 00 00 00 00000000 ffffffff
1fc fd 00 02 00 00 00 00000000 ffffff0f
1ff fd 02 02 00 00 00 000000f0 ffffff0f
201 ff 02 02 00 00 00 000000f0 ffffffff
203 ff 00 02 00 00 00 00000010 ffffffff
204 ff 00 02 00 00 00 00000000 ffffffff
205 fd 00 02 00 00 00 00000000 ffffff0f
207 fd 02 02 00 00 00 000000c0 ffffff0f
208 fd 02 02 00 00 00 000000f0 ffffff0f
209 ff 02 02 00 00 00 000000f0 ffffffff
20b ff 00 02 00 00 00 00000070 ffffffff
20c ff 00 02 00 00 00 00000000 ffffffff
20d fd 00 02 00 00 00 00000000 ffffff0f
210 fd 02 02 00 00 00 000000f0 ffffff0f
212 ff 02 02 00 00 00 000000f0 ffffffff
214 ff 00 02 00 00 00 00000010 ffffffff
215 ff 00 02 00 00 00 00000000 ffffffff
216 fd 00 02 00 00 00 00000000 ffffff0f
218 fd 02 02 00 00 00 000000c0 ffffff0f
219 fd 02 02 00 00 00 000000f0 ffffff0f
21a ff 02 02 00 00 00 000000f0 ffffffff
21c ff 00 02 00 00 00 00000070 ffffffff
21d ff 00 02 00 00 00 00000000 ffffffff
21e fd 00 02 00 00 00 00000000 ffffff0f
221 fd 02 02 00 00 00 000000f0 ffffff0f
223 ff 02 02 00 00 00 000000f0 ffffffff
225 ff 00 02 00 00 00 00000030 ffffffff
226 ff 00 02 00 00 00 00000000 ffffffff
227 fd 00 02 00 00 00 00000000 ffffff0f
229 fd 02 02 00 00 00 000000c0 ffffff0f
22a fd 02 02 00 00 00 000000f0 ffffff0f
22b ff 02 02 00 00 00 000000f0 ffffffff
22d ff 00 02 00 00 00 00000070 ffffffff
22e ff 00 02 00 00 00 00000000 ffffffff
22f fd 00 02 00 00 00 00000000 ffffff0f
232 fd 02 02 00 00 00 000000f0 ffffff0f
234 ff 02 02 00 00 00 000000f0 ffffffff
236 ff 00 02 00 00 00 00000010 ffffffff
237 ff 00 02 00 00 00 00000000 ffffffff
238 fd 00 02 00 00 00 00000000 ffffff0f
23a fd 02 02 00 00 00 000000c0 ffffff0f
23b fd 02 02 00 00 00 000000f0 ffffff0f
23c ff 02 02 00 00 00 000000f0 ffffffff
23e ff 00 02 00 00 00 00000070 ffffffff
23f ff 00 02 00 00 00 00000000 ffffffff
240 fd 00 02 00 00 00 00000000 ffffff0f
243 fd 02 02 00 00 00 000000f0 ffffff0f
245 ff 02 02 00 00 00 000000f0 ffffffff
247 ff 00 02 00 00 00 00000010 ffffffff
248 ff 00 02 00 00 00 00000000 ffffffff
249 fd 00 02 00 00 00 00000000 ffffff0f
24b fd 02 02 00 00 00 000000c0 ffffff0f
24c fd 02 02 00 00 00 000000f0 ffffff0f
24d ff 02 02 00 00 00 000000f0 ffffffff
24f ff 00 02 00 00 00 00000070 ffffffff
250 ff 00 02 00 00 00 00000000 ffffffff
251 fd 00 02 00 00 00 00000000 ffffff0f
254 fd 02 02 00 00 00 000000f0 ffffff0f
256 ff 02 02 00 00 00 000000f0 ffffffff
258 ff 00 02 00 00 00 00000010 ffffffff
259 ff 00 02 00 00 00 00000000 ffffffff
25a fd 00 02 00 00 00 00000000 ffffff0f
25c fd 02 02 00 00 00 000000c0 ffffff0f
25d fd 02 02 00 00 00 000000f0 ffffff0f
25e ff 02 02 00 00 00 000000f0 ffffffff
260 ff 00 02 00 00 00 00000070 ffffffff
261 ff 00 02 00 00 00 00000000 ffffffff
262 fd 00 02 00 00 00 00000000 ffffff0f
265 fd 02 02 00 00 00 000000f0 ffffff0f
267 ff 02 02 00 00 00 000000f0 ffffffff
269 ff 00 02 00 00 00 00000030 ffffffff
26a ff 00 02 00 00 00 00000000 ffffffff
26b fd 00 02 00 00 00 00000000 ffffff0f
26d fd 02 02 00 00 00 000000c0 ffffff0f
26e fd 02 02 00 00 00 000000f0 ffffff0f
26f ff 02 02 00 00 00 000000f0 ffffffff
271 ff 00 02 00 00 00 00000070 ffffffff
272 ff 00 02 00 00 00 00000000 ffffffff
273 fd 00 02 00 00 00 00000000 ffffff0f
276 fd 02 02 00 00 00 000000f0 ffffff0f
278 ff 02 02 00 00 00 000000f0 ffffffff
27a ff 00 02 00 00 00 00000010 ffffffff
27b ff 00 02 00 00 00 00000000 ffffffff
27c fd 00 02 00 00 00 00000000 ffffff0f
27e fd 02 02 00 00 00 000000c0 ffffff0f
27f fd 02 02 00 00 00 000000f0 ffffff0f
280 ff 02 02 00 00 00 000000f0 ffffffff
282 ff 00 02 00 00 00 00000070 ffffffff
283 ff 00 02 00 00 00 00000000 ffffffff
284 fd 00 02 00 00 00 00000000 ffffff0f
287 fd 02 02 00 00 00 000000f0 ffffff0f
289 ff 02 02 00 00 00 000000f0 ffffffff
28b ff 00 02 00 00 00 00000010 ffffffff
28c ff 00 02 00 00 00 00000000 ffffffff
28d fd 00 02 00 00 00 00000000 ffffff0f
28f fd 02 02 00 00 00 000000c0 ffffff0f
290 fd 02 02 00 00 00 000000f0 ffffff0f
291 ff 02 02 00 00 00 000000f0 ffffffff
293 ff 00 02 00 00 00 00000070 ffffffff
294 ff 00 02 00 00 00 00000000 ffffffff
295 fd 00 02 00 00 00 00000000 ffffff0f
298 fd 02 02 00 00 00 000000f0 ffffff0f
29a ff 02 02 00 00 00 000000f0 ffffffff
29c ff 00 02 00 00 00 00000010 ffffffff
29d ff 00 02 00 00 00 00000000 ffffffff
29e fd 00 02 00 00 00 00000000 ffffff0f
2a0 fd 02 02 00 00 00 000000c0 ffffff0f
2a1 fd 02 02 00 00 00 000000f0 ffffff0f
2a2 ff 02 02 00 00 00 000000f0 ffffffff
2a4 ff 00 02 00 00 00 00000070 ffffffff
2a5 ff 00 02 00 00 00 00000000 ffffffff
2a6 fd 00 02 00 00 00 00000000 ffffff0f
2a9 fd 02 02 00 00 00 000000f0 ffffff0f
2ab ff 02 02 00 00 00 000000f0 ffffffff
2ad ff 00 02 00 00 00 00000030 ffffffff
2ae ff 00 02 00 00 00 00000000 ffffffff
2af fd 00 02 00 00 00 00000000 ffffff0f
2b1 fd 02 02 00 00 00 000000c0 ffffff0f
2b2 fd 02 02 00 00 00 000000f0 ffffff0f
2b3 ff 02 02 00 00 00 000000f0 ffffffff
2b5 ff 00 02 00 00 00 00000070 ffffffff
2b6 ff 00 02 00 00 00 00000000 ffffffff
2b7 fd 00 02 00 00 00 00000000 ffffff0f
2ba fd 02 02 00 00 00 000000f0 ffffff0f
