2600 0 0
0 ff 00 00 00 00 00 00000000 ffffffff
1 ff 01 01 00 00 00 0000000f ffffffff
9 ff 00 01 00 00 00 00000000 ffffffff
b 7e 00 01 00 00 00 00000000 0ffffff0
4d 7e 01 01 00 00 00 0000000f 0ffffff0
4f ff 01 01 00 00 00 0000000f ffffffff
14d ff 00 01 00 00 00 00000000 ffffffff
14f 7e 00 01 00 00 00 00000000 0ffffff0
1cd 7e 01 01 00 00 00 0000000f 0ffffff0
1cf ff 01 01 00 00 00 0000000f ffffffff
20d ff 00 01 00 00 00 00000000 ffffffff
20f 7e 00 01 00 00 00 00000000 0ffffff0
236 7e 00 01 01 4f 00 00000000 0ffffff0
237 7e 00 01 00 4f 00 00000000 0ffffff0
24d 7e 01 01 00 4f 00 0000000f 0ffffff0
24f ff 01 01 00 4f 00 0000000f ffffffff
28d ff 00 01 00 4f 00 00000000 ffffffff
28f 7e 00 01 00 4f 00 00000000 0ffffff0
2cd 7e 01 01 00 4f 00 0000000f 0ffffff0
2cf ff 01 01 00 4f 00 0000000f ffffffff
34d ff 00 01 00 4f 00 00000000 ffffffff
34f 7e 00 01 00 4f 00 00000000 0ffffff0
38d 7e 01 01 00 4f 00 0000000f 0ffffff0
38f ff 01 01 00 4f 00 0000000f ffffffff
3cd ff 00 01 00 4f 00 00000000 ffffffff
3cf 7e 00 01 00 4f 00 00000000 0ffffff0
44d 7e 01 01 00 4f 00 0000000f 0ffffff0
44f ff 01 01 00 4f 00 0000000f ffffffff
48d ff 00 01 00 4f 00 00000000 ffffffff
48f 7e 00 01 00 4f 00 00000000 0ffffff0
4ba 7e 00 01 01 4b 00 00000000 0ffffff0
4bb 7e 00 01 00 4b 00 00000000 0ffffff0
4cd 7e 01 01 00 4b 00 0000000f 0ffffff0
4cf ff 01 01 00 4b 00 0000000f ffffffff
50d ff 00 01 00 4b 00 00000000 ffffffff
50f 7e 00 01 00 4b 00 00000000 0ffffff0
54d 7e 01 01 00 4b 00 0000000f 0ffffff0
54f ff 01 01 00 4b 00 0000000f ffffffff
58d ff 00 01 00 4b 00 00000000 ffffffff
58f 7e 00 01 00 4b 00 00000000 0ffffff0
68d 7e 01 01 00 4b 00 0000000f 0ffffff0
68f ff 01 01 00 4b 00 0000000f ffffffff
6cd ff 00 01 00 4b 00 00000000 ffffffff
6cf 7e 00 01 00 4b 00 00000000 0ffffff0
73a 7e 00 01 01 21 00 00000000 0ffffff0
73b 7e 00 01 00 21 00 00000000 0ffffff0
74d 7e 01 01 00 21 00 0000000f 0ffffff0
74f ff 01 01 00 21 00 0000000f ffffffff
