27440 0 0
0 ff 00 00 00 00 00 00000000 ffffffff
1 ff 01 01 00 00 00 0000000f ffffffff
9 ff 00 01 00 00 00 00000000 ffffffff
b fe 00 01 00 00 00 00000000 fffffff0
211 fe 01 01 00 00 00 0000000f fffffff0
213 ff 01 01 00 00 00 0000000f ffffffff
a31 ff 00 01 00 00 00 00000000 ffffffff
a33 fe 00 01 00 00 00 00000000 fffffff0
e41 fe 01 01 00 00 00 0000000f fffffff0
e43 ff 01 01 00 00 00 0000000f ffffffff
1049 ff 00 01 00 00 00 00000000 ffffffff
104b fe 00 01 00 00 00 00000000 fffffff0
1251 fe 01 01 00 00 00 0000000f fffffff0
1253 ff 01 01 00 00 00 0000000f ffffffff
1459 ff 00 01 00 00 00 00000000 ffffffff
145b fe 00 01 00 00 00 00000000 fffffff0
1661 fe 01 01 00 00 00 0000000f fffffff0
1663 ff 01 01 00 00 00 0000000f ffffffff
1a71 ff 00 01 00 00 00 00000000 ffffffff
1a73 fe 00 01 00 00 00 00000000 fffffff0
1c79 fe 01 01 00 00 00 0000000f fffffff0
1c7b ff 01 01 00 00 00 0000000f ffffffff
1e81 ff 00 01 00 00 00 00000000 ffffffff
1e83 fe 00 01 00 00 00 00000000 fffffff0
2291 fe 01 01 00 00 00 0000000f fffffff0
2293 ff 01 01 00 00 00 0000000f ffffffff
2499 ff 00 01 00 00 00 00000000 ffffffff
249b fe 00 01 00 00 00 00000000 fffffff0
26a1 fe 01 01 00 00 00 0000000f fffffff0
26a3 ff 01 01 00 00 00 0000000f ffffffff
28a9 ff 00 01 00 00 00 00000000 ffffffff
28ab fe 00 01 00 00 00 00000000 fffffff0
2ab1 fe 01 01 00 00 00 0000000f fffffff0
2ab3 ff 01 01 00 00 00 0000000f ffffffff
2cb9 ff 00 01 00 00 00 00000000 ffffffff
2cbb fe 00 01 00 00 00 00000000 fffffff0
34d9 fe 01 01 00 00 00 0000000f fffffff0
34db ff 01 01 00 00 00 0000000f ffffffff
36e1 ff 00 01 00 00 00 00000000 ffffffff
36e3 fe 00 01 00 00 00 00000000 fffffff0
3af1 fe 01 01 00 00 00 0000000f fffffff0
3af3 ff 01 01 00 00 00 0000000f ffffffff
3cf9 ff 00 01 00 00 00 00000000 ffffffff
3cfb fe 00 01 00 00 00 00000000 fffffff0
3f01 fe 01 01 00 00 00 0000000f fffffff0
3f03 ff 01 01 00 00 00 0000000f ffffffff
4109 ff 00 01 00 00 00 00000000 ffffffff
410b fe 00 01 00 00 00 00000000 fffffff0
4311 fe 01 01 00 00 00 0000000f fffffff0
4313 ff 01 01 00 00 00 0000000f ffffffff
4721 ff 00 01 00 00 00 00000000 ffffffff
4723 fe 00 01 00 00 00 00000000 fffffff0
4f41 fe 01 01 00 00 00 0000000f fffffff0
4f43 ff 01 01 00 00 00 0000000f ffffffff
5149 ff 00 01 00 00 00 00000000 ffffffff
514b fe 00 01 00 00 00 00000000 fffffff0
5559 fe 01 01 00 00 00 0000000f fffffff0
555b ff 01 01 00 00 00 0000000f ffffffff
5761 ff 00 01 00 00 00 00000000 ffffffff
5763 fe 00 01 00 00 00 00000000 fffffff0
5969 fe 01 01 00 00 00 0000000f fffffff0
596b ff 01 01 00 00 00 0000000f ffffffff
5b71 ff 00 01 00 00 00 00000000 ffffffff
5b73 fe 00 01 00 00 00 00000000 fffffff0
6391 fe 01 01 00 00 00 0000000f fffffff0
6393 ff 01 01 00 00 00 0000000f ffffffff
