models: 84 cells read in 0.00 s; RTL ports: 157 bits
  technology sg13cmos5l
  84198 conductor shapes, 2016 cell instances
  6491 connected components; 2 via-metal pairs touch without overlapping (not joined)
    touch: Via1 (115.105,187.045)-(115.295,187.235) and Metal2 (115.095,186.755)-(115.305,187.045): same component anyway
    touch: Metal2 (115.100,186.995)-(115.300,187.285) and Via2 (115.105,186.805)-(115.295,186.995): same component anyway
extract: 0.38 s (84198 shapes, 6491 components, 2016 instances, 2085 nets)
check: 0.002 s
  instances                    2016
  nets                         2085
  flip-flops                   189
  undriven nets                0
  pins on undriven nets        0
  multiply driven nets         0
  driven nets nobody reads     3
  unresolved labels            0
  cell sg13cmos5l_a21o_1       9
  cell sg13cmos5l_a21oi_1      207
  cell sg13cmos5l_a221oi_1     11
  cell sg13cmos5l_a22oi_1      96
  cell sg13cmos5l_and2_1       19
  cell sg13cmos5l_and3_1       7
  cell sg13cmos5l_and4_1       1
  cell sg13cmos5l_buf_1        353
  cell sg13cmos5l_buf_8        49
  cell sg13cmos5l_dfrbpq_1     189
  cell sg13cmos5l_dlygate4sd3_1 176
  cell sg13cmos5l_inv_1        138
  cell sg13cmos5l_mux2_1       31
  cell sg13cmos5l_mux4_1       8
  cell sg13cmos5l_nand2_1      51
  cell sg13cmos5l_nand2b_1     15
  cell sg13cmos5l_nand3_1      19
  cell sg13cmos5l_nand3b_1     2
  cell sg13cmos5l_nand4_1      9
  cell sg13cmos5l_nor2_1       97
  cell sg13cmos5l_nor2b_1      18
  cell sg13cmos5l_nor3_1       12
  cell sg13cmos5l_nor4_1       8
  cell sg13cmos5l_o21ai_1      264
  cell sg13cmos5l_or2_1        16
  cell sg13cmos5l_or4_1        1
  cell sg13cmos5l_tiehi        189
  cell sg13cmos5l_xnor2_1      12
  cell sg13cmos5l_xor2_1       9
  errors: 0, warnings: 0
simulator: 3944 primitive gates, 189 flip-flops, built in 0.00 s
STRUCTURE CLEAN
