
 /----------------------------------------------------------------------------\
 |  yosys -- Yosys Open SYnthesis Suite                                       |
 |  Copyright (C) 2012 - 2026  Claire Xenia Wolf <claire@yosyshq.com>         |
 |  Distributed under an ISC-like license, type "license" to see terms        |
 \----------------------------------------------------------------------------/
 Yosys 0.68+118 (git sha1 144c707b7-dirty, Release, Clang /usr/bin/clang++ 21.1.8)

-- Running command `
  read_verilog -sv /home/matthias/prog/janestreet/fabulous-notes/synth/models_pack_onelatch.v hard/Tile/PIO32/PIO32_bel.v
  hierarchy -check -top PIO32_bel
  synth -top PIO32_bel -flatten
  techmap -map /home/matthias/prog/janestreet/fabulous-notes/synth/sg13g2_latchmap.v
  dfflibmap -liberty /home/matthias/prog/janestreet/pio-area-notes/sg13g2/sg13g2_stdcell_typ_1p20V_25C.lib
  abc -liberty /home/matthias/prog/janestreet/pio-area-notes/sg13g2/sg13g2_stdcell_typ_1p20V_25C.lib
  opt_clean
  stat -liberty /home/matthias/prog/janestreet/pio-area-notes/sg13g2/sg13g2_stdcell_typ_1p20V_25C.lib
' --

1. Executing Verilog-2005 frontend: /home/matthias/prog/janestreet/fabulous-notes/synth/models_pack_onelatch.v
Parsing SystemVerilog input from `/home/matthias/prog/janestreet/fabulous-notes/synth/models_pack_onelatch.v' to AST representation.
Generating RTLIL representation for module `\config_latch'.
Generating RTLIL representation for module `\my_buf'.
Generating RTLIL representation for module `\clk_buf'.
Generating RTLIL representation for module `\cus_mux41'.
Generating RTLIL representation for module `\cus_mux21'.
Generating RTLIL representation for module `\cus_mux81'.
Generating RTLIL representation for module `\cus_mux161'.
Successfully finished Verilog frontend.

2. Executing Verilog-2005 frontend: hard/Tile/PIO32/PIO32_bel.v
Parsing SystemVerilog input from `hard/Tile/PIO32/PIO32_bel.v' to AST representation.
Generating RTLIL representation for module `\PIO32_bel'.
Successfully finished Verilog frontend.

3. Executing HIERARCHY pass (managing design hierarchy).

3.1. Analyzing design hierarchy..
Top module:  \PIO32_bel

3.2. Analyzing design hierarchy..
Top module:  \PIO32_bel
Removing unused module `\cus_mux161'.
Removing unused module `\cus_mux81'.
Removing unused module `\cus_mux21'.
Removing unused module `\cus_mux41'.
Removing unused module `\clk_buf'.
Removing unused module `\my_buf'.
Removing unused module `\config_latch'.
Removed 7 unused modules.

4. Executing SYNTH pass.

4.1. Executing HIERARCHY pass (managing design hierarchy).

4.1.1. Analyzing design hierarchy..
Top module:  \PIO32_bel

4.1.2. Analyzing design hierarchy..
Top module:  \PIO32_bel
Removed 0 unused modules.

4.2. Executing PROC pass (convert processes to netlists).

4.2.1. Executing PROC_CLEAN pass (remove empty switches from decision trees).
Cleaned up 0 empty switches.

4.2.2. Executing PROC_RMDEAD pass (remove dead branches from decision trees).
Marked 2 switch rules as full_case in process $proc$hard/Tile/PIO32/PIO32_bel.v:22$13 in module PIO32_bel.
Removed a total of 0 dead cases.

4.2.3. Executing PROC_PRUNE pass (remove redundant assignments in processes).
Removed 0 redundant assignments.
Promoted 0 assignments to connections.

4.2.4. Executing PROC_INIT pass (extract init attributes).

4.2.5. Executing PROC_ARST pass (detect async resets in processes).

4.2.6. Executing PROC_ROM pass (convert switches to ROMs).
Converted 0 switches.
<suppressed ~3 debug messages>

4.2.7. Executing PROC_MUX pass (convert decision trees to multiplexers).
Creating decoders for process `\PIO32_bel.$proc$hard/Tile/PIO32/PIO32_bel.v:22$13'.
     1/2: $0\count[5:0]
     2/2: $0\shift_reg[31:0]

4.2.8. Executing PROC_DLATCH pass (convert process syncs to latches).

4.2.9. Executing PROC_DFF pass (convert process syncs to FFs).
Creating register for signal `\PIO32_bel.\shift_reg' using process `\PIO32_bel.$proc$hard/Tile/PIO32/PIO32_bel.v:22$13'.
  created $dff cell `$procdff$37' with positive edge clock.
Creating register for signal `\PIO32_bel.\count' using process `\PIO32_bel.$proc$hard/Tile/PIO32/PIO32_bel.v:22$13'.
  created $dff cell `$procdff$38' with positive edge clock.

4.2.10. Executing PROC_MEMWR pass (convert process memory writes to cells).

4.2.11. Executing PROC_CLEAN pass (remove empty switches from decision trees).
Found and cleaned up 3 empty switches in `\PIO32_bel.$proc$hard/Tile/PIO32/PIO32_bel.v:22$13'.
Removing empty process `PIO32_bel.$proc$hard/Tile/PIO32/PIO32_bel.v:22$13'.
Cleaned up 3 empty switches.

4.2.12. Executing OPT_EXPR pass (perform const folding).
Optimizing module PIO32_bel.

4.3. Executing CHECK pass (checking for obvious problems).
Checking module PIO32_bel...
Found and reported 0 problems.

4.4. Executing FLATTEN pass (flatten design).

4.5. Executing OPT_EXPR pass (perform const folding).
Optimizing module PIO32_bel.

4.6. Executing OPT_CLEAN pass (remove unused cells and wires).
Finding unused cells or wires in module \PIO32_bel..
Removed 0 unused cells and 11 unused wires.
<suppressed ~1 debug messages>

4.7. Executing CHECK pass (checking for obvious problems).
Checking module PIO32_bel...
Found and reported 0 problems.

4.8. Executing OPT pass (performing simple optimizations).

4.8.1. Executing OPT_EXPR pass (perform const folding).
Optimizing module PIO32_bel.

4.8.2. Executing OPT_MERGE pass (detect identical cells).
Finding identical cells in module `\PIO32_bel'.
Computing hashes of 21 cells of `\PIO32_bel'.
Finding duplicate cells in `\PIO32_bel'.
Removed a total of 0 cells.

4.8.3. Executing OPT_MUXTREE pass (detect dead branches in mux trees).
Running muxtree optimizer on module \PIO32_bel..
  Creating internal representation of mux trees.
  Evaluating internal representation of mux trees.
  Analyzing evaluation results.
Removed 0 multiplexer ports.
<suppressed ~18 debug messages>

4.8.4. Executing OPT_REDUCE pass (consolidate $*mux and $reduce_* inputs).
  Optimizing cells in module \PIO32_bel.
Performed a total of 0 changes.

4.8.5. Executing OPT_MERGE pass (detect identical cells).
Finding identical cells in module `\PIO32_bel'.
Computing hashes of 21 cells of `\PIO32_bel'.
Finding duplicate cells in `\PIO32_bel'.
Removed a total of 0 cells.

4.8.6. Executing OPT_DFF pass (perform DFF optimizations).

4.8.7. Executing OPT_CLEAN pass (remove unused cells and wires).
Finding unused cells or wires in module \PIO32_bel..

4.8.8. Executing OPT_EXPR pass (perform const folding).
Optimizing module PIO32_bel.

4.8.9. Finished fast OPT passes. (There is nothing left to do.)

4.9. Executing FSM pass (extract and optimize FSM).

4.9.1. Executing FSM_DETECT pass (finding FSMs in design).

4.9.2. Executing FSM_EXTRACT pass (extracting FSM from design).

4.9.3. Executing FSM_OPT pass (simple optimizations of FSMs).

4.9.4. Executing OPT_CLEAN pass (remove unused cells and wires).
Finding unused cells or wires in module \PIO32_bel..

4.9.5. Executing FSM_OPT pass (simple optimizations of FSMs).

4.9.6. Executing FSM_RECODE pass (re-assigning FSM state encoding).

4.9.7. Executing FSM_INFO pass (dumping all available information on FSM cells).

4.9.8. Executing FSM_MAP pass (mapping FSMs to basic logic).

4.10. Executing OPT pass (performing simple optimizations).

4.10.1. Executing OPT_EXPR pass (perform const folding).
Optimizing module PIO32_bel.

4.10.2. Executing OPT_MERGE pass (detect identical cells).
Finding identical cells in module `\PIO32_bel'.
Computing hashes of 21 cells of `\PIO32_bel'.
Finding duplicate cells in `\PIO32_bel'.
Removed a total of 0 cells.

4.10.3. Executing OPT_MUXTREE pass (detect dead branches in mux trees).
Running muxtree optimizer on module \PIO32_bel..
  Creating internal representation of mux trees.
  Evaluating internal representation of mux trees.
  Analyzing evaluation results.
Removed 0 multiplexer ports.
<suppressed ~18 debug messages>

4.10.4. Executing OPT_REDUCE pass (consolidate $*mux and $reduce_* inputs).
  Optimizing cells in module \PIO32_bel.
Performed a total of 0 changes.

4.10.5. Executing OPT_MERGE pass (detect identical cells).
Finding identical cells in module `\PIO32_bel'.
Computing hashes of 21 cells of `\PIO32_bel'.
Finding duplicate cells in `\PIO32_bel'.
Removed a total of 0 cells.

4.10.6. Executing OPT_DFF pass (perform DFF optimizations).
Adding SRST signal on $procdff$37 ($dff) from module PIO32_bel (D = $procmux$32_Y, Q = \shift_reg, rval = 0).
Adding EN signal on $auto$ff.cc:337:slice$39 ($sdff) from module PIO32_bel (D = $procmux$32_Y, Q = \shift_reg).
Adding SRST signal on $procdff$38 ($dff) from module PIO32_bel (D = $procmux$24_Y, Q = \count, rval = 6'000000).
Adding EN signal on $auto$ff.cc:337:slice$43 ($sdff) from module PIO32_bel (D = $procmux$24_Y, Q = \count).

4.10.7. Executing OPT_CLEAN pass (remove unused cells and wires).
Finding unused cells or wires in module \PIO32_bel..
Removed 2 unused cells and 2 unused wires.
<suppressed ~3 debug messages>

4.10.8. Executing OPT_EXPR pass (perform const folding).
Optimizing module PIO32_bel.
<suppressed ~2 debug messages>

4.10.9. Rerunning OPT passes. (Maybe there is more to do..)

4.10.10. Executing OPT_MUXTREE pass (detect dead branches in mux trees).
Running muxtree optimizer on module \PIO32_bel..
  Creating internal representation of mux trees.
  Evaluating internal representation of mux trees.
  Analyzing evaluation results.
Removed 0 multiplexer ports.
<suppressed ~16 debug messages>

4.10.11. Executing OPT_REDUCE pass (consolidate $*mux and $reduce_* inputs).
  Optimizing cells in module \PIO32_bel.
Performed a total of 0 changes.

4.10.12. Executing OPT_MERGE pass (detect identical cells).
Finding identical cells in module `\PIO32_bel'.
Computing hashes of 21 cells of `\PIO32_bel'.
Finding duplicate cells in `\PIO32_bel'.
Computing hashes of 20 cells of `\PIO32_bel'.
Finding duplicate cells in `\PIO32_bel'.
<suppressed ~3 debug messages>
Removed a total of 1 cells.

4.10.13. Executing OPT_DFF pass (perform DFF optimizations).

4.10.14. Executing OPT_CLEAN pass (remove unused cells and wires).
Finding unused cells or wires in module \PIO32_bel..
Removed 0 unused cells and 1 unused wires.
<suppressed ~1 debug messages>

4.10.15. Executing OPT_EXPR pass (perform const folding).
Optimizing module PIO32_bel.

4.10.16. Rerunning OPT passes. (Maybe there is more to do..)

4.10.17. Executing OPT_MUXTREE pass (detect dead branches in mux trees).
Running muxtree optimizer on module \PIO32_bel..
  Creating internal representation of mux trees.
  Evaluating internal representation of mux trees.
  Analyzing evaluation results.
Removed 0 multiplexer ports.
<suppressed ~16 debug messages>

4.10.18. Executing OPT_REDUCE pass (consolidate $*mux and $reduce_* inputs).
  Optimizing cells in module \PIO32_bel.
Performed a total of 0 changes.

4.10.19. Executing OPT_MERGE pass (detect identical cells).
Finding identical cells in module `\PIO32_bel'.
Computing hashes of 20 cells of `\PIO32_bel'.
Finding duplicate cells in `\PIO32_bel'.
Removed a total of 0 cells.

4.10.20. Executing OPT_DFF pass (perform DFF optimizations).

4.10.21. Executing OPT_CLEAN pass (remove unused cells and wires).
Finding unused cells or wires in module \PIO32_bel..

4.10.22. Executing OPT_EXPR pass (perform const folding).
Optimizing module PIO32_bel.

4.10.23. Finished fast OPT passes. (There is nothing left to do.)

4.11. Executing WREDUCE pass (reducing word size of cells).
Removed top 2 bits (of 6) from mux cell PIO32_bel.$ternary$hard/Tile/PIO32/PIO32_bel.v:19$7 ($mux).
Removed top 2 bits (of 6) from port B of cell PIO32_bel.$shr$hard/Tile/PIO32/PIO32_bel.v:20$8 ($shr).
Removed top 26 bits (of 32) from port A of cell PIO32_bel.$sub$hard/Tile/PIO32/PIO32_bel.v:21$9 ($sub).
Removed top 2 bits (of 6) from port B of cell PIO32_bel.$sub$hard/Tile/PIO32/PIO32_bel.v:21$9 ($sub).
Removed top 25 bits (of 32) from port Y of cell PIO32_bel.$sub$hard/Tile/PIO32/PIO32_bel.v:21$9 ($sub).
Removed top 2 bits (of 6) from port B of cell PIO32_bel.$shl$hard/Tile/PIO32/PIO32_bel.v:21$11 ($shl).
Removed top 2 bits (of 6) from port B of cell PIO32_bel.$add$hard/Tile/PIO32/PIO32_bel.v:27$15 ($add).
Removed top 25 bits (of 32) from port Y of cell PIO32_bel.$add$hard/Tile/PIO32/PIO32_bel.v:27$15 ($add).
Removed top 25 bits (of 32) from port A of cell PIO32_bel.$gt$hard/Tile/PIO32/PIO32_bel.v:27$16 ($gt).
Removed top 26 bits (of 32) from port B of cell PIO32_bel.$gt$hard/Tile/PIO32/PIO32_bel.v:27$16 ($gt).
Removed top 2 bits (of 6) from port B of cell PIO32_bel.$add$hard/Tile/PIO32/PIO32_bel.v:27$17 ($add).
Removed top 25 bits (of 32) from wire PIO32_bel.$add$hard/Tile/PIO32/PIO32_bel.v:27$15_Y.
Removed top 2 bits (of 6) from wire PIO32_bel.shift_val.

4.12. Executing PEEPOPT pass (run peephole optimizers).

4.13. Executing OPT_CLEAN pass (remove unused cells and wires).
Finding unused cells or wires in module \PIO32_bel..
Removed 0 unused cells and 2 unused wires.
<suppressed ~1 debug messages>

4.14. Executing ALUMACC pass (create $alu and $macc cells).
Extracting $alu and $macc cells in module PIO32_bel:
  creating $macc model for $add$hard/Tile/PIO32/PIO32_bel.v:27$17 ($add).
  creating $macc model for $add$hard/Tile/PIO32/PIO32_bel.v:27$15 ($add).
  creating $macc model for $sub$hard/Tile/PIO32/PIO32_bel.v:21$9 ($sub).
  creating $alu model for $macc $sub$hard/Tile/PIO32/PIO32_bel.v:21$9.
  creating $alu model for $macc $add$hard/Tile/PIO32/PIO32_bel.v:27$15.
  creating $alu model for $macc $add$hard/Tile/PIO32/PIO32_bel.v:27$17.
  creating $alu model for $gt$hard/Tile/PIO32/PIO32_bel.v:27$16 ($gt): new $alu
  creating $alu cell for $gt$hard/Tile/PIO32/PIO32_bel.v:27$16: $auto$alumacc.cc:548:replace_alu$50
  creating $alu cell for $add$hard/Tile/PIO32/PIO32_bel.v:27$17: $auto$alumacc.cc:548:replace_alu$61
  creating $alu cell for $add$hard/Tile/PIO32/PIO32_bel.v:27$15: $auto$alumacc.cc:548:replace_alu$64
  creating $alu cell for $sub$hard/Tile/PIO32/PIO32_bel.v:21$9: $auto$alumacc.cc:548:replace_alu$67
  created 4 $alu and 0 $macc cells.

4.15. Executing SHARE pass (SAT-based resource sharing).
Found 3 cells in module PIO32_bel that may be considered for resource sharing.
  Analyzing resource sharing options for $shr$hard/Tile/PIO32/PIO32_bel.v:20$8 ($shr):
    Found 1 activation_patterns using ctrl signal { \DO_SHIFT \DIR \SET }.
    No candidates found.
  Analyzing resource sharing options for $shl$hard/Tile/PIO32/PIO32_bel.v:21$10 ($shl):
    Found 1 activation_patterns using ctrl signal { \DO_SHIFT \DIR \SET }.
    No candidates found.
  Analyzing resource sharing options for $shl$hard/Tile/PIO32/PIO32_bel.v:21$11 ($shl):
    Found 1 activation_patterns using ctrl signal { \DO_SHIFT \DIR \SET }.
    No candidates found.

4.16. Executing OPT pass (performing simple optimizations).

4.16.1. Executing OPT_EXPR pass (perform const folding).
Optimizing module PIO32_bel.
<suppressed ~1 debug messages>

4.16.2. Executing OPT_MERGE pass (detect identical cells).
Finding identical cells in module `\PIO32_bel'.
Computing hashes of 24 cells of `\PIO32_bel'.
Finding duplicate cells in `\PIO32_bel'.
Removed a total of 0 cells.

4.16.3. Executing OPT_MUXTREE pass (detect dead branches in mux trees).
Running muxtree optimizer on module \PIO32_bel..
  Creating internal representation of mux trees.
  Evaluating internal representation of mux trees.
  Analyzing evaluation results.
Removed 0 multiplexer ports.
<suppressed ~16 debug messages>

4.16.4. Executing OPT_REDUCE pass (consolidate $*mux and $reduce_* inputs).
  Optimizing cells in module \PIO32_bel.
Performed a total of 0 changes.

4.16.5. Executing OPT_MERGE pass (detect identical cells).
Finding identical cells in module `\PIO32_bel'.
Computing hashes of 24 cells of `\PIO32_bel'.
Finding duplicate cells in `\PIO32_bel'.
Removed a total of 0 cells.

4.16.6. Executing OPT_DFF pass (perform DFF optimizations).

4.16.7. Executing OPT_CLEAN pass (remove unused cells and wires).
Finding unused cells or wires in module \PIO32_bel..
Removed 1 unused cells and 2 unused wires.
<suppressed ~2 debug messages>

4.16.8. Executing OPT_EXPR pass (perform const folding).
Optimizing module PIO32_bel.

4.16.9. Rerunning OPT passes. (Maybe there is more to do..)

4.16.10. Executing OPT_MUXTREE pass (detect dead branches in mux trees).
Running muxtree optimizer on module \PIO32_bel..
  Creating internal representation of mux trees.
  Evaluating internal representation of mux trees.
  Analyzing evaluation results.
Removed 0 multiplexer ports.
<suppressed ~16 debug messages>

4.16.11. Executing OPT_REDUCE pass (consolidate $*mux and $reduce_* inputs).
  Optimizing cells in module \PIO32_bel.
Performed a total of 0 changes.

4.16.12. Executing OPT_MERGE pass (detect identical cells).
Finding identical cells in module `\PIO32_bel'.
Computing hashes of 23 cells of `\PIO32_bel'.
Finding duplicate cells in `\PIO32_bel'.
Removed a total of 0 cells.

4.16.13. Executing OPT_DFF pass (perform DFF optimizations).

4.16.14. Executing OPT_CLEAN pass (remove unused cells and wires).
Finding unused cells or wires in module \PIO32_bel..

4.16.15. Executing OPT_EXPR pass (perform const folding).
Optimizing module PIO32_bel.

4.16.16. Finished fast OPT passes. (There is nothing left to do.)

4.17. Executing MEMORY pass.

4.17.1. Executing OPT_MEM pass (optimize memories).
Performed a total of 0 transformations.

4.17.2. Executing OPT_MEM_PRIORITY pass (removing unnecessary memory write priority relations).
Performed a total of 0 transformations.

4.17.3. Executing OPT_MEM_FEEDBACK pass (finding memory read-to-write feedback paths).

4.17.4. Executing MEMORY_BMUX2ROM pass (converting muxes to ROMs).

4.17.5. Executing MEMORY_DFF pass (merging $dff cells to $memrd).

4.17.6. Executing OPT_CLEAN pass (remove unused cells and wires).
Finding unused cells or wires in module \PIO32_bel..

4.17.7. Executing MEMORY_SHARE pass (consolidating $memrd/$memwr cells).

4.17.8. Executing OPT_MEM_WIDEN pass (optimize memories where all ports are wide).
Performed a total of 0 transformations.

4.17.9. Executing OPT_CLEAN pass (remove unused cells and wires).
Finding unused cells or wires in module \PIO32_bel..

4.17.10. Executing MEMORY_COLLECT pass (generating $mem cells).

4.18. Executing OPT_CLEAN pass (remove unused cells and wires).
Finding unused cells or wires in module \PIO32_bel..

4.19. Executing OPT pass (performing simple optimizations).

4.19.1. Executing OPT_EXPR pass (perform const folding).
Optimizing module PIO32_bel.
<suppressed ~9 debug messages>

4.19.2. Executing OPT_MERGE pass (detect identical cells).
Finding identical cells in module `\PIO32_bel'.
Computing hashes of 26 cells of `\PIO32_bel'.
Finding duplicate cells in `\PIO32_bel'.
Removed a total of 0 cells.

4.19.3. Executing OPT_DFF pass (perform DFF optimizations).

4.19.4. Executing OPT_CLEAN pass (remove unused cells and wires).
Finding unused cells or wires in module \PIO32_bel..
Removed 0 unused cells and 9 unused wires.
<suppressed ~1 debug messages>

4.19.5. Finished fast OPT passes.

4.20. Executing MEMORY_MAP pass (converting memories to logic and flip-flops).

4.21. Executing OPT pass (performing simple optimizations).

4.21.1. Executing OPT_EXPR pass (perform const folding).
Optimizing module PIO32_bel.

4.21.2. Executing OPT_MERGE pass (detect identical cells).
Finding identical cells in module `\PIO32_bel'.
Computing hashes of 26 cells of `\PIO32_bel'.
Finding duplicate cells in `\PIO32_bel'.
Removed a total of 0 cells.

4.21.3. Executing OPT_MUXTREE pass (detect dead branches in mux trees).
Running muxtree optimizer on module \PIO32_bel..
  Creating internal representation of mux trees.
  Evaluating internal representation of mux trees.
  Analyzing evaluation results.
Removed 0 multiplexer ports.
<suppressed ~14 debug messages>

4.21.4. Executing OPT_REDUCE pass (consolidate $*mux and $reduce_* inputs).
  Optimizing cells in module \PIO32_bel.
    Consolidated identical input bits for $mux cell $ternary$hard/Tile/PIO32/PIO32_bel.v:19$7:
      Old ports: A=4'0001, B=4'1000, Y=\shift_val
      New ports: A=2'01, B=2'10, Y={ \shift_val [3] \shift_val [0] }
      New connections: \shift_val [2:1] = 2'00
  Optimizing cells in module \PIO32_bel.
Performed a total of 1 changes.

4.21.5. Executing OPT_MERGE pass (detect identical cells).
Finding identical cells in module `\PIO32_bel'.
Computing hashes of 26 cells of `\PIO32_bel'.
Finding duplicate cells in `\PIO32_bel'.
Removed a total of 0 cells.

4.21.6. Executing OPT_SHARE pass.

4.21.7. Executing OPT_DFF pass (perform DFF optimizations).

4.21.8. Executing OPT_CLEAN pass (remove unused cells and wires).
Finding unused cells or wires in module \PIO32_bel..

4.21.9. Executing OPT_EXPR pass (perform const folding).
Optimizing module PIO32_bel.

4.21.10. Rerunning OPT passes. (Maybe there is more to do..)

4.21.11. Executing OPT_MUXTREE pass (detect dead branches in mux trees).
Running muxtree optimizer on module \PIO32_bel..
  Creating internal representation of mux trees.
  Evaluating internal representation of mux trees.
  Analyzing evaluation results.
Removed 0 multiplexer ports.
<suppressed ~14 debug messages>

4.21.12. Executing OPT_REDUCE pass (consolidate $*mux and $reduce_* inputs).
  Optimizing cells in module \PIO32_bel.
Performed a total of 0 changes.

4.21.13. Executing OPT_MERGE pass (detect identical cells).
Finding identical cells in module `\PIO32_bel'.
Computing hashes of 26 cells of `\PIO32_bel'.
Finding duplicate cells in `\PIO32_bel'.
Removed a total of 0 cells.

4.21.14. Executing OPT_SHARE pass.

4.21.15. Executing OPT_DFF pass (perform DFF optimizations).

4.21.16. Executing OPT_CLEAN pass (remove unused cells and wires).
Finding unused cells or wires in module \PIO32_bel..

4.21.17. Executing OPT_EXPR pass (perform const folding).
Optimizing module PIO32_bel.

4.21.18. Finished fast OPT passes. (There is nothing left to do.)

4.22. Executing TECHMAP pass (map to technology primitives).

4.22.1. Executing Verilog-2005 frontend: /home/matthias/prog/janestreet/hardware-2026-08/oss-cad-suite/lib/../share/yosys/techmap.v
Parsing Verilog input from `/home/matthias/prog/janestreet/hardware-2026-08/oss-cad-suite/lib/../share/yosys/techmap.v' to AST representation.
Generating RTLIL representation for module `\_90_simplemap_bool_ops'.
Generating RTLIL representation for module `\_90_simplemap_reduce_ops'.
Generating RTLIL representation for module `\_90_simplemap_logic_ops'.
Generating RTLIL representation for module `\_90_simplemap_compare_ops'.
Generating RTLIL representation for module `\_90_simplemap_various'.
Generating RTLIL representation for module `\_90_simplemap_registers'.
Generating RTLIL representation for module `\_90_shift_ops_shr_shl_sshl_sshr'.
Generating RTLIL representation for module `\_90_shift_shiftx'.
Generating RTLIL representation for module `\_90_fa'.
Generating RTLIL representation for module `\_90_lcu_brent_kung'.
Generating RTLIL representation for module `\_90_alu'.
Generating RTLIL representation for module `\_90_macc'.
Generating RTLIL representation for module `\_90_alumacc'.
Generating RTLIL representation for module `$__div_mod_u'.
Generating RTLIL representation for module `$__div_mod_trunc'.
Generating RTLIL representation for module `\_90_div'.
Generating RTLIL representation for module `\_90_mod'.
Generating RTLIL representation for module `$__div_mod_floor'.
Generating RTLIL representation for module `\_90_divfloor'.
Generating RTLIL representation for module `\_90_modfloor'.
Generating RTLIL representation for module `\_90_pow'.
Generating RTLIL representation for module `\_90_demux'.
Generating RTLIL representation for module `\_90_lut'.
Generating RTLIL representation for module `$connect'.
Generating RTLIL representation for module `$input_port'.
Successfully finished Verilog frontend.

4.22.2. Continuing TECHMAP pass.
Using extmapper simplemap for cells of type $not.
Using template $paramod$00298f3f8094950cb9a5ff2fda48d0d8bde8806c\_90_alu for cells of type $alu.
Using template $paramod$8749c0efa219d6160b77c501d93e918c0ebd8355\_90_alu for cells of type $alu.
Using template $paramod$5bb6c3f3e4a5303115f41a182fad517280ea0b25\_90_alu for cells of type $alu.
Using extmapper simplemap for cells of type $or.
Using extmapper simplemap for cells of type $reduce_and.
Using template $paramod$ba698a254f9a5947e85cbe7beae6b161eefc5386\_90_alu for cells of type $alu.
Using extmapper simplemap for cells of type $sdffe.
Using extmapper simplemap for cells of type $reduce_bool.
Using extmapper simplemap for cells of type $mux.
Using template $paramod$constmap:40d8cb9c2779d54379cf4f0af349705705c23bd5$paramod$c0a6b4e9c0a1cef20be30710c0b53b14a087f884\_90_shift_ops_shr_shl_sshl_sshr for cells of type $shr.
Using template $paramod$constmap:45fc6290ce127a95fd05a8dd3b9d576fe1f389f0$paramod$dce7c1188cb25d2520d170426d59301c3b73f9e7\_90_shift_ops_shr_shl_sshl_sshr for cells of type $shl.
Using template $paramod$constmap:40d8cb9c2779d54379cf4f0af349705705c23bd5$paramod$9a9029b1cfe19c2b4a0cbde8ed4759dbaaf6fda3\_90_shift_ops_shr_shl_sshl_sshr for cells of type $shl.
Using extmapper simplemap for cells of type $xor.
Using template $paramod\_90_fa\WIDTH=32'00000000000000000000000000000110 for cells of type $fa.
Using template $paramod\_90_lcu_brent_kung\WIDTH=32'00000000000000000000000000000110 for cells of type $lcu.
Using extmapper simplemap for cells of type $pos.
Using template $paramod\_90_fa\WIDTH=32'00000000000000000000000000000111 for cells of type $fa.
Using template $paramod\_90_lcu_brent_kung\WIDTH=32'00000000000000000000000000000111 for cells of type $lcu.
Using template $paramod\_90_fa\WIDTH=32'00000000000000000000000000000010 for cells of type $fa.
Using template $paramod\_90_lcu_brent_kung\WIDTH=32'00000000000000000000000000000010 for cells of type $lcu.
Using extmapper simplemap for cells of type $and.
No more expansions possible.
<suppressed ~2355 debug messages>

4.23. Executing OPT pass (performing simple optimizations).

4.23.1. Executing OPT_EXPR pass (perform const folding).
Optimizing module PIO32_bel.
<suppressed ~506 debug messages>

4.23.2. Executing OPT_MERGE pass (detect identical cells).
Finding identical cells in module `\PIO32_bel'.
Computing hashes of 665 cells of `\PIO32_bel'.
Finding duplicate cells in `\PIO32_bel'.
Computing hashes of 650 cells of `\PIO32_bel'.
Finding duplicate cells in `\PIO32_bel'.
Computing hashes of 647 cells of `\PIO32_bel'.
Finding duplicate cells in `\PIO32_bel'.
Computing hashes of 644 cells of `\PIO32_bel'.
Finding duplicate cells in `\PIO32_bel'.
Computing hashes of 642 cells of `\PIO32_bel'.
Finding duplicate cells in `\PIO32_bel'.
Computing hashes of 639 cells of `\PIO32_bel'.
Finding duplicate cells in `\PIO32_bel'.
Computing hashes of 638 cells of `\PIO32_bel'.
Finding duplicate cells in `\PIO32_bel'.
<suppressed ~81 debug messages>
Removed a total of 27 cells.

4.23.3. Executing OPT_DFF pass (perform DFF optimizations).

4.23.4. Executing OPT_CLEAN pass (remove unused cells and wires).
Finding unused cells or wires in module \PIO32_bel..
Removed 72 unused cells and 224 unused wires.
<suppressed ~73 debug messages>

4.23.5. Finished fast OPT passes.

4.24. Executing ABC pass (technology mapping using ABC).

4.24.1. Extracting gate netlist of module `\PIO32_bel' to `<abc-temp-dir>/input.blif'..

4.24.1.1. Executed ABC.
Extracted 528 gates and 611 wires to a netlist network with 81 inputs and 71 outputs.
Running ABC script: <abc-temp-dir>/abc.script
ABC: UC Berkeley, ABC 1.01 (compiled Aug 21 2026 02:12:29)
ABC: abc 01> empty
ABC: abc 01> source <abc-temp-dir>/abc.script
ABC: + read_blif <abc-temp-dir>/input.blif 
ABC: + read_library <abc-temp-dir>/stdcells.genlib 
ABC: + strash 
ABC: + &get -n 
ABC: + &fraig -x 
ABC: + &put 
ABC: + scorr 
ABC: Warning: The network is combinational (run "fraig" or "fraig_sweep").
ABC: + dc2 
ABC: + dretime 
ABC: + strash 
ABC: + &get -n 
ABC: + &dch -f 
ABC: + &nf 
ABC: + &put 
ABC: + write_blif <abc-temp-dir>/output.blif 
ABC: 
ABC: YOSYS_ABC_DONE 

4.24.1.2. Re-integrating ABC results.
ABC RESULTS:               AND cells:       36
ABC RESULTS:            ANDNOT cells:        3
ABC RESULTS:               MUX cells:       65
ABC RESULTS:              NAND cells:      145
ABC RESULTS:               NOR cells:        5
ABC RESULTS:                OR cells:        3
ABC RESULTS:              XNOR cells:        2
ABC RESULTS:               XOR cells:       35
ABC RESULTS:        internal signals:      459
ABC RESULTS:           input signals:       81
ABC RESULTS:          output signals:       71
Removing temp directory.
Removing global temp directory.

4.25. Executing OPT pass (performing simple optimizations).

4.25.1. Executing OPT_EXPR pass (perform const folding).
Optimizing module PIO32_bel.

4.25.2. Executing OPT_MERGE pass (detect identical cells).
Finding identical cells in module `\PIO32_bel'.
Computing hashes of 332 cells of `\PIO32_bel'.
Finding duplicate cells in `\PIO32_bel'.
Removed a total of 0 cells.

4.25.3. Executing OPT_DFF pass (perform DFF optimizations).

4.25.4. Executing OPT_CLEAN pass (remove unused cells and wires).
Finding unused cells or wires in module \PIO32_bel..
Removed 0 unused cells and 147 unused wires.
<suppressed ~2 debug messages>

4.25.5. Finished fast OPT passes.

4.26. Executing HIERARCHY pass (managing design hierarchy).
Attribute `top' found on module `PIO32_bel'. Setting top module to PIO32_bel.

4.26.1. Analyzing design hierarchy..
Top module:  \PIO32_bel

4.26.2. Analyzing design hierarchy..
Top module:  \PIO32_bel
Removed 0 unused modules.

4.27. Printing statistics.

=== PIO32_bel ===

        +----------Local Count, excluding submodules.
        | 
      275 wires
      387 wire bits
       13 public wires
      125 public wire bits
       10 ports
       83 port bits
      332 cells
        3   $_ANDNOT_
       36   $_AND_
       65   $_MUX_
      145   $_NAND_
        5   $_NOR_
        3   $_OR_
       38   $_SDFFE_PP0P_
        2   $_XNOR_
       35   $_XOR_

4.28. Executing CHECK pass (checking for obvious problems).
Checking module PIO32_bel...
Found and reported 0 problems.

5. Executing TECHMAP pass (map to technology primitives).

5.1. Executing Verilog-2005 frontend: /home/matthias/prog/janestreet/fabulous-notes/synth/sg13g2_latchmap.v
Parsing Verilog input from `/home/matthias/prog/janestreet/fabulous-notes/synth/sg13g2_latchmap.v' to AST representation.
Generating RTLIL representation for module `$_DLATCH_P_'.
Successfully finished Verilog frontend.

5.2. Continuing TECHMAP pass.
No more expansions possible.
<suppressed ~3 debug messages>

6. Executing DFFLIBMAP pass (mapping DFF/DLATCH cells to sequential cells from liberty file).
  cell sg13g2_dfrbpq_1 (noninv, pins=4, area=48.99) is a direct match for cell type $_DFF_PN0_.
  cell sg13g2_dlhq_1 (noninv, pins=3, area=30.84) is a direct match for cell type $_DLATCH_P_.
  cell sg13g2_dllrq_1 (noninv, pins=4, area=29.03) is a direct match for cell type $_DLATCH_NN0_.
  cell sg13g2_dlhrq_1 (noninv, pins=4, area=27.22) is a direct match for cell type $_DLATCH_PN0_.
  final dff/dlatch cell mappings:
    unmapped dff/dlatch cell: $_DFF_N_
    unmapped dff/dlatch cell: $_DFF_P_
    unmapped dff/dlatch cell: $_DFF_NN0_
    unmapped dff/dlatch cell: $_DFF_NN1_
    unmapped dff/dlatch cell: $_DFF_NP0_
    unmapped dff/dlatch cell: $_DFF_NP1_
    \sg13g2_dfrbpq_1 _DFF_PN0_ (.CLK( C), .D( D), .Q( Q), .RESET_B( R));
    unmapped dff/dlatch cell: $_DFF_PN1_
    unmapped dff/dlatch cell: $_DFF_PP0_
    unmapped dff/dlatch cell: $_DFF_PP1_
    unmapped dff/dlatch cell: $_DFFE_NN_
    unmapped dff/dlatch cell: $_DFFE_NP_
    unmapped dff/dlatch cell: $_DFFE_PN_
    unmapped dff/dlatch cell: $_DFFE_PP_
    unmapped dff/dlatch cell: $_DFFSR_NNN_
    unmapped dff/dlatch cell: $_DFFSR_NNP_
    unmapped dff/dlatch cell: $_DFFSR_NPN_
    unmapped dff/dlatch cell: $_DFFSR_NPP_
    unmapped dff/dlatch cell: $_DFFSR_PNN_
    unmapped dff/dlatch cell: $_DFFSR_PNP_
    unmapped dff/dlatch cell: $_DFFSR_PPN_
    unmapped dff/dlatch cell: $_DFFSR_PPP_
    unmapped dff/dlatch cell: $_DLATCH_N_
    \sg13g2_dlhq_1 _DLATCH_P_ (.D( D), .GATE( E), .Q( Q));
    \sg13g2_dllrq_1 _DLATCH_NN0_ (.D( D), .GATE_N( E), .Q( Q), .RESET_B( R));
    unmapped dff/dlatch cell: $_DLATCH_NN1_
    unmapped dff/dlatch cell: $_DLATCH_NP0_
    unmapped dff/dlatch cell: $_DLATCH_NP1_
    \sg13g2_dlhrq_1 _DLATCH_PN0_ (.D( D), .GATE( E), .Q( Q), .RESET_B( R));
    unmapped dff/dlatch cell: $_DLATCH_PN1_
    unmapped dff/dlatch cell: $_DLATCH_PP0_
    unmapped dff/dlatch cell: $_DLATCH_PP1_
    unmapped dff/dlatch cell: $_DLATCHSR_NNN_
    unmapped dff/dlatch cell: $_DLATCHSR_NNP_
    unmapped dff/dlatch cell: $_DLATCHSR_NPN_
    unmapped dff/dlatch cell: $_DLATCHSR_NPP_
    unmapped dff/dlatch cell: $_DLATCHSR_PNN_
    unmapped dff/dlatch cell: $_DLATCHSR_PNP_
    unmapped dff/dlatch cell: $_DLATCHSR_PPN_
    unmapped dff/dlatch cell: $_DLATCHSR_PPP_

6.1. Executing DFFLEGALIZE pass (convert FFs and LATCHes to types supported by the target).
<suppressed ~4 debug messages>
Mapping DFF/DLATCH cells in module `\PIO32_bel':
  mapped 38 $_DFF_PN0_ cells to \sg13g2_dfrbpq_1 cells.

7. Executing ABC pass (technology mapping using ABC).

7.1. Extracting gate netlist of module `\PIO32_bel' to `<abc-temp-dir>/input.blif'..
ABC: using cached merged SCL: /tmp/yosys-liberty-scl-cache/yosys_merged_aa53eb27.scl (1 files)

7.1.1. Executed ABC.
Extracted 370 gates and 453 wires to a netlist network with 82 inputs and 70 outputs.
Running ABC script: <abc-temp-dir>/abc.script
ABC: UC Berkeley, ABC 1.01 (compiled Aug 21 2026 02:12:29)
ABC: abc 01> empty
ABC: abc 01> source <abc-temp-dir>/abc.script
ABC: + read_blif <abc-temp-dir>/input.blif 
ABC: + read_scl /tmp/yosys-liberty-scl-cache/yosys_merged_aa53eb27.scl 
ABC: + strash 
ABC: + &get -n 
ABC: + &fraig -x 
ABC: + &put 
ABC: + scorr 
ABC: Warning: The network is combinational (run "fraig" or "fraig_sweep").
ABC: + dc2 
ABC: + dretime 
ABC: + strash 
ABC: + &get -n 
ABC: + &dch -f 
ABC: + &nf 
ABC: + &put 
ABC: + write_blif <abc-temp-dir>/output.blif 
ABC: 
ABC: YOSYS_ABC_DONE 

7.1.2. Re-integrating ABC results.
ABC RESULTS:     sg13g2_a21o_1 cells:       10
ABC RESULTS:    sg13g2_a21oi_1 cells:       51
ABC RESULTS:   sg13g2_a221oi_1 cells:       31
ABC RESULTS:    sg13g2_a22oi_1 cells:        8
ABC RESULTS:     sg13g2_and2_1 cells:        7
ABC RESULTS:      sg13g2_inv_1 cells:       11
ABC RESULTS:     sg13g2_mux2_1 cells:        4
ABC RESULTS:    sg13g2_nand2_1 cells:       51
ABC RESULTS:   sg13g2_nand2b_1 cells:        1
ABC RESULTS:    sg13g2_nand3_1 cells:        3
ABC RESULTS:   sg13g2_nand3b_1 cells:        1
ABC RESULTS:    sg13g2_nand4_1 cells:        2
ABC RESULTS:     sg13g2_nor2_1 cells:       19
ABC RESULTS:    sg13g2_nor2b_1 cells:       14
ABC RESULTS:     sg13g2_nor3_1 cells:        6
ABC RESULTS:    sg13g2_o21ai_1 cells:       49
ABC RESULTS:      sg13g2_or2_1 cells:        4
ABC RESULTS:      sg13g2_or4_1 cells:        1
ABC RESULTS:    sg13g2_xnor2_1 cells:        2
ABC RESULTS:     sg13g2_xor2_1 cells:       34
ABC RESULTS:        internal signals:      301
ABC RESULTS:           input signals:       82
ABC RESULTS:          output signals:       70
Removing temp directory.
Removing global temp directory.

8. Executing OPT_CLEAN pass (remove unused cells and wires).
Finding unused cells or wires in module \PIO32_bel..
Removed 0 unused cells and 452 unused wires.
<suppressed ~1 debug messages>

9. Printing statistics.

=== PIO32_bel ===

        +----------Local Count, excluding submodules.
        |        +-Local Area, excluding submodules.
        |        | 
      290        - wires
      402        - wire bits
       13        - public wires
      125        - public wire bits
       10        - ports
       83        - port bits
      347 4.96E+03 cells
       10  127.008   sg13g2_a21o_1
       51  462.672   sg13g2_a21oi_1
       31  449.971   sg13g2_a221oi_1
        8   86.789   sg13g2_a22oi_1
        7   63.504   sg13g2_and2_1
       38 1.86E+03   sg13g2_dfrbpq_1
       11   59.875   sg13g2_inv_1
        4   72.576   sg13g2_mux2_1
       51  370.138   sg13g2_nand2_1
        1    9.072   sg13g2_nand2b_1
        3   27.216   sg13g2_nand3_1
        1   12.701   sg13g2_nand3b_1
        2   21.773   sg13g2_nand4_1
       19  137.894   sg13g2_nor2_1
       14  127.008   sg13g2_nor2b_1
        6   54.432   sg13g2_nor3_1
       49  444.528   sg13g2_o21ai_1
        4   36.288   sg13g2_or2_1
        1   14.515   sg13g2_or4_1
        2    29.03   sg13g2_xnor2_1
       34  493.517   sg13g2_xor2_1

   Chip area for module '\PIO32_bel': 4962.081600
     of which used for sequential elements: 1861.574400 (37.52%)

End of script. Logfile hash: a8f65e1629, time: 0.16s, user: 0.07s, system: 0.01s, MEM: 27.90 MB peak
Yosys 0.68+118 (git sha1 144c707b7-dirty, Release, Clang /usr/bin/clang++ 21.1.8)
Time spent: 56% 2x abc (0 sec), 6% 2x techmap (0 sec), ...
