
 /----------------------------------------------------------------------------\
 |  yosys -- Yosys Open SYnthesis Suite                                       |
 |  Copyright (C) 2012 - 2026  Claire Xenia Wolf <claire@yosyshq.com>         |
 |  Distributed under an ISC-like license, type "license" to see terms        |
 \----------------------------------------------------------------------------/
 Yosys 0.68+118 (git sha1 144c707b7-dirty, Release, Clang /usr/bin/clang++ 21.1.8)

-- Running command `
  read_verilog -sv /home/matthias/prog/janestreet/fabulous-notes/synth/models_pack_onelatch.v hard/Tile/PIO8/PIO8_bel.v hard/Tile/PIO8/PIO8_switch_matrix.v hard/Tile/PIO8/PIO8_ConfigMem.v hard/Tile/PIO8/PIO8.v
  hierarchy -check -top PIO8
  synth -top PIO8 -flatten
  techmap -map /home/matthias/prog/janestreet/fabulous-notes/synth/sg13g2_latchmap.v
  dfflibmap -liberty /home/matthias/prog/janestreet/pio-area-notes/sg13g2/sg13g2_stdcell_typ_1p20V_25C.lib
  abc -liberty /home/matthias/prog/janestreet/pio-area-notes/sg13g2/sg13g2_stdcell_typ_1p20V_25C.lib
  opt_clean
  stat -liberty /home/matthias/prog/janestreet/pio-area-notes/sg13g2/sg13g2_stdcell_typ_1p20V_25C.lib
' --

1. Executing Verilog-2005 frontend: /home/matthias/prog/janestreet/fabulous-notes/synth/models_pack_onelatch.v
Parsing SystemVerilog input from `/home/matthias/prog/janestreet/fabulous-notes/synth/models_pack_onelatch.v' to AST representation.
Generating RTLIL representation for module `\config_latch'.
Generating RTLIL representation for module `\my_buf'.
Generating RTLIL representation for module `\clk_buf'.
Generating RTLIL representation for module `\cus_mux41'.
Generating RTLIL representation for module `\cus_mux21'.
Generating RTLIL representation for module `\cus_mux81'.
Generating RTLIL representation for module `\cus_mux161'.
Successfully finished Verilog frontend.

2. Executing Verilog-2005 frontend: hard/Tile/PIO8/PIO8_bel.v
Parsing SystemVerilog input from `hard/Tile/PIO8/PIO8_bel.v' to AST representation.
Generating RTLIL representation for module `\PIO8_bel'.
Successfully finished Verilog frontend.

3. Executing Verilog-2005 frontend: hard/Tile/PIO8/PIO8_switch_matrix.v
Parsing SystemVerilog input from `hard/Tile/PIO8/PIO8_switch_matrix.v' to AST representation.
Generating RTLIL representation for module `\PIO8_switch_matrix'.
Successfully finished Verilog frontend.

4. Executing Verilog-2005 frontend: hard/Tile/PIO8/PIO8_ConfigMem.v
Parsing SystemVerilog input from `hard/Tile/PIO8/PIO8_ConfigMem.v' to AST representation.
Generating RTLIL representation for module `\PIO8_ConfigMem'.
Successfully finished Verilog frontend.

5. Executing Verilog-2005 frontend: hard/Tile/PIO8/PIO8.v
Parsing SystemVerilog input from `hard/Tile/PIO8/PIO8.v' to AST representation.
Generating RTLIL representation for module `\PIO8'.
Successfully finished Verilog frontend.

6. Executing HIERARCHY pass (managing design hierarchy).

6.1. Analyzing design hierarchy..
Top module:  \PIO8
Used module:     \PIO8_switch_matrix
Used module:         \cus_mux81
Used module:             \cus_mux21
Used module:             \cus_mux41
Used module:         \cus_mux161
Used module:     \PIO8_bel
Used module:     \PIO8_ConfigMem
Used module:         \config_latch
Used module:     \clk_buf
Used module:     \my_buf

6.2. Analyzing design hierarchy..
Top module:  \PIO8
Used module:     \PIO8_switch_matrix
Used module:         \cus_mux81
Used module:             \cus_mux21
Used module:             \cus_mux41
Used module:         \cus_mux161
Used module:     \PIO8_bel
Used module:     \PIO8_ConfigMem
Used module:         \config_latch
Used module:     \clk_buf
Used module:     \my_buf
Removed 0 unused modules.

7. Executing SYNTH pass.

7.1. Executing HIERARCHY pass (managing design hierarchy).

7.1.1. Analyzing design hierarchy..
Top module:  \PIO8
Used module:     \PIO8_switch_matrix
Used module:         \cus_mux81
Used module:             \cus_mux21
Used module:             \cus_mux41
Used module:         \cus_mux161
Used module:     \PIO8_bel
Used module:     \PIO8_ConfigMem
Used module:         \config_latch
Used module:     \clk_buf
Used module:     \my_buf

7.1.2. Analyzing design hierarchy..
Top module:  \PIO8
Used module:     \PIO8_switch_matrix
Used module:         \cus_mux81
Used module:             \cus_mux21
Used module:             \cus_mux41
Used module:         \cus_mux161
Used module:     \PIO8_bel
Used module:     \PIO8_ConfigMem
Used module:         \config_latch
Used module:     \clk_buf
Used module:     \my_buf
Removed 0 unused modules.

7.2. Executing PROC pass (convert processes to netlists).

7.2.1. Executing PROC_CLEAN pass (remove empty switches from decision trees).
Cleaned up 0 empty switches.

7.2.2. Executing PROC_RMDEAD pass (remove dead branches from decision trees).
Marked 1 switch rules as full_case in process $proc$hard/Tile/PIO8/PIO8_bel.v:16$7 in module PIO8_bel.
Marked 1 switch rules as full_case in process $proc$/home/matthias/prog/janestreet/fabulous-notes/synth/models_pack_onelatch.v:10$1 in module config_latch.
Removed a total of 0 dead cases.

7.2.3. Executing PROC_PRUNE pass (remove redundant assignments in processes).
Removed 0 redundant assignments.
Promoted 1 assignment to connection.

7.2.4. Executing PROC_INIT pass (extract init attributes).

7.2.5. Executing PROC_ARST pass (detect async resets in processes).

7.2.6. Executing PROC_ROM pass (convert switches to ROMs).
Converted 0 switches.
<suppressed ~3 debug messages>

7.2.7. Executing PROC_MUX pass (convert decision trees to multiplexers).
Creating decoders for process `\PIO8_bel.$proc$hard/Tile/PIO8/PIO8_bel.v:16$7'.
     1/2: $0\cnt[3:0]
     2/2: $0\sr[7:0]
Creating decoders for process `\config_latch.$proc$/home/matthias/prog/janestreet/fabulous-notes/synth/models_pack_onelatch.v:10$1'.
     1/1: $1\Q[0:0]

7.2.8. Executing PROC_DLATCH pass (convert process syncs to latches).
Warning: Latch inferred for signal `\config_latch.\Q' from process `\config_latch.$proc$/home/matthias/prog/janestreet/fabulous-notes/synth/models_pack_onelatch.v:10$1': $auto$proc_dlatch.cc:547:proc_dlatch$39

7.2.9. Executing PROC_DFF pass (convert process syncs to FFs).
Creating register for signal `\PIO8_bel.\sr' using process `\PIO8_bel.$proc$hard/Tile/PIO8/PIO8_bel.v:16$7'.
  created $dff cell `$procdff$40' with positive edge clock.
Creating register for signal `\PIO8_bel.\cnt' using process `\PIO8_bel.$proc$hard/Tile/PIO8/PIO8_bel.v:16$7'.
  created $dff cell `$procdff$41' with positive edge clock.

7.2.10. Executing PROC_MEMWR pass (convert process memory writes to cells).

7.2.11. Executing PROC_CLEAN pass (remove empty switches from decision trees).
Found and cleaned up 2 empty switches in `\PIO8_bel.$proc$hard/Tile/PIO8/PIO8_bel.v:16$7'.
Removing empty process `PIO8_bel.$proc$hard/Tile/PIO8/PIO8_bel.v:16$7'.
Found and cleaned up 1 empty switch in `\config_latch.$proc$/home/matthias/prog/janestreet/fabulous-notes/synth/models_pack_onelatch.v:10$1'.
Removing empty process `config_latch.$proc$/home/matthias/prog/janestreet/fabulous-notes/synth/models_pack_onelatch.v:10$1'.
Cleaned up 3 empty switches.

7.2.12. Executing OPT_EXPR pass (perform const folding).
Optimizing module PIO8.
Optimizing module PIO8_ConfigMem.
Optimizing module PIO8_switch_matrix.
Optimizing module PIO8_bel.
<suppressed ~2 debug messages>
Optimizing module cus_mux161.
Optimizing module cus_mux81.
Optimizing module cus_mux21.
Optimizing module cus_mux41.
Optimizing module clk_buf.
Optimizing module my_buf.
Optimizing module config_latch.
<suppressed ~7 debug messages>

7.3. Executing CHECK pass (checking for obvious problems).
Checking module PIO8...
Checking module PIO8_ConfigMem...
Checking module PIO8_switch_matrix...
Checking module PIO8_bel...
Checking module cus_mux161...
Checking module cus_mux81...
Checking module cus_mux21...
Checking module cus_mux41...
Checking module clk_buf...
Checking module my_buf...
Checking module config_latch...
Found and reported 0 problems.

7.4. Executing FLATTEN pass (flatten design).
Deleting now unused module PIO8_ConfigMem.
Deleting now unused module PIO8_switch_matrix.
Deleting now unused module PIO8_bel.
Deleting now unused module cus_mux161.
Deleting now unused module cus_mux81.
Deleting now unused module cus_mux21.
Deleting now unused module cus_mux41.
Deleting now unused module clk_buf.
Deleting now unused module my_buf.
Deleting now unused module config_latch.
<suppressed ~847 debug messages>

7.5. Executing OPT_EXPR pass (perform const folding).
Optimizing module PIO8.
<suppressed ~128 debug messages>

7.6. Executing OPT_CLEAN pass (remove unused cells and wires).
Finding unused cells or wires in module \PIO8..
Removed 868 unused cells and 6166 unused wires.
<suppressed ~2156 debug messages>

7.7. Executing CHECK pass (checking for obvious problems).
Checking module PIO8...
Found and reported 0 problems.

7.8. Executing OPT pass (performing simple optimizations).

7.8.1. Executing OPT_EXPR pass (perform const folding).
Optimizing module PIO8.

7.8.2. Executing OPT_MERGE pass (detect identical cells).
Finding identical cells in module `\PIO8'.
Computing hashes of 2196 cells of `\PIO8'.
Finding duplicate cells in `\PIO8'.
Removed a total of 0 cells.

7.8.3. Executing OPT_MUXTREE pass (detect dead branches in mux trees).
Running muxtree optimizer on module \PIO8..
  Creating internal representation of mux trees.
  Evaluating internal representation of mux trees.
  Analyzing evaluation results.
Removed 0 multiplexer ports.
<suppressed ~1286 debug messages>

7.8.4. Executing OPT_REDUCE pass (consolidate $*mux and $reduce_* inputs).
  Optimizing cells in module \PIO8.
Performed a total of 0 changes.

7.8.5. Executing OPT_MERGE pass (detect identical cells).
Finding identical cells in module `\PIO8'.
Computing hashes of 2196 cells of `\PIO8'.
Finding duplicate cells in `\PIO8'.
Removed a total of 0 cells.

7.8.6. Executing OPT_DFF pass (perform DFF optimizations).

7.8.7. Executing OPT_CLEAN pass (remove unused cells and wires).
Finding unused cells or wires in module \PIO8..

7.8.8. Executing OPT_EXPR pass (perform const folding).
Optimizing module PIO8.

7.8.9. Finished fast OPT passes. (There is nothing left to do.)

7.9. Executing FSM pass (extract and optimize FSM).

7.9.1. Executing FSM_DETECT pass (finding FSMs in design).

7.9.2. Executing FSM_EXTRACT pass (extracting FSM from design).

7.9.3. Executing FSM_OPT pass (simple optimizations of FSMs).

7.9.4. Executing OPT_CLEAN pass (remove unused cells and wires).
Finding unused cells or wires in module \PIO8..

7.9.5. Executing FSM_OPT pass (simple optimizations of FSMs).

7.9.6. Executing FSM_RECODE pass (re-assigning FSM state encoding).

7.9.7. Executing FSM_INFO pass (dumping all available information on FSM cells).

7.9.8. Executing FSM_MAP pass (mapping FSMs to basic logic).

7.10. Executing OPT pass (performing simple optimizations).

7.10.1. Executing OPT_EXPR pass (perform const folding).
Optimizing module PIO8.

7.10.2. Executing OPT_MERGE pass (detect identical cells).
Finding identical cells in module `\PIO8'.
Computing hashes of 2196 cells of `\PIO8'.
Finding duplicate cells in `\PIO8'.
Removed a total of 0 cells.

7.10.3. Executing OPT_MUXTREE pass (detect dead branches in mux trees).
Running muxtree optimizer on module \PIO8..
  Creating internal representation of mux trees.
  Evaluating internal representation of mux trees.
  Analyzing evaluation results.
Removed 0 multiplexer ports.
<suppressed ~1286 debug messages>

7.10.4. Executing OPT_REDUCE pass (consolidate $*mux and $reduce_* inputs).
  Optimizing cells in module \PIO8.
Performed a total of 0 changes.

7.10.5. Executing OPT_MERGE pass (detect identical cells).
Finding identical cells in module `\PIO8'.
Computing hashes of 2196 cells of `\PIO8'.
Finding duplicate cells in `\PIO8'.
Removed a total of 0 cells.

7.10.6. Executing OPT_DFF pass (perform DFF optimizations).
Adding SRST signal on $flatten\Inst_PIO8_bel.$procdff$41 ($dff) from module PIO8 (D = $flatten\Inst_PIO8_bel.$procmux$16_Y, Q = \Inst_PIO8_bel.cnt, rval = 4'1000).
Adding EN signal on $auto$ff.cc:337:slice$889 ($sdff) from module PIO8 (D = $flatten\Inst_PIO8_bel.$sub$hard/Tile/PIO8/PIO8_bel.v:20$13_Y, Q = \Inst_PIO8_bel.cnt).
Adding EN signal on $flatten\Inst_PIO8_bel.$procdff$40 ($dff) from module PIO8 (D = $flatten\Inst_PIO8_bel.$0\sr[7:0], Q = \Inst_PIO8_bel.sr).

7.10.7. Executing OPT_CLEAN pass (remove unused cells and wires).
Finding unused cells or wires in module \PIO8..
Removed 2 unused cells and 2 unused wires.
<suppressed ~3 debug messages>

7.10.8. Executing OPT_EXPR pass (perform const folding).
Optimizing module PIO8.
<suppressed ~1 debug messages>

7.10.9. Rerunning OPT passes. (Maybe there is more to do..)

7.10.10. Executing OPT_MUXTREE pass (detect dead branches in mux trees).
Running muxtree optimizer on module \PIO8..
  Creating internal representation of mux trees.
  Evaluating internal representation of mux trees.
  Analyzing evaluation results.
Removed 0 multiplexer ports.
<suppressed ~1283 debug messages>

7.10.11. Executing OPT_REDUCE pass (consolidate $*mux and $reduce_* inputs).
  Optimizing cells in module \PIO8.
Performed a total of 0 changes.

7.10.12. Executing OPT_MERGE pass (detect identical cells).
Finding identical cells in module `\PIO8'.
Computing hashes of 2195 cells of `\PIO8'.
Finding duplicate cells in `\PIO8'.
Removed a total of 0 cells.

7.10.13. Executing OPT_DFF pass (perform DFF optimizations).

7.10.14. Executing OPT_CLEAN pass (remove unused cells and wires).
Finding unused cells or wires in module \PIO8..

7.10.15. Executing OPT_EXPR pass (perform const folding).
Optimizing module PIO8.

7.10.16. Finished fast OPT passes. (There is nothing left to do.)

7.11. Executing WREDUCE pass (reducing word size of cells).
Removed top 3 bits (of 4) from port B of cell PIO8.$flatten\Inst_PIO8_bel.$sub$hard/Tile/PIO8/PIO8_bel.v:20$13 ($sub).
Removed top 6 bits (of 394) from wire PIO8.ConfigBits.
Removed top 1 bits (of 4) from wire PIO8.J_l_EF_BEG.
Removed top 2 bits (of 4) from wire PIO8.J_l_CD_BEG.

7.12. Executing PEEPOPT pass (run peephole optimizers).

7.13. Executing OPT_CLEAN pass (remove unused cells and wires).
Finding unused cells or wires in module \PIO8..
Removed 0 unused cells and 3 unused wires.
<suppressed ~1 debug messages>

7.14. Executing ALUMACC pass (create $alu and $macc cells).
Extracting $alu and $macc cells in module PIO8:
  creating $macc model for $flatten\Inst_PIO8_bel.$sub$hard/Tile/PIO8/PIO8_bel.v:20$13 ($sub).
  creating $alu model for $macc $flatten\Inst_PIO8_bel.$sub$hard/Tile/PIO8/PIO8_bel.v:20$13.
  creating $alu cell for $flatten\Inst_PIO8_bel.$sub$hard/Tile/PIO8/PIO8_bel.v:20$13: $auto$alumacc.cc:548:replace_alu$897
  created 1 $alu and 0 $macc cells.

7.15. Executing SHARE pass (SAT-based resource sharing).

7.16. Executing OPT pass (performing simple optimizations).

7.16.1. Executing OPT_EXPR pass (perform const folding).
Optimizing module PIO8.

7.16.2. Executing OPT_MERGE pass (detect identical cells).
Finding identical cells in module `\PIO8'.
Computing hashes of 2195 cells of `\PIO8'.
Finding duplicate cells in `\PIO8'.
Removed a total of 0 cells.

7.16.3. Executing OPT_MUXTREE pass (detect dead branches in mux trees).
Running muxtree optimizer on module \PIO8..
  Creating internal representation of mux trees.
  Evaluating internal representation of mux trees.
  Analyzing evaluation results.
Removed 0 multiplexer ports.
<suppressed ~1283 debug messages>

7.16.4. Executing OPT_REDUCE pass (consolidate $*mux and $reduce_* inputs).
  Optimizing cells in module \PIO8.
Performed a total of 0 changes.

7.16.5. Executing OPT_MERGE pass (detect identical cells).
Finding identical cells in module `\PIO8'.
Computing hashes of 2195 cells of `\PIO8'.
Finding duplicate cells in `\PIO8'.
Removed a total of 0 cells.

7.16.6. Executing OPT_DFF pass (perform DFF optimizations).

7.16.7. Executing OPT_CLEAN pass (remove unused cells and wires).
Finding unused cells or wires in module \PIO8..

7.16.8. Executing OPT_EXPR pass (perform const folding).
Optimizing module PIO8.

7.16.9. Finished fast OPT passes. (There is nothing left to do.)

7.17. Executing MEMORY pass.

7.17.1. Executing OPT_MEM pass (optimize memories).
Performed a total of 0 transformations.

7.17.2. Executing OPT_MEM_PRIORITY pass (removing unnecessary memory write priority relations).
Performed a total of 0 transformations.

7.17.3. Executing OPT_MEM_FEEDBACK pass (finding memory read-to-write feedback paths).

7.17.4. Executing MEMORY_BMUX2ROM pass (converting muxes to ROMs).

7.17.5. Executing MEMORY_DFF pass (merging $dff cells to $memrd).

7.17.6. Executing OPT_CLEAN pass (remove unused cells and wires).
Finding unused cells or wires in module \PIO8..

7.17.7. Executing MEMORY_SHARE pass (consolidating $memrd/$memwr cells).

7.17.8. Executing OPT_MEM_WIDEN pass (optimize memories where all ports are wide).
Performed a total of 0 transformations.

7.17.9. Executing OPT_CLEAN pass (remove unused cells and wires).
Finding unused cells or wires in module \PIO8..

7.17.10. Executing MEMORY_COLLECT pass (generating $mem cells).

7.18. Executing OPT_CLEAN pass (remove unused cells and wires).
Finding unused cells or wires in module \PIO8..

7.19. Executing OPT pass (performing simple optimizations).

7.19.1. Executing OPT_EXPR pass (perform const folding).
Optimizing module PIO8.
<suppressed ~68 debug messages>

7.19.2. Executing OPT_MERGE pass (detect identical cells).
Finding identical cells in module `\PIO8'.
Computing hashes of 2194 cells of `\PIO8'.
Finding duplicate cells in `\PIO8'.
Removed a total of 0 cells.

7.19.3. Executing OPT_DFF pass (perform DFF optimizations).

7.19.4. Executing OPT_CLEAN pass (remove unused cells and wires).
Finding unused cells or wires in module \PIO8..
Removed 0 unused cells and 1 unused wires.
<suppressed ~1 debug messages>

7.19.5. Finished fast OPT passes.

7.20. Executing MEMORY_MAP pass (converting memories to logic and flip-flops).

7.21. Executing OPT pass (performing simple optimizations).

7.21.1. Executing OPT_EXPR pass (perform const folding).
Optimizing module PIO8.

7.21.2. Executing OPT_MERGE pass (detect identical cells).
Finding identical cells in module `\PIO8'.
Computing hashes of 2194 cells of `\PIO8'.
Finding duplicate cells in `\PIO8'.
Removed a total of 0 cells.

7.21.3. Executing OPT_MUXTREE pass (detect dead branches in mux trees).
Running muxtree optimizer on module \PIO8..
  Creating internal representation of mux trees.
  Evaluating internal representation of mux trees.
  Analyzing evaluation results.
Removed 0 multiplexer ports.
<suppressed ~1282 debug messages>

7.21.4. Executing OPT_REDUCE pass (consolidate $*mux and $reduce_* inputs).
  Optimizing cells in module \PIO8.
Performed a total of 0 changes.

7.21.5. Executing OPT_MERGE pass (detect identical cells).
Finding identical cells in module `\PIO8'.
Computing hashes of 2194 cells of `\PIO8'.
Finding duplicate cells in `\PIO8'.
Removed a total of 0 cells.

7.21.6. Executing OPT_SHARE pass.

7.21.7. Executing OPT_DFF pass (perform DFF optimizations).

7.21.8. Executing OPT_CLEAN pass (remove unused cells and wires).
Finding unused cells or wires in module \PIO8..

7.21.9. Executing OPT_EXPR pass (perform const folding).
Optimizing module PIO8.

7.21.10. Finished fast OPT passes. (There is nothing left to do.)

7.22. Executing TECHMAP pass (map to technology primitives).

7.22.1. Executing Verilog-2005 frontend: /home/matthias/prog/janestreet/hardware-2026-08/oss-cad-suite/lib/../share/yosys/techmap.v
Parsing Verilog input from `/home/matthias/prog/janestreet/hardware-2026-08/oss-cad-suite/lib/../share/yosys/techmap.v' to AST representation.
Generating RTLIL representation for module `\_90_simplemap_bool_ops'.
Generating RTLIL representation for module `\_90_simplemap_reduce_ops'.
Generating RTLIL representation for module `\_90_simplemap_logic_ops'.
Generating RTLIL representation for module `\_90_simplemap_compare_ops'.
Generating RTLIL representation for module `\_90_simplemap_various'.
Generating RTLIL representation for module `\_90_simplemap_registers'.
Generating RTLIL representation for module `\_90_shift_ops_shr_shl_sshl_sshr'.
Generating RTLIL representation for module `\_90_shift_shiftx'.
Generating RTLIL representation for module `\_90_fa'.
Generating RTLIL representation for module `\_90_lcu_brent_kung'.
Generating RTLIL representation for module `\_90_alu'.
Generating RTLIL representation for module `\_90_macc'.
Generating RTLIL representation for module `\_90_alumacc'.
Generating RTLIL representation for module `$__div_mod_u'.
Generating RTLIL representation for module `$__div_mod_trunc'.
Generating RTLIL representation for module `\_90_div'.
Generating RTLIL representation for module `\_90_mod'.
Generating RTLIL representation for module `$__div_mod_floor'.
Generating RTLIL representation for module `\_90_divfloor'.
Generating RTLIL representation for module `\_90_modfloor'.
Generating RTLIL representation for module `\_90_pow'.
Generating RTLIL representation for module `\_90_demux'.
Generating RTLIL representation for module `\_90_lut'.
Generating RTLIL representation for module `$connect'.
Generating RTLIL representation for module `$input_port'.
Successfully finished Verilog frontend.

7.22.2. Continuing TECHMAP pass.
Using template $paramod$8742280fdebca84e1c87f2a86ed84f62d558f4cc\_90_alu for cells of type $alu.
Using extmapper simplemap for cells of type $reduce_bool.
Using extmapper simplemap for cells of type $dffe.
Using extmapper simplemap for cells of type $sdffe.
Using extmapper simplemap for cells of type $dlatch.
Using extmapper simplemap for cells of type $mux.
Using extmapper simplemap for cells of type $logic_not.
Using extmapper simplemap for cells of type $logic_and.
Using extmapper simplemap for cells of type $not.
Using extmapper simplemap for cells of type $pos.
Using template $paramod\_90_fa\WIDTH=32'00000000000000000000000000000100 for cells of type $fa.
Using template $paramod\_90_lcu_brent_kung\WIDTH=32'00000000000000000000000000000100 for cells of type $lcu.
Using extmapper simplemap for cells of type $xor.
Using extmapper simplemap for cells of type $and.
Using extmapper simplemap for cells of type $or.
No more expansions possible.
<suppressed ~1370 debug messages>

7.23. Executing OPT pass (performing simple optimizations).

7.23.1. Executing OPT_EXPR pass (perform const folding).
Optimizing module PIO8.
<suppressed ~32 debug messages>

7.23.2. Executing OPT_MERGE pass (detect identical cells).
Finding identical cells in module `\PIO8'.
Computing hashes of 2252 cells of `\PIO8'.
Finding duplicate cells in `\PIO8'.
Computing hashes of 2250 cells of `\PIO8'.
Finding duplicate cells in `\PIO8'.
Computing hashes of 2249 cells of `\PIO8'.
Finding duplicate cells in `\PIO8'.
<suppressed ~9 debug messages>
Removed a total of 3 cells.

7.23.3. Executing OPT_DFF pass (perform DFF optimizations).

7.23.4. Executing OPT_CLEAN pass (remove unused cells and wires).
Finding unused cells or wires in module \PIO8..
Removed 5 unused cells and 52 unused wires.
<suppressed ~6 debug messages>

7.23.5. Finished fast OPT passes.

7.24. Executing ABC pass (technology mapping using ABC).

7.24.1. Extracting gate netlist of module `\PIO8' to `<abc-temp-dir>/input.blif'..

7.24.1.1. Executed ABC.
Extracted 803 gates and 1288 wires to a netlist network with 484 inputs and 91 outputs.
Running ABC script: <abc-temp-dir>/abc.script
ABC: UC Berkeley, ABC 1.01 (compiled Aug 21 2026 02:12:29)
ABC: abc 01> empty
ABC: abc 01> source <abc-temp-dir>/abc.script
ABC: + read_blif <abc-temp-dir>/input.blif 
ABC: + read_library <abc-temp-dir>/stdcells.genlib 
ABC: + strash 
ABC: + &get -n 
ABC: + &fraig -x 
ABC: + &put 
ABC: + scorr 
ABC: Warning: The network is combinational (run "fraig" or "fraig_sweep").
ABC: + dc2 
ABC: + dretime 
ABC: + strash 
ABC: + &get -n 
ABC: + &dch -f 
ABC: + &nf 
ABC: + &put 
ABC: + write_blif <abc-temp-dir>/output.blif 
ABC: 
ABC: YOSYS_ABC_DONE 

7.24.1.2. Re-integrating ABC results.
ABC RESULTS:               AND cells:      172
ABC RESULTS:            ANDNOT cells:      109
ABC RESULTS:               MUX cells:      398
ABC RESULTS:              NAND cells:      309
ABC RESULTS:               NOR cells:      102
ABC RESULTS:               NOT cells:       12
ABC RESULTS:                OR cells:      179
ABC RESULTS:             ORNOT cells:      137
ABC RESULTS:              XNOR cells:        5
ABC RESULTS:               XOR cells:        1
ABC RESULTS:        internal signals:      713
ABC RESULTS:           input signals:      484
ABC RESULTS:          output signals:       91
Removing temp directory.
Removing global temp directory.

7.25. Executing OPT pass (performing simple optimizations).

7.25.1. Executing OPT_EXPR pass (perform const folding).
Optimizing module PIO8.

7.25.2. Executing OPT_MERGE pass (detect identical cells).
Finding identical cells in module `\PIO8'.
Computing hashes of 2865 cells of `\PIO8'.
Finding duplicate cells in `\PIO8'.
Removed a total of 0 cells.

7.25.3. Executing OPT_DFF pass (perform DFF optimizations).

7.25.4. Executing OPT_CLEAN pass (remove unused cells and wires).
Finding unused cells or wires in module \PIO8..
Removed 0 unused cells and 2083 unused wires.
<suppressed ~1507 debug messages>

7.25.5. Finished fast OPT passes.

7.26. Executing HIERARCHY pass (managing design hierarchy).
Attribute `top' found on module `PIO8'. Setting top module to PIO8.

7.26.1. Analyzing design hierarchy..
Top module:  \PIO8

7.26.2. Analyzing design hierarchy..
Top module:  \PIO8
Removed 0 unused modules.

7.27. Printing statistics.

=== PIO8 ===

        +----------Local Count, excluding submodules.
        | 
     6129 wires
     8878 wire bits
     4785 public wires
     7531 public wire bits
       48 ports
      508 port bits
     2865 cells
      109   $_ANDNOT_
      172   $_AND_
        8   $_DFFE_PP_
      364   $_DLATCH_P_
      398   $_MUX_
      309   $_NAND_
      102   $_NOR_
       12   $_NOT_
      137   $_ORNOT_
      179   $_OR_
        3   $_SDFFE_PP0P_
        1   $_SDFFE_PP1P_
        5   $_XNOR_
        1   $_XOR_
     1065   $scopeinfo

7.28. Executing CHECK pass (checking for obvious problems).
Checking module PIO8...
Found and reported 0 problems.

8. Executing TECHMAP pass (map to technology primitives).

8.1. Executing Verilog-2005 frontend: /home/matthias/prog/janestreet/fabulous-notes/synth/sg13g2_latchmap.v
Parsing Verilog input from `/home/matthias/prog/janestreet/fabulous-notes/synth/sg13g2_latchmap.v' to AST representation.
Generating RTLIL representation for module `$_DLATCH_P_'.
Successfully finished Verilog frontend.

8.2. Continuing TECHMAP pass.
Using template $_DLATCH_P_ for cells of type $_DLATCH_P_.
No more expansions possible.
<suppressed ~367 debug messages>

9. Executing DFFLIBMAP pass (mapping DFF/DLATCH cells to sequential cells from liberty file).
  cell sg13g2_dfrbpq_1 (noninv, pins=4, area=48.99) is a direct match for cell type $_DFF_PN0_.
  cell sg13g2_dlhq_1 (noninv, pins=3, area=30.84) is a direct match for cell type $_DLATCH_P_.
  cell sg13g2_dllrq_1 (noninv, pins=4, area=29.03) is a direct match for cell type $_DLATCH_NN0_.
  cell sg13g2_dlhrq_1 (noninv, pins=4, area=27.22) is a direct match for cell type $_DLATCH_PN0_.
  final dff/dlatch cell mappings:
    unmapped dff/dlatch cell: $_DFF_N_
    unmapped dff/dlatch cell: $_DFF_P_
    unmapped dff/dlatch cell: $_DFF_NN0_
    unmapped dff/dlatch cell: $_DFF_NN1_
    unmapped dff/dlatch cell: $_DFF_NP0_
    unmapped dff/dlatch cell: $_DFF_NP1_
    \sg13g2_dfrbpq_1 _DFF_PN0_ (.CLK( C), .D( D), .Q( Q), .RESET_B( R));
    unmapped dff/dlatch cell: $_DFF_PN1_
    unmapped dff/dlatch cell: $_DFF_PP0_
    unmapped dff/dlatch cell: $_DFF_PP1_
    unmapped dff/dlatch cell: $_DFFE_NN_
    unmapped dff/dlatch cell: $_DFFE_NP_
    unmapped dff/dlatch cell: $_DFFE_PN_
    unmapped dff/dlatch cell: $_DFFE_PP_
    unmapped dff/dlatch cell: $_DFFSR_NNN_
    unmapped dff/dlatch cell: $_DFFSR_NNP_
    unmapped dff/dlatch cell: $_DFFSR_NPN_
    unmapped dff/dlatch cell: $_DFFSR_NPP_
    unmapped dff/dlatch cell: $_DFFSR_PNN_
    unmapped dff/dlatch cell: $_DFFSR_PNP_
    unmapped dff/dlatch cell: $_DFFSR_PPN_
    unmapped dff/dlatch cell: $_DFFSR_PPP_
    unmapped dff/dlatch cell: $_DLATCH_N_
    \sg13g2_dlhq_1 _DLATCH_P_ (.D( D), .GATE( E), .Q( Q));
    \sg13g2_dllrq_1 _DLATCH_NN0_ (.D( D), .GATE_N( E), .Q( Q), .RESET_B( R));
    unmapped dff/dlatch cell: $_DLATCH_NN1_
    unmapped dff/dlatch cell: $_DLATCH_NP0_
    unmapped dff/dlatch cell: $_DLATCH_NP1_
    \sg13g2_dlhrq_1 _DLATCH_PN0_ (.D( D), .GATE( E), .Q( Q), .RESET_B( R));
    unmapped dff/dlatch cell: $_DLATCH_PN1_
    unmapped dff/dlatch cell: $_DLATCH_PP0_
    unmapped dff/dlatch cell: $_DLATCH_PP1_
    unmapped dff/dlatch cell: $_DLATCHSR_NNN_
    unmapped dff/dlatch cell: $_DLATCHSR_NNP_
    unmapped dff/dlatch cell: $_DLATCHSR_NPN_
    unmapped dff/dlatch cell: $_DLATCHSR_NPP_
    unmapped dff/dlatch cell: $_DLATCHSR_PNN_
    unmapped dff/dlatch cell: $_DLATCHSR_PNP_
    unmapped dff/dlatch cell: $_DLATCHSR_PPN_
    unmapped dff/dlatch cell: $_DLATCHSR_PPP_

9.1. Executing DFFLEGALIZE pass (convert FFs and LATCHes to types supported by the target).
<suppressed ~4 debug messages>
Mapping DFF/DLATCH cells in module `\PIO8':
  mapped 12 $_DFF_PN0_ cells to \sg13g2_dfrbpq_1 cells.

10. Executing ABC pass (technology mapping using ABC).

10.1. Extracting gate netlist of module `\PIO8' to `<abc-temp-dir>/input.blif'..
ABC: using cached merged SCL: /tmp/yosys-liberty-scl-cache/yosys_merged_aa53eb27.scl (1 files)

10.1.1. Executed ABC.
Extracted 1440 gates and 1926 wires to a netlist network with 484 inputs and 88 outputs.
Running ABC script: <abc-temp-dir>/abc.script
ABC: UC Berkeley, ABC 1.01 (compiled Aug 21 2026 02:12:29)
ABC: abc 01> empty
ABC: abc 01> source <abc-temp-dir>/abc.script
ABC: + read_blif <abc-temp-dir>/input.blif 
ABC: + read_scl /tmp/yosys-liberty-scl-cache/yosys_merged_aa53eb27.scl 
ABC: + strash 
ABC: + &get -n 
ABC: + &fraig -x 
ABC: + &put 
ABC: + scorr 
ABC: Warning: The network is combinational (run "fraig" or "fraig_sweep").
ABC: + dc2 
ABC: + dretime 
ABC: + strash 
ABC: + &get -n 
ABC: + &dch -f 
ABC: + &nf 
ABC: + &put 
ABC: + write_blif <abc-temp-dir>/output.blif 
ABC: 
ABC: YOSYS_ABC_DONE 

10.1.2. Re-integrating ABC results.
ABC RESULTS:     sg13g2_a21o_1 cells:        9
ABC RESULTS:    sg13g2_a21oi_1 cells:      105
ABC RESULTS:   sg13g2_a221oi_1 cells:       14
ABC RESULTS:    sg13g2_a22oi_1 cells:       18
ABC RESULTS:     sg13g2_and2_1 cells:       10
ABC RESULTS:      sg13g2_inv_1 cells:       84
ABC RESULTS:     sg13g2_mux2_1 cells:       33
ABC RESULTS:     sg13g2_mux4_1 cells:      150
ABC RESULTS:    sg13g2_nand2_1 cells:       38
ABC RESULTS:   sg13g2_nand2b_1 cells:       27
ABC RESULTS:    sg13g2_nand3_1 cells:       10
ABC RESULTS:   sg13g2_nand3b_1 cells:        6
ABC RESULTS:     sg13g2_nor2_1 cells:       39
ABC RESULTS:    sg13g2_nor2b_1 cells:       12
ABC RESULTS:     sg13g2_nor3_1 cells:       18
ABC RESULTS:     sg13g2_nor4_1 cells:        4
ABC RESULTS:    sg13g2_o21ai_1 cells:      131
ABC RESULTS:      sg13g2_or2_1 cells:        9
ABC RESULTS:      sg13g2_or3_1 cells:        4
ABC RESULTS:      sg13g2_or4_1 cells:        1
ABC RESULTS:     sg13g2_xor2_1 cells:        1
ABC RESULTS:        internal signals:     1354
ABC RESULTS:           input signals:      484
ABC RESULTS:          output signals:       88
Removing temp directory.
Removing global temp directory.

11. Executing OPT_CLEAN pass (remove unused cells and wires).
Finding unused cells or wires in module \PIO8..
Removed 0 unused cells and 3016 unused wires.
<suppressed ~5 debug messages>

12. Printing statistics.

=== PIO8 ===

        +----------Local Count, excluding submodules.
        |        +-Local Area, excluding submodules.
        |        | 
     5428        - wires
     8174        - wire bits
     4781        - public wires
     7527        - public wire bits
       48        - ports
      508        - port bits
     2164 2.28E+04 cells
     1065        -   $scopeinfo
        9  114.307   sg13g2_a21o_1
      105   952.56   sg13g2_a21oi_1
       14  203.213   sg13g2_a221oi_1
       18  195.275   sg13g2_a22oi_1
       10    90.72   sg13g2_and2_1
       12  587.866   sg13g2_dfrbpq_1
      364 1.12E+04   sg13g2_dlhq_1
       84  457.229   sg13g2_inv_1
       33  598.752   sg13g2_mux2_1
      150  5715.36   sg13g2_mux4_1
       38  275.789   sg13g2_nand2_1
       27  244.944   sg13g2_nand2b_1
       10    90.72   sg13g2_nand3_1
        6   76.205   sg13g2_nand3b_1
       39  283.046   sg13g2_nor2_1
       12  108.864   sg13g2_nor2b_1
       18  163.296   sg13g2_nor3_1
        4   43.546   sg13g2_nor4_1
      131 1.19E+03   sg13g2_o21ai_1
        9   81.648   sg13g2_or2_1
        4   50.803   sg13g2_or3_1
        1   14.515   sg13g2_or4_1
        1   14.515   sg13g2_xor2_1

   Area for cell type $scopeinfo is unknown!

   Chip area for module '\PIO8': 22779.111600
     of which used for sequential elements: 587.865600 (2.58%)

Warnings: 1 unique messages, 1 total
End of script. Logfile hash: 6db140f2f5, time: 0.49s, user: 0.33s, system: 0.02s, MEM: 52.23 MB peak
Yosys 0.68+118 (git sha1 144c707b7-dirty, Release, Clang /usr/bin/clang++ 21.1.8)
Time spent: 35% 2x abc (0 sec), 20% 16x opt_clean (0 sec), ...
