Info: constraining clock net 'clk_25mhz' to 25.00 MHz

Info: Logic utilisation before packing:
Info:     Total LUT4s:      2784/83640     3%
Info:         logic LUTs:   2202/83640     2%
Info:         carry LUTs:    402/83640     0%
Info:           RAM LUTs:    120/10455     1%
Info:          RAMW LUTs:     60/20910     0%

Info:      Total DFFs:      1739/83640     2%

Info: Packing IOs..
Info: $usb_fpga_bd_dp$iobuf_i: usb_fpga_bd_dp_$_TBUF__Y.Y
Info: pin 'usb_fpga_bd_dp$tr_io' constrained to Bel 'X107/Y0/PIOA'.
Info: $usb_fpga_bd_dn$iobuf_i: usb_fpga_bd_dn_$_TBUF__Y.Y
Info: pin 'usb_fpga_bd_dn$tr_io' constrained to Bel 'X107/Y0/PIOB'.
Info: $gpdi_sda$iobuf_i: gpdi_sda_$_TBUF__Y.Y
Info: pin 'gpdi_sda$tr_io' constrained to Bel 'X119/Y0/PIOB'.
Info: $gpdi_scl$iobuf_i: gpdi_scl_$_TBUF__Y.Y
Info: pin 'gpdi_scl$tr_io' constrained to Bel 'X74/Y0/PIOB'.
Info: $gp[7]$iobuf_i: gp_$_TBUF__Y_7.Y
Info: pin 'gp[7]$tr_io' constrained to Bel 'X4/Y0/PIOA'.
Info: $gp[6]$iobuf_i: gp_$_TBUF__Y_6.Y
Info: pin 'gp[6]$tr_io' constrained to Bel 'X11/Y0/PIOA'.
Info: $gp[5]$iobuf_i: gp_$_TBUF__Y_5.Y
Info: pin 'gp[5]$tr_io' constrained to Bel 'X15/Y0/PIOA'.
Info: $gp[4]$iobuf_i: gp_$_TBUF__Y_4.Y
Info: pin 'gp[4]$tr_io' constrained to Bel 'X18/Y0/PIOA'.
Info: $gp[3]$iobuf_i: gp_$_TBUF__Y_3.Y
Info: pin 'gp[3]$tr_io' constrained to Bel 'X58/Y0/PIOA'.
Info: $gp[2]$iobuf_i: gp_$_TBUF__Y_2.Y
Info: pin 'gp[2]$tr_io' constrained to Bel 'X60/Y0/PIOA'.
Info: $gp[1]$iobuf_i: gp_$_TBUF__Y_1.Y
Info: pin 'gp[1]$tr_io' constrained to Bel 'X63/Y0/PIOA'.
Info: $gp[0]$iobuf_i: gp_$_TBUF__Y.Y
Info: pin 'gp[0]$tr_io' constrained to Bel 'X65/Y0/PIOA'.
Info: $gn[7]$iobuf_i: gn[7]$const$GND$4265.Y
Info: pin 'gn[7]$tr_io' constrained to Bel 'X4/Y0/PIOB'.
Info: $gn[6]$iobuf_i: gn[6]$const$GND$4264.Y
Info: pin 'gn[6]$tr_io' constrained to Bel 'X11/Y0/PIOB'.
Info: $gn[5]$iobuf_i: gn[5]$const$GND$4263.Y
Info: pin 'gn[5]$tr_io' constrained to Bel 'X15/Y0/PIOB'.
Info: $gn[4]$iobuf_i: gn[4]$const$GND$4262.Y
Info: pin 'gn[4]$tr_io' constrained to Bel 'X18/Y0/PIOB'.
Info: $gn[3]$iobuf_i: gn_$_TBUF__Y_3.Y
Info: pin 'gn[3]$tr_io' constrained to Bel 'X58/Y0/PIOB'.
Info: $gn[2]$iobuf_i: gn_$_TBUF__Y_2.Y
Info: pin 'gn[2]$tr_io' constrained to Bel 'X60/Y0/PIOB'.
Info: $gn[1]$iobuf_i: gn_$_TBUF__Y_1.Y
Info: pin 'gn[1]$tr_io' constrained to Bel 'X63/Y0/PIOB'.
Info: $gn[0]$iobuf_i: gn_$_TBUF__Y.Y
Info: pin 'gn[0]$tr_io' constrained to Bel 'X65/Y0/PIOB'.
Info: pin 'wifi_en$tr_io' constrained to Bel 'X0/Y47/PIOB'.
Info: pin 'usb_fpga_pu_dp$tr_io' constrained to Bel 'X71/Y0/PIOA'.
Info: pin 'usb_fpga_pu_dn$tr_io' constrained to Bel 'X71/Y0/PIOB'.
Info: pin 'led[7]$tr_io' constrained to Bel 'X0/Y41/PIOD'.
Info: pin 'led[6]$tr_io' constrained to Bel 'X0/Y38/PIOD'.
Info: pin 'led[5]$tr_io' constrained to Bel 'X0/Y44/PIOD'.
Info: pin 'led[4]$tr_io' constrained to Bel 'X0/Y38/PIOB'.
Info: pin 'led[3]$tr_io' constrained to Bel 'X0/Y38/PIOC'.
Info: pin 'led[2]$tr_io' constrained to Bel 'X0/Y38/PIOA'.
Info: pin 'led[1]$tr_io' constrained to Bel 'X0/Y35/PIOD'.
Info: pin 'led[0]$tr_io' constrained to Bel 'X0/Y35/PIOC'.
Info: pin 'ftdi_txd$tr_io' constrained to Bel 'X0/Y89/PIOB'.
Info: pin 'ftdi_rxd$tr_io' constrained to Bel 'X0/Y56/PIOC'.
Info: pin 'flash_wpn$tr_io' constrained to Bel 'X9/Y95/PIOB'.
Info: pin 'flash_mosi$tr_io' constrained to Bel 'X11/Y95/PIOB'.
Info: pin 'flash_miso$tr_io' constrained to Bel 'X11/Y95/PIOA'.
Info: pin 'flash_holdn$tr_io' constrained to Bel 'X9/Y95/PIOA'.
Info: pin 'flash_csn$tr_io' constrained to Bel 'X15/Y95/PIOA'.
Info: pin 'clk_25mhz$tr_io' constrained to Bel 'X0/Y47/PIOA'.
Info: pin 'btn[6]$tr_io' constrained to Bel 'X126/Y17/PIOD'.
Info: pin 'btn[5]$tr_io' constrained to Bel 'X6/Y95/PIOA'.
Info: pin 'btn[4]$tr_io' constrained to Bel 'X6/Y95/PIOB'.
Info: pin 'btn[3]$tr_io' constrained to Bel 'X126/Y89/PIOB'.
Info: pin 'btn[2]$tr_io' constrained to Bel 'X4/Y95/PIOB'.
Info: pin 'btn[1]$tr_io' constrained to Bel 'X4/Y95/PIOA'.
Info: pin 'btn[0]$tr_io' constrained to Bel 'X6/Y0/PIOB'.
Info: placed PLL 'pllq.pll_i' at bel 'X1/Y4/EHXPLL_UL'
Info: placed PLL 'pll.pll_i' at bel 'X2/Y94/EHXPLL_LL'
Info: Packing constants..
Info: Packing carries...
Info: Packing LUTs...
Info: Packing LUT5-7s...
Info: Packing FFs...
Info:     581 FFs paired with LUTs.
Info: Generating derived timing constraints...
Info:     Input frequency of PLL 'pllq.pll_i' is constrained to 25.0 MHz
Info:     Derived frequency constraint of 60.0 MHz for net clk60
Info:     Derived frequency constraint of 60.0 MHz for net pllq.clkout1
Info:     Derived frequency constraint of 60.0 MHz for net pllq.clkout2
Info:     Derived frequency constraint of 60.0 MHz for net pllq.clkout3
Info:     Input frequency of PLL 'pll.pll_i' is constrained to 25.0 MHz
Info:     Derived frequency constraint of 60.0 MHz for net clk60_unused
Info:     Derived frequency constraint of 48.0 MHz for net clk48
Info: Promoting globals...
Info:     promoting clock net clk60 to global network
Info:     promoting clock net clk48 to global network
Info:     promoting clock net pllq.clkout1 to global network
Info:     promoting clock net pllq.clkout2 to global network
Info:     promoting clock net pllq.clkout3 to global network
Info: Checksum: 0xee7773e4

Info: Device utilisation:
Info: 	          TRELLIS_IO:      46/    365    12%
Info: 	                DCCA:       5/     56     8%
Info: 	              DP16KD:      11/    208     5%
Info: 	          MULT18X18D:       0/    156     0%
Info: 	              ALU54B:       0/     78     0%
Info: 	             EHXPLLL:       2/      4    50%
Info: 	             EXTREFB:       0/      2     0%
Info: 	                DCUA:       0/      2     0%
Info: 	           PCSCLKDIV:       0/      2     0%
Info: 	             IOLOGIC:       0/    224     0%
Info: 	            SIOLOGIC:       0/    141     0%
Info: 	                 GSR:       0/      1     0%
Info: 	               JTAGG:       0/      1     0%
Info: 	                OSCG:       0/      1     0%
Info: 	               SEDGA:       0/      1     0%
Info: 	                 DTR:       0/      1     0%
Info: 	             USRMCLK:       1/      1   100%
Info: 	             CLKDIVF:       0/      4     0%
Info: 	           ECLKSYNCB:       0/     10     0%
Info: 	             DLLDELD:       0/      8     0%
Info: 	              DDRDLL:       0/      4     0%
Info: 	             DQSBUFM:       0/     14     0%
Info: 	     TRELLIS_ECLKBUF:       0/      8     0%
Info: 	        ECLKBRIDGECS:       0/      2     0%
Info: 	                DCSC:       0/      2     0%
Info: 	          TRELLIS_FF:    1739/  83640     2%
Info: 	        TRELLIS_COMB:    2963/  83640     3%
Info: 	        TRELLIS_RAMW:      30/  10455     0%

Info: Placed 48 cells based on constraints.
Info: Creating initial analytic placement for 3050 cells, random placement wirelen = 347629.
Info:     at initial placer iter 0, wirelen = 5299
Info:     at initial placer iter 1, wirelen = 4343
Info:     at initial placer iter 2, wirelen = 3949
Info:     at initial placer iter 3, wirelen = 3838
Info: Running main analytical placer, max placement attempts per cell = 2876401.
Info:     at iteration #1, type ALL: wirelen solved = 3879, spread = 28585, legal = 33859; time = 0.10s
Info:     at iteration #2, type ALL: wirelen solved = 5458, spread = 19929, legal = 24470; time = 0.09s
Info:     at iteration #3, type ALL: wirelen solved = 6514, spread = 18316, legal = 22818; time = 0.12s
Info:     at iteration #4, type ALL: wirelen solved = 7350, spread = 16686, legal = 20520; time = 0.08s
Info:     at iteration #5, type ALL: wirelen solved = 8180, spread = 17210, legal = 22365; time = 0.08s
Info:     at iteration #6, type ALL: wirelen solved = 9086, spread = 16496, legal = 20341; time = 0.09s
Info:     at iteration #7, type ALL: wirelen solved = 9406, spread = 16735, legal = 21258; time = 0.10s
Info:     at iteration #8, type ALL: wirelen solved = 9981, spread = 17138, legal = 21154; time = 0.12s
Info:     at iteration #9, type ALL: wirelen solved = 10662, spread = 17038, legal = 21155; time = 0.10s
Info:     at iteration #10, type ALL: wirelen solved = 10906, spread = 17758, legal = 20515; time = 0.09s
Info:     at iteration #11, type ALL: wirelen solved = 11537, spread = 18746, legal = 21107; time = 0.09s
Info: HeAP Placer Time: 1.82s
Info:   of which solving equations: 1.01s
Info:   of which spreading cells: 0.17s
Info:   of which strict legalisation: 0.10s

Info: Running simulated annealing placer for refinement.
Info:   at iteration #1: temp = 0.000000, timing cost = 600, wirelen = 20341
Info:   at iteration #5: temp = 0.000000, timing cost = 498, wirelen = 18088
Info:   at iteration #10: temp = 0.000000, timing cost = 473, wirelen = 17471
Info:   at iteration #15: temp = 0.000000, timing cost = 488, wirelen = 16910
Info:   at iteration #20: temp = 0.000000, timing cost = 451, wirelen = 16763
Info:   at iteration #22: temp = 0.000000, timing cost = 447, wirelen = 16714 
Info: SA placement time 7.28s

Info: Max frequency for clock '$glbnet$pllq.clkout3': 858.37 MHz (PASS at 60.00 MHz)
Info: Max frequency for clock '$glbnet$pllq.clkout2': 754.72 MHz (PASS at 60.00 MHz)
Info: Max frequency for clock '$glbnet$pllq.clkout1': 858.37 MHz (PASS at 60.00 MHz)
Info: Max frequency for clock        '$glbnet$clk48': 86.94 MHz (PASS at 48.00 MHz)
Info: Max frequency for clock        '$glbnet$clk60': 61.55 MHz (PASS at 60.00 MHz)

Info: Max delay <async>                      -> posedge $glbnet$clk48       : 12.82 ns
Info: Max delay <async>                      -> posedge $glbnet$clk60       : 12.66 ns
Info: Max delay <async>                      -> posedge $glbnet$pllq.clkout1: 4.56 ns
Info: Max delay <async>                      -> posedge $glbnet$pllq.clkout2: 4.24 ns
Info: Max delay <async>                      -> posedge $glbnet$pllq.clkout3: 4.40 ns
Info: Max delay posedge $glbnet$clk48        -> <async>                     : 7.16 ns
Info: Max delay posedge $glbnet$clk48        -> posedge $glbnet$clk60       : 1.16 ns
Info: Max delay posedge $glbnet$clk60        -> <async>                     : 14.52 ns
Info: Max delay posedge $glbnet$clk60        -> posedge $glbnet$pllq.clkout1: 3.83 ns
Info: Max delay posedge $glbnet$clk60        -> posedge $glbnet$pllq.clkout2: 3.91 ns
Info: Max delay posedge $glbnet$clk60        -> posedge $glbnet$pllq.clkout3: 3.99 ns
Info: Max delay posedge $glbnet$pllq.clkout1 -> <async>                     : 3.56 ns
Info: Max delay posedge $glbnet$pllq.clkout1 -> posedge $glbnet$clk60       : 1.16 ns
Info: Max delay posedge $glbnet$pllq.clkout2 -> <async>                     : 3.56 ns
Info: Max delay posedge $glbnet$pllq.clkout2 -> posedge $glbnet$clk60       : 1.33 ns
Info: Max delay posedge $glbnet$pllq.clkout3 -> <async>                     : 3.40 ns
Info: Max delay posedge $glbnet$pllq.clkout3 -> posedge $glbnet$clk60       : 1.16 ns

Info: Slack histogram:
Info:  legend: * represents 13 endpoint(s)
Info:          + represents [1,13) endpoint(s)
Info: [   419,   1402) |*+
Info: [  1402,   2385) |*+
Info: [  2385,   3368) |*****+
Info: [  3368,   4351) |********+
Info: [  4351,   5334) |***+
Info: [  5334,   6317) |****+
Info: [  6317,   7300) |*************+
Info: [  7300,   8283) |***************+
Info: [  8283,   9266) |*************+
Info: [  9266,  10249) |*******+
Info: [ 10249,  11232) |***********************+
Info: [ 11232,  12215) |*******************************************+
Info: [ 12215,  13198) |**********************************************************+
Info: [ 13198,  14181) |************************************************************ 
Info: [ 14181,  15164) |****************************************************+
Info: [ 15164,  16147) |***********************+
Info: [ 16147,  17130) |****+
Info: [ 17130,  18113) |*************+
Info: [ 18113,  19096) |*******+
Info: [ 19096,  20079) |*****+
Info: Checksum: 0xb4f24ab5
Info: Routing globals...
Info:     routing clock net $glbnet$pllq.clkout3 using global 0
Info:     routing clock net $glbnet$pllq.clkout2 using global 1
Info:     routing clock net $glbnet$pllq.clkout1 using global 2
Info:     routing clock net $glbnet$clk48 using global 3
Info:     routing clock net $glbnet$clk60 using global 4

Info: Routing..
Info: Setting up routing queue.
Info: Routing 13768 arcs.
Info:            |   (re-)routed arcs  |   delta    | remaining|       time spent     |
Info:    IterCnt |  w/ripup   wo/ripup |  w/r  wo/r |      arcs| batch(sec) total(sec)|
Info:       1000 |      170        829 |  170   829 |     12949|       0.36       0.36|
Info:       2000 |      344       1655 |  174   826 |     12140|       0.21       0.57|
Info:       3000 |      559       2440 |  215   785 |     11418|       0.23       0.81|
Info:       4000 |      837       3162 |  278   722 |     10768|       0.26       1.07|
Info:       5000 |     1077       3922 |  240   760 |     10051|       0.26       1.33|
Info:       6000 |     1315       4650 |  238   728 |      9335|       0.26       1.59|
Info:       7000 |     1562       5375 |  247   725 |      8612|       0.21       1.80|
Info:       8000 |     1803       6106 |  241   731 |      7901|       0.23       2.04|
Info:       9000 |     2034       6848 |  231   742 |      7184|       0.26       2.30|
Info:      10000 |     2225       7623 |  191   775 |      6402|       0.24       2.54|
Info:      11000 |     2405       8358 |  180   735 |      5606|       0.24       2.78|
Info:      12000 |     2589       9135 |  184   777 |      4825|       0.26       3.04|
Info:      13000 |     2754       9943 |  165   808 |      3997|       0.22       3.26|
Info:      14000 |     2895      10768 |  141   825 |      3166|       0.22       3.48|
Info:      15000 |     3024      11565 |  129   797 |      2326|       0.21       3.69|
Info:      16000 |     3173      12322 |  149   757 |      1494|       0.22       3.91|
Info:      17000 |     3367      13126 |  194   804 |       732|       0.33       4.23|
Info:      17798 |     3423      13726 |   56   600 |         0|       0.25       4.49|
Info: Routing complete.
Info: Router1 time 4.49s
Info: Checksum: 0xfa5fa392

Info: Critical path report for clock '$glbnet$pllq.clkout3' (posedge -> posedge):
Info:       type curr  total name
Info:   clk-to-q  0.52  0.52 Source stage._154_TRELLIS_FF_Q.Q
Info:    routing  0.44  0.96 Net stage._10 (54,3) -> (54,3)
Info:                          Sink stage._150_LUT4_D.C
Info:                          Defined in:
Info:                               /var/tmp/fpga-ulx3s/mp-gen/multiphase_stage.v:100.9-100.13
Info:      logic  0.24  1.20 Source stage._150_LUT4_D.F
Info:    routing  0.13  1.33 Net stage._150_LUT4_D_Z (54,3) -> (54,3)
Info:                          Sink stage._154_TRELLIS_FF_Q.DI
Info:      setup  0.00  1.33 Source stage._154_TRELLIS_FF_Q.DI
Info: 0.76 ns logic, 0.56 ns routing

Info: Critical path report for clock '$glbnet$pllq.clkout2' (posedge -> posedge):
Info:       type curr  total name
Info:   clk-to-q  0.52  0.52 Source stage._74_TRELLIS_FF_Q.Q
Info:    routing  0.68  1.20 Net stage._74 (40,2) -> (38,2)
Info:                          Sink stage._77_TRELLIS_FF_Q.M
Info:                          Defined in:
Info:                               /var/tmp/fpga-ulx3s/mp-gen/multiphase_stage.v:37.9-37.12
Info:      setup  0.00  1.20 Source stage._77_TRELLIS_FF_Q.M
Info: 0.52 ns logic, 0.68 ns routing

Info: Critical path report for clock '$glbnet$pllq.clkout1' (posedge -> posedge):
Info:       type curr  total name
Info:   clk-to-q  0.52  0.52 Source stage._174_TRELLIS_FF_Q.Q
Info:    routing  0.84  1.36 Net stage._14 (55,3) -> (55,3)
Info:                          Sink stage._170_LUT4_D.C
Info:                          Defined in:
Info:                               /var/tmp/fpga-ulx3s/mp-gen/multiphase_stage.v:114.9-114.13
Info:      logic  0.24  1.60 Source stage._170_LUT4_D.F
Info:    routing  0.13  1.73 Net stage._170_LUT4_D_Z (55,3) -> (55,3)
Info:                          Sink stage._174_TRELLIS_FF_Q.DI
Info:      setup  0.00  1.73 Source stage._174_TRELLIS_FF_Q.DI
Info: 0.76 ns logic, 0.97 ns routing

Info: Critical path report for clock '$glbnet$clk48' (posedge -> posedge):
Info:       type curr  total name
Info:   clk-to-q  0.52  0.52 Source usb._437_TRELLIS_FF_Q.Q
Info:    routing  1.21  1.74 Net usb._437[0] (65,16) -> (66,17)
Info:                          Sink usb._437_TRELLIS_FF_Q_3_DI_LUT4_Z_C_CCU2C_S1_CIN_CCU2C_COUT_S1_CCU2C_S0_CIN_CCU2C_COUT$CCU2_COMB0.A
Info:                          Defined in:
Info:                               /home/matthias/prog/janestreet/fabulous-notes/oss-cad-suite/lib/../share/yosys/lattice/cells_map_trellis.v:108.23-108.24
Info:      logic  0.45  2.18 Source usb._437_TRELLIS_FF_Q_3_DI_LUT4_Z_C_CCU2C_S1_CIN_CCU2C_COUT_S1_CCU2C_S0_CIN_CCU2C_COUT$CCU2_COMB0.FCO
Info:    routing  0.00  2.18 Net usb._437_TRELLIS_FF_Q_3_DI_LUT4_Z_C_CCU2C_S1_CIN_CCU2C_COUT_S1_CCU2C_S0_CIN_CCU2C_COUT$CCU2_FCI_INT (66,17) -> (66,17)
Info:                          Sink usb._437_TRELLIS_FF_Q_3_DI_LUT4_Z_C_CCU2C_S1_CIN_CCU2C_COUT_S1_CCU2C_S0_CIN_CCU2C_COUT$CCU2_COMB1.FCI
Info:      logic  0.00  2.18 Source usb._437_TRELLIS_FF_Q_3_DI_LUT4_Z_C_CCU2C_S1_CIN_CCU2C_COUT_S1_CCU2C_S0_CIN_CCU2C_COUT$CCU2_COMB1.FCO
Info:    routing  0.00  2.18 Net usb._437_TRELLIS_FF_Q_3_DI_LUT4_Z_C_CCU2C_S1_CIN_CCU2C_COUT_S1_CCU2C_S0_CIN (66,17) -> (66,17)
Info:                          Sink usb._437_TRELLIS_FF_Q_3_DI_LUT4_Z_C_CCU2C_S1_CIN_CCU2C_COUT_S1_CCU2C_S0$CCU2_COMB0.FCI
Info:                          Defined in:
Info:                               /home/matthias/prog/janestreet/emulator-wt-fpga-ulx3s/prototypes/fpga-ulx3s/rtl/gen/usb_fs_device.v:1685.19-1685.30
Info:                               /home/matthias/prog/janestreet/fabulous-notes/oss-cad-suite/lib/../share/yosys/lattice/arith_map_ccu2c.v:74.7-80.4
Info:                               /home/matthias/prog/janestreet/fabulous-notes/oss-cad-suite/lib/../share/yosys/lattice/ccu2c_sim.vh:9.9-9.13
Info:      logic  0.44  2.63 Source usb._437_TRELLIS_FF_Q_3_DI_LUT4_Z_C_CCU2C_S1_CIN_CCU2C_COUT_S1_CCU2C_S0$CCU2_COMB0.F
Info:    routing  1.14  3.77 Net usb._437_TRELLIS_FF_Q_3_DI_LUT4_Z_C_CCU2C_S1_CIN_CCU2C_COUT_S1[5] (66,17) -> (63,17)
Info:                          Sink usb._437_TRELLIS_FF_Q_3_DI_LUT4_Z_C_CCU2C_S1_CIN_CCU2C_COUT_S1_CCU2C_S0_S1_LUT4_D_Z_CCU2C_A1_A0_LUT4_Z.D
Info:                          Defined in:
Info:                               /home/matthias/prog/janestreet/fabulous-notes/oss-cad-suite/lib/../share/yosys/lattice/cells_map_trellis.v:108.23-108.24
Info:      logic  0.24  4.00 Source usb._437_TRELLIS_FF_Q_3_DI_LUT4_Z_C_CCU2C_S1_CIN_CCU2C_COUT_S1_CCU2C_S0_S1_LUT4_D_Z_CCU2C_A1_A0_LUT4_Z.F
Info:    routing  1.19  5.19 Net usb._437_TRELLIS_FF_Q_3_DI_LUT4_Z_C_CCU2C_S1_CIN_CCU2C_COUT_S1_CCU2C_S0_S1_LUT4_D_Z_CCU2C_A1_A0 (63,17) -> (63,14)
Info:                          Sink usb._437_TRELLIS_FF_Q_3_DI_LUT4_Z_C_CCU2C_S1_CIN_CCU2C_COUT_S1_CCU2C_S0_S1_LUT4_D_Z_CCU2C_A1$CCU2_COMB0.A
Info:      logic  0.45  5.64 Source usb._437_TRELLIS_FF_Q_3_DI_LUT4_Z_C_CCU2C_S1_CIN_CCU2C_COUT_S1_CCU2C_S0_S1_LUT4_D_Z_CCU2C_A1$CCU2_COMB0.FCO
Info:    routing  0.00  5.64 Net usb._437_TRELLIS_FF_Q_3_DI_LUT4_Z_C_CCU2C_S1_CIN_CCU2C_COUT_S1_CCU2C_S0_S1_LUT4_D_Z_CCU2C_A1$CCU2_FCI_INT (63,14) -> (63,14)
Info:                          Sink usb._437_TRELLIS_FF_Q_3_DI_LUT4_Z_C_CCU2C_S1_CIN_CCU2C_COUT_S1_CCU2C_S0_S1_LUT4_D_Z_CCU2C_A1$CCU2_COMB1.FCI
Info:      logic  0.00  5.64 Source usb._437_TRELLIS_FF_Q_3_DI_LUT4_Z_C_CCU2C_S1_CIN_CCU2C_COUT_S1_CCU2C_S0_S1_LUT4_D_Z_CCU2C_A1$CCU2_COMB1.FCO
Info:    routing  0.00  5.64 Net usb._437_TRELLIS_FF_Q_3_DI_LUT4_Z_C_CCU2C_S1_CIN_CCU2C_COUT_S1_CCU2C_S0_S1_LUT4_D_Z_CCU2C_A1_COUT (63,14) -> (63,14)
Info:                          Sink usb._437_TRELLIS_FF_Q_3_DI_LUT4_Z_C_CCU2C_S1_CIN_CCU2C_COUT_S1_CCU2C_S0_S1_LUT4_D_Z_CCU2C_A1_COUT_CCU2C_CIN$CCU2_COMB0.FCI
Info:                          Defined in:
Info:                               /home/matthias/prog/janestreet/fabulous-notes/oss-cad-suite/lib/../share/yosys/lattice/arith_map_ccu2c.v:74.7-80.4
Info:                               /home/matthias/prog/janestreet/fabulous-notes/oss-cad-suite/lib/../share/yosys/lattice/ccu2c_sim.vh:9.9-9.13
Info:      logic  0.44  6.08 Source usb._437_TRELLIS_FF_Q_3_DI_LUT4_Z_C_CCU2C_S1_CIN_CCU2C_COUT_S1_CCU2C_S0_S1_LUT4_D_Z_CCU2C_A1_COUT_CCU2C_CIN$CCU2_COMB0.F
Info:    routing  0.68  6.77 Net usb._427_TRELLIS_FF_Q_DI_PFUMX_Z_C0_PFUMX_Z_C0[1] (63,14) -> (63,15)
Info:                          Sink usb._428_TRELLIS_FF_Q_DI_LUT4_Z_D_LUT4_Z_D_PFUMX_Z_C0_LUT4_Z_3_D_LUT4_D_Z_LUT4_D_Z_PFUMX_ALUT_Z_L6MUX21_Z_D1_PFUMX_Z_BLUT_LUT4_Z.M
Info:                          Defined in:
Info:                               /home/matthias/prog/janestreet/fabulous-notes/oss-cad-suite/lib/../share/yosys/lattice/cells_map_trellis.v:108.23-108.24
Info:      logic  0.26  7.02 Source usb._428_TRELLIS_FF_Q_DI_LUT4_Z_D_LUT4_Z_D_PFUMX_Z_C0_LUT4_Z_3_D_LUT4_D_Z_LUT4_D_Z_PFUMX_ALUT_Z_L6MUX21_Z_D1_PFUMX_Z_BLUT_LUT4_Z.OFX
Info:    routing  0.00  7.02 Net usb._428_TRELLIS_FF_Q_DI_LUT4_Z_D_LUT4_Z_D_PFUMX_Z_C0_LUT4_Z_3_D_LUT4_D_Z_LUT4_D_Z_PFUMX_ALUT_Z_L6MUX21_Z_D1 (63,15) -> (63,15)
Info:                          Sink usb._428_TRELLIS_FF_Q_DI_LUT4_Z_D_LUT4_Z_D_PFUMX_Z_C0_LUT4_Z_3_D_LUT4_D_Z_LUT4_D_Z_PFUMX_ALUT_Z_L6MUX21_Z_D1_PFUMX_Z_ALUT_LUT4_Z.FXB
Info:                          Defined in:
Info:                               /home/matthias/prog/janestreet/fabulous-notes/oss-cad-suite/lib/../share/yosys/lattice/cells_map_trellis.v:141.38-141.40
Info:      logic  0.24  7.26 Source usb._428_TRELLIS_FF_Q_DI_LUT4_Z_D_LUT4_Z_D_PFUMX_Z_C0_LUT4_Z_3_D_LUT4_D_Z_LUT4_D_Z_PFUMX_ALUT_Z_L6MUX21_Z_D1_PFUMX_Z_ALUT_LUT4_Z.OFX
Info:    routing  0.61  7.88 Net usb._428_TRELLIS_FF_Q_DI_LUT4_Z_D_LUT4_Z_D_PFUMX_Z_C0_LUT4_Z_3_D_LUT4_D_Z_LUT4_D_Z_PFUMX_ALUT_Z[5] (63,15) -> (65,15)
Info:                          Sink usb._466_TRELLIS_FF_Q_8_DI_LUT4_Z_C_L6MUX21_Z_D1_L6MUX21_Z_D1_PFUMX_Z_ALUT_LUT4_Z.M
Info:                          Defined in:
Info:                               /home/matthias/prog/janestreet/fabulous-notes/oss-cad-suite/lib/../share/yosys/lattice/cells_map_trellis.v:108.23-108.24
Info:      logic  0.26  8.13 Source usb._466_TRELLIS_FF_Q_8_DI_LUT4_Z_C_L6MUX21_Z_D1_L6MUX21_Z_D1_PFUMX_Z_ALUT_LUT4_Z.OFX
Info:    routing  0.00  8.13 Net usb._466_TRELLIS_FF_Q_8_DI_LUT4_Z_C_L6MUX21_Z_D1 (65,15) -> (65,15)
Info:                          Sink usb._466_TRELLIS_FF_Q_8_DI_LUT4_Z_C_L6MUX21_Z_D1_L6MUX21_Z_D0_PFUMX_Z_ALUT_LUT4_Z.FXB
Info:                          Defined in:
Info:                               /home/matthias/prog/janestreet/fabulous-notes/oss-cad-suite/lib/../share/yosys/lattice/cells_map_trellis.v:157.70-157.72
Info:      logic  0.24  8.38 Source usb._466_TRELLIS_FF_Q_8_DI_LUT4_Z_C_L6MUX21_Z_D1_L6MUX21_Z_D0_PFUMX_Z_ALUT_LUT4_Z.OFX
Info:    routing  1.22  9.60 Net usb._428_TRELLIS_FF_Q_DI_LUT4_Z_D_LUT4_Z_D_PFUMX_Z_C0_LUT4_Z_4_D_LUT4_D_Z_LUT4_D_Z_PFUMX_ALUT_Z_LUT4_D_Z[5] (65,15) -> (62,11)
Info:                          Sink usb._466_TRELLIS_FF_Q_14_DI_LUT4_Z_D_L6MUX21_Z_D1_L6MUX21_Z_D1_PFUMX_Z_ALUT_LUT4_Z.M
Info:                          Defined in:
Info:                               /home/matthias/prog/janestreet/fabulous-notes/oss-cad-suite/lib/../share/yosys/lattice/cells_map_trellis.v:108.23-108.24
Info:      logic  0.26  9.85 Source usb._466_TRELLIS_FF_Q_14_DI_LUT4_Z_D_L6MUX21_Z_D1_L6MUX21_Z_D1_PFUMX_Z_ALUT_LUT4_Z.OFX
Info:    routing  0.00  9.85 Net usb._466_TRELLIS_FF_Q_14_DI_LUT4_Z_D_L6MUX21_Z_D1 (62,11) -> (62,11)
Info:                          Sink usb._466_TRELLIS_FF_Q_14_DI_LUT4_Z_D_L6MUX21_Z_D1_L6MUX21_Z_D0_PFUMX_Z_ALUT_LUT4_Z.FXB
Info:                          Defined in:
Info:                               /home/matthias/prog/janestreet/fabulous-notes/oss-cad-suite/lib/../share/yosys/lattice/cells_map_trellis.v:157.70-157.72
Info:      logic  0.24  10.09 Source usb._466_TRELLIS_FF_Q_14_DI_LUT4_Z_D_L6MUX21_Z_D1_L6MUX21_Z_D0_PFUMX_Z_ALUT_LUT4_Z.OFX
Info:    routing  0.59  10.68 Net usb._466_TRELLIS_FF_Q_14_DI_LUT4_Z_D[3] (62,11) -> (61,11)
Info:                          Sink usb._466_TRELLIS_FF_Q_14_DI_LUT4_Z.D
Info:                          Defined in:
Info:                               /home/matthias/prog/janestreet/fabulous-notes/oss-cad-suite/lib/../share/yosys/lattice/cells_map_trellis.v:108.23-108.24
Info:      logic  0.24  10.92 Source usb._466_TRELLIS_FF_Q_14_DI_LUT4_Z.F
Info:    routing  0.13  11.05 Net usb._466_TRELLIS_FF_Q_14_DI (61,11) -> (61,11)
Info:                          Sink usb._466_TRELLIS_FF_Q_14.DI
Info:      setup  0.00  11.05 Source usb._466_TRELLIS_FF_Q_14.DI
Info: 4.27 ns logic, 6.78 ns routing

Info: Critical path report for clock '$glbnet$clk60' (posedge -> posedge):
Info:       type curr  total name
Info:   clk-to-q  5.83  5.83 Source core.imem.0.0.DOB10
Info:    routing  1.92  7.75 Net core.imem.0.0_DOB10[1] (49,22) -> (43,4)
Info:                          Sink core.imem.0.0_DOB9_LUT4_C_Z_LUT4_Z_1.C
Info:                          Defined in:
Info:                               /home/matthias/prog/janestreet/fabulous-notes/oss-cad-suite/lib/../share/yosys/lattice/cells_map_trellis.v:108.23-108.24
Info:      logic  0.24  7.99 Source core.imem.0.0_DOB9_LUT4_C_Z_LUT4_Z_1.F
Info:    routing  0.92  8.91 Net core.seq._184_TRELLIS_FF_Q_DI_PFUMX_Z_C0[2] (43,4) -> (44,4)
Info:                          Sink core.seq._164_TRELLIS_FF_Q_CE_LUT4_Z_B_LUT4_Z.C
Info:                          Defined in:
Info:                               /home/matthias/prog/janestreet/fabulous-notes/oss-cad-suite/lib/../share/yosys/lattice/cells_map_trellis.v:108.23-108.24
Info:      logic  0.24  9.15 Source core.seq._164_TRELLIS_FF_Q_CE_LUT4_Z_B_LUT4_Z.F
Info:    routing  0.43  9.58 Net core.seq._164_TRELLIS_FF_Q_CE_LUT4_Z_B[2] (44,4) -> (44,4)
Info:                          Sink core.seq._164_TRELLIS_FF_Q_CE_LUT4_Z_B_LUT4_D.D
Info:                          Defined in:
Info:                               /home/matthias/prog/janestreet/fabulous-notes/oss-cad-suite/lib/../share/yosys/lattice/cells_map_trellis.v:108.23-108.24
Info:      logic  0.24  9.81 Source core.seq._164_TRELLIS_FF_Q_CE_LUT4_Z_B_LUT4_D.F
Info:    routing  0.42  10.23 Net core.seq._164_TRELLIS_FF_Q_CE_LUT4_Z_B_LUT4_D_Z[3] (44,4) -> (44,4)
Info:                          Sink core.seq._349_LUT4_A.D
Info:                          Defined in:
Info:                               /home/matthias/prog/janestreet/fabulous-notes/oss-cad-suite/lib/../share/yosys/lattice/cells_map_trellis.v:108.23-108.24
Info:      logic  0.24  10.47 Source core.seq._349_LUT4_A.F
Info:    routing  0.68  11.15 Net stage._60_LUT4_A_Z[2] (44,4) -> (44,5)
Info:                          Sink stage._70_LUT4_B_Z_LUT4_C_Z_LUT4_D_1_Z_LUT4_Z_D_LUT4_Z.D
Info:                          Defined in:
Info:                               /home/matthias/prog/janestreet/fabulous-notes/oss-cad-suite/lib/../share/yosys/lattice/cells_map_trellis.v:108.23-108.24
Info:      logic  0.24  11.39 Source stage._70_LUT4_B_Z_LUT4_C_Z_LUT4_D_1_Z_LUT4_Z_D_LUT4_Z.F
Info:    routing  0.78  12.17 Net stage._70_LUT4_B_Z_LUT4_C_Z_LUT4_D_1_Z_LUT4_Z_D[1] (44,5) -> (50,5)
Info:                          Sink stage._70_LUT4_B_Z_LUT4_C_Z_LUT4_D_1_Z_LUT4_Z_D_LUT4_D.D
Info:                          Defined in:
Info:                               /home/matthias/prog/janestreet/fabulous-notes/oss-cad-suite/lib/../share/yosys/lattice/cells_map_trellis.v:108.23-108.24
Info:      logic  0.24  12.41 Source stage._70_LUT4_B_Z_LUT4_C_Z_LUT4_D_1_Z_LUT4_Z_D_LUT4_D.F
Info:    routing  0.99  13.40 Net core.pcs_TRELLIS_FF_Q_3_DI_PFUMX_Z_C0[2] (50,5) -> (47,6)
Info:                          Sink core.imem.0.0_DOB8_LUT4_C_Z_CCU2C_S0_S1_LUT4_C_Z_LUT4_D_Z_LUT4_D_Z_PFUMX_Z_BLUT_LUT4_Z.M
Info:                          Defined in:
Info:                               /home/matthias/prog/janestreet/fabulous-notes/oss-cad-suite/lib/../share/yosys/lattice/cells_map_trellis.v:108.23-108.24
Info:      logic  0.26  13.65 Source core.imem.0.0_DOB8_LUT4_C_Z_CCU2C_S0_S1_LUT4_C_Z_LUT4_D_Z_LUT4_D_Z_PFUMX_Z_BLUT_LUT4_Z.OFX
Info:    routing  0.62  14.27 Net core.imem.0.0_DOB8_LUT4_C_Z_CCU2C_S0_S1_LUT4_C_Z_LUT4_D_Z_LUT4_D_Z[4] (47,6) -> (46,6)
Info:                          Sink core.pcs_TRELLIS_FF_Q_20_DI_PFUMX_Z_BLUT_LUT4_Z.M
Info:                          Defined in:
Info:                               /home/matthias/prog/janestreet/fabulous-notes/oss-cad-suite/lib/../share/yosys/lattice/cells_map_trellis.v:108.23-108.24
Info:      logic  0.26  14.53 Source core.pcs_TRELLIS_FF_Q_20_DI_PFUMX_Z_BLUT_LUT4_Z.OFX
Info:    routing  0.46  14.99 Net core.pcs_TRELLIS_FF_Q_20_DI (46,6) -> (46,6)
Info:                          Sink core.pcs_TRELLIS_FF_Q_22.M
Info:      setup  0.00  14.99 Source core.pcs_TRELLIS_FF_Q_22.M
Info: 7.76 ns logic, 7.23 ns routing

Info: Critical path report for cross-domain path '<async>' -> 'posedge $glbnet$clk48':
Info:       type curr  total name
Info:     source  0.00  0.00 Source btn[1]$tr_io.O
Info:    routing  3.24  3.24 Net btn[1]$TRELLIS_IO_IN (4,95) -> (4,44)
Info:                          Sink btn_LUT4_C.C
Info:                          Defined in:
Info:                               /home/matthias/prog/janestreet/emulator-wt-fpga-ulx3s/prototypes/fpga-ulx3s/rtl/ulx3s_top.v:29.21-29.24
Info:      logic  0.24  3.47 Source btn_LUT4_C.F
Info:    routing  3.95  7.42 Net btn_LUT4_C_Z (4,44) -> (54,20)
Info:                          Sink btn_LUT4_C_Z_TRELLIS_FF_LSR_1_DI_TRELLIS_FF_Q_DI_TRELLIS_FF_Q.LSR
Info:      setup  0.42  7.84 Source btn_LUT4_C_Z_TRELLIS_FF_LSR_1_DI_TRELLIS_FF_Q_DI_TRELLIS_FF_Q.LSR
Info: 0.66 ns logic, 7.18 ns routing

Info: Critical path report for cross-domain path '<async>' -> 'posedge $glbnet$clk60':
Info:       type curr  total name
Info:     source  0.00  0.00 Source btn[1]$tr_io.O
Info:    routing  3.24  3.24 Net btn[1]$TRELLIS_IO_IN (4,95) -> (4,44)
Info:                          Sink btn_LUT4_C.C
Info:                          Defined in:
Info:                               /home/matthias/prog/janestreet/emulator-wt-fpga-ulx3s/prototypes/fpga-ulx3s/rtl/ulx3s_top.v:29.21-29.24
Info:      logic  0.24  3.47 Source btn_LUT4_C.F
Info:    routing  4.51  7.99 Net btn_LUT4_C_Z (4,44) -> (43,11)
Info:                          Sink btn_LUT4_C_Z_TRELLIS_FF_LSR_Q_TRELLIS_FF_DI_Q_TRELLIS_FF_DI.LSR
Info:      setup  0.42  8.41 Source btn_LUT4_C_Z_TRELLIS_FF_LSR_Q_TRELLIS_FF_DI_Q_TRELLIS_FF_DI.LSR
Info: 0.66 ns logic, 7.75 ns routing

Info: Critical path report for cross-domain path '<async>' -> 'posedge $glbnet$pllq.clkout1':
Info:       type curr  total name
Info:     source  0.00  0.00 Source gp[0]$tr_io.O
Info:    routing  1.97  1.97 Net gp[0]$TRELLIS_IO_IN (65,0) -> (40,3)
Info:                          Sink stage._94_TRELLIS_FF_Q_DI_LUT4_Z.C
Info:                          Defined in:
Info:                               /home/matthias/prog/janestreet/emulator-wt-fpga-ulx3s/prototypes/fpga-ulx3s/rtl/ulx3s_top.v:31.21-31.23
Info:      logic  0.24  2.21 Source stage._94_TRELLIS_FF_Q_DI_LUT4_Z.F
Info:    routing  0.75  2.96 Net stage._94_TRELLIS_FF_Q_DI (40,3) -> (38,4)
Info:                          Sink stage._84_TRELLIS_FF_Q.M
Info:      setup  0.00  2.96 Source stage._84_TRELLIS_FF_Q.M
Info: 0.24 ns logic, 2.72 ns routing

Info: Critical path report for cross-domain path '<async>' -> 'posedge $glbnet$pllq.clkout2':
Info:       type curr  total name
Info:     source  0.00  0.00 Source gp[0]$tr_io.O
Info:    routing  1.97  1.97 Net gp[0]$TRELLIS_IO_IN (65,0) -> (40,3)
Info:                          Sink stage._94_TRELLIS_FF_Q_DI_LUT4_Z.C
Info:                          Defined in:
Info:                               /home/matthias/prog/janestreet/emulator-wt-fpga-ulx3s/prototypes/fpga-ulx3s/rtl/ulx3s_top.v:31.21-31.23
Info:      logic  0.24  2.21 Source stage._94_TRELLIS_FF_Q_DI_LUT4_Z.F
Info:    routing  0.70  2.91 Net stage._94_TRELLIS_FF_Q_DI (40,3) -> (40,2)
Info:                          Sink stage._74_TRELLIS_FF_Q.M
Info:      setup  0.00  2.91 Source stage._74_TRELLIS_FF_Q.M
Info: 0.24 ns logic, 2.67 ns routing

Info: Critical path report for cross-domain path '<async>' -> 'posedge $glbnet$pllq.clkout3':
Info:       type curr  total name
Info:     source  0.00  0.00 Source gp[0]$tr_io.O
Info:    routing  1.97  1.97 Net gp[0]$TRELLIS_IO_IN (65,0) -> (40,3)
Info:                          Sink stage._94_TRELLIS_FF_Q_DI_LUT4_Z.C
Info:                          Defined in:
Info:                               /home/matthias/prog/janestreet/emulator-wt-fpga-ulx3s/prototypes/fpga-ulx3s/rtl/ulx3s_top.v:31.21-31.23
Info:      logic  0.24  2.21 Source stage._94_TRELLIS_FF_Q_DI_LUT4_Z.F
Info:    routing  0.68  2.89 Net stage._94_TRELLIS_FF_Q_DI (40,3) -> (40,5)
Info:                          Sink stage._64_TRELLIS_FF_Q.M
Info:      setup  0.00  2.89 Source stage._64_TRELLIS_FF_Q.M
Info: 0.24 ns logic, 2.65 ns routing

Info: Critical path report for cross-domain path 'posedge $glbnet$clk48' -> '<async>':
Info:       type curr  total name
Info:   clk-to-q  0.52  0.52 Source usb._396_TRELLIS_FF_Q.Q
Info:    routing  3.58  4.10 Net usb._396 (66,13) -> (105,2)
Info:                          Sink usb_fpga_bd_dp_$_TBUF__Y_A_LUT4_Z.C
Info:                          Defined in:
Info:                               /home/matthias/prog/janestreet/fabulous-notes/oss-cad-suite/lib/../share/yosys/lattice/cells_map_trellis.v:108.23-108.24
Info:      logic  0.24  4.34 Source usb_fpga_bd_dp_$_TBUF__Y_A_LUT4_Z.F
Info:    routing  0.96  5.30 Net usb_fpga_bd_dp_$_TBUF__Y_A (105,2) -> (107,0)
Info:                          Sink usb_fpga_bd_dp$tr_io.I
Info: 0.76 ns logic, 4.54 ns routing

Info: Critical path report for cross-domain path 'posedge $glbnet$clk48' -> 'posedge $glbnet$clk60':
Info:       type curr  total name
Info:   clk-to-q  0.52  0.52 Source usb._307_TRELLIS_FF_Q_6.Q
Info:    routing  0.72  1.24 Net usb._112_LUT4_D_Z_LUT4_Z_2_D[0] (57,14) -> (57,13)
Info:                          Sink usb_status_s1_TRELLIS_FF_Q_7.M
Info:                          Defined in:
Info:                               /home/matthias/prog/janestreet/emulator-wt-fpga-ulx3s/prototypes/fpga-ulx3s/rtl/gen/usb_fs_device.v:956.15-956.19
Info:      setup  0.00  1.24 Source usb_status_s1_TRELLIS_FF_Q_7.M
Info: 0.52 ns logic, 0.72 ns routing

Info: Critical path report for cross-domain path 'posedge $glbnet$clk60' -> '<async>':
Info:       type curr  total name
Info:   clk-to-q  0.52  0.52 Source core.seq._184_TRELLIS_FF_Q.Q
Info:    routing  2.26  2.79 Net core.core_pin_out[1] (44,4) -> (37,14)
Info:                          Sink usrmclk_USRMCLKI_LUT4_Z.D
Info:                          Defined in:
Info:                               /home/matthias/prog/janestreet/emulator-wt-fpga-ulx3s/prototypes/fpga-ulx3s/rtl/emu_core.v:130.24-130.35
Info:      logic  0.24  3.02 Source usrmclk_USRMCLKI_LUT4_Z.F
Info:    routing  7.16  10.18 Net usrmclk_USRMCLKI (37,14) -> (0,95)
Info:                          Sink usrmclk.PADDO
Info: 0.76 ns logic, 9.42 ns routing

Info: Critical path report for cross-domain path 'posedge $glbnet$clk60' -> 'posedge $glbnet$pllq.clkout1':
Info:       type curr  total name
Info:   clk-to-q  0.52  0.52 Source btn_LUT4_C_Z_TRELLIS_FF_LSR_Q_TRELLIS_FF_DI_Q_TRELLIS_FF_DI.Q
Info:    routing  1.34  1.87 Net btn_LUT4_C_Z_TRELLIS_FF_LSR_Q_TRELLIS_FF_DI_Q_TRELLIS_FF_DI_Q[2] (43,11) -> (40,3)
Info:                          Sink stage._94_TRELLIS_FF_Q_DI_LUT4_Z.D
Info:                          Defined in:
Info:                               /home/matthias/prog/janestreet/fabulous-notes/oss-cad-suite/lib/../share/yosys/lattice/cells_map_trellis.v:108.23-108.24
Info:      logic  0.24  2.11 Source stage._94_TRELLIS_FF_Q_DI_LUT4_Z.F
Info:    routing  0.75  2.86 Net stage._94_TRELLIS_FF_Q_DI (40,3) -> (38,4)
Info:                          Sink stage._84_TRELLIS_FF_Q.M
Info:      setup  0.00  2.86 Source stage._84_TRELLIS_FF_Q.M
Info: 0.76 ns logic, 2.10 ns routing

Info: Critical path report for cross-domain path 'posedge $glbnet$clk60' -> 'posedge $glbnet$pllq.clkout2':
Info:       type curr  total name
Info:   clk-to-q  0.52  0.52 Source btn_LUT4_C_Z_TRELLIS_FF_LSR_Q_TRELLIS_FF_DI_Q_TRELLIS_FF_DI.Q
Info:    routing  1.34  1.87 Net btn_LUT4_C_Z_TRELLIS_FF_LSR_Q_TRELLIS_FF_DI_Q_TRELLIS_FF_DI_Q[2] (43,11) -> (40,3)
Info:                          Sink stage._94_TRELLIS_FF_Q_DI_LUT4_Z.D
Info:                          Defined in:
Info:                               /home/matthias/prog/janestreet/fabulous-notes/oss-cad-suite/lib/../share/yosys/lattice/cells_map_trellis.v:108.23-108.24
Info:      logic  0.24  2.11 Source stage._94_TRELLIS_FF_Q_DI_LUT4_Z.F
Info:    routing  0.70  2.81 Net stage._94_TRELLIS_FF_Q_DI (40,3) -> (40,2)
Info:                          Sink stage._74_TRELLIS_FF_Q.M
Info:      setup  0.00  2.81 Source stage._74_TRELLIS_FF_Q.M
Info: 0.76 ns logic, 2.05 ns routing

Info: Critical path report for cross-domain path 'posedge $glbnet$clk60' -> 'posedge $glbnet$pllq.clkout3':
Info:       type curr  total name
Info:   clk-to-q  0.52  0.52 Source btn_LUT4_C_Z_TRELLIS_FF_LSR_Q_TRELLIS_FF_DI_Q_TRELLIS_FF_DI.Q
Info:    routing  1.34  1.87 Net btn_LUT4_C_Z_TRELLIS_FF_LSR_Q_TRELLIS_FF_DI_Q_TRELLIS_FF_DI_Q[2] (43,11) -> (44,2)
Info:                          Sink stage._54_TRELLIS_FF_Q_DI_LUT4_Z.D
Info:                          Defined in:
Info:                               /home/matthias/prog/janestreet/fabulous-notes/oss-cad-suite/lib/../share/yosys/lattice/cells_map_trellis.v:108.23-108.24
Info:      logic  0.24  2.10 Source stage._54_TRELLIS_FF_Q_DI_LUT4_Z.F
Info:    routing  0.76  2.86 Net stage._54_TRELLIS_FF_Q_DI (44,2) -> (45,3)
Info:                          Sink stage._24_TRELLIS_FF_Q.M
Info:      setup  0.00  2.86 Source stage._24_TRELLIS_FF_Q.M
Info: 0.76 ns logic, 2.10 ns routing

Info: Critical path report for cross-domain path 'posedge $glbnet$pllq.clkout1' -> '<async>':
Info:       type curr  total name
Info:   clk-to-q  0.52  0.52 Source stage._174_TRELLIS_FF_Q.Q
Info:    routing  0.84  1.36 Net stage._14 (55,3) -> (55,3)
Info:                          Sink gp_$_TBUF__Y_1_A_LUT4_Z.B
Info:                          Defined in:
Info:                               /var/tmp/fpga-ulx3s/mp-gen/multiphase_stage.v:114.9-114.13
Info:      logic  0.24  1.60 Source gp_$_TBUF__Y_1_A_LUT4_Z.F
Info:    routing  1.50  3.09 Net gp_$_TBUF__Y_1_A (55,3) -> (63,0)
Info:                          Sink gp[1]$tr_io.I
Info: 0.76 ns logic, 2.33 ns routing

Info: Critical path report for cross-domain path 'posedge $glbnet$pllq.clkout1' -> 'posedge $glbnet$clk60':
Info:       type curr  total name
Info:   clk-to-q  0.52  0.52 Source stage._47_TRELLIS_FF_Q.Q
Info:    routing  0.72  1.24 Net stage._47 (43,4) -> (43,3)
Info:                          Sink stage._50_TRELLIS_FF_Q.M
Info:                          Defined in:
Info:                               /var/tmp/fpga-ulx3s/mp-gen/multiphase_stage.v:50.9-50.12
Info:      setup  0.00  1.24 Source stage._50_TRELLIS_FF_Q.M
Info: 0.52 ns logic, 0.72 ns routing

Info: Critical path report for cross-domain path 'posedge $glbnet$pllq.clkout2' -> '<async>':
Info:       type curr  total name
Info:   clk-to-q  0.52  0.52 Source stage._164_TRELLIS_FF_Q.Q
Info:    routing  0.51  1.04 Net stage._12 (55,5) -> (55,3)
Info:                          Sink gp_$_TBUF__Y_1_A_LUT4_Z.C
Info:                          Defined in:
Info:                               /var/tmp/fpga-ulx3s/mp-gen/multiphase_stage.v:107.9-107.13
Info:      logic  0.24  1.27 Source gp_$_TBUF__Y_1_A_LUT4_Z.F
Info:    routing  1.50  2.77 Net gp_$_TBUF__Y_1_A (55,3) -> (63,0)
Info:                          Sink gp[1]$tr_io.I
Info: 0.76 ns logic, 2.01 ns routing

Info: Critical path report for cross-domain path 'posedge $glbnet$pllq.clkout2' -> 'posedge $glbnet$clk60':
Info:       type curr  total name
Info:   clk-to-q  0.52  0.52 Source stage._77_TRELLIS_FF_Q.Q
Info:    routing  0.73  1.25 Net stage._77 (38,2) -> (37,3)
Info:                          Sink stage._80_TRELLIS_FF_Q.M
Info:                          Defined in:
Info:                               /var/tmp/fpga-ulx3s/mp-gen/multiphase_stage.v:38.9-38.12
Info:      setup  0.00  1.25 Source stage._80_TRELLIS_FF_Q.M
Info: 0.52 ns logic, 0.73 ns routing

Info: Critical path report for cross-domain path 'posedge $glbnet$pllq.clkout3' -> '<async>':
Info:       type curr  total name
Info:   clk-to-q  0.52  0.52 Source stage._154_TRELLIS_FF_Q.Q
Info:    routing  0.98  1.50 Net stage._10 (54,3) -> (55,3)
Info:                          Sink gp_$_TBUF__Y_1_A_LUT4_Z.D
Info:                          Defined in:
Info:                               /var/tmp/fpga-ulx3s/mp-gen/multiphase_stage.v:100.9-100.13
Info:      logic  0.24  1.74 Source gp_$_TBUF__Y_1_A_LUT4_Z.F
Info:    routing  1.50  3.23 Net gp_$_TBUF__Y_1_A (55,3) -> (63,0)
Info:                          Sink gp[1]$tr_io.I
Info: 0.76 ns logic, 2.47 ns routing

Info: Critical path report for cross-domain path 'posedge $glbnet$pllq.clkout3' -> 'posedge $glbnet$clk60':
Info:       type curr  total name
Info:   clk-to-q  0.52  0.52 Source stage._67_TRELLIS_FF_Q.Q
Info:    routing  0.68  1.20 Net stage._67 (40,4) -> (41,4)
Info:                          Sink stage._70_TRELLIS_FF_Q.M
Info:                          Defined in:
Info:                               /var/tmp/fpga-ulx3s/mp-gen/multiphase_stage.v:42.9-42.12
Info:      setup  0.00  1.20 Source stage._70_TRELLIS_FF_Q.M
Info: 0.52 ns logic, 0.68 ns routing

Info: Max frequency for clock '$glbnet$pllq.clkout3': 754.15 MHz (PASS at 60.00 MHz)
Info: Max frequency for clock '$glbnet$pllq.clkout2': 832.64 MHz (PASS at 60.00 MHz)
Info: Max frequency for clock '$glbnet$pllq.clkout1': 579.04 MHz (PASS at 60.00 MHz)
Info: Max frequency for clock        '$glbnet$clk48': 90.51 MHz (PASS at 48.00 MHz)
Info: Max frequency for clock        '$glbnet$clk60': 66.72 MHz (PASS at 60.00 MHz)

Info: Max delay <async>                      -> posedge $glbnet$clk48       : 7.84 ns
Info: Max delay <async>                      -> posedge $glbnet$clk60       : 8.41 ns
Info: Max delay <async>                      -> posedge $glbnet$pllq.clkout1: 2.96 ns
Info: Max delay <async>                      -> posedge $glbnet$pllq.clkout2: 2.91 ns
Info: Max delay <async>                      -> posedge $glbnet$pllq.clkout3: 2.89 ns
Info: Max delay posedge $glbnet$clk48        -> <async>                     : 5.30 ns
Info: Max delay posedge $glbnet$clk48        -> posedge $glbnet$clk60       : 1.24 ns
Info: Max delay posedge $glbnet$clk60        -> <async>                     : 10.18 ns
Info: Max delay posedge $glbnet$clk60        -> posedge $glbnet$pllq.clkout1: 2.86 ns
Info: Max delay posedge $glbnet$clk60        -> posedge $glbnet$pllq.clkout2: 2.81 ns
Info: Max delay posedge $glbnet$clk60        -> posedge $glbnet$pllq.clkout3: 2.86 ns
Info: Max delay posedge $glbnet$pllq.clkout1 -> <async>                     : 3.09 ns
Info: Max delay posedge $glbnet$pllq.clkout1 -> posedge $glbnet$clk60       : 1.24 ns
Info: Max delay posedge $glbnet$pllq.clkout2 -> <async>                     : 2.77 ns
Info: Max delay posedge $glbnet$pllq.clkout2 -> posedge $glbnet$clk60       : 1.25 ns
Info: Max delay posedge $glbnet$pllq.clkout3 -> <async>                     : 3.23 ns
Info: Max delay posedge $glbnet$pllq.clkout3 -> posedge $glbnet$clk60       : 1.20 ns

Info: Slack histogram:
Info:  legend: * represents 15 endpoint(s)
Info:          + represents [1,15) endpoint(s)
Info: [  1679,   2590) |*+
Info: [  2590,   3501) |**+
Info: [  3501,   4412) |*****+
Info: [  4412,   5323) |******+
Info: [  5323,   6234) |*+
Info: [  6234,   7145) |********+
Info: [  7145,   8056) |*******+
Info: [  8056,   8967) |**************+
Info: [  8967,   9878) |***************+
Info: [  9878,  10789) |***************+
Info: [ 10789,  11700) |******************+
Info: [ 11700,  12611) |**********************+
Info: [ 12611,  13522) |*********************************************+
Info: [ 13522,  14433) |**********************************************************+
Info: [ 14433,  15344) |************************************************************ 
Info: [ 15344,  16255) |***********+
Info: [ 16255,  17166) |+
Info: [ 17166,  18077) |*+
Info: [ 18077,  18988) |******************+
Info: [ 18988,  19899) |******+

Info: Program finished normally.
