
 /----------------------------------------------------------------------------\
 |  yosys -- Yosys Open SYnthesis Suite                                       |
 |  Copyright (C) 2012 - 2026  Claire Xenia Wolf <claire@yosyshq.com>         |
 |  Distributed under an ISC-like license, type "license" to see terms        |
 \----------------------------------------------------------------------------/
 Yosys 0.69+77 (git sha1 9ff27d29c-dirty, Release, Clang /usr/bin/clang++ 21.1.8)

-- Running command `read_verilog crc_unit.v; hierarchy -check -top crc_unit; synth -top crc_unit -flatten; dfflibmap -liberty /home/matthias/prog/janestreet/pio-area-notes/sg13g2/sg13g2_stdcell_typ_1p20V_25C.lib; abc -liberty /home/matthias/prog/janestreet/pio-area-notes/sg13g2/sg13g2_stdcell_typ_1p20V_25C.lib; opt_clean; stat -liberty /home/matthias/prog/janestreet/pio-area-notes/sg13g2/sg13g2_stdcell_typ_1p20V_25C.lib' --

1. Executing Verilog-2005 frontend: crc_unit.v
Parsing Verilog input from `crc_unit.v' to AST representation.
Lexer warning: The SystemVerilog keyword `bit' (at crc_unit.v:8) is not recognized unless read_verilog is called with -sv!
Lexer warning: The SystemVerilog keyword `bit' (at crc_unit.v:24) is not recognized unless read_verilog is called with -sv!
Lexer warning: The SystemVerilog keyword `bit' (at crc_unit.v:66) is not recognized unless read_verilog is called with -sv!
Lexer warning: The SystemVerilog keyword `bit' (at crc_unit.v:80) is not recognized unless read_verilog is called with -sv!
Generating RTLIL representation for module `\crc_unit'.
Successfully finished Verilog frontend.

2. Executing HIERARCHY pass (managing design hierarchy).

2.1. Analyzing design hierarchy..
Top module:  \crc_unit

2.2. Analyzing design hierarchy..
Top module:  \crc_unit
Removed 0 unused modules.

3. Executing SYNTH pass.

3.1. Executing HIERARCHY pass (managing design hierarchy).

3.1.1. Analyzing design hierarchy..
Top module:  \crc_unit

3.1.2. Analyzing design hierarchy..
Top module:  \crc_unit
Removed 0 unused modules.

3.2. Executing PROC pass (convert processes to netlists).

3.2.1. Executing PROC_CLEAN pass (remove empty switches from decision trees).
Cleaned up 0 empty switches.

3.2.2. Executing PROC_RMDEAD pass (remove dead branches from decision trees).
Marked 1 switch rules as full_case in process $proc$crc_unit.v:91$17 in module crc_unit.
Removed a total of 0 dead cases.

3.2.3. Executing PROC_PRUNE pass (remove redundant assignments in processes).
Removed 1 redundant assignment.
Promoted 0 assignments to connections.

3.2.4. Executing PROC_INIT pass (extract init attributes).

3.2.5. Executing PROC_ARST pass (detect async resets in processes).

3.2.6. Executing PROC_ROM pass (convert switches to ROMs).
Converted 0 switches.
<suppressed ~1 debug messages>

3.2.7. Executing PROC_MUX pass (convert decision trees to multiplexers).
Creating decoders for process `\crc_unit.$proc$crc_unit.v:91$17'.
     1/1: $0\_19[31:0]

3.2.8. Executing PROC_DLATCH pass (convert process syncs to latches).

3.2.9. Executing PROC_DFF pass (convert process syncs to FFs).
Creating register for signal `\crc_unit.\_19' using process `\crc_unit.$proc$crc_unit.v:91$17'.
  created $dff cell `$procdff$21' with positive edge clock.

3.2.10. Executing PROC_MEMWR pass (convert process memory writes to cells).

3.2.11. Executing PROC_CLEAN pass (remove empty switches from decision trees).
Found and cleaned up 1 empty switch in `\crc_unit.$proc$crc_unit.v:91$17'.
Removing empty process `crc_unit.$proc$crc_unit.v:91$17'.
Cleaned up 1 empty switch.

3.2.12. Executing OPT_EXPR pass (perform const folding).
Optimizing module crc_unit.
<suppressed ~1 debug messages>

3.3. Executing CHECK pass (checking for obvious problems).
Checking module crc_unit...
Found and reported 0 problems.

3.4. Executing FLATTEN pass (flatten design).

3.5. Executing OPT_EXPR pass (perform const folding).
Optimizing module crc_unit.

3.6. Executing CHECK pass (checking for obvious problems).
Checking module crc_unit...
Found and reported 0 problems.

3.7. Executing OPT_CLEAN pass (remove unused cells and wires).
Finding unused cells or wires in module \crc_unit..
Removed 0 unused cells and 18 unused wires.
<suppressed ~1 debug messages>

3.8. Executing OPT pass (performing simple optimizations).

3.8.1. Executing OPT_EXPR pass (perform const folding).
Optimizing module crc_unit.

3.8.2. Executing OPT_MERGE pass (detect identical cells).
Finding identical cells in module `\crc_unit'.
Computing hashes of 18 cells of `\crc_unit'.
Finding duplicate cells in `\crc_unit'.
Removed a total of 0 cells.

3.8.3. Executing OPT_MUXTREE pass (detect dead branches in mux trees).
Running muxtree optimizer on module \crc_unit..
  Creating internal representation of mux trees.
  Evaluating internal representation of mux trees.
  Analyzing evaluation results.
Removed 0 multiplexer ports.
<suppressed ~9 debug messages>

3.8.4. Executing OPT_REDUCE pass (consolidate $*mux and $reduce_* inputs).
  Optimizing cells in module \crc_unit.
Performed a total of 0 changes.

3.8.5. Executing OPT_MERGE pass (detect identical cells).
Finding identical cells in module `\crc_unit'.
Computing hashes of 18 cells of `\crc_unit'.
Finding duplicate cells in `\crc_unit'.
Removed a total of 0 cells.

3.8.6. Executing OPT_DFF pass (perform DFF optimizations).

3.8.7. Executing OPT_CLEAN pass (remove unused cells and wires).
Finding unused cells or wires in module \crc_unit..

3.8.8. Executing OPT_EXPR pass (perform const folding).
Optimizing module crc_unit.

3.8.9. Finished fast OPT passes. (There is nothing left to do.)

3.9. Executing FSM pass (extract and optimize FSM).

3.9.1. Executing FSM_DETECT pass (finding FSMs in design).

3.9.2. Executing FSM_EXTRACT pass (extracting FSM from design).

3.9.3. Executing FSM_OPT pass (simple optimizations of FSMs).

3.9.4. Executing OPT_CLEAN pass (remove unused cells and wires).
Finding unused cells or wires in module \crc_unit..

3.9.5. Executing FSM_OPT pass (simple optimizations of FSMs).

3.9.6. Executing FSM_RECODE pass (re-assigning FSM state encoding).

3.9.7. Executing FSM_INFO pass (dumping all available information on FSM cells).

3.9.8. Executing FSM_MAP pass (mapping FSMs to basic logic).

3.10. Executing OPT pass (performing simple optimizations).

3.10.1. Executing OPT_EXPR pass (perform const folding).
Optimizing module crc_unit.

3.10.2. Executing OPT_MERGE pass (detect identical cells).
Finding identical cells in module `\crc_unit'.
Computing hashes of 18 cells of `\crc_unit'.
Finding duplicate cells in `\crc_unit'.
Removed a total of 0 cells.

3.10.3. Executing OPT_MUXTREE pass (detect dead branches in mux trees).
Running muxtree optimizer on module \crc_unit..
  Creating internal representation of mux trees.
  Evaluating internal representation of mux trees.
  Analyzing evaluation results.
Removed 0 multiplexer ports.
<suppressed ~9 debug messages>

3.10.4. Executing OPT_REDUCE pass (consolidate $*mux and $reduce_* inputs).
  Optimizing cells in module \crc_unit.
Performed a total of 0 changes.

3.10.5. Executing OPT_MERGE pass (detect identical cells).
Finding identical cells in module `\crc_unit'.
Computing hashes of 18 cells of `\crc_unit'.
Finding duplicate cells in `\crc_unit'.
Removed a total of 0 cells.

3.10.6. Executing OPT_DFF pass (perform DFF optimizations).
Adding SRST signal on $procdff$21 ($dff) from module crc_unit (D = \_14, Q = \_19, rval = 0).
Adding EN signal on $auto$ff.cc:337:slice$22 ($sdff) from module crc_unit (D = \_14, Q = \_19).

3.10.7. Executing OPT_CLEAN pass (remove unused cells and wires).
Finding unused cells or wires in module \crc_unit..
Removed 1 unused cells and 1 unused wires.
<suppressed ~2 debug messages>

3.10.8. Executing OPT_EXPR pass (perform const folding).
Optimizing module crc_unit.
<suppressed ~1 debug messages>

3.10.9. Rerunning OPT passes. (Maybe there is more to do..)

3.10.10. Executing OPT_MUXTREE pass (detect dead branches in mux trees).
Running muxtree optimizer on module \crc_unit..
  Creating internal representation of mux trees.
  Evaluating internal representation of mux trees.
  Analyzing evaluation results.
Removed 0 multiplexer ports.
<suppressed ~8 debug messages>

3.10.11. Executing OPT_REDUCE pass (consolidate $*mux and $reduce_* inputs).
  Optimizing cells in module \crc_unit.
Performed a total of 0 changes.

3.10.12. Executing OPT_MERGE pass (detect identical cells).
Finding identical cells in module `\crc_unit'.
Computing hashes of 18 cells of `\crc_unit'.
Finding duplicate cells in `\crc_unit'.
Removed a total of 0 cells.

3.10.13. Executing OPT_DFF pass (perform DFF optimizations).

3.10.14. Executing OPT_CLEAN pass (remove unused cells and wires).
Finding unused cells or wires in module \crc_unit..

3.10.15. Executing OPT_EXPR pass (perform const folding).
Optimizing module crc_unit.

3.10.16. Finished fast OPT passes. (There is nothing left to do.)

3.11. Executing WREDUCE pass (reducing word size of cells).
Removed top 1 bits (of 32) from port A of cell crc_unit.$xor$crc_unit.v:72$5 ($xor).
Removed top 1 bits (of 32) from port B of cell crc_unit.$xor$crc_unit.v:76$6 ($xor).

3.12. Executing PEEPOPT pass (run peephole optimizers).

3.13. Executing OPT_CLEAN pass (remove unused cells and wires).
Finding unused cells or wires in module \crc_unit..

3.14. Executing ALUMACC pass (create $alu and $macc cells).
Extracting $alu and $macc cells in module crc_unit:
  created 0 $alu and 0 $macc cells.

3.15. Executing SHARE pass (SAT-based resource sharing).

3.16. Executing OPT pass (performing simple optimizations).

3.16.1. Executing OPT_EXPR pass (perform const folding).
Optimizing module crc_unit.

3.16.2. Executing OPT_MERGE pass (detect identical cells).
Finding identical cells in module `\crc_unit'.
Computing hashes of 18 cells of `\crc_unit'.
Finding duplicate cells in `\crc_unit'.
Removed a total of 0 cells.

3.16.3. Executing OPT_MUXTREE pass (detect dead branches in mux trees).
Running muxtree optimizer on module \crc_unit..
  Creating internal representation of mux trees.
  Evaluating internal representation of mux trees.
  Analyzing evaluation results.
Removed 0 multiplexer ports.
<suppressed ~8 debug messages>

3.16.4. Executing OPT_REDUCE pass (consolidate $*mux and $reduce_* inputs).
  Optimizing cells in module \crc_unit.
Performed a total of 0 changes.

3.16.5. Executing OPT_MERGE pass (detect identical cells).
Finding identical cells in module `\crc_unit'.
Computing hashes of 18 cells of `\crc_unit'.
Finding duplicate cells in `\crc_unit'.
Removed a total of 0 cells.

3.16.6. Executing OPT_DFF pass (perform DFF optimizations).

3.16.7. Executing OPT_CLEAN pass (remove unused cells and wires).
Finding unused cells or wires in module \crc_unit..

3.16.8. Executing OPT_EXPR pass (perform const folding).
Optimizing module crc_unit.

3.16.9. Finished fast OPT passes. (There is nothing left to do.)

3.17. Executing MEMORY pass.

3.17.1. Executing OPT_MEM pass (optimize memories).
Performed a total of 0 transformations.

3.17.2. Executing OPT_MEM_PRIORITY pass (removing unnecessary memory write priority relations).
Performed a total of 0 transformations.

3.17.3. Executing OPT_MEM_FEEDBACK pass (finding memory read-to-write feedback paths).

3.17.4. Executing MEMORY_BMUX2ROM pass (converting muxes to ROMs).

3.17.5. Executing MEMORY_DFF pass (merging $dff cells to $memrd).

3.17.6. Executing OPT_CLEAN pass (remove unused cells and wires).
Finding unused cells or wires in module \crc_unit..

3.17.7. Executing MEMORY_SHARE pass (consolidating $memrd/$memwr cells).

3.17.8. Executing OPT_MEM_WIDEN pass (optimize memories where all ports are wide).
Performed a total of 0 transformations.

3.17.9. Executing OPT_CLEAN pass (remove unused cells and wires).
Finding unused cells or wires in module \crc_unit..

3.17.10. Executing MEMORY_COLLECT pass (generating $mem cells).

3.18. Executing OPT_CLEAN pass (remove unused cells and wires).
Finding unused cells or wires in module \crc_unit..

3.19. Executing OPT pass (performing simple optimizations).

3.19.1. Executing OPT_EXPR pass (perform const folding).
Optimizing module crc_unit.
<suppressed ~24 debug messages>

3.19.2. Executing OPT_MERGE pass (detect identical cells).
Finding identical cells in module `\crc_unit'.
Computing hashes of 17 cells of `\crc_unit'.
Finding duplicate cells in `\crc_unit'.
Removed a total of 0 cells.

3.19.3. Executing OPT_DFF pass (perform DFF optimizations).

3.19.4. Executing OPT_CLEAN pass (remove unused cells and wires).
Finding unused cells or wires in module \crc_unit..
Removed 0 unused cells and 8 unused wires.
<suppressed ~1 debug messages>

3.19.5. Finished fast OPT passes.

3.20. Executing MEMORY_MAP pass (converting memories to logic and flip-flops).

3.21. Executing OPT pass (performing simple optimizations).

3.21.1. Executing OPT_EXPR pass (perform const folding).
Optimizing module crc_unit.

3.21.2. Executing OPT_MERGE pass (detect identical cells).
Finding identical cells in module `\crc_unit'.
Computing hashes of 17 cells of `\crc_unit'.
Finding duplicate cells in `\crc_unit'.
Removed a total of 0 cells.

3.21.3. Executing OPT_MUXTREE pass (detect dead branches in mux trees).
Running muxtree optimizer on module \crc_unit..
  Creating internal representation of mux trees.
  Evaluating internal representation of mux trees.
  Analyzing evaluation results.
Removed 0 multiplexer ports.
<suppressed ~7 debug messages>

3.21.4. Executing OPT_REDUCE pass (consolidate $*mux and $reduce_* inputs).
  Optimizing cells in module \crc_unit.
Performed a total of 0 changes.

3.21.5. Executing OPT_MERGE pass (detect identical cells).
Finding identical cells in module `\crc_unit'.
Computing hashes of 17 cells of `\crc_unit'.
Finding duplicate cells in `\crc_unit'.
Removed a total of 0 cells.

3.21.6. Executing OPT_SHARE pass.

3.21.7. Executing OPT_DFF pass (perform DFF optimizations).

3.21.8. Executing OPT_CLEAN pass (remove unused cells and wires).
Finding unused cells or wires in module \crc_unit..

3.21.9. Executing OPT_EXPR pass (perform const folding).
Optimizing module crc_unit.

3.21.10. Finished fast OPT passes. (There is nothing left to do.)

3.22. Executing TECHMAP pass (map to technology primitives).

3.22.1. Executing Verilog-2005 frontend: /home/matthias/prog/janestreet/fabulous-notes/oss-cad-suite/lib/../share/yosys/techmap.v
Parsing Verilog input from `/home/matthias/prog/janestreet/fabulous-notes/oss-cad-suite/lib/../share/yosys/techmap.v' to AST representation.
Generating RTLIL representation for module `\_90_simplemap_bool_ops'.
Generating RTLIL representation for module `\_90_simplemap_reduce_ops'.
Generating RTLIL representation for module `\_90_simplemap_logic_ops'.
Generating RTLIL representation for module `\_90_simplemap_compare_ops'.
Generating RTLIL representation for module `\_90_simplemap_various'.
Generating RTLIL representation for module `\_90_simplemap_registers'.
Generating RTLIL representation for module `\_90_shift_ops_shr_shl_sshl_sshr'.
Generating RTLIL representation for module `\_90_shift_shiftx'.
Generating RTLIL representation for module `\_90_fa'.
Generating RTLIL representation for module `\_90_lcu_brent_kung'.
Generating RTLIL representation for module `\_90_alu'.
Generating RTLIL representation for module `\_90_macc'.
Generating RTLIL representation for module `\_90_alumacc'.
Generating RTLIL representation for module `$__div_mod_u'.
Generating RTLIL representation for module `$__div_mod_trunc'.
Generating RTLIL representation for module `\_90_div'.
Generating RTLIL representation for module `\_90_mod'.
Generating RTLIL representation for module `$__div_mod_floor'.
Generating RTLIL representation for module `\_90_divfloor'.
Generating RTLIL representation for module `\_90_modfloor'.
Generating RTLIL representation for module `\_90_pow'.
Generating RTLIL representation for module `\_90_demux'.
Generating RTLIL representation for module `\_90_lut'.
Generating RTLIL representation for module `$connect'.
Generating RTLIL representation for module `$input_port'.
Successfully finished Verilog frontend.

3.22.2. Continuing TECHMAP pass.
Using extmapper simplemap for cells of type $xor.
Using extmapper simplemap for cells of type $and.
Using extmapper simplemap for cells of type $reduce_bool.
Using extmapper simplemap for cells of type $sdffe.
Using extmapper simplemap for cells of type $eq.
Using extmapper simplemap for cells of type $mux.
Using extmapper simplemap for cells of type $logic_not.
Using extmapper simplemap for cells of type $not.
No more expansions possible.
<suppressed ~94 debug messages>

3.23. Executing OPT pass (performing simple optimizations).

3.23.1. Executing OPT_EXPR pass (perform const folding).
Optimizing module crc_unit.
<suppressed ~1 debug messages>

3.23.2. Executing OPT_MERGE pass (detect identical cells).
Finding identical cells in module `\crc_unit'.
Computing hashes of 447 cells of `\crc_unit'.
Finding duplicate cells in `\crc_unit'.
Removed a total of 0 cells.

3.23.3. Executing OPT_DFF pass (perform DFF optimizations).

3.23.4. Executing OPT_CLEAN pass (remove unused cells and wires).
Finding unused cells or wires in module \crc_unit..
Removed 1 unused cells and 4 unused wires.
<suppressed ~3 debug messages>

3.23.5. Finished fast OPT passes.

3.24. Executing ABC pass (technology mapping using ABC).

3.24.1. Summary of detected clock domains:
  446 cells in clk=\clock, en=$auto$simple.cc:193:make_patterns_logic$24, arst={ }, srst=\clear

3.24.2. Extracting gate netlist of module `\crc_unit' to `<abc-temp-dir>/input.blif'..
Found matching posedge clock domain: \clock, enabled by $auto$simple.cc:193:make_patterns_logic$24, synchronously reset by \clear

3.24.2.1. Executed ABC.
Extracted 414 gates and 611 wires to a netlist network with 196 inputs and 66 outputs.
Running ABC script: <abc-temp-dir>/abc.script
ABC: UC Berkeley, ABC 1.01 (compiled Sep 21 2026 05:23:42)
ABC: abc 01> empty
ABC: abc 01> source <abc-temp-dir>/abc.script
ABC: + read_blif <abc-temp-dir>/input.blif 
ABC: + read_library <abc-temp-dir>/stdcells.genlib 
ABC: + strash 
ABC: + &get -n 
ABC: + &fraig -x 
ABC: + &put 
ABC: + scorr 
ABC: Warning: The network is combinational (run "fraig" or "fraig_sweep").
ABC: + dc2 
ABC: + dretime 
ABC: + strash 
ABC: + &get -n 
ABC: + &dch -f 
ABC: + &nf 
ABC: + &put 
ABC: + write_blif <abc-temp-dir>/output.blif 
ABC: 
ABC: YOSYS_ABC_DONE 

3.24.2.2. Re-integrating ABC results.
ABC RESULTS:               AND cells:      185
ABC RESULTS:            ANDNOT cells:        1
ABC RESULTS:               MUX cells:       32
ABC RESULTS:              NAND cells:      150
ABC RESULTS:                OR cells:       80
ABC RESULTS:             ORNOT cells:        4
ABC RESULTS:              XNOR cells:       63
ABC RESULTS:               XOR cells:       50
ABC RESULTS:        internal signals:      349
ABC RESULTS:           input signals:      196
ABC RESULTS:          output signals:       66
Removing temp directory.
Removing global temp directory.

3.25. Executing OPT pass (performing simple optimizations).

3.25.1. Executing OPT_EXPR pass (perform const folding).
Optimizing module crc_unit.

3.25.2. Executing OPT_MERGE pass (detect identical cells).
Finding identical cells in module `\crc_unit'.
Computing hashes of 597 cells of `\crc_unit'.
Finding duplicate cells in `\crc_unit'.
Removed a total of 0 cells.

3.25.3. Executing OPT_DFF pass (perform DFF optimizations).

3.25.4. Executing OPT_CLEAN pass (remove unused cells and wires).
Finding unused cells or wires in module \crc_unit..
Removed 0 unused cells and 282 unused wires.
<suppressed ~11 debug messages>

3.25.5. Finished fast OPT passes.

3.26. Executing HIERARCHY pass (managing design hierarchy).
Attribute `top' found on module `crc_unit'. Setting top module to crc_unit.

3.26.1. Analyzing design hierarchy..
Top module:  \crc_unit

3.26.2. Analyzing design hierarchy..
Top module:  \crc_unit
Removed 0 unused modules.

3.27. Printing statistics.

=== crc_unit ===

        +----------Local Count, excluding submodules.
        | 
      531 wires
     1148 wire bits
       31 public wires
      648 public wire bits
       14 ports
      231 port bits
      597 cells
        1   $_ANDNOT_
      185   $_AND_
       32   $_MUX_
      150   $_NAND_
        4   $_ORNOT_
       80   $_OR_
       32   $_SDFFE_PP0P_
       63   $_XNOR_
       50   $_XOR_

3.28. Executing CHECK pass (checking for obvious problems).
Checking module crc_unit...
Found and reported 0 problems.

4. Executing DFFLIBMAP pass (mapping DFF/DLATCH cells to sequential cells from liberty file).
  cell sg13g2_dfrbpq_1 (noninv, pins=4, area=48.99) is a direct match for cell type $_DFF_PN0_.
  cell sg13g2_dlhq_1 (noninv, pins=3, area=30.84) is a direct match for cell type $_DLATCH_P_.
  cell sg13g2_dllrq_1 (noninv, pins=4, area=29.03) is a direct match for cell type $_DLATCH_NN0_.
  cell sg13g2_dlhrq_1 (noninv, pins=4, area=27.22) is a direct match for cell type $_DLATCH_PN0_.
  final dff/dlatch cell mappings:
    unmapped dff/dlatch cell: $_DFF_N_
    unmapped dff/dlatch cell: $_DFF_P_
    unmapped dff/dlatch cell: $_DFF_NN0_
    unmapped dff/dlatch cell: $_DFF_NN1_
    unmapped dff/dlatch cell: $_DFF_NP0_
    unmapped dff/dlatch cell: $_DFF_NP1_
    \sg13g2_dfrbpq_1 _DFF_PN0_ (.CLK( C), .D( D), .Q( Q), .RESET_B( R));
    unmapped dff/dlatch cell: $_DFF_PN1_
    unmapped dff/dlatch cell: $_DFF_PP0_
    unmapped dff/dlatch cell: $_DFF_PP1_
    unmapped dff/dlatch cell: $_DFFE_NN_
    unmapped dff/dlatch cell: $_DFFE_NP_
    unmapped dff/dlatch cell: $_DFFE_PN_
    unmapped dff/dlatch cell: $_DFFE_PP_
    unmapped dff/dlatch cell: $_DFFSR_NNN_
    unmapped dff/dlatch cell: $_DFFSR_NNP_
    unmapped dff/dlatch cell: $_DFFSR_NPN_
    unmapped dff/dlatch cell: $_DFFSR_NPP_
    unmapped dff/dlatch cell: $_DFFSR_PNN_
    unmapped dff/dlatch cell: $_DFFSR_PNP_
    unmapped dff/dlatch cell: $_DFFSR_PPN_
    unmapped dff/dlatch cell: $_DFFSR_PPP_
    unmapped dff/dlatch cell: $_DLATCH_N_
    \sg13g2_dlhq_1 _DLATCH_P_ (.D( D), .GATE( E), .Q( Q));
    \sg13g2_dllrq_1 _DLATCH_NN0_ (.D( D), .GATE_N( E), .Q( Q), .RESET_B( R));
    unmapped dff/dlatch cell: $_DLATCH_NN1_
    unmapped dff/dlatch cell: $_DLATCH_NP0_
    unmapped dff/dlatch cell: $_DLATCH_NP1_
    \sg13g2_dlhrq_1 _DLATCH_PN0_ (.D( D), .GATE( E), .Q( Q), .RESET_B( R));
    unmapped dff/dlatch cell: $_DLATCH_PN1_
    unmapped dff/dlatch cell: $_DLATCH_PP0_
    unmapped dff/dlatch cell: $_DLATCH_PP1_
    unmapped dff/dlatch cell: $_DLATCHSR_NNN_
    unmapped dff/dlatch cell: $_DLATCHSR_NNP_
    unmapped dff/dlatch cell: $_DLATCHSR_NPN_
    unmapped dff/dlatch cell: $_DLATCHSR_NPP_
    unmapped dff/dlatch cell: $_DLATCHSR_PNN_
    unmapped dff/dlatch cell: $_DLATCHSR_PNP_
    unmapped dff/dlatch cell: $_DLATCHSR_PPN_
    unmapped dff/dlatch cell: $_DLATCHSR_PPP_

4.1. Executing DFFLEGALIZE pass (convert FFs and LATCHes to types supported by the target).
<suppressed ~4 debug messages>
Mapping DFF/DLATCH cells in module `\crc_unit':
  mapped 32 $_DFF_PN0_ cells to \sg13g2_dfrbpq_1 cells.

5. Executing ABC pass (technology mapping using ABC).

5.1. Summary of detected clock domains:
  661 cells in clk={ }, en={ }, arst={ }, srst={ }

5.2. Extracting gate netlist of module `\crc_unit' to `<abc-temp-dir>/input.blif'..
ABC: using cached merged SCL: /tmp/yosys-liberty-scl-cache-1000/yosys_merged_a6013080.scl (1 files)
No matching clock domain found. Not extracting any FF cells.

5.2.1. Executed ABC.
Extracted 629 gates and 827 wires to a netlist network with 197 inputs and 65 outputs.
Running ABC script: <abc-temp-dir>/abc.script
ABC: UC Berkeley, ABC 1.01 (compiled Sep 21 2026 05:23:42)
ABC: abc 01> empty
ABC: abc 01> source <abc-temp-dir>/abc.script
ABC: + read_blif <abc-temp-dir>/input.blif 
ABC: + read_scl /tmp/yosys-liberty-scl-cache-1000/yosys_merged_a6013080.scl 
ABC: + strash 
ABC: + &get -n 
ABC: + &fraig -x 
ABC: + &put 
ABC: + scorr 
ABC: Warning: The network is combinational (run "fraig" or "fraig_sweep").
ABC: + dc2 
ABC: + dretime 
ABC: + strash 
ABC: + &get -n 
ABC: + &dch -f 
ABC: + &nf 
ABC: + &put 
ABC: + write_blif <abc-temp-dir>/output.blif 
ABC: 
ABC: YOSYS_ABC_DONE 

5.2.2. Re-integrating ABC results.
ABC RESULTS:    sg13g2_a21oi_1 cells:       93
ABC RESULTS:   sg13g2_a221oi_1 cells:       16
ABC RESULTS:    sg13g2_a22oi_1 cells:       22
ABC RESULTS:     sg13g2_and3_1 cells:        1
ABC RESULTS:     sg13g2_and4_1 cells:        4
ABC RESULTS:      sg13g2_inv_1 cells:       59
ABC RESULTS:    sg13g2_nand2_1 cells:       53
ABC RESULTS:   sg13g2_nand2b_1 cells:        7
ABC RESULTS:    sg13g2_nand3_1 cells:       30
ABC RESULTS:   sg13g2_nand3b_1 cells:        4
ABC RESULTS:    sg13g2_nand4_1 cells:        3
ABC RESULTS:     sg13g2_nor2_1 cells:       54
ABC RESULTS:    sg13g2_nor2b_1 cells:       11
ABC RESULTS:     sg13g2_nor3_1 cells:       33
ABC RESULTS:     sg13g2_nor4_1 cells:       11
ABC RESULTS:    sg13g2_o21ai_1 cells:       67
ABC RESULTS:      sg13g2_or2_1 cells:        1
ABC RESULTS:      sg13g2_or4_1 cells:        1
ABC RESULTS:    sg13g2_xnor2_1 cells:       18
ABC RESULTS:     sg13g2_xor2_1 cells:       74
ABC RESULTS:        internal signals:      565
ABC RESULTS:           input signals:      197
ABC RESULTS:          output signals:       65
Removing temp directory.
Removing global temp directory.

6. Executing OPT_CLEAN pass (remove unused cells and wires).
Finding unused cells or wires in module \crc_unit..
Removed 0 unused cells and 796 unused wires.
<suppressed ~3 debug messages>

7. Printing statistics.

=== crc_unit ===

        +----------Local Count, excluding submodules.
        |        +-Local Area, excluding submodules.
        |        | 
      558        - wires
     1113        - wire bits
       29        - public wires
      584        - public wire bits
       14        - ports
      231        - port bits
      594 6.96E+03 cells
       93  843.696   sg13g2_a21oi_1
       16  232.243   sg13g2_a221oi_1
       22  238.669   sg13g2_a22oi_1
        1   12.701   sg13g2_and3_1
        4   58.061   sg13g2_and4_1
       32 1.57E+03   sg13g2_dfrbpq_1
       59  321.149   sg13g2_inv_1
       53  384.653   sg13g2_nand2_1
        7   63.504   sg13g2_nand2b_1
       30   272.16   sg13g2_nand3_1
        4   50.803   sg13g2_nand3b_1
        3   32.659   sg13g2_nand4_1
       54   391.91   sg13g2_nor2_1
       11   99.792   sg13g2_nor2b_1
       33  299.376   sg13g2_nor3_1
       11   119.75   sg13g2_nor4_1
       67  607.824   sg13g2_o21ai_1
        1    9.072   sg13g2_or2_1
        1   14.515   sg13g2_or4_1
       18  261.274   sg13g2_xnor2_1
       74 1.07E+03   sg13g2_xor2_1

   Chip area for module '\crc_unit': 6955.578000
     of which used for sequential elements: 1567.641600 (22.54%)

End of script. Logfile hash: aa54ddd9a7, time: 0.21s, user: 0.05s, system: 0.01s, MEM: 23.30 MB peak
Yosys 0.69+77 (git sha1 9ff27d29c-dirty, Release, Clang /usr/bin/clang++ 21.1.8)
Time spent: 81% 2x abc (0 sec), 4% 15x opt_clean (0 sec), ...
