
 /----------------------------------------------------------------------------\
 |  yosys -- Yosys Open SYnthesis Suite                                       |
 |  Copyright (C) 2012 - 2026  Claire Xenia Wolf <claire@yosyshq.com>         |
 |  Distributed under an ISC-like license, type "license" to see terms        |
 \----------------------------------------------------------------------------/
 Yosys 0.69+77 (git sha1 9ff27d29c-dirty, Release, Clang /usr/bin/clang++ 21.1.8)

-- Running command `read_verilog edge_sampler1.v; hierarchy -check -top edge_sampler1; synth -top edge_sampler1 -flatten; dfflibmap -liberty /home/matthias/prog/janestreet/pio-area-notes/sg13g2/sg13g2_stdcell_typ_1p20V_25C.lib; abc -liberty /home/matthias/prog/janestreet/pio-area-notes/sg13g2/sg13g2_stdcell_typ_1p20V_25C.lib; opt_clean; stat -liberty /home/matthias/prog/janestreet/pio-area-notes/sg13g2/sg13g2_stdcell_typ_1p20V_25C.lib' --

1. Executing Verilog-2005 frontend: edge_sampler1.v
Parsing Verilog input from `edge_sampler1.v' to AST representation.
Lexer warning: The SystemVerilog keyword `bit' (at edge_sampler1.v:12) is not recognized unless read_verilog is called with -sv!
Lexer warning: The SystemVerilog keyword `bit' (at edge_sampler1.v:29) is not recognized unless read_verilog is called with -sv!
Lexer warning: The SystemVerilog keyword `bit' (at edge_sampler1.v:210) is not recognized unless read_verilog is called with -sv!
Generating RTLIL representation for module `\edge_sampler1'.
Successfully finished Verilog frontend.

2. Executing HIERARCHY pass (managing design hierarchy).

2.1. Analyzing design hierarchy..
Top module:  \edge_sampler1

2.2. Analyzing design hierarchy..
Top module:  \edge_sampler1
Removed 0 unused modules.

3. Executing SYNTH pass.

3.1. Executing HIERARCHY pass (managing design hierarchy).

3.1.1. Analyzing design hierarchy..
Top module:  \edge_sampler1

3.1.2. Analyzing design hierarchy..
Top module:  \edge_sampler1
Removed 0 unused modules.

3.2. Executing PROC pass (convert processes to netlists).

3.2.1. Executing PROC_CLEAN pass (remove empty switches from decision trees).
Cleaned up 0 empty switches.

3.2.2. Executing PROC_RMDEAD pass (remove dead branches from decision trees).
Marked 1 switch rules as full_case in process $proc$edge_sampler1.v:204$50 in module edge_sampler1.
Marked 1 switch rules as full_case in process $proc$edge_sampler1.v:191$44 in module edge_sampler1.
Marked 1 switch rules as full_case in process $proc$edge_sampler1.v:183$42 in module edge_sampler1.
Marked 1 switch rules as full_case in process $proc$edge_sampler1.v:172$37 in module edge_sampler1.
Marked 1 switch rules as full_case in process $proc$edge_sampler1.v:154$26 in module edge_sampler1.
Marked 1 switch rules as full_case in process $proc$edge_sampler1.v:136$18 in module edge_sampler1.
Marked 1 switch rules as full_case in process $proc$edge_sampler1.v:125$12 in module edge_sampler1.
Marked 1 switch rules as full_case in process $proc$edge_sampler1.v:108$3 in module edge_sampler1.
Marked 1 switch rules as full_case in process $proc$edge_sampler1.v:101$1 in module edge_sampler1.
Removed a total of 0 dead cases.

3.2.3. Executing PROC_PRUNE pass (remove redundant assignments in processes).
Removed 9 redundant assignments.
Promoted 0 assignments to connections.

3.2.4. Executing PROC_INIT pass (extract init attributes).

3.2.5. Executing PROC_ARST pass (detect async resets in processes).

3.2.6. Executing PROC_ROM pass (convert switches to ROMs).
Converted 0 switches.
<suppressed ~9 debug messages>

3.2.7. Executing PROC_MUX pass (convert decision trees to multiplexers).
Creating decoders for process `\edge_sampler1.$proc$edge_sampler1.v:204$50'.
     1/1: $0\_101[0:0]
Creating decoders for process `\edge_sampler1.$proc$edge_sampler1.v:191$44'.
     1/1: $0\_87[0:0]
Creating decoders for process `\edge_sampler1.$proc$edge_sampler1.v:183$42'.
     1/1: $0\_24[0:0]
Creating decoders for process `\edge_sampler1.$proc$edge_sampler1.v:172$37'.
     1/1: $0\_33[0:0]
Creating decoders for process `\edge_sampler1.$proc$edge_sampler1.v:154$26'.
     1/1: $0\_39[9:0]
Creating decoders for process `\edge_sampler1.$proc$edge_sampler1.v:136$18'.
     1/1: $0\_78[0:0]
Creating decoders for process `\edge_sampler1.$proc$edge_sampler1.v:125$12'.
     1/1: $0\_58[7:0]
Creating decoders for process `\edge_sampler1.$proc$edge_sampler1.v:108$3'.
     1/1: $0\_55[0:0]
Creating decoders for process `\edge_sampler1.$proc$edge_sampler1.v:101$1'.
     1/1: $0\_28[0:0]

3.2.8. Executing PROC_DLATCH pass (convert process syncs to latches).

3.2.9. Executing PROC_DFF pass (convert process syncs to FFs).
Creating register for signal `\edge_sampler1.\_101' using process `\edge_sampler1.$proc$edge_sampler1.v:204$50'.
  created $dff cell `$procdff$77' with positive edge clock.
Creating register for signal `\edge_sampler1.\_87' using process `\edge_sampler1.$proc$edge_sampler1.v:191$44'.
  created $dff cell `$procdff$78' with positive edge clock.
Creating register for signal `\edge_sampler1.\_24' using process `\edge_sampler1.$proc$edge_sampler1.v:183$42'.
  created $dff cell `$procdff$79' with positive edge clock.
Creating register for signal `\edge_sampler1.\_33' using process `\edge_sampler1.$proc$edge_sampler1.v:172$37'.
  created $dff cell `$procdff$80' with positive edge clock.
Creating register for signal `\edge_sampler1.\_39' using process `\edge_sampler1.$proc$edge_sampler1.v:154$26'.
  created $dff cell `$procdff$81' with positive edge clock.
Creating register for signal `\edge_sampler1.\_78' using process `\edge_sampler1.$proc$edge_sampler1.v:136$18'.
  created $dff cell `$procdff$82' with positive edge clock.
Creating register for signal `\edge_sampler1.\_58' using process `\edge_sampler1.$proc$edge_sampler1.v:125$12'.
  created $dff cell `$procdff$83' with positive edge clock.
Creating register for signal `\edge_sampler1.\_55' using process `\edge_sampler1.$proc$edge_sampler1.v:108$3'.
  created $dff cell `$procdff$84' with positive edge clock.
Creating register for signal `\edge_sampler1.\_28' using process `\edge_sampler1.$proc$edge_sampler1.v:101$1'.
  created $dff cell `$procdff$85' with positive edge clock.

3.2.10. Executing PROC_MEMWR pass (convert process memory writes to cells).

3.2.11. Executing PROC_CLEAN pass (remove empty switches from decision trees).
Found and cleaned up 1 empty switch in `\edge_sampler1.$proc$edge_sampler1.v:204$50'.
Removing empty process `edge_sampler1.$proc$edge_sampler1.v:204$50'.
Found and cleaned up 1 empty switch in `\edge_sampler1.$proc$edge_sampler1.v:191$44'.
Removing empty process `edge_sampler1.$proc$edge_sampler1.v:191$44'.
Found and cleaned up 1 empty switch in `\edge_sampler1.$proc$edge_sampler1.v:183$42'.
Removing empty process `edge_sampler1.$proc$edge_sampler1.v:183$42'.
Found and cleaned up 1 empty switch in `\edge_sampler1.$proc$edge_sampler1.v:172$37'.
Removing empty process `edge_sampler1.$proc$edge_sampler1.v:172$37'.
Found and cleaned up 1 empty switch in `\edge_sampler1.$proc$edge_sampler1.v:154$26'.
Removing empty process `edge_sampler1.$proc$edge_sampler1.v:154$26'.
Found and cleaned up 1 empty switch in `\edge_sampler1.$proc$edge_sampler1.v:136$18'.
Removing empty process `edge_sampler1.$proc$edge_sampler1.v:136$18'.
Found and cleaned up 1 empty switch in `\edge_sampler1.$proc$edge_sampler1.v:125$12'.
Removing empty process `edge_sampler1.$proc$edge_sampler1.v:125$12'.
Found and cleaned up 1 empty switch in `\edge_sampler1.$proc$edge_sampler1.v:108$3'.
Removing empty process `edge_sampler1.$proc$edge_sampler1.v:108$3'.
Found and cleaned up 1 empty switch in `\edge_sampler1.$proc$edge_sampler1.v:101$1'.
Removing empty process `edge_sampler1.$proc$edge_sampler1.v:101$1'.
Cleaned up 9 empty switches.

3.2.12. Executing OPT_EXPR pass (perform const folding).
Optimizing module edge_sampler1.
<suppressed ~3 debug messages>

3.3. Executing CHECK pass (checking for obvious problems).
Checking module edge_sampler1...
Found and reported 0 problems.

3.4. Executing FLATTEN pass (flatten design).

3.5. Executing OPT_EXPR pass (perform const folding).
Optimizing module edge_sampler1.

3.6. Executing CHECK pass (checking for obvious problems).
Checking module edge_sampler1...
Found and reported 0 problems.

3.7. Executing OPT_CLEAN pass (remove unused cells and wires).
Finding unused cells or wires in module \edge_sampler1..
Removed 0 unused cells and 58 unused wires.
<suppressed ~1 debug messages>

3.8. Executing OPT pass (performing simple optimizations).

3.8.1. Executing OPT_EXPR pass (perform const folding).
Optimizing module edge_sampler1.

3.8.2. Executing OPT_MERGE pass (detect identical cells).
Finding identical cells in module `\edge_sampler1'.
Computing hashes of 57 cells of `\edge_sampler1'.
Finding duplicate cells in `\edge_sampler1'.
Removed a total of 0 cells.

3.8.3. Executing OPT_MUXTREE pass (detect dead branches in mux trees).
Running muxtree optimizer on module \edge_sampler1..
  Creating internal representation of mux trees.
  Evaluating internal representation of mux trees.
  Analyzing evaluation results.
Removed 0 multiplexer ports.
<suppressed ~39 debug messages>

3.8.4. Executing OPT_REDUCE pass (consolidate $*mux and $reduce_* inputs).
  Optimizing cells in module \edge_sampler1.
Performed a total of 0 changes.

3.8.5. Executing OPT_MERGE pass (detect identical cells).
Finding identical cells in module `\edge_sampler1'.
Computing hashes of 57 cells of `\edge_sampler1'.
Finding duplicate cells in `\edge_sampler1'.
Removed a total of 0 cells.

3.8.6. Executing OPT_DFF pass (perform DFF optimizations).
Setting constant 0-bit at position 0 on $procdff$85 ($dff) from module edge_sampler1.

3.8.7. Executing OPT_CLEAN pass (remove unused cells and wires).
Finding unused cells or wires in module \edge_sampler1..

3.8.8. Executing OPT_EXPR pass (perform const folding).
Optimizing module edge_sampler1.

3.8.9. Rerunning OPT passes. (Maybe there is more to do..)

3.8.10. Executing OPT_MUXTREE pass (detect dead branches in mux trees).
Running muxtree optimizer on module \edge_sampler1..
  Creating internal representation of mux trees.
  Evaluating internal representation of mux trees.
  Analyzing evaluation results.
Removed 0 multiplexer ports.
<suppressed ~39 debug messages>

3.8.11. Executing OPT_REDUCE pass (consolidate $*mux and $reduce_* inputs).
  Optimizing cells in module \edge_sampler1.
Performed a total of 0 changes.

3.8.12. Executing OPT_MERGE pass (detect identical cells).
Finding identical cells in module `\edge_sampler1'.
Computing hashes of 56 cells of `\edge_sampler1'.
Finding duplicate cells in `\edge_sampler1'.
Removed a total of 0 cells.

3.8.13. Executing OPT_DFF pass (perform DFF optimizations).

3.8.14. Executing OPT_CLEAN pass (remove unused cells and wires).
Finding unused cells or wires in module \edge_sampler1..

3.8.15. Executing OPT_EXPR pass (perform const folding).
Optimizing module edge_sampler1.

3.8.16. Finished fast OPT passes. (There is nothing left to do.)

3.9. Executing FSM pass (extract and optimize FSM).

3.9.1. Executing FSM_DETECT pass (finding FSMs in design).

3.9.2. Executing FSM_EXTRACT pass (extracting FSM from design).

3.9.3. Executing FSM_OPT pass (simple optimizations of FSMs).

3.9.4. Executing OPT_CLEAN pass (remove unused cells and wires).
Finding unused cells or wires in module \edge_sampler1..

3.9.5. Executing FSM_OPT pass (simple optimizations of FSMs).

3.9.6. Executing FSM_RECODE pass (re-assigning FSM state encoding).

3.9.7. Executing FSM_INFO pass (dumping all available information on FSM cells).

3.9.8. Executing FSM_MAP pass (mapping FSMs to basic logic).

3.10. Executing OPT pass (performing simple optimizations).

3.10.1. Executing OPT_EXPR pass (perform const folding).
Optimizing module edge_sampler1.

3.10.2. Executing OPT_MERGE pass (detect identical cells).
Finding identical cells in module `\edge_sampler1'.
Computing hashes of 56 cells of `\edge_sampler1'.
Finding duplicate cells in `\edge_sampler1'.
Removed a total of 0 cells.

3.10.3. Executing OPT_MUXTREE pass (detect dead branches in mux trees).
Running muxtree optimizer on module \edge_sampler1..
  Creating internal representation of mux trees.
  Evaluating internal representation of mux trees.
  Analyzing evaluation results.
Removed 0 multiplexer ports.
<suppressed ~39 debug messages>

3.10.4. Executing OPT_REDUCE pass (consolidate $*mux and $reduce_* inputs).
  Optimizing cells in module \edge_sampler1.
Performed a total of 0 changes.

3.10.5. Executing OPT_MERGE pass (detect identical cells).
Finding identical cells in module `\edge_sampler1'.
Computing hashes of 56 cells of `\edge_sampler1'.
Finding duplicate cells in `\edge_sampler1'.
Removed a total of 0 cells.

3.10.6. Executing OPT_DFF pass (perform DFF optimizations).
Adding SRST signal on $procdff$84 ($dff) from module edge_sampler1 (D = \_52, Q = \_55, rval = 1'0).
Adding SRST signal on $procdff$77 ($dff) from module edge_sampler1 (D = \_98, Q = \_101, rval = 1'0).
Adding SRST signal on $procdff$78 ($dff) from module edge_sampler1 (D = \_18, Q = \_87, rval = 1'0).
Adding EN signal on $auto$ff.cc:337:slice$89 ($sdff) from module edge_sampler1 (D = \_18, Q = \_87).
Adding SRST signal on $procdff$79 ($dff) from module edge_sampler1 (D = \_17, Q = \_24, rval = 1'0).
Adding SRST signal on $procdff$80 ($dff) from module edge_sampler1 (D = \_14, Q = \_33, rval = 1'0).
Adding EN signal on $auto$ff.cc:337:slice$98 ($sdff) from module edge_sampler1 (D = \samples, Q = \_33).
Adding SRST signal on $procdff$81 ($dff) from module edge_sampler1 (D = \_10, Q = \_39, rval = 10'0000000000).
Adding EN signal on $auto$ff.cc:337:slice$100 ($sdff) from module edge_sampler1 (D = \_10, Q = \_39).
Adding SRST signal on $procdff$82 ($dff) from module edge_sampler1 (D = \_75, Q = \_78, rval = 1'0).
Adding SRST signal on $procdff$83 ($dff) from module edge_sampler1 (D = \_6, Q = \_58, rval = 8'00000000).
Adding EN signal on $auto$ff.cc:337:slice$105 ($sdff) from module edge_sampler1 (D = \_6, Q = \_58).

3.10.7. Executing OPT_CLEAN pass (remove unused cells and wires).
Finding unused cells or wires in module \edge_sampler1..
Removed 9 unused cells and 10 unused wires.
<suppressed ~12 debug messages>

3.10.8. Executing OPT_EXPR pass (perform const folding).
Optimizing module edge_sampler1.
<suppressed ~3 debug messages>

3.10.9. Rerunning OPT passes. (Maybe there is more to do..)

3.10.10. Executing OPT_MUXTREE pass (detect dead branches in mux trees).
Running muxtree optimizer on module \edge_sampler1..
  Creating internal representation of mux trees.
  Evaluating internal representation of mux trees.
  Analyzing evaluation results.
Removed 0 multiplexer ports.
<suppressed ~26 debug messages>

3.10.11. Executing OPT_REDUCE pass (consolidate $*mux and $reduce_* inputs).
  Optimizing cells in module \edge_sampler1.
Performed a total of 0 changes.

3.10.12. Executing OPT_MERGE pass (detect identical cells).
Finding identical cells in module `\edge_sampler1'.
Computing hashes of 54 cells of `\edge_sampler1'.
Finding duplicate cells in `\edge_sampler1'.
Computing hashes of 52 cells of `\edge_sampler1'.
Finding duplicate cells in `\edge_sampler1'.
<suppressed ~6 debug messages>
Removed a total of 2 cells.

3.10.13. Executing OPT_DFF pass (perform DFF optimizations).

3.10.14. Executing OPT_CLEAN pass (remove unused cells and wires).
Finding unused cells or wires in module \edge_sampler1..
Removed 0 unused cells and 2 unused wires.
<suppressed ~1 debug messages>

3.10.15. Executing OPT_EXPR pass (perform const folding).
Optimizing module edge_sampler1.

3.10.16. Rerunning OPT passes. (Maybe there is more to do..)

3.10.17. Executing OPT_MUXTREE pass (detect dead branches in mux trees).
Running muxtree optimizer on module \edge_sampler1..
  Creating internal representation of mux trees.
  Evaluating internal representation of mux trees.
  Analyzing evaluation results.
Removed 0 multiplexer ports.
<suppressed ~26 debug messages>

3.10.18. Executing OPT_REDUCE pass (consolidate $*mux and $reduce_* inputs).
  Optimizing cells in module \edge_sampler1.
Performed a total of 0 changes.

3.10.19. Executing OPT_MERGE pass (detect identical cells).
Finding identical cells in module `\edge_sampler1'.
Computing hashes of 52 cells of `\edge_sampler1'.
Finding duplicate cells in `\edge_sampler1'.
Removed a total of 0 cells.

3.10.20. Executing OPT_DFF pass (perform DFF optimizations).

3.10.21. Executing OPT_CLEAN pass (remove unused cells and wires).
Finding unused cells or wires in module \edge_sampler1..

3.10.22. Executing OPT_EXPR pass (perform const folding).
Optimizing module edge_sampler1.

3.10.23. Finished fast OPT passes. (There is nothing left to do.)

3.11. Executing WREDUCE pass (reducing word size of cells).
Removed top 1 bits (of 2) from port B of cell edge_sampler1.$auto$simple.cc:194:make_patterns_logic$110 ($ne).
Removed top 7 bits (of 8) from port B of cell edge_sampler1.$sub$edge_sampler1.v:116$4 ($sub).
Removed top 7 bits (of 8) from port B of cell edge_sampler1.$eq$edge_sampler1.v:131$13 ($eq).
Removed top 9 bits (of 10) from port B of cell edge_sampler1.$add$edge_sampler1.v:149$23 ($add).

3.12. Executing PEEPOPT pass (run peephole optimizers).

3.13. Executing OPT_CLEAN pass (remove unused cells and wires).
Finding unused cells or wires in module \edge_sampler1..

3.14. Executing ALUMACC pass (create $alu and $macc cells).
Extracting $alu and $macc cells in module edge_sampler1:
  creating $macc model for $add$edge_sampler1.v:149$23 ($add).
  creating $macc model for $sub$edge_sampler1.v:116$4 ($sub).
  creating $alu model for $macc $sub$edge_sampler1.v:116$4.
  creating $alu model for $macc $add$edge_sampler1.v:149$23.
  creating $alu model for $lt$edge_sampler1.v:167$34 ($lt): new $alu
  creating $alu model for $lt$edge_sampler1.v:162$29 ($lt): new $alu
  creating $alu model for $eq$edge_sampler1.v:131$13 ($eq): merged with $sub$edge_sampler1.v:116$4.
  creating $alu cell for $lt$edge_sampler1.v:162$29: $auto$alumacc.cc:548:replace_alu$115
  creating $alu cell for $lt$edge_sampler1.v:167$34: $auto$alumacc.cc:548:replace_alu$120
  creating $alu cell for $add$edge_sampler1.v:149$23: $auto$alumacc.cc:548:replace_alu$125
  creating $alu cell for $sub$edge_sampler1.v:116$4, $eq$edge_sampler1.v:131$13: $auto$alumacc.cc:548:replace_alu$128
  created 4 $alu and 0 $macc cells.

3.15. Executing SHARE pass (SAT-based resource sharing).

3.16. Executing OPT pass (performing simple optimizations).

3.16.1. Executing OPT_EXPR pass (perform const folding).
Optimizing module edge_sampler1.
<suppressed ~2 debug messages>

3.16.2. Executing OPT_MERGE pass (detect identical cells).
Finding identical cells in module `\edge_sampler1'.
Computing hashes of 52 cells of `\edge_sampler1'.
Finding duplicate cells in `\edge_sampler1'.
Removed a total of 0 cells.

3.16.3. Executing OPT_MUXTREE pass (detect dead branches in mux trees).
Running muxtree optimizer on module \edge_sampler1..
  Creating internal representation of mux trees.
  Evaluating internal representation of mux trees.
  Analyzing evaluation results.
Removed 0 multiplexer ports.
<suppressed ~26 debug messages>

3.16.4. Executing OPT_REDUCE pass (consolidate $*mux and $reduce_* inputs).
  Optimizing cells in module \edge_sampler1.
Performed a total of 0 changes.

3.16.5. Executing OPT_MERGE pass (detect identical cells).
Finding identical cells in module `\edge_sampler1'.
Computing hashes of 52 cells of `\edge_sampler1'.
Finding duplicate cells in `\edge_sampler1'.
Removed a total of 0 cells.

3.16.6. Executing OPT_DFF pass (perform DFF optimizations).

3.16.7. Executing OPT_CLEAN pass (remove unused cells and wires).
Finding unused cells or wires in module \edge_sampler1..
Removed 1 unused cells and 4 unused wires.
<suppressed ~3 debug messages>

3.16.8. Executing OPT_EXPR pass (perform const folding).
Optimizing module edge_sampler1.

3.16.9. Rerunning OPT passes. (Maybe there is more to do..)

3.16.10. Executing OPT_MUXTREE pass (detect dead branches in mux trees).
Running muxtree optimizer on module \edge_sampler1..
  Creating internal representation of mux trees.
  Evaluating internal representation of mux trees.
  Analyzing evaluation results.
Removed 0 multiplexer ports.
<suppressed ~26 debug messages>

3.16.11. Executing OPT_REDUCE pass (consolidate $*mux and $reduce_* inputs).
  Optimizing cells in module \edge_sampler1.
Performed a total of 0 changes.

3.16.12. Executing OPT_MERGE pass (detect identical cells).
Finding identical cells in module `\edge_sampler1'.
Computing hashes of 51 cells of `\edge_sampler1'.
Finding duplicate cells in `\edge_sampler1'.
Removed a total of 0 cells.

3.16.13. Executing OPT_DFF pass (perform DFF optimizations).

3.16.14. Executing OPT_CLEAN pass (remove unused cells and wires).
Finding unused cells or wires in module \edge_sampler1..

3.16.15. Executing OPT_EXPR pass (perform const folding).
Optimizing module edge_sampler1.

3.16.16. Finished fast OPT passes. (There is nothing left to do.)

3.17. Executing MEMORY pass.

3.17.1. Executing OPT_MEM pass (optimize memories).
Performed a total of 0 transformations.

3.17.2. Executing OPT_MEM_PRIORITY pass (removing unnecessary memory write priority relations).
Performed a total of 0 transformations.

3.17.3. Executing OPT_MEM_FEEDBACK pass (finding memory read-to-write feedback paths).

3.17.4. Executing MEMORY_BMUX2ROM pass (converting muxes to ROMs).

3.17.5. Executing MEMORY_DFF pass (merging $dff cells to $memrd).

3.17.6. Executing OPT_CLEAN pass (remove unused cells and wires).
Finding unused cells or wires in module \edge_sampler1..

3.17.7. Executing MEMORY_SHARE pass (consolidating $memrd/$memwr cells).

3.17.8. Executing OPT_MEM_WIDEN pass (optimize memories where all ports are wide).
Performed a total of 0 transformations.

3.17.9. Executing OPT_CLEAN pass (remove unused cells and wires).
Finding unused cells or wires in module \edge_sampler1..

3.17.10. Executing MEMORY_COLLECT pass (generating $mem cells).

3.18. Executing OPT_CLEAN pass (remove unused cells and wires).
Finding unused cells or wires in module \edge_sampler1..

3.19. Executing OPT pass (performing simple optimizations).

3.19.1. Executing OPT_EXPR pass (perform const folding).
Optimizing module edge_sampler1.
<suppressed ~5 debug messages>

3.19.2. Executing OPT_MERGE pass (detect identical cells).
Finding identical cells in module `\edge_sampler1'.
Computing hashes of 46 cells of `\edge_sampler1'.
Finding duplicate cells in `\edge_sampler1'.
Removed a total of 0 cells.

3.19.3. Executing OPT_DFF pass (perform DFF optimizations).

3.19.4. Executing OPT_CLEAN pass (remove unused cells and wires).
Finding unused cells or wires in module \edge_sampler1..

3.19.5. Finished fast OPT passes.

3.20. Executing MEMORY_MAP pass (converting memories to logic and flip-flops).

3.21. Executing OPT pass (performing simple optimizations).

3.21.1. Executing OPT_EXPR pass (perform const folding).
Optimizing module edge_sampler1.
<suppressed ~1 debug messages>

3.21.2. Executing OPT_MERGE pass (detect identical cells).
Finding identical cells in module `\edge_sampler1'.
Computing hashes of 46 cells of `\edge_sampler1'.
Finding duplicate cells in `\edge_sampler1'.
Removed a total of 0 cells.

3.21.3. Executing OPT_MUXTREE pass (detect dead branches in mux trees).
Running muxtree optimizer on module \edge_sampler1..
  Creating internal representation of mux trees.
  Evaluating internal representation of mux trees.
  Analyzing evaluation results.
Removed 0 multiplexer ports.
<suppressed ~20 debug messages>

3.21.4. Executing OPT_REDUCE pass (consolidate $*mux and $reduce_* inputs).
  Optimizing cells in module \edge_sampler1.
Performed a total of 0 changes.

3.21.5. Executing OPT_MERGE pass (detect identical cells).
Finding identical cells in module `\edge_sampler1'.
Computing hashes of 46 cells of `\edge_sampler1'.
Finding duplicate cells in `\edge_sampler1'.
Removed a total of 0 cells.

3.21.6. Executing OPT_SHARE pass.

3.21.7. Executing OPT_DFF pass (perform DFF optimizations).

3.21.8. Executing OPT_CLEAN pass (remove unused cells and wires).
Finding unused cells or wires in module \edge_sampler1..

3.21.9. Executing OPT_EXPR pass (perform const folding).
Optimizing module edge_sampler1.

3.21.10. Finished fast OPT passes. (There is nothing left to do.)

3.22. Executing TECHMAP pass (map to technology primitives).

3.22.1. Executing Verilog-2005 frontend: /home/matthias/prog/janestreet/fabulous-notes/oss-cad-suite/lib/../share/yosys/techmap.v
Parsing Verilog input from `/home/matthias/prog/janestreet/fabulous-notes/oss-cad-suite/lib/../share/yosys/techmap.v' to AST representation.
Generating RTLIL representation for module `\_90_simplemap_bool_ops'.
Generating RTLIL representation for module `\_90_simplemap_reduce_ops'.
Generating RTLIL representation for module `\_90_simplemap_logic_ops'.
Generating RTLIL representation for module `\_90_simplemap_compare_ops'.
Generating RTLIL representation for module `\_90_simplemap_various'.
Generating RTLIL representation for module `\_90_simplemap_registers'.
Generating RTLIL representation for module `\_90_shift_ops_shr_shl_sshl_sshr'.
Generating RTLIL representation for module `\_90_shift_shiftx'.
Generating RTLIL representation for module `\_90_fa'.
Generating RTLIL representation for module `\_90_lcu_brent_kung'.
Generating RTLIL representation for module `\_90_alu'.
Generating RTLIL representation for module `\_90_macc'.
Generating RTLIL representation for module `\_90_alumacc'.
Generating RTLIL representation for module `$__div_mod_u'.
Generating RTLIL representation for module `$__div_mod_trunc'.
Generating RTLIL representation for module `\_90_div'.
Generating RTLIL representation for module `\_90_mod'.
Generating RTLIL representation for module `$__div_mod_floor'.
Generating RTLIL representation for module `\_90_divfloor'.
Generating RTLIL representation for module `\_90_modfloor'.
Generating RTLIL representation for module `\_90_pow'.
Generating RTLIL representation for module `\_90_demux'.
Generating RTLIL representation for module `\_90_lut'.
Generating RTLIL representation for module `$connect'.
Generating RTLIL representation for module `$input_port'.
Successfully finished Verilog frontend.

3.22.2. Continuing TECHMAP pass.
Using extmapper simplemap for cells of type $reduce_and.
Using template $paramod$403a3c2fa431a154c52a6a5429d7a6260b5d144f\_90_alu for cells of type $alu.
Using template $paramod$754650b284649a026620fc6856e5b6886cbfe794\_90_alu for cells of type $alu.
Using extmapper simplemap for cells of type $not.
Using template $paramod$484d51534650924b7ed4c69e46eed3a56904771f\_90_alu for cells of type $alu.
Using extmapper simplemap for cells of type $ne.
Using extmapper simplemap for cells of type $sdffe.
Using extmapper simplemap for cells of type $sdff.
Using extmapper simplemap for cells of type $reduce_bool.
Using extmapper simplemap for cells of type $and.
Using extmapper simplemap for cells of type $logic_not.
Using extmapper simplemap for cells of type $mux.
Using extmapper simplemap for cells of type $or.
Using extmapper simplemap for cells of type $eq.
Using extmapper simplemap for cells of type $xor.
Using template $paramod\_90_fa\WIDTH=32'00000000000000000000000000001000 for cells of type $fa.
Using template $paramod\_90_lcu_brent_kung\WIDTH=32'00000000000000000000000000001000 for cells of type $lcu.
Using extmapper simplemap for cells of type $pos.
Using template $paramod\_90_fa\WIDTH=32'00000000000000000000000000001010 for cells of type $fa.
Using template $paramod\_90_lcu_brent_kung\WIDTH=32'00000000000000000000000000001010 for cells of type $lcu.
No more expansions possible.
<suppressed ~563 debug messages>

3.23. Executing OPT pass (performing simple optimizations).

3.23.1. Executing OPT_EXPR pass (perform const folding).
Optimizing module edge_sampler1.
<suppressed ~268 debug messages>

3.23.2. Executing OPT_MERGE pass (detect identical cells).
Finding identical cells in module `\edge_sampler1'.
Computing hashes of 373 cells of `\edge_sampler1'.
Finding duplicate cells in `\edge_sampler1'.
Computing hashes of 357 cells of `\edge_sampler1'.
Finding duplicate cells in `\edge_sampler1'.
Computing hashes of 356 cells of `\edge_sampler1'.
Finding duplicate cells in `\edge_sampler1'.
<suppressed ~51 debug messages>
Removed a total of 17 cells.

3.23.3. Executing OPT_DFF pass (perform DFF optimizations).

3.23.4. Executing OPT_CLEAN pass (remove unused cells and wires).
Finding unused cells or wires in module \edge_sampler1..
Removed 52 unused cells and 231 unused wires.
<suppressed ~57 debug messages>

3.23.5. Finished fast OPT passes.

3.24. Executing ABC pass (technology mapping using ABC).

3.24.1. Summary of detected clock domains:
  65 cells in clk=\clock, en=$auto$simple.cc:210:make_patterns_logic$95, arst={ }, srst=\clear
  127 cells in clk=\clock, en={ }, arst={ }, srst=\clear
  2 cells in clk=\clock, en=\active, arst={ }, srst=\clear
  50 cells in clk=\clock, en=$auto$simple.cc:210:make_patterns_logic$111, arst={ }, srst=\clear
  60 cells in clk=\clock, en=$auto$simple.cc:193:make_patterns_logic$102, arst={ }, srst=\clear

3.24.2. Extracting gate netlist of module `\edge_sampler1' to `<abc-temp-dir>/input.blif'..
Found matching posedge clock domain: \clock, enabled by $auto$simple.cc:210:make_patterns_logic$95, synchronously reset by \clear

3.24.3. Extracting gate netlist of module `\edge_sampler1' to `<abc-temp-dir>/input.blif'..
Found matching posedge clock domain: \clock, synchronously reset by \clear

3.24.4. Extracting gate netlist of module `\edge_sampler1' to `<abc-temp-dir>/input.blif'..
Found matching posedge clock domain: \clock, enabled by \active, synchronously reset by \clear

3.24.5. Extracting gate netlist of module `\edge_sampler1' to `<abc-temp-dir>/input.blif'..
Found matching posedge clock domain: \clock, enabled by $auto$simple.cc:210:make_patterns_logic$111, synchronously reset by \clear

3.24.6. Extracting gate netlist of module `\edge_sampler1' to `<abc-temp-dir>/input.blif'..
Found matching posedge clock domain: \clock, enabled by $auto$simple.cc:193:make_patterns_logic$102, synchronously reset by \clear

3.24.6.1. Executed ABC.
Extracted 64 gates and 93 wires to a netlist network with 28 inputs and 5 outputs.
Running ABC script: <abc-temp-dir>/abc.script
ABC: UC Berkeley, ABC 1.01 (compiled Sep 21 2026 05:23:42)
ABC: abc 01> empty
ABC: abc 01> source <abc-temp-dir>/abc.script
ABC: + read_blif <abc-temp-dir>/input.blif 
ABC: + read_library <abc-temp-dir>/stdcells.genlib 
ABC: + strash 
ABC: + &get -n 
ABC: + &fraig -x 
ABC: + &put 
ABC: + scorr 
ABC: Warning: The network is combinational (run "fraig" or "fraig_sweep").
ABC: + dc2 
ABC: + dretime 
ABC: + strash 
ABC: + &get -n 
ABC: + &dch -f 
ABC: + &nf 
ABC: + &put 
ABC: + write_blif <abc-temp-dir>/output.blif 
ABC: 
ABC: YOSYS_ABC_DONE 

3.24.6.2. Re-integrating ABC results.
ABC RESULTS:               AND cells:       12
ABC RESULTS:            ANDNOT cells:        2
ABC RESULTS:               MUX cells:        1
ABC RESULTS:              NAND cells:       10
ABC RESULTS:               NOR cells:        1
ABC RESULTS:                OR cells:        3
ABC RESULTS:             ORNOT cells:       19
ABC RESULTS:              XNOR cells:        1
ABC RESULTS:        internal signals:       60
ABC RESULTS:           input signals:       28
ABC RESULTS:          output signals:        5
Removing temp directory.

3.24.6.1. Executed ABC.
Extracted 123 gates and 183 wires to a netlist network with 59 inputs and 25 outputs.
Running ABC script: <abc-temp-dir>/abc.script
ABC: UC Berkeley, ABC 1.01 (compiled Sep 21 2026 05:23:42)
ABC: abc 01> empty
ABC: abc 01> source <abc-temp-dir>/abc.script
ABC: + read_blif <abc-temp-dir>/input.blif 
ABC: + read_library <abc-temp-dir>/stdcells.genlib 
ABC: + strash 
ABC: + &get -n 
ABC: + &fraig -x 
ABC: + &put 
ABC: + scorr 
ABC: Warning: The network is combinational (run "fraig" or "fraig_sweep").
ABC: + dc2 
ABC: + dretime 
ABC: + strash 
ABC: + &get -n 
ABC: + &dch -f 
ABC: + &nf 
ABC: + &put 
ABC: + write_blif <abc-temp-dir>/output.blif 
ABC: 
ABC: YOSYS_ABC_DONE 

3.24.6.2. Re-integrating ABC results.
ABC RESULTS:               AND cells:       34
ABC RESULTS:            ANDNOT cells:        2
ABC RESULTS:               MUX cells:       16
ABC RESULTS:              NAND cells:       19
ABC RESULTS:               NOR cells:        2
ABC RESULTS:               NOT cells:        3
ABC RESULTS:                OR cells:        8
ABC RESULTS:             ORNOT cells:       10
ABC RESULTS:               XOR cells:        7
ABC RESULTS:        internal signals:       99
ABC RESULTS:           input signals:       59
ABC RESULTS:          output signals:       25
Removing temp directory.

3.24.6.1. Executed ABC.
Extracted 1 gates and 3 wires to a netlist network with 2 inputs and 1 outputs.
Running ABC script: <abc-temp-dir>/abc.script
ABC: UC Berkeley, ABC 1.01 (compiled Sep 21 2026 05:23:42)
ABC: abc 01> empty
ABC: abc 01> source <abc-temp-dir>/abc.script
ABC: + read_blif <abc-temp-dir>/input.blif 
ABC: + read_library <abc-temp-dir>/stdcells.genlib 
ABC: + strash 
ABC: + &get -n 
ABC: + &fraig -x 
ABC: + &put 
ABC: + scorr 
ABC: Warning: The network is combinational (run "fraig" or "fraig_sweep").
ABC: + dc2 
ABC: + dretime 
ABC: + strash 
ABC: + &get -n 
ABC: + &dch -f 
ABC: + &nf 
ABC: + &put 
ABC: + write_blif <abc-temp-dir>/output.blif 
ABC: 
ABC: YOSYS_ABC_DONE 

3.24.6.2. Re-integrating ABC results.
ABC RESULTS:               XOR cells:        1
ABC RESULTS:        internal signals:        0
ABC RESULTS:           input signals:        2
ABC RESULTS:          output signals:        1
Removing temp directory.

3.24.6.1. Executed ABC.
Extracted 42 gates and 59 wires to a netlist network with 16 inputs and 19 outputs.
Running ABC script: <abc-temp-dir>/abc.script
ABC: UC Berkeley, ABC 1.01 (compiled Sep 21 2026 05:23:42)
ABC: abc 01> empty
ABC: abc 01> source <abc-temp-dir>/abc.script
ABC: + read_blif <abc-temp-dir>/input.blif 
ABC: + read_library <abc-temp-dir>/stdcells.genlib 
ABC: + strash 
ABC: + &get -n 
ABC: + &fraig -x 
ABC: + &put 
ABC: + scorr 
ABC: Warning: The network is combinational (run "fraig" or "fraig_sweep").
ABC: + dc2 
ABC: + dretime 
ABC: + strash 
ABC: + &get -n 
ABC: + &dch -f 
ABC: + &nf 
ABC: + &put 
ABC: + write_blif <abc-temp-dir>/output.blif 
ABC: 
ABC: YOSYS_ABC_DONE 

3.24.6.2. Re-integrating ABC results.
ABC RESULTS:               AND cells:        3
ABC RESULTS:            ANDNOT cells:        3
ABC RESULTS:              NAND cells:        3
ABC RESULTS:               NOR cells:        2
ABC RESULTS:               NOT cells:        7
ABC RESULTS:                OR cells:        6
ABC RESULTS:             ORNOT cells:        3
ABC RESULTS:              XNOR cells:        1
ABC RESULTS:        internal signals:       24
ABC RESULTS:           input signals:       16
ABC RESULTS:          output signals:       19
Removing temp directory.

3.24.6.1. Executed ABC.
Extracted 50 gates and 60 wires to a netlist network with 10 inputs and 10 outputs.
Running ABC script: <abc-temp-dir>/abc.script
ABC: UC Berkeley, ABC 1.01 (compiled Sep 21 2026 05:23:42)
ABC: abc 01> empty
ABC: abc 01> source <abc-temp-dir>/abc.script
ABC: + read_blif <abc-temp-dir>/input.blif 
ABC: + read_library <abc-temp-dir>/stdcells.genlib 
ABC: + strash 
ABC: + &get -n 
ABC: + &fraig -x 
ABC: + &put 
ABC: + scorr 
ABC: Warning: The network is combinational (run "fraig" or "fraig_sweep").
ABC: + dc2 
ABC: + dretime 
ABC: + strash 
ABC: + &get -n 
ABC: + &dch -f 
ABC: + &nf 
ABC: + &put 
ABC: + write_blif <abc-temp-dir>/output.blif 
ABC: 
ABC: YOSYS_ABC_DONE 

3.24.6.2. Re-integrating ABC results.
ABC RESULTS:               AND cells:        8
ABC RESULTS:               MUX cells:        1
ABC RESULTS:              NAND cells:        9
ABC RESULTS:                OR cells:        2
ABC RESULTS:              XNOR cells:        7
ABC RESULTS:        internal signals:       40
ABC RESULTS:           input signals:       10
ABC RESULTS:          output signals:       10
Removing temp directory.
Removing global temp directory.

3.25. Executing OPT pass (performing simple optimizations).

3.25.1. Executing OPT_EXPR pass (perform const folding).
Optimizing module edge_sampler1.

3.25.2. Executing OPT_MERGE pass (detect identical cells).
Finding identical cells in module `\edge_sampler1'.
Computing hashes of 230 cells of `\edge_sampler1'.
Finding duplicate cells in `\edge_sampler1'.
Computing hashes of 229 cells of `\edge_sampler1'.
Finding duplicate cells in `\edge_sampler1'.
<suppressed ~3 debug messages>
Removed a total of 1 cells.

3.25.3. Executing OPT_DFF pass (perform DFF optimizations).

3.25.4. Executing OPT_CLEAN pass (remove unused cells and wires).
Finding unused cells or wires in module \edge_sampler1..
Removed 0 unused cells and 272 unused wires.
<suppressed ~19 debug messages>

3.25.5. Finished fast OPT passes.

3.26. Executing HIERARCHY pass (managing design hierarchy).
Attribute `top' found on module `edge_sampler1'. Setting top module to edge_sampler1.

3.26.1. Analyzing design hierarchy..
Top module:  \edge_sampler1

3.26.2. Analyzing design hierarchy..
Top module:  \edge_sampler1
Removed 0 unused modules.

3.27. Printing statistics.

=== edge_sampler1 ===

        +----------Local Count, excluding submodules.
        | 
      211 wires
      381 wire bits
       55 public wires
      211 public wire bits
       15 ports
       48 port bits
      229 cells
        6   $_ANDNOT_
       57   $_AND_
       18   $_MUX_
       41   $_NAND_
        5   $_NOR_
       10   $_NOT_
       32   $_ORNOT_
       19   $_OR_
       20   $_SDFFE_PP0P_
        4   $_SDFF_PP0_
        9   $_XNOR_
        8   $_XOR_

3.28. Executing CHECK pass (checking for obvious problems).
Checking module edge_sampler1...
Found and reported 0 problems.

4. Executing DFFLIBMAP pass (mapping DFF/DLATCH cells to sequential cells from liberty file).
  cell sg13g2_dfrbpq_1 (noninv, pins=4, area=48.99) is a direct match for cell type $_DFF_PN0_.
  cell sg13g2_dlhq_1 (noninv, pins=3, area=30.84) is a direct match for cell type $_DLATCH_P_.
  cell sg13g2_dllrq_1 (noninv, pins=4, area=29.03) is a direct match for cell type $_DLATCH_NN0_.
  cell sg13g2_dlhrq_1 (noninv, pins=4, area=27.22) is a direct match for cell type $_DLATCH_PN0_.
  final dff/dlatch cell mappings:
    unmapped dff/dlatch cell: $_DFF_N_
    unmapped dff/dlatch cell: $_DFF_P_
    unmapped dff/dlatch cell: $_DFF_NN0_
    unmapped dff/dlatch cell: $_DFF_NN1_
    unmapped dff/dlatch cell: $_DFF_NP0_
    unmapped dff/dlatch cell: $_DFF_NP1_
    \sg13g2_dfrbpq_1 _DFF_PN0_ (.CLK( C), .D( D), .Q( Q), .RESET_B( R));
    unmapped dff/dlatch cell: $_DFF_PN1_
    unmapped dff/dlatch cell: $_DFF_PP0_
    unmapped dff/dlatch cell: $_DFF_PP1_
    unmapped dff/dlatch cell: $_DFFE_NN_
    unmapped dff/dlatch cell: $_DFFE_NP_
    unmapped dff/dlatch cell: $_DFFE_PN_
    unmapped dff/dlatch cell: $_DFFE_PP_
    unmapped dff/dlatch cell: $_DFFSR_NNN_
    unmapped dff/dlatch cell: $_DFFSR_NNP_
    unmapped dff/dlatch cell: $_DFFSR_NPN_
    unmapped dff/dlatch cell: $_DFFSR_NPP_
    unmapped dff/dlatch cell: $_DFFSR_PNN_
    unmapped dff/dlatch cell: $_DFFSR_PNP_
    unmapped dff/dlatch cell: $_DFFSR_PPN_
    unmapped dff/dlatch cell: $_DFFSR_PPP_
    unmapped dff/dlatch cell: $_DLATCH_N_
    \sg13g2_dlhq_1 _DLATCH_P_ (.D( D), .GATE( E), .Q( Q));
    \sg13g2_dllrq_1 _DLATCH_NN0_ (.D( D), .GATE_N( E), .Q( Q), .RESET_B( R));
    unmapped dff/dlatch cell: $_DLATCH_NN1_
    unmapped dff/dlatch cell: $_DLATCH_NP0_
    unmapped dff/dlatch cell: $_DLATCH_NP1_
    \sg13g2_dlhrq_1 _DLATCH_PN0_ (.D( D), .GATE( E), .Q( Q), .RESET_B( R));
    unmapped dff/dlatch cell: $_DLATCH_PN1_
    unmapped dff/dlatch cell: $_DLATCH_PP0_
    unmapped dff/dlatch cell: $_DLATCH_PP1_
    unmapped dff/dlatch cell: $_DLATCHSR_NNN_
    unmapped dff/dlatch cell: $_DLATCHSR_NNP_
    unmapped dff/dlatch cell: $_DLATCHSR_NPN_
    unmapped dff/dlatch cell: $_DLATCHSR_NPP_
    unmapped dff/dlatch cell: $_DLATCHSR_PNN_
    unmapped dff/dlatch cell: $_DLATCHSR_PNP_
    unmapped dff/dlatch cell: $_DLATCHSR_PPN_
    unmapped dff/dlatch cell: $_DLATCHSR_PPP_

4.1. Executing DFFLEGALIZE pass (convert FFs and LATCHes to types supported by the target).
<suppressed ~4 debug messages>
Mapping DFF/DLATCH cells in module `\edge_sampler1':
  mapped 24 $_DFF_PN0_ cells to \sg13g2_dfrbpq_1 cells.

5. Executing ABC pass (technology mapping using ABC).

5.1. Summary of detected clock domains:
  273 cells in clk={ }, en={ }, arst={ }, srst={ }

5.2. Extracting gate netlist of module `\edge_sampler1' to `<abc-temp-dir>/input.blif'..
ABC: using cached merged SCL: /tmp/yosys-liberty-scl-cache-1000/yosys_merged_a6013080.scl (1 files)
No matching clock domain found. Not extracting any FF cells.

5.2.1. Executed ABC.
Extracted 249 gates and 313 wires to a netlist network with 63 inputs and 24 outputs.
Running ABC script: <abc-temp-dir>/abc.script
ABC: UC Berkeley, ABC 1.01 (compiled Sep 21 2026 05:23:42)
ABC: abc 01> empty
ABC: abc 01> source <abc-temp-dir>/abc.script
ABC: + read_blif <abc-temp-dir>/input.blif 
ABC: + read_scl /tmp/yosys-liberty-scl-cache-1000/yosys_merged_a6013080.scl 
ABC: + strash 
ABC: + &get -n 
ABC: + &fraig -x 
ABC: + &put 
ABC: + scorr 
ABC: Warning: The network is combinational (run "fraig" or "fraig_sweep").
ABC: + dc2 
ABC: + dretime 
ABC: + strash 
ABC: + &get -n 
ABC: + &dch -f 
ABC: + &nf 
ABC: + &put 
ABC: + write_blif <abc-temp-dir>/output.blif 
ABC: 
ABC: YOSYS_ABC_DONE 

5.2.2. Re-integrating ABC results.
ABC RESULTS:     sg13g2_a21o_1 cells:        7
ABC RESULTS:    sg13g2_a21oi_1 cells:       24
ABC RESULTS:   sg13g2_a221oi_1 cells:        4
ABC RESULTS:    sg13g2_a22oi_1 cells:       23
ABC RESULTS:     sg13g2_and2_1 cells:       15
ABC RESULTS:     sg13g2_and4_1 cells:        2
ABC RESULTS:      sg13g2_inv_1 cells:       19
ABC RESULTS:     sg13g2_mux2_1 cells:        1
ABC RESULTS:    sg13g2_nand2_1 cells:       14
ABC RESULTS:   sg13g2_nand2b_1 cells:        4
ABC RESULTS:    sg13g2_nand3_1 cells:        4
ABC RESULTS:    sg13g2_nand4_1 cells:        2
ABC RESULTS:     sg13g2_nor2_1 cells:       16
ABC RESULTS:    sg13g2_nor2b_1 cells:        4
ABC RESULTS:     sg13g2_nor3_1 cells:       14
ABC RESULTS:     sg13g2_nor4_1 cells:        2
ABC RESULTS:    sg13g2_o21ai_1 cells:       23
ABC RESULTS:      sg13g2_or2_1 cells:        7
ABC RESULTS:    sg13g2_xnor2_1 cells:        6
ABC RESULTS:     sg13g2_xor2_1 cells:        4
ABC RESULTS:        internal signals:      226
ABC RESULTS:           input signals:       63
ABC RESULTS:          output signals:       24
Removing temp directory.
Removing global temp directory.

6. Executing OPT_CLEAN pass (remove unused cells and wires).
Finding unused cells or wires in module \edge_sampler1..
Removed 0 unused cells and 281 unused wires.
<suppressed ~19 debug messages>

7. Printing statistics.

=== edge_sampler1 ===

        +----------Local Count, excluding submodules.
        |        +-Local Area, excluding submodules.
        |        | 
      232        - wires
      340        - wire bits
       37        - public wires
      145        - public wire bits
       15        - ports
       48        - port bits
      219 2.99E+03 cells
        7   88.906   sg13g2_a21o_1
       24  217.728   sg13g2_a21oi_1
        4   58.061   sg13g2_a221oi_1
       23  249.518   sg13g2_a22oi_1
       15   136.08   sg13g2_and2_1
        2    29.03   sg13g2_and4_1
       24 1.18E+03   sg13g2_dfrbpq_1
       19  103.421   sg13g2_inv_1
        1   18.144   sg13g2_mux2_1
       14  101.606   sg13g2_nand2_1
        4   36.288   sg13g2_nand2b_1
        4   36.288   sg13g2_nand3_1
        2   21.773   sg13g2_nand4_1
       16  116.122   sg13g2_nor2_1
        4   36.288   sg13g2_nor2b_1
       14  127.008   sg13g2_nor3_1
        2   21.773   sg13g2_nor4_1
       23  208.656   sg13g2_o21ai_1
        7   63.504   sg13g2_or2_1
        6   87.091   sg13g2_xnor2_1
        4   58.061   sg13g2_xor2_1

   Chip area for module '\edge_sampler1': 2991.076200
     of which used for sequential elements: 1175.731200 (39.31%)

End of script. Logfile hash: e19eacc3c7, time: 0.25s, user: 0.08s, system: 0.02s, MEM: 24.39 MB peak
Yosys 0.69+77 (git sha1 9ff27d29c-dirty, Release, Clang /usr/bin/clang++ 21.1.8)
Time spent: 78% 2x abc (0 sec), 3% 20x opt_clean (0 sec), ...
