6000 0 0
0 ff 00 00 00 00 00
1 ff 01 01 00 00 00
2 ff 01 07 00 00 00
4 f9 01 07 00 00 00
6 f9 09 0f 00 00 00
7 f9 09 1f 00 00 00
9 e9 08 1f 00 00 00
b e8 08 1f 00 00 00
e e8 00 1f 00 00 00
10 e0 00 1f 00 00 00
16 e0 04 1f 00 00 00
17 e0 04 3f 00 00 00
18 e4 04 3f 00 00 00
19 c4 04 3f 00 00 00
23 c4 04 2f 00 00 00
25 d4 04 2f 00 00 00
2e d4 06 2f 00 00 00
30 d6 06 2f 00 00 00
33 d6 06 0f 00 00 00
35 f6 06 0f 00 00 00
49 f6 07 0f 00 00 00
4b f7 07 0f 00 00 00
4e f7 05 0f 00 00 00
50 f5 05 0f 00 00 00
53 f5 05 2f 00 00 00
55 d5 05 2f 00 00 00
56 d5 01 2f 00 00 00
58 d1 01 2f 00 00 00
63 d1 01 3f 00 00 00
65 c1 01 3f 00 00 00
6e c1 03 3f 00 00 00
70 c3 03 3f 00 00 00
73 c3 03 1f 00 00 00
75 e3 03 1f 00 00 00
8e e3 01 1f 00 00 00
90 e1 01 1f 00 00 00
93 e1 01 3f 00 00 00
95 c1 01 3f 00 00 00
96 c1 05 3f 00 00 00
98 c5 05 3f 00 00 00
a3 c5 05 2f 00 00 00
a5 d5 05 2f 00 00 00
ae d5 07 2f 00 00 00
b0 d7 07 2f 00 00 00
b3 d7 07 0f 00 00 00
b5 f7 07 0f 00 00 00
ce f7 05 0f 00 00 00
d0 f5 05 0f 00 00 00
d3 f5 05 2f 00 00 00
d5 d5 05 2f 00 00 00
d6 d5 01 2f 00 00 00
d8 d1 01 2f 00 00 00
e3 d1 01 3f 00 00 00
e5 c1 01 3f 00 00 00
ee c1 03 3f 00 00 00
f0 c3 03 3f 00 00 00
f3 c3 03 1f 00 00 00
f5 e3 03 1f 00 00 00
10e e3 01 1f 00 00 00
110 e1 01 1f 00 00 00
113 e1 01 3f 00 00 00
115 c1 01 3f 00 00 00
12e c1 03 3f 00 00 00
130 c3 03 3f 00 00 00
133 c3 03 1f 00 00 00
135 e3 03 1f 00 00 00
149 e3 02 1f 00 00 00
14b e2 02 1f 00 00 00
14e e2 00 1f 00 00 00
150 e0 00 1f 00 00 00
153 e0 00 3f 00 00 00
155 c0 00 3f 00 00 00
156 c0 04 3f 00 00 00
158 c4 04 3f 00 00 00
16e c4 06 3f 00 00 00
170 c6 06 3f 00 00 00
173 c6 06 1f 00 00 00
175 e6 06 1f 00 00 00
18e e6 04 1f 00 00 00
190 e4 04 1f 00 00 00
193 e4 04 3f 00 00 00
195 c4 04 3f 00 00 00
196 c4 00 3f 00 00 00
198 c0 00 3f 00 00 00
1ae c0 02 3f 00 00 00
1b0 c2 02 3f 00 00 00
1b3 c2 02 1f 00 00 00
1b5 e2 02 1f 00 00 00
1c9 e2 03 1f 00 00 00
1cb e3 03 1f 00 00 00
1ce e3 01 1f 00 00 00
1d0 e1 01 1f 00 00 00
1d3 e1 01 3f 00 00 00
1d5 c1 01 3f 00 00 00
1d6 c1 05 3f 00 00 00
1d8 c5 05 3f 00 00 00
1ee c5 07 3f 00 00 00
1f0 c7 07 3f 00 00 00
1f3 c7 07 1f 00 00 00
1f5 e7 07 1f 00 00 00
209 e7 06 1f 00 00 00
20b e6 06 1f 00 00 00
20e e6 04 1f 00 00 00
210 e4 04 1f 00 00 00
213 e4 04 3f 00 00 00
215 c4 04 3f 00 00 00
216 c4 0c 3f 00 00 00
218 cc 0c 3f 00 00 00
21e cc 04 3f 00 00 00
220 c4 04 3f 00 00 00
223 c4 04 2f 00 00 00
226 c4 00 2f 00 00 00
228 c0 00 2f 00 00 00
233 c0 00 0f 00 00 00
235 e0 00 0f 00 00 00
23e e0 02 0f 00 00 00
240 e2 02 0f 00 00 00
249 e2 03 0f 00 00 00
24b e3 03 0f 00 00 00
253 e3 03 2f 00 00 00
255 c3 03 2f 00 00 00
256 d3 03 2f 00 00 00
25e d3 01 2f 00 00 00
260 d1 01 2f 00 00 00
263 d1 01 2f 01 00 00
264 d1 01 2f 00 00 00
26f d1 01 3f 00 00 00
271 c1 01 3f 00 00 00
27e c1 03 3f 00 00 00
27f c1 03 1f 00 00 00
280 c3 03 1f 00 00 00
281 e3 03 1f 00 00 00
289 e3 02 1f 00 00 00
28b e2 02 1f 00 00 00
29e e2 00 1f 00 00 00
29f e2 00 3f 00 00 00
2a0 e0 00 3f 00 00 00
2a1 c0 00 3f 00 00 00
2a6 c0 04 3f 00 00 00
2a8 c4 04 3f 00 00 00
2af c4 04 2f 00 00 00
2b1 d4 04 2f 00 00 00
2be d4 06 2f 00 00 00
2bf d4 06 0f 00 00 00
2c0 d6 06 0f 00 00 00
2c1 f6 06 0f 00 00 00
2c9 f6 07 0f 00 00 00
2cb f7 07 0f 00 00 00
2de f7 05 0f 00 00 00
2df f7 05 2f 00 00 00
2e0 f5 05 2f 00 00 00
2e1 d5 05 2f 00 00 00
2ef d5 05 3f 00 00 00
2f1 c5 05 3f 00 00 00
2fe c5 07 3f 00 00 00
2ff c5 07 1f 00 00 00
300 c7 07 1f 00 00 00
301 e7 07 1f 00 00 00
31e e7 05 1f 00 00 00
31f e7 05 3f 00 00 00
320 e5 05 3f 00 00 00
321 c5 05 3f 00 00 00
32f c5 05 2f 00 00 00
331 d5 05 2f 00 00 00
33e d5 07 2f 00 00 00
33f d5 07 0f 00 00 00
340 d7 07 0f 00 00 00
341 f7 07 0f 00 00 00
349 f7 06 0f 00 00 00
34b f6 06 0f 00 00 00
35e f6 04 0f 00 00 00
35f f6 04 2f 00 00 00
360 f4 04 2f 00 00 00
361 d4 04 2f 00 00 00
37e d4 06 2f 00 00 00
37f d4 06 0f 00 00 00
380 d6 06 0f 00 00 00
381 f6 06 0f 00 00 00
389 f6 07 0f 00 00 00
38b f7 07 0f 00 00 00
39e f7 05 0f 00 00 00
39f f7 05 2f 00 00 00
3a0 f5 05 2f 00 00 00
3a1 d5 05 2f 00 00 00
3a6 d5 01 2f 00 00 00
3a8 d1 01 2f 00 00 00
3af d1 01 3f 00 00 00
3b1 c1 01 3f 00 00 00
3be c1 03 3f 00 00 00
3bf c1 03 1f 00 00 00
3c0 c3 03 1f 00 00 00
3c1 e3 03 1f 00 00 00
3c9 e3 02 1f 00 00 00
3cb e2 02 1f 00 00 00
3de e2 00 1f 00 00 00
3df e2 00 3f 00 00 00
3e0 e0 00 3f 00 00 00
3e1 c0 00 3f 00 00 00
3ef c0 00 2f 00 00 00
3f1 d0 00 2f 00 00 00
3fe d0 02 2f 00 00 00
3ff d0 02 0f 00 00 00
400 d2 02 0f 00 00 00
401 f2 02 0f 00 00 00
41e f2 00 0f 00 00 00
41f f2 00 2f 00 00 00
420 f0 00 2f 00 00 00
421 d0 00 2f 00 00 00
426 d0 08 2f 00 00 00
428 d8 08 2f 00 00 00
42f d8 08 3f 00 00 00
431 c8 08 3f 00 00 00
43f c8 08 1f 00 00 00
441 e8 08 1f 00 00 00
449 e8 09 1f 00 00 00
44b e9 09 1f 00 00 00
45f e9 09 3f 00 00 00
461 c9 09 3f 00 00 00
46f c9 09 2f 00 00 00
47f c9 09 0f 00 00 00
481 e9 09 0f 00 00 00
489 e9 08 0f 00 00 00
48b e8 08 0f 00 00 00
49f e8 08 2f 00 00 00
4a1 c8 08 2f 00 00 00
4a2 d8 08 2f 00 00 00
4af d8 08 2f 01 00 00
4b0 d8 08 2f 00 00 00
4b3 d8 08 3f 00 00 00
4b5 c8 08 3f 00 00 00
4c3 c8 08 1f 00 00 00
4c5 e8 08 1f 00 00 00
4c9 e8 09 1f 00 00 00
4cb e9 09 1f 00 00 00
4d3 e9 09 0f 00 00 00
4d5 f9 09 0f 00 00 00
509 f9 08 0f 00 00 00
50b f8 08 0f 00 00 00
549 f8 09 0f 00 00 00
54b f9 09 0f 00 00 00
589 f9 08 0f 00 00 00
58b f8 08 0f 00 00 00
689 f8 09 0f 00 00 00
68b f9 09 0f 00 00 00
6c9 f9 08 0f 00 00 00
6cb f8 08 0f 00 00 00
749 f8 09 0f 00 00 00
74b f9 09 0f 00 00 00
