1168 0 0
0 f1 00 00 00 00 00
1 f1 08 08 00 00 00
3 f9 08 08 00 00 00
5 f9 08 0e 00 00 00
d f9 00 0e 00 00 00
f f1 00 0e 00 00 00
3d f1 02 0e 00 00 00
3f f3 02 0e 00 00 00
6d f3 00 0e 00 00 00
6f f1 00 0e 00 00 00
9d f1 02 0e 00 00 00
9f f3 02 0e 00 00 00
cd f3 00 0e 00 00 00
cf f1 00 0e 00 00 00
fd f1 02 0e 00 00 00
ff f3 02 0e 00 00 00
12d f3 00 0e 00 00 00
12f f1 00 0e 00 00 00
15d f1 02 0e 00 00 00
15f f3 02 0e 00 00 00
18d f3 00 0e 00 00 00
18f f1 00 0e 00 00 00
1bd f1 02 0e 00 00 00
1bf f3 02 0e 00 00 00
1ed f3 00 0e 00 00 00
1ef f1 00 0e 00 00 00
1f5 f1 04 0e 00 00 00
1f7 f5 04 0e 00 00 00
21d f5 06 0e 00 00 00
21f f7 06 0e 00 00 00
24d f7 04 0e 00 00 00
24f f5 04 0e 00 00 00
27d f5 06 0e 00 00 00
27f f7 06 0e 00 00 00
2ad f7 04 0e 00 00 00
2af f5 04 0e 00 00 00
2b5 f5 00 0e 00 00 00
2b7 f1 00 0e 00 00 00
2dd f1 02 0e 00 00 00
2df f3 02 0e 00 00 00
30d f3 00 0e 00 00 00
30f f1 00 0e 00 00 00
315 f1 08 0e 00 00 00
317 f9 08 0e 00 00 00
