137. Printing statistics.

=== pe16 ===

        +----------Local Count, excluding submodules.
        |        +-Local Area, excluding submodules.
        |        | 
      442        - wires
      501        - wire bits
       44        - public wires
      103        - public wire bits
        9        - ports
       68        - port bits
      473 7.24E+03 cells
        8  101.606   sg13g2_a21o_1
       41  371.952   sg13g2_a21oi_1
       11  159.667   sg13g2_a221oi_1
        6   65.092   sg13g2_a22oi_1
        7   63.504   sg13g2_and2_1
        1   14.515   sg13g2_and4_1
        3   21.773   sg13g2_buf_1
       56 2.74E+03   sg13g2_dfrbpq_1
       11   59.875   sg13g2_inv_1
       70  1270.08   sg13g2_mux2_1
       27  195.955   sg13g2_nand2_1
       11   99.792   sg13g2_nand2b_1
        2   18.144   sg13g2_nand3_1
        3   38.102   sg13g2_nand3b_1
       45  326.592   sg13g2_nor2_1
       24  217.728   sg13g2_nor2b_1
        7   63.504   sg13g2_nor3_1
        6   65.318   sg13g2_nor4_1
       34  308.448   sg13g2_o21ai_1
        2   18.144   sg13g2_or2_1
       56  406.426   sg13g2_tiehi
       29  420.941   sg13g2_xnor2_1
       13  188.698   sg13g2_xor2_1

   Chip area for module '\pe16': 7239.229200
     of which used for sequential elements: 2743.372800 (37.90%)

