137. Printing statistics.

=== ring_cell16 ===

        +----------Local Count, excluding submodules.
        |        +-Local Area, excluding submodules.
        |        | 
      560        - wires
      663        - wire bits
       30        - public wires
      133        - public wire bits
       14        - ports
      117        - port bits
      578 7.18E+03 cells
       25   317.52   sg13g2_a21o_1
       96  870.912   sg13g2_a21oi_1
       34  493.517   sg13g2_a221oi_1
       32  347.155   sg13g2_a22oi_1
       28  254.016   sg13g2_and2_1
        1   12.701   sg13g2_and3_1
        8   58.061   sg13g2_buf_1
       40 1.96E+03   sg13g2_dfrbpq_1
       25   136.08   sg13g2_inv_1
       11  199.584   sg13g2_mux2_1
       55  399.168   sg13g2_nand2_1
       14  127.008   sg13g2_nand2b_1
       13  117.936   sg13g2_nand3_1
       33  239.501   sg13g2_nor2_1
       10    90.72   sg13g2_nor2b_1
        9   81.648   sg13g2_nor3_1
        2   21.773   sg13g2_nor4_1
       53  480.816   sg13g2_o21ai_1
        6   54.432   sg13g2_or2_1
       40  290.304   sg13g2_tiehi
       31  449.971   sg13g2_xnor2_1
       12  174.182   sg13g2_xor2_1

   Chip area for module '\ring_cell16': 7176.556800
     of which used for sequential elements: 1959.552000 (27.30%)

