132 0 0
0 ff 00 00 00 00 00 00000000 ffffffff
1 ff 00 01 00 00 00 00000000 ffffffff
4 fe 00 01 00 00 00 00000000 fffffff1
5 fe 00 01 00 00 00 00000000 fffffff0
d fe 01 01 00 00 00 0000000f fffffff0
10 ff 01 01 00 00 00 0000000f fffffffe
11 ff 01 01 00 00 00 0000000f ffffffff
15 ff 00 01 00 00 00 00000000 ffffffff
18 fe 00 01 00 00 00 00000000 fffffff1
19 fe 00 01 00 00 00 00000000 fffffff0
1d fe 00 01 01 78 00 00000000 fffffff0
1e fe 00 01 00 78 00 00000000 fffffff0
21 fe 01 01 00 78 00 0000000e fffffff0
22 fe 01 01 00 78 00 0000000f fffffff0
24 ff 01 01 00 78 00 0000000f fffffffc
25 ff 01 01 00 78 00 0000000f ffffffff
29 ff 00 01 00 78 00 00000001 ffffffff
2a ff 00 01 00 78 00 00000000 ffffffff
2c fe 00 01 00 78 00 00000000 fffffff3
2d fe 00 01 00 78 00 00000000 fffffff0
31 fe 00 01 01 3c 00 00000000 fffffff0
32 fe 00 01 00 3c 00 00000000 fffffff0
35 fe 01 01 00 3c 00 0000000c fffffff0
36 fe 01 01 00 3c 00 0000000f fffffff0
38 ff 01 01 00 3c 00 0000000f fffffff8
39 ff 01 01 00 3c 00 0000000f ffffffff
3d ff 00 01 00 3c 00 00000003 ffffffff
3e ff 00 01 00 3c 00 00000000 ffffffff
40 fe 00 01 00 3c 00 00000000 fffffff7
41 fe 00 01 00 3c 00 00000000 fffffff0
45 fe 00 01 01 1e 00 00000000 fffffff0
46 fe 00 01 00 1e 00 00000000 fffffff0
49 fe 01 01 00 1e 00 00000008 fffffff0
4a fe 01 01 00 1e 00 0000000f fffffff0
4c ff 01 01 00 1e 00 0000000f fffffff0
4d ff 01 01 00 1e 00 0000000f ffffffff
51 ff 00 01 00 1e 00 00000007 ffffffff
52 ff 00 01 00 1e 00 00000000 ffffffff
54 fe 00 01 00 1e 00 00000000 ffffffff
55 fe 00 01 00 1e 00 00000000 fffffff0
59 fe 00 01 01 0f 00 00000000 fffffff0
5a fe 00 01 00 0f 00 00000000 fffffff0
