9460 0 0
0 ff 00 00 00 00 00 00000000 ffffffff
7 ff 00 10 00 00 00 00000000 ffffffff
9 ef 00 10 00 00 00 00000000 fff0ffff
a7 ef 00 30 00 00 00 00000000 fff0ffff
a9 cf 00 30 00 00 00 00000000 ff00ffff
b3 cf 00 20 00 00 00 00000000 ff00ffff
b5 df 00 20 00 00 00 00000000 ff0fffff
153 df 00 00 00 00 00 00000000 ff0fffff
155 ff 00 00 00 00 00 00000000 ffffffff
293 ff 00 20 00 00 00 00000000 ffffffff
295 df 00 20 00 00 00 00000000 ff0fffff
333 df 00 30 00 00 00 00000000 ff0fffff
335 cf 00 30 00 00 00 00000000 ff00ffff
3d3 cf 00 10 00 00 00 00000000 ff00ffff
3d5 ef 00 10 00 00 00 00000000 fff0ffff
513 ef 00 30 00 00 00 00000000 fff0ffff
515 cf 00 30 00 00 00 00000000 ff00ffff
653 cf 00 10 00 00 00 00000000 ff00ffff
655 ef 00 10 00 00 00 00000000 fff0ffff
793 ef 00 30 00 00 00 00000000 fff0ffff
795 cf 00 30 00 00 00 00000000 ff00ffff
833 cf 00 20 00 00 00 00000000 ff00ffff
835 df 00 20 00 00 00 00000000 ff0fffff
8d3 df 00 00 00 00 00 00000000 ff0fffff
8d5 ff 00 00 00 00 00 00000000 ffffffff
a13 ff 00 20 00 00 00 00000000 ffffffff
a15 df 00 20 00 00 00 00000000 ff0fffff
ab3 df 00 30 00 00 00 00000000 ff0fffff
ab5 cf 00 30 00 00 00 00000000 ff00ffff
b53 cf 00 10 00 00 00 00000000 ff00ffff
b55 ef 00 10 00 00 00 00000000 fff0ffff
c93 ef 00 30 00 00 00 00000000 fff0ffff
c95 cf 00 30 00 00 00 00000000 ff00ffff
dd3 cf 00 10 00 00 00 00000000 ff00ffff
dd5 ef 00 10 00 00 00 00000000 fff0ffff
f13 ef 00 30 00 00 00 00000000 fff0ffff
f15 cf 00 30 00 00 00 00000000 ff00ffff
1053 cf 00 10 00 00 00 00000000 ff00ffff
1055 ef 00 10 00 00 00 00000000 fff0ffff
1193 ef 00 30 00 00 00 00000000 fff0ffff
1195 cf 00 30 00 00 00 00000000 ff00ffff
12d3 cf 00 10 00 00 00 00000000 ff00ffff
12d5 ef 00 10 00 00 00 00000000 fff0ffff
1413 ef 00 30 00 00 00 00000000 fff0ffff
1415 cf 00 30 00 00 00 00000000 ff00ffff
14b3 cf 00 20 00 00 00 00000000 ff00ffff
14b5 df 00 20 00 00 00 00000000 ff0fffff
1553 df 00 00 00 00 00 00000000 ff0fffff
1555 ff 00 00 00 00 00 00000000 ffffffff
1693 ff 00 20 00 00 00 00000000 ffffffff
1695 df 00 20 00 00 00 00000000 ff0fffff
1733 df 00 20 01 01 00 00000000 ff0fffff
1734 df 00 20 00 01 00 00000000 ff0fffff
1737 df 00 30 00 01 00 00000000 ff0fffff
1739 cf 00 30 00 01 00 00000000 ff00ffff
17d7 cf 00 10 00 01 00 00000000 ff00ffff
17d9 ef 00 10 00 01 00 00000000 fff0ffff
1877 ef 00 00 00 01 00 00000000 fff0ffff
1879 ff 00 00 00 01 00 00000000 ffffffff
