o2: 304405 samples x 136 steps per channel, 1.1 s
o3: 304405 samples x 136 steps per channel, 1.4 s
o4: 304405 samples x 136 steps per channel, 1.6 s
== o2: a_1 = 15689; level in dB re amplitude a_1 (0 dB: the input equals the feedback)
  level  S/(THD+N) dB  harmonics 2-5 dB re signal
 -100.0         -10.0     -5.9    -7.8    -6.6    -5.0
  -90.0          -2.0    -13.8   -15.0   -17.2   -12.3
  -80.0           8.3    -25.4   -25.4   -25.4   -25.8
  -70.0          17.6    -34.1   -32.9   -34.2   -33.1
  -60.0          27.6    -45.0   -42.2   -44.5   -45.7
  -50.0          37.0    -54.3   -56.4   -53.6   -54.4
  -40.0          47.9    -66.1   -62.7   -63.9   -64.8
  -30.0          57.8    -74.8   -74.0   -76.7   -73.8
  -20.0          68.1    -85.0   -85.0   -84.7   -84.8
  -12.0          76.1    -94.7   -92.7   -91.8   -92.2
  -11.0          76.6    -94.1   -92.8   -90.7   -94.3
  -10.0          77.9    -93.5   -94.5   -93.2   -95.4
   -9.0          78.7    -96.5   -94.8   -95.8   -95.3
   -8.0          79.8    -96.9   -96.9   -97.0   -96.6
   -7.0          76.1    -96.2   -89.1   -94.6   -90.8
   -6.0          68.6    -87.6   -79.5   -86.4   -83.1
   -5.0          57.0    -75.5   -67.0   -75.3   -69.0
   -4.0          57.0    -74.1   -69.2   -73.4   -73.0
   -3.0          57.9    -74.2   -73.5   -75.9   -73.3
   -2.0          59.2    -75.8   -74.4   -75.5   -71.9
   -1.0          60.9    -78.2   -73.8   -76.6   -72.9
    0.0          49.0    -75.8   -56.4   -74.4   -61.0
    1.0          26.9    -75.3   -28.8   -74.9   -32.5
== o3: a_1 = 11094; level in dB re amplitude a_1 (0 dB: the input equals the feedback)
  level  S/(THD+N) dB  harmonics 2-5 dB re signal
 -100.0         -11.8     -3.6    -4.6    -5.3    -3.0
  -90.0          -3.7    -12.2   -13.8   -14.3   -10.6
  -80.0           5.6    -20.7   -20.8   -20.4   -23.9
  -70.0          15.1    -32.3   -30.1   -29.6   -29.4
  -60.0          25.4    -41.8   -39.5   -40.1   -42.1
  -50.0          35.7    -52.7   -52.7   -50.1   -51.9
  -40.0          45.5    -61.6   -61.1   -61.0   -61.2
  -30.0          55.3    -71.9   -72.6   -71.2   -70.8
  -20.0          65.5    -81.1   -81.6   -82.4   -83.6
  -12.0          73.5    -90.4   -90.4   -89.4   -88.4
  -11.0          74.3    -90.3   -90.0   -90.2   -90.9
  -10.0          75.7    -90.9   -90.0   -92.3   -92.2
   -9.0          76.6    -91.6   -92.3   -92.9   -91.2
   -8.0          77.5    -93.1   -95.2   -93.2   -93.9
   -7.0          69.2    -88.1   -81.8   -86.3   -84.0
   -6.0          57.6    -76.5   -64.9   -76.2   -68.7
   -5.0          44.4    -63.7   -47.6   -64.6   -52.9
   -4.0          35.6    -62.5   -37.3   -63.4   -43.5
   -3.0          30.8    -56.4   -31.7   -57.3   -40.8
   -2.0          27.4    -57.5   -27.8   -55.9   -41.0
   -1.0          25.6    -60.1   -25.8   -60.5   -50.4
    0.0          27.3    -62.0   -29.7   -62.4   -33.5
    1.0          25.3    -64.6   -26.0   -64.4   -49.2
== o4: a_1 = 6597; level in dB re amplitude a_1 (0 dB: the input equals the feedback)
  level  S/(THD+N) dB  harmonics 2-5 dB re signal
 -100.0         -13.5     -1.5    -2.7    -3.5    -1.3
  -90.0          -7.6     -8.2    -9.9    -9.5    -7.6
  -80.0           1.8    -16.5   -16.8   -17.2   -19.9
  -70.0          10.7    -24.7   -25.2   -25.0   -25.8
  -60.0          20.8    -37.6   -35.5   -34.1   -36.4
  -50.0          31.2    -47.1   -47.5   -46.2   -47.1
  -40.0          41.0    -57.5   -57.3   -56.8   -58.6
  -30.0          50.8    -66.8   -66.9   -67.1   -66.8
  -20.0          60.9    -78.0   -77.4   -77.2   -76.6
  -12.0          69.1    -85.2   -85.8   -84.6   -85.6
  -11.0          69.9    -85.1   -85.4   -84.0   -88.0
  -10.0          71.1    -89.1   -86.4   -87.5   -86.9
   -9.0          72.0    -86.3   -87.1   -89.2   -88.3
   -8.0          65.2    -81.6   -76.5   -81.5   -77.6
   -7.0          38.6    -65.0   -41.7   -64.9   -44.2
   -6.0          28.6    -63.1   -29.8   -64.2   -35.4
   -5.0          23.2    -63.3   -23.7   -63.2   -32.9
   -4.0          20.0    -63.7   -20.2   -66.3   -35.0
   -3.0          17.9    -66.0   -18.0   -67.0   -45.6
   -2.0          16.4    -66.7   -16.5   -67.5   -38.5
   -1.0          15.4    -70.4   -15.6   -69.9   -30.3
    0.0          14.7    -68.8   -15.1   -69.4   -26.4
    1.0          13.8    -71.1   -14.2   -72.0   -25.0
