25-Sep-2026 04:19:18 | INFO    | KLayout version detected: 0.30.0
25-Sep-2026 04:19:18 | INFO    | Using DRC JSON file: /pdk/libs.tech/klayout/python/sg13g2_pycell_lib/sg13g2_tech_mod.json
25-Sep-2026 04:19:18 | INFO    | Running IHP-SG13G2 main checks on design /work/6t-standard.gds, topcell: ARRAY6T
2026-09-25 04:19:18 +0000: Memory Usage (417056K) : Starting running IHP-SG13G2 KLayout DRC runset on /work/6t-standard.gds
2026-09-25 04:19:18 +0000: Memory Usage (417344K) : Ruby Version for klayout: 3.3.8
2026-09-25 04:19:18 +0000: Memory Usage (418412K) : Loading database to memory is complete.
2026-09-25 04:19:18 +0000: Memory Usage (418412K) : IHP-SG13G2 KLayout DRC runset output at: /work/6t-standard-precheck/6t-standard_ARRAY6T_main.lyrdb
2026-09-25 04:19:18 +0000: Memory Usage (418412K) : Evaluate switches.
2026-09-25 04:19:18 +0000: Memory Usage (418412K) : tables selected: main
2026-09-25 04:19:18 +0000: Memory Usage (418412K) : KLayout will use 32 thread(s) in tiling mode.
2026-09-25 04:19:18 +0000: Memory Usage (418412K) : flat mode is enabled.
2026-09-25 04:19:18 +0000: Memory Usage (418412K) : FEOL enabled: true
2026-09-25 04:19:18 +0000: Memory Usage (418412K) : BEOL enabled: true
2026-09-25 04:19:18 +0000: Memory Usage (418412K) : OFFGRID enabled: false
2026-09-25 04:19:18 +0000: Memory Usage (418412K) : PIN enabled: true
2026-09-25 04:19:18 +0000: Memory Usage (418412K) : FORBIDDEN enabled: true
2026-09-25 04:19:18 +0000: Memory Usage (418412K) : RECOMMENDED enabled: true
2026-09-25 04:19:18 +0000: Memory Usage (418412K) : PreCheck DRC enabled: true
2026-09-25 04:19:18 +0000: Memory Usage (418412K) : CONNECTIVITY_RULES enabled: true.
2026-09-25 04:19:18 +0000: Memory Usage (418412K) : Read in polygons from layers.
2026-09-25 04:19:18 +0000: Memory Usage (419476K) : activ_drw has 52 polygons
2026-09-25 04:19:18 +0000: Memory Usage (419476K) : activ_pin has 0 polygons
2026-09-25 04:19:18 +0000: Memory Usage (419476K) : activ_mask has 0 polygons
2026-09-25 04:19:18 +0000: Memory Usage (419476K) : activ_filler has 0 polygons
2026-09-25 04:19:18 +0000: Memory Usage (419476K) : activ_nofill has 0 polygons
2026-09-25 04:19:18 +0000: Memory Usage (419476K) : activ_opc has 0 polygons
2026-09-25 04:19:18 +0000: Memory Usage (419476K) : activ_iopc has 0 polygons
2026-09-25 04:19:18 +0000: Memory Usage (419476K) : activ_noqrc has 0 polygons
2026-09-25 04:19:18 +0000: Memory Usage (419476K) : biwind_drw has 0 polygons
2026-09-25 04:19:18 +0000: Memory Usage (419476K) : biwind_opc has 0 polygons
2026-09-25 04:19:18 +0000: Memory Usage (419476K) : pemwind_drw has 0 polygons
2026-09-25 04:19:18 +0000: Memory Usage (419476K) : gatpoly_drw has 52 polygons
2026-09-25 04:19:18 +0000: Memory Usage (419476K) : gatpoly_pin has 0 polygons
2026-09-25 04:19:18 +0000: Memory Usage (419476K) : gatpoly_filler has 0 polygons
2026-09-25 04:19:18 +0000: Memory Usage (419476K) : gatpoly_nofill has 0 polygons
2026-09-25 04:19:18 +0000: Memory Usage (419476K) : gatpoly_opc has 0 polygons
2026-09-25 04:19:18 +0000: Memory Usage (419732K) : gatpoly_iopc has 0 polygons
2026-09-25 04:19:18 +0000: Memory Usage (419732K) : gatpoly_noqrc has 0 polygons
2026-09-25 04:19:18 +0000: Memory Usage (419732K) : cont_drw has 200 polygons
2026-09-25 04:19:18 +0000: Memory Usage (419732K) : cont_opc has 0 polygons
2026-09-25 04:19:18 +0000: Memory Usage (419732K) : nsd_drw has 0 polygons
2026-09-25 04:19:18 +0000: Memory Usage (419732K) : nsd_block has 0 polygons
2026-09-25 04:19:18 +0000: Memory Usage (419988K) : metal1_drw has 136 polygons
2026-09-25 04:19:18 +0000: Memory Usage (419988K) : metal1_pin has 0 polygons
2026-09-25 04:19:18 +0000: Memory Usage (419988K) : metal1_mask has 0 polygons
2026-09-25 04:19:18 +0000: Memory Usage (419988K) : metal1_filler has 0 polygons
2026-09-25 04:19:18 +0000: Memory Usage (420244K) : metal1_nofill has 0 polygons
2026-09-25 04:19:18 +0000: Memory Usage (420244K) : metal1_slit has 0 polygons
2026-09-25 04:19:18 +0000: Memory Usage (420500K) : metal1_text has 0 polygons
2026-09-25 04:19:18 +0000: Memory Usage (420756K) : metal1_opc has 0 polygons
2026-09-25 04:19:18 +0000: Memory Usage (420756K) : metal1_noqrc has 0 polygons
2026-09-25 04:19:18 +0000: Memory Usage (420756K) : metal1_res has 0 polygons
2026-09-25 04:19:18 +0000: Memory Usage (421012K) : metal1_iprobe has 0 polygons
2026-09-25 04:19:18 +0000: Memory Usage (421012K) : metal1_diffprb has 0 polygons
2026-09-25 04:19:18 +0000: Memory Usage (421012K) : passiv_drw has 0 polygons
2026-09-25 04:19:18 +0000: Memory Usage (421268K) : passiv_pin has 0 polygons
2026-09-25 04:19:18 +0000: Memory Usage (421268K) : passiv_sbump has 0 polygons
2026-09-25 04:19:18 +0000: Memory Usage (421268K) : passiv_pillar has 0 polygons
2026-09-25 04:19:18 +0000: Memory Usage (421268K) : passiv_pdl has 0 polygons
2026-09-25 04:19:18 +0000: Memory Usage (421268K) : metal2_drw has 40 polygons
2026-09-25 04:19:18 +0000: Memory Usage (421268K) : metal2_pin has 0 polygons
2026-09-25 04:19:18 +0000: Memory Usage (421524K) : metal2_mask has 0 polygons
2026-09-25 04:19:18 +0000: Memory Usage (421524K) : metal2_filler has 0 polygons
2026-09-25 04:19:18 +0000: Memory Usage (421524K) : metal2_nofill has 0 polygons
2026-09-25 04:19:18 +0000: Memory Usage (421780K) : metal2_slit has 0 polygons
2026-09-25 04:19:18 +0000: Memory Usage (421780K) : metal2_text has 0 polygons
2026-09-25 04:19:18 +0000: Memory Usage (421780K) : metal2_opc has 0 polygons
2026-09-25 04:19:18 +0000: Memory Usage (421780K) : metal2_noqrc has 0 polygons
2026-09-25 04:19:18 +0000: Memory Usage (421780K) : metal2_res has 0 polygons
2026-09-25 04:19:18 +0000: Memory Usage (422036K) : metal2_iprobe has 0 polygons
2026-09-25 04:19:18 +0000: Memory Usage (422036K) : metal2_diffprb has 0 polygons
2026-09-25 04:19:18 +0000: Memory Usage (422036K) : baspoly_drw has 0 polygons
2026-09-25 04:19:18 +0000: Memory Usage (422292K) : baspoly_pin has 0 polygons
2026-09-25 04:19:18 +0000: Memory Usage (422292K) : psd_drw has 4 polygons
2026-09-25 04:19:18 +0000: Memory Usage (422548K) : nldb_drw has 0 polygons
2026-09-25 04:19:18 +0000: Memory Usage (422548K) : digibnd_drw has 0 polygons
2026-09-25 04:19:18 +0000: Memory Usage (422548K) : via1_drw has 104 polygons
2026-09-25 04:19:18 +0000: Memory Usage (422548K) : backmetal1_drw has 0 polygons
2026-09-25 04:19:18 +0000: Memory Usage (422548K) : backmetal1_pin has 0 polygons
2026-09-25 04:19:18 +0000: Memory Usage (422548K) : backmetal1_mask has 0 polygons
2026-09-25 04:19:18 +0000: Memory Usage (422804K) : backmetal1_filler has 0 polygons
2026-09-25 04:19:18 +0000: Memory Usage (422804K) : backmetal1_nofill has 0 polygons
2026-09-25 04:19:18 +0000: Memory Usage (422804K) : backmetal1_slit has 0 polygons
2026-09-25 04:19:18 +0000: Memory Usage (423060K) : backmetal1_text has 0 polygons
2026-09-25 04:19:18 +0000: Memory Usage (423060K) : backmetal1_opc has 0 polygons
2026-09-25 04:19:18 +0000: Memory Usage (423316K) : backmetal1_noqrc has 0 polygons
2026-09-25 04:19:18 +0000: Memory Usage (423316K) : backmetal1_res has 0 polygons
2026-09-25 04:19:18 +0000: Memory Usage (423316K) : backmetal1_iprobe has 0 polygons
2026-09-25 04:19:18 +0000: Memory Usage (423316K) : backmetal1_diffprb has 0 polygons
2026-09-25 04:19:18 +0000: Memory Usage (423316K) : backpassiv_drw has 0 polygons
2026-09-25 04:19:18 +0000: Memory Usage (423572K) : res_drw has 0 polygons
2026-09-25 04:19:18 +0000: Memory Usage (423572K) : sram_drw has 0 polygons
2026-09-25 04:19:18 +0000: Memory Usage (423828K) : trans_drw has 0 polygons
2026-09-25 04:19:18 +0000: Memory Usage (423828K) : ind_drw has 0 polygons
2026-09-25 04:19:18 +0000: Memory Usage (423828K) : ind_pin has 0 polygons
2026-09-25 04:19:18 +0000: Memory Usage (423828K) : ind_text has 0 polygons
2026-09-25 04:19:18 +0000: Memory Usage (424084K) : salblock_drw has 0 polygons
2026-09-25 04:19:18 +0000: Memory Usage (424084K) : via2_drw has 20 polygons
2026-09-25 04:19:18 +0000: Memory Usage (424340K) : metal3_drw has 4 polygons
2026-09-25 04:19:18 +0000: Memory Usage (424340K) : metal3_pin has 0 polygons
2026-09-25 04:19:18 +0000: Memory Usage (424340K) : metal3_mask has 0 polygons
2026-09-25 04:19:18 +0000: Memory Usage (424596K) : metal3_filler has 0 polygons
2026-09-25 04:19:18 +0000: Memory Usage (424596K) : metal3_nofill has 0 polygons
2026-09-25 04:19:18 +0000: Memory Usage (424852K) : metal3_slit has 0 polygons
2026-09-25 04:19:18 +0000: Memory Usage (424852K) : metal3_text has 0 polygons
2026-09-25 04:19:18 +0000: Memory Usage (424852K) : metal3_opc has 0 polygons
2026-09-25 04:19:18 +0000: Memory Usage (424852K) : metal3_noqrc has 0 polygons
2026-09-25 04:19:18 +0000: Memory Usage (425108K) : metal3_res has 0 polygons
2026-09-25 04:19:18 +0000: Memory Usage (425108K) : metal3_iprobe has 0 polygons
2026-09-25 04:19:18 +0000: Memory Usage (425364K) : metal3_diffprb has 0 polygons
2026-09-25 04:19:18 +0000: Memory Usage (425364K) : nwell_drw has 4 polygons
2026-09-25 04:19:18 +0000: Memory Usage (425364K) : nwell_pin has 0 polygons
2026-09-25 04:19:18 +0000: Memory Usage (425364K) : nbulay_drw has 0 polygons
2026-09-25 04:19:18 +0000: Memory Usage (425364K) : nbulay_pin has 0 polygons
2026-09-25 04:19:18 +0000: Memory Usage (425364K) : nbulay_block has 0 polygons
2026-09-25 04:19:18 +0000: Memory Usage (425364K) : emwind_drw has 0 polygons
2026-09-25 04:19:18 +0000: Memory Usage (425364K) : emwind_opc has 0 polygons
2026-09-25 04:19:18 +0000: Memory Usage (425364K) : deepco_drw has 0 polygons
2026-09-25 04:19:18 +0000: Memory Usage (425364K) : deepco_drw has 0 polygons
2026-09-25 04:19:18 +0000: Memory Usage (425364K) : mim_drw has 0 polygons
2026-09-25 04:19:18 +0000: Memory Usage (425364K) : edgeseal_drw has 0 polygons
2026-09-25 04:19:18 +0000: Memory Usage (425364K) : edgeseal_bound has 0 polygons
2026-09-25 04:19:18 +0000: Memory Usage (425364K) : substrate_drw has 0 polygons
2026-09-25 04:19:18 +0000: Memory Usage (425364K) : substrate_text has 0 polygons
2026-09-25 04:19:18 +0000: Memory Usage (425364K) : dfpad_drw has 0 polygons
2026-09-25 04:19:18 +0000: Memory Usage (425364K) : dfpad_pillar has 0 polygons
2026-09-25 04:19:18 +0000: Memory Usage (425364K) : dfpad_sbump has 0 polygons
2026-09-25 04:19:18 +0000: Memory Usage (425364K) : thickgateox_drw has 0 polygons
2026-09-25 04:19:18 +0000: Memory Usage (425364K) : pldb_drw has 0 polygons
2026-09-25 04:19:18 +0000: Memory Usage (425364K) : pwell_drw has 0 polygons
2026-09-25 04:19:18 +0000: Memory Usage (425364K) : pwell_pin has 0 polygons
2026-09-25 04:19:18 +0000: Memory Usage (425364K) : pwell_block has 0 polygons
2026-09-25 04:19:18 +0000: Memory Usage (425364K) : ic_drw has 0 polygons
2026-09-25 04:19:18 +0000: Memory Usage (425364K) : via3_drw has 0 polygons
2026-09-25 04:19:18 +0000: Memory Usage (425364K) : metal4_drw has 0 polygons
2026-09-25 04:19:18 +0000: Memory Usage (425364K) : metal4_pin has 0 polygons
2026-09-25 04:19:18 +0000: Memory Usage (425364K) : metal4_mask has 0 polygons
2026-09-25 04:19:18 +0000: Memory Usage (425364K) : metal4_filler has 0 polygons
2026-09-25 04:19:18 +0000: Memory Usage (425364K) : metal4_nofill has 0 polygons
2026-09-25 04:19:18 +0000: Memory Usage (425364K) : metal4_slit has 0 polygons
2026-09-25 04:19:18 +0000: Memory Usage (425364K) : metal4_text has 0 polygons
2026-09-25 04:19:18 +0000: Memory Usage (425364K) : metal4_opc has 0 polygons
2026-09-25 04:19:18 +0000: Memory Usage (425620K) : metal4_noqrc has 0 polygons
2026-09-25 04:19:18 +0000: Memory Usage (425620K) : metal4_res has 0 polygons
2026-09-25 04:19:18 +0000: Memory Usage (425876K) : metal4_iprobe has 0 polygons
2026-09-25 04:19:18 +0000: Memory Usage (425876K) : metal4_diffprb has 0 polygons
2026-09-25 04:19:18 +0000: Memory Usage (425876K) : heattrans_drw has 0 polygons
2026-09-25 04:19:18 +0000: Memory Usage (426132K) : heatres_drw has 0 polygons
2026-09-25 04:19:18 +0000: Memory Usage (426132K) : pempoly_drw has 0 polygons
2026-09-25 04:19:18 +0000: Memory Usage (426132K) : fbe_drw has 0 polygons
2026-09-25 04:19:18 +0000: Memory Usage (426388K) : empoly_drw has 0 polygons
2026-09-25 04:19:18 +0000: Memory Usage (426388K) : ldmos_drw has 0 polygons
2026-09-25 04:19:18 +0000: Memory Usage (426644K) : pbiwind_drw has 0 polygons
2026-09-25 04:19:18 +0000: Memory Usage (426644K) : digisub_drw has 0 polygons
2026-09-25 04:19:18 +0000: Memory Usage (426644K) : nodrc_drw has 0 polygons
2026-09-25 04:19:18 +0000: Memory Usage (426900K) : text_drw has 0 polygons
2026-09-25 04:19:18 +0000: Memory Usage (426900K) : via4_drw has 0 polygons
2026-09-25 04:19:18 +0000: Memory Usage (426900K) : metal5_drw has 0 polygons
2026-09-25 04:19:18 +0000: Memory Usage (427156K) : metal5_pin has 0 polygons
2026-09-25 04:19:18 +0000: Memory Usage (427156K) : metal5_mask has 0 polygons
2026-09-25 04:19:18 +0000: Memory Usage (427412K) : metal5_filler has 0 polygons
2026-09-25 04:19:18 +0000: Memory Usage (427412K) : metal5_nofill has 0 polygons
2026-09-25 04:19:18 +0000: Memory Usage (427412K) : metal5_slit has 0 polygons
2026-09-25 04:19:18 +0000: Memory Usage (427668K) : metal5_text has 0 polygons
2026-09-25 04:19:18 +0000: Memory Usage (427668K) : metal5_opc has 0 polygons
2026-09-25 04:19:18 +0000: Memory Usage (427668K) : metal5_noqrc has 0 polygons
2026-09-25 04:19:18 +0000: Memory Usage (427668K) : metal5_res has 0 polygons
2026-09-25 04:19:18 +0000: Memory Usage (427668K) : metal5_iprobe has 0 polygons
2026-09-25 04:19:18 +0000: Memory Usage (427668K) : metal5_diffprb has 0 polygons
2026-09-25 04:19:18 +0000: Memory Usage (427668K) : radhard_drw has 0 polygons
2026-09-25 04:19:18 +0000: Memory Usage (427668K) : memcap_drw has 0 polygons
2026-09-25 04:19:18 +0000: Memory Usage (427668K) : varicap_drw has 0 polygons
2026-09-25 04:19:18 +0000: Memory Usage (427668K) : flash_drw has 0 polygons
2026-09-25 04:19:18 +0000: Memory Usage (427668K) : intbondvia_drw has 0 polygons
2026-09-25 04:19:18 +0000: Memory Usage (427668K) : intbondmet_drw has 0 polygons
2026-09-25 04:19:18 +0000: Memory Usage (427668K) : devbondvia_drw has 0 polygons
2026-09-25 04:19:18 +0000: Memory Usage (427668K) : devbondmet_drw has 0 polygons
2026-09-25 04:19:18 +0000: Memory Usage (427668K) : devtrench_drw has 0 polygons
2026-09-25 04:19:18 +0000: Memory Usage (427668K) : redist_drw has 0 polygons
2026-09-25 04:19:18 +0000: Memory Usage (427668K) : graphbot_drw has 0 polygons
2026-09-25 04:19:18 +0000: Memory Usage (427668K) : graphtop_drw has 0 polygons
2026-09-25 04:19:18 +0000: Memory Usage (427668K) : antvia1_drw has 0 polygons
2026-09-25 04:19:19 +0000: Memory Usage (427668K) : antmetal2_drw has 0 polygons
2026-09-25 04:19:19 +0000: Memory Usage (427668K) : graphcont_drw has 0 polygons
2026-09-25 04:19:19 +0000: Memory Usage (427668K) : siwg_drw has 0 polygons
2026-09-25 04:19:19 +0000: Memory Usage (427668K) : siwg_filler has 0 polygons
2026-09-25 04:19:19 +0000: Memory Usage (427668K) : siwg_nofill has 0 polygons
2026-09-25 04:19:19 +0000: Memory Usage (427668K) : sigrating_drw has 0 polygons
2026-09-25 04:19:19 +0000: Memory Usage (427668K) : singrating_drw has 0 polygons
2026-09-25 04:19:19 +0000: Memory Usage (427668K) : graphpas_drw has 0 polygons
2026-09-25 04:19:19 +0000: Memory Usage (427668K) : emwind3_drw has 0 polygons
2026-09-25 04:19:19 +0000: Memory Usage (427668K) : emwihv3_drw has 0 polygons
2026-09-25 04:19:19 +0000: Memory Usage (427668K) : redbulay_drw has 0 polygons
2026-09-25 04:19:19 +0000: Memory Usage (427668K) : smos_drw has 0 polygons
2026-09-25 04:19:19 +0000: Memory Usage (427668K) : graphpad_drw has 0 polygons
2026-09-25 04:19:19 +0000: Memory Usage (427668K) : polimide_drw has 0 polygons
2026-09-25 04:19:19 +0000: Memory Usage (427668K) : polimide_pin has 0 polygons
2026-09-25 04:19:19 +0000: Memory Usage (427668K) : recog_drw has 0 polygons
2026-09-25 04:19:19 +0000: Memory Usage (427668K) : recog_pin has 0 polygons
2026-09-25 04:19:19 +0000: Memory Usage (427668K) : recog_esd has 0 polygons
2026-09-25 04:19:19 +0000: Memory Usage (427668K) : recog_diode has 0 polygons
2026-09-25 04:19:19 +0000: Memory Usage (427668K) : recog_tsv has 0 polygons
2026-09-25 04:19:19 +0000: Memory Usage (427668K) : recog_iprobe has 0 polygons
2026-09-25 04:19:19 +0000: Memory Usage (427668K) : recog_diffprb has 0 polygons
2026-09-25 04:19:19 +0000: Memory Usage (427668K) : recog_pillar has 0 polygons
2026-09-25 04:19:19 +0000: Memory Usage (427668K) : recog_sbump has 0 polygons
2026-09-25 04:19:19 +0000: Memory Usage (427668K) : recog_otp has 0 polygons
2026-09-25 04:19:19 +0000: Memory Usage (427668K) : recog_pdiode has 0 polygons
2026-09-25 04:19:19 +0000: Memory Usage (427668K) : recog_mom has 0 polygons
2026-09-25 04:19:19 +0000: Memory Usage (427668K) : recog_pcm has 0 polygons
2026-09-25 04:19:19 +0000: Memory Usage (427668K) : colopen_drw has 0 polygons
2026-09-25 04:19:19 +0000: Memory Usage (427668K) : graphmetal1_drw has 0 polygons
2026-09-25 04:19:19 +0000: Memory Usage (427668K) : graphmetal1_filler has 0 polygons
2026-09-25 04:19:19 +0000: Memory Usage (427668K) : graphmetal1_nofill has 0 polygons
2026-09-25 04:19:19 +0000: Memory Usage (427668K) : graphmetal1_slit has 0 polygons
2026-09-25 04:19:19 +0000: Memory Usage (427668K) : graphmetal1_opc has 0 polygons
2026-09-25 04:19:19 +0000: Memory Usage (427668K) : graphmet1l_drw has 0 polygons
2026-09-25 04:19:19 +0000: Memory Usage (427668K) : graphmet1l_filler has 0 polygons
2026-09-25 04:19:19 +0000: Memory Usage (427668K) : graphmet1l_nofill has 0 polygons
2026-09-25 04:19:19 +0000: Memory Usage (427668K) : graphmet1l_slit has 0 polygons
2026-09-25 04:19:19 +0000: Memory Usage (427668K) : graphmet1l_opc has 0 polygons
2026-09-25 04:19:19 +0000: Memory Usage (427668K) : extblock_drw has 0 polygons
2026-09-25 04:19:19 +0000: Memory Usage (427668K) : nldd_drw has 0 polygons
2026-09-25 04:19:19 +0000: Memory Usage (427668K) : pldd_drw has 0 polygons
2026-09-25 04:19:19 +0000: Memory Usage (427668K) : next_drw has 0 polygons
2026-09-25 04:19:19 +0000: Memory Usage (427668K) : pext_drw has 0 polygons
2026-09-25 04:19:19 +0000: Memory Usage (427668K) : nexthv_drw has 0 polygons
2026-09-25 04:19:19 +0000: Memory Usage (427668K) : pexthv_drw has 0 polygons
2026-09-25 04:19:19 +0000: Memory Usage (427668K) : graphgate_drw has 0 polygons
2026-09-25 04:19:19 +0000: Memory Usage (427668K) : sinwg_drw has 0 polygons
2026-09-25 04:19:19 +0000: Memory Usage (427668K) : sinwg_filler has 0 polygons
2026-09-25 04:19:19 +0000: Memory Usage (427668K) : sinwg_nofill has 0 polygons
2026-09-25 04:19:19 +0000: Memory Usage (427668K) : mempad_drw has 0 polygons
2026-09-25 04:19:19 +0000: Memory Usage (427668K) : topvia1_drw has 0 polygons
2026-09-25 04:19:19 +0000: Memory Usage (427668K) : topmetal1_drw has 0 polygons
2026-09-25 04:19:19 +0000: Memory Usage (427668K) : topmetal1_pin has 0 polygons
2026-09-25 04:19:19 +0000: Memory Usage (427668K) : topmetal1_mask has 0 polygons
2026-09-25 04:19:19 +0000: Memory Usage (427668K) : topmetal1_filler has 0 polygons
2026-09-25 04:19:19 +0000: Memory Usage (427668K) : topmetal1_nofill has 0 polygons
2026-09-25 04:19:19 +0000: Memory Usage (427668K) : topmetal1_slit has 0 polygons
2026-09-25 04:19:19 +0000: Memory Usage (427668K) : topmetal1_text has 0 polygons
2026-09-25 04:19:19 +0000: Memory Usage (427668K) : topmetal1_noqrc has 0 polygons
2026-09-25 04:19:19 +0000: Memory Usage (427668K) : topmetal1_res has 0 polygons
2026-09-25 04:19:19 +0000: Memory Usage (427668K) : topmetal1_iprobe has 0 polygons
2026-09-25 04:19:19 +0000: Memory Usage (427668K) : topmetal1_diffprb has 0 polygons
2026-09-25 04:19:19 +0000: Memory Usage (427668K) : inldpwl_drw has 0 polygons
2026-09-25 04:19:19 +0000: Memory Usage (427668K) : polyres_drw has 0 polygons
2026-09-25 04:19:19 +0000: Memory Usage (427668K) : polyres_pin has 0 polygons
2026-09-25 04:19:19 +0000: Memory Usage (427668K) : vmim_drw has 0 polygons
2026-09-25 04:19:19 +0000: Memory Usage (427668K) : nbulaycut_drw has 0 polygons
2026-09-25 04:19:19 +0000: Memory Usage (427668K) : antmetal1_drw has 0 polygons
2026-09-25 04:19:19 +0000: Memory Usage (427668K) : topvia2_drw has 0 polygons
2026-09-25 04:19:19 +0000: Memory Usage (427668K) : topmetal2_drw has 0 polygons
2026-09-25 04:19:19 +0000: Memory Usage (427668K) : topmetal2_pin has 0 polygons
2026-09-25 04:19:19 +0000: Memory Usage (427668K) : topmetal2_mask has 0 polygons
2026-09-25 04:19:19 +0000: Memory Usage (427668K) : topmetal2_filler has 0 polygons
2026-09-25 04:19:19 +0000: Memory Usage (427668K) : topmetal2_nofill has 0 polygons
2026-09-25 04:19:19 +0000: Memory Usage (427668K) : topmetal2_slit has 0 polygons
2026-09-25 04:19:19 +0000: Memory Usage (427668K) : topmetal2_text has 0 polygons
2026-09-25 04:19:19 +0000: Memory Usage (427668K) : topmetal2_noqrc has 0 polygons
2026-09-25 04:19:19 +0000: Memory Usage (427668K) : topmetal2_res has 0 polygons
2026-09-25 04:19:19 +0000: Memory Usage (427668K) : topmetal2_iprobe has 0 polygons
2026-09-25 04:19:19 +0000: Memory Usage (427668K) : topmetal2_diffprb has 0 polygons
2026-09-25 04:19:19 +0000: Memory Usage (427668K) : snsring_drw has 0 polygons
2026-09-25 04:19:19 +0000: Memory Usage (427668K) : sensor_drw has 0 polygons
2026-09-25 04:19:19 +0000: Memory Usage (427668K) : snsarms_drw has 0 polygons
2026-09-25 04:19:19 +0000: Memory Usage (427668K) : snscmosvia_drw has 0 polygons
2026-09-25 04:19:19 +0000: Memory Usage (427668K) : colwind_drw has 0 polygons
2026-09-25 04:19:19 +0000: Memory Usage (427668K) : flm_drw has 0 polygons
2026-09-25 04:19:19 +0000: Memory Usage (427668K) : hafniumox_drw has 0 polygons
2026-09-25 04:19:19 +0000: Memory Usage (427668K) : memvia_drw has 0 polygons
2026-09-25 04:19:19 +0000: Memory Usage (427668K) : thinfilmres_drw has 0 polygons
2026-09-25 04:19:19 +0000: Memory Usage (427668K) : rfmem_drw has 0 polygons
2026-09-25 04:19:19 +0000: Memory Usage (427668K) : norcx_drw has 0 polygons
2026-09-25 04:19:19 +0000: Memory Usage (427668K) : norcx_m2m3 has 0 polygons
2026-09-25 04:19:19 +0000: Memory Usage (427668K) : norcx_m2m4 has 0 polygons
2026-09-25 04:19:19 +0000: Memory Usage (427668K) : norcx_m2m5 has 0 polygons
2026-09-25 04:19:19 +0000: Memory Usage (427668K) : norcx_m2tm1 has 0 polygons
2026-09-25 04:19:19 +0000: Memory Usage (427668K) : norcx_m2tm2 has 0 polygons
2026-09-25 04:19:19 +0000: Memory Usage (427668K) : norcx_m3m4 has 0 polygons
2026-09-25 04:19:19 +0000: Memory Usage (427668K) : norcx_m3m5 has 0 polygons
2026-09-25 04:19:19 +0000: Memory Usage (427668K) : norcx_m3tm1 has 0 polygons
2026-09-25 04:19:19 +0000: Memory Usage (427668K) : norcx_m3tm2 has 0 polygons
2026-09-25 04:19:19 +0000: Memory Usage (427668K) : norcx_m4m5 has 0 polygons
2026-09-25 04:19:19 +0000: Memory Usage (427668K) : norcx_m4tm1 has 0 polygons
2026-09-25 04:19:19 +0000: Memory Usage (427668K) : norcx_m4tm2 has 0 polygons
2026-09-25 04:19:19 +0000: Memory Usage (427668K) : norcx_m5tm1 has 0 polygons
2026-09-25 04:19:19 +0000: Memory Usage (427668K) : norcx_m5tm2 has 0 polygons
2026-09-25 04:19:19 +0000: Memory Usage (427668K) : norcx_tm1tm2 has 0 polygons
2026-09-25 04:19:19 +0000: Memory Usage (427668K) : norcx_m1sub has 0 polygons
2026-09-25 04:19:19 +0000: Memory Usage (427668K) : norcx_m2sub has 0 polygons
2026-09-25 04:19:19 +0000: Memory Usage (427668K) : norcx_m3sub has 0 polygons
2026-09-25 04:19:19 +0000: Memory Usage (427668K) : norcx_m4sub has 0 polygons
2026-09-25 04:19:19 +0000: Memory Usage (427668K) : norcx_m5sub has 0 polygons
2026-09-25 04:19:19 +0000: Memory Usage (427668K) : norcx_tm1sub has 0 polygons
2026-09-25 04:19:19 +0000: Memory Usage (427668K) : norcx_tm2sub has 0 polygons
2026-09-25 04:19:19 +0000: Memory Usage (427668K) : snsbotvia_drw has 0 polygons
2026-09-25 04:19:19 +0000: Memory Usage (427668K) : snstopvia_drw has 0 polygons
2026-09-25 04:19:19 +0000: Memory Usage (427668K) : deepvia_drw has 0 polygons
2026-09-25 04:19:19 +0000: Memory Usage (427668K) : fgetch_drw has 0 polygons
2026-09-25 04:19:19 +0000: Memory Usage (427668K) : ctrgat_drw has 0 polygons
2026-09-25 04:19:19 +0000: Memory Usage (427668K) : fgimp_drw has 0 polygons
2026-09-25 04:19:19 +0000: Memory Usage (427668K) : emwihv_drw has 0 polygons
2026-09-25 04:19:19 +0000: Memory Usage (427668K) : lbe_drw has 0 polygons
2026-09-25 04:19:19 +0000: Memory Usage (427668K) : alcustop_drw has 0 polygons
2026-09-25 04:19:19 +0000: Memory Usage (427668K) : nometfiller_drw has 0 polygons
2026-09-25 04:19:19 +0000: Memory Usage (427668K) : prboundary_drw has 0 polygons
2026-09-25 04:19:19 +0000: Memory Usage (427668K) : exchange0_drw has 0 polygons
2026-09-25 04:19:19 +0000: Memory Usage (427668K) : exchange0_pin has 0 polygons
2026-09-25 04:19:19 +0000: Memory Usage (427668K) : exchange0_text has 0 polygons
2026-09-25 04:19:19 +0000: Memory Usage (427668K) : exchange1_drw has 0 polygons
2026-09-25 04:19:19 +0000: Memory Usage (427668K) : exchange1_pin has 0 polygons
2026-09-25 04:19:19 +0000: Memory Usage (427668K) : exchange1_text has 0 polygons
2026-09-25 04:19:19 +0000: Memory Usage (427668K) : exchange2_drw has 0 polygons
2026-09-25 04:19:19 +0000: Memory Usage (427668K) : exchange2_pin has 0 polygons
2026-09-25 04:19:19 +0000: Memory Usage (427668K) : exchange2_text has 0 polygons
2026-09-25 04:19:19 +0000: Memory Usage (427668K) : exchange3_drw has 0 polygons
2026-09-25 04:19:19 +0000: Memory Usage (427668K) : exchange3_pin has 0 polygons
2026-09-25 04:19:19 +0000: Memory Usage (427668K) : exchange3_text has 0 polygons
2026-09-25 04:19:19 +0000: Memory Usage (427668K) : exchange4_drw has 0 polygons
2026-09-25 04:19:19 +0000: Memory Usage (427668K) : exchange4_pin has 0 polygons
2026-09-25 04:19:19 +0000: Memory Usage (427668K) : exchange4_text has 0 polygons
2026-09-25 04:19:19 +0000: Memory Usage (427668K) : isonwell_drw has 0 polygons
2026-09-25 04:19:19 +0000: Memory Usage (427668K) : Total no. of polygons in the design is 616
2026-09-25 04:19:19 +0000: Memory Usage (427668K) : Loaded TECH DRC rules values from /pdk/libs.tech/klayout/python/sg13g2_pycell_lib/sg13g2_tech_mod.json
2026-09-25 04:19:19 +0000: Memory Usage (427668K) : Loaded default DRC rules values from /pdk/libs.tech/klayout/tech/drc/rule_decks/sg13g2_tech_default.json
2026-09-25 04:19:19 +0000: Memory Usage (427668K) : The following rules values were missing in tech json and default values were used:
2026-09-25 04:19:19 +0000: Memory Usage (427668K) :   - Cnt_c_digibnd
2026-09-25 04:19:19 +0000: Memory Usage (427668K) : Total area of the design is 87.24080000000001 um^2.
2026-09-25 04:19:19 +0000: Memory Usage (427668K) : The design dimensions are 13.059999999999999 µm * 6.680000000000001 µm.
2026-09-25 04:19:19 +0000: Memory Usage (427668K) : Starting general IHP-SG13G2 derivations.
2026-09-25 04:19:19 +0000: Memory Usage (427668K) : Starting Pwell derivations
2026-09-25 04:19:19 +0000: Memory Usage (427668K) : Starting n-Activ derivations
2026-09-25 04:19:19 +0000: Memory Usage (427668K) : Starting p-Activ derivations
2026-09-25 04:19:19 +0000: Memory Usage (427668K) : Starting ptap derivations
2026-09-25 04:19:19 +0000: Memory Usage (427668K) : Starting ntap derivations
2026-09-25 04:19:19 +0000: Memory Usage (427668K) : Starting pact FET derivations
2026-09-25 04:19:19 +0000: Memory Usage (427668K) : Starting nact FET derivations
2026-09-25 04:19:19 +0000: Memory Usage (427668K) : Starting Gate derivations
2026-09-25 04:19:19 +0000: Memory Usage (427668K) : Starting cont/contbar general derivations
2026-09-25 04:19:19 +0000: Memory Usage (427924K) : Starting pad general derivations
2026-09-25 04:19:19 +0000: Memory Usage (427924K) : Starting IHP-SG13G2 DRC connectivity related derivations.
2026-09-25 04:19:19 +0000: Memory Usage (428180K) : Starting IHP-SG13G2 DRC connectivity setup
2026-09-25 04:19:19 +0000: Memory Usage (429460K) : Starting IHP-SG13G2 DRC rules.
2026-09-25 04:19:19 +0000: Memory Usage (429460K) : Running all FEOL rules
2026-09-25 04:19:19 +0000: Memory Usage (429460K) : Running all BEOL rules
2026-09-25 04:19:19 +0000: Memory Usage (429460K) : Running all PIN rules
2026-09-25 04:19:19 +0000: Memory Usage (429460K) : Running all FORBIDDEN rules
2026-09-25 04:19:19 +0000: Memory Usage (429460K) : Starting 5.1 NWell table
2026-09-25 04:19:19 +0000: Memory Usage (429460K) : Starting 5.2 PWell:block
2026-09-25 04:19:19 +0000: Memory Usage (429460K) : Starting 5.3 nBuLay table
2026-09-25 04:19:19 +0000: Memory Usage (429460K) : Starting 5.5. Activ table
2026-09-25 04:19:19 +0000: Memory Usage (429460K) : Executing rule Act.a
2026-09-25 04:19:19 +0000: Memory Usage (429716K) : Executing rule Act.b
2026-09-25 04:19:19 +0000: Memory Usage (430764K) : Starting 5.6 Activ:filler table
2026-09-25 04:19:19 +0000: Memory Usage (431020K) : Executing rule AFil.c1
2026-09-25 04:19:19 +0000: Memory Usage (431020K) : Starting 5.7. ThickGateOx table
2026-09-25 04:19:19 +0000: Memory Usage (431020K) : Executing rule TGO.f
2026-09-25 04:19:19 +0000: Memory Usage (431020K) : Starting 5.8. GatPoly table
2026-09-25 04:19:19 +0000: Memory Usage (431020K) : Executing rule Gat.a
2026-09-25 04:19:19 +0000: Memory Usage (431020K) : Executing rule Gat.b
2026-09-25 04:19:19 +0000: Memory Usage (431020K) : Executing rule Gat.d
2026-09-25 04:19:19 +0000: Memory Usage (431020K) : Starting 5.9 GatPoly:filler
2026-09-25 04:19:19 +0000: Memory Usage (431020K) : Executing rule GFil.d
2026-09-25 04:19:19 +0000: Memory Usage (431020K) : Starting 5.10 pSD table
2026-09-25 04:19:19 +0000: Memory Usage (431020K) : Starting 5.14. Cont table
2026-09-25 04:19:19 +0000: Memory Usage (431020K) : Executing rule Cnt.a
2026-09-25 04:19:19 +0000: Memory Usage (431020K) : Executing rule Cnt.b
2026-09-25 04:19:19 +0000: Memory Usage (431020K) : Starting 5.15. ContBar table
2026-09-25 04:19:19 +0000: Memory Usage (431020K) : Starting 6.1.3 NPN Substrate-Tie table
2026-09-25 04:19:19 +0000: Memory Usage (431020K) : Starting 6.7 Schottky diode table
2026-09-25 04:19:19 +0000: Memory Usage (431020K) : Starting 7.2 Latch-up table
2026-09-25 04:19:19 +0000: Memory Usage (431020K) : Starting 5.16. Metal1 table
2026-09-25 04:19:19 +0000: Memory Usage (431020K) : Executing rule M1.a
2026-09-25 04:19:19 +0000: Memory Usage (431020K) : Executing rule M1.b
2026-09-25 04:19:19 +0000: Memory Usage (431020K) : Starting 5.17 Metaln table
2026-09-25 04:19:19 +0000: Memory Usage (431020K) : Executing rule M2.a
2026-09-25 04:19:19 +0000: Memory Usage (431020K) : Executing rule M2.b
2026-09-25 04:19:19 +0000: Memory Usage (431020K) : Executing rule M3.a
2026-09-25 04:19:19 +0000: Memory Usage (431020K) : Executing rule M3.b
2026-09-25 04:19:19 +0000: Memory Usage (431020K) : Executing rule M4.a
2026-09-25 04:19:19 +0000: Memory Usage (431020K) : Executing rule M4.b
2026-09-25 04:19:19 +0000: Memory Usage (431020K) : Executing rule M5.a
2026-09-25 04:19:19 +0000: Memory Usage (431020K) : Executing rule M5.b
2026-09-25 04:19:19 +0000: Memory Usage (431020K) : Starting 5.18 Metaln:filler table
2026-09-25 04:19:19 +0000: Memory Usage (431020K) : Executing rule M1Fil.c
2026-09-25 04:19:19 +0000: Memory Usage (431020K) : Executing rule M2Fil.c
2026-09-25 04:19:19 +0000: Memory Usage (431020K) : Executing rule M3Fil.c
2026-09-25 04:19:19 +0000: Memory Usage (431020K) : Executing rule M4Fil.c
2026-09-25 04:19:19 +0000: Memory Usage (431020K) : Executing rule M5Fil.c
2026-09-25 04:19:19 +0000: Memory Usage (431020K) : Starting 5.19. Via1 table
2026-09-25 04:19:19 +0000: Memory Usage (431020K) : Starting 5.19. Via1 table derivations
2026-09-25 04:19:19 +0000: Memory Usage (431020K) : Executing rule V1.a
2026-09-25 04:19:19 +0000: Memory Usage (431020K) : Executing rule V1.b
2026-09-25 04:19:19 +0000: Memory Usage (431020K) : Starting 5.20. Vian table
2026-09-25 04:19:19 +0000: Memory Usage (431020K) : Executing rule V2.a
2026-09-25 04:19:19 +0000: Memory Usage (431020K) : Executing rule V2.b
2026-09-25 04:19:19 +0000: Memory Usage (431020K) : Executing rule V3.a
2026-09-25 04:19:19 +0000: Memory Usage (431020K) : Executing rule V3.b
2026-09-25 04:19:19 +0000: Memory Usage (431020K) : Executing rule V4.a
2026-09-25 04:19:19 +0000: Memory Usage (431020K) : Executing rule V4.b
2026-09-25 04:19:19 +0000: Memory Usage (431020K) : Starting 5.21. TopVia1 table
2026-09-25 04:19:19 +0000: Memory Usage (431020K) : Executing rule TV1.a
2026-09-25 04:19:19 +0000: Memory Usage (431020K) : Executing rule TV1.b
2026-09-25 04:19:19 +0000: Memory Usage (431020K) : Starting 5.22. TopMetal1 table
2026-09-25 04:19:19 +0000: Memory Usage (431020K) : Executing rule TM1.a
2026-09-25 04:19:19 +0000: Memory Usage (431020K) : Executing rule TM1.b
2026-09-25 04:19:19 +0000: Memory Usage (431020K) : Starting 5.23 TopMetal1:filler table
2026-09-25 04:19:19 +0000: Memory Usage (431020K) : Executing rule TM1Fil.c
2026-09-25 04:19:19 +0000: Memory Usage (431020K) : Starting 5.24. TopVia2 table
2026-09-25 04:19:19 +0000: Memory Usage (431020K) : Executing rule TV2.a
2026-09-25 04:19:19 +0000: Memory Usage (431020K) : Executing rule TV2.b
2026-09-25 04:19:19 +0000: Memory Usage (431020K) : Starting 5.25. TopMetal2 table
2026-09-25 04:19:19 +0000: Memory Usage (431020K) : Executing rule TM2.a
2026-09-25 04:19:19 +0000: Memory Usage (431020K) : Executing rule TM2.b
2026-09-25 04:19:19 +0000: Memory Usage (431020K) : Starting 5.26 TopMetal2:filler table
2026-09-25 04:19:19 +0000: Memory Usage (431020K) : Executing rule TM2Fil.c
2026-09-25 04:19:19 +0000: Memory Usage (431020K) : Starting 5.27. Passiv table
2026-09-25 04:19:19 +0000: Memory Usage (431020K) : Executing rule Pas.a
2026-09-25 04:19:19 +0000: Memory Usage (431020K) : Executing rule Pas.b
2026-09-25 04:19:19 +0000: Memory Usage (431020K) : Starting 6.9.2 Copper Pillar table
2026-09-25 04:19:19 +0000: Memory Usage (431020K) : Executing rule Padc.a
2026-09-25 04:19:19 +0000: Memory Usage (431020K) : Executing rule Padc.b
2026-09-25 04:19:19 +0000: Memory Usage (431020K) : Executing rule Padc.c
2026-09-25 04:19:19 +0000: Memory Usage (431020K) : Executing rule Padb.f
2026-09-25 04:19:19 +0000: Memory Usage (431020K) : Starting 6.9 Pad table
2026-09-25 04:19:19 +0000: Memory Usage (431020K) : Executing rule Pad.m
2026-09-25 04:19:19 +0000: Memory Usage (431020K) : Starting 6.9.1 Solder Bump
2026-09-25 04:19:19 +0000: Memory Usage (431020K) : Executing rule Padb.a
2026-09-25 04:19:19 +0000: Memory Usage (431020K) : Executing rule Padb.b
2026-09-25 04:19:19 +0000: Memory Usage (431020K) : Executing rule Padb.c
2026-09-25 04:19:19 +0000: Memory Usage (431020K) : Executing rule Padb.f
2026-09-25 04:19:19 +0000: Memory Usage (431020K) : Starting 6.10 Sealring table
2026-09-25 04:19:19 +0000: Memory Usage (431020K) : Executing rule Seal.l
2026-09-25 04:19:19 +0000: Memory Usage (431020K) : Executing rule Seal.n
2026-09-25 04:19:19 +0000: Memory Usage (431020K) : Starting 6.11 MIM table
2026-09-25 04:19:19 +0000: Memory Usage (431020K) : Starting 7.3 Metal Slits table
2026-09-25 04:19:19 +0000: Memory Usage (431020K) : Starting 9.1. LBE table
2026-09-25 04:19:19 +0000: Memory Usage (431020K) : Executing rule LBE.a
2026-09-25 04:19:19 +0000: Memory Usage (431020K) : Executing rule LBE.b
2026-09-25 04:19:19 +0000: Memory Usage (431020K) : Executing rule LBE.b1
2026-09-25 04:19:19 +0000: Memory Usage (431020K) : Executing rule LBE.c
2026-09-25 04:19:19 +0000: Memory Usage (431020K) : Executing rule LBE.d
2026-09-25 04:19:19 +0000: Memory Usage (431020K) : Executing rule LBE.h
2026-09-25 04:19:19 +0000: Memory Usage (431020K) : Starting 7.4. PIN table
2026-09-25 04:19:19 +0000: Memory Usage (431020K) : Executing rule Pin.a
2026-09-25 04:19:19 +0000: Memory Usage (431020K) : Executing rule Pin.b
2026-09-25 04:19:19 +0000: Memory Usage (431020K) : Executing rule Pin.e
2026-09-25 04:19:19 +0000: Memory Usage (431020K) : Executing rule Pin.f_M2
2026-09-25 04:19:19 +0000: Memory Usage (431020K) : Executing rule Pin.f_M3
2026-09-25 04:19:19 +0000: Memory Usage (431020K) : Executing rule Pin.f_M4
2026-09-25 04:19:19 +0000: Memory Usage (431020K) : Executing rule Pin.f_M5
2026-09-25 04:19:19 +0000: Memory Usage (431020K) : Executing rule Pin.g
2026-09-25 04:19:19 +0000: Memory Usage (431020K) : Executing rule Pin.h
2026-09-25 04:19:19 +0000: Memory Usage (431020K) : Starting 3.2. FORBIDDEN table
2026-09-25 04:19:19 +0000: Memory Usage (431020K) : Executing rule forbidden.biwind
2026-09-25 04:19:19 +0000: Memory Usage (431020K) : Executing rule forbidden.pemwind
2026-09-25 04:19:19 +0000: Memory Usage (431020K) : Executing rule forbidden.baspoly
2026-09-25 04:19:19 +0000: Memory Usage (431020K) : Executing rule forbidden.deepco
2026-09-25 04:19:19 +0000: Memory Usage (431020K) : Executing rule forbidden.pempoly
2026-09-25 04:19:19 +0000: Memory Usage (431020K) : Executing rule forbidden.empoly
2026-09-25 04:19:19 +0000: Memory Usage (431020K) : Executing rule forbidden.ldmos
2026-09-25 04:19:19 +0000: Memory Usage (431020K) : Executing rule forbidden.pbiwind
2026-09-25 04:19:19 +0000: Memory Usage (431020K) : Executing rule forbidden.nodrc
2026-09-25 04:19:19 +0000: Memory Usage (431020K) : Executing rule forbidden.flash
2026-09-25 04:19:19 +0000: Memory Usage (431020K) : Executing rule forbidden.colwind
2026-09-25 04:19:19 +0000: Memory Usage (431020K) : KLayout DRC run for tables 'main' completed in 0.27 seconds
25-Sep-2026 04:19:19 | INFO    | =====================================================================================
25-Sep-2026 04:19:19 | INFO    | ✅ --- KLayout DRC Check Passed: No DRC violations detected in the layout. --- ✅
25-Sep-2026 04:19:19 | INFO    | =====================================================================================
25-Sep-2026 04:19:19 | INFO    | Total DRC Run time: 1.19 seconds (including execution, analysis, and reporting)
