2026-09-25 05:03:22 +0000: Memory Usage (415000K) : Starting running IHP-SG13G2 KLayout DRC runset on /work/in.gds
2026-09-25 05:03:22 +0000: Memory Usage (415000K) : Ruby Version for klayout: 3.3.8
2026-09-25 05:03:22 +0000: Memory Usage (415836K) : Loading database to memory is complete.
2026-09-25 05:03:22 +0000: Memory Usage (415836K) : IHP-SG13G2 KLayout DRC runset output at: /work/report.lyrdb
2026-09-25 05:03:22 +0000: Memory Usage (416108K) : Evaluate switches.
2026-09-25 05:03:22 +0000: Memory Usage (416108K) : tables selected: main
2026-09-25 05:03:22 +0000: Memory Usage (416108K) : KLayout will use 32 thread(s) in tiling mode.
2026-09-25 05:03:22 +0000: Memory Usage (416108K) : deep mode is enabled.
2026-09-25 05:03:22 +0000: Memory Usage (416108K) : FEOL enabled: true
2026-09-25 05:03:22 +0000: Memory Usage (416108K) : BEOL enabled: true
2026-09-25 05:03:22 +0000: Memory Usage (416108K) : OFFGRID enabled: true
2026-09-25 05:03:22 +0000: Memory Usage (416108K) : ANGLE enabled: true
2026-09-25 05:03:22 +0000: Memory Usage (416108K) : PIN enabled: true
2026-09-25 05:03:22 +0000: Memory Usage (416108K) : FORBIDDEN enabled: true
2026-09-25 05:03:22 +0000: Memory Usage (416108K) : RECOMMENDED enabled: true
2026-09-25 05:03:22 +0000: Memory Usage (416108K) : PreCheck DRC enabled: false
2026-09-25 05:03:22 +0000: Memory Usage (416108K) : CONNECTIVITY_RULES enabled: true.
2026-09-25 05:03:22 +0000: Memory Usage (416108K) : Read in polygons from layers.
2026-09-25 05:03:22 +0000: Memory Usage (417176K) : activ_drw has 180 polygons
2026-09-25 05:03:22 +0000: Memory Usage (417176K) : activ_pin has 0 polygons
2026-09-25 05:03:22 +0000: Memory Usage (417176K) : activ_mask has 0 polygons
2026-09-25 05:03:22 +0000: Memory Usage (417176K) : activ_filler has 0 polygons
2026-09-25 05:03:22 +0000: Memory Usage (417176K) : activ_nofill has 0 polygons
2026-09-25 05:03:22 +0000: Memory Usage (417176K) : activ_opc has 0 polygons
2026-09-25 05:03:22 +0000: Memory Usage (417176K) : activ_iopc has 0 polygons
2026-09-25 05:03:22 +0000: Memory Usage (417176K) : activ_noqrc has 0 polygons
2026-09-25 05:03:22 +0000: Memory Usage (417176K) : biwind_drw has 0 polygons
2026-09-25 05:03:22 +0000: Memory Usage (417176K) : biwind_opc has 0 polygons
2026-09-25 05:03:22 +0000: Memory Usage (417176K) : pemwind_drw has 0 polygons
2026-09-25 05:03:22 +0000: Memory Usage (417176K) : gatpoly_drw has 136 polygons
2026-09-25 05:03:22 +0000: Memory Usage (417176K) : gatpoly_pin has 0 polygons
2026-09-25 05:03:22 +0000: Memory Usage (417176K) : gatpoly_filler has 0 polygons
2026-09-25 05:03:22 +0000: Memory Usage (417176K) : gatpoly_nofill has 0 polygons
2026-09-25 05:03:22 +0000: Memory Usage (417176K) : gatpoly_opc has 0 polygons
2026-09-25 05:03:22 +0000: Memory Usage (417176K) : gatpoly_iopc has 0 polygons
2026-09-25 05:03:22 +0000: Memory Usage (417176K) : gatpoly_noqrc has 0 polygons
2026-09-25 05:03:22 +0000: Memory Usage (417176K) : cont_drw has 116 polygons
2026-09-25 05:03:22 +0000: Memory Usage (417176K) : cont_opc has 0 polygons
2026-09-25 05:03:22 +0000: Memory Usage (417176K) : nsd_drw has 0 polygons
2026-09-25 05:03:22 +0000: Memory Usage (417176K) : nsd_block has 0 polygons
2026-09-25 05:03:22 +0000: Memory Usage (417176K) : metal1_drw has 116 polygons
2026-09-25 05:03:22 +0000: Memory Usage (417176K) : metal1_pin has 0 polygons
2026-09-25 05:03:22 +0000: Memory Usage (417176K) : metal1_mask has 0 polygons
2026-09-25 05:03:22 +0000: Memory Usage (417176K) : metal1_filler has 0 polygons
2026-09-25 05:03:22 +0000: Memory Usage (417176K) : metal1_nofill has 0 polygons
2026-09-25 05:03:22 +0000: Memory Usage (417176K) : metal1_slit has 0 polygons
2026-09-25 05:03:22 +0000: Memory Usage (417176K) : metal1_text has 0 polygons
2026-09-25 05:03:22 +0000: Memory Usage (417176K) : metal1_opc has 0 polygons
2026-09-25 05:03:22 +0000: Memory Usage (417176K) : metal1_noqrc has 0 polygons
2026-09-25 05:03:22 +0000: Memory Usage (417176K) : metal1_res has 0 polygons
2026-09-25 05:03:22 +0000: Memory Usage (417176K) : metal1_iprobe has 0 polygons
2026-09-25 05:03:22 +0000: Memory Usage (417176K) : metal1_diffprb has 0 polygons
2026-09-25 05:03:22 +0000: Memory Usage (417176K) : passiv_drw has 0 polygons
2026-09-25 05:03:22 +0000: Memory Usage (417176K) : passiv_pin has 0 polygons
2026-09-25 05:03:22 +0000: Memory Usage (417176K) : passiv_sbump has 0 polygons
2026-09-25 05:03:22 +0000: Memory Usage (417176K) : passiv_pillar has 0 polygons
2026-09-25 05:03:22 +0000: Memory Usage (417176K) : passiv_pdl has 0 polygons
2026-09-25 05:03:22 +0000: Memory Usage (417176K) : metal2_drw has 52 polygons
2026-09-25 05:03:22 +0000: Memory Usage (417176K) : metal2_pin has 0 polygons
2026-09-25 05:03:22 +0000: Memory Usage (417176K) : metal2_mask has 0 polygons
2026-09-25 05:03:22 +0000: Memory Usage (417176K) : metal2_filler has 0 polygons
2026-09-25 05:03:22 +0000: Memory Usage (417432K) : metal2_nofill has 0 polygons
2026-09-25 05:03:22 +0000: Memory Usage (417432K) : metal2_slit has 0 polygons
2026-09-25 05:03:22 +0000: Memory Usage (417432K) : metal2_text has 0 polygons
2026-09-25 05:03:22 +0000: Memory Usage (417432K) : metal2_opc has 0 polygons
2026-09-25 05:03:22 +0000: Memory Usage (417432K) : metal2_noqrc has 0 polygons
2026-09-25 05:03:22 +0000: Memory Usage (417432K) : metal2_res has 0 polygons
2026-09-25 05:03:22 +0000: Memory Usage (417432K) : metal2_iprobe has 0 polygons
2026-09-25 05:03:22 +0000: Memory Usage (417688K) : metal2_diffprb has 0 polygons
2026-09-25 05:03:22 +0000: Memory Usage (417688K) : baspoly_drw has 0 polygons
2026-09-25 05:03:22 +0000: Memory Usage (417688K) : baspoly_pin has 0 polygons
2026-09-25 05:03:22 +0000: Memory Usage (417688K) : psd_drw has 4 polygons
2026-09-25 05:03:22 +0000: Memory Usage (417688K) : nldb_drw has 0 polygons
2026-09-25 05:03:22 +0000: Memory Usage (417688K) : digibnd_drw has 1 polygons
2026-09-25 05:03:22 +0000: Memory Usage (417944K) : via1_drw has 52 polygons
2026-09-25 05:03:22 +0000: Memory Usage (417944K) : backmetal1_drw has 0 polygons
2026-09-25 05:03:22 +0000: Memory Usage (417944K) : backmetal1_pin has 0 polygons
2026-09-25 05:03:22 +0000: Memory Usage (417944K) : backmetal1_mask has 0 polygons
2026-09-25 05:03:22 +0000: Memory Usage (417944K) : backmetal1_filler has 0 polygons
2026-09-25 05:03:22 +0000: Memory Usage (418200K) : backmetal1_nofill has 0 polygons
2026-09-25 05:03:22 +0000: Memory Usage (418200K) : backmetal1_slit has 0 polygons
2026-09-25 05:03:22 +0000: Memory Usage (418200K) : backmetal1_text has 0 polygons
2026-09-25 05:03:22 +0000: Memory Usage (418200K) : backmetal1_opc has 0 polygons
2026-09-25 05:03:22 +0000: Memory Usage (418200K) : backmetal1_noqrc has 0 polygons
2026-09-25 05:03:22 +0000: Memory Usage (418200K) : backmetal1_res has 0 polygons
2026-09-25 05:03:22 +0000: Memory Usage (418456K) : backmetal1_iprobe has 0 polygons
2026-09-25 05:03:22 +0000: Memory Usage (418456K) : backmetal1_diffprb has 0 polygons
2026-09-25 05:03:22 +0000: Memory Usage (418456K) : backpassiv_drw has 0 polygons
2026-09-25 05:03:22 +0000: Memory Usage (418456K) : res_drw has 0 polygons
2026-09-25 05:03:22 +0000: Memory Usage (418456K) : sram_drw has 1 polygons
2026-09-25 05:03:22 +0000: Memory Usage (418456K) : trans_drw has 0 polygons
2026-09-25 05:03:22 +0000: Memory Usage (418456K) : ind_drw has 0 polygons
2026-09-25 05:03:22 +0000: Memory Usage (418456K) : ind_pin has 0 polygons
2026-09-25 05:03:22 +0000: Memory Usage (418456K) : ind_text has 0 polygons
2026-09-25 05:03:22 +0000: Memory Usage (418456K) : salblock_drw has 0 polygons
2026-09-25 05:03:22 +0000: Memory Usage (418712K) : via2_drw has 0 polygons
2026-09-25 05:03:22 +0000: Memory Usage (418712K) : metal3_drw has 0 polygons
2026-09-25 05:03:22 +0000: Memory Usage (418712K) : metal3_pin has 0 polygons
2026-09-25 05:03:22 +0000: Memory Usage (418712K) : metal3_mask has 0 polygons
2026-09-25 05:03:22 +0000: Memory Usage (418712K) : metal3_filler has 0 polygons
2026-09-25 05:03:22 +0000: Memory Usage (418712K) : metal3_nofill has 0 polygons
2026-09-25 05:03:22 +0000: Memory Usage (418712K) : metal3_slit has 0 polygons
2026-09-25 05:03:22 +0000: Memory Usage (418712K) : metal3_text has 0 polygons
2026-09-25 05:03:22 +0000: Memory Usage (418712K) : metal3_opc has 0 polygons
2026-09-25 05:03:22 +0000: Memory Usage (418712K) : metal3_noqrc has 0 polygons
2026-09-25 05:03:22 +0000: Memory Usage (418712K) : metal3_res has 0 polygons
2026-09-25 05:03:22 +0000: Memory Usage (418712K) : metal3_iprobe has 0 polygons
2026-09-25 05:03:22 +0000: Memory Usage (418968K) : metal3_diffprb has 0 polygons
2026-09-25 05:03:22 +0000: Memory Usage (418968K) : nwell_drw has 0 polygons
2026-09-25 05:03:22 +0000: Memory Usage (418968K) : nwell_pin has 0 polygons
2026-09-25 05:03:22 +0000: Memory Usage (418968K) : nbulay_drw has 0 polygons
2026-09-25 05:03:22 +0000: Memory Usage (418968K) : nbulay_pin has 0 polygons
2026-09-25 05:03:22 +0000: Memory Usage (419224K) : nbulay_block has 0 polygons
2026-09-25 05:03:22 +0000: Memory Usage (419224K) : emwind_drw has 0 polygons
2026-09-25 05:03:22 +0000: Memory Usage (419224K) : emwind_opc has 0 polygons
2026-09-25 05:03:22 +0000: Memory Usage (419224K) : deepco_drw has 0 polygons
2026-09-25 05:03:22 +0000: Memory Usage (419224K) : deepco_drw has 0 polygons
2026-09-25 05:03:22 +0000: Memory Usage (419480K) : mim_drw has 0 polygons
2026-09-25 05:03:22 +0000: Memory Usage (419480K) : edgeseal_drw has 0 polygons
2026-09-25 05:03:22 +0000: Memory Usage (419480K) : edgeseal_bound has 0 polygons
2026-09-25 05:03:22 +0000: Memory Usage (419480K) : substrate_drw has 0 polygons
2026-09-25 05:03:22 +0000: Memory Usage (419480K) : substrate_text has 0 polygons
2026-09-25 05:03:22 +0000: Memory Usage (419736K) : dfpad_drw has 0 polygons
2026-09-25 05:03:22 +0000: Memory Usage (419736K) : dfpad_pillar has 0 polygons
2026-09-25 05:03:22 +0000: Memory Usage (419736K) : dfpad_sbump has 0 polygons
2026-09-25 05:03:22 +0000: Memory Usage (419736K) : thickgateox_drw has 38 polygons
2026-09-25 05:03:22 +0000: Memory Usage (419736K) : pldb_drw has 0 polygons
2026-09-25 05:03:22 +0000: Memory Usage (419992K) : pwell_drw has 0 polygons
2026-09-25 05:03:22 +0000: Memory Usage (419992K) : pwell_pin has 0 polygons
2026-09-25 05:03:22 +0000: Memory Usage (419992K) : pwell_block has 0 polygons
2026-09-25 05:03:22 +0000: Memory Usage (419992K) : ic_drw has 0 polygons
2026-09-25 05:03:22 +0000: Memory Usage (419992K) : via3_drw has 0 polygons
2026-09-25 05:03:22 +0000: Memory Usage (420248K) : metal4_drw has 0 polygons
2026-09-25 05:03:22 +0000: Memory Usage (420248K) : metal4_pin has 0 polygons
2026-09-25 05:03:22 +0000: Memory Usage (420248K) : metal4_mask has 0 polygons
2026-09-25 05:03:22 +0000: Memory Usage (420248K) : metal4_filler has 0 polygons
2026-09-25 05:03:22 +0000: Memory Usage (420248K) : metal4_nofill has 0 polygons
2026-09-25 05:03:22 +0000: Memory Usage (420504K) : metal4_slit has 0 polygons
2026-09-25 05:03:22 +0000: Memory Usage (420504K) : metal4_text has 0 polygons
2026-09-25 05:03:22 +0000: Memory Usage (420504K) : metal4_opc has 0 polygons
2026-09-25 05:03:22 +0000: Memory Usage (420504K) : metal4_noqrc has 0 polygons
2026-09-25 05:03:22 +0000: Memory Usage (420504K) : metal4_res has 0 polygons
2026-09-25 05:03:22 +0000: Memory Usage (420504K) : metal4_iprobe has 0 polygons
2026-09-25 05:03:22 +0000: Memory Usage (420504K) : metal4_diffprb has 0 polygons
2026-09-25 05:03:22 +0000: Memory Usage (420760K) : heattrans_drw has 0 polygons
2026-09-25 05:03:22 +0000: Memory Usage (420760K) : heatres_drw has 0 polygons
2026-09-25 05:03:22 +0000: Memory Usage (420760K) : pempoly_drw has 0 polygons
2026-09-25 05:03:22 +0000: Memory Usage (420760K) : fbe_drw has 0 polygons
2026-09-25 05:03:22 +0000: Memory Usage (420760K) : empoly_drw has 0 polygons
2026-09-25 05:03:22 +0000: Memory Usage (421016K) : ldmos_drw has 0 polygons
2026-09-25 05:03:22 +0000: Memory Usage (421016K) : pbiwind_drw has 0 polygons
2026-09-25 05:03:22 +0000: Memory Usage (421016K) : digisub_drw has 0 polygons
2026-09-25 05:03:22 +0000: Memory Usage (421016K) : nodrc_drw has 0 polygons
2026-09-25 05:03:22 +0000: Memory Usage (421272K) : text_drw has 0 polygons
2026-09-25 05:03:22 +0000: Memory Usage (421272K) : via4_drw has 0 polygons
2026-09-25 05:03:22 +0000: Memory Usage (421272K) : metal5_drw has 0 polygons
2026-09-25 05:03:22 +0000: Memory Usage (421272K) : metal5_pin has 0 polygons
2026-09-25 05:03:22 +0000: Memory Usage (421272K) : metal5_mask has 0 polygons
2026-09-25 05:03:22 +0000: Memory Usage (421528K) : metal5_filler has 0 polygons
2026-09-25 05:03:22 +0000: Memory Usage (421528K) : metal5_nofill has 0 polygons
2026-09-25 05:03:22 +0000: Memory Usage (421528K) : metal5_slit has 0 polygons
2026-09-25 05:03:22 +0000: Memory Usage (421528K) : metal5_text has 0 polygons
2026-09-25 05:03:22 +0000: Memory Usage (421528K) : metal5_opc has 0 polygons
2026-09-25 05:03:22 +0000: Memory Usage (421784K) : metal5_noqrc has 0 polygons
2026-09-25 05:03:22 +0000: Memory Usage (421784K) : metal5_res has 0 polygons
2026-09-25 05:03:22 +0000: Memory Usage (421784K) : metal5_iprobe has 0 polygons
2026-09-25 05:03:22 +0000: Memory Usage (421784K) : metal5_diffprb has 0 polygons
2026-09-25 05:03:22 +0000: Memory Usage (421784K) : radhard_drw has 0 polygons
2026-09-25 05:03:22 +0000: Memory Usage (422040K) : memcap_drw has 0 polygons
2026-09-25 05:03:22 +0000: Memory Usage (422040K) : varicap_drw has 0 polygons
2026-09-25 05:03:22 +0000: Memory Usage (422040K) : flash_drw has 0 polygons
2026-09-25 05:03:22 +0000: Memory Usage (422040K) : intbondvia_drw has 0 polygons
2026-09-25 05:03:22 +0000: Memory Usage (422040K) : intbondmet_drw has 0 polygons
2026-09-25 05:03:22 +0000: Memory Usage (422040K) : devbondvia_drw has 0 polygons
2026-09-25 05:03:22 +0000: Memory Usage (422040K) : devbondmet_drw has 0 polygons
2026-09-25 05:03:22 +0000: Memory Usage (422040K) : devtrench_drw has 0 polygons
2026-09-25 05:03:22 +0000: Memory Usage (422040K) : redist_drw has 0 polygons
2026-09-25 05:03:22 +0000: Memory Usage (422040K) : graphbot_drw has 0 polygons
2026-09-25 05:03:22 +0000: Memory Usage (422040K) : graphtop_drw has 0 polygons
2026-09-25 05:03:22 +0000: Memory Usage (422040K) : antvia1_drw has 0 polygons
2026-09-25 05:03:22 +0000: Memory Usage (422040K) : antmetal2_drw has 0 polygons
2026-09-25 05:03:22 +0000: Memory Usage (422040K) : graphcont_drw has 0 polygons
2026-09-25 05:03:22 +0000: Memory Usage (422040K) : siwg_drw has 0 polygons
2026-09-25 05:03:22 +0000: Memory Usage (422040K) : siwg_filler has 0 polygons
2026-09-25 05:03:22 +0000: Memory Usage (422040K) : siwg_nofill has 0 polygons
2026-09-25 05:03:22 +0000: Memory Usage (422040K) : sigrating_drw has 0 polygons
2026-09-25 05:03:22 +0000: Memory Usage (422040K) : singrating_drw has 0 polygons
2026-09-25 05:03:22 +0000: Memory Usage (422040K) : graphpas_drw has 0 polygons
2026-09-25 05:03:22 +0000: Memory Usage (422040K) : emwind3_drw has 0 polygons
2026-09-25 05:03:22 +0000: Memory Usage (422040K) : emwihv3_drw has 0 polygons
2026-09-25 05:03:22 +0000: Memory Usage (422040K) : redbulay_drw has 0 polygons
2026-09-25 05:03:22 +0000: Memory Usage (422040K) : smos_drw has 0 polygons
2026-09-25 05:03:22 +0000: Memory Usage (422040K) : graphpad_drw has 0 polygons
2026-09-25 05:03:22 +0000: Memory Usage (422040K) : polimide_drw has 0 polygons
2026-09-25 05:03:22 +0000: Memory Usage (422040K) : polimide_pin has 0 polygons
2026-09-25 05:03:22 +0000: Memory Usage (422040K) : recog_drw has 0 polygons
2026-09-25 05:03:22 +0000: Memory Usage (422040K) : recog_pin has 0 polygons
2026-09-25 05:03:22 +0000: Memory Usage (422040K) : recog_esd has 0 polygons
2026-09-25 05:03:22 +0000: Memory Usage (422040K) : recog_diode has 0 polygons
2026-09-25 05:03:22 +0000: Memory Usage (422040K) : recog_tsv has 0 polygons
2026-09-25 05:03:22 +0000: Memory Usage (422040K) : recog_iprobe has 0 polygons
2026-09-25 05:03:22 +0000: Memory Usage (422040K) : recog_diffprb has 0 polygons
2026-09-25 05:03:22 +0000: Memory Usage (422040K) : recog_pillar has 0 polygons
2026-09-25 05:03:22 +0000: Memory Usage (422040K) : recog_sbump has 0 polygons
2026-09-25 05:03:22 +0000: Memory Usage (422040K) : recog_otp has 0 polygons
2026-09-25 05:03:22 +0000: Memory Usage (422040K) : recog_pdiode has 0 polygons
2026-09-25 05:03:22 +0000: Memory Usage (422040K) : recog_mom has 0 polygons
2026-09-25 05:03:22 +0000: Memory Usage (422040K) : recog_momf has 0 polygons
2026-09-25 05:03:22 +0000: Memory Usage (422040K) : recog_pcm has 0 polygons
2026-09-25 05:03:22 +0000: Memory Usage (422040K) : colopen_drw has 0 polygons
2026-09-25 05:03:22 +0000: Memory Usage (422040K) : graphmetal1_drw has 0 polygons
2026-09-25 05:03:22 +0000: Memory Usage (422040K) : graphmetal1_filler has 0 polygons
2026-09-25 05:03:22 +0000: Memory Usage (422040K) : graphmetal1_nofill has 0 polygons
2026-09-25 05:03:22 +0000: Memory Usage (422040K) : graphmetal1_slit has 0 polygons
2026-09-25 05:03:22 +0000: Memory Usage (422040K) : graphmetal1_opc has 0 polygons
2026-09-25 05:03:22 +0000: Memory Usage (422040K) : graphmet1l_drw has 0 polygons
2026-09-25 05:03:22 +0000: Memory Usage (422040K) : graphmet1l_filler has 0 polygons
2026-09-25 05:03:22 +0000: Memory Usage (422040K) : graphmet1l_nofill has 0 polygons
2026-09-25 05:03:22 +0000: Memory Usage (422040K) : graphmet1l_slit has 0 polygons
2026-09-25 05:03:22 +0000: Memory Usage (422040K) : graphmet1l_opc has 0 polygons
2026-09-25 05:03:22 +0000: Memory Usage (422040K) : extblock_drw has 0 polygons
2026-09-25 05:03:22 +0000: Memory Usage (422040K) : nldd_drw has 0 polygons
2026-09-25 05:03:22 +0000: Memory Usage (422296K) : pldd_drw has 0 polygons
2026-09-25 05:03:22 +0000: Memory Usage (422296K) : next_drw has 0 polygons
2026-09-25 05:03:22 +0000: Memory Usage (422296K) : pext_drw has 0 polygons
2026-09-25 05:03:22 +0000: Memory Usage (422296K) : nexthv_drw has 0 polygons
2026-09-25 05:03:22 +0000: Memory Usage (422296K) : pexthv_drw has 0 polygons
2026-09-25 05:03:22 +0000: Memory Usage (422552K) : graphgate_drw has 0 polygons
2026-09-25 05:03:22 +0000: Memory Usage (422552K) : sinwg_drw has 0 polygons
2026-09-25 05:03:22 +0000: Memory Usage (422552K) : sinwg_filler has 0 polygons
2026-09-25 05:03:22 +0000: Memory Usage (422552K) : sinwg_nofill has 0 polygons
2026-09-25 05:03:22 +0000: Memory Usage (422552K) : mempad_drw has 0 polygons
2026-09-25 05:03:22 +0000: Memory Usage (422808K) : topvia1_drw has 0 polygons
2026-09-25 05:03:22 +0000: Memory Usage (422808K) : topmetal1_drw has 0 polygons
2026-09-25 05:03:22 +0000: Memory Usage (422808K) : topmetal1_pin has 0 polygons
2026-09-25 05:03:22 +0000: Memory Usage (422808K) : topmetal1_mask has 0 polygons
2026-09-25 05:03:22 +0000: Memory Usage (422808K) : topmetal1_filler has 0 polygons
2026-09-25 05:03:22 +0000: Memory Usage (423064K) : topmetal1_nofill has 0 polygons
2026-09-25 05:03:22 +0000: Memory Usage (423064K) : topmetal1_slit has 0 polygons
2026-09-25 05:03:22 +0000: Memory Usage (423064K) : topmetal1_text has 0 polygons
2026-09-25 05:03:22 +0000: Memory Usage (423064K) : topmetal1_noqrc has 0 polygons
2026-09-25 05:03:22 +0000: Memory Usage (423064K) : topmetal1_res has 0 polygons
2026-09-25 05:03:22 +0000: Memory Usage (423064K) : topmetal1_iprobe has 0 polygons
2026-09-25 05:03:22 +0000: Memory Usage (423320K) : topmetal1_diffprb has 0 polygons
2026-09-25 05:03:22 +0000: Memory Usage (423320K) : inldpwl_drw has 0 polygons
2026-09-25 05:03:22 +0000: Memory Usage (423320K) : polyres_drw has 0 polygons
2026-09-25 05:03:22 +0000: Memory Usage (423320K) : polyres_pin has 0 polygons
2026-09-25 05:03:22 +0000: Memory Usage (423320K) : vmim_drw has 0 polygons
2026-09-25 05:03:22 +0000: Memory Usage (423576K) : nbulaycut_drw has 0 polygons
2026-09-25 05:03:22 +0000: Memory Usage (423576K) : antmetal1_drw has 0 polygons
2026-09-25 05:03:22 +0000: Memory Usage (423576K) : topvia2_drw has 0 polygons
2026-09-25 05:03:22 +0000: Memory Usage (423576K) : topmetal2_drw has 0 polygons
2026-09-25 05:03:22 +0000: Memory Usage (423576K) : topmetal2_pin has 0 polygons
2026-09-25 05:03:22 +0000: Memory Usage (423832K) : topmetal2_mask has 0 polygons
2026-09-25 05:03:22 +0000: Memory Usage (423832K) : topmetal2_filler has 0 polygons
2026-09-25 05:03:22 +0000: Memory Usage (423832K) : topmetal2_nofill has 0 polygons
2026-09-25 05:03:22 +0000: Memory Usage (423832K) : topmetal2_slit has 0 polygons
2026-09-25 05:03:22 +0000: Memory Usage (423832K) : topmetal2_text has 0 polygons
2026-09-25 05:03:22 +0000: Memory Usage (424088K) : topmetal2_noqrc has 0 polygons
2026-09-25 05:03:22 +0000: Memory Usage (424088K) : topmetal2_res has 0 polygons
2026-09-25 05:03:22 +0000: Memory Usage (424088K) : topmetal2_iprobe has 0 polygons
2026-09-25 05:03:22 +0000: Memory Usage (424088K) : topmetal2_diffprb has 0 polygons
2026-09-25 05:03:22 +0000: Memory Usage (424088K) : snsring_drw has 0 polygons
2026-09-25 05:03:22 +0000: Memory Usage (424344K) : sensor_drw has 0 polygons
2026-09-25 05:03:22 +0000: Memory Usage (424344K) : snsarms_drw has 0 polygons
2026-09-25 05:03:22 +0000: Memory Usage (424344K) : snscmosvia_drw has 0 polygons
2026-09-25 05:03:22 +0000: Memory Usage (424344K) : colwind_drw has 0 polygons
2026-09-25 05:03:22 +0000: Memory Usage (424344K) : flm_drw has 0 polygons
2026-09-25 05:03:22 +0000: Memory Usage (424344K) : hafniumox_drw has 0 polygons
2026-09-25 05:03:22 +0000: Memory Usage (424600K) : memvia_drw has 0 polygons
2026-09-25 05:03:22 +0000: Memory Usage (424600K) : thinfilmres_drw has 0 polygons
2026-09-25 05:03:22 +0000: Memory Usage (424600K) : rfmem_drw has 0 polygons
2026-09-25 05:03:22 +0000: Memory Usage (424600K) : norcx_drw has 0 polygons
2026-09-25 05:03:22 +0000: Memory Usage (424600K) : norcx_m2m3 has 0 polygons
2026-09-25 05:03:22 +0000: Memory Usage (424600K) : norcx_m2m4 has 0 polygons
2026-09-25 05:03:22 +0000: Memory Usage (424600K) : norcx_m2m5 has 0 polygons
2026-09-25 05:03:22 +0000: Memory Usage (424600K) : norcx_m2tm1 has 0 polygons
2026-09-25 05:03:22 +0000: Memory Usage (424600K) : norcx_m2tm2 has 0 polygons
2026-09-25 05:03:22 +0000: Memory Usage (424600K) : norcx_m3m4 has 0 polygons
2026-09-25 05:03:22 +0000: Memory Usage (424600K) : norcx_m3m5 has 0 polygons
2026-09-25 05:03:22 +0000: Memory Usage (424600K) : norcx_m3tm1 has 0 polygons
2026-09-25 05:03:22 +0000: Memory Usage (424600K) : norcx_m3tm2 has 0 polygons
2026-09-25 05:03:22 +0000: Memory Usage (424600K) : norcx_m4m5 has 0 polygons
2026-09-25 05:03:22 +0000: Memory Usage (424600K) : norcx_m4tm1 has 0 polygons
2026-09-25 05:03:22 +0000: Memory Usage (424600K) : norcx_m4tm2 has 0 polygons
2026-09-25 05:03:22 +0000: Memory Usage (424600K) : norcx_m5tm1 has 0 polygons
2026-09-25 05:03:22 +0000: Memory Usage (424600K) : norcx_m5tm2 has 0 polygons
2026-09-25 05:03:22 +0000: Memory Usage (424600K) : norcx_tm1tm2 has 0 polygons
2026-09-25 05:03:22 +0000: Memory Usage (424600K) : norcx_m1sub has 0 polygons
2026-09-25 05:03:22 +0000: Memory Usage (424600K) : norcx_m2sub has 0 polygons
2026-09-25 05:03:22 +0000: Memory Usage (424600K) : norcx_m3sub has 0 polygons
2026-09-25 05:03:22 +0000: Memory Usage (424600K) : norcx_m4sub has 0 polygons
2026-09-25 05:03:22 +0000: Memory Usage (424600K) : norcx_m5sub has 0 polygons
2026-09-25 05:03:22 +0000: Memory Usage (424600K) : norcx_tm1sub has 0 polygons
2026-09-25 05:03:22 +0000: Memory Usage (424600K) : norcx_tm2sub has 0 polygons
2026-09-25 05:03:22 +0000: Memory Usage (424600K) : snsbotvia_drw has 0 polygons
2026-09-25 05:03:22 +0000: Memory Usage (424600K) : snstopvia_drw has 0 polygons
2026-09-25 05:03:22 +0000: Memory Usage (424600K) : deepvia_drw has 0 polygons
2026-09-25 05:03:22 +0000: Memory Usage (424600K) : fgetch_drw has 0 polygons
2026-09-25 05:03:22 +0000: Memory Usage (424600K) : ctrgat_drw has 0 polygons
2026-09-25 05:03:22 +0000: Memory Usage (424600K) : fgimp_drw has 0 polygons
2026-09-25 05:03:22 +0000: Memory Usage (424600K) : emwihv_drw has 0 polygons
2026-09-25 05:03:22 +0000: Memory Usage (424600K) : lbe_drw has 0 polygons
2026-09-25 05:03:22 +0000: Memory Usage (424600K) : alcustop_drw has 0 polygons
2026-09-25 05:03:22 +0000: Memory Usage (424600K) : nometfiller_drw has 0 polygons
2026-09-25 05:03:22 +0000: Memory Usage (424600K) : prboundary_drw has 0 polygons
2026-09-25 05:03:22 +0000: Memory Usage (424600K) : exchange0_drw has 0 polygons
2026-09-25 05:03:22 +0000: Memory Usage (424600K) : exchange0_pin has 0 polygons
2026-09-25 05:03:22 +0000: Memory Usage (424600K) : exchange0_text has 0 polygons
2026-09-25 05:03:22 +0000: Memory Usage (424600K) : exchange1_drw has 0 polygons
2026-09-25 05:03:22 +0000: Memory Usage (424600K) : exchange1_pin has 0 polygons
2026-09-25 05:03:22 +0000: Memory Usage (424600K) : exchange1_text has 0 polygons
2026-09-25 05:03:22 +0000: Memory Usage (424600K) : exchange2_drw has 0 polygons
2026-09-25 05:03:22 +0000: Memory Usage (424600K) : exchange2_pin has 0 polygons
2026-09-25 05:03:22 +0000: Memory Usage (424600K) : exchange2_text has 0 polygons
2026-09-25 05:03:22 +0000: Memory Usage (424600K) : exchange3_drw has 0 polygons
2026-09-25 05:03:22 +0000: Memory Usage (424600K) : exchange3_pin has 0 polygons
2026-09-25 05:03:22 +0000: Memory Usage (424600K) : exchange3_text has 0 polygons
2026-09-25 05:03:22 +0000: Memory Usage (424600K) : exchange4_drw has 0 polygons
2026-09-25 05:03:22 +0000: Memory Usage (424600K) : exchange4_pin has 0 polygons
2026-09-25 05:03:22 +0000: Memory Usage (424600K) : exchange4_text has 0 polygons
2026-09-25 05:03:22 +0000: Memory Usage (424600K) : isonwell_drw has 0 polygons
2026-09-25 05:03:22 +0000: Memory Usage (424600K) : Total no. of polygons in the design is 696
2026-09-25 05:03:22 +0000: Memory Usage (424600K) : Loaded TECH DRC rules values from /pdk/libs.tech/klayout/python/sg13g2_pycell_lib/sg13g2_tech_mod.json
2026-09-25 05:03:22 +0000: Memory Usage (424600K) : Loaded default DRC rules values from /pdk/libs.tech/klayout/tech/drc/rule_decks/sg13g2_tech_default.json
2026-09-25 05:03:22 +0000: Memory Usage (424600K) : The following rules values were missing in tech json and default values were used:
2026-09-25 05:03:22 +0000: Memory Usage (424600K) :   - NW_f1_digibnd
2026-09-25 05:03:22 +0000: Memory Usage (424600K) :   - Cnt_c_digibnd
2026-09-25 05:03:22 +0000: Memory Usage (424600K) :   - Cnt_c_sram
2026-09-25 05:03:22 +0000: Memory Usage (424600K) :   - Sdiod_b
2026-09-25 05:03:22 +0000: Memory Usage (424600K) :   - Sdiod_c
2026-09-25 05:03:22 +0000: Memory Usage (425940K) : Total area of the design is 114.0048 um^2.
2026-09-25 05:03:22 +0000: Memory Usage (425940K) : The design dimensions are 10.44 µm * 10.92 µm.
2026-09-25 05:03:22 +0000: Memory Usage (425940K) : Starting general IHP-SG13G2 derivations.
2026-09-25 05:03:22 +0000: Memory Usage (425940K) : Starting Pwell derivations
2026-09-25 05:03:22 +0000: Memory Usage (425940K) : Starting n-Activ derivations
2026-09-25 05:03:22 +0000: Memory Usage (429220K) : Starting p-Activ derivations
2026-09-25 05:03:22 +0000: Memory Usage (429220K) : Starting ptap derivations
2026-09-25 05:03:22 +0000: Memory Usage (429476K) : Starting ntap derivations
2026-09-25 05:03:22 +0000: Memory Usage (429476K) : Starting pact FET derivations
2026-09-25 05:03:22 +0000: Memory Usage (429476K) : Starting nact FET derivations
2026-09-25 05:03:22 +0000: Memory Usage (429476K) : Starting Gate derivations
2026-09-25 05:03:22 +0000: Memory Usage (429732K) : Starting cont/contbar general derivations
2026-09-25 05:03:22 +0000: Memory Usage (429732K) : Starting pad general derivations
2026-09-25 05:03:22 +0000: Memory Usage (429732K) : Starting schottky_nbl general derivations
2026-09-25 05:03:22 +0000: Memory Usage (429732K) : Starting SVaricap general derivations
2026-09-25 05:03:22 +0000: Memory Usage (429732K) : Starting HBT general derivations
2026-09-25 05:03:22 +0000: Memory Usage (429732K) : Starting IHP-SG13G2 DRC connectivity related derivations.
2026-09-25 05:03:22 +0000: Memory Usage (429732K) : Starting IHP-SG13G2 DRC connectivity setup
2026-09-25 05:03:22 +0000: Memory Usage (429988K) : Starting IHP-SG13G2 DRC rules.
2026-09-25 05:03:22 +0000: Memory Usage (429988K) : Running all FEOL rules
2026-09-25 05:03:22 +0000: Memory Usage (429988K) : Running all BEOL rules
2026-09-25 05:03:22 +0000: Memory Usage (429988K) : Running all PIN rules
2026-09-25 05:03:22 +0000: Memory Usage (429988K) : Running all FORBIDDEN rules
2026-09-25 05:03:22 +0000: Memory Usage (429988K) : Starting 5.1 NWell table
2026-09-25 05:03:22 +0000: Memory Usage (429988K) : Executing rule NW.b
2026-09-25 05:03:22 +0000: Memory Usage (430244K) : Executing rule NW.b1
2026-09-25 05:03:22 +0000: Memory Usage (430244K) : Executing rule NW.f1
2026-09-25 05:03:22 +0000: Memory Usage (430244K) : Executing rule NW.f1.digibnd
2026-09-25 05:03:22 +0000: Memory Usage (430244K) : Starting 5.2 PWell:block
2026-09-25 05:03:22 +0000: Memory Usage (430244K) : Executing rule PWB.e
2026-09-25 05:03:22 +0000: Memory Usage (430500K) : Executing rule PWB.e1
2026-09-25 05:03:22 +0000: Memory Usage (430500K) : Executing rule PWB.f
2026-09-25 05:03:22 +0000: Memory Usage (430756K) : Executing rule PWB.f1
2026-09-25 05:03:22 +0000: Memory Usage (430756K) : Starting 5.3 nBuLay table
2026-09-25 05:03:22 +0000: Memory Usage (430756K) : Executing rule NBL.b
2026-09-25 05:03:22 +0000: Memory Usage (430756K) : Executing rule NBL.c
2026-09-25 05:03:22 +0000: Memory Usage (430756K) : Executing rule NBL.d
2026-09-25 05:03:22 +0000: Memory Usage (430756K) : Executing rule NBL.e
2026-09-25 05:03:22 +0000: Memory Usage (430756K) : Executing rule NBL.f
2026-09-25 05:03:22 +0000: Memory Usage (430756K) : Starting 5.5. Activ table
2026-09-25 05:03:22 +0000: Memory Usage (430756K) : Executing rule Act.a
2026-09-25 05:03:22 +0000: Memory Usage (430756K) : Executing rule Act.b
2026-09-25 05:03:22 +0000: Memory Usage (431268K) : Starting 5.6 Activ:filler table
2026-09-25 05:03:22 +0000: Memory Usage (431268K) : Executing rule AFil.c1
2026-09-25 05:03:22 +0000: Memory Usage (431268K) : Executing rule AFil.c
2026-09-25 05:03:22 +0000: Memory Usage (431268K) : Executing rule AFil.d
2026-09-25 05:03:22 +0000: Memory Usage (431268K) : Executing rule AFil.e
2026-09-25 05:03:22 +0000: Memory Usage (431268K) : Executing rule AFil.j
2026-09-25 05:03:22 +0000: Memory Usage (431268K) : Starting 5.7. ThickGateOx table
2026-09-25 05:03:22 +0000: Memory Usage (431268K) : Executing rule TGO.f
2026-09-25 05:03:22 +0000: Memory Usage (431268K) : Starting 5.8. GatPoly table
2026-09-25 05:03:22 +0000: Memory Usage (431268K) : Executing rule Gat.a
2026-09-25 05:03:22 +0000: Memory Usage (431268K) : Executing rule Gat.b
2026-09-25 05:03:22 +0000: Memory Usage (431524K) : Executing rule Gat.d
2026-09-25 05:03:22 +0000: Memory Usage (431524K) : Executing rule Gat.a1
2026-09-25 05:03:22 +0000: Memory Usage (431264K) : Executing rule Gat.a2
2026-09-25 05:03:22 +0000: Memory Usage (431520K) : Executing rule Gat.g
2026-09-25 05:03:22 +0000: Memory Usage (431520K) : Starting 5.9 GatPoly:filler
2026-09-25 05:03:22 +0000: Memory Usage (431520K) : Executing rule GFil.d
2026-09-25 05:03:22 +0000: Memory Usage (431520K) : Executing rule GFil.e
2026-09-25 05:03:22 +0000: Memory Usage (431520K) : Executing rule GFil.i
2026-09-25 05:03:22 +0000: Memory Usage (431520K) : Starting 5.10 pSD table
2026-09-25 05:03:22 +0000: Memory Usage (431520K) : Executing rule pSD.c1
2026-09-25 05:03:22 +0000: Memory Usage (432032K) : Starting 5.14. Cont table
2026-09-25 05:03:22 +0000: Memory Usage (432288K) : Executing rule Cnt.a
2026-09-25 05:03:22 +0000: Memory Usage (432544K) : Executing rule Cnt.b
2026-09-25 05:03:22 +0000: Memory Usage (432544K) : Executing rule Cnt.c
2026-09-25 05:03:22 +0000: Memory Usage (432800K) : Executing rule Cnt.c.digibnd
2026-09-25 05:03:22 +0000: Memory Usage (432800K) : Executing rule Cnt.c.SRAM
2026-09-25 05:03:22 +0000: Memory Usage (433056K) : Executing rule Cnt.d
2026-09-25 05:03:22 +0000: Memory Usage (433056K) : Executing rule Cnt.e
2026-09-25 05:03:22 +0000: Memory Usage (433312K) : Executing rule Cnt.g1
2026-09-25 05:03:22 +0000: Memory Usage (433568K) : Executing rule Cnt.g2
2026-09-25 05:03:22 +0000: Memory Usage (433308K) : Starting 5.15. ContBar table
2026-09-25 05:03:22 +0000: Memory Usage (433308K) : Executing rule CntB.a
2026-09-25 05:03:22 +0000: Memory Usage (433308K) : Executing rule CntB.a1
2026-09-25 05:03:22 +0000: Memory Usage (433308K) : Executing rule CntB.b1
2026-09-25 05:03:22 +0000: Memory Usage (433308K) : Executing rule CntB.h1
2026-09-25 05:03:22 +0000: Memory Usage (433308K) : Starting 6.1.3 NPN Substrate-Tie table
2026-09-25 05:03:22 +0000: Memory Usage (433308K) : Executing rule npn13G2.bR 
2026-09-25 05:03:22 +0000: Memory Usage (433308K) : Executing rule npn13G2L.cR 
2026-09-25 05:03:22 +0000: Memory Usage (433308K) : Executing rule npn13G2V.cR 
2026-09-25 05:03:22 +0000: Memory Usage (433308K) : Starting 6.7 Schottky diode table
2026-09-25 05:03:22 +0000: Memory Usage (433308K) : Executing rule Sdiod.b
2026-09-25 05:03:22 +0000: Memory Usage (433308K) : Executing rule Sdiod.c
2026-09-25 05:03:22 +0000: Memory Usage (433308K) : Executing rule Sdiod.d
2026-09-25 05:03:22 +0000: Memory Usage (433308K) : Executing rule Sdiod.e
2026-09-25 05:03:22 +0000: Memory Usage (433308K) : Starting 7.2 Latch-up table
2026-09-25 05:03:22 +0000: Memory Usage (433308K) : Executing rule LU.b
2026-09-25 05:03:23 +0000: Memory Usage (433564K) : Starting 5.16. Metal1 table
2026-09-25 05:03:23 +0000: Memory Usage (433564K) : Executing rule M1.a
2026-09-25 05:03:23 +0000: Memory Usage (433564K) : Executing rule M1.b
2026-09-25 05:03:23 +0000: Memory Usage (433564K) : Executing rule M1.e
2026-09-25 05:03:23 +0000: Memory Usage (433564K) : Executing rule M1.f
2026-09-25 05:03:23 +0000: Memory Usage (433564K) : Executing rule M1.g
2026-09-25 05:03:23 +0000: Memory Usage (433564K) : Executing rule M1.i
2026-09-25 05:03:23 +0000: Memory Usage (433304K) : Starting 5.17 Metaln table
2026-09-25 05:03:23 +0000: Memory Usage (433304K) : Executing rule M2.a
2026-09-25 05:03:23 +0000: Memory Usage (433304K) : Executing rule M2.b
2026-09-25 05:03:23 +0000: Memory Usage (432788K) : Executing rule M2.e
2026-09-25 05:03:23 +0000: Memory Usage (432788K) : Executing rule M2.f
2026-09-25 05:03:23 +0000: Memory Usage (432788K) : Executing rule M2.g
2026-09-25 05:03:23 +0000: Memory Usage (432788K) : Executing rule M2.i
2026-09-25 05:03:23 +0000: Memory Usage (432528K) : Executing rule M3.a
2026-09-25 05:03:23 +0000: Memory Usage (432528K) : Executing rule M3.b
2026-09-25 05:03:23 +0000: Memory Usage (432528K) : Executing rule M3.e
2026-09-25 05:03:23 +0000: Memory Usage (432528K) : Executing rule M3.f
2026-09-25 05:03:23 +0000: Memory Usage (432528K) : Executing rule M3.g
2026-09-25 05:03:23 +0000: Memory Usage (432528K) : Executing rule M3.i
2026-09-25 05:03:23 +0000: Memory Usage (432784K) : Executing rule M4.a
2026-09-25 05:03:23 +0000: Memory Usage (432784K) : Executing rule M4.b
2026-09-25 05:03:23 +0000: Memory Usage (432784K) : Executing rule M4.e
2026-09-25 05:03:23 +0000: Memory Usage (432784K) : Executing rule M4.f
2026-09-25 05:03:23 +0000: Memory Usage (432784K) : Executing rule M4.g
2026-09-25 05:03:23 +0000: Memory Usage (432784K) : Executing rule M4.i
2026-09-25 05:03:23 +0000: Memory Usage (432784K) : Executing rule M5.a
2026-09-25 05:03:23 +0000: Memory Usage (432784K) : Executing rule M5.b
2026-09-25 05:03:23 +0000: Memory Usage (432784K) : Executing rule M5.e
2026-09-25 05:03:23 +0000: Memory Usage (432784K) : Executing rule M5.f
2026-09-25 05:03:23 +0000: Memory Usage (432784K) : Executing rule M5.g
2026-09-25 05:03:23 +0000: Memory Usage (433040K) : Executing rule M5.i
2026-09-25 05:03:23 +0000: Memory Usage (433040K) : Starting 5.18 Metaln:filler table
2026-09-25 05:03:23 +0000: Memory Usage (433040K) : Executing rule M1Fil.c
2026-09-25 05:03:23 +0000: Memory Usage (433040K) : Executing rule M1Fil.a2
2026-09-25 05:03:23 +0000: Memory Usage (433040K) : Executing rule M2Fil.c
2026-09-25 05:03:23 +0000: Memory Usage (433040K) : Executing rule M2Fil.a2
2026-09-25 05:03:23 +0000: Memory Usage (433040K) : Executing rule M3Fil.c
2026-09-25 05:03:23 +0000: Memory Usage (433040K) : Executing rule M3Fil.a2
2026-09-25 05:03:23 +0000: Memory Usage (433040K) : Executing rule M4Fil.c
2026-09-25 05:03:23 +0000: Memory Usage (433040K) : Executing rule M4Fil.a2
2026-09-25 05:03:23 +0000: Memory Usage (433040K) : Executing rule M5Fil.c
2026-09-25 05:03:23 +0000: Memory Usage (433040K) : Executing rule M5Fil.a2
2026-09-25 05:03:23 +0000: Memory Usage (433040K) : Starting 5.19. Via1 table
2026-09-25 05:03:23 +0000: Memory Usage (433040K) : Starting 5.19. Via1 table derivations
2026-09-25 05:03:23 +0000: Memory Usage (433040K) : Executing rule V1.a
2026-09-25 05:03:23 +0000: Memory Usage (433040K) : Executing rule V1.b
2026-09-25 05:03:23 +0000: Memory Usage (433296K) : Executing rule V1.c
2026-09-25 05:03:23 +0000: Memory Usage (432520K) : Starting 5.20. Vian table
2026-09-25 05:03:23 +0000: Memory Usage (432520K) : Executing rule V2.a
2026-09-25 05:03:23 +0000: Memory Usage (432520K) : Executing rule V2.b
2026-09-25 05:03:23 +0000: Memory Usage (432520K) : Executing rule V2.c
2026-09-25 05:03:23 +0000: Memory Usage (432520K) : Executing rule V3.a
2026-09-25 05:03:23 +0000: Memory Usage (432520K) : Executing rule V3.b
2026-09-25 05:03:23 +0000: Memory Usage (432520K) : Executing rule V3.c
2026-09-25 05:03:23 +0000: Memory Usage (432520K) : Executing rule V4.a
2026-09-25 05:03:23 +0000: Memory Usage (432520K) : Executing rule V4.b
2026-09-25 05:03:23 +0000: Memory Usage (432520K) : Executing rule V4.c
2026-09-25 05:03:23 +0000: Memory Usage (432520K) : Starting 5.21. TopVia1 table
2026-09-25 05:03:23 +0000: Memory Usage (432520K) : Executing rule TV1.a
2026-09-25 05:03:23 +0000: Memory Usage (432520K) : Executing rule TV1.b
2026-09-25 05:03:23 +0000: Memory Usage (432520K) : Executing rule TV1.c
2026-09-25 05:03:23 +0000: Memory Usage (432520K) : Executing rule TV1.d
2026-09-25 05:03:23 +0000: Memory Usage (432520K) : Starting 5.22. TopMetal1 table
2026-09-25 05:03:23 +0000: Memory Usage (432520K) : Executing rule TM1.a
2026-09-25 05:03:23 +0000: Memory Usage (432520K) : Executing rule TM1.b
2026-09-25 05:03:23 +0000: Memory Usage (432520K) : Starting 5.23 TopMetal1:filler table
2026-09-25 05:03:23 +0000: Memory Usage (432520K) : Executing rule TM1Fil.c
2026-09-25 05:03:23 +0000: Memory Usage (432520K) : Executing rule TM1Fil.a1
2026-09-25 05:03:23 +0000: Memory Usage (432520K) : Starting 5.24. TopVia2 table
2026-09-25 05:03:23 +0000: Memory Usage (432520K) : Executing rule TV2.a
2026-09-25 05:03:23 +0000: Memory Usage (432520K) : Executing rule TV2.b
2026-09-25 05:03:23 +0000: Memory Usage (432520K) : Executing rule TV2.c
2026-09-25 05:03:23 +0000: Memory Usage (432520K) : Executing rule TV2.d
2026-09-25 05:03:23 +0000: Memory Usage (432520K) : Starting 5.25. TopMetal2 table
2026-09-25 05:03:23 +0000: Memory Usage (432520K) : Executing rule TM2.a
2026-09-25 05:03:23 +0000: Memory Usage (432520K) : Executing rule TM2.b
2026-09-25 05:03:23 +0000: Memory Usage (432520K) : Executing rule TM2.bR
2026-09-25 05:03:23 +0000: Memory Usage (432520K) : Starting 5.26 TopMetal2:filler table
2026-09-25 05:03:23 +0000: Memory Usage (432520K) : Executing rule TM2Fil.c
2026-09-25 05:03:23 +0000: Memory Usage (432520K) : Executing rule TM2Fil.a1
2026-09-25 05:03:23 +0000: Memory Usage (432520K) : Starting 5.27. Passiv table
2026-09-25 05:03:23 +0000: Memory Usage (432520K) : Executing rule Pas.a
2026-09-25 05:03:23 +0000: Memory Usage (432520K) : Executing rule Pas.b
2026-09-25 05:03:23 +0000: Memory Usage (432520K) : Executing rule Pas.c
2026-09-25 05:03:23 +0000: Memory Usage (432520K) : Starting 6.9.2 Copper Pillar table
2026-09-25 05:03:23 +0000: Memory Usage (432520K) : Executing rule Padc.a
2026-09-25 05:03:23 +0000: Memory Usage (432520K) : Executing rule Padc.b
2026-09-25 05:03:23 +0000: Memory Usage (432520K) : Executing rule Padc.c
2026-09-25 05:03:23 +0000: Memory Usage (432520K) : Executing rule Padb.f
2026-09-25 05:03:23 +0000: Memory Usage (432520K) : Starting 6.9 Pad table
2026-09-25 05:03:23 +0000: Memory Usage (432520K) : Executing rule Pad.m
2026-09-25 05:03:23 +0000: Memory Usage (432520K) : Executing rule Pad.fR_M1
2026-09-25 05:03:23 +0000: Memory Usage (432520K) : Executing rule Pad.fR_M2
2026-09-25 05:03:23 +0000: Memory Usage (432520K) : Executing rule Pad.fR_M3
2026-09-25 05:03:23 +0000: Memory Usage (432520K) : Executing rule Pad.fR_M4
2026-09-25 05:03:23 +0000: Memory Usage (432520K) : Executing rule Pad.fR_M5
2026-09-25 05:03:23 +0000: Memory Usage (432520K) : Executing rule Pad.fR_TM1
2026-09-25 05:03:23 +0000: Memory Usage (432520K) : Executing rule Pad.fR_TM2
2026-09-25 05:03:23 +0000: Memory Usage (432520K) : Executing rule Pad.i
2026-09-25 05:03:23 +0000: Memory Usage (432520K) : Starting 6.9.1 Solder Bump
2026-09-25 05:03:23 +0000: Memory Usage (432520K) : Executing rule Padb.a
2026-09-25 05:03:23 +0000: Memory Usage (432520K) : Executing rule Padb.b
2026-09-25 05:03:23 +0000: Memory Usage (432520K) : Executing rule Padb.c
2026-09-25 05:03:23 +0000: Memory Usage (432520K) : Executing rule Padb.f
2026-09-25 05:03:23 +0000: Memory Usage (432520K) : Executing rule Padb.d
2026-09-25 05:03:23 +0000: Memory Usage (432520K) : Starting 6.10 Sealring table
2026-09-25 05:03:23 +0000: Memory Usage (432520K) : Executing rule Seal.l
2026-09-25 05:03:23 +0000: Memory Usage (432520K) : Executing rule Seal.n
2026-09-25 05:03:23 +0000: Memory Usage (432520K) : Executing rule seal.b_metal1
2026-09-25 05:03:23 +0000: Memory Usage (432520K) : Executing rule seal.b_metal2
2026-09-25 05:03:23 +0000: Memory Usage (432520K) : Executing rule seal.b_metal3
2026-09-25 05:03:23 +0000: Memory Usage (432520K) : Executing rule seal.b_metal4
2026-09-25 05:03:23 +0000: Memory Usage (432520K) : Executing rule seal.b_metal5
2026-09-25 05:03:23 +0000: Memory Usage (432520K) : Executing rule seal.b_topmetal1
2026-09-25 05:03:23 +0000: Memory Usage (432520K) : Executing rule seal.b_topmetal2
2026-09-25 05:03:23 +0000: Memory Usage (432520K) : Executing rule seal.b_activ
2026-09-25 05:03:23 +0000: Memory Usage (432520K) : Executing rule seal.b_psd
2026-09-25 05:03:23 +0000: Memory Usage (432520K) : Executing rule Seal.k
2026-09-25 05:03:23 +0000: Memory Usage (432520K) : Executing rule Seal.m
2026-09-25 05:03:23 +0000: Memory Usage (432520K) : Starting 6.11 MIM table
2026-09-25 05:03:23 +0000: Memory Usage (432520K) : Executing rule MIM.c
2026-09-25 05:03:23 +0000: Memory Usage (432520K) : Executing rule MIM.d
2026-09-25 05:03:23 +0000: Memory Usage (432520K) : Executing rule MIM.gR
2026-09-25 05:03:23 +0000: Memory Usage (432520K) : Starting 7.3 Metal Slits table
2026-09-25 05:03:23 +0000: Memory Usage (432520K) : Executing rule Slt.e1_M1
2026-09-25 05:03:23 +0000: Memory Usage (432520K) : Executing rule Slt.e1_M2
2026-09-25 05:03:23 +0000: Memory Usage (432520K) : Executing rule Slt.e1_M3
2026-09-25 05:03:23 +0000: Memory Usage (432520K) : Executing rule Slt.e1_M4
2026-09-25 05:03:23 +0000: Memory Usage (432520K) : Executing rule Slt.e1_M5
2026-09-25 05:03:23 +0000: Memory Usage (432520K) : Executing rule Slt.e1_TM1
2026-09-25 05:03:23 +0000: Memory Usage (432520K) : Executing rule Slt.e1_TM2
2026-09-25 05:03:23 +0000: Memory Usage (432520K) : Starting 9.1. LBE table
2026-09-25 05:03:23 +0000: Memory Usage (432776K) : Executing rule LBE.a
2026-09-25 05:03:23 +0000: Memory Usage (432776K) : Executing rule LBE.b
2026-09-25 05:03:23 +0000: Memory Usage (432776K) : Executing rule LBE.b1
2026-09-25 05:03:23 +0000: Memory Usage (432776K) : Executing rule LBE.c
2026-09-25 05:03:23 +0000: Memory Usage (432776K) : Executing rule LBE.d
2026-09-25 05:03:23 +0000: Memory Usage (432776K) : Executing rule LBE.h
2026-09-25 05:03:23 +0000: Memory Usage (432776K) : Starting 7.4. PIN table
2026-09-25 05:03:23 +0000: Memory Usage (432776K) : Executing rule Pin.a
2026-09-25 05:03:23 +0000: Memory Usage (432776K) : Executing rule Pin.b
2026-09-25 05:03:23 +0000: Memory Usage (432776K) : Executing rule Pin.e
2026-09-25 05:03:23 +0000: Memory Usage (432776K) : Executing rule Pin.f_M2
2026-09-25 05:03:23 +0000: Memory Usage (432776K) : Executing rule Pin.f_M3
2026-09-25 05:03:23 +0000: Memory Usage (432776K) : Executing rule Pin.f_M4
2026-09-25 05:03:23 +0000: Memory Usage (432776K) : Executing rule Pin.f_M5
2026-09-25 05:03:23 +0000: Memory Usage (432776K) : Executing rule Pin.g
2026-09-25 05:03:23 +0000: Memory Usage (432776K) : Executing rule Pin.h
2026-09-25 05:03:23 +0000: Memory Usage (432776K) : Starting 3.1. offgrid table
2026-09-25 05:03:23 +0000: Memory Usage (432776K) : Executing rule activ_drw_Offgrid
2026-09-25 05:03:23 +0000: Memory Usage (432776K) : Executing rule activ_mask_Offgrid
2026-09-25 05:03:23 +0000: Memory Usage (432776K) : Executing rule activ_filler_Offgrid
2026-09-25 05:03:23 +0000: Memory Usage (432776K) : Executing rule activ_opc_Offgrid
2026-09-25 05:03:23 +0000: Memory Usage (432776K) : Executing rule activ_iopc_Offgrid
2026-09-25 05:03:23 +0000: Memory Usage (432776K) : Executing rule biwind_drw_Offgrid
2026-09-25 05:03:23 +0000: Memory Usage (432776K) : Executing rule biwind_opc_Offgrid
2026-09-25 05:03:23 +0000: Memory Usage (432776K) : Executing rule pemwind_drw_Offgrid
2026-09-25 05:03:23 +0000: Memory Usage (432776K) : Executing rule gatpoly_drw_Offgrid
2026-09-25 05:03:23 +0000: Memory Usage (432776K) : Executing rule gatpoly_filler_Offgrid
2026-09-25 05:03:23 +0000: Memory Usage (432776K) : Executing rule gatpoly_opc_Offgrid
2026-09-25 05:03:23 +0000: Memory Usage (432776K) : Executing rule gatpoly_iopc_Offgrid
2026-09-25 05:03:23 +0000: Memory Usage (432776K) : Executing rule gatpoly_noqrc_Offgrid
2026-09-25 05:03:23 +0000: Memory Usage (432776K) : Executing rule cont_drw_Offgrid
2026-09-25 05:03:23 +0000: Memory Usage (432776K) : Executing rule cont_opc_Offgrid
2026-09-25 05:03:23 +0000: Memory Usage (432776K) : Executing rule nsd_drw_Offgrid
2026-09-25 05:03:23 +0000: Memory Usage (432776K) : Executing rule nsd_block_Offgrid
2026-09-25 05:03:23 +0000: Memory Usage (432776K) : Executing rule metal1_drw_Offgrid
2026-09-25 05:03:23 +0000: Memory Usage (432776K) : Executing rule metal1_mask_Offgrid
2026-09-25 05:03:23 +0000: Memory Usage (432776K) : Executing rule metal1_filler_Offgrid
2026-09-25 05:03:23 +0000: Memory Usage (432776K) : Executing rule metal1_slit_Offgrid
2026-09-25 05:03:23 +0000: Memory Usage (433032K) : Executing rule metal1_opc_Offgrid
2026-09-25 05:03:23 +0000: Memory Usage (433288K) : Executing rule metal1_noqrc_Offgrid
2026-09-25 05:03:23 +0000: Memory Usage (433800K) : Executing rule metal1_res_Offgrid
2026-09-25 05:03:23 +0000: Memory Usage (434056K) : Executing rule metal1_iprobe_Offgrid
2026-09-25 05:03:23 +0000: Memory Usage (434056K) : Executing rule metal1_diffprb_Offgrid
2026-09-25 05:03:23 +0000: Memory Usage (434056K) : Executing rule passiv_drw_Offgrid
2026-09-25 05:03:23 +0000: Memory Usage (434312K) : Executing rule passiv_pillar_Offgrid
2026-09-25 05:03:23 +0000: Memory Usage (434568K) : Executing rule passiv_sbump_Offgrid
2026-09-25 05:03:23 +0000: Memory Usage (434824K) : Executing rule passiv_pdl_Offgrid
2026-09-25 05:03:23 +0000: Memory Usage (435080K) : Executing rule metal2_drw_Offgrid
2026-09-25 05:03:23 +0000: Memory Usage (435080K) : Executing rule metal2_mask_Offgrid
2026-09-25 05:03:23 +0000: Memory Usage (435080K) : Executing rule metal2_filler_Offgrid
2026-09-25 05:03:23 +0000: Memory Usage (435080K) : Executing rule metal2_slit_Offgrid
2026-09-25 05:03:23 +0000: Memory Usage (435080K) : Executing rule metal2_opc_Offgrid
2026-09-25 05:03:23 +0000: Memory Usage (435080K) : Executing rule metal2_noqrc_Offgrid
2026-09-25 05:03:23 +0000: Memory Usage (435080K) : Executing rule metal2_res_Offgrid
2026-09-25 05:03:23 +0000: Memory Usage (435080K) : Executing rule metal2_iprobe_Offgrid
2026-09-25 05:03:23 +0000: Memory Usage (435080K) : Executing rule metal2_diffprb_Offgrid
2026-09-25 05:03:23 +0000: Memory Usage (435080K) : Executing rule baspoly_drw_Offgrid
2026-09-25 05:03:23 +0000: Memory Usage (435080K) : Executing rule psd_drw_Offgrid
2026-09-25 05:03:23 +0000: Memory Usage (435080K) : Executing rule nldb_drw_Offgrid
2026-09-25 05:03:23 +0000: Memory Usage (435080K) : Executing rule via1_drw_Offgrid
2026-09-25 05:03:23 +0000: Memory Usage (435080K) : Executing rule backmetal1_drw_Offgrid
2026-09-25 05:03:23 +0000: Memory Usage (435080K) : Executing rule backmetal1_mask_Offgrid
2026-09-25 05:03:23 +0000: Memory Usage (435080K) : Executing rule backmetal1_filler_Offgrid
2026-09-25 05:03:23 +0000: Memory Usage (435080K) : Executing rule backmetal1_slit_Offgrid
2026-09-25 05:03:23 +0000: Memory Usage (435080K) : Executing rule backmetal1_opc_Offgrid
2026-09-25 05:03:23 +0000: Memory Usage (435080K) : Executing rule backmetal1_noqrc_Offgrid
2026-09-25 05:03:23 +0000: Memory Usage (435080K) : Executing rule backmetal1_res_Offgrid
2026-09-25 05:03:23 +0000: Memory Usage (435080K) : Executing rule backmetal1_iprobe_Offgrid
2026-09-25 05:03:23 +0000: Memory Usage (435080K) : Executing rule backmetal1_diffprb_Offgrid
2026-09-25 05:03:23 +0000: Memory Usage (435080K) : Executing rule backpassiv_drw_Offgrid
2026-09-25 05:03:23 +0000: Memory Usage (435080K) : Executing rule salblock_drw_Offgrid
2026-09-25 05:03:23 +0000: Memory Usage (435080K) : Executing rule via2_drw_Offgrid
2026-09-25 05:03:23 +0000: Memory Usage (435080K) : Executing rule metal3_drw_Offgrid
2026-09-25 05:03:23 +0000: Memory Usage (435080K) : Executing rule metal3_mask_Offgrid
2026-09-25 05:03:23 +0000: Memory Usage (435080K) : Executing rule metal3_filler_Offgrid
2026-09-25 05:03:23 +0000: Memory Usage (435080K) : Executing rule metal3_slit_Offgrid
2026-09-25 05:03:23 +0000: Memory Usage (435080K) : Executing rule metal3_opc_Offgrid
2026-09-25 05:03:23 +0000: Memory Usage (435080K) : Executing rule metal3_noqrc_Offgrid
2026-09-25 05:03:23 +0000: Memory Usage (435080K) : Executing rule metal3_res_Offgrid
2026-09-25 05:03:23 +0000: Memory Usage (435080K) : Executing rule metal3_iprobe_Offgrid
2026-09-25 05:03:23 +0000: Memory Usage (435080K) : Executing rule metal3_diffprb_Offgrid
2026-09-25 05:03:23 +0000: Memory Usage (435080K) : Executing rule nwell_drw_Offgrid
2026-09-25 05:03:23 +0000: Memory Usage (435080K) : Executing rule nbulay_drw_Offgrid
2026-09-25 05:03:23 +0000: Memory Usage (435080K) : Executing rule nbulay_block_Offgrid
2026-09-25 05:03:23 +0000: Memory Usage (435080K) : Executing rule pwell_drw_Offgrid
2026-09-25 05:03:23 +0000: Memory Usage (435080K) : Executing rule pwell_block_Offgrid
2026-09-25 05:03:23 +0000: Memory Usage (435080K) : Executing rule emwind_drw_Offgrid
2026-09-25 05:03:23 +0000: Memory Usage (435080K) : Executing rule emwind_opc_Offgrid
2026-09-25 05:03:23 +0000: Memory Usage (435080K) : Executing rule deepco_drw_Offgrid
2026-09-25 05:03:23 +0000: Memory Usage (435080K) : Executing rule mim_drw_Offgrid
2026-09-25 05:03:23 +0000: Memory Usage (435080K) : Executing rule substrate_drw_Offgrid
2026-09-25 05:03:23 +0000: Memory Usage (435080K) : Executing rule ic_drw_Offgrid
2026-09-25 05:03:23 +0000: Memory Usage (435080K) : Executing rule via3_drw_Offgrid
2026-09-25 05:03:23 +0000: Memory Usage (435080K) : Executing rule pldb_drw_Offgrid
2026-09-25 05:03:23 +0000: Memory Usage (435080K) : Executing rule metal4_drw_Offgrid
2026-09-25 05:03:23 +0000: Memory Usage (435080K) : Executing rule metal4_mask_Offgrid
2026-09-25 05:03:23 +0000: Memory Usage (435080K) : Executing rule metal4_filler_Offgrid
2026-09-25 05:03:23 +0000: Memory Usage (435080K) : Executing rule metal4_slit_Offgrid
2026-09-25 05:03:23 +0000: Memory Usage (435080K) : Executing rule metal4_opc_Offgrid
2026-09-25 05:03:23 +0000: Memory Usage (435080K) : Executing rule metal4_noqrc_Offgrid
2026-09-25 05:03:23 +0000: Memory Usage (435080K) : Executing rule metal4_res_Offgrid
2026-09-25 05:03:23 +0000: Memory Usage (435080K) : Executing rule metal4_iprobe_Offgrid
2026-09-25 05:03:23 +0000: Memory Usage (435080K) : Executing rule metal4_diffprb_Offgrid
2026-09-25 05:03:23 +0000: Memory Usage (435080K) : Executing rule via4_drw_Offgrid
2026-09-25 05:03:23 +0000: Memory Usage (435080K) : Executing rule metal5_drw_Offgrid
2026-09-25 05:03:23 +0000: Memory Usage (435080K) : Executing rule metal5_mask_Offgrid
2026-09-25 05:03:23 +0000: Memory Usage (435080K) : Executing rule metal5_filler_Offgrid
2026-09-25 05:03:23 +0000: Memory Usage (435080K) : Executing rule metal5_slit_Offgrid
2026-09-25 05:03:23 +0000: Memory Usage (435080K) : Executing rule metal5_opc_Offgrid
2026-09-25 05:03:23 +0000: Memory Usage (435080K) : Executing rule metal5_noqrc_Offgrid
2026-09-25 05:03:23 +0000: Memory Usage (435080K) : Executing rule metal5_res_Offgrid
2026-09-25 05:03:23 +0000: Memory Usage (435080K) : Executing rule metal5_iprobe_Offgrid
2026-09-25 05:03:23 +0000: Memory Usage (435080K) : Executing rule metal5_diffprb_Offgrid
2026-09-25 05:03:23 +0000: Memory Usage (435080K) : Executing rule prboundary_drw_Offgrid
2026-09-25 05:03:23 +0000: Memory Usage (435080K) : Executing rule exchange0_drw_Offgrid
2026-09-25 05:03:23 +0000: Memory Usage (435080K) : Executing rule exchange1_drw_Offgrid
2026-09-25 05:03:23 +0000: Memory Usage (435080K) : Executing rule exchange2_drw_Offgrid
2026-09-25 05:03:23 +0000: Memory Usage (435080K) : Executing rule exchange3_drw_Offgrid
2026-09-25 05:03:23 +0000: Memory Usage (435080K) : Executing rule exchange4_drw_Offgrid
2026-09-25 05:03:23 +0000: Memory Usage (435080K) : Executing rule isonwell_drw_Offgrid
2026-09-25 05:03:23 +0000: Memory Usage (435080K) : Executing rule thickgateox_drw_Offgrid
2026-09-25 05:03:23 +0000: Memory Usage (435080K) : Executing rule pempoly_drw_Offgrid
2026-09-25 05:03:23 +0000: Memory Usage (435080K) : Executing rule fbe_drw_Offgrid
2026-09-25 05:03:23 +0000: Memory Usage (435080K) : Executing rule empoly_drw_Offgrid
2026-09-25 05:03:23 +0000: Memory Usage (435080K) : Executing rule ldmos_drw_Offgrid
2026-09-25 05:03:23 +0000: Memory Usage (435080K) : Executing rule pbiwind_drw_Offgrid
2026-09-25 05:03:23 +0000: Memory Usage (435080K) : Executing rule colopen_drw_Offgrid
2026-09-25 05:03:23 +0000: Memory Usage (435080K) : Executing rule extblock_drw_Offgrid
2026-09-25 05:03:23 +0000: Memory Usage (435080K) : Executing rule nldd_drw_Offgrid
2026-09-25 05:03:23 +0000: Memory Usage (435080K) : Executing rule pldd_drw_Offgrid
2026-09-25 05:03:23 +0000: Memory Usage (435080K) : Executing rule next_drw_Offgrid
2026-09-25 05:03:23 +0000: Memory Usage (435080K) : Executing rule pext_drw_Offgrid
2026-09-25 05:03:23 +0000: Memory Usage (435080K) : Executing rule nexthv_drw_Offgrid
2026-09-25 05:03:23 +0000: Memory Usage (435080K) : Executing rule pexthv_drw_Offgrid
2026-09-25 05:03:23 +0000: Memory Usage (435080K) : Executing rule graphgate_drw_Offgrid
2026-09-25 05:03:23 +0000: Memory Usage (435080K) : Executing rule mempad_drw_Offgrid
2026-09-25 05:03:23 +0000: Memory Usage (435080K) : Executing rule topvia1_drw_Offgrid
2026-09-25 05:03:23 +0000: Memory Usage (435080K) : Executing rule topmetal1_drw_Offgrid
2026-09-25 05:03:23 +0000: Memory Usage (435080K) : Executing rule topmetal1_mask_Offgrid
2026-09-25 05:03:23 +0000: Memory Usage (435080K) : Executing rule topmetal1_filler_Offgrid
2026-09-25 05:03:23 +0000: Memory Usage (435080K) : Executing rule topmetal1_slit_Offgrid
2026-09-25 05:03:23 +0000: Memory Usage (435080K) : Executing rule topmetal1_noqrc_Offgrid
2026-09-25 05:03:23 +0000: Memory Usage (435080K) : Executing rule topmetal1_res_Offgrid
2026-09-25 05:03:23 +0000: Memory Usage (435080K) : Executing rule topmetal1_iprobe_Offgrid
2026-09-25 05:03:23 +0000: Memory Usage (435080K) : Executing rule topmetal1_diffprb_Offgrid
2026-09-25 05:03:23 +0000: Memory Usage (435080K) : Executing rule inldpwl_drw_Offgrid
2026-09-25 05:03:23 +0000: Memory Usage (435080K) : Executing rule polyres_drw_Offgrid
2026-09-25 05:03:23 +0000: Memory Usage (435080K) : Executing rule vmim_drw_Offgrid
2026-09-25 05:03:23 +0000: Memory Usage (435080K) : Executing rule nbulaycut_drw_Offgrid
2026-09-25 05:03:23 +0000: Memory Usage (435080K) : Executing rule antmetal1_drw_Offgrid
2026-09-25 05:03:23 +0000: Memory Usage (435080K) : Executing rule topvia2_drw_Offgrid
2026-09-25 05:03:23 +0000: Memory Usage (435080K) : Executing rule topmetal2_drw_Offgrid
2026-09-25 05:03:23 +0000: Memory Usage (435080K) : Executing rule topmetal2_mask_Offgrid
2026-09-25 05:03:23 +0000: Memory Usage (435080K) : Executing rule topmetal2_filler_Offgrid
2026-09-25 05:03:23 +0000: Memory Usage (435080K) : Executing rule topmetal2_slit_Offgrid
2026-09-25 05:03:23 +0000: Memory Usage (435080K) : Executing rule topmetal2_noqrc_Offgrid
2026-09-25 05:03:23 +0000: Memory Usage (435080K) : Executing rule topmetal2_res_Offgrid
2026-09-25 05:03:23 +0000: Memory Usage (435080K) : Executing rule topmetal2_iprobe_Offgrid
2026-09-25 05:03:23 +0000: Memory Usage (435080K) : Executing rule topmetal2_diffprb_Offgrid
2026-09-25 05:03:23 +0000: Memory Usage (435080K) : Executing rule snsring_drw_Offgrid
2026-09-25 05:03:23 +0000: Memory Usage (435080K) : Executing rule sensor_drw_Offgrid
2026-09-25 05:03:23 +0000: Memory Usage (435080K) : Executing rule snsarms_drw_Offgrid
2026-09-25 05:03:23 +0000: Memory Usage (435080K) : Executing rule snscmosvia_drw_Offgrid
2026-09-25 05:03:23 +0000: Memory Usage (435080K) : Executing rule colwind_drw_Offgrid
2026-09-25 05:03:23 +0000: Memory Usage (435080K) : Executing rule flm_drw_Offgrid
2026-09-25 05:03:23 +0000: Memory Usage (435080K) : Executing rule hafniumox_drw_Offgrid
2026-09-25 05:03:23 +0000: Memory Usage (435080K) : Executing rule memvia_drw_Offgrid
2026-09-25 05:03:23 +0000: Memory Usage (435080K) : Executing rule thinfilmres_drw_Offgrid
2026-09-25 05:03:23 +0000: Memory Usage (435080K) : Executing rule rfmem_drw_Offgrid
2026-09-25 05:03:23 +0000: Memory Usage (435080K) : Executing rule snsbotvia_drw_Offgrid
2026-09-25 05:03:23 +0000: Memory Usage (435080K) : Executing rule snstopvia_drw_Offgrid
2026-09-25 05:03:23 +0000: Memory Usage (435080K) : Executing rule deepvia_drw_Offgrid
2026-09-25 05:03:23 +0000: Memory Usage (435080K) : Executing rule fgetch_drw_Offgrid
2026-09-25 05:03:23 +0000: Memory Usage (435080K) : Executing rule ctrgat_drw_Offgrid
2026-09-25 05:03:23 +0000: Memory Usage (435080K) : Executing rule fgimp_drw_Offgrid
2026-09-25 05:03:23 +0000: Memory Usage (435080K) : Executing rule emwihv_drw_Offgrid
2026-09-25 05:03:23 +0000: Memory Usage (435080K) : Executing rule lbe_drw_Offgrid
2026-09-25 05:03:23 +0000: Memory Usage (435080K) : Executing rule alcustop_drw_Offgrid
2026-09-25 05:03:23 +0000: Memory Usage (435080K) : Starting 3.2. angle table
2026-09-25 05:03:23 +0000: Memory Usage (435080K) : Executing rule activ_drw_Acute
2026-09-25 05:03:23 +0000: Memory Usage (435080K) : Executing rule activ_pin_Acute
2026-09-25 05:03:23 +0000: Memory Usage (435336K) : Executing rule activ_mask_Acute
2026-09-25 05:03:23 +0000: Memory Usage (435336K) : Executing rule activ_filler_Acute
2026-09-25 05:03:23 +0000: Memory Usage (435336K) : Executing rule activ_nofill_Acute
2026-09-25 05:03:23 +0000: Memory Usage (435336K) : Executing rule activ_opc_Acute
2026-09-25 05:03:23 +0000: Memory Usage (435336K) : Executing rule activ_iopc_Acute
2026-09-25 05:03:23 +0000: Memory Usage (435336K) : Executing rule activ_noqrc_Acute
2026-09-25 05:03:23 +0000: Memory Usage (435336K) : Executing rule biwind_drw_Acute
2026-09-25 05:03:23 +0000: Memory Usage (435336K) : Executing rule biwind_opc_Acute
2026-09-25 05:03:23 +0000: Memory Usage (435336K) : Executing rule pemwind_drw_Acute
2026-09-25 05:03:23 +0000: Memory Usage (435336K) : Executing rule gatpoly_drw_Acute
2026-09-25 05:03:23 +0000: Memory Usage (435336K) : Executing rule gatpoly_pin_Acute
2026-09-25 05:03:23 +0000: Memory Usage (435336K) : Executing rule gatpoly_filler_Acute
2026-09-25 05:03:23 +0000: Memory Usage (435336K) : Executing rule gatpoly_nofill_Acute
2026-09-25 05:03:23 +0000: Memory Usage (435336K) : Executing rule gatpoly_opc_Acute
2026-09-25 05:03:23 +0000: Memory Usage (435336K) : Executing rule gatpoly_iopc_Acute
2026-09-25 05:03:23 +0000: Memory Usage (435336K) : Executing rule gatpoly_noqrc_Acute
2026-09-25 05:03:23 +0000: Memory Usage (435336K) : Executing rule cont_drw_Acute
2026-09-25 05:03:23 +0000: Memory Usage (435336K) : Executing rule cont_opc_Acute
2026-09-25 05:03:23 +0000: Memory Usage (435336K) : Executing rule nsd_drw_Acute
2026-09-25 05:03:23 +0000: Memory Usage (435336K) : Executing rule nsd_block_Acute
2026-09-25 05:03:23 +0000: Memory Usage (435336K) : Executing rule metal1_drw_Acute
2026-09-25 05:03:23 +0000: Memory Usage (435336K) : Executing rule metal1_pin_Acute
2026-09-25 05:03:23 +0000: Memory Usage (435336K) : Executing rule metal1_mask_Acute
2026-09-25 05:03:23 +0000: Memory Usage (435336K) : Executing rule metal1_filler_Acute
2026-09-25 05:03:23 +0000: Memory Usage (435336K) : Executing rule metal1_nofill_Acute
2026-09-25 05:03:23 +0000: Memory Usage (435336K) : Executing rule metal1_slit_Acute
2026-09-25 05:03:23 +0000: Memory Usage (435336K) : Executing rule metal1_opc_Acute
2026-09-25 05:03:23 +0000: Memory Usage (435336K) : Executing rule metal1_noqrc_Acute
2026-09-25 05:03:23 +0000: Memory Usage (435336K) : Executing rule metal1_res_Acute
2026-09-25 05:03:23 +0000: Memory Usage (435336K) : Executing rule metal1_iprobe_Acute
2026-09-25 05:03:23 +0000: Memory Usage (435336K) : Executing rule metal1_diffprb_Acute
2026-09-25 05:03:23 +0000: Memory Usage (435336K) : Executing rule passiv_drw_Acute
2026-09-25 05:03:23 +0000: Memory Usage (435336K) : Executing rule passiv_pin_Acute
2026-09-25 05:03:23 +0000: Memory Usage (435336K) : Executing rule passiv_pillar_Acute
2026-09-25 05:03:23 +0000: Memory Usage (435336K) : Executing rule passiv_sbump_Acute
2026-09-25 05:03:23 +0000: Memory Usage (435336K) : Executing rule passiv_pdl_Acute
2026-09-25 05:03:23 +0000: Memory Usage (435336K) : Executing rule metal2_drw_Acute
2026-09-25 05:03:23 +0000: Memory Usage (435336K) : Executing rule metal2_pin_Acute
2026-09-25 05:03:23 +0000: Memory Usage (435336K) : Executing rule metal2_mask_Acute
2026-09-25 05:03:23 +0000: Memory Usage (435336K) : Executing rule metal2_filler_Acute
2026-09-25 05:03:23 +0000: Memory Usage (435336K) : Executing rule metal2_nofill_Acute
2026-09-25 05:03:23 +0000: Memory Usage (435336K) : Executing rule metal2_slit_Acute
2026-09-25 05:03:23 +0000: Memory Usage (435336K) : Executing rule metal2_opc_Acute
2026-09-25 05:03:23 +0000: Memory Usage (435336K) : Executing rule metal2_noqrc_Acute
2026-09-25 05:03:23 +0000: Memory Usage (435336K) : Executing rule metal2_res_Acute
2026-09-25 05:03:23 +0000: Memory Usage (435336K) : Executing rule metal2_iprobe_Acute
2026-09-25 05:03:23 +0000: Memory Usage (435336K) : Executing rule metal2_diffprb_Acute
2026-09-25 05:03:23 +0000: Memory Usage (435336K) : Executing rule baspoly_drw_Acute
2026-09-25 05:03:23 +0000: Memory Usage (435336K) : Executing rule baspoly_pin_Acute
2026-09-25 05:03:23 +0000: Memory Usage (435336K) : Executing rule psd_drw_Acute
2026-09-25 05:03:23 +0000: Memory Usage (435336K) : Executing rule nldb_drw_Acute
2026-09-25 05:03:24 +0000: Memory Usage (435336K) : Executing rule via1_drw_Acute
2026-09-25 05:03:24 +0000: Memory Usage (435336K) : Executing rule backmetal1_drw_Acute
2026-09-25 05:03:24 +0000: Memory Usage (435336K) : Executing rule backmetal1_pin_Acute
2026-09-25 05:03:24 +0000: Memory Usage (435336K) : Executing rule backmetal1_mask_Acute
2026-09-25 05:03:24 +0000: Memory Usage (435336K) : Executing rule backmetal1_filler_Acute
2026-09-25 05:03:24 +0000: Memory Usage (435336K) : Executing rule backmetal1_nofill_Acute
2026-09-25 05:03:24 +0000: Memory Usage (435336K) : Executing rule backmetal1_slit_Acute
2026-09-25 05:03:24 +0000: Memory Usage (435336K) : Executing rule backmetal1_opc_Acute
2026-09-25 05:03:24 +0000: Memory Usage (435336K) : Executing rule backmetal1_noqrc_Acute
2026-09-25 05:03:24 +0000: Memory Usage (435336K) : Executing rule backmetal1_res_Acute
2026-09-25 05:03:24 +0000: Memory Usage (435336K) : Executing rule backmetal1_iprobe_Acute
2026-09-25 05:03:24 +0000: Memory Usage (435336K) : Executing rule backmetal1_diffprb_Acute
2026-09-25 05:03:24 +0000: Memory Usage (435336K) : Executing rule backpassiv_drw_Acute
2026-09-25 05:03:24 +0000: Memory Usage (435336K) : Executing rule salblock_drw_Acute
2026-09-25 05:03:24 +0000: Memory Usage (435336K) : Executing rule via2_drw_Acute
2026-09-25 05:03:24 +0000: Memory Usage (435336K) : Executing rule metal3_drw_Acute
2026-09-25 05:03:24 +0000: Memory Usage (435336K) : Executing rule metal3_pin_Acute
2026-09-25 05:03:24 +0000: Memory Usage (435336K) : Executing rule metal3_mask_Acute
2026-09-25 05:03:24 +0000: Memory Usage (435336K) : Executing rule metal3_filler_Acute
2026-09-25 05:03:24 +0000: Memory Usage (435336K) : Executing rule metal3_nofill_Acute
2026-09-25 05:03:24 +0000: Memory Usage (435336K) : Executing rule metal3_slit_Acute
2026-09-25 05:03:24 +0000: Memory Usage (435336K) : Executing rule metal3_opc_Acute
2026-09-25 05:03:24 +0000: Memory Usage (435336K) : Executing rule metal3_noqrc_Acute
2026-09-25 05:03:24 +0000: Memory Usage (435336K) : Executing rule metal3_res_Acute
2026-09-25 05:03:24 +0000: Memory Usage (435336K) : Executing rule metal3_iprobe_Acute
2026-09-25 05:03:24 +0000: Memory Usage (435336K) : Executing rule metal3_diffprb_Acute
2026-09-25 05:03:24 +0000: Memory Usage (435336K) : Executing rule nwell_drw_Acute
2026-09-25 05:03:24 +0000: Memory Usage (435336K) : Executing rule nwell_pin_Acute
2026-09-25 05:03:24 +0000: Memory Usage (435336K) : Executing rule nbulay_drw_Acute
2026-09-25 05:03:24 +0000: Memory Usage (435336K) : Executing rule nbulay_pin_Acute
2026-09-25 05:03:24 +0000: Memory Usage (435336K) : Executing rule nbulay_block_Acute
2026-09-25 05:03:24 +0000: Memory Usage (435336K) : Executing rule pwell_drw_Acute
2026-09-25 05:03:24 +0000: Memory Usage (435336K) : Executing rule pwell_pin_Acute
2026-09-25 05:03:24 +0000: Memory Usage (435336K) : Executing rule pwell_block_Acute
2026-09-25 05:03:24 +0000: Memory Usage (435336K) : Executing rule emwind_drw_Acute
2026-09-25 05:03:24 +0000: Memory Usage (435336K) : Executing rule emwind_opc_Acute
2026-09-25 05:03:24 +0000: Memory Usage (435336K) : Executing rule deepco_drw_Acute
2026-09-25 05:03:24 +0000: Memory Usage (435336K) : Executing rule mim_drw_Acute
2026-09-25 05:03:24 +0000: Memory Usage (435336K) : Executing rule substrate_drw_Acute
2026-09-25 05:03:24 +0000: Memory Usage (435336K) : Executing rule ic_drw_Acute
2026-09-25 05:03:24 +0000: Memory Usage (435336K) : Executing rule via3_drw_Acute
2026-09-25 05:03:24 +0000: Memory Usage (435336K) : Executing rule pldb_drw_Acute
2026-09-25 05:03:24 +0000: Memory Usage (435336K) : Executing rule metal4_drw_Acute
2026-09-25 05:03:24 +0000: Memory Usage (435336K) : Executing rule metal4_pin_Acute
2026-09-25 05:03:24 +0000: Memory Usage (435336K) : Executing rule metal4_mask_Acute
2026-09-25 05:03:24 +0000: Memory Usage (435336K) : Executing rule metal4_filler_Acute
2026-09-25 05:03:24 +0000: Memory Usage (435336K) : Executing rule metal4_nofill_Acute
2026-09-25 05:03:24 +0000: Memory Usage (435336K) : Executing rule metal4_slit_Acute
2026-09-25 05:03:24 +0000: Memory Usage (435336K) : Executing rule metal4_opc_Acute
2026-09-25 05:03:24 +0000: Memory Usage (435336K) : Executing rule metal4_noqrc_Acute
2026-09-25 05:03:24 +0000: Memory Usage (435336K) : Executing rule metal4_res_Acute
2026-09-25 05:03:24 +0000: Memory Usage (435336K) : Executing rule metal4_iprobe_Acute
2026-09-25 05:03:24 +0000: Memory Usage (435336K) : Executing rule metal4_diffprb_Acute
2026-09-25 05:03:24 +0000: Memory Usage (435336K) : Executing rule via4_drw_Acute
2026-09-25 05:03:24 +0000: Memory Usage (435336K) : Executing rule metal5_drw_Acute
2026-09-25 05:03:24 +0000: Memory Usage (435336K) : Executing rule metal5_pin_Acute
2026-09-25 05:03:24 +0000: Memory Usage (435336K) : Executing rule metal5_mask_Acute
2026-09-25 05:03:24 +0000: Memory Usage (435336K) : Executing rule metal5_filler_Acute
2026-09-25 05:03:24 +0000: Memory Usage (435336K) : Executing rule metal5_nofill_Acute
2026-09-25 05:03:24 +0000: Memory Usage (435336K) : Executing rule metal5_slit_Acute
2026-09-25 05:03:24 +0000: Memory Usage (435336K) : Executing rule metal5_opc_Acute
2026-09-25 05:03:24 +0000: Memory Usage (435336K) : Executing rule metal5_noqrc_Acute
2026-09-25 05:03:24 +0000: Memory Usage (435336K) : Executing rule metal5_res_Acute
2026-09-25 05:03:24 +0000: Memory Usage (435336K) : Executing rule metal5_iprobe_Acute
2026-09-25 05:03:24 +0000: Memory Usage (435336K) : Executing rule metal5_diffprb_Acute
2026-09-25 05:03:24 +0000: Memory Usage (435336K) : Executing rule prboundary_drw_Acute
2026-09-25 05:03:24 +0000: Memory Usage (435336K) : Executing rule exchange0_drw_Acute
2026-09-25 05:03:24 +0000: Memory Usage (435336K) : Executing rule exchange0_pin_Acute
2026-09-25 05:03:24 +0000: Memory Usage (435336K) : Executing rule exchange1_drw_Acute
2026-09-25 05:03:24 +0000: Memory Usage (435336K) : Executing rule exchange1_pin_Acute
2026-09-25 05:03:24 +0000: Memory Usage (435336K) : Executing rule exchange2_drw_Acute
2026-09-25 05:03:24 +0000: Memory Usage (435336K) : Executing rule exchange2_pin_Acute
2026-09-25 05:03:24 +0000: Memory Usage (435336K) : Executing rule exchange3_drw_Acute
2026-09-25 05:03:24 +0000: Memory Usage (435336K) : Executing rule exchange3_pin_Acute
2026-09-25 05:03:24 +0000: Memory Usage (435336K) : Executing rule exchange4_drw_Acute
2026-09-25 05:03:24 +0000: Memory Usage (435336K) : Executing rule exchange4_pin_Acute
2026-09-25 05:03:24 +0000: Memory Usage (435336K) : Executing rule isonwell_drw_Acute
2026-09-25 05:03:24 +0000: Memory Usage (435336K) : Executing rule thickgateox_drw_Acute
2026-09-25 05:03:24 +0000: Memory Usage (435336K) : Executing rule pempoly_drw_Acute
2026-09-25 05:03:24 +0000: Memory Usage (435336K) : Executing rule fbe_drw_Acute
2026-09-25 05:03:24 +0000: Memory Usage (435336K) : Executing rule empoly_drw_Acute
2026-09-25 05:03:24 +0000: Memory Usage (435336K) : Executing rule ldmos_drw_Acute
2026-09-25 05:03:24 +0000: Memory Usage (435336K) : Executing rule pbiwind_drw_Acute
2026-09-25 05:03:24 +0000: Memory Usage (435336K) : Executing rule colopen_drw_Acute
2026-09-25 05:03:24 +0000: Memory Usage (435336K) : Executing rule extblock_drw_Acute
2026-09-25 05:03:24 +0000: Memory Usage (435336K) : Executing rule nldd_drw_Acute
2026-09-25 05:03:24 +0000: Memory Usage (435336K) : Executing rule pldd_drw_Acute
2026-09-25 05:03:24 +0000: Memory Usage (435336K) : Executing rule next_drw_Acute
2026-09-25 05:03:24 +0000: Memory Usage (435336K) : Executing rule pext_drw_Acute
2026-09-25 05:03:24 +0000: Memory Usage (435336K) : Executing rule nexthv_drw_Acute
2026-09-25 05:03:24 +0000: Memory Usage (435336K) : Executing rule pexthv_drw_Acute
2026-09-25 05:03:24 +0000: Memory Usage (435336K) : Executing rule graphgate_drw_Acute
2026-09-25 05:03:24 +0000: Memory Usage (435336K) : Executing rule mempad_drw_Acute
2026-09-25 05:03:24 +0000: Memory Usage (435336K) : Executing rule topvia1_drw_Acute
2026-09-25 05:03:24 +0000: Memory Usage (435336K) : Executing rule topmetal1_drw_Acute
2026-09-25 05:03:24 +0000: Memory Usage (435336K) : Executing rule topmetal1_pin_Acute
2026-09-25 05:03:24 +0000: Memory Usage (435336K) : Executing rule topmetal1_mask_Acute
2026-09-25 05:03:24 +0000: Memory Usage (435336K) : Executing rule topmetal1_filler_Acute
2026-09-25 05:03:24 +0000: Memory Usage (435336K) : Executing rule topmetal1_nofill_Acute
2026-09-25 05:03:24 +0000: Memory Usage (435336K) : Executing rule topmetal1_slit_Acute
2026-09-25 05:03:24 +0000: Memory Usage (435336K) : Executing rule topmetal1_noqrc_Acute
2026-09-25 05:03:24 +0000: Memory Usage (435336K) : Executing rule topmetal1_res_Acute
2026-09-25 05:03:24 +0000: Memory Usage (435336K) : Executing rule topmetal1_iprobe_Acute
2026-09-25 05:03:24 +0000: Memory Usage (435336K) : Executing rule topmetal1_diffprb_Acute
2026-09-25 05:03:24 +0000: Memory Usage (435336K) : Executing rule inldpwl_drw_Acute
2026-09-25 05:03:24 +0000: Memory Usage (435336K) : Executing rule polyres_drw_Acute
2026-09-25 05:03:24 +0000: Memory Usage (435336K) : Executing rule polyres_pin_Acute
2026-09-25 05:03:24 +0000: Memory Usage (435336K) : Executing rule vmim_drw_Acute
2026-09-25 05:03:24 +0000: Memory Usage (435336K) : Executing rule nbulaycut_drw_Acute
2026-09-25 05:03:24 +0000: Memory Usage (435336K) : Executing rule antmetal1_drw_Acute
2026-09-25 05:03:24 +0000: Memory Usage (435336K) : Executing rule topvia2_drw_Acute
2026-09-25 05:03:24 +0000: Memory Usage (435336K) : Executing rule topmetal2_drw_Acute
2026-09-25 05:03:24 +0000: Memory Usage (435336K) : Executing rule topmetal2_pin_Acute
2026-09-25 05:03:24 +0000: Memory Usage (435336K) : Executing rule topmetal2_mask_Acute
2026-09-25 05:03:24 +0000: Memory Usage (435336K) : Executing rule topmetal2_filler_Acute
2026-09-25 05:03:24 +0000: Memory Usage (435336K) : Executing rule topmetal2_nofill_Acute
2026-09-25 05:03:24 +0000: Memory Usage (435336K) : Executing rule topmetal2_slit_Acute
2026-09-25 05:03:24 +0000: Memory Usage (435336K) : Executing rule topmetal2_noqrc_Acute
2026-09-25 05:03:24 +0000: Memory Usage (435336K) : Executing rule topmetal2_res_Acute
2026-09-25 05:03:24 +0000: Memory Usage (435336K) : Executing rule topmetal2_iprobe_Acute
2026-09-25 05:03:24 +0000: Memory Usage (435336K) : Executing rule topmetal2_diffprb_Acute
2026-09-25 05:03:24 +0000: Memory Usage (435336K) : Executing rule snsring_drw_Acute
2026-09-25 05:03:24 +0000: Memory Usage (435336K) : Executing rule sensor_drw_Acute
2026-09-25 05:03:24 +0000: Memory Usage (435336K) : Executing rule snsarms_drw_Acute
2026-09-25 05:03:24 +0000: Memory Usage (435336K) : Executing rule snscmosvia_drw_Acute
2026-09-25 05:03:24 +0000: Memory Usage (435336K) : Executing rule colwind_drw_Acute
2026-09-25 05:03:24 +0000: Memory Usage (435336K) : Executing rule flm_drw_Acute
2026-09-25 05:03:24 +0000: Memory Usage (435336K) : Executing rule hafniumox_drw_Acute
2026-09-25 05:03:24 +0000: Memory Usage (435336K) : Executing rule memvia_drw_Acute
2026-09-25 05:03:24 +0000: Memory Usage (435336K) : Executing rule thinfilmres_drw_Acute
2026-09-25 05:03:24 +0000: Memory Usage (435336K) : Executing rule rfmem_drw_Acute
2026-09-25 05:03:24 +0000: Memory Usage (435336K) : Executing rule snsbotvia_drw_Acute
2026-09-25 05:03:24 +0000: Memory Usage (435336K) : Executing rule snstopvia_drw_Acute
2026-09-25 05:03:24 +0000: Memory Usage (435336K) : Executing rule deepvia_drw_Acute
2026-09-25 05:03:24 +0000: Memory Usage (435336K) : Executing rule fgetch_drw_Acute
2026-09-25 05:03:24 +0000: Memory Usage (435336K) : Executing rule ctrgat_drw_Acute
2026-09-25 05:03:24 +0000: Memory Usage (435336K) : Executing rule fgimp_drw_Acute
2026-09-25 05:03:24 +0000: Memory Usage (435336K) : Executing rule emwihv_drw_Acute
2026-09-25 05:03:24 +0000: Memory Usage (435336K) : Executing rule lbe_drw_Acute
2026-09-25 05:03:24 +0000: Memory Usage (435336K) : Executing rule alcustop_drw_Acute
2026-09-25 05:03:24 +0000: Memory Usage (435336K) : Executing rule cont_drw_Angle90
2026-09-25 05:03:24 +0000: Memory Usage (435592K) : Executing rule via1_drw_Angle90
2026-09-25 05:03:24 +0000: Memory Usage (435332K) : Executing rule via2_drw_Angle90
2026-09-25 05:03:24 +0000: Memory Usage (435332K) : Executing rule via3_drw_Angle90
2026-09-25 05:03:24 +0000: Memory Usage (435332K) : Executing rule via4_drw_Angle90
2026-09-25 05:03:24 +0000: Memory Usage (435332K) : Executing rule vmim_drw_Angle90
2026-09-25 05:03:24 +0000: Memory Usage (435332K) : Executing rule topvia1_drw_Angle90
2026-09-25 05:03:24 +0000: Memory Usage (435332K) : Executing rule topvia2_drw_Angle90
2026-09-25 05:03:24 +0000: Memory Usage (435332K) : Executing rule gatpoly_drw_Angle45
2026-09-25 05:03:24 +0000: Memory Usage (435332K) : Executing rule activ_drw_Angle45
2026-09-25 05:03:24 +0000: Memory Usage (435588K) : Executing rule metal1_drw_Angle45
2026-09-25 05:03:24 +0000: Memory Usage (435588K) : Executing rule metal2_drw_Angle45
2026-09-25 05:03:24 +0000: Memory Usage (435844K) : Executing rule metal3_drw_Angle45
2026-09-25 05:03:24 +0000: Memory Usage (435844K) : Executing rule metal4_drw_Angle45
2026-09-25 05:03:24 +0000: Memory Usage (435844K) : Executing rule metal5_drw_Angle45
2026-09-25 05:03:24 +0000: Memory Usage (435844K) : Executing rule topmetal1_drw_Angle45
2026-09-25 05:03:24 +0000: Memory Usage (435844K) : Executing rule topmetal2_drw_Angle45
2026-09-25 05:03:24 +0000: Memory Usage (435844K) : Starting 3.2. FORBIDDEN table
2026-09-25 05:03:24 +0000: Memory Usage (435844K) : Executing rule forbidden.biwind
2026-09-25 05:03:24 +0000: Memory Usage (435844K) : Executing rule forbidden.pemwind
2026-09-25 05:03:24 +0000: Memory Usage (435844K) : Executing rule forbidden.baspoly
2026-09-25 05:03:24 +0000: Memory Usage (435844K) : Executing rule forbidden.deepco
2026-09-25 05:03:24 +0000: Memory Usage (435844K) : Executing rule forbidden.pempoly
2026-09-25 05:03:24 +0000: Memory Usage (435844K) : Executing rule forbidden.empoly
2026-09-25 05:03:24 +0000: Memory Usage (435844K) : Executing rule forbidden.ldmos
2026-09-25 05:03:24 +0000: Memory Usage (435844K) : Executing rule forbidden.pbiwind
2026-09-25 05:03:24 +0000: Memory Usage (435844K) : Executing rule forbidden.nodrc
2026-09-25 05:03:24 +0000: Memory Usage (435844K) : Executing rule forbidden.flash
2026-09-25 05:03:24 +0000: Memory Usage (435844K) : Executing rule forbidden.colwind
2026-09-25 05:03:24 +0000: Memory Usage (435844K) : KLayout DRC run for tables 'main' completed in 2.17 seconds
