25-Sep-2026 04:37:58 | INFO    | KLayout version detected: 0.30.0
25-Sep-2026 04:37:58 | INFO    | Using DRC JSON file: /pdk/libs.tech/klayout/python/sg13g2_pycell_lib/sg13g2_tech_mod.json
25-Sep-2026 04:37:58 | INFO    | Running IHP-SG13G2 main checks on design /work/gain-3t-allthick-l45n-t2f-nomark.gds, topcell: ARRAY_3T_allthick_L45n
2026-09-25 04:37:59 +0000: Memory Usage (417056K) : Starting running IHP-SG13G2 KLayout DRC runset on /work/gain-3t-allthick-l45n-t2f-nomark.gds
2026-09-25 04:37:59 +0000: Memory Usage (417056K) : Ruby Version for klayout: 3.3.8
2026-09-25 04:37:59 +0000: Memory Usage (418416K) : Loading database to memory is complete.
2026-09-25 04:37:59 +0000: Memory Usage (418416K) : IHP-SG13G2 KLayout DRC runset output at: /work/gain-3t-allthick-l45n-t2f-nomark-main/gain-3t-allthick-l45n-t2f-nomark_ARRAY_3T_allthick_L45n_main.lyrdb
2026-09-25 04:37:59 +0000: Memory Usage (418416K) : Evaluate switches.
2026-09-25 04:37:59 +0000: Memory Usage (418416K) : tables selected: main
2026-09-25 04:37:59 +0000: Memory Usage (418416K) : KLayout will use 32 thread(s) in tiling mode.
2026-09-25 04:37:59 +0000: Memory Usage (418416K) : flat mode is enabled.
2026-09-25 04:37:59 +0000: Memory Usage (418416K) : FEOL enabled: true
2026-09-25 04:37:59 +0000: Memory Usage (418416K) : BEOL enabled: true
2026-09-25 04:37:59 +0000: Memory Usage (418416K) : OFFGRID enabled: true
2026-09-25 04:37:59 +0000: Memory Usage (418416K) : PIN enabled: true
2026-09-25 04:37:59 +0000: Memory Usage (418416K) : FORBIDDEN enabled: true
2026-09-25 04:37:59 +0000: Memory Usage (418416K) : RECOMMENDED enabled: true
2026-09-25 04:37:59 +0000: Memory Usage (418416K) : PreCheck DRC enabled: false
2026-09-25 04:37:59 +0000: Memory Usage (418416K) : CONNECTIVITY_RULES enabled: true.
2026-09-25 04:37:59 +0000: Memory Usage (418416K) : Read in polygons from layers.
2026-09-25 04:37:59 +0000: Memory Usage (419696K) : activ_drw has 19 polygons
2026-09-25 04:37:59 +0000: Memory Usage (419696K) : activ_pin has 0 polygons
2026-09-25 04:37:59 +0000: Memory Usage (419696K) : activ_mask has 0 polygons
2026-09-25 04:37:59 +0000: Memory Usage (419696K) : activ_filler has 0 polygons
2026-09-25 04:37:59 +0000: Memory Usage (419696K) : activ_nofill has 0 polygons
2026-09-25 04:37:59 +0000: Memory Usage (419696K) : activ_opc has 0 polygons
2026-09-25 04:37:59 +0000: Memory Usage (419696K) : activ_iopc has 0 polygons
2026-09-25 04:37:59 +0000: Memory Usage (419696K) : activ_noqrc has 0 polygons
2026-09-25 04:37:59 +0000: Memory Usage (419696K) : biwind_drw has 0 polygons
2026-09-25 04:37:59 +0000: Memory Usage (419696K) : biwind_opc has 0 polygons
2026-09-25 04:37:59 +0000: Memory Usage (419696K) : pemwind_drw has 0 polygons
2026-09-25 04:37:59 +0000: Memory Usage (419696K) : gatpoly_drw has 40 polygons
2026-09-25 04:37:59 +0000: Memory Usage (419696K) : gatpoly_pin has 0 polygons
2026-09-25 04:37:59 +0000: Memory Usage (419696K) : gatpoly_filler has 0 polygons
2026-09-25 04:37:59 +0000: Memory Usage (419696K) : gatpoly_nofill has 0 polygons
2026-09-25 04:37:59 +0000: Memory Usage (419696K) : gatpoly_opc has 0 polygons
2026-09-25 04:37:59 +0000: Memory Usage (419696K) : gatpoly_iopc has 0 polygons
2026-09-25 04:37:59 +0000: Memory Usage (419696K) : gatpoly_noqrc has 0 polygons
2026-09-25 04:37:59 +0000: Memory Usage (419696K) : cont_drw has 108 polygons
2026-09-25 04:37:59 +0000: Memory Usage (419696K) : cont_opc has 0 polygons
2026-09-25 04:37:59 +0000: Memory Usage (419696K) : nsd_drw has 0 polygons
2026-09-25 04:37:59 +0000: Memory Usage (419952K) : nsd_block has 0 polygons
2026-09-25 04:37:59 +0000: Memory Usage (419952K) : metal1_drw has 76 polygons
2026-09-25 04:37:59 +0000: Memory Usage (419952K) : metal1_pin has 0 polygons
2026-09-25 04:37:59 +0000: Memory Usage (419952K) : metal1_mask has 0 polygons
2026-09-25 04:37:59 +0000: Memory Usage (420208K) : metal1_filler has 0 polygons
2026-09-25 04:37:59 +0000: Memory Usage (420208K) : metal1_nofill has 0 polygons
2026-09-25 04:37:59 +0000: Memory Usage (420208K) : metal1_slit has 0 polygons
2026-09-25 04:37:59 +0000: Memory Usage (420208K) : metal1_text has 0 polygons
2026-09-25 04:37:59 +0000: Memory Usage (420464K) : metal1_opc has 0 polygons
2026-09-25 04:37:59 +0000: Memory Usage (420464K) : metal1_noqrc has 0 polygons
2026-09-25 04:37:59 +0000: Memory Usage (420720K) : metal1_res has 0 polygons
2026-09-25 04:37:59 +0000: Memory Usage (420720K) : metal1_iprobe has 0 polygons
2026-09-25 04:37:59 +0000: Memory Usage (420720K) : metal1_diffprb has 0 polygons
2026-09-25 04:37:59 +0000: Memory Usage (420720K) : passiv_drw has 0 polygons
2026-09-25 04:37:59 +0000: Memory Usage (420976K) : passiv_pin has 0 polygons
2026-09-25 04:37:59 +0000: Memory Usage (420976K) : passiv_sbump has 0 polygons
2026-09-25 04:37:59 +0000: Memory Usage (420976K) : passiv_pillar has 0 polygons
2026-09-25 04:37:59 +0000: Memory Usage (420976K) : passiv_pdl has 0 polygons
2026-09-25 04:37:59 +0000: Memory Usage (420976K) : metal2_drw has 17 polygons
2026-09-25 04:37:59 +0000: Memory Usage (421232K) : metal2_pin has 0 polygons
2026-09-25 04:37:59 +0000: Memory Usage (421232K) : metal2_mask has 0 polygons
2026-09-25 04:37:59 +0000: Memory Usage (421232K) : metal2_filler has 0 polygons
2026-09-25 04:37:59 +0000: Memory Usage (421488K) : metal2_nofill has 0 polygons
2026-09-25 04:37:59 +0000: Memory Usage (421488K) : metal2_slit has 0 polygons
2026-09-25 04:37:59 +0000: Memory Usage (421488K) : metal2_text has 0 polygons
2026-09-25 04:37:59 +0000: Memory Usage (421744K) : metal2_opc has 0 polygons
2026-09-25 04:37:59 +0000: Memory Usage (421744K) : metal2_noqrc has 0 polygons
2026-09-25 04:37:59 +0000: Memory Usage (421744K) : metal2_res has 0 polygons
2026-09-25 04:37:59 +0000: Memory Usage (422000K) : metal2_iprobe has 0 polygons
2026-09-25 04:37:59 +0000: Memory Usage (422000K) : metal2_diffprb has 0 polygons
2026-09-25 04:37:59 +0000: Memory Usage (422000K) : baspoly_drw has 0 polygons
2026-09-25 04:37:59 +0000: Memory Usage (422000K) : baspoly_pin has 0 polygons
2026-09-25 04:37:59 +0000: Memory Usage (422256K) : psd_drw has 4 polygons
2026-09-25 04:37:59 +0000: Memory Usage (422256K) : nldb_drw has 0 polygons
2026-09-25 04:37:59 +0000: Memory Usage (422256K) : digibnd_drw has 0 polygons
2026-09-25 04:37:59 +0000: Memory Usage (422512K) : via1_drw has 44 polygons
2026-09-25 04:37:59 +0000: Memory Usage (422512K) : backmetal1_drw has 0 polygons
2026-09-25 04:37:59 +0000: Memory Usage (422512K) : backmetal1_pin has 0 polygons
2026-09-25 04:37:59 +0000: Memory Usage (422512K) : backmetal1_mask has 0 polygons
2026-09-25 04:37:59 +0000: Memory Usage (422512K) : backmetal1_filler has 0 polygons
2026-09-25 04:37:59 +0000: Memory Usage (422768K) : backmetal1_nofill has 0 polygons
2026-09-25 04:37:59 +0000: Memory Usage (422768K) : backmetal1_slit has 0 polygons
2026-09-25 04:37:59 +0000: Memory Usage (422768K) : backmetal1_text has 0 polygons
2026-09-25 04:37:59 +0000: Memory Usage (422768K) : backmetal1_opc has 0 polygons
2026-09-25 04:37:59 +0000: Memory Usage (423024K) : backmetal1_noqrc has 0 polygons
2026-09-25 04:37:59 +0000: Memory Usage (423024K) : backmetal1_res has 0 polygons
2026-09-25 04:37:59 +0000: Memory Usage (423024K) : backmetal1_iprobe has 0 polygons
2026-09-25 04:37:59 +0000: Memory Usage (423024K) : backmetal1_diffprb has 0 polygons
2026-09-25 04:37:59 +0000: Memory Usage (423024K) : backpassiv_drw has 0 polygons
2026-09-25 04:37:59 +0000: Memory Usage (423024K) : res_drw has 0 polygons
2026-09-25 04:37:59 +0000: Memory Usage (423280K) : sram_drw has 0 polygons
2026-09-25 04:37:59 +0000: Memory Usage (423280K) : trans_drw has 0 polygons
2026-09-25 04:37:59 +0000: Memory Usage (423280K) : ind_drw has 0 polygons
2026-09-25 04:37:59 +0000: Memory Usage (423536K) : ind_pin has 0 polygons
2026-09-25 04:37:59 +0000: Memory Usage (423536K) : ind_text has 0 polygons
2026-09-25 04:37:59 +0000: Memory Usage (423536K) : salblock_drw has 0 polygons
2026-09-25 04:37:59 +0000: Memory Usage (423792K) : via2_drw has 0 polygons
2026-09-25 04:37:59 +0000: Memory Usage (423792K) : metal3_drw has 0 polygons
2026-09-25 04:37:59 +0000: Memory Usage (423792K) : metal3_pin has 0 polygons
2026-09-25 04:37:59 +0000: Memory Usage (424048K) : metal3_mask has 0 polygons
2026-09-25 04:37:59 +0000: Memory Usage (424048K) : metal3_filler has 0 polygons
2026-09-25 04:37:59 +0000: Memory Usage (424304K) : metal3_nofill has 0 polygons
2026-09-25 04:37:59 +0000: Memory Usage (424304K) : metal3_slit has 0 polygons
2026-09-25 04:37:59 +0000: Memory Usage (424304K) : metal3_text has 0 polygons
2026-09-25 04:37:59 +0000: Memory Usage (424560K) : metal3_opc has 0 polygons
2026-09-25 04:37:59 +0000: Memory Usage (424560K) : metal3_noqrc has 0 polygons
2026-09-25 04:37:59 +0000: Memory Usage (424560K) : metal3_res has 0 polygons
2026-09-25 04:37:59 +0000: Memory Usage (424560K) : metal3_iprobe has 0 polygons
2026-09-25 04:37:59 +0000: Memory Usage (424560K) : metal3_diffprb has 0 polygons
2026-09-25 04:37:59 +0000: Memory Usage (424560K) : nwell_drw has 0 polygons
2026-09-25 04:37:59 +0000: Memory Usage (424560K) : nwell_pin has 0 polygons
2026-09-25 04:37:59 +0000: Memory Usage (424560K) : nbulay_drw has 0 polygons
2026-09-25 04:37:59 +0000: Memory Usage (424560K) : nbulay_pin has 0 polygons
2026-09-25 04:37:59 +0000: Memory Usage (424560K) : nbulay_block has 0 polygons
2026-09-25 04:37:59 +0000: Memory Usage (424560K) : emwind_drw has 0 polygons
2026-09-25 04:37:59 +0000: Memory Usage (424560K) : emwind_opc has 0 polygons
2026-09-25 04:37:59 +0000: Memory Usage (424560K) : deepco_drw has 0 polygons
2026-09-25 04:37:59 +0000: Memory Usage (424560K) : deepco_drw has 0 polygons
2026-09-25 04:37:59 +0000: Memory Usage (424560K) : mim_drw has 0 polygons
2026-09-25 04:37:59 +0000: Memory Usage (424560K) : edgeseal_drw has 0 polygons
2026-09-25 04:37:59 +0000: Memory Usage (424560K) : edgeseal_bound has 0 polygons
2026-09-25 04:37:59 +0000: Memory Usage (424560K) : substrate_drw has 0 polygons
2026-09-25 04:37:59 +0000: Memory Usage (424560K) : substrate_text has 0 polygons
2026-09-25 04:37:59 +0000: Memory Usage (424560K) : dfpad_drw has 0 polygons
2026-09-25 04:37:59 +0000: Memory Usage (424560K) : dfpad_pillar has 0 polygons
2026-09-25 04:37:59 +0000: Memory Usage (424560K) : dfpad_sbump has 0 polygons
2026-09-25 04:37:59 +0000: Memory Usage (424560K) : thickgateox_drw has 1 polygons
2026-09-25 04:37:59 +0000: Memory Usage (424560K) : pldb_drw has 0 polygons
2026-09-25 04:37:59 +0000: Memory Usage (424560K) : pwell_drw has 0 polygons
2026-09-25 04:37:59 +0000: Memory Usage (424560K) : pwell_pin has 0 polygons
2026-09-25 04:37:59 +0000: Memory Usage (424560K) : pwell_block has 0 polygons
2026-09-25 04:37:59 +0000: Memory Usage (424560K) : ic_drw has 0 polygons
2026-09-25 04:37:59 +0000: Memory Usage (424560K) : via3_drw has 0 polygons
2026-09-25 04:37:59 +0000: Memory Usage (424560K) : metal4_drw has 0 polygons
2026-09-25 04:37:59 +0000: Memory Usage (424560K) : metal4_pin has 0 polygons
2026-09-25 04:37:59 +0000: Memory Usage (424560K) : metal4_mask has 0 polygons
2026-09-25 04:37:59 +0000: Memory Usage (424560K) : metal4_filler has 0 polygons
2026-09-25 04:37:59 +0000: Memory Usage (424560K) : metal4_nofill has 0 polygons
2026-09-25 04:37:59 +0000: Memory Usage (424560K) : metal4_slit has 0 polygons
2026-09-25 04:37:59 +0000: Memory Usage (424560K) : metal4_text has 0 polygons
2026-09-25 04:37:59 +0000: Memory Usage (424560K) : metal4_opc has 0 polygons
2026-09-25 04:37:59 +0000: Memory Usage (424560K) : metal4_noqrc has 0 polygons
2026-09-25 04:37:59 +0000: Memory Usage (424816K) : metal4_res has 0 polygons
2026-09-25 04:37:59 +0000: Memory Usage (424816K) : metal4_iprobe has 0 polygons
2026-09-25 04:37:59 +0000: Memory Usage (424816K) : metal4_diffprb has 0 polygons
2026-09-25 04:37:59 +0000: Memory Usage (425072K) : heattrans_drw has 0 polygons
2026-09-25 04:37:59 +0000: Memory Usage (425072K) : heatres_drw has 0 polygons
2026-09-25 04:37:59 +0000: Memory Usage (425328K) : pempoly_drw has 0 polygons
2026-09-25 04:37:59 +0000: Memory Usage (425328K) : fbe_drw has 0 polygons
2026-09-25 04:37:59 +0000: Memory Usage (425328K) : empoly_drw has 0 polygons
2026-09-25 04:37:59 +0000: Memory Usage (425584K) : ldmos_drw has 0 polygons
2026-09-25 04:37:59 +0000: Memory Usage (425584K) : pbiwind_drw has 0 polygons
2026-09-25 04:37:59 +0000: Memory Usage (425840K) : digisub_drw has 0 polygons
2026-09-25 04:37:59 +0000: Memory Usage (425840K) : nodrc_drw has 0 polygons
2026-09-25 04:37:59 +0000: Memory Usage (425840K) : text_drw has 0 polygons
2026-09-25 04:37:59 +0000: Memory Usage (425840K) : via4_drw has 0 polygons
2026-09-25 04:37:59 +0000: Memory Usage (426096K) : metal5_drw has 0 polygons
2026-09-25 04:37:59 +0000: Memory Usage (426096K) : metal5_pin has 0 polygons
2026-09-25 04:37:59 +0000: Memory Usage (426352K) : metal5_mask has 0 polygons
2026-09-25 04:37:59 +0000: Memory Usage (426352K) : metal5_filler has 0 polygons
2026-09-25 04:37:59 +0000: Memory Usage (426352K) : metal5_nofill has 0 polygons
2026-09-25 04:37:59 +0000: Memory Usage (426608K) : metal5_slit has 0 polygons
2026-09-25 04:37:59 +0000: Memory Usage (426608K) : metal5_text has 0 polygons
2026-09-25 04:37:59 +0000: Memory Usage (426608K) : metal5_opc has 0 polygons
2026-09-25 04:37:59 +0000: Memory Usage (426608K) : metal5_noqrc has 0 polygons
2026-09-25 04:37:59 +0000: Memory Usage (426608K) : metal5_res has 0 polygons
2026-09-25 04:37:59 +0000: Memory Usage (426608K) : metal5_iprobe has 0 polygons
2026-09-25 04:37:59 +0000: Memory Usage (426608K) : metal5_diffprb has 0 polygons
2026-09-25 04:37:59 +0000: Memory Usage (426608K) : radhard_drw has 0 polygons
2026-09-25 04:37:59 +0000: Memory Usage (426608K) : memcap_drw has 0 polygons
2026-09-25 04:37:59 +0000: Memory Usage (426608K) : varicap_drw has 0 polygons
2026-09-25 04:37:59 +0000: Memory Usage (426608K) : flash_drw has 0 polygons
2026-09-25 04:37:59 +0000: Memory Usage (426608K) : intbondvia_drw has 0 polygons
2026-09-25 04:37:59 +0000: Memory Usage (426608K) : intbondmet_drw has 0 polygons
2026-09-25 04:37:59 +0000: Memory Usage (426608K) : devbondvia_drw has 0 polygons
2026-09-25 04:37:59 +0000: Memory Usage (426608K) : devbondmet_drw has 0 polygons
2026-09-25 04:37:59 +0000: Memory Usage (426608K) : devtrench_drw has 0 polygons
2026-09-25 04:37:59 +0000: Memory Usage (426608K) : redist_drw has 0 polygons
2026-09-25 04:37:59 +0000: Memory Usage (426608K) : graphbot_drw has 0 polygons
2026-09-25 04:37:59 +0000: Memory Usage (426608K) : graphtop_drw has 0 polygons
2026-09-25 04:37:59 +0000: Memory Usage (426608K) : antvia1_drw has 0 polygons
2026-09-25 04:37:59 +0000: Memory Usage (426608K) : antmetal2_drw has 0 polygons
2026-09-25 04:37:59 +0000: Memory Usage (426608K) : graphcont_drw has 0 polygons
2026-09-25 04:37:59 +0000: Memory Usage (426608K) : siwg_drw has 0 polygons
2026-09-25 04:37:59 +0000: Memory Usage (426608K) : siwg_filler has 0 polygons
2026-09-25 04:37:59 +0000: Memory Usage (426608K) : siwg_nofill has 0 polygons
2026-09-25 04:37:59 +0000: Memory Usage (426608K) : sigrating_drw has 0 polygons
2026-09-25 04:37:59 +0000: Memory Usage (426608K) : singrating_drw has 0 polygons
2026-09-25 04:37:59 +0000: Memory Usage (426608K) : graphpas_drw has 0 polygons
2026-09-25 04:37:59 +0000: Memory Usage (426608K) : emwind3_drw has 0 polygons
2026-09-25 04:37:59 +0000: Memory Usage (426608K) : emwihv3_drw has 0 polygons
2026-09-25 04:37:59 +0000: Memory Usage (426608K) : redbulay_drw has 0 polygons
2026-09-25 04:37:59 +0000: Memory Usage (426608K) : smos_drw has 0 polygons
2026-09-25 04:37:59 +0000: Memory Usage (426608K) : graphpad_drw has 0 polygons
2026-09-25 04:37:59 +0000: Memory Usage (426608K) : polimide_drw has 0 polygons
2026-09-25 04:37:59 +0000: Memory Usage (426608K) : polimide_pin has 0 polygons
2026-09-25 04:37:59 +0000: Memory Usage (426608K) : recog_drw has 0 polygons
2026-09-25 04:37:59 +0000: Memory Usage (426608K) : recog_pin has 0 polygons
2026-09-25 04:37:59 +0000: Memory Usage (426608K) : recog_esd has 0 polygons
2026-09-25 04:37:59 +0000: Memory Usage (426608K) : recog_diode has 0 polygons
2026-09-25 04:37:59 +0000: Memory Usage (426608K) : recog_tsv has 0 polygons
2026-09-25 04:37:59 +0000: Memory Usage (426608K) : recog_iprobe has 0 polygons
2026-09-25 04:37:59 +0000: Memory Usage (426608K) : recog_diffprb has 0 polygons
2026-09-25 04:37:59 +0000: Memory Usage (426608K) : recog_pillar has 0 polygons
2026-09-25 04:37:59 +0000: Memory Usage (426608K) : recog_sbump has 0 polygons
2026-09-25 04:37:59 +0000: Memory Usage (426608K) : recog_otp has 0 polygons
2026-09-25 04:37:59 +0000: Memory Usage (426608K) : recog_pdiode has 0 polygons
2026-09-25 04:37:59 +0000: Memory Usage (426608K) : recog_mom has 0 polygons
2026-09-25 04:37:59 +0000: Memory Usage (426608K) : recog_pcm has 0 polygons
2026-09-25 04:37:59 +0000: Memory Usage (426608K) : colopen_drw has 0 polygons
2026-09-25 04:37:59 +0000: Memory Usage (426608K) : graphmetal1_drw has 0 polygons
2026-09-25 04:37:59 +0000: Memory Usage (426608K) : graphmetal1_filler has 0 polygons
2026-09-25 04:37:59 +0000: Memory Usage (426608K) : graphmetal1_nofill has 0 polygons
2026-09-25 04:37:59 +0000: Memory Usage (426608K) : graphmetal1_slit has 0 polygons
2026-09-25 04:37:59 +0000: Memory Usage (426608K) : graphmetal1_opc has 0 polygons
2026-09-25 04:37:59 +0000: Memory Usage (426608K) : graphmet1l_drw has 0 polygons
2026-09-25 04:37:59 +0000: Memory Usage (426608K) : graphmet1l_filler has 0 polygons
2026-09-25 04:37:59 +0000: Memory Usage (426608K) : graphmet1l_nofill has 0 polygons
2026-09-25 04:37:59 +0000: Memory Usage (426608K) : graphmet1l_slit has 0 polygons
2026-09-25 04:37:59 +0000: Memory Usage (426608K) : graphmet1l_opc has 0 polygons
2026-09-25 04:37:59 +0000: Memory Usage (426608K) : extblock_drw has 0 polygons
2026-09-25 04:37:59 +0000: Memory Usage (426608K) : nldd_drw has 0 polygons
2026-09-25 04:37:59 +0000: Memory Usage (426608K) : pldd_drw has 0 polygons
2026-09-25 04:37:59 +0000: Memory Usage (426608K) : next_drw has 0 polygons
2026-09-25 04:37:59 +0000: Memory Usage (426608K) : pext_drw has 0 polygons
2026-09-25 04:37:59 +0000: Memory Usage (426608K) : nexthv_drw has 0 polygons
2026-09-25 04:37:59 +0000: Memory Usage (426608K) : pexthv_drw has 0 polygons
2026-09-25 04:37:59 +0000: Memory Usage (426608K) : graphgate_drw has 0 polygons
2026-09-25 04:37:59 +0000: Memory Usage (426608K) : sinwg_drw has 0 polygons
2026-09-25 04:37:59 +0000: Memory Usage (426608K) : sinwg_filler has 0 polygons
2026-09-25 04:37:59 +0000: Memory Usage (426608K) : sinwg_nofill has 0 polygons
2026-09-25 04:37:59 +0000: Memory Usage (426608K) : mempad_drw has 0 polygons
2026-09-25 04:37:59 +0000: Memory Usage (426608K) : topvia1_drw has 0 polygons
2026-09-25 04:37:59 +0000: Memory Usage (426608K) : topmetal1_drw has 0 polygons
2026-09-25 04:37:59 +0000: Memory Usage (426608K) : topmetal1_pin has 0 polygons
2026-09-25 04:37:59 +0000: Memory Usage (426608K) : topmetal1_mask has 0 polygons
2026-09-25 04:37:59 +0000: Memory Usage (426608K) : topmetal1_filler has 0 polygons
2026-09-25 04:37:59 +0000: Memory Usage (426608K) : topmetal1_nofill has 0 polygons
2026-09-25 04:37:59 +0000: Memory Usage (426608K) : topmetal1_slit has 0 polygons
2026-09-25 04:37:59 +0000: Memory Usage (426608K) : topmetal1_text has 0 polygons
2026-09-25 04:37:59 +0000: Memory Usage (426608K) : topmetal1_noqrc has 0 polygons
2026-09-25 04:37:59 +0000: Memory Usage (426608K) : topmetal1_res has 0 polygons
2026-09-25 04:37:59 +0000: Memory Usage (426608K) : topmetal1_iprobe has 0 polygons
2026-09-25 04:37:59 +0000: Memory Usage (426608K) : topmetal1_diffprb has 0 polygons
2026-09-25 04:37:59 +0000: Memory Usage (426608K) : inldpwl_drw has 0 polygons
2026-09-25 04:37:59 +0000: Memory Usage (426608K) : polyres_drw has 0 polygons
2026-09-25 04:37:59 +0000: Memory Usage (426608K) : polyres_pin has 0 polygons
2026-09-25 04:37:59 +0000: Memory Usage (426608K) : vmim_drw has 0 polygons
2026-09-25 04:37:59 +0000: Memory Usage (426608K) : nbulaycut_drw has 0 polygons
2026-09-25 04:37:59 +0000: Memory Usage (426608K) : antmetal1_drw has 0 polygons
2026-09-25 04:37:59 +0000: Memory Usage (426608K) : topvia2_drw has 0 polygons
2026-09-25 04:37:59 +0000: Memory Usage (426864K) : topmetal2_drw has 0 polygons
2026-09-25 04:37:59 +0000: Memory Usage (426864K) : topmetal2_pin has 0 polygons
2026-09-25 04:37:59 +0000: Memory Usage (426864K) : topmetal2_mask has 0 polygons
2026-09-25 04:37:59 +0000: Memory Usage (426864K) : topmetal2_filler has 0 polygons
2026-09-25 04:37:59 +0000: Memory Usage (426864K) : topmetal2_nofill has 0 polygons
2026-09-25 04:37:59 +0000: Memory Usage (426864K) : topmetal2_slit has 0 polygons
2026-09-25 04:37:59 +0000: Memory Usage (426864K) : topmetal2_text has 0 polygons
2026-09-25 04:37:59 +0000: Memory Usage (426864K) : topmetal2_noqrc has 0 polygons
2026-09-25 04:37:59 +0000: Memory Usage (426864K) : topmetal2_res has 0 polygons
2026-09-25 04:37:59 +0000: Memory Usage (426864K) : topmetal2_iprobe has 0 polygons
2026-09-25 04:37:59 +0000: Memory Usage (426864K) : topmetal2_diffprb has 0 polygons
2026-09-25 04:37:59 +0000: Memory Usage (426864K) : snsring_drw has 0 polygons
2026-09-25 04:37:59 +0000: Memory Usage (426864K) : sensor_drw has 0 polygons
2026-09-25 04:37:59 +0000: Memory Usage (426864K) : snsarms_drw has 0 polygons
2026-09-25 04:37:59 +0000: Memory Usage (426864K) : snscmosvia_drw has 0 polygons
2026-09-25 04:37:59 +0000: Memory Usage (426864K) : colwind_drw has 0 polygons
2026-09-25 04:37:59 +0000: Memory Usage (426864K) : flm_drw has 0 polygons
2026-09-25 04:37:59 +0000: Memory Usage (426864K) : hafniumox_drw has 0 polygons
2026-09-25 04:37:59 +0000: Memory Usage (426864K) : memvia_drw has 0 polygons
2026-09-25 04:37:59 +0000: Memory Usage (426864K) : thinfilmres_drw has 0 polygons
2026-09-25 04:37:59 +0000: Memory Usage (426864K) : rfmem_drw has 0 polygons
2026-09-25 04:37:59 +0000: Memory Usage (426864K) : norcx_drw has 0 polygons
2026-09-25 04:37:59 +0000: Memory Usage (426864K) : norcx_m2m3 has 0 polygons
2026-09-25 04:37:59 +0000: Memory Usage (426864K) : norcx_m2m4 has 0 polygons
2026-09-25 04:37:59 +0000: Memory Usage (426864K) : norcx_m2m5 has 0 polygons
2026-09-25 04:37:59 +0000: Memory Usage (426864K) : norcx_m2tm1 has 0 polygons
2026-09-25 04:37:59 +0000: Memory Usage (426864K) : norcx_m2tm2 has 0 polygons
2026-09-25 04:37:59 +0000: Memory Usage (426864K) : norcx_m3m4 has 0 polygons
2026-09-25 04:37:59 +0000: Memory Usage (426864K) : norcx_m3m5 has 0 polygons
2026-09-25 04:37:59 +0000: Memory Usage (426864K) : norcx_m3tm1 has 0 polygons
2026-09-25 04:37:59 +0000: Memory Usage (426864K) : norcx_m3tm2 has 0 polygons
2026-09-25 04:37:59 +0000: Memory Usage (426864K) : norcx_m4m5 has 0 polygons
2026-09-25 04:37:59 +0000: Memory Usage (426864K) : norcx_m4tm1 has 0 polygons
2026-09-25 04:37:59 +0000: Memory Usage (426864K) : norcx_m4tm2 has 0 polygons
2026-09-25 04:37:59 +0000: Memory Usage (426864K) : norcx_m5tm1 has 0 polygons
2026-09-25 04:37:59 +0000: Memory Usage (426864K) : norcx_m5tm2 has 0 polygons
2026-09-25 04:37:59 +0000: Memory Usage (426864K) : norcx_tm1tm2 has 0 polygons
2026-09-25 04:37:59 +0000: Memory Usage (426864K) : norcx_m1sub has 0 polygons
2026-09-25 04:37:59 +0000: Memory Usage (426864K) : norcx_m2sub has 0 polygons
2026-09-25 04:37:59 +0000: Memory Usage (426864K) : norcx_m3sub has 0 polygons
2026-09-25 04:37:59 +0000: Memory Usage (426864K) : norcx_m4sub has 0 polygons
2026-09-25 04:37:59 +0000: Memory Usage (426864K) : norcx_m5sub has 0 polygons
2026-09-25 04:37:59 +0000: Memory Usage (426864K) : norcx_tm1sub has 0 polygons
2026-09-25 04:37:59 +0000: Memory Usage (426864K) : norcx_tm2sub has 0 polygons
2026-09-25 04:37:59 +0000: Memory Usage (426864K) : snsbotvia_drw has 0 polygons
2026-09-25 04:37:59 +0000: Memory Usage (426864K) : snstopvia_drw has 0 polygons
2026-09-25 04:37:59 +0000: Memory Usage (426864K) : deepvia_drw has 0 polygons
2026-09-25 04:37:59 +0000: Memory Usage (426864K) : fgetch_drw has 0 polygons
2026-09-25 04:37:59 +0000: Memory Usage (426864K) : ctrgat_drw has 0 polygons
2026-09-25 04:37:59 +0000: Memory Usage (426864K) : fgimp_drw has 0 polygons
2026-09-25 04:37:59 +0000: Memory Usage (426864K) : emwihv_drw has 0 polygons
2026-09-25 04:37:59 +0000: Memory Usage (426864K) : lbe_drw has 0 polygons
2026-09-25 04:37:59 +0000: Memory Usage (426864K) : alcustop_drw has 0 polygons
2026-09-25 04:37:59 +0000: Memory Usage (426864K) : nometfiller_drw has 0 polygons
2026-09-25 04:37:59 +0000: Memory Usage (426864K) : prboundary_drw has 0 polygons
2026-09-25 04:37:59 +0000: Memory Usage (426864K) : exchange0_drw has 0 polygons
2026-09-25 04:37:59 +0000: Memory Usage (426864K) : exchange0_pin has 0 polygons
2026-09-25 04:37:59 +0000: Memory Usage (426864K) : exchange0_text has 0 polygons
2026-09-25 04:37:59 +0000: Memory Usage (426864K) : exchange1_drw has 0 polygons
2026-09-25 04:37:59 +0000: Memory Usage (426864K) : exchange1_pin has 0 polygons
2026-09-25 04:37:59 +0000: Memory Usage (426864K) : exchange1_text has 0 polygons
2026-09-25 04:37:59 +0000: Memory Usage (426864K) : exchange2_drw has 0 polygons
2026-09-25 04:37:59 +0000: Memory Usage (426864K) : exchange2_pin has 0 polygons
2026-09-25 04:37:59 +0000: Memory Usage (426864K) : exchange2_text has 0 polygons
2026-09-25 04:37:59 +0000: Memory Usage (426864K) : exchange3_drw has 0 polygons
2026-09-25 04:37:59 +0000: Memory Usage (426864K) : exchange3_pin has 0 polygons
2026-09-25 04:37:59 +0000: Memory Usage (426864K) : exchange3_text has 0 polygons
2026-09-25 04:37:59 +0000: Memory Usage (426864K) : exchange4_drw has 0 polygons
2026-09-25 04:37:59 +0000: Memory Usage (426864K) : exchange4_pin has 0 polygons
2026-09-25 04:37:59 +0000: Memory Usage (426864K) : exchange4_text has 0 polygons
2026-09-25 04:37:59 +0000: Memory Usage (426864K) : isonwell_drw has 0 polygons
2026-09-25 04:37:59 +0000: Memory Usage (426864K) : Total no. of polygons in the design is 309
2026-09-25 04:37:59 +0000: Memory Usage (426864K) : Loaded TECH DRC rules values from /pdk/libs.tech/klayout/python/sg13g2_pycell_lib/sg13g2_tech_mod.json
2026-09-25 04:37:59 +0000: Memory Usage (426864K) : Loaded default DRC rules values from /pdk/libs.tech/klayout/tech/drc/rule_decks/sg13g2_tech_default.json
2026-09-25 04:37:59 +0000: Memory Usage (426864K) : The following rules values were missing in tech json and default values were used:
2026-09-25 04:37:59 +0000: Memory Usage (426864K) :   - Cnt_c_digibnd
2026-09-25 04:37:59 +0000: Memory Usage (426864K) : Total area of the design is 100.9422 um^2.
2026-09-25 04:37:59 +0000: Memory Usage (426864K) : The design dimensions are 8.37 µm * 12.06 µm.
2026-09-25 04:37:59 +0000: Memory Usage (426864K) : Starting general IHP-SG13G2 derivations.
2026-09-25 04:37:59 +0000: Memory Usage (426864K) : Starting Pwell derivations
2026-09-25 04:37:59 +0000: Memory Usage (426864K) : Starting n-Activ derivations
2026-09-25 04:37:59 +0000: Memory Usage (426864K) : Starting p-Activ derivations
2026-09-25 04:37:59 +0000: Memory Usage (426864K) : Starting ptap derivations
2026-09-25 04:37:59 +0000: Memory Usage (427120K) : Starting ntap derivations
2026-09-25 04:37:59 +0000: Memory Usage (427120K) : Starting pact FET derivations
2026-09-25 04:37:59 +0000: Memory Usage (427120K) : Starting nact FET derivations
2026-09-25 04:37:59 +0000: Memory Usage (427120K) : Starting Gate derivations
2026-09-25 04:37:59 +0000: Memory Usage (427120K) : Starting cont/contbar general derivations
2026-09-25 04:37:59 +0000: Memory Usage (427120K) : Starting pad general derivations
2026-09-25 04:37:59 +0000: Memory Usage (427120K) : Starting IHP-SG13G2 DRC connectivity related derivations.
2026-09-25 04:37:59 +0000: Memory Usage (427120K) : Starting IHP-SG13G2 DRC connectivity setup
2026-09-25 04:37:59 +0000: Memory Usage (428656K) : Starting IHP-SG13G2 DRC rules.
2026-09-25 04:37:59 +0000: Memory Usage (428656K) : Running all FEOL rules
2026-09-25 04:37:59 +0000: Memory Usage (428656K) : Running all BEOL rules
2026-09-25 04:37:59 +0000: Memory Usage (428656K) : Running all PIN rules
2026-09-25 04:37:59 +0000: Memory Usage (428656K) : Running all FORBIDDEN rules
2026-09-25 04:37:59 +0000: Memory Usage (428656K) : Starting 5.1 NWell table
2026-09-25 04:37:59 +0000: Memory Usage (428656K) : Executing rule NW.b
2026-09-25 04:37:59 +0000: Memory Usage (428656K) : Executing rule NW.b1
2026-09-25 04:37:59 +0000: Memory Usage (428656K) : Starting 5.2 PWell:block
2026-09-25 04:37:59 +0000: Memory Usage (428656K) : Executing rule PWB.e
2026-09-25 04:37:59 +0000: Memory Usage (428656K) : Executing rule PWB.e1
2026-09-25 04:37:59 +0000: Memory Usage (428656K) : Executing rule PWB.f
2026-09-25 04:37:59 +0000: Memory Usage (428656K) : Executing rule PWB.f1
2026-09-25 04:37:59 +0000: Memory Usage (428656K) : Starting 5.3 nBuLay table
2026-09-25 04:37:59 +0000: Memory Usage (428928K) : Executing rule NBL.b
2026-09-25 04:37:59 +0000: Memory Usage (428928K) : Executing rule NBL.c
2026-09-25 04:37:59 +0000: Memory Usage (428928K) : Executing rule NBL.d
2026-09-25 04:37:59 +0000: Memory Usage (428928K) : Executing rule NBL.e
2026-09-25 04:37:59 +0000: Memory Usage (428928K) : Executing rule NBL.f
2026-09-25 04:37:59 +0000: Memory Usage (428928K) : Starting 5.5. Activ table
2026-09-25 04:37:59 +0000: Memory Usage (428928K) : Executing rule Act.a
2026-09-25 04:37:59 +0000: Memory Usage (428928K) : Executing rule Act.b
2026-09-25 04:37:59 +0000: Memory Usage (430004K) : Starting 5.6 Activ:filler table
2026-09-25 04:37:59 +0000: Memory Usage (430004K) : Executing rule AFil.c1
2026-09-25 04:37:59 +0000: Memory Usage (430004K) : Executing rule AFil.c
2026-09-25 04:37:59 +0000: Memory Usage (430004K) : Executing rule AFil.d
2026-09-25 04:37:59 +0000: Memory Usage (430004K) : Executing rule AFil.e
2026-09-25 04:37:59 +0000: Memory Usage (430004K) : Executing rule AFil.j
2026-09-25 04:37:59 +0000: Memory Usage (430004K) : Starting 5.7. ThickGateOx table
2026-09-25 04:37:59 +0000: Memory Usage (430004K) : Executing rule TGO.f
2026-09-25 04:37:59 +0000: Memory Usage (430004K) : Starting 5.8. GatPoly table
2026-09-25 04:37:59 +0000: Memory Usage (430004K) : Executing rule Gat.a
2026-09-25 04:37:59 +0000: Memory Usage (430004K) : Executing rule Gat.b
2026-09-25 04:37:59 +0000: Memory Usage (430004K) : Executing rule Gat.d
2026-09-25 04:37:59 +0000: Memory Usage (430004K) : Executing rule Gat.a1
2026-09-25 04:37:59 +0000: Memory Usage (430004K) : Executing rule Gat.a2
2026-09-25 04:37:59 +0000: Memory Usage (430004K) : Executing rule Gat.g
2026-09-25 04:37:59 +0000: Memory Usage (430260K) : Starting 5.9 GatPoly:filler
2026-09-25 04:37:59 +0000: Memory Usage (430260K) : Executing rule GFil.d
2026-09-25 04:37:59 +0000: Memory Usage (430260K) : Executing rule GFil.e
2026-09-25 04:37:59 +0000: Memory Usage (430260K) : Executing rule GFil.i
2026-09-25 04:37:59 +0000: Memory Usage (430260K) : Starting 5.10 pSD table
2026-09-25 04:37:59 +0000: Memory Usage (430260K) : Executing rule pSD.c1
2026-09-25 04:37:59 +0000: Memory Usage (430260K) : Starting 5.14. Cont table
2026-09-25 04:37:59 +0000: Memory Usage (430260K) : Executing rule Cnt.a
2026-09-25 04:37:59 +0000: Memory Usage (430260K) : Executing rule Cnt.b
2026-09-25 04:37:59 +0000: Memory Usage (430260K) : Executing rule Cnt.c
2026-09-25 04:37:59 +0000: Memory Usage (430516K) : Executing rule Cnt.c
2026-09-25 04:37:59 +0000: Memory Usage (430516K) : Executing rule Cnt.d
2026-09-25 04:37:59 +0000: Memory Usage (430516K) : Executing rule Cnt.e
2026-09-25 04:38:00 +0000: Memory Usage (430516K) : Executing rule Cnt.g1
2026-09-25 04:38:00 +0000: Memory Usage (430516K) : Executing rule Cnt.g2
2026-09-25 04:38:00 +0000: Memory Usage (430516K) : Starting 5.15. ContBar table
2026-09-25 04:38:00 +0000: Memory Usage (430516K) : Executing rule CntB.b1
2026-09-25 04:38:00 +0000: Memory Usage (430516K) : Executing rule CntB.h1
2026-09-25 04:38:00 +0000: Memory Usage (430516K) : Starting 6.1.3 NPN Substrate-Tie table
2026-09-25 04:38:00 +0000: Memory Usage (430516K) : Executing rule npn13G2.bR 
2026-09-25 04:38:00 +0000: Memory Usage (430516K) : Executing rule npn13G2L.cR 
2026-09-25 04:38:00 +0000: Memory Usage (430516K) : Executing rule npn13G2V.cR 
2026-09-25 04:38:00 +0000: Memory Usage (430516K) : Starting 6.7 Schottky diode table
2026-09-25 04:38:00 +0000: Memory Usage (430516K) : Executing rule Sdiod.d
2026-09-25 04:38:00 +0000: Memory Usage (430516K) : Executing rule Sdiod.e
2026-09-25 04:38:00 +0000: Memory Usage (430516K) : Starting 7.2 Latch-up table
2026-09-25 04:38:00 +0000: Memory Usage (430516K) : Executing rule LU.b
2026-09-25 04:38:00 +0000: Memory Usage (430516K) : Starting 5.16. Metal1 table
2026-09-25 04:38:00 +0000: Memory Usage (430516K) : Executing rule M1.a
2026-09-25 04:38:00 +0000: Memory Usage (430516K) : Executing rule M1.b
2026-09-25 04:38:00 +0000: Memory Usage (430516K) : Executing rule M1.e
2026-09-25 04:38:00 +0000: Memory Usage (430516K) : Executing rule M1.f
2026-09-25 04:38:00 +0000: Memory Usage (430516K) : Executing rule M1.g
2026-09-25 04:38:00 +0000: Memory Usage (430516K) : Executing rule M1.i
2026-09-25 04:38:00 +0000: Memory Usage (430516K) : Starting 5.17 Metaln table
2026-09-25 04:38:00 +0000: Memory Usage (430516K) : Executing rule M2.a
2026-09-25 04:38:00 +0000: Memory Usage (430516K) : Executing rule M2.b
2026-09-25 04:38:00 +0000: Memory Usage (430516K) : Executing rule M2.e
2026-09-25 04:38:00 +0000: Memory Usage (430516K) : Executing rule M2.f
2026-09-25 04:38:00 +0000: Memory Usage (430516K) : Executing rule M2.g
2026-09-25 04:38:00 +0000: Memory Usage (430516K) : Executing rule M2.i
2026-09-25 04:38:00 +0000: Memory Usage (430516K) : Executing rule M3.a
2026-09-25 04:38:00 +0000: Memory Usage (430516K) : Executing rule M3.b
2026-09-25 04:38:00 +0000: Memory Usage (430516K) : Executing rule M3.e
2026-09-25 04:38:00 +0000: Memory Usage (430516K) : Executing rule M3.f
2026-09-25 04:38:00 +0000: Memory Usage (430516K) : Executing rule M3.g
2026-09-25 04:38:00 +0000: Memory Usage (430516K) : Executing rule M3.i
2026-09-25 04:38:00 +0000: Memory Usage (430516K) : Executing rule M4.a
2026-09-25 04:38:00 +0000: Memory Usage (430516K) : Executing rule M4.b
2026-09-25 04:38:00 +0000: Memory Usage (430516K) : Executing rule M4.e
2026-09-25 04:38:00 +0000: Memory Usage (430516K) : Executing rule M4.f
2026-09-25 04:38:00 +0000: Memory Usage (430516K) : Executing rule M4.g
2026-09-25 04:38:00 +0000: Memory Usage (430516K) : Executing rule M4.i
2026-09-25 04:38:00 +0000: Memory Usage (430516K) : Executing rule M5.a
2026-09-25 04:38:00 +0000: Memory Usage (430516K) : Executing rule M5.b
2026-09-25 04:38:00 +0000: Memory Usage (430516K) : Executing rule M5.e
2026-09-25 04:38:00 +0000: Memory Usage (430516K) : Executing rule M5.f
2026-09-25 04:38:00 +0000: Memory Usage (430516K) : Executing rule M5.g
2026-09-25 04:38:00 +0000: Memory Usage (430516K) : Executing rule M5.i
2026-09-25 04:38:00 +0000: Memory Usage (430516K) : Starting 5.18 Metaln:filler table
2026-09-25 04:38:00 +0000: Memory Usage (430516K) : Executing rule M1Fil.c
2026-09-25 04:38:00 +0000: Memory Usage (430516K) : Executing rule M1Fil.a2
2026-09-25 04:38:00 +0000: Memory Usage (430516K) : Executing rule M2Fil.c
2026-09-25 04:38:00 +0000: Memory Usage (430516K) : Executing rule M2Fil.a2
2026-09-25 04:38:00 +0000: Memory Usage (430516K) : Executing rule M3Fil.c
2026-09-25 04:38:00 +0000: Memory Usage (430516K) : Executing rule M3Fil.a2
2026-09-25 04:38:00 +0000: Memory Usage (430516K) : Executing rule M4Fil.c
2026-09-25 04:38:00 +0000: Memory Usage (430516K) : Executing rule M4Fil.a2
2026-09-25 04:38:00 +0000: Memory Usage (430516K) : Executing rule M5Fil.c
2026-09-25 04:38:00 +0000: Memory Usage (430516K) : Executing rule M5Fil.a2
2026-09-25 04:38:00 +0000: Memory Usage (430516K) : Starting 5.19. Via1 table
2026-09-25 04:38:00 +0000: Memory Usage (430516K) : Starting 5.19. Via1 table derivations
2026-09-25 04:38:00 +0000: Memory Usage (430516K) : Executing rule V1.a
2026-09-25 04:38:00 +0000: Memory Usage (430516K) : Executing rule V1.b
2026-09-25 04:38:00 +0000: Memory Usage (430516K) : Executing rule V1.c
2026-09-25 04:38:00 +0000: Memory Usage (430516K) : Starting 5.20. Vian table
2026-09-25 04:38:00 +0000: Memory Usage (430516K) : Executing rule V2.a
2026-09-25 04:38:00 +0000: Memory Usage (430516K) : Executing rule V2.b
2026-09-25 04:38:00 +0000: Memory Usage (430516K) : Executing rule V2.c
2026-09-25 04:38:00 +0000: Memory Usage (430516K) : Executing rule V3.a
2026-09-25 04:38:00 +0000: Memory Usage (430516K) : Executing rule V3.b
2026-09-25 04:38:00 +0000: Memory Usage (430516K) : Executing rule V3.c
2026-09-25 04:38:00 +0000: Memory Usage (430516K) : Executing rule V4.a
2026-09-25 04:38:00 +0000: Memory Usage (430516K) : Executing rule V4.b
2026-09-25 04:38:00 +0000: Memory Usage (430516K) : Executing rule V4.c
2026-09-25 04:38:00 +0000: Memory Usage (430516K) : Starting 5.21. TopVia1 table
2026-09-25 04:38:00 +0000: Memory Usage (430516K) : Executing rule TV1.a
2026-09-25 04:38:00 +0000: Memory Usage (430516K) : Executing rule TV1.b
2026-09-25 04:38:00 +0000: Memory Usage (430516K) : Executing rule TV1.c
2026-09-25 04:38:00 +0000: Memory Usage (430516K) : Executing rule TV1.d
2026-09-25 04:38:00 +0000: Memory Usage (430516K) : Starting 5.22. TopMetal1 table
2026-09-25 04:38:00 +0000: Memory Usage (430516K) : Executing rule TM1.a
2026-09-25 04:38:00 +0000: Memory Usage (430516K) : Executing rule TM1.b
2026-09-25 04:38:00 +0000: Memory Usage (430516K) : Starting 5.23 TopMetal1:filler table
2026-09-25 04:38:00 +0000: Memory Usage (430516K) : Executing rule TM1Fil.c
2026-09-25 04:38:00 +0000: Memory Usage (430516K) : Executing rule TM1Fil.a1
2026-09-25 04:38:00 +0000: Memory Usage (430516K) : Starting 5.24. TopVia2 table
2026-09-25 04:38:00 +0000: Memory Usage (430516K) : Executing rule TV2.a
2026-09-25 04:38:00 +0000: Memory Usage (430516K) : Executing rule TV2.b
2026-09-25 04:38:00 +0000: Memory Usage (430516K) : Executing rule TV2.c
2026-09-25 04:38:00 +0000: Memory Usage (430516K) : Executing rule TV2.d
2026-09-25 04:38:00 +0000: Memory Usage (430516K) : Starting 5.25. TopMetal2 table
2026-09-25 04:38:00 +0000: Memory Usage (430516K) : Executing rule TM2.a
2026-09-25 04:38:00 +0000: Memory Usage (430516K) : Executing rule TM2.b
2026-09-25 04:38:00 +0000: Memory Usage (430516K) : Executing rule TM2.bR
2026-09-25 04:38:00 +0000: Memory Usage (430516K) : Starting 5.26 TopMetal2:filler table
2026-09-25 04:38:00 +0000: Memory Usage (430516K) : Executing rule TM2Fil.c
2026-09-25 04:38:00 +0000: Memory Usage (430516K) : Executing rule TM2Fil.a1
2026-09-25 04:38:00 +0000: Memory Usage (430516K) : Starting 5.27. Passiv table
2026-09-25 04:38:00 +0000: Memory Usage (430516K) : Executing rule Pas.a
2026-09-25 04:38:00 +0000: Memory Usage (430516K) : Executing rule Pas.b
2026-09-25 04:38:00 +0000: Memory Usage (430516K) : Executing rule Pas.c
2026-09-25 04:38:00 +0000: Memory Usage (430516K) : Starting 6.9.2 Copper Pillar table
2026-09-25 04:38:00 +0000: Memory Usage (430516K) : Executing rule Padc.a
2026-09-25 04:38:00 +0000: Memory Usage (430516K) : Executing rule Padc.b
2026-09-25 04:38:00 +0000: Memory Usage (430516K) : Executing rule Padc.c
2026-09-25 04:38:00 +0000: Memory Usage (430516K) : Executing rule Padb.f
2026-09-25 04:38:00 +0000: Memory Usage (430516K) : Starting 6.9 Pad table
2026-09-25 04:38:00 +0000: Memory Usage (430516K) : Executing rule Pad.m
2026-09-25 04:38:00 +0000: Memory Usage (430516K) : Executing rule Pad.fR_M1
2026-09-25 04:38:00 +0000: Memory Usage (430516K) : Executing rule Pad.fR_M2
2026-09-25 04:38:00 +0000: Memory Usage (430516K) : Executing rule Pad.fR_M3
2026-09-25 04:38:00 +0000: Memory Usage (430516K) : Executing rule Pad.fR_M4
2026-09-25 04:38:00 +0000: Memory Usage (430516K) : Executing rule Pad.fR_M5
2026-09-25 04:38:00 +0000: Memory Usage (430516K) : Executing rule Pad.fR_TM1
2026-09-25 04:38:00 +0000: Memory Usage (430516K) : Executing rule Pad.fR_TM2
2026-09-25 04:38:00 +0000: Memory Usage (430516K) : Executing rule Pad.i
2026-09-25 04:38:00 +0000: Memory Usage (430516K) : Starting 6.9.1 Solder Bump
2026-09-25 04:38:00 +0000: Memory Usage (430516K) : Executing rule Padb.a
2026-09-25 04:38:00 +0000: Memory Usage (430516K) : Executing rule Padb.b
2026-09-25 04:38:00 +0000: Memory Usage (430516K) : Executing rule Padb.c
2026-09-25 04:38:00 +0000: Memory Usage (430516K) : Executing rule Padb.f
2026-09-25 04:38:00 +0000: Memory Usage (430516K) : Executing rule Padb.d
2026-09-25 04:38:00 +0000: Memory Usage (430516K) : Starting 6.10 Sealring table
2026-09-25 04:38:00 +0000: Memory Usage (430516K) : Executing rule Seal.l
2026-09-25 04:38:00 +0000: Memory Usage (430516K) : Executing rule Seal.n
2026-09-25 04:38:00 +0000: Memory Usage (430516K) : Executing rule seal.b_metal1
2026-09-25 04:38:00 +0000: Memory Usage (430516K) : Executing rule seal.b_metal2
2026-09-25 04:38:00 +0000: Memory Usage (430516K) : Executing rule seal.b_metal3
2026-09-25 04:38:00 +0000: Memory Usage (430516K) : Executing rule seal.b_metal4
2026-09-25 04:38:00 +0000: Memory Usage (430772K) : Executing rule seal.b_metal5
2026-09-25 04:38:00 +0000: Memory Usage (430772K) : Executing rule seal.b_topmetal1
2026-09-25 04:38:00 +0000: Memory Usage (430772K) : Executing rule seal.b_topmetal2
2026-09-25 04:38:00 +0000: Memory Usage (430772K) : Executing rule seal.b_activ
2026-09-25 04:38:00 +0000: Memory Usage (430772K) : Executing rule seal.b_psd
2026-09-25 04:38:00 +0000: Memory Usage (430772K) : Executing rule Seal.k
2026-09-25 04:38:00 +0000: Memory Usage (430772K) : Executing rule Seal.m
2026-09-25 04:38:00 +0000: Memory Usage (430772K) : Starting 6.11 MIM table
2026-09-25 04:38:00 +0000: Memory Usage (430772K) : Executing rule MIM.c
2026-09-25 04:38:00 +0000: Memory Usage (430772K) : Executing rule MIM.d
2026-09-25 04:38:00 +0000: Memory Usage (430772K) : Executing rule MIM.gR
2026-09-25 04:38:00 +0000: Memory Usage (430772K) : Starting 7.3 Metal Slits table
2026-09-25 04:38:00 +0000: Memory Usage (430772K) : Executing rule Slt.e1_M1
2026-09-25 04:38:00 +0000: Memory Usage (430772K) : Executing rule Slt.e1_M2
2026-09-25 04:38:00 +0000: Memory Usage (430772K) : Executing rule Slt.e1_M3
2026-09-25 04:38:00 +0000: Memory Usage (430772K) : Executing rule Slt.e1_M4
2026-09-25 04:38:00 +0000: Memory Usage (430772K) : Executing rule Slt.e1_M5
2026-09-25 04:38:00 +0000: Memory Usage (430772K) : Executing rule Slt.e1_TM1
2026-09-25 04:38:00 +0000: Memory Usage (430772K) : Executing rule Slt.e1_TM2
2026-09-25 04:38:00 +0000: Memory Usage (430772K) : Starting 9.1. LBE table
2026-09-25 04:38:00 +0000: Memory Usage (430772K) : Executing rule LBE.a
2026-09-25 04:38:00 +0000: Memory Usage (430772K) : Executing rule LBE.b
2026-09-25 04:38:00 +0000: Memory Usage (430772K) : Executing rule LBE.b1
2026-09-25 04:38:00 +0000: Memory Usage (430772K) : Executing rule LBE.c
2026-09-25 04:38:00 +0000: Memory Usage (430772K) : Executing rule LBE.d
2026-09-25 04:38:00 +0000: Memory Usage (430772K) : Executing rule LBE.h
2026-09-25 04:38:00 +0000: Memory Usage (430772K) : Starting 7.4. PIN table
2026-09-25 04:38:00 +0000: Memory Usage (430772K) : Executing rule Pin.a
2026-09-25 04:38:00 +0000: Memory Usage (430772K) : Executing rule Pin.b
2026-09-25 04:38:00 +0000: Memory Usage (430772K) : Executing rule Pin.e
2026-09-25 04:38:00 +0000: Memory Usage (430772K) : Executing rule Pin.f_M2
2026-09-25 04:38:00 +0000: Memory Usage (430772K) : Executing rule Pin.f_M3
2026-09-25 04:38:00 +0000: Memory Usage (430772K) : Executing rule Pin.f_M4
2026-09-25 04:38:00 +0000: Memory Usage (430772K) : Executing rule Pin.f_M5
2026-09-25 04:38:00 +0000: Memory Usage (430772K) : Executing rule Pin.g
2026-09-25 04:38:00 +0000: Memory Usage (430772K) : Executing rule Pin.h
2026-09-25 04:38:00 +0000: Memory Usage (430772K) : Starting 3.2. FORBIDDEN table
2026-09-25 04:38:00 +0000: Memory Usage (430772K) : Executing rule forbidden.biwind
2026-09-25 04:38:00 +0000: Memory Usage (430772K) : Executing rule forbidden.pemwind
2026-09-25 04:38:00 +0000: Memory Usage (430772K) : Executing rule forbidden.baspoly
2026-09-25 04:38:00 +0000: Memory Usage (430772K) : Executing rule forbidden.deepco
2026-09-25 04:38:00 +0000: Memory Usage (430772K) : Executing rule forbidden.pempoly
2026-09-25 04:38:00 +0000: Memory Usage (430772K) : Executing rule forbidden.empoly
2026-09-25 04:38:00 +0000: Memory Usage (430772K) : Executing rule forbidden.ldmos
2026-09-25 04:38:00 +0000: Memory Usage (430772K) : Executing rule forbidden.pbiwind
2026-09-25 04:38:00 +0000: Memory Usage (430772K) : Executing rule forbidden.nodrc
2026-09-25 04:38:00 +0000: Memory Usage (430772K) : Executing rule forbidden.flash
2026-09-25 04:38:00 +0000: Memory Usage (430772K) : Executing rule forbidden.colwind
2026-09-25 04:38:00 +0000: Memory Usage (430772K) : KLayout DRC run for tables 'main' completed in 0.78 seconds
25-Sep-2026 04:38:00 | ERROR   | ==================================================================================
25-Sep-2026 04:38:00 | ERROR   | ❌ --- KLayout DRC Check Failed: Violations were detected in the layout. --- ❌
25-Sep-2026 04:38:00 | ERROR   | ==================================================================================
25-Sep-2026 04:38:00 | ERROR   | Violated rules are : {'Cnt.c'}

25-Sep-2026 04:38:00 | INFO    | Total DRC Run time: 2.41 seconds (including execution, analysis, and reporting)
