25-Sep-2026 04:19:50 | INFO    | KLayout version detected: 0.30.0
25-Sep-2026 04:19:50 | INFO    | Using DRC JSON file: /pdk/libs.tech/klayout/tech/drc/tech_mod_relaxed.json
25-Sep-2026 04:19:50 | INFO    | Running IHP-SG13G2 main checks on design /work/pdkcell-nomark-pdkvaluesdeck.gds, topcell: PDK_16x2_NOMARK
2026-09-25 04:19:51 +0000: Memory Usage (416876K) : Starting running IHP-SG13G2 KLayout DRC runset on /work/pdkcell-nomark-pdkvaluesdeck.gds
2026-09-25 04:19:51 +0000: Memory Usage (416876K) : Ruby Version for klayout: 3.3.8
Warning: In file /work/pdkcell-nomark-pdkvaluesdeck.gds:
Warning: Invalid text rotation angle (450 is less than -360 or larger than 360) (position=264000, record number=22643, cell=PDK_16x2)
Warning: Invalid text rotation angle (450 is less than -360 or larger than 360) (position=264080, record number=22653, cell=PDK_16x2)
Warning: Invalid text rotation angle (450 is less than -360 or larger than 360) (position=264620, record number=22723, cell=PDK_16x2)
Warning: Invalid text rotation angle (450 is less than -360 or larger than 360) (position=264698, record number=22733, cell=PDK_16x2)
Warning: Invalid text rotation angle (540 is less than -360 or larger than 360) (position=264774, record number=22743, cell=PDK_16x2)
Warning: Invalid text rotation angle (540 is less than -360 or larger than 360) (position=264850, record number=22753, cell=PDK_16x2)
Warning: Invalid text rotation angle (540 is less than -360 or larger than 360) (position=264926, record number=22763, cell=PDK_16x2)
Warning: Invalid text rotation angle (450 is less than -360 or larger than 360) (position=267152, record number=23056, cell=PDK_16x2)
Warning: Invalid text rotation angle (450 is less than -360 or larger than 360) (position=267232, record number=23066, cell=PDK_16x2)
Warning: Invalid text rotation angle (450 is less than -360 or larger than 360) (position=267772, record number=23136, cell=PDK_16x2)
Warning: Invalid text rotation angle (450 is less than -360 or larger than 360) (position=267850, record number=23146, cell=PDK_16x2)
Warning: Invalid text rotation angle (540 is less than -360 or larger than 360) (position=267926, record number=23156, cell=PDK_16x2)
Warning: Invalid text rotation angle (540 is less than -360 or larger than 360) (position=268002, record number=23166, cell=PDK_16x2)
Warning: Invalid text rotation angle (540 is less than -360 or larger than 360) (position=268078, record number=23176, cell=PDK_16x2)
Warning: Invalid text rotation angle (450 is less than -360 or larger than 360) (position=270304, record number=23469, cell=PDK_16x2)
Warning: Invalid text rotation angle (450 is less than -360 or larger than 360) (position=270384, record number=23479, cell=PDK_16x2)
Warning: Invalid text rotation angle (450 is less than -360 or larger than 360) (position=270924, record number=23549, cell=PDK_16x2)
Warning: Invalid text rotation angle (450 is less than -360 or larger than 360) (position=271002, record number=23559, cell=PDK_16x2)
Warning: Invalid text rotation angle (540 is less than -360 or larger than 360) (position=271078, record number=23569, cell=PDK_16x2)
Warning: Invalid text rotation angle (540 is less than -360 or larger than 360) (position=271154, record number=23579, cell=PDK_16x2)
Warning: Invalid text rotation angle (540 is less than -360 or larger than 360) (position=271230, record number=23589, cell=PDK_16x2)
Warning: Invalid text rotation angle (450 is less than -360 or larger than 360) (position=273456, record number=23882, cell=PDK_16x2)
Warning: Invalid text rotation angle (450 is less than -360 or larger than 360) (position=273536, record number=23892, cell=PDK_16x2)
Warning: Invalid text rotation angle (450 is less than -360 or larger than 360) (position=274076, record number=23962, cell=PDK_16x2)
Warning: Invalid text rotation angle (450 is less than -360 or larger than 360) (position=274154, record number=23972, cell=PDK_16x2)
Warning: Invalid text rotation angle (540 is less than -360 or larger than 360) (position=274230, record number=23982, cell=PDK_16x2)
Warning: Invalid text rotation angle (540 is less than -360 or larger than 360) (position=274306, record number=23992, cell=PDK_16x2)
Warning: Invalid text rotation angle (540 is less than -360 or larger than 360) (position=274382, record number=24002, cell=PDK_16x2)
Warning: Invalid text rotation angle (450 is less than -360 or larger than 360) (position=287826, record number=25756, cell=PDK_16x2)
Warning: Invalid text rotation angle (450 is less than -360 or larger than 360) (position=287906, record number=25766, cell=PDK_16x2)
Warning: Invalid text rotation angle (450 is less than -360 or larger than 360) (position=288446, record number=25836, cell=PDK_16x2)
Warning: Invalid text rotation angle (450 is less than -360 or larger than 360) (position=288524, record number=25846, cell=PDK_16x2)
Warning: Invalid text rotation angle (540 is less than -360 or larger than 360) (position=288600, record number=25856, cell=PDK_16x2)
Warning: Invalid text rotation angle (540 is less than -360 or larger than 360) (position=288676, record number=25866, cell=PDK_16x2)
Warning: Invalid text rotation angle (540 is less than -360 or larger than 360) (position=288752, record number=25876, cell=PDK_16x2)
Warning: Invalid text rotation angle (450 is less than -360 or larger than 360) (position=290978, record number=26169, cell=PDK_16x2)
Warning: Invalid text rotation angle (450 is less than -360 or larger than 360) (position=291058, record number=26179, cell=PDK_16x2)
Warning: Invalid text rotation angle (450 is less than -360 or larger than 360) (position=291598, record number=26249, cell=PDK_16x2)
Warning: Invalid text rotation angle (450 is less than -360 or larger than 360) (position=291676, record number=26259, cell=PDK_16x2)
Warning: Invalid text rotation angle (540 is less than -360 or larger than 360) (position=291752, record number=26269, cell=PDK_16x2)
Warning: Invalid text rotation angle (540 is less than -360 or larger than 360) (position=291828, record number=26279, cell=PDK_16x2)
Warning: Invalid text rotation angle (540 is less than -360 or larger than 360) (position=291904, record number=26289, cell=PDK_16x2)
Warning: Invalid text rotation angle (450 is less than -360 or larger than 360) (position=294130, record number=26582, cell=PDK_16x2)
Warning: Invalid text rotation angle (450 is less than -360 or larger than 360) (position=294210, record number=26592, cell=PDK_16x2)
Warning: Invalid text rotation angle (450 is less than -360 or larger than 360) (position=294750, record number=26662, cell=PDK_16x2)
Warning: Invalid text rotation angle (450 is less than -360 or larger than 360) (position=294828, record number=26672, cell=PDK_16x2)
Warning: Invalid text rotation angle (540 is less than -360 or larger than 360) (position=294904, record number=26682, cell=PDK_16x2)
Warning: Invalid text rotation angle (540 is less than -360 or larger than 360) (position=294980, record number=26692, cell=PDK_16x2)
Warning: Invalid text rotation angle (540 is less than -360 or larger than 360) (position=295056, record number=26702, cell=PDK_16x2)
Warning: Invalid text rotation angle (450 is less than -360 or larger than 360) (position=297282, record number=26995, cell=PDK_16x2)
Warning: Invalid text rotation angle (450 is less than -360 or larger than 360) (position=297362, record number=27005, cell=PDK_16x2)
Warning: Invalid text rotation angle (450 is less than -360 or larger than 360) (position=297902, record number=27075, cell=PDK_16x2)
Warning: Invalid text rotation angle (450 is less than -360 or larger than 360) (position=297980, record number=27085, cell=PDK_16x2)
Warning: Invalid text rotation angle (540 is less than -360 or larger than 360) (position=298056, record number=27095, cell=PDK_16x2)
Warning: Invalid text rotation angle (540 is less than -360 or larger than 360) (position=298132, record number=27105, cell=PDK_16x2)
Warning: Invalid text rotation angle (540 is less than -360 or larger than 360) (position=298208, record number=27115, cell=PDK_16x2)
Warning: Invalid text rotation angle (450 is less than -360 or larger than 360) (position=561636, record number=49812, cell=PDK_16x2_NOMARK)
Warning: Invalid text rotation angle (450 is less than -360 or larger than 360) (position=561716, record number=49822, cell=PDK_16x2_NOMARK)
Warning: Invalid text rotation angle (450 is less than -360 or larger than 360) (position=562256, record number=49892, cell=PDK_16x2_NOMARK)
Warning: Invalid text rotation angle (450 is less than -360 or larger than 360) (position=562334, record number=49902, cell=PDK_16x2_NOMARK)
Warning: Invalid text rotation angle (540 is less than -360 or larger than 360) (position=562410, record number=49912, cell=PDK_16x2_NOMARK)
Warning: Invalid text rotation angle (540 is less than -360 or larger than 360) (position=562486, record number=49922, cell=PDK_16x2_NOMARK)
Warning: Invalid text rotation angle (540 is less than -360 or larger than 360) (position=562562, record number=49932, cell=PDK_16x2_NOMARK)
Warning: Invalid text rotation angle (450 is less than -360 or larger than 360) (position=564788, record number=50225, cell=PDK_16x2_NOMARK)
Warning: Invalid text rotation angle (450 is less than -360 or larger than 360) (position=564868, record number=50235, cell=PDK_16x2_NOMARK)
Warning: Invalid text rotation angle (450 is less than -360 or larger than 360) (position=565408, record number=50305, cell=PDK_16x2_NOMARK)
Warning: Invalid text rotation angle (450 is less than -360 or larger than 360) (position=565486, record number=50315, cell=PDK_16x2_NOMARK)
Warning: Invalid text rotation angle (540 is less than -360 or larger than 360) (position=565562, record number=50325, cell=PDK_16x2_NOMARK)
Warning: Invalid text rotation angle (540 is less than -360 or larger than 360) (position=565638, record number=50335, cell=PDK_16x2_NOMARK)
Warning: Invalid text rotation angle (540 is less than -360 or larger than 360) (position=565714, record number=50345, cell=PDK_16x2_NOMARK)
Warning: Invalid text rotation angle (450 is less than -360 or larger than 360) (position=567940, record number=50638, cell=PDK_16x2_NOMARK)
Warning: Invalid text rotation angle (450 is less than -360 or larger than 360) (position=568020, record number=50648, cell=PDK_16x2_NOMARK)
Warning: Invalid text rotation angle (450 is less than -360 or larger than 360) (position=568560, record number=50718, cell=PDK_16x2_NOMARK)
Warning: Invalid text rotation angle (450 is less than -360 or larger than 360) (position=568638, record number=50728, cell=PDK_16x2_NOMARK)
Warning: Invalid text rotation angle (540 is less than -360 or larger than 360) (position=568714, record number=50738, cell=PDK_16x2_NOMARK)
Warning: Invalid text rotation angle (540 is less than -360 or larger than 360) (position=568790, record number=50748, cell=PDK_16x2_NOMARK)
Warning: Invalid text rotation angle (540 is less than -360 or larger than 360) (position=568866, record number=50758, cell=PDK_16x2_NOMARK)
Warning: Invalid text rotation angle (450 is less than -360 or larger than 360) (position=571092, record number=51051, cell=PDK_16x2_NOMARK)
Warning: Invalid text rotation angle (450 is less than -360 or larger than 360) (position=571172, record number=51061, cell=PDK_16x2_NOMARK)
Warning: Invalid text rotation angle (450 is less than -360 or larger than 360) (position=571712, record number=51131, cell=PDK_16x2_NOMARK)
Warning: Invalid text rotation angle (450 is less than -360 or larger than 360) (position=571790, record number=51141, cell=PDK_16x2_NOMARK)
Warning: Invalid text rotation angle (540 is less than -360 or larger than 360) (position=571866, record number=51151, cell=PDK_16x2_NOMARK)
Warning: Invalid text rotation angle (540 is less than -360 or larger than 360) (position=571942, record number=51161, cell=PDK_16x2_NOMARK)
Warning: Invalid text rotation angle (540 is less than -360 or larger than 360) (position=572018, record number=51171, cell=PDK_16x2_NOMARK)
Warning: Invalid text rotation angle (450 is less than -360 or larger than 360) (position=585462, record number=52925, cell=PDK_16x2_NOMARK)
Warning: Invalid text rotation angle (450 is less than -360 or larger than 360) (position=585542, record number=52935, cell=PDK_16x2_NOMARK)
Warning: Invalid text rotation angle (450 is less than -360 or larger than 360) (position=586082, record number=53005, cell=PDK_16x2_NOMARK)
Warning: Invalid text rotation angle (450 is less than -360 or larger than 360) (position=586160, record number=53015, cell=PDK_16x2_NOMARK)
Warning: Invalid text rotation angle (540 is less than -360 or larger than 360) (position=586236, record number=53025, cell=PDK_16x2_NOMARK)
Warning: Invalid text rotation angle (540 is less than -360 or larger than 360) (position=586312, record number=53035, cell=PDK_16x2_NOMARK)
Warning: Invalid text rotation angle (540 is less than -360 or larger than 360) (position=586388, record number=53045, cell=PDK_16x2_NOMARK)
Warning: Invalid text rotation angle (450 is less than -360 or larger than 360) (position=588614, record number=53338, cell=PDK_16x2_NOMARK)
Warning: Invalid text rotation angle (450 is less than -360 or larger than 360) (position=588694, record number=53348, cell=PDK_16x2_NOMARK)
Warning: Invalid text rotation angle (450 is less than -360 or larger than 360) (position=589234, record number=53418, cell=PDK_16x2_NOMARK)
Warning: Invalid text rotation angle (450 is less than -360 or larger than 360) (position=589312, record number=53428, cell=PDK_16x2_NOMARK)
Warning: Invalid text rotation angle (540 is less than -360 or larger than 360) (position=589388, record number=53438, cell=PDK_16x2_NOMARK)
Warning: Invalid text rotation angle (540 is less than -360 or larger than 360) (position=589464, record number=53448, cell=PDK_16x2_NOMARK)
Warning: Invalid text rotation angle (540 is less than -360 or larger than 360) (position=589540, record number=53458, cell=PDK_16x2_NOMARK)
Warning: Invalid text rotation angle (450 is less than -360 or larger than 360) (position=591766, record number=53751, cell=PDK_16x2_NOMARK)
Warning: Invalid text rotation angle (450 is less than -360 or larger than 360) (position=591846, record number=53761, cell=PDK_16x2_NOMARK)
Warning: Invalid text rotation angle (450 is less than -360 or larger than 360) (position=592386, record number=53831, cell=PDK_16x2_NOMARK)
Warning: Invalid text rotation angle (450 is less than -360 or larger than 360) (position=592464, record number=53841, cell=PDK_16x2_NOMARK)
Warning: Invalid text rotation angle (540 is less than -360 or larger than 360) (position=592540, record number=53851, cell=PDK_16x2_NOMARK)
Warning: Invalid text rotation angle (540 is less than -360 or larger than 360) (position=592616, record number=53861, cell=PDK_16x2_NOMARK)
Warning: Invalid text rotation angle (540 is less than -360 or larger than 360) (position=592692, record number=53871, cell=PDK_16x2_NOMARK)
Warning: Invalid text rotation angle (450 is less than -360 or larger than 360) (position=594918, record number=54164, cell=PDK_16x2_NOMARK)
Warning: Invalid text rotation angle (450 is less than -360 or larger than 360) (position=594998, record number=54174, cell=PDK_16x2_NOMARK)
Warning: Invalid text rotation angle (450 is less than -360 or larger than 360) (position=595538, record number=54244, cell=PDK_16x2_NOMARK)
Warning: Invalid text rotation angle (450 is less than -360 or larger than 360) (position=595616, record number=54254, cell=PDK_16x2_NOMARK)
Warning: Invalid text rotation angle (540 is less than -360 or larger than 360) (position=595692, record number=54264, cell=PDK_16x2_NOMARK)
Warning: Invalid text rotation angle (540 is less than -360 or larger than 360) (position=595768, record number=54274, cell=PDK_16x2_NOMARK)
Warning: Invalid text rotation angle (540 is less than -360 or larger than 360) (position=595844, record number=54284, cell=PDK_16x2_NOMARK)
2026-09-25 04:19:51 +0000: Memory Usage (418156K) : Loading database to memory is complete.
2026-09-25 04:19:51 +0000: Memory Usage (418156K) : IHP-SG13G2 KLayout DRC runset output at: /work/pdkcell-nomark-pdkvaluesdeck-main/pdkcell-nomark-pdkvaluesdeck_PDK_16x2_NOMARK_main.lyrdb
2026-09-25 04:19:51 +0000: Memory Usage (418156K) : Evaluate switches.
2026-09-25 04:19:51 +0000: Memory Usage (418156K) : tables selected: main
2026-09-25 04:19:51 +0000: Memory Usage (418156K) : KLayout will use 32 thread(s) in tiling mode.
2026-09-25 04:19:51 +0000: Memory Usage (418156K) : flat mode is enabled.
2026-09-25 04:19:51 +0000: Memory Usage (418156K) : FEOL enabled: true
2026-09-25 04:19:51 +0000: Memory Usage (418156K) : BEOL enabled: true
2026-09-25 04:19:51 +0000: Memory Usage (418156K) : OFFGRID enabled: true
2026-09-25 04:19:51 +0000: Memory Usage (418156K) : PIN enabled: true
2026-09-25 04:19:51 +0000: Memory Usage (418156K) : FORBIDDEN enabled: true
2026-09-25 04:19:51 +0000: Memory Usage (418156K) : RECOMMENDED enabled: true
2026-09-25 04:19:51 +0000: Memory Usage (418156K) : PreCheck DRC enabled: false
2026-09-25 04:19:51 +0000: Memory Usage (418156K) : CONNECTIVITY_RULES enabled: true.
2026-09-25 04:19:51 +0000: Memory Usage (418156K) : Read in polygons from layers.
2026-09-25 04:19:51 +0000: Memory Usage (419180K) : activ_drw has 48 polygons
2026-09-25 04:19:51 +0000: Memory Usage (419180K) : activ_pin has 0 polygons
2026-09-25 04:19:51 +0000: Memory Usage (419180K) : activ_mask has 0 polygons
2026-09-25 04:19:51 +0000: Memory Usage (419180K) : activ_filler has 0 polygons
2026-09-25 04:19:51 +0000: Memory Usage (419180K) : activ_nofill has 0 polygons
2026-09-25 04:19:51 +0000: Memory Usage (419180K) : activ_opc has 0 polygons
2026-09-25 04:19:51 +0000: Memory Usage (419180K) : activ_iopc has 0 polygons
2026-09-25 04:19:51 +0000: Memory Usage (419180K) : activ_noqrc has 0 polygons
2026-09-25 04:19:51 +0000: Memory Usage (419180K) : biwind_drw has 0 polygons
2026-09-25 04:19:51 +0000: Memory Usage (419180K) : biwind_opc has 0 polygons
2026-09-25 04:19:51 +0000: Memory Usage (419180K) : pemwind_drw has 0 polygons
2026-09-25 04:19:51 +0000: Memory Usage (419180K) : gatpoly_drw has 112 polygons
2026-09-25 04:19:51 +0000: Memory Usage (419180K) : gatpoly_pin has 0 polygons
2026-09-25 04:19:51 +0000: Memory Usage (419180K) : gatpoly_filler has 0 polygons
2026-09-25 04:19:51 +0000: Memory Usage (419180K) : gatpoly_nofill has 0 polygons
2026-09-25 04:19:51 +0000: Memory Usage (419180K) : gatpoly_opc has 0 polygons
2026-09-25 04:19:51 +0000: Memory Usage (419180K) : gatpoly_iopc has 0 polygons
2026-09-25 04:19:51 +0000: Memory Usage (419180K) : gatpoly_noqrc has 0 polygons
2026-09-25 04:19:51 +0000: Memory Usage (419180K) : cont_drw has 358 polygons
2026-09-25 04:19:51 +0000: Memory Usage (419436K) : cont_opc has 0 polygons
2026-09-25 04:19:51 +0000: Memory Usage (419436K) : nsd_drw has 0 polygons
2026-09-25 04:19:51 +0000: Memory Usage (419436K) : nsd_block has 0 polygons
2026-09-25 04:19:51 +0000: Memory Usage (419436K) : metal1_drw has 215 polygons
2026-09-25 04:19:51 +0000: Memory Usage (419436K) : metal1_pin has 0 polygons
2026-09-25 04:19:51 +0000: Memory Usage (419692K) : metal1_mask has 0 polygons
2026-09-25 04:19:51 +0000: Memory Usage (419692K) : metal1_filler has 0 polygons
2026-09-25 04:19:51 +0000: Memory Usage (419692K) : metal1_nofill has 0 polygons
2026-09-25 04:19:51 +0000: Memory Usage (419948K) : metal1_slit has 0 polygons
2026-09-25 04:19:51 +0000: Memory Usage (419948K) : metal1_text has 0 polygons
2026-09-25 04:19:51 +0000: Memory Usage (419948K) : metal1_opc has 0 polygons
2026-09-25 04:19:51 +0000: Memory Usage (420204K) : metal1_noqrc has 0 polygons
2026-09-25 04:19:51 +0000: Memory Usage (420204K) : metal1_res has 0 polygons
2026-09-25 04:19:51 +0000: Memory Usage (420204K) : metal1_iprobe has 0 polygons
2026-09-25 04:19:51 +0000: Memory Usage (420204K) : metal1_diffprb has 0 polygons
2026-09-25 04:19:51 +0000: Memory Usage (420204K) : passiv_drw has 0 polygons
2026-09-25 04:19:51 +0000: Memory Usage (420204K) : passiv_pin has 0 polygons
2026-09-25 04:19:51 +0000: Memory Usage (420204K) : passiv_sbump has 0 polygons
2026-09-25 04:19:51 +0000: Memory Usage (420460K) : passiv_pillar has 0 polygons
2026-09-25 04:19:51 +0000: Memory Usage (420460K) : passiv_pdl has 0 polygons
2026-09-25 04:19:51 +0000: Memory Usage (420716K) : metal2_drw has 58 polygons
2026-09-25 04:19:51 +0000: Memory Usage (420716K) : metal2_pin has 82 polygons
2026-09-25 04:19:51 +0000: Memory Usage (420716K) : metal2_mask has 0 polygons
2026-09-25 04:19:51 +0000: Memory Usage (420972K) : metal2_filler has 0 polygons
2026-09-25 04:19:51 +0000: Memory Usage (420972K) : metal2_nofill has 0 polygons
2026-09-25 04:19:51 +0000: Memory Usage (420972K) : metal2_slit has 0 polygons
2026-09-25 04:19:51 +0000: Memory Usage (421228K) : metal2_text has 232 polygons
2026-09-25 04:19:51 +0000: Memory Usage (421228K) : metal2_opc has 0 polygons
2026-09-25 04:19:51 +0000: Memory Usage (421228K) : metal2_noqrc has 0 polygons
2026-09-25 04:19:51 +0000: Memory Usage (421484K) : metal2_res has 64 polygons
2026-09-25 04:19:51 +0000: Memory Usage (421484K) : metal2_iprobe has 0 polygons
2026-09-25 04:19:51 +0000: Memory Usage (421740K) : metal2_diffprb has 0 polygons
2026-09-25 04:19:51 +0000: Memory Usage (421740K) : baspoly_drw has 0 polygons
2026-09-25 04:19:51 +0000: Memory Usage (421740K) : baspoly_pin has 0 polygons
2026-09-25 04:19:51 +0000: Memory Usage (421996K) : psd_drw has 8 polygons
2026-09-25 04:19:51 +0000: Memory Usage (421996K) : nldb_drw has 0 polygons
2026-09-25 04:19:51 +0000: Memory Usage (421996K) : digibnd_drw has 1 polygons
2026-09-25 04:19:51 +0000: Memory Usage (422252K) : via1_drw has 162 polygons
2026-09-25 04:19:51 +0000: Memory Usage (422252K) : backmetal1_drw has 0 polygons
2026-09-25 04:19:51 +0000: Memory Usage (422252K) : backmetal1_pin has 0 polygons
2026-09-25 04:19:51 +0000: Memory Usage (422508K) : backmetal1_mask has 0 polygons
2026-09-25 04:19:51 +0000: Memory Usage (422508K) : backmetal1_filler has 0 polygons
2026-09-25 04:19:51 +0000: Memory Usage (422508K) : backmetal1_nofill has 0 polygons
2026-09-25 04:19:51 +0000: Memory Usage (422508K) : backmetal1_slit has 0 polygons
2026-09-25 04:19:51 +0000: Memory Usage (422508K) : backmetal1_text has 0 polygons
2026-09-25 04:19:51 +0000: Memory Usage (422508K) : backmetal1_opc has 0 polygons
2026-09-25 04:19:51 +0000: Memory Usage (422764K) : backmetal1_noqrc has 0 polygons
2026-09-25 04:19:51 +0000: Memory Usage (422764K) : backmetal1_res has 0 polygons
2026-09-25 04:19:51 +0000: Memory Usage (422764K) : backmetal1_iprobe has 0 polygons
2026-09-25 04:19:51 +0000: Memory Usage (423020K) : backmetal1_diffprb has 0 polygons
2026-09-25 04:19:51 +0000: Memory Usage (423020K) : backpassiv_drw has 0 polygons
2026-09-25 04:19:51 +0000: Memory Usage (423020K) : res_drw has 0 polygons
2026-09-25 04:19:51 +0000: Memory Usage (423276K) : sram_drw has 0 polygons
2026-09-25 04:19:51 +0000: Memory Usage (423276K) : trans_drw has 0 polygons
2026-09-25 04:19:51 +0000: Memory Usage (423532K) : ind_drw has 0 polygons
2026-09-25 04:19:51 +0000: Memory Usage (423532K) : ind_pin has 0 polygons
2026-09-25 04:19:51 +0000: Memory Usage (423532K) : ind_text has 0 polygons
2026-09-25 04:19:51 +0000: Memory Usage (423788K) : salblock_drw has 0 polygons
2026-09-25 04:19:51 +0000: Memory Usage (423788K) : via2_drw has 98 polygons
2026-09-25 04:19:51 +0000: Memory Usage (423788K) : metal3_drw has 33 polygons
2026-09-25 04:19:51 +0000: Memory Usage (424044K) : metal3_pin has 130 polygons
2026-09-25 04:19:51 +0000: Memory Usage (424044K) : metal3_mask has 0 polygons
2026-09-25 04:19:51 +0000: Memory Usage (424044K) : metal3_filler has 0 polygons
2026-09-25 04:19:51 +0000: Memory Usage (424300K) : metal3_nofill has 0 polygons
2026-09-25 04:19:51 +0000: Memory Usage (424300K) : metal3_slit has 0 polygons
2026-09-25 04:19:51 +0000: Memory Usage (424300K) : metal3_text has 98 polygons
2026-09-25 04:19:51 +0000: Memory Usage (424556K) : metal3_opc has 0 polygons
2026-09-25 04:19:51 +0000: Memory Usage (424556K) : metal3_noqrc has 0 polygons
2026-09-25 04:19:51 +0000: Memory Usage (424812K) : metal3_res has 32 polygons
2026-09-25 04:19:51 +0000: Memory Usage (424812K) : metal3_iprobe has 0 polygons
2026-09-25 04:19:51 +0000: Memory Usage (424812K) : metal3_diffprb has 0 polygons
2026-09-25 04:19:51 +0000: Memory Usage (425068K) : nwell_drw has 2 polygons
2026-09-25 04:19:51 +0000: Memory Usage (425068K) : nwell_pin has 0 polygons
2026-09-25 04:19:51 +0000: Memory Usage (425068K) : nbulay_drw has 0 polygons
2026-09-25 04:19:51 +0000: Memory Usage (425068K) : nbulay_pin has 0 polygons
2026-09-25 04:19:51 +0000: Memory Usage (425068K) : nbulay_block has 0 polygons
2026-09-25 04:19:51 +0000: Memory Usage (425068K) : emwind_drw has 0 polygons
2026-09-25 04:19:51 +0000: Memory Usage (425068K) : emwind_opc has 0 polygons
2026-09-25 04:19:51 +0000: Memory Usage (425068K) : deepco_drw has 0 polygons
2026-09-25 04:19:51 +0000: Memory Usage (425068K) : deepco_drw has 0 polygons
2026-09-25 04:19:51 +0000: Memory Usage (425068K) : mim_drw has 0 polygons
2026-09-25 04:19:51 +0000: Memory Usage (425068K) : edgeseal_drw has 0 polygons
2026-09-25 04:19:51 +0000: Memory Usage (425068K) : edgeseal_bound has 0 polygons
2026-09-25 04:19:51 +0000: Memory Usage (425068K) : substrate_drw has 0 polygons
2026-09-25 04:19:51 +0000: Memory Usage (425068K) : substrate_text has 0 polygons
2026-09-25 04:19:51 +0000: Memory Usage (425068K) : dfpad_drw has 0 polygons
2026-09-25 04:19:51 +0000: Memory Usage (425068K) : dfpad_pillar has 0 polygons
2026-09-25 04:19:51 +0000: Memory Usage (425068K) : dfpad_sbump has 0 polygons
2026-09-25 04:19:51 +0000: Memory Usage (425068K) : thickgateox_drw has 0 polygons
2026-09-25 04:19:51 +0000: Memory Usage (425068K) : pldb_drw has 0 polygons
2026-09-25 04:19:51 +0000: Memory Usage (425068K) : pwell_drw has 0 polygons
2026-09-25 04:19:51 +0000: Memory Usage (425068K) : pwell_pin has 0 polygons
2026-09-25 04:19:51 +0000: Memory Usage (425068K) : pwell_block has 0 polygons
2026-09-25 04:19:51 +0000: Memory Usage (425068K) : ic_drw has 0 polygons
2026-09-25 04:19:51 +0000: Memory Usage (425068K) : via3_drw has 0 polygons
2026-09-25 04:19:51 +0000: Memory Usage (425068K) : metal4_drw has 0 polygons
2026-09-25 04:19:51 +0000: Memory Usage (425068K) : metal4_pin has 0 polygons
2026-09-25 04:19:51 +0000: Memory Usage (425324K) : metal4_mask has 0 polygons
2026-09-25 04:19:51 +0000: Memory Usage (425324K) : metal4_filler has 0 polygons
2026-09-25 04:19:51 +0000: Memory Usage (425580K) : metal4_nofill has 0 polygons
2026-09-25 04:19:51 +0000: Memory Usage (425580K) : metal4_slit has 0 polygons
2026-09-25 04:19:51 +0000: Memory Usage (425580K) : metal4_text has 0 polygons
2026-09-25 04:19:51 +0000: Memory Usage (425836K) : metal4_opc has 0 polygons
2026-09-25 04:19:51 +0000: Memory Usage (425836K) : metal4_noqrc has 0 polygons
2026-09-25 04:19:51 +0000: Memory Usage (425836K) : metal4_res has 0 polygons
2026-09-25 04:19:51 +0000: Memory Usage (426092K) : metal4_iprobe has 0 polygons
2026-09-25 04:19:51 +0000: Memory Usage (426092K) : metal4_diffprb has 0 polygons
2026-09-25 04:19:51 +0000: Memory Usage (426092K) : heattrans_drw has 0 polygons
2026-09-25 04:19:51 +0000: Memory Usage (426348K) : heatres_drw has 0 polygons
2026-09-25 04:19:51 +0000: Memory Usage (426348K) : pempoly_drw has 0 polygons
2026-09-25 04:19:51 +0000: Memory Usage (426604K) : fbe_drw has 0 polygons
2026-09-25 04:19:51 +0000: Memory Usage (426604K) : empoly_drw has 0 polygons
2026-09-25 04:19:51 +0000: Memory Usage (426604K) : ldmos_drw has 0 polygons
2026-09-25 04:19:51 +0000: Memory Usage (426860K) : pbiwind_drw has 0 polygons
2026-09-25 04:19:51 +0000: Memory Usage (426860K) : digisub_drw has 0 polygons
2026-09-25 04:19:51 +0000: Memory Usage (427116K) : nodrc_drw has 0 polygons
2026-09-25 04:19:51 +0000: Memory Usage (427116K) : text_drw has 386 polygons
2026-09-25 04:19:51 +0000: Memory Usage (427116K) : via4_drw has 0 polygons
2026-09-25 04:19:51 +0000: Memory Usage (427116K) : metal5_drw has 0 polygons
2026-09-25 04:19:51 +0000: Memory Usage (427372K) : metal5_pin has 0 polygons
2026-09-25 04:19:51 +0000: Memory Usage (427372K) : metal5_mask has 0 polygons
2026-09-25 04:19:51 +0000: Memory Usage (427628K) : metal5_filler has 0 polygons
2026-09-25 04:19:51 +0000: Memory Usage (427628K) : metal5_nofill has 0 polygons
2026-09-25 04:19:51 +0000: Memory Usage (427628K) : metal5_slit has 0 polygons
2026-09-25 04:19:51 +0000: Memory Usage (427628K) : metal5_text has 0 polygons
2026-09-25 04:19:51 +0000: Memory Usage (427628K) : metal5_opc has 0 polygons
2026-09-25 04:19:51 +0000: Memory Usage (427628K) : metal5_noqrc has 0 polygons
2026-09-25 04:19:51 +0000: Memory Usage (427628K) : metal5_res has 0 polygons
2026-09-25 04:19:51 +0000: Memory Usage (427628K) : metal5_iprobe has 0 polygons
2026-09-25 04:19:51 +0000: Memory Usage (427628K) : metal5_diffprb has 0 polygons
2026-09-25 04:19:51 +0000: Memory Usage (427628K) : radhard_drw has 0 polygons
2026-09-25 04:19:51 +0000: Memory Usage (427628K) : memcap_drw has 0 polygons
2026-09-25 04:19:51 +0000: Memory Usage (427628K) : varicap_drw has 0 polygons
2026-09-25 04:19:51 +0000: Memory Usage (427628K) : flash_drw has 0 polygons
2026-09-25 04:19:51 +0000: Memory Usage (427628K) : intbondvia_drw has 0 polygons
2026-09-25 04:19:51 +0000: Memory Usage (427628K) : intbondmet_drw has 0 polygons
2026-09-25 04:19:51 +0000: Memory Usage (427628K) : devbondvia_drw has 0 polygons
2026-09-25 04:19:51 +0000: Memory Usage (427628K) : devbondmet_drw has 0 polygons
2026-09-25 04:19:51 +0000: Memory Usage (427628K) : devtrench_drw has 0 polygons
2026-09-25 04:19:51 +0000: Memory Usage (427628K) : redist_drw has 0 polygons
2026-09-25 04:19:51 +0000: Memory Usage (427628K) : graphbot_drw has 0 polygons
2026-09-25 04:19:51 +0000: Memory Usage (427628K) : graphtop_drw has 0 polygons
2026-09-25 04:19:51 +0000: Memory Usage (427628K) : antvia1_drw has 0 polygons
2026-09-25 04:19:51 +0000: Memory Usage (427628K) : antmetal2_drw has 0 polygons
2026-09-25 04:19:51 +0000: Memory Usage (427628K) : graphcont_drw has 0 polygons
2026-09-25 04:19:51 +0000: Memory Usage (427628K) : siwg_drw has 0 polygons
2026-09-25 04:19:51 +0000: Memory Usage (427628K) : siwg_filler has 0 polygons
2026-09-25 04:19:51 +0000: Memory Usage (427628K) : siwg_nofill has 0 polygons
2026-09-25 04:19:51 +0000: Memory Usage (427628K) : sigrating_drw has 0 polygons
2026-09-25 04:19:51 +0000: Memory Usage (427628K) : singrating_drw has 0 polygons
2026-09-25 04:19:51 +0000: Memory Usage (427628K) : graphpas_drw has 0 polygons
2026-09-25 04:19:51 +0000: Memory Usage (427628K) : emwind3_drw has 0 polygons
2026-09-25 04:19:51 +0000: Memory Usage (427628K) : emwihv3_drw has 0 polygons
2026-09-25 04:19:51 +0000: Memory Usage (427628K) : redbulay_drw has 0 polygons
2026-09-25 04:19:51 +0000: Memory Usage (427628K) : smos_drw has 0 polygons
2026-09-25 04:19:51 +0000: Memory Usage (427628K) : graphpad_drw has 0 polygons
2026-09-25 04:19:51 +0000: Memory Usage (427628K) : polimide_drw has 0 polygons
2026-09-25 04:19:51 +0000: Memory Usage (427628K) : polimide_pin has 0 polygons
2026-09-25 04:19:51 +0000: Memory Usage (427628K) : recog_drw has 0 polygons
2026-09-25 04:19:51 +0000: Memory Usage (427628K) : recog_pin has 0 polygons
2026-09-25 04:19:51 +0000: Memory Usage (427628K) : recog_esd has 0 polygons
2026-09-25 04:19:51 +0000: Memory Usage (427628K) : recog_diode has 0 polygons
2026-09-25 04:19:51 +0000: Memory Usage (427884K) : recog_tsv has 0 polygons
2026-09-25 04:19:51 +0000: Memory Usage (427884K) : recog_iprobe has 0 polygons
2026-09-25 04:19:51 +0000: Memory Usage (427884K) : recog_diffprb has 0 polygons
2026-09-25 04:19:51 +0000: Memory Usage (427884K) : recog_pillar has 0 polygons
2026-09-25 04:19:51 +0000: Memory Usage (427884K) : recog_sbump has 0 polygons
2026-09-25 04:19:51 +0000: Memory Usage (427884K) : recog_otp has 0 polygons
2026-09-25 04:19:51 +0000: Memory Usage (427884K) : recog_pdiode has 0 polygons
2026-09-25 04:19:51 +0000: Memory Usage (427884K) : recog_mom has 0 polygons
2026-09-25 04:19:51 +0000: Memory Usage (427884K) : recog_pcm has 0 polygons
2026-09-25 04:19:51 +0000: Memory Usage (427884K) : colopen_drw has 0 polygons
2026-09-25 04:19:51 +0000: Memory Usage (427884K) : graphmetal1_drw has 0 polygons
2026-09-25 04:19:51 +0000: Memory Usage (427884K) : graphmetal1_filler has 0 polygons
2026-09-25 04:19:51 +0000: Memory Usage (427884K) : graphmetal1_nofill has 0 polygons
2026-09-25 04:19:51 +0000: Memory Usage (427884K) : graphmetal1_slit has 0 polygons
2026-09-25 04:19:51 +0000: Memory Usage (427884K) : graphmetal1_opc has 0 polygons
2026-09-25 04:19:51 +0000: Memory Usage (427884K) : graphmet1l_drw has 0 polygons
2026-09-25 04:19:51 +0000: Memory Usage (427884K) : graphmet1l_filler has 0 polygons
2026-09-25 04:19:51 +0000: Memory Usage (427884K) : graphmet1l_nofill has 0 polygons
2026-09-25 04:19:51 +0000: Memory Usage (427884K) : graphmet1l_slit has 0 polygons
2026-09-25 04:19:51 +0000: Memory Usage (427884K) : graphmet1l_opc has 0 polygons
2026-09-25 04:19:51 +0000: Memory Usage (427884K) : extblock_drw has 0 polygons
2026-09-25 04:19:51 +0000: Memory Usage (427884K) : nldd_drw has 0 polygons
2026-09-25 04:19:51 +0000: Memory Usage (427884K) : pldd_drw has 0 polygons
2026-09-25 04:19:51 +0000: Memory Usage (427884K) : next_drw has 0 polygons
2026-09-25 04:19:51 +0000: Memory Usage (427884K) : pext_drw has 0 polygons
2026-09-25 04:19:51 +0000: Memory Usage (427884K) : nexthv_drw has 0 polygons
2026-09-25 04:19:51 +0000: Memory Usage (427884K) : pexthv_drw has 0 polygons
2026-09-25 04:19:51 +0000: Memory Usage (427884K) : graphgate_drw has 0 polygons
2026-09-25 04:19:51 +0000: Memory Usage (427884K) : sinwg_drw has 0 polygons
2026-09-25 04:19:51 +0000: Memory Usage (427884K) : sinwg_filler has 0 polygons
2026-09-25 04:19:51 +0000: Memory Usage (427884K) : sinwg_nofill has 0 polygons
2026-09-25 04:19:51 +0000: Memory Usage (427884K) : mempad_drw has 0 polygons
2026-09-25 04:19:51 +0000: Memory Usage (427884K) : topvia1_drw has 0 polygons
2026-09-25 04:19:51 +0000: Memory Usage (427884K) : topmetal1_drw has 0 polygons
2026-09-25 04:19:51 +0000: Memory Usage (427884K) : topmetal1_pin has 0 polygons
2026-09-25 04:19:51 +0000: Memory Usage (427884K) : topmetal1_mask has 0 polygons
2026-09-25 04:19:51 +0000: Memory Usage (427884K) : topmetal1_filler has 0 polygons
2026-09-25 04:19:51 +0000: Memory Usage (427884K) : topmetal1_nofill has 0 polygons
2026-09-25 04:19:51 +0000: Memory Usage (427884K) : topmetal1_slit has 0 polygons
2026-09-25 04:19:51 +0000: Memory Usage (427884K) : topmetal1_text has 0 polygons
2026-09-25 04:19:51 +0000: Memory Usage (427884K) : topmetal1_noqrc has 0 polygons
2026-09-25 04:19:51 +0000: Memory Usage (427884K) : topmetal1_res has 0 polygons
2026-09-25 04:19:51 +0000: Memory Usage (427884K) : topmetal1_iprobe has 0 polygons
2026-09-25 04:19:51 +0000: Memory Usage (427884K) : topmetal1_diffprb has 0 polygons
2026-09-25 04:19:51 +0000: Memory Usage (427884K) : inldpwl_drw has 0 polygons
2026-09-25 04:19:51 +0000: Memory Usage (427884K) : polyres_drw has 0 polygons
2026-09-25 04:19:51 +0000: Memory Usage (427884K) : polyres_pin has 0 polygons
2026-09-25 04:19:51 +0000: Memory Usage (427884K) : vmim_drw has 0 polygons
2026-09-25 04:19:51 +0000: Memory Usage (427884K) : nbulaycut_drw has 0 polygons
2026-09-25 04:19:51 +0000: Memory Usage (427884K) : antmetal1_drw has 0 polygons
2026-09-25 04:19:51 +0000: Memory Usage (427884K) : topvia2_drw has 0 polygons
2026-09-25 04:19:51 +0000: Memory Usage (427884K) : topmetal2_drw has 0 polygons
2026-09-25 04:19:51 +0000: Memory Usage (427884K) : topmetal2_pin has 0 polygons
2026-09-25 04:19:51 +0000: Memory Usage (427884K) : topmetal2_mask has 0 polygons
2026-09-25 04:19:51 +0000: Memory Usage (427884K) : topmetal2_filler has 0 polygons
2026-09-25 04:19:51 +0000: Memory Usage (427884K) : topmetal2_nofill has 0 polygons
2026-09-25 04:19:51 +0000: Memory Usage (427884K) : topmetal2_slit has 0 polygons
2026-09-25 04:19:51 +0000: Memory Usage (427884K) : topmetal2_text has 0 polygons
2026-09-25 04:19:51 +0000: Memory Usage (427884K) : topmetal2_noqrc has 0 polygons
2026-09-25 04:19:51 +0000: Memory Usage (427884K) : topmetal2_res has 0 polygons
2026-09-25 04:19:51 +0000: Memory Usage (427884K) : topmetal2_iprobe has 0 polygons
2026-09-25 04:19:51 +0000: Memory Usage (427884K) : topmetal2_diffprb has 0 polygons
2026-09-25 04:19:51 +0000: Memory Usage (427884K) : snsring_drw has 0 polygons
2026-09-25 04:19:51 +0000: Memory Usage (427884K) : sensor_drw has 0 polygons
2026-09-25 04:19:51 +0000: Memory Usage (427884K) : snsarms_drw has 0 polygons
2026-09-25 04:19:51 +0000: Memory Usage (427884K) : snscmosvia_drw has 0 polygons
2026-09-25 04:19:51 +0000: Memory Usage (427884K) : colwind_drw has 0 polygons
2026-09-25 04:19:51 +0000: Memory Usage (427884K) : flm_drw has 0 polygons
2026-09-25 04:19:51 +0000: Memory Usage (427884K) : hafniumox_drw has 0 polygons
2026-09-25 04:19:51 +0000: Memory Usage (427884K) : memvia_drw has 0 polygons
2026-09-25 04:19:51 +0000: Memory Usage (427884K) : thinfilmres_drw has 0 polygons
2026-09-25 04:19:51 +0000: Memory Usage (427884K) : rfmem_drw has 0 polygons
2026-09-25 04:19:51 +0000: Memory Usage (427884K) : norcx_drw has 0 polygons
2026-09-25 04:19:51 +0000: Memory Usage (427884K) : norcx_m2m3 has 0 polygons
2026-09-25 04:19:51 +0000: Memory Usage (427884K) : norcx_m2m4 has 0 polygons
2026-09-25 04:19:51 +0000: Memory Usage (427884K) : norcx_m2m5 has 0 polygons
2026-09-25 04:19:51 +0000: Memory Usage (427884K) : norcx_m2tm1 has 0 polygons
2026-09-25 04:19:51 +0000: Memory Usage (427884K) : norcx_m2tm2 has 0 polygons
2026-09-25 04:19:51 +0000: Memory Usage (427884K) : norcx_m3m4 has 0 polygons
2026-09-25 04:19:51 +0000: Memory Usage (427884K) : norcx_m3m5 has 0 polygons
2026-09-25 04:19:51 +0000: Memory Usage (427884K) : norcx_m3tm1 has 0 polygons
2026-09-25 04:19:51 +0000: Memory Usage (427884K) : norcx_m3tm2 has 0 polygons
2026-09-25 04:19:51 +0000: Memory Usage (427884K) : norcx_m4m5 has 0 polygons
2026-09-25 04:19:51 +0000: Memory Usage (427884K) : norcx_m4tm1 has 0 polygons
2026-09-25 04:19:51 +0000: Memory Usage (427884K) : norcx_m4tm2 has 0 polygons
2026-09-25 04:19:51 +0000: Memory Usage (427884K) : norcx_m5tm1 has 0 polygons
2026-09-25 04:19:51 +0000: Memory Usage (427884K) : norcx_m5tm2 has 0 polygons
2026-09-25 04:19:51 +0000: Memory Usage (427884K) : norcx_tm1tm2 has 0 polygons
2026-09-25 04:19:51 +0000: Memory Usage (427884K) : norcx_m1sub has 0 polygons
2026-09-25 04:19:51 +0000: Memory Usage (427884K) : norcx_m2sub has 0 polygons
2026-09-25 04:19:51 +0000: Memory Usage (427884K) : norcx_m3sub has 0 polygons
2026-09-25 04:19:51 +0000: Memory Usage (427884K) : norcx_m4sub has 0 polygons
2026-09-25 04:19:51 +0000: Memory Usage (427884K) : norcx_m5sub has 0 polygons
2026-09-25 04:19:51 +0000: Memory Usage (427884K) : norcx_tm1sub has 0 polygons
2026-09-25 04:19:51 +0000: Memory Usage (427884K) : norcx_tm2sub has 0 polygons
2026-09-25 04:19:51 +0000: Memory Usage (427884K) : snsbotvia_drw has 0 polygons
2026-09-25 04:19:51 +0000: Memory Usage (427884K) : snstopvia_drw has 0 polygons
2026-09-25 04:19:51 +0000: Memory Usage (427884K) : deepvia_drw has 0 polygons
2026-09-25 04:19:51 +0000: Memory Usage (427884K) : fgetch_drw has 0 polygons
2026-09-25 04:19:51 +0000: Memory Usage (427884K) : ctrgat_drw has 0 polygons
2026-09-25 04:19:51 +0000: Memory Usage (427884K) : fgimp_drw has 0 polygons
2026-09-25 04:19:51 +0000: Memory Usage (427884K) : emwihv_drw has 0 polygons
2026-09-25 04:19:51 +0000: Memory Usage (427884K) : lbe_drw has 0 polygons
2026-09-25 04:19:51 +0000: Memory Usage (427884K) : alcustop_drw has 0 polygons
2026-09-25 04:19:51 +0000: Memory Usage (427884K) : nometfiller_drw has 0 polygons
2026-09-25 04:19:51 +0000: Memory Usage (427884K) : prboundary_drw has 0 polygons
2026-09-25 04:19:51 +0000: Memory Usage (427884K) : exchange0_drw has 0 polygons
2026-09-25 04:19:51 +0000: Memory Usage (427884K) : exchange0_pin has 0 polygons
2026-09-25 04:19:51 +0000: Memory Usage (427884K) : exchange0_text has 0 polygons
2026-09-25 04:19:51 +0000: Memory Usage (427884K) : exchange1_drw has 0 polygons
2026-09-25 04:19:51 +0000: Memory Usage (427884K) : exchange1_pin has 0 polygons
2026-09-25 04:19:51 +0000: Memory Usage (427884K) : exchange1_text has 0 polygons
2026-09-25 04:19:51 +0000: Memory Usage (427884K) : exchange2_drw has 0 polygons
2026-09-25 04:19:51 +0000: Memory Usage (427884K) : exchange2_pin has 0 polygons
2026-09-25 04:19:51 +0000: Memory Usage (427884K) : exchange2_text has 0 polygons
2026-09-25 04:19:51 +0000: Memory Usage (427884K) : exchange3_drw has 0 polygons
2026-09-25 04:19:51 +0000: Memory Usage (427884K) : exchange3_pin has 0 polygons
2026-09-25 04:19:51 +0000: Memory Usage (427884K) : exchange3_text has 0 polygons
2026-09-25 04:19:51 +0000: Memory Usage (427884K) : exchange4_drw has 0 polygons
2026-09-25 04:19:51 +0000: Memory Usage (427884K) : exchange4_pin has 0 polygons
2026-09-25 04:19:51 +0000: Memory Usage (427884K) : exchange4_text has 0 polygons
2026-09-25 04:19:51 +0000: Memory Usage (427884K) : isonwell_drw has 0 polygons
2026-09-25 04:19:51 +0000: Memory Usage (427884K) : Total no. of polygons in the design is 2119
2026-09-25 04:19:51 +0000: Memory Usage (427884K) : Loaded TECH DRC rules values from /pdk/libs.tech/klayout/tech/drc/tech_mod_relaxed.json
2026-09-25 04:19:51 +0000: Memory Usage (427884K) : Loaded default DRC rules values from /pdk/libs.tech/klayout/tech/drc/rule_decks/sg13g2_tech_default.json
2026-09-25 04:19:51 +0000: Memory Usage (427884K) : The following rules values were missing in tech json and default values were used:
2026-09-25 04:19:51 +0000: Memory Usage (427884K) :   - Cnt_c_digibnd
2026-09-25 04:19:51 +0000: Memory Usage (428160K) : Total area of the design is 112.0064 um^2.
2026-09-25 04:19:51 +0000: Memory Usage (428160K) : The design dimensions are 5.920000000000001 µm * 18.919999999999998 µm.
2026-09-25 04:19:51 +0000: Memory Usage (428160K) : Starting general IHP-SG13G2 derivations.
2026-09-25 04:19:51 +0000: Memory Usage (428160K) : Starting Pwell derivations
2026-09-25 04:19:51 +0000: Memory Usage (428160K) : Starting n-Activ derivations
2026-09-25 04:19:51 +0000: Memory Usage (428160K) : Starting p-Activ derivations
2026-09-25 04:19:51 +0000: Memory Usage (428160K) : Starting ptap derivations
2026-09-25 04:19:51 +0000: Memory Usage (428160K) : Starting ntap derivations
2026-09-25 04:19:51 +0000: Memory Usage (428160K) : Starting pact FET derivations
2026-09-25 04:19:51 +0000: Memory Usage (428160K) : Starting nact FET derivations
2026-09-25 04:19:51 +0000: Memory Usage (428160K) : Starting Gate derivations
2026-09-25 04:19:51 +0000: Memory Usage (428160K) : Starting cont/contbar general derivations
2026-09-25 04:19:51 +0000: Memory Usage (428160K) : Starting pad general derivations
2026-09-25 04:19:51 +0000: Memory Usage (428160K) : Starting IHP-SG13G2 DRC connectivity related derivations.
2026-09-25 04:19:51 +0000: Memory Usage (428416K) : Starting IHP-SG13G2 DRC connectivity setup
2026-09-25 04:19:51 +0000: Memory Usage (429184K) : Starting IHP-SG13G2 DRC rules.
2026-09-25 04:19:51 +0000: Memory Usage (429184K) : Running all FEOL rules
2026-09-25 04:19:51 +0000: Memory Usage (429184K) : Running all BEOL rules
2026-09-25 04:19:51 +0000: Memory Usage (429184K) : Running all PIN rules
2026-09-25 04:19:51 +0000: Memory Usage (429184K) : Running all FORBIDDEN rules
2026-09-25 04:19:51 +0000: Memory Usage (429184K) : Starting 5.1 NWell table
2026-09-25 04:19:51 +0000: Memory Usage (429184K) : Executing rule NW.b
2026-09-25 04:19:51 +0000: Memory Usage (430208K) : Executing rule NW.b1
2026-09-25 04:19:51 +0000: Memory Usage (430208K) : Starting 5.2 PWell:block
2026-09-25 04:19:51 +0000: Memory Usage (430208K) : Executing rule PWB.e
2026-09-25 04:19:51 +0000: Memory Usage (430208K) : Executing rule PWB.e1
2026-09-25 04:19:51 +0000: Memory Usage (430208K) : Executing rule PWB.f
2026-09-25 04:19:51 +0000: Memory Usage (430208K) : Executing rule PWB.f1
2026-09-25 04:19:51 +0000: Memory Usage (430208K) : Starting 5.3 nBuLay table
2026-09-25 04:19:51 +0000: Memory Usage (430208K) : Executing rule NBL.b
2026-09-25 04:19:51 +0000: Memory Usage (430208K) : Executing rule NBL.c
2026-09-25 04:19:51 +0000: Memory Usage (430208K) : Executing rule NBL.d
2026-09-25 04:19:51 +0000: Memory Usage (430208K) : Executing rule NBL.e
2026-09-25 04:19:51 +0000: Memory Usage (430208K) : Executing rule NBL.f
2026-09-25 04:19:51 +0000: Memory Usage (430208K) : Starting 5.5. Activ table
2026-09-25 04:19:51 +0000: Memory Usage (430208K) : Executing rule Act.a
2026-09-25 04:19:51 +0000: Memory Usage (430208K) : Executing rule Act.b
2026-09-25 04:19:51 +0000: Memory Usage (430500K) : Starting 5.6 Activ:filler table
2026-09-25 04:19:51 +0000: Memory Usage (430500K) : Executing rule AFil.c1
2026-09-25 04:19:51 +0000: Memory Usage (430500K) : Executing rule AFil.c
2026-09-25 04:19:51 +0000: Memory Usage (430500K) : Executing rule AFil.d
2026-09-25 04:19:51 +0000: Memory Usage (430500K) : Executing rule AFil.e
2026-09-25 04:19:51 +0000: Memory Usage (430500K) : Executing rule AFil.j
2026-09-25 04:19:51 +0000: Memory Usage (430500K) : Starting 5.7. ThickGateOx table
2026-09-25 04:19:51 +0000: Memory Usage (430500K) : Executing rule TGO.f
2026-09-25 04:19:51 +0000: Memory Usage (430500K) : Starting 5.8. GatPoly table
2026-09-25 04:19:51 +0000: Memory Usage (430500K) : Executing rule Gat.a
2026-09-25 04:19:51 +0000: Memory Usage (430500K) : Executing rule Gat.b
2026-09-25 04:19:51 +0000: Memory Usage (430500K) : Executing rule Gat.d
2026-09-25 04:19:51 +0000: Memory Usage (430500K) : Executing rule Gat.a1
2026-09-25 04:19:51 +0000: Memory Usage (430756K) : Executing rule Gat.a2
2026-09-25 04:19:51 +0000: Memory Usage (430756K) : Executing rule Gat.g
2026-09-25 04:19:51 +0000: Memory Usage (430756K) : Starting 5.9 GatPoly:filler
2026-09-25 04:19:51 +0000: Memory Usage (430756K) : Executing rule GFil.d
2026-09-25 04:19:51 +0000: Memory Usage (430756K) : Executing rule GFil.e
2026-09-25 04:19:51 +0000: Memory Usage (430756K) : Executing rule GFil.i
2026-09-25 04:19:51 +0000: Memory Usage (430756K) : Starting 5.10 pSD table
2026-09-25 04:19:51 +0000: Memory Usage (430756K) : Executing rule pSD.c1
2026-09-25 04:19:51 +0000: Memory Usage (430756K) : Starting 5.14. Cont table
2026-09-25 04:19:51 +0000: Memory Usage (430756K) : Executing rule Cnt.a
2026-09-25 04:19:51 +0000: Memory Usage (430756K) : Executing rule Cnt.b
2026-09-25 04:19:51 +0000: Memory Usage (430756K) : Executing rule Cnt.c
2026-09-25 04:19:51 +0000: Memory Usage (430756K) : Executing rule Cnt.c
2026-09-25 04:19:51 +0000: Memory Usage (431012K) : Executing rule Cnt.d
2026-09-25 04:19:51 +0000: Memory Usage (431012K) : Executing rule Cnt.e
2026-09-25 04:19:51 +0000: Memory Usage (431012K) : Executing rule Cnt.g1
2026-09-25 04:19:51 +0000: Memory Usage (431012K) : Executing rule Cnt.g2
2026-09-25 04:19:51 +0000: Memory Usage (431012K) : Starting 5.15. ContBar table
2026-09-25 04:19:51 +0000: Memory Usage (431012K) : Executing rule CntB.b1
2026-09-25 04:19:51 +0000: Memory Usage (431012K) : Executing rule CntB.h1
2026-09-25 04:19:51 +0000: Memory Usage (431012K) : Starting 6.1.3 NPN Substrate-Tie table
2026-09-25 04:19:51 +0000: Memory Usage (431012K) : Executing rule npn13G2.bR 
2026-09-25 04:19:51 +0000: Memory Usage (431012K) : Executing rule npn13G2L.cR 
2026-09-25 04:19:51 +0000: Memory Usage (431012K) : Executing rule npn13G2V.cR 
2026-09-25 04:19:51 +0000: Memory Usage (431012K) : Starting 6.7 Schottky diode table
2026-09-25 04:19:51 +0000: Memory Usage (431012K) : Executing rule Sdiod.d
2026-09-25 04:19:51 +0000: Memory Usage (431012K) : Executing rule Sdiod.e
2026-09-25 04:19:51 +0000: Memory Usage (431012K) : Starting 7.2 Latch-up table
2026-09-25 04:19:51 +0000: Memory Usage (431012K) : Executing rule LU.b
2026-09-25 04:19:51 +0000: Memory Usage (431268K) : Starting 5.16. Metal1 table
2026-09-25 04:19:51 +0000: Memory Usage (431268K) : Executing rule M1.a
2026-09-25 04:19:51 +0000: Memory Usage (431268K) : Executing rule M1.b
2026-09-25 04:19:51 +0000: Memory Usage (431268K) : Executing rule M1.e
2026-09-25 04:19:51 +0000: Memory Usage (431268K) : Executing rule M1.f
2026-09-25 04:19:51 +0000: Memory Usage (431268K) : Executing rule M1.g
2026-09-25 04:19:51 +0000: Memory Usage (431268K) : Executing rule M1.i
2026-09-25 04:19:51 +0000: Memory Usage (431268K) : Starting 5.17 Metaln table
2026-09-25 04:19:51 +0000: Memory Usage (431268K) : Executing rule M2.a
2026-09-25 04:19:51 +0000: Memory Usage (431268K) : Executing rule M2.b
2026-09-25 04:19:51 +0000: Memory Usage (431268K) : Executing rule M2.e
2026-09-25 04:19:51 +0000: Memory Usage (431268K) : Executing rule M2.f
2026-09-25 04:19:51 +0000: Memory Usage (431268K) : Executing rule M2.g
2026-09-25 04:19:51 +0000: Memory Usage (431268K) : Executing rule M2.i
2026-09-25 04:19:51 +0000: Memory Usage (431268K) : Executing rule M3.a
2026-09-25 04:19:51 +0000: Memory Usage (431268K) : Executing rule M3.b
2026-09-25 04:19:51 +0000: Memory Usage (431268K) : Executing rule M3.e
2026-09-25 04:19:51 +0000: Memory Usage (431268K) : Executing rule M3.f
2026-09-25 04:19:51 +0000: Memory Usage (431268K) : Executing rule M3.g
2026-09-25 04:19:51 +0000: Memory Usage (431268K) : Executing rule M3.i
2026-09-25 04:19:51 +0000: Memory Usage (431268K) : Executing rule M4.a
2026-09-25 04:19:51 +0000: Memory Usage (431268K) : Executing rule M4.b
2026-09-25 04:19:51 +0000: Memory Usage (431268K) : Executing rule M4.e
2026-09-25 04:19:51 +0000: Memory Usage (431268K) : Executing rule M4.f
2026-09-25 04:19:51 +0000: Memory Usage (431268K) : Executing rule M4.g
2026-09-25 04:19:51 +0000: Memory Usage (431268K) : Executing rule M4.i
2026-09-25 04:19:51 +0000: Memory Usage (431268K) : Executing rule M5.a
2026-09-25 04:19:51 +0000: Memory Usage (431268K) : Executing rule M5.b
2026-09-25 04:19:51 +0000: Memory Usage (431268K) : Executing rule M5.e
2026-09-25 04:19:51 +0000: Memory Usage (431268K) : Executing rule M5.f
2026-09-25 04:19:51 +0000: Memory Usage (431268K) : Executing rule M5.g
2026-09-25 04:19:51 +0000: Memory Usage (431268K) : Executing rule M5.i
2026-09-25 04:19:51 +0000: Memory Usage (431268K) : Starting 5.18 Metaln:filler table
2026-09-25 04:19:51 +0000: Memory Usage (431268K) : Executing rule M1Fil.c
2026-09-25 04:19:51 +0000: Memory Usage (431268K) : Executing rule M1Fil.a2
2026-09-25 04:19:51 +0000: Memory Usage (431268K) : Executing rule M2Fil.c
2026-09-25 04:19:51 +0000: Memory Usage (431268K) : Executing rule M2Fil.a2
2026-09-25 04:19:51 +0000: Memory Usage (431268K) : Executing rule M3Fil.c
2026-09-25 04:19:51 +0000: Memory Usage (431268K) : Executing rule M3Fil.a2
2026-09-25 04:19:51 +0000: Memory Usage (431268K) : Executing rule M4Fil.c
2026-09-25 04:19:51 +0000: Memory Usage (431268K) : Executing rule M4Fil.a2
2026-09-25 04:19:51 +0000: Memory Usage (431268K) : Executing rule M5Fil.c
2026-09-25 04:19:51 +0000: Memory Usage (431268K) : Executing rule M5Fil.a2
2026-09-25 04:19:51 +0000: Memory Usage (431268K) : Starting 5.19. Via1 table
2026-09-25 04:19:51 +0000: Memory Usage (431268K) : Starting 5.19. Via1 table derivations
2026-09-25 04:19:51 +0000: Memory Usage (431268K) : Executing rule V1.a
2026-09-25 04:19:51 +0000: Memory Usage (431268K) : Executing rule V1.b
2026-09-25 04:19:51 +0000: Memory Usage (431268K) : Executing rule V1.c
2026-09-25 04:19:51 +0000: Memory Usage (431268K) : Starting 5.20. Vian table
2026-09-25 04:19:51 +0000: Memory Usage (431268K) : Executing rule V2.a
2026-09-25 04:19:51 +0000: Memory Usage (431268K) : Executing rule V2.b
2026-09-25 04:19:51 +0000: Memory Usage (431268K) : Executing rule V2.c
2026-09-25 04:19:51 +0000: Memory Usage (431268K) : Executing rule V3.a
2026-09-25 04:19:51 +0000: Memory Usage (431268K) : Executing rule V3.b
2026-09-25 04:19:51 +0000: Memory Usage (431268K) : Executing rule V3.c
2026-09-25 04:19:51 +0000: Memory Usage (431268K) : Executing rule V4.a
2026-09-25 04:19:51 +0000: Memory Usage (431268K) : Executing rule V4.b
2026-09-25 04:19:51 +0000: Memory Usage (431268K) : Executing rule V4.c
2026-09-25 04:19:51 +0000: Memory Usage (431268K) : Starting 5.21. TopVia1 table
2026-09-25 04:19:51 +0000: Memory Usage (431268K) : Executing rule TV1.a
2026-09-25 04:19:51 +0000: Memory Usage (431268K) : Executing rule TV1.b
2026-09-25 04:19:51 +0000: Memory Usage (431268K) : Executing rule TV1.c
2026-09-25 04:19:51 +0000: Memory Usage (431268K) : Executing rule TV1.d
2026-09-25 04:19:51 +0000: Memory Usage (431268K) : Starting 5.22. TopMetal1 table
2026-09-25 04:19:51 +0000: Memory Usage (431268K) : Executing rule TM1.a
2026-09-25 04:19:51 +0000: Memory Usage (431268K) : Executing rule TM1.b
2026-09-25 04:19:51 +0000: Memory Usage (431268K) : Starting 5.23 TopMetal1:filler table
2026-09-25 04:19:51 +0000: Memory Usage (431268K) : Executing rule TM1Fil.c
2026-09-25 04:19:51 +0000: Memory Usage (431268K) : Executing rule TM1Fil.a1
2026-09-25 04:19:51 +0000: Memory Usage (431268K) : Starting 5.24. TopVia2 table
2026-09-25 04:19:51 +0000: Memory Usage (431268K) : Executing rule TV2.a
2026-09-25 04:19:51 +0000: Memory Usage (431268K) : Executing rule TV2.b
2026-09-25 04:19:51 +0000: Memory Usage (431268K) : Executing rule TV2.c
2026-09-25 04:19:51 +0000: Memory Usage (431268K) : Executing rule TV2.d
2026-09-25 04:19:51 +0000: Memory Usage (431268K) : Starting 5.25. TopMetal2 table
2026-09-25 04:19:51 +0000: Memory Usage (431268K) : Executing rule TM2.a
2026-09-25 04:19:51 +0000: Memory Usage (431268K) : Executing rule TM2.b
2026-09-25 04:19:51 +0000: Memory Usage (431268K) : Executing rule TM2.bR
2026-09-25 04:19:51 +0000: Memory Usage (431268K) : Starting 5.26 TopMetal2:filler table
2026-09-25 04:19:51 +0000: Memory Usage (431268K) : Executing rule TM2Fil.c
2026-09-25 04:19:51 +0000: Memory Usage (431268K) : Executing rule TM2Fil.a1
2026-09-25 04:19:51 +0000: Memory Usage (431268K) : Starting 5.27. Passiv table
2026-09-25 04:19:51 +0000: Memory Usage (431268K) : Executing rule Pas.a
2026-09-25 04:19:51 +0000: Memory Usage (431268K) : Executing rule Pas.b
2026-09-25 04:19:51 +0000: Memory Usage (431268K) : Executing rule Pas.c
2026-09-25 04:19:51 +0000: Memory Usage (431268K) : Starting 6.9.2 Copper Pillar table
2026-09-25 04:19:51 +0000: Memory Usage (431268K) : Executing rule Padc.a
2026-09-25 04:19:51 +0000: Memory Usage (431268K) : Executing rule Padc.b
2026-09-25 04:19:51 +0000: Memory Usage (431268K) : Executing rule Padc.c
2026-09-25 04:19:51 +0000: Memory Usage (431268K) : Executing rule Padb.f
2026-09-25 04:19:51 +0000: Memory Usage (431268K) : Starting 6.9 Pad table
2026-09-25 04:19:51 +0000: Memory Usage (431268K) : Executing rule Pad.m
2026-09-25 04:19:51 +0000: Memory Usage (431268K) : Executing rule Pad.fR_M1
2026-09-25 04:19:51 +0000: Memory Usage (431524K) : Executing rule Pad.fR_M2
2026-09-25 04:19:51 +0000: Memory Usage (431524K) : Executing rule Pad.fR_M3
2026-09-25 04:19:51 +0000: Memory Usage (431524K) : Executing rule Pad.fR_M4
2026-09-25 04:19:51 +0000: Memory Usage (431524K) : Executing rule Pad.fR_M5
2026-09-25 04:19:51 +0000: Memory Usage (431524K) : Executing rule Pad.fR_TM1
2026-09-25 04:19:51 +0000: Memory Usage (431524K) : Executing rule Pad.fR_TM2
2026-09-25 04:19:51 +0000: Memory Usage (431524K) : Executing rule Pad.i
2026-09-25 04:19:51 +0000: Memory Usage (431524K) : Starting 6.9.1 Solder Bump
2026-09-25 04:19:51 +0000: Memory Usage (431524K) : Executing rule Padb.a
2026-09-25 04:19:51 +0000: Memory Usage (431524K) : Executing rule Padb.b
2026-09-25 04:19:51 +0000: Memory Usage (431524K) : Executing rule Padb.c
2026-09-25 04:19:51 +0000: Memory Usage (431524K) : Executing rule Padb.f
2026-09-25 04:19:51 +0000: Memory Usage (431524K) : Executing rule Padb.d
2026-09-25 04:19:51 +0000: Memory Usage (431524K) : Starting 6.10 Sealring table
2026-09-25 04:19:51 +0000: Memory Usage (431524K) : Executing rule Seal.l
2026-09-25 04:19:51 +0000: Memory Usage (431524K) : Executing rule Seal.n
2026-09-25 04:19:51 +0000: Memory Usage (431524K) : Executing rule seal.b_metal1
2026-09-25 04:19:51 +0000: Memory Usage (431524K) : Executing rule seal.b_metal2
2026-09-25 04:19:51 +0000: Memory Usage (431524K) : Executing rule seal.b_metal3
2026-09-25 04:19:51 +0000: Memory Usage (431524K) : Executing rule seal.b_metal4
2026-09-25 04:19:51 +0000: Memory Usage (431524K) : Executing rule seal.b_metal5
2026-09-25 04:19:51 +0000: Memory Usage (431524K) : Executing rule seal.b_topmetal1
2026-09-25 04:19:51 +0000: Memory Usage (431524K) : Executing rule seal.b_topmetal2
2026-09-25 04:19:51 +0000: Memory Usage (431524K) : Executing rule seal.b_activ
2026-09-25 04:19:51 +0000: Memory Usage (431524K) : Executing rule seal.b_psd
2026-09-25 04:19:51 +0000: Memory Usage (431524K) : Executing rule Seal.k
2026-09-25 04:19:51 +0000: Memory Usage (431524K) : Executing rule Seal.m
2026-09-25 04:19:51 +0000: Memory Usage (431524K) : Starting 6.11 MIM table
2026-09-25 04:19:51 +0000: Memory Usage (431524K) : Executing rule MIM.c
2026-09-25 04:19:51 +0000: Memory Usage (431524K) : Executing rule MIM.d
2026-09-25 04:19:51 +0000: Memory Usage (431524K) : Executing rule MIM.gR
2026-09-25 04:19:51 +0000: Memory Usage (431524K) : Starting 7.3 Metal Slits table
2026-09-25 04:19:51 +0000: Memory Usage (431524K) : Executing rule Slt.e1_M1
2026-09-25 04:19:51 +0000: Memory Usage (431524K) : Executing rule Slt.e1_M2
2026-09-25 04:19:51 +0000: Memory Usage (431524K) : Executing rule Slt.e1_M3
2026-09-25 04:19:51 +0000: Memory Usage (431524K) : Executing rule Slt.e1_M4
2026-09-25 04:19:51 +0000: Memory Usage (431524K) : Executing rule Slt.e1_M5
2026-09-25 04:19:51 +0000: Memory Usage (431524K) : Executing rule Slt.e1_TM1
2026-09-25 04:19:51 +0000: Memory Usage (431524K) : Executing rule Slt.e1_TM2
2026-09-25 04:19:51 +0000: Memory Usage (431524K) : Starting 9.1. LBE table
2026-09-25 04:19:51 +0000: Memory Usage (431524K) : Executing rule LBE.a
2026-09-25 04:19:51 +0000: Memory Usage (431524K) : Executing rule LBE.b
2026-09-25 04:19:51 +0000: Memory Usage (431524K) : Executing rule LBE.b1
2026-09-25 04:19:51 +0000: Memory Usage (431524K) : Executing rule LBE.c
2026-09-25 04:19:51 +0000: Memory Usage (431524K) : Executing rule LBE.d
2026-09-25 04:19:51 +0000: Memory Usage (431524K) : Executing rule LBE.h
2026-09-25 04:19:51 +0000: Memory Usage (431524K) : Starting 7.4. PIN table
2026-09-25 04:19:51 +0000: Memory Usage (431524K) : Executing rule Pin.a
2026-09-25 04:19:51 +0000: Memory Usage (431524K) : Executing rule Pin.b
2026-09-25 04:19:51 +0000: Memory Usage (431524K) : Executing rule Pin.e
2026-09-25 04:19:51 +0000: Memory Usage (431524K) : Executing rule Pin.f_M2
2026-09-25 04:19:51 +0000: Memory Usage (431524K) : Executing rule Pin.f_M3
2026-09-25 04:19:51 +0000: Memory Usage (431524K) : Executing rule Pin.f_M4
2026-09-25 04:19:51 +0000: Memory Usage (431524K) : Executing rule Pin.f_M5
2026-09-25 04:19:51 +0000: Memory Usage (431524K) : Executing rule Pin.g
2026-09-25 04:19:51 +0000: Memory Usage (431524K) : Executing rule Pin.h
2026-09-25 04:19:51 +0000: Memory Usage (431524K) : Starting 3.2. FORBIDDEN table
2026-09-25 04:19:51 +0000: Memory Usage (431524K) : Executing rule forbidden.biwind
2026-09-25 04:19:51 +0000: Memory Usage (431524K) : Executing rule forbidden.pemwind
2026-09-25 04:19:51 +0000: Memory Usage (431524K) : Executing rule forbidden.baspoly
2026-09-25 04:19:51 +0000: Memory Usage (431524K) : Executing rule forbidden.deepco
2026-09-25 04:19:51 +0000: Memory Usage (431524K) : Executing rule forbidden.pempoly
2026-09-25 04:19:51 +0000: Memory Usage (431524K) : Executing rule forbidden.empoly
2026-09-25 04:19:51 +0000: Memory Usage (431524K) : Executing rule forbidden.ldmos
2026-09-25 04:19:51 +0000: Memory Usage (431524K) : Executing rule forbidden.pbiwind
2026-09-25 04:19:51 +0000: Memory Usage (431524K) : Executing rule forbidden.nodrc
2026-09-25 04:19:51 +0000: Memory Usage (431524K) : Executing rule forbidden.flash
2026-09-25 04:19:51 +0000: Memory Usage (431524K) : Executing rule forbidden.colwind
2026-09-25 04:19:51 +0000: Memory Usage (431780K) : KLayout DRC run for tables 'main' completed in 0.42 seconds
25-Sep-2026 04:19:51 | INFO    | =====================================================================================
25-Sep-2026 04:19:51 | INFO    | ✅ --- KLayout DRC Check Passed: No DRC violations detected in the layout. --- ✅
25-Sep-2026 04:19:51 | INFO    | =====================================================================================
25-Sep-2026 04:19:51 | INFO    | Total DRC Run time: 1.36 seconds (including execution, analysis, and reporting)
