108. Printing statistics.

=== mac16 ===

        +----------Local Count, excluding submodules.
        |        +-Local Area, excluding submodules.
        |        | 
     2030        - wires
     2121        - wire bits
        9        - public wires
      100        - public wire bits
        9        - ports
      100        - port bits
     2085 2.39E+04 cells
       57  723.946   sg13g2_a21o_1
      112 1.02E+03   sg13g2_a21oi_1
       12  174.182   sg13g2_a221oi_1
       46  499.036   sg13g2_a22oi_1
       44  399.168   sg13g2_and2_1
       11  139.709   sg13g2_and3_1
       11  159.667   sg13g2_and4_1
       64 3.14E+03   sg13g2_dfrbpq_1
       70  381.024   sg13g2_inv_1
        1   18.144   sg13g2_mux2_1
      346  2511.13   sg13g2_nand2_1
      115  1043.28   sg13g2_nand2b_1
       55   498.96   sg13g2_nand3_1
        4   50.803   sg13g2_nand3b_1
        3   32.659   sg13g2_nand4_1
       85  616.896   sg13g2_nor2_1
      101  916.272   sg13g2_nor2b_1
       30   272.16   sg13g2_nor3_1
        2   21.773   sg13g2_nor4_1
      225   2041.2   sg13g2_o21ai_1
       56  508.032   sg13g2_or2_1
        9  114.307   sg13g2_or3_1
       64  464.486   sg13g2_tiehi
      374 5.43E+03   sg13g2_xnor2_1
      188 2.73E+03   sg13g2_xor2_1

   Chip area for module '\mac16': 23895.723600
     of which used for sequential elements: 3135.283200 (13.12%)

