
 /----------------------------------------------------------------------------\
 |  yosys -- Yosys Open SYnthesis Suite                                       |
 |  Copyright (C) 2012 - 2026  Claire Xenia Wolf <claire@yosyshq.com>         |
 |  Distributed under an ISC-like license, type "license" to see terms        |
 \----------------------------------------------------------------------------/
 Yosys 0.69+77 (git sha1 9ff27d29c-dirty, Release, Clang /usr/bin/clang++ 21.1.8)

-- Running command `read_verilog pin_streamer.v; hierarchy -check -top pin_streamer; synth -top pin_streamer -flatten; dfflibmap -liberty /home/matthias/prog/janestreet/pio-area-notes/sg13g2/sg13g2_stdcell_typ_1p20V_25C.lib; abc -liberty /home/matthias/prog/janestreet/pio-area-notes/sg13g2/sg13g2_stdcell_typ_1p20V_25C.lib; opt_clean; stat -liberty /home/matthias/prog/janestreet/pio-area-notes/sg13g2/sg13g2_stdcell_typ_1p20V_25C.lib' --

1. Executing Verilog-2005 frontend: pin_streamer.v
Parsing Verilog input from `pin_streamer.v' to AST representation.
Generating RTLIL representation for module `\pin_streamer'.
Successfully finished Verilog frontend.

2. Executing HIERARCHY pass (managing design hierarchy).

2.1. Analyzing design hierarchy..
Top module:  \pin_streamer

2.2. Analyzing design hierarchy..
Top module:  \pin_streamer
Removed 0 unused modules.

3. Executing SYNTH pass.

3.1. Executing HIERARCHY pass (managing design hierarchy).

3.1.1. Analyzing design hierarchy..
Top module:  \pin_streamer

3.1.2. Analyzing design hierarchy..
Top module:  \pin_streamer
Removed 0 unused modules.

3.2. Executing PROC pass (convert processes to netlists).

3.2.1. Executing PROC_CLEAN pass (remove empty switches from decision trees).
Cleaned up 0 empty switches.

3.2.2. Executing PROC_RMDEAD pass (remove dead branches from decision trees).
Marked 1 switch rules as full_case in process $proc$pin_streamer.v:373$80 in module pin_streamer.
Marked 1 switch rules as full_case in process $proc$pin_streamer.v:363$76 in module pin_streamer.
Marked 1 switch rules as full_case in process $proc$pin_streamer.v:343$65 in module pin_streamer.
Marked 1 switch rules as full_case in process $proc$pin_streamer.v:331$60 in module pin_streamer.
Marked 1 switch rules as full_case in process $proc$pin_streamer.v:304$51 in module pin_streamer.
Marked 1 switch rules as full_case in process $proc$pin_streamer.v:297$50 in module pin_streamer.
Marked 1 switch rules as full_case in process $proc$pin_streamer.v:288$47 in module pin_streamer.
Marked 1 switch rules as full_case in process $proc$pin_streamer.v:277$44 in module pin_streamer.
Marked 1 switch rules as full_case in process $proc$pin_streamer.v:268$41 in module pin_streamer.
Marked 1 switch rules as full_case in process $proc$pin_streamer.v:256$38 in module pin_streamer.
Marked 1 switch rules as full_case in process $proc$pin_streamer.v:244$35 in module pin_streamer.
Marked 1 switch rules as full_case in process $proc$pin_streamer.v:217$25 in module pin_streamer.
Marked 1 switch rules as full_case in process $proc$pin_streamer.v:205$20 in module pin_streamer.
Marked 1 switch rules as full_case in process $proc$pin_streamer.v:168$7 in module pin_streamer.
Removed a total of 0 dead cases.

3.2.3. Executing PROC_PRUNE pass (remove redundant assignments in processes).
Removed 10 redundant assignments.
Promoted 0 assignments to connections.

3.2.4. Executing PROC_INIT pass (extract init attributes).

3.2.5. Executing PROC_ARST pass (detect async resets in processes).

3.2.6. Executing PROC_ROM pass (convert switches to ROMs).
Converted 0 switches.
<suppressed ~18 debug messages>

3.2.7. Executing PROC_MUX pass (convert decision trees to multiplexers).
Creating decoders for process `\pin_streamer.$proc$pin_streamer.v:373$80'.
     1/1: $0\_178[0:0]
Creating decoders for process `\pin_streamer.$proc$pin_streamer.v:363$76'.
     1/1: $0\_172[11:0]
Creating decoders for process `\pin_streamer.$proc$pin_streamer.v:343$65'.
     1/1: $0\_163[4:0]
Creating decoders for process `\pin_streamer.$proc$pin_streamer.v:331$60'.
     1/1: $0\_157[2:0]
Creating decoders for process `\pin_streamer.$proc$pin_streamer.v:304$51'.
     1/1: $0\_64[19:0]
Creating decoders for process `\pin_streamer.$proc$pin_streamer.v:297$50'.
     1/1: $0\_148[1:0]
Creating decoders for process `\pin_streamer.$proc$pin_streamer.v:288$47'.
     1/1: $0\_42[19:0]
Creating decoders for process `\pin_streamer.$proc$pin_streamer.v:277$44'.
     1/1: $0\_142[1:0]
Creating decoders for process `\pin_streamer.$proc$pin_streamer.v:268$41'.
     1/1: $0\_49[19:0]
Creating decoders for process `\pin_streamer.$proc$pin_streamer.v:256$38'.
     1/1: $0\_56[19:0]
Creating decoders for process `\pin_streamer.$proc$pin_streamer.v:244$35'.
     1/1: $0\_63[19:0]
Creating decoders for process `\pin_streamer.$proc$pin_streamer.v:217$25'.
     1/1: $0\_136[3:0]
Creating decoders for process `\pin_streamer.$proc$pin_streamer.v:205$20'.
     1/1: $0\_130[15:0]
Creating decoders for process `\pin_streamer.$proc$pin_streamer.v:168$7'.
     1/1: $0\_110[3:0]

3.2.8. Executing PROC_DLATCH pass (convert process syncs to latches).
No latch inferred for signal `\pin_streamer.\_64' from process `\pin_streamer.$proc$pin_streamer.v:304$51'.

3.2.9. Executing PROC_DFF pass (convert process syncs to FFs).
Creating register for signal `\pin_streamer.\_178' using process `\pin_streamer.$proc$pin_streamer.v:373$80'.
  created $dff cell `$procdff$134' with positive edge clock.
Creating register for signal `\pin_streamer.\_172' using process `\pin_streamer.$proc$pin_streamer.v:363$76'.
  created $dff cell `$procdff$135' with positive edge clock.
Creating register for signal `\pin_streamer.\_163' using process `\pin_streamer.$proc$pin_streamer.v:343$65'.
  created $dff cell `$procdff$136' with positive edge clock.
Creating register for signal `\pin_streamer.\_157' using process `\pin_streamer.$proc$pin_streamer.v:331$60'.
  created $dff cell `$procdff$137' with positive edge clock.
Creating register for signal `\pin_streamer.\_148' using process `\pin_streamer.$proc$pin_streamer.v:297$50'.
  created $dff cell `$procdff$138' with positive edge clock.
Creating register for signal `\pin_streamer.\_42' using process `\pin_streamer.$proc$pin_streamer.v:288$47'.
  created $dff cell `$procdff$139' with positive edge clock.
Creating register for signal `\pin_streamer.\_142' using process `\pin_streamer.$proc$pin_streamer.v:277$44'.
  created $dff cell `$procdff$140' with positive edge clock.
Creating register for signal `\pin_streamer.\_49' using process `\pin_streamer.$proc$pin_streamer.v:268$41'.
  created $dff cell `$procdff$141' with positive edge clock.
Creating register for signal `\pin_streamer.\_56' using process `\pin_streamer.$proc$pin_streamer.v:256$38'.
  created $dff cell `$procdff$142' with positive edge clock.
Creating register for signal `\pin_streamer.\_63' using process `\pin_streamer.$proc$pin_streamer.v:244$35'.
  created $dff cell `$procdff$143' with positive edge clock.
Creating register for signal `\pin_streamer.\_136' using process `\pin_streamer.$proc$pin_streamer.v:217$25'.
  created $dff cell `$procdff$144' with positive edge clock.
Creating register for signal `\pin_streamer.\_130' using process `\pin_streamer.$proc$pin_streamer.v:205$20'.
  created $dff cell `$procdff$145' with positive edge clock.
Creating register for signal `\pin_streamer.\_110' using process `\pin_streamer.$proc$pin_streamer.v:168$7'.
  created $dff cell `$procdff$146' with positive edge clock.

3.2.10. Executing PROC_MEMWR pass (convert process memory writes to cells).

3.2.11. Executing PROC_CLEAN pass (remove empty switches from decision trees).
Found and cleaned up 1 empty switch in `\pin_streamer.$proc$pin_streamer.v:373$80'.
Removing empty process `pin_streamer.$proc$pin_streamer.v:373$80'.
Found and cleaned up 1 empty switch in `\pin_streamer.$proc$pin_streamer.v:363$76'.
Removing empty process `pin_streamer.$proc$pin_streamer.v:363$76'.
Found and cleaned up 1 empty switch in `\pin_streamer.$proc$pin_streamer.v:343$65'.
Removing empty process `pin_streamer.$proc$pin_streamer.v:343$65'.
Found and cleaned up 1 empty switch in `\pin_streamer.$proc$pin_streamer.v:331$60'.
Removing empty process `pin_streamer.$proc$pin_streamer.v:331$60'.
Found and cleaned up 1 empty switch in `\pin_streamer.$proc$pin_streamer.v:304$51'.
Removing empty process `pin_streamer.$proc$pin_streamer.v:304$51'.
Found and cleaned up 1 empty switch in `\pin_streamer.$proc$pin_streamer.v:297$50'.
Removing empty process `pin_streamer.$proc$pin_streamer.v:297$50'.
Found and cleaned up 2 empty switches in `\pin_streamer.$proc$pin_streamer.v:288$47'.
Removing empty process `pin_streamer.$proc$pin_streamer.v:288$47'.
Found and cleaned up 1 empty switch in `\pin_streamer.$proc$pin_streamer.v:277$44'.
Removing empty process `pin_streamer.$proc$pin_streamer.v:277$44'.
Found and cleaned up 2 empty switches in `\pin_streamer.$proc$pin_streamer.v:268$41'.
Removing empty process `pin_streamer.$proc$pin_streamer.v:268$41'.
Found and cleaned up 2 empty switches in `\pin_streamer.$proc$pin_streamer.v:256$38'.
Removing empty process `pin_streamer.$proc$pin_streamer.v:256$38'.
Found and cleaned up 2 empty switches in `\pin_streamer.$proc$pin_streamer.v:244$35'.
Removing empty process `pin_streamer.$proc$pin_streamer.v:244$35'.
Found and cleaned up 1 empty switch in `\pin_streamer.$proc$pin_streamer.v:217$25'.
Removing empty process `pin_streamer.$proc$pin_streamer.v:217$25'.
Found and cleaned up 1 empty switch in `\pin_streamer.$proc$pin_streamer.v:205$20'.
Removing empty process `pin_streamer.$proc$pin_streamer.v:205$20'.
Found and cleaned up 1 empty switch in `\pin_streamer.$proc$pin_streamer.v:168$7'.
Removing empty process `pin_streamer.$proc$pin_streamer.v:168$7'.
Cleaned up 18 empty switches.

3.2.12. Executing OPT_EXPR pass (perform const folding).
Optimizing module pin_streamer.
<suppressed ~7 debug messages>

3.3. Executing CHECK pass (checking for obvious problems).
Checking module pin_streamer...
Found and reported 0 problems.

3.4. Executing FLATTEN pass (flatten design).

3.5. Executing OPT_EXPR pass (perform const folding).
Optimizing module pin_streamer.

3.6. Executing CHECK pass (checking for obvious problems).
Checking module pin_streamer...
Found and reported 0 problems.

3.7. Executing OPT_CLEAN pass (remove unused cells and wires).
Finding unused cells or wires in module \pin_streamer..
Removed 0 unused cells and 99 unused wires.
<suppressed ~1 debug messages>

3.8. Executing OPT pass (performing simple optimizations).

3.8.1. Executing OPT_EXPR pass (perform const folding).
Optimizing module pin_streamer.

3.8.2. Executing OPT_MERGE pass (detect identical cells).
Finding identical cells in module `\pin_streamer'.
Computing hashes of 101 cells of `\pin_streamer'.
Finding duplicate cells in `\pin_streamer'.
Computing hashes of 96 cells of `\pin_streamer'.
Finding duplicate cells in `\pin_streamer'.
<suppressed ~15 debug messages>
Removed a total of 5 cells.

3.8.3. Executing OPT_MUXTREE pass (detect dead branches in mux trees).
Running muxtree optimizer on module \pin_streamer..
  Creating internal representation of mux trees.
  Evaluating internal representation of mux trees.
  Analyzing evaluation results.
Removed 0 multiplexer ports.
<suppressed ~59 debug messages>

3.8.4. Executing OPT_REDUCE pass (consolidate $*mux and $reduce_* inputs).
  Optimizing cells in module \pin_streamer.
Performed a total of 0 changes.

3.8.5. Executing OPT_MERGE pass (detect identical cells).
Finding identical cells in module `\pin_streamer'.
Computing hashes of 96 cells of `\pin_streamer'.
Finding duplicate cells in `\pin_streamer'.
Removed a total of 0 cells.

3.8.6. Executing OPT_DFF pass (perform DFF optimizations).

3.8.7. Executing OPT_CLEAN pass (remove unused cells and wires).
Finding unused cells or wires in module \pin_streamer..

3.8.8. Executing OPT_EXPR pass (perform const folding).
Optimizing module pin_streamer.

3.8.9. Finished fast OPT passes. (There is nothing left to do.)

3.9. Executing FSM pass (extract and optimize FSM).

3.9.1. Executing FSM_DETECT pass (finding FSMs in design).

3.9.2. Executing FSM_EXTRACT pass (extracting FSM from design).

3.9.3. Executing FSM_OPT pass (simple optimizations of FSMs).

3.9.4. Executing OPT_CLEAN pass (remove unused cells and wires).
Finding unused cells or wires in module \pin_streamer..

3.9.5. Executing FSM_OPT pass (simple optimizations of FSMs).

3.9.6. Executing FSM_RECODE pass (re-assigning FSM state encoding).

3.9.7. Executing FSM_INFO pass (dumping all available information on FSM cells).

3.9.8. Executing FSM_MAP pass (mapping FSMs to basic logic).

3.10. Executing OPT pass (performing simple optimizations).

3.10.1. Executing OPT_EXPR pass (perform const folding).
Optimizing module pin_streamer.

3.10.2. Executing OPT_MERGE pass (detect identical cells).
Finding identical cells in module `\pin_streamer'.
Computing hashes of 96 cells of `\pin_streamer'.
Finding duplicate cells in `\pin_streamer'.
Removed a total of 0 cells.

3.10.3. Executing OPT_MUXTREE pass (detect dead branches in mux trees).
Running muxtree optimizer on module \pin_streamer..
  Creating internal representation of mux trees.
  Evaluating internal representation of mux trees.
  Analyzing evaluation results.
Removed 0 multiplexer ports.
<suppressed ~59 debug messages>

3.10.4. Executing OPT_REDUCE pass (consolidate $*mux and $reduce_* inputs).
  Optimizing cells in module \pin_streamer.
Performed a total of 0 changes.

3.10.5. Executing OPT_MERGE pass (detect identical cells).
Finding identical cells in module `\pin_streamer'.
Computing hashes of 96 cells of `\pin_streamer'.
Finding duplicate cells in `\pin_streamer'.
Removed a total of 0 cells.

3.10.6. Executing OPT_DFF pass (perform DFF optimizations).
Adding SRST signal on $procdff$142 ($dff) from module pin_streamer (D = $procmux$115_Y, Q = \_56, rval = 20'00000000000000000000).
Adding EN signal on $auto$ff.cc:337:slice$147 ($sdff) from module pin_streamer (D = { \host_count \host_data }, Q = \_56).
Adding SRST signal on $procdff$143 ($dff) from module pin_streamer (D = $procmux$120_Y, Q = \_63, rval = 20'00000000000000000000).
Adding EN signal on $auto$ff.cc:337:slice$149 ($sdff) from module pin_streamer (D = { \host_count \host_data }, Q = \_63).
Adding SRST signal on $procdff$144 ($dff) from module pin_streamer (D = \_133, Q = \_136, rval = 4'0000).
Adding EN signal on $auto$ff.cc:337:slice$151 ($sdff) from module pin_streamer (D = \_132, Q = \_136).
Adding SRST signal on $procdff$145 ($dff) from module pin_streamer (D = \_127, Q = \_130, rval = 16'0000000000000000).
Adding EN signal on $auto$ff.cc:337:slice$153 ($sdff) from module pin_streamer (D = \_126, Q = \_130).
Adding SRST signal on $procdff$146 ($dff) from module pin_streamer (D = \_106, Q = \_110, rval = 4'0000).
Adding EN signal on $auto$ff.cc:337:slice$155 ($sdff) from module pin_streamer (D = \_105, Q = \_110).
Adding SRST signal on $procdff$134 ($dff) from module pin_streamer (D = \_175, Q = \_178, rval = 1'0).
Adding EN signal on $auto$ff.cc:337:slice$157 ($sdff) from module pin_streamer (D = \_175, Q = \_178).
Adding SRST signal on $procdff$135 ($dff) from module pin_streamer (D = \_169, Q = \_172, rval = 12'000000000000).
Adding EN signal on $auto$ff.cc:337:slice$161 ($sdff) from module pin_streamer (D = \_169, Q = \_172).
Adding SRST signal on $procdff$136 ($dff) from module pin_streamer (D = \_160, Q = \_163, rval = 5'00000).
Adding EN signal on $auto$ff.cc:337:slice$165 ($sdff) from module pin_streamer (D = \_159, Q = \_163).
Adding SRST signal on $procdff$137 ($dff) from module pin_streamer (D = \_154, Q = \_157, rval = 3'000).
Adding SRST signal on $procdff$138 ($dff) from module pin_streamer (D = \_145, Q = \_148, rval = 2'00).
Adding EN signal on $auto$ff.cc:337:slice$168 ($sdff) from module pin_streamer (D = \_144, Q = \_148).
Adding SRST signal on $procdff$139 ($dff) from module pin_streamer (D = $procmux$102_Y, Q = \_42, rval = 20'00000000000000000000).
Adding EN signal on $auto$ff.cc:337:slice$170 ($sdff) from module pin_streamer (D = { \host_count \host_data }, Q = \_42).
Adding SRST signal on $procdff$140 ($dff) from module pin_streamer (D = \_139, Q = \_142, rval = 2'00).
Adding EN signal on $auto$ff.cc:337:slice$172 ($sdff) from module pin_streamer (D = \_138, Q = \_142).
Adding SRST signal on $procdff$141 ($dff) from module pin_streamer (D = $procmux$110_Y, Q = \_49, rval = 20'00000000000000000000).
Adding EN signal on $auto$ff.cc:337:slice$174 ($sdff) from module pin_streamer (D = { \host_count \host_data }, Q = \_49).

3.10.7. Executing OPT_CLEAN pass (remove unused cells and wires).
Finding unused cells or wires in module \pin_streamer..
Removed 23 unused cells and 23 unused wires.
<suppressed ~30 debug messages>

3.10.8. Executing OPT_EXPR pass (perform const folding).
Optimizing module pin_streamer.
<suppressed ~1 debug messages>

3.10.9. Rerunning OPT passes. (Maybe there is more to do..)

3.10.10. Executing OPT_MUXTREE pass (detect dead branches in mux trees).
Running muxtree optimizer on module \pin_streamer..
  Creating internal representation of mux trees.
  Evaluating internal representation of mux trees.
  Analyzing evaluation results.
Removed 0 multiplexer ports.
<suppressed ~26 debug messages>

3.10.11. Executing OPT_REDUCE pass (consolidate $*mux and $reduce_* inputs).
  Optimizing cells in module \pin_streamer.
Performed a total of 0 changes.

3.10.12. Executing OPT_MERGE pass (detect identical cells).
Finding identical cells in module `\pin_streamer'.
Computing hashes of 75 cells of `\pin_streamer'.
Finding duplicate cells in `\pin_streamer'.
Removed a total of 0 cells.

3.10.13. Executing OPT_DFF pass (perform DFF optimizations).

3.10.14. Executing OPT_CLEAN pass (remove unused cells and wires).
Finding unused cells or wires in module \pin_streamer..

3.10.15. Executing OPT_EXPR pass (perform const folding).
Optimizing module pin_streamer.

3.10.16. Finished fast OPT passes. (There is nothing left to do.)

3.11. Executing WREDUCE pass (reducing word size of cells).
Removed top 1 bits (of 2) from port B of cell pin_streamer.$auto$simple.cc:194:make_patterns_logic$164 ($ne).
Removed top 2 bits (of 16) from mux cell pin_streamer.$ternary$pin_streamer.v:201$16 ($mux).
Removed top 1 bits (of 16) from mux cell pin_streamer.$ternary$pin_streamer.v:203$18 ($mux).
Removed top 1 bits (of 3) from port B of cell pin_streamer.$eq$pin_streamer.v:233$28 ($eq).
Removed top 1 bits (of 5) from mux cell pin_streamer.$ternary$pin_streamer.v:234$29 ($mux).
Removed top 2 bits (of 3) from port B of cell pin_streamer.$eq$pin_streamer.v:235$30 ($eq).
Removed top 1 bits (of 5) from port B of cell pin_streamer.$lt$pin_streamer.v:237$32 ($lt).
Removed top 1 bits (of 2) from port B of cell pin_streamer.$eq$pin_streamer.v:264$39 ($eq).
Removed top 1 bits (of 2) from port B of cell pin_streamer.$add$pin_streamer.v:275$42 ($add).
Removed top 1 bits (of 2) from port B of cell pin_streamer.$add$pin_streamer.v:295$48 ($add).
Removed top 2 bits (of 3) from port B of cell pin_streamer.$add$pin_streamer.v:329$58 ($add).
Removed top 2 bits (of 3) from port B of cell pin_streamer.$sub$pin_streamer.v:330$59 ($sub).
Removed top 4 bits (of 5) from port B of cell pin_streamer.$sub$pin_streamer.v:341$63 ($sub).
Removed top 11 bits (of 12) from port B of cell pin_streamer.$sub$pin_streamer.v:359$72 ($sub).
Removed top 11 bits (of 12) from port B of cell pin_streamer.$sub$pin_streamer.v:360$73 ($sub).
Removed top 1 bits (of 2) from port B of cell pin_streamer.$procmux$97_CMP0 ($eq).
Removed top 1 bits (of 5) from wire pin_streamer._74.
Removed top 1 bits (of 16) from wire pin_streamer._126.
Removed top 2 bits (of 16) from wire pin_streamer._122.

3.12. Executing PEEPOPT pass (run peephole optimizers).

3.13. Executing OPT_CLEAN pass (remove unused cells and wires).
Finding unused cells or wires in module \pin_streamer..
Removed 0 unused cells and 3 unused wires.
<suppressed ~1 debug messages>

3.14. Executing ALUMACC pass (create $alu and $macc cells).
Extracting $alu and $macc cells in module pin_streamer:
  creating $macc model for $sub$pin_streamer.v:360$73 ($sub).
  creating $macc model for $sub$pin_streamer.v:359$72 ($sub).
  creating $macc model for $sub$pin_streamer.v:341$63 ($sub).
  creating $macc model for $sub$pin_streamer.v:330$59 ($sub).
  creating $macc model for $add$pin_streamer.v:329$58 ($add).
  creating $macc model for $add$pin_streamer.v:295$48 ($add).
  creating $macc model for $add$pin_streamer.v:275$42 ($add).
  merging $macc model for $add$pin_streamer.v:329$58 into $sub$pin_streamer.v:330$59.
  creating $alu model for $macc $add$pin_streamer.v:295$48.
  creating $alu model for $macc $add$pin_streamer.v:275$42.
  creating $alu model for $macc $sub$pin_streamer.v:341$63.
  creating $alu model for $macc $sub$pin_streamer.v:359$72.
  creating $alu model for $macc $sub$pin_streamer.v:360$73.
  creating $macc cell for $sub$pin_streamer.v:330$59: $auto$alumacc.cc:399:replace_macc$179
  creating $alu model for $lt$pin_streamer.v:237$32 ($lt): new $alu
  creating $alu cell for $lt$pin_streamer.v:237$32: $auto$alumacc.cc:548:replace_alu$181
  creating $alu cell for $sub$pin_streamer.v:360$73: $auto$alumacc.cc:548:replace_alu$186
  creating $alu cell for $sub$pin_streamer.v:359$72: $auto$alumacc.cc:548:replace_alu$189
  creating $alu cell for $sub$pin_streamer.v:341$63: $auto$alumacc.cc:548:replace_alu$192
  creating $alu cell for $add$pin_streamer.v:275$42: $auto$alumacc.cc:548:replace_alu$195
  creating $alu cell for $add$pin_streamer.v:295$48: $auto$alumacc.cc:548:replace_alu$198
  created 6 $alu and 1 $macc cells.

3.15. Executing SHARE pass (SAT-based resource sharing).

3.16. Executing OPT pass (performing simple optimizations).

3.16.1. Executing OPT_EXPR pass (perform const folding).
Optimizing module pin_streamer.

3.16.2. Executing OPT_MERGE pass (detect identical cells).
Finding identical cells in module `\pin_streamer'.
Computing hashes of 76 cells of `\pin_streamer'.
Finding duplicate cells in `\pin_streamer'.
Removed a total of 0 cells.

3.16.3. Executing OPT_MUXTREE pass (detect dead branches in mux trees).
Running muxtree optimizer on module \pin_streamer..
  Creating internal representation of mux trees.
  Evaluating internal representation of mux trees.
  Analyzing evaluation results.
Removed 0 multiplexer ports.
<suppressed ~26 debug messages>

3.16.4. Executing OPT_REDUCE pass (consolidate $*mux and $reduce_* inputs).
  Optimizing cells in module \pin_streamer.
Performed a total of 0 changes.

3.16.5. Executing OPT_MERGE pass (detect identical cells).
Finding identical cells in module `\pin_streamer'.
Computing hashes of 76 cells of `\pin_streamer'.
Finding duplicate cells in `\pin_streamer'.
Removed a total of 0 cells.

3.16.6. Executing OPT_DFF pass (perform DFF optimizations).
Setting constant 0-bit at position 15 on $auto$ff.cc:337:slice$154 ($sdffe) from module pin_streamer.

3.16.7. Executing OPT_CLEAN pass (remove unused cells and wires).
Finding unused cells or wires in module \pin_streamer..
Removed 1 unused cells and 2 unused wires.
<suppressed ~3 debug messages>

3.16.8. Executing OPT_EXPR pass (perform const folding).
Optimizing module pin_streamer.

3.16.9. Rerunning OPT passes. (Maybe there is more to do..)

3.16.10. Executing OPT_MUXTREE pass (detect dead branches in mux trees).
Running muxtree optimizer on module \pin_streamer..
  Creating internal representation of mux trees.
  Evaluating internal representation of mux trees.
  Analyzing evaluation results.
Removed 0 multiplexer ports.
<suppressed ~26 debug messages>

3.16.11. Executing OPT_REDUCE pass (consolidate $*mux and $reduce_* inputs).
  Optimizing cells in module \pin_streamer.
Performed a total of 0 changes.

3.16.12. Executing OPT_MERGE pass (detect identical cells).
Finding identical cells in module `\pin_streamer'.
Computing hashes of 75 cells of `\pin_streamer'.
Finding duplicate cells in `\pin_streamer'.
Removed a total of 0 cells.

3.16.13. Executing OPT_DFF pass (perform DFF optimizations).

3.16.14. Executing OPT_CLEAN pass (remove unused cells and wires).
Finding unused cells or wires in module \pin_streamer..

3.16.15. Executing OPT_EXPR pass (perform const folding).
Optimizing module pin_streamer.

3.16.16. Finished fast OPT passes. (There is nothing left to do.)

3.17. Executing MEMORY pass.

3.17.1. Executing OPT_MEM pass (optimize memories).
Performed a total of 0 transformations.

3.17.2. Executing OPT_MEM_PRIORITY pass (removing unnecessary memory write priority relations).
Performed a total of 0 transformations.

3.17.3. Executing OPT_MEM_FEEDBACK pass (finding memory read-to-write feedback paths).

3.17.4. Executing MEMORY_BMUX2ROM pass (converting muxes to ROMs).

3.17.5. Executing MEMORY_DFF pass (merging $dff cells to $memrd).

3.17.6. Executing OPT_CLEAN pass (remove unused cells and wires).
Finding unused cells or wires in module \pin_streamer..

3.17.7. Executing MEMORY_SHARE pass (consolidating $memrd/$memwr cells).

3.17.8. Executing OPT_MEM_WIDEN pass (optimize memories where all ports are wide).
Performed a total of 0 transformations.

3.17.9. Executing OPT_CLEAN pass (remove unused cells and wires).
Finding unused cells or wires in module \pin_streamer..

3.17.10. Executing MEMORY_COLLECT pass (generating $mem cells).

3.18. Executing OPT_CLEAN pass (remove unused cells and wires).
Finding unused cells or wires in module \pin_streamer..

3.19. Executing OPT pass (performing simple optimizations).

3.19.1. Executing OPT_EXPR pass (perform const folding).
Optimizing module pin_streamer.
<suppressed ~4 debug messages>

3.19.2. Executing OPT_MERGE pass (detect identical cells).
Finding identical cells in module `\pin_streamer'.
Computing hashes of 72 cells of `\pin_streamer'.
Finding duplicate cells in `\pin_streamer'.
Removed a total of 0 cells.

3.19.3. Executing OPT_DFF pass (perform DFF optimizations).

3.19.4. Executing OPT_CLEAN pass (remove unused cells and wires).
Finding unused cells or wires in module \pin_streamer..

3.19.5. Finished fast OPT passes.

3.20. Executing MEMORY_MAP pass (converting memories to logic and flip-flops).

3.21. Executing OPT pass (performing simple optimizations).

3.21.1. Executing OPT_EXPR pass (perform const folding).
Optimizing module pin_streamer.

3.21.2. Executing OPT_MERGE pass (detect identical cells).
Finding identical cells in module `\pin_streamer'.
Computing hashes of 72 cells of `\pin_streamer'.
Finding duplicate cells in `\pin_streamer'.
Removed a total of 0 cells.

3.21.3. Executing OPT_MUXTREE pass (detect dead branches in mux trees).
Running muxtree optimizer on module \pin_streamer..
  Creating internal representation of mux trees.
  Evaluating internal representation of mux trees.
  Analyzing evaluation results.
Removed 0 multiplexer ports.
<suppressed ~22 debug messages>

3.21.4. Executing OPT_REDUCE pass (consolidate $*mux and $reduce_* inputs).
  Optimizing cells in module \pin_streamer.
    Consolidated identical input bits for $mux cell $ternary$pin_streamer.v:234$29:
      Old ports: A=4'0100, B=4'1000, Y=\_74
      New ports: A=2'01, B=2'10, Y=\_74 [3:2]
      New connections: \_74 [1:0] = 2'00
    Consolidated identical input bits for $mux cell $ternary$pin_streamer.v:183$12:
      Old ports: A=4'1111, B=4'0011, Y=\_93
      New ports: A=1'1, B=1'0, Y=\_93 [2]
      New connections: { \_93 [3] \_93 [1:0] } = { \_93 [2] 2'11 }
  Optimizing cells in module \pin_streamer.
    Consolidated identical input bits for $mux cell $ternary$pin_streamer.v:236$31:
      Old ports: A={ 1'0 \_74 }, B=5'10000, Y=\_76
      New ports: A={ 1'0 \_74 [3:2] }, B=3'100, Y=\_76 [4:2]
      New connections: \_76 [1:0] = 2'00
    Consolidated identical input bits for $mux cell $ternary$pin_streamer.v:186$14:
      Old ports: A=\_93, B=4'0001, Y=\_95
      New ports: A={ \_93 [2] 1'1 }, B=2'00, Y=\_95 [2:1]
      New connections: { \_95 [3] \_95 [0] } = { \_95 [2] 1'1 }
  Optimizing cells in module \pin_streamer.
Performed a total of 4 changes.

3.21.5. Executing OPT_MERGE pass (detect identical cells).
Finding identical cells in module `\pin_streamer'.
Computing hashes of 72 cells of `\pin_streamer'.
Finding duplicate cells in `\pin_streamer'.
Removed a total of 0 cells.

3.21.6. Executing OPT_SHARE pass.
    Found cells that share an operand and can be merged by moving the $mux $ternary$pin_streamer.v:362$75 in front of them:
        $auto$alumacc.cc:548:replace_alu$189
        $auto$alumacc.cc:548:replace_alu$186

3.21.7. Executing OPT_DFF pass (perform DFF optimizations).

3.21.8. Executing OPT_CLEAN pass (remove unused cells and wires).
Finding unused cells or wires in module \pin_streamer..
Removed 0 unused cells and 7 unused wires.
<suppressed ~4 debug messages>

3.21.9. Executing OPT_EXPR pass (perform const folding).
Optimizing module pin_streamer.
<suppressed ~17 debug messages>

3.21.10. Rerunning OPT passes. (Maybe there is more to do..)

3.21.11. Executing OPT_MUXTREE pass (detect dead branches in mux trees).
Running muxtree optimizer on module \pin_streamer..
  Creating internal representation of mux trees.
  Evaluating internal representation of mux trees.
  Analyzing evaluation results.
Removed 0 multiplexer ports.
<suppressed ~21 debug messages>

3.21.12. Executing OPT_REDUCE pass (consolidate $*mux and $reduce_* inputs).
  Optimizing cells in module \pin_streamer.
Performed a total of 0 changes.

3.21.13. Executing OPT_MERGE pass (detect identical cells).
Finding identical cells in module `\pin_streamer'.
Computing hashes of 71 cells of `\pin_streamer'.
Finding duplicate cells in `\pin_streamer'.
Removed a total of 0 cells.

3.21.14. Executing OPT_SHARE pass.

3.21.15. Executing OPT_DFF pass (perform DFF optimizations).

3.21.16. Executing OPT_CLEAN pass (remove unused cells and wires).
Finding unused cells or wires in module \pin_streamer..
Removed 0 unused cells and 7 unused wires.
<suppressed ~1 debug messages>

3.21.17. Executing OPT_EXPR pass (perform const folding).
Optimizing module pin_streamer.

3.21.18. Rerunning OPT passes. (Maybe there is more to do..)

3.21.19. Executing OPT_MUXTREE pass (detect dead branches in mux trees).
Running muxtree optimizer on module \pin_streamer..
  Creating internal representation of mux trees.
  Evaluating internal representation of mux trees.
  Analyzing evaluation results.
Removed 0 multiplexer ports.
<suppressed ~21 debug messages>

3.21.20. Executing OPT_REDUCE pass (consolidate $*mux and $reduce_* inputs).
  Optimizing cells in module \pin_streamer.
Performed a total of 0 changes.

3.21.21. Executing OPT_MERGE pass (detect identical cells).
Finding identical cells in module `\pin_streamer'.
Computing hashes of 71 cells of `\pin_streamer'.
Finding duplicate cells in `\pin_streamer'.
Removed a total of 0 cells.

3.21.22. Executing OPT_SHARE pass.

3.21.23. Executing OPT_DFF pass (perform DFF optimizations).

3.21.24. Executing OPT_CLEAN pass (remove unused cells and wires).
Finding unused cells or wires in module \pin_streamer..

3.21.25. Executing OPT_EXPR pass (perform const folding).
Optimizing module pin_streamer.

3.21.26. Finished fast OPT passes. (There is nothing left to do.)

3.22. Executing TECHMAP pass (map to technology primitives).

3.22.1. Executing Verilog-2005 frontend: /home/matthias/prog/janestreet/fabulous-notes/oss-cad-suite/lib/../share/yosys/techmap.v
Parsing Verilog input from `/home/matthias/prog/janestreet/fabulous-notes/oss-cad-suite/lib/../share/yosys/techmap.v' to AST representation.
Generating RTLIL representation for module `\_90_simplemap_bool_ops'.
Generating RTLIL representation for module `\_90_simplemap_reduce_ops'.
Generating RTLIL representation for module `\_90_simplemap_logic_ops'.
Generating RTLIL representation for module `\_90_simplemap_compare_ops'.
Generating RTLIL representation for module `\_90_simplemap_various'.
Generating RTLIL representation for module `\_90_simplemap_registers'.
Generating RTLIL representation for module `\_90_shift_ops_shr_shl_sshl_sshr'.
Generating RTLIL representation for module `\_90_shift_shiftx'.
Generating RTLIL representation for module `\_90_fa'.
Generating RTLIL representation for module `\_90_lcu_brent_kung'.
Generating RTLIL representation for module `\_90_alu'.
Generating RTLIL representation for module `\_90_macc'.
Generating RTLIL representation for module `\_90_alumacc'.
Generating RTLIL representation for module `$__div_mod_u'.
Generating RTLIL representation for module `$__div_mod_trunc'.
Generating RTLIL representation for module `\_90_div'.
Generating RTLIL representation for module `\_90_mod'.
Generating RTLIL representation for module `$__div_mod_floor'.
Generating RTLIL representation for module `\_90_divfloor'.
Generating RTLIL representation for module `\_90_modfloor'.
Generating RTLIL representation for module `\_90_pow'.
Generating RTLIL representation for module `\_90_demux'.
Generating RTLIL representation for module `\_90_lut'.
Generating RTLIL representation for module `$connect'.
Generating RTLIL representation for module `$input_port'.
Successfully finished Verilog frontend.

3.22.2. Continuing TECHMAP pass.
Using extmapper simplemap for cells of type $and.
Using extmapper simplemap for cells of type $mux.
Using extmapper simplemap for cells of type $sdffe.
Using template $paramod$175e67c02b86e96b1288b9dc100122520d7240d8\_90_alu for cells of type $alu.
Using template $paramod$dc04b7d98e503a7bab16fce2df70e6e2c5ca34d6\_90_alu for cells of type $alu.
Using template $paramod$6831557730818fb92b11a295f9eb33ff8fa62af1\_90_alu for cells of type $alu.
Using extmapper simplemap for cells of type $not.
Using template $paramod$dad13a281fa6a9ffd6dd427a87dc9a952e80e9ea\_90_alu for cells of type $alu.
Using extmapper maccmap for cells of type $macc_v2.
  add \_157 (3 bits, unsigned)
  sub \_33 (1 bits, unsigned)
  add \_38 (1 bits, unsigned)
  packed 1 (1) bits / 1 words into adder tree
Using extmapper simplemap for cells of type $sdff.
Using extmapper simplemap for cells of type $ne.
Using extmapper simplemap for cells of type $reduce_bool.
Using extmapper simplemap for cells of type $or.
Using extmapper simplemap for cells of type $eq.
Using extmapper simplemap for cells of type $logic_not.
Using extmapper simplemap for cells of type $pmux.
Using template $paramod\_90_fa\WIDTH=32'00000000000000000000000000000011 for cells of type $fa.
Using template $paramod$78e969f2586efcf3a5b0b0440bcca0db83d5cca2\_90_alu for cells of type $alu.
Using extmapper simplemap for cells of type $xor.
Using template $paramod\_90_fa\WIDTH=32'00000000000000000000000000000010 for cells of type $fa.
Using template $paramod\_90_lcu_brent_kung\WIDTH=32'00000000000000000000000000000010 for cells of type $lcu.
Using extmapper simplemap for cells of type $pos.
Using template $paramod\_90_fa\WIDTH=32'00000000000000000000000000000101 for cells of type $fa.
Using template $paramod\_90_lcu_brent_kung\WIDTH=32'00000000000000000000000000000101 for cells of type $lcu.
Using template $paramod\_90_fa\WIDTH=32'00000000000000000000000000001100 for cells of type $fa.
Using template $paramod\_90_lcu_brent_kung\WIDTH=32'00000000000000000000000000001100 for cells of type $lcu.
Using template $paramod\_90_lcu_brent_kung\WIDTH=32'00000000000000000000000000000011 for cells of type $lcu.
No more expansions possible.
<suppressed ~800 debug messages>

3.23. Executing OPT pass (performing simple optimizations).

3.23.1. Executing OPT_EXPR pass (perform const folding).
Optimizing module pin_streamer.
<suppressed ~290 debug messages>

3.23.2. Executing OPT_MERGE pass (detect identical cells).
Finding identical cells in module `\pin_streamer'.
Computing hashes of 572 cells of `\pin_streamer'.
Finding duplicate cells in `\pin_streamer'.
Computing hashes of 558 cells of `\pin_streamer'.
Finding duplicate cells in `\pin_streamer'.
<suppressed ~42 debug messages>
Removed a total of 14 cells.

3.23.3. Executing OPT_DFF pass (perform DFF optimizations).

3.23.4. Executing OPT_CLEAN pass (remove unused cells and wires).
Finding unused cells or wires in module \pin_streamer..
Removed 24 unused cells and 324 unused wires.
<suppressed ~26 debug messages>

3.23.5. Finished fast OPT passes.

3.24. Executing ABC pass (technology mapping using ABC).

3.24.1. Summary of detected clock domains:
  10 cells in clk=\clock, en=$auto$simple.cc:193:make_patterns_logic$159, arst={ }, srst=\clear
  43 cells in clk=\clock, en=\_48, arst={ }, srst=\clear
  11 cells in clk=\clock, en=\_38, arst={ }, srst=\clear
  43 cells in clk=\clock, en=\_41, arst={ }, srst=\clear
  11 cells in clk=\clock, en=\_33, arst={ }, srst=\clear
  20 cells in clk=\clock, en={ }, arst={ }, srst=\clear
  94 cells in clk=\clock, en=$auto$simple.cc:193:make_patterns_logic$163, arst={ }, srst=\clear
  174 cells in clk=\clock, en=\_175, arst={ }, srst=\clear
  85 cells in clk=\clock, en=\_62, arst={ }, srst=\clear
  43 cells in clk=\clock, en=\_55, arst={ }, srst=\clear

3.24.2. Extracting gate netlist of module `\pin_streamer' to `<abc-temp-dir>/input.blif'..
Found matching posedge clock domain: \clock, enabled by $auto$simple.cc:193:make_patterns_logic$159, synchronously reset by \clear

3.24.3. Extracting gate netlist of module `\pin_streamer' to `<abc-temp-dir>/input.blif'..
Found matching posedge clock domain: \clock, enabled by \_48, synchronously reset by \clear

3.24.4. Extracting gate netlist of module `\pin_streamer' to `<abc-temp-dir>/input.blif'..
Found matching posedge clock domain: \clock, enabled by \_38, synchronously reset by \clear

3.24.5. Extracting gate netlist of module `\pin_streamer' to `<abc-temp-dir>/input.blif'..
Found matching posedge clock domain: \clock, enabled by \_41, synchronously reset by \clear

3.24.6. Extracting gate netlist of module `\pin_streamer' to `<abc-temp-dir>/input.blif'..
Found matching posedge clock domain: \clock, enabled by \_33, synchronously reset by \clear

3.24.7. Extracting gate netlist of module `\pin_streamer' to `<abc-temp-dir>/input.blif'..
Found matching posedge clock domain: \clock, synchronously reset by \clear

3.24.8. Extracting gate netlist of module `\pin_streamer' to `<abc-temp-dir>/input.blif'..
Found matching posedge clock domain: \clock, enabled by $auto$simple.cc:193:make_patterns_logic$163, synchronously reset by \clear

3.24.9. Extracting gate netlist of module `\pin_streamer' to `<abc-temp-dir>/input.blif'..
Found matching posedge clock domain: \clock, enabled by \_175, synchronously reset by \clear

3.24.10. Extracting gate netlist of module `\pin_streamer' to `<abc-temp-dir>/input.blif'..
Found matching posedge clock domain: \clock, enabled by \_62, synchronously reset by \clear

3.24.11. Extracting gate netlist of module `\pin_streamer' to `<abc-temp-dir>/input.blif'..
Found matching posedge clock domain: \clock, enabled by \_55, synchronously reset by \clear

3.24.11.1. Executed ABC.
Extracted 9 gates and 25 wires to a netlist network with 16 inputs and 7 outputs.
Running ABC script: <abc-temp-dir>/abc.script
ABC: UC Berkeley, ABC 1.01 (compiled Sep 21 2026 05:23:42)
ABC: abc 01> empty
ABC: abc 01> source <abc-temp-dir>/abc.script
ABC: + read_blif <abc-temp-dir>/input.blif 
ABC: + read_library <abc-temp-dir>/stdcells.genlib 
ABC: + strash 
ABC: + &get -n 
ABC: + &fraig -x 
ABC: + &put 
ABC: + scorr 
ABC: Warning: The network is combinational (run "fraig" or "fraig_sweep").
ABC: + dc2 
ABC: + dretime 
ABC: + strash 
ABC: + &get -n 
ABC: + &dch -f 
ABC: + &nf 
ABC: + &put 
ABC: + write_blif <abc-temp-dir>/output.blif 
ABC: 
ABC: YOSYS_ABC_DONE 

3.24.11.2. Re-integrating ABC results.
ABC RESULTS:            ANDNOT cells:        1
ABC RESULTS:               MUX cells:        6
ABC RESULTS:                OR cells:        1
ABC RESULTS:        internal signals:        2
ABC RESULTS:           input signals:       16
ABC RESULTS:          output signals:        7
Removing temp directory.

3.24.11.1. Executed ABC.
Extracted 23 gates and 46 wires to a netlist network with 23 inputs and 22 outputs.
Running ABC script: <abc-temp-dir>/abc.script
ABC: UC Berkeley, ABC 1.01 (compiled Sep 21 2026 05:23:42)
ABC: abc 01> empty
ABC: abc 01> source <abc-temp-dir>/abc.script
ABC: + read_blif <abc-temp-dir>/input.blif 
ABC: + read_library <abc-temp-dir>/stdcells.genlib 
ABC: + strash 
ABC: + &get -n 
ABC: + &fraig -x 
ABC: + &put 
ABC: + scorr 
ABC: Warning: The network is combinational (run "fraig" or "fraig_sweep").
ABC: + dc2 
ABC: + dretime 
ABC: + strash 
ABC: + &get -n 
ABC: + &dch -f 
ABC: + &nf 
ABC: + &put 
ABC: + write_blif <abc-temp-dir>/output.blif 
ABC: 
ABC: YOSYS_ABC_DONE 

3.24.11.2. Re-integrating ABC results.
ABC RESULTS:            ANDNOT cells:       21
ABC RESULTS:               NOT cells:        1
ABC RESULTS:        internal signals:        1
ABC RESULTS:           input signals:       23
ABC RESULTS:          output signals:       22
Removing temp directory.

3.24.11.1. Executed ABC.
Extracted 9 gates and 14 wires to a netlist network with 5 inputs and 8 outputs.
Running ABC script: <abc-temp-dir>/abc.script
ABC: UC Berkeley, ABC 1.01 (compiled Sep 21 2026 05:23:42)
ABC: abc 01> empty
ABC: abc 01> source <abc-temp-dir>/abc.script
ABC: + read_blif <abc-temp-dir>/input.blif 
ABC: + read_library <abc-temp-dir>/stdcells.genlib 
ABC: + strash 
ABC: + &get -n 
ABC: + &fraig -x 
ABC: + &put 
ABC: + scorr 
ABC: Warning: The network is combinational (run "fraig" or "fraig_sweep").
ABC: + dc2 
ABC: + dretime 
ABC: + strash 
ABC: + &get -n 
ABC: + &dch -f 
ABC: + &nf 
ABC: + &put 
ABC: + write_blif <abc-temp-dir>/output.blif 
ABC: 
ABC: YOSYS_ABC_DONE 

3.24.11.2. Re-integrating ABC results.
ABC RESULTS:            ANDNOT cells:        1
ABC RESULTS:              NAND cells:        1
ABC RESULTS:               NOR cells:        1
ABC RESULTS:               NOT cells:        2
ABC RESULTS:                OR cells:        1
ABC RESULTS:             ORNOT cells:        2
ABC RESULTS:        internal signals:        1
ABC RESULTS:           input signals:        5
ABC RESULTS:          output signals:        8
Removing temp directory.

3.24.11.1. Executed ABC.
Extracted 23 gates and 46 wires to a netlist network with 23 inputs and 22 outputs.
Running ABC script: <abc-temp-dir>/abc.script
ABC: UC Berkeley, ABC 1.01 (compiled Sep 21 2026 05:23:42)
ABC: abc 01> empty
ABC: abc 01> source <abc-temp-dir>/abc.script
ABC: + read_blif <abc-temp-dir>/input.blif 
ABC: + read_library <abc-temp-dir>/stdcells.genlib 
ABC: + strash 
ABC: + &get -n 
ABC: + &fraig -x 
ABC: + &put 
ABC: + scorr 
ABC: Warning: The network is combinational (run "fraig" or "fraig_sweep").
ABC: + dc2 
ABC: + dretime 
ABC: + strash 
ABC: + &get -n 
ABC: + &dch -f 
ABC: + &nf 
ABC: + &put 
ABC: + write_blif <abc-temp-dir>/output.blif 
ABC: 
ABC: YOSYS_ABC_DONE 

3.24.11.2. Re-integrating ABC results.
ABC RESULTS:            ANDNOT cells:       21
ABC RESULTS:               NOT cells:        1
ABC RESULTS:        internal signals:        1
ABC RESULTS:           input signals:       23
ABC RESULTS:          output signals:       22
Removing temp directory.

3.24.11.1. Executed ABC.
Extracted 9 gates and 14 wires to a netlist network with 5 inputs and 7 outputs.
Running ABC script: <abc-temp-dir>/abc.script
ABC: UC Berkeley, ABC 1.01 (compiled Sep 21 2026 05:23:42)
ABC: abc 01> empty
ABC: abc 01> source <abc-temp-dir>/abc.script
ABC: + read_blif <abc-temp-dir>/input.blif 
ABC: + read_library <abc-temp-dir>/stdcells.genlib 
ABC: + strash 
ABC: + &get -n 
ABC: + &fraig -x 
ABC: + &put 
ABC: + scorr 
ABC: Warning: The network is combinational (run "fraig" or "fraig_sweep").
ABC: + dc2 
ABC: + dretime 
ABC: + strash 
ABC: + &get -n 
ABC: + &dch -f 
ABC: + &nf 
ABC: + &put 
ABC: + write_blif <abc-temp-dir>/output.blif 
ABC: 
ABC: YOSYS_ABC_DONE 

3.24.11.2. Re-integrating ABC results.
ABC RESULTS:               AND cells:        1
ABC RESULTS:            ANDNOT cells:        1
ABC RESULTS:              NAND cells:        1
ABC RESULTS:               NOT cells:        1
ABC RESULTS:                OR cells:        1
ABC RESULTS:             ORNOT cells:        2
ABC RESULTS:        internal signals:        2
ABC RESULTS:           input signals:        5
ABC RESULTS:          output signals:        7
Removing temp directory.

3.24.11.1. Executed ABC.
Extracted 17 gates and 22 wires to a netlist network with 5 inputs and 6 outputs.
Running ABC script: <abc-temp-dir>/abc.script
ABC: UC Berkeley, ABC 1.01 (compiled Sep 21 2026 05:23:42)
ABC: abc 01> empty
ABC: abc 01> source <abc-temp-dir>/abc.script
ABC: + read_blif <abc-temp-dir>/input.blif 
ABC: + read_library <abc-temp-dir>/stdcells.genlib 
ABC: + strash 
ABC: + &get -n 
ABC: + &fraig -x 
ABC: + &put 
ABC: + scorr 
ABC: Warning: The network is combinational (run "fraig" or "fraig_sweep").
ABC: + dc2 
ABC: + dretime 
ABC: + strash 
ABC: + &get -n 
ABC: + &dch -f 
ABC: + &nf 
ABC: + &put 
ABC: + write_blif <abc-temp-dir>/output.blif 
ABC: 
ABC: YOSYS_ABC_DONE 

3.24.11.2. Re-integrating ABC results.
ABC RESULTS:               AND cells:        2
ABC RESULTS:            ANDNOT cells:        1
ABC RESULTS:               MUX cells:        1
ABC RESULTS:               NOR cells:        1
ABC RESULTS:               NOT cells:        1
ABC RESULTS:                OR cells:        2
ABC RESULTS:             ORNOT cells:        1
ABC RESULTS:              XNOR cells:        2
ABC RESULTS:               XOR cells:        2
ABC RESULTS:        internal signals:       11
ABC RESULTS:           input signals:        5
ABC RESULTS:          output signals:        6
Removing temp directory.

3.24.11.1. Executed ABC.
Extracted 82 gates and 107 wires to a netlist network with 25 inputs and 14 outputs.
Running ABC script: <abc-temp-dir>/abc.script
ABC: UC Berkeley, ABC 1.01 (compiled Sep 21 2026 05:23:42)
ABC: abc 01> empty
ABC: abc 01> source <abc-temp-dir>/abc.script
ABC: + read_blif <abc-temp-dir>/input.blif 
ABC: + read_library <abc-temp-dir>/stdcells.genlib 
ABC: + strash 
ABC: + &get -n 
ABC: + &fraig -x 
ABC: + &put 
ABC: + scorr 
ABC: Warning: The network is combinational (run "fraig" or "fraig_sweep").
ABC: + dc2 
ABC: + dretime 
ABC: + strash 
ABC: + &get -n 
ABC: + &dch -f 
ABC: + &nf 
ABC: + &put 
ABC: + write_blif <abc-temp-dir>/output.blif 
ABC: 
ABC: YOSYS_ABC_DONE 

3.24.11.2. Re-integrating ABC results.
ABC RESULTS:               AND cells:        4
ABC RESULTS:               MUX cells:       12
ABC RESULTS:              NAND cells:        1
ABC RESULTS:               NOR cells:        6
ABC RESULTS:               NOT cells:        1
ABC RESULTS:                OR cells:       11
ABC RESULTS:              XNOR cells:       11
ABC RESULTS:        internal signals:       68
ABC RESULTS:           input signals:       25
ABC RESULTS:          output signals:       14
Removing temp directory.

3.24.11.1. Executed ABC.
Extracted 146 gates and 201 wires to a netlist network with 54 inputs and 33 outputs.
Running ABC script: <abc-temp-dir>/abc.script
ABC: UC Berkeley, ABC 1.01 (compiled Sep 21 2026 05:23:42)
ABC: abc 01> empty
ABC: abc 01> source <abc-temp-dir>/abc.script
ABC: + read_blif <abc-temp-dir>/input.blif 
ABC: + read_library <abc-temp-dir>/stdcells.genlib 
ABC: + strash 
ABC: + &get -n 
ABC: + &fraig -x 
ABC: + &put 
ABC: + scorr 
ABC: Warning: The network is combinational (run "fraig" or "fraig_sweep").
ABC: + dc2 
ABC: + dretime 
ABC: + strash 
ABC: + &get -n 
ABC: + &dch -f 
ABC: + &nf 
ABC: + &put 
ABC: + write_blif <abc-temp-dir>/output.blif 
ABC: 
ABC: YOSYS_ABC_DONE 

3.24.11.2. Re-integrating ABC results.
ABC RESULTS:               AND cells:       18
ABC RESULTS:            ANDNOT cells:        5
ABC RESULTS:               MUX cells:       41
ABC RESULTS:              NAND cells:       27
ABC RESULTS:               NOR cells:        5
ABC RESULTS:               NOT cells:        3
ABC RESULTS:                OR cells:        5
ABC RESULTS:             ORNOT cells:       11
ABC RESULTS:              XNOR cells:        5
ABC RESULTS:        internal signals:      114
ABC RESULTS:           input signals:       54
ABC RESULTS:          output signals:       33
Removing temp directory.

3.24.11.1. Executed ABC.
Extracted 65 gates and 151 wires to a netlist network with 86 inputs and 21 outputs.
Running ABC script: <abc-temp-dir>/abc.script
ABC: UC Berkeley, ABC 1.01 (compiled Sep 21 2026 05:23:42)
ABC: abc 01> empty
ABC: abc 01> source <abc-temp-dir>/abc.script
ABC: + read_blif <abc-temp-dir>/input.blif 
ABC: + read_library <abc-temp-dir>/stdcells.genlib 
ABC: + strash 
ABC: + &get -n 
ABC: + &fraig -x 
ABC: + &put 
ABC: + scorr 
ABC: Warning: The network is combinational (run "fraig" or "fraig_sweep").
ABC: + dc2 
ABC: + dretime 
ABC: + strash 
ABC: + &get -n 
ABC: + &dch -f 
ABC: + &nf 
ABC: + &put 
ABC: + write_blif <abc-temp-dir>/output.blif 
ABC: 
ABC: YOSYS_ABC_DONE 

3.24.11.2. Re-integrating ABC results.
ABC RESULTS:            ANDNOT cells:        2
ABC RESULTS:               MUX cells:       20
ABC RESULTS:                OR cells:       42
ABC RESULTS:        internal signals:       44
ABC RESULTS:           input signals:       86
ABC RESULTS:          output signals:       21
Removing temp directory.

3.24.11.1. Executed ABC.
Extracted 23 gates and 46 wires to a netlist network with 23 inputs and 22 outputs.
Running ABC script: <abc-temp-dir>/abc.script
ABC: UC Berkeley, ABC 1.01 (compiled Sep 21 2026 05:23:42)
ABC: abc 01> empty
ABC: abc 01> source <abc-temp-dir>/abc.script
ABC: + read_blif <abc-temp-dir>/input.blif 
ABC: + read_library <abc-temp-dir>/stdcells.genlib 
ABC: + strash 
ABC: + &get -n 
ABC: + &fraig -x 
ABC: + &put 
ABC: + scorr 
ABC: Warning: The network is combinational (run "fraig" or "fraig_sweep").
ABC: + dc2 
ABC: + dretime 
ABC: + strash 
ABC: + &get -n 
ABC: + &dch -f 
ABC: + &nf 
ABC: + &put 
ABC: + write_blif <abc-temp-dir>/output.blif 
ABC: 
ABC: YOSYS_ABC_DONE 

3.24.11.2. Re-integrating ABC results.
ABC RESULTS:            ANDNOT cells:       21
ABC RESULTS:               NOT cells:        1
ABC RESULTS:        internal signals:        1
ABC RESULTS:           input signals:       23
ABC RESULTS:          output signals:       22
Removing temp directory.
Removing global temp directory.

3.25. Executing OPT pass (performing simple optimizations).

3.25.1. Executing OPT_EXPR pass (perform const folding).
Optimizing module pin_streamer.
<suppressed ~1 debug messages>

3.25.2. Executing OPT_MERGE pass (detect identical cells).
Finding identical cells in module `\pin_streamer'.
Computing hashes of 460 cells of `\pin_streamer'.
Finding duplicate cells in `\pin_streamer'.
Removed a total of 0 cells.

3.25.3. Executing OPT_DFF pass (perform DFF optimizations).

3.25.4. Executing OPT_CLEAN pass (remove unused cells and wires).
Finding unused cells or wires in module \pin_streamer..
Removed 0 unused cells and 568 unused wires.
<suppressed ~33 debug messages>

3.25.5. Finished fast OPT passes.

3.26. Executing HIERARCHY pass (managing design hierarchy).
Attribute `top' found on module `pin_streamer'. Setting top module to pin_streamer.

3.26.1. Analyzing design hierarchy..
Top module:  \pin_streamer

3.26.2. Analyzing design hierarchy..
Top module:  \pin_streamer
Removed 0 unused modules.

3.27. Printing statistics.

=== pin_streamer ===

        +----------Local Count, excluding submodules.
        | 
      346 wires
      877 wire bits
      100 public wires
      629 public wire bits
       13 ports
       59 port bits
      460 cells
       74   $_ANDNOT_
       25   $_AND_
       80   $_MUX_
       30   $_NAND_
       13   $_NOR_
       11   $_NOT_
       16   $_ORNOT_
       63   $_OR_
      125   $_SDFFE_PP0P_
        3   $_SDFF_PP0_
       18   $_XNOR_
        2   $_XOR_

3.28. Executing CHECK pass (checking for obvious problems).
Checking module pin_streamer...
Found and reported 0 problems.

4. Executing DFFLIBMAP pass (mapping DFF/DLATCH cells to sequential cells from liberty file).
  cell sg13g2_dfrbpq_1 (noninv, pins=4, area=48.99) is a direct match for cell type $_DFF_PN0_.
  cell sg13g2_dlhq_1 (noninv, pins=3, area=30.84) is a direct match for cell type $_DLATCH_P_.
  cell sg13g2_dllrq_1 (noninv, pins=4, area=29.03) is a direct match for cell type $_DLATCH_NN0_.
  cell sg13g2_dlhrq_1 (noninv, pins=4, area=27.22) is a direct match for cell type $_DLATCH_PN0_.
  final dff/dlatch cell mappings:
    unmapped dff/dlatch cell: $_DFF_N_
    unmapped dff/dlatch cell: $_DFF_P_
    unmapped dff/dlatch cell: $_DFF_NN0_
    unmapped dff/dlatch cell: $_DFF_NN1_
    unmapped dff/dlatch cell: $_DFF_NP0_
    unmapped dff/dlatch cell: $_DFF_NP1_
    \sg13g2_dfrbpq_1 _DFF_PN0_ (.CLK( C), .D( D), .Q( Q), .RESET_B( R));
    unmapped dff/dlatch cell: $_DFF_PN1_
    unmapped dff/dlatch cell: $_DFF_PP0_
    unmapped dff/dlatch cell: $_DFF_PP1_
    unmapped dff/dlatch cell: $_DFFE_NN_
    unmapped dff/dlatch cell: $_DFFE_NP_
    unmapped dff/dlatch cell: $_DFFE_PN_
    unmapped dff/dlatch cell: $_DFFE_PP_
    unmapped dff/dlatch cell: $_DFFSR_NNN_
    unmapped dff/dlatch cell: $_DFFSR_NNP_
    unmapped dff/dlatch cell: $_DFFSR_NPN_
    unmapped dff/dlatch cell: $_DFFSR_NPP_
    unmapped dff/dlatch cell: $_DFFSR_PNN_
    unmapped dff/dlatch cell: $_DFFSR_PNP_
    unmapped dff/dlatch cell: $_DFFSR_PPN_
    unmapped dff/dlatch cell: $_DFFSR_PPP_
    unmapped dff/dlatch cell: $_DLATCH_N_
    \sg13g2_dlhq_1 _DLATCH_P_ (.D( D), .GATE( E), .Q( Q));
    \sg13g2_dllrq_1 _DLATCH_NN0_ (.D( D), .GATE_N( E), .Q( Q), .RESET_B( R));
    unmapped dff/dlatch cell: $_DLATCH_NN1_
    unmapped dff/dlatch cell: $_DLATCH_NP0_
    unmapped dff/dlatch cell: $_DLATCH_NP1_
    \sg13g2_dlhrq_1 _DLATCH_PN0_ (.D( D), .GATE( E), .Q( Q), .RESET_B( R));
    unmapped dff/dlatch cell: $_DLATCH_PN1_
    unmapped dff/dlatch cell: $_DLATCH_PP0_
    unmapped dff/dlatch cell: $_DLATCH_PP1_
    unmapped dff/dlatch cell: $_DLATCHSR_NNN_
    unmapped dff/dlatch cell: $_DLATCHSR_NNP_
    unmapped dff/dlatch cell: $_DLATCHSR_NPN_
    unmapped dff/dlatch cell: $_DLATCHSR_NPP_
    unmapped dff/dlatch cell: $_DLATCHSR_PNN_
    unmapped dff/dlatch cell: $_DLATCHSR_PNP_
    unmapped dff/dlatch cell: $_DLATCHSR_PPN_
    unmapped dff/dlatch cell: $_DLATCHSR_PPP_

4.1. Executing DFFLEGALIZE pass (convert FFs and LATCHes to types supported by the target).
<suppressed ~4 debug messages>
Mapping DFF/DLATCH cells in module `\pin_streamer':
  mapped 128 $_DFF_PN0_ cells to \sg13g2_dfrbpq_1 cells.

5. Executing ABC pass (technology mapping using ABC).

5.1. Summary of detected clock domains:
  713 cells in clk={ }, en={ }, arst={ }, srst={ }

5.2. Extracting gate netlist of module `\pin_streamer' to `<abc-temp-dir>/input.blif'..
No matching clock domain found. Not extracting any FF cells.

5.2.1. Executed ABC.
Extracted 585 gates and 763 wires to a netlist network with 177 inputs and 137 outputs.
Running ABC script: <abc-temp-dir>/abc.script
ABC: UC Berkeley, ABC 1.01 (compiled Sep 21 2026 05:23:42)
ABC: abc 01> empty
ABC: abc 01> source <abc-temp-dir>/abc.script
ABC: + read_blif <abc-temp-dir>/input.blif 
ABC: + read_scl /tmp/yosys-liberty-scl-cache-1000/yosys_merged_a6013080.scl 
ABC: + strash 
ABC: + &get -n 
ABC: + &fraig -x 
ABC: + &put 
ABC: + scorr 
ABC: Warning: The network is combinational (run "fraig" or "fraig_sweep").
ABC: + dc2 
ABC: + dretime 
ABC: + strash 
ABC: + &get -n 
ABC: + &dch -f 
ABC: + &nf 
ABC: + &put 
ABC: + write_blif <abc-temp-dir>/output.blif 
ABC: 
ABC: YOSYS_ABC_DONE 

5.2.2. Re-integrating ABC results.
ABC RESULTS:     sg13g2_a21o_1 cells:       22
ABC RESULTS:    sg13g2_a21oi_1 cells:      144
ABC RESULTS:   sg13g2_a221oi_1 cells:       13
ABC RESULTS:    sg13g2_a22oi_1 cells:       36
ABC RESULTS:     sg13g2_and2_1 cells:       18
ABC RESULTS:     sg13g2_and4_1 cells:        2
ABC RESULTS:      sg13g2_inv_1 cells:       99
ABC RESULTS:     sg13g2_mux2_1 cells:        8
ABC RESULTS:     sg13g2_mux4_1 cells:        4
ABC RESULTS:    sg13g2_nand2_1 cells:       16
ABC RESULTS:   sg13g2_nand2b_1 cells:        5
ABC RESULTS:    sg13g2_nand3_1 cells:       10
ABC RESULTS:   sg13g2_nand3b_1 cells:        3
ABC RESULTS:    sg13g2_nand4_1 cells:        2
ABC RESULTS:     sg13g2_nor2_1 cells:       19
ABC RESULTS:    sg13g2_nor2b_1 cells:       11
ABC RESULTS:     sg13g2_nor3_1 cells:        6
ABC RESULTS:     sg13g2_nor4_1 cells:        5
ABC RESULTS:    sg13g2_o21ai_1 cells:      113
ABC RESULTS:      sg13g2_or2_1 cells:        1
ABC RESULTS:      sg13g2_or3_1 cells:        1
ABC RESULTS:    sg13g2_xnor2_1 cells:        9
ABC RESULTS:     sg13g2_xor2_1 cells:        4
ABC RESULTS:        internal signals:      449
ABC RESULTS:           input signals:      177
ABC RESULTS:          output signals:      137
Removing temp directory.
Removing global temp directory.

6. Executing OPT_CLEAN pass (remove unused cells and wires).
Finding unused cells or wires in module \pin_streamer..
Removed 0 unused cells and 705 unused wires.
<suppressed ~21 debug messages>

7. Printing statistics.

=== pin_streamer ===

        +----------Local Count, excluding submodules.
        |        +-Local Area, excluding submodules.
        |        | 
      622        - wires
     1075        - wire bits
       80        - public wires
      533        - public wire bits
       13        - ports
       59        - port bits
      679 1.14E+04 cells
       22  279.418   sg13g2_a21o_1
      144 1.31E+03   sg13g2_a21oi_1
       13  188.698   sg13g2_a221oi_1
       36   390.55   sg13g2_a22oi_1
       18  163.296   sg13g2_and2_1
        2    29.03   sg13g2_and4_1
      128 6.27E+03   sg13g2_dfrbpq_1
       99  538.877   sg13g2_inv_1
        8  145.152   sg13g2_mux2_1
        4   152.41   sg13g2_mux4_1
       16  116.122   sg13g2_nand2_1
        5    45.36   sg13g2_nand2b_1
       10    90.72   sg13g2_nand3_1
        3   38.102   sg13g2_nand3b_1
        2   21.773   sg13g2_nand4_1
       19  137.894   sg13g2_nor2_1
       11   99.792   sg13g2_nor2b_1
        6   54.432   sg13g2_nor3_1
        5   54.432   sg13g2_nor4_1
      113 1.03E+03   sg13g2_o21ai_1
        1    9.072   sg13g2_or2_1
        1   12.701   sg13g2_or3_1
        9  130.637   sg13g2_xnor2_1
        4   58.061   sg13g2_xor2_1

   Chip area for module '\pin_streamer': 11358.597600
     of which used for sequential elements: 6270.566400 (55.21%)

End of script. Logfile hash: 03302d69e1, time: 0.74s, user: 0.07s, system: 0.05s, MEM: 24.01 MB peak
Yosys 0.69+77 (git sha1 9ff27d29c-dirty, Release, Clang /usr/bin/clang++ 21.1.8)
Time spent: 87% 2x abc (0 sec), 2% 22x opt_clean (0 sec), ...
