Starting…
Running 'Verilator.Lint' at '../synth/runs/lut4ab_stock/01-verilator-lint'…
Logging subprocess to [repr.filename]'../synth/runs/lut4ab_stock/01-verilator-lint/verilator-lint.log'[/repr.filename]…
Running 'Checker.LintTimingConstructs' at '../synth/runs/lut4ab_stock/02-checker-linttimingconstructs'…
Check for Lint Timing Errors clear.
Running 'Checker.LintErrors' at '../synth/runs/lut4ab_stock/03-checker-linterrors'…
Check for Lint errors clear.
Running 'Checker.LintWarnings' at '../synth/runs/lut4ab_stock/04-checker-lintwarnings'…
26 Lint warnings found.
Running 'Yosys.JsonHeader' at '../synth/runs/lut4ab_stock/05-yosys-jsonheader'…
Logging subprocess to [repr.filename]'../synth/runs/lut4ab_stock/05-yosys-jsonheader/yosys-jsonheader.log'[/repr.filename]…
Running 'Yosys.Synthesis' at '../synth/runs/lut4ab_stock/06-yosys-synthesis'…
Logging subprocess to [repr.filename]'../synth/runs/lut4ab_stock/06-yosys-synthesis/yosys-synthesis.log'[/repr.filename]…
Parsing synthesis checks…
Parsing synthesis checks…
Running 'Checker.YosysUnmappedCells' at '../synth/runs/lut4ab_stock/07-checker-yosysunmappedcells'…
Check for Unmapped Yosys instances clear.
Running 'Checker.YosysSynthChecks' at '../synth/runs/lut4ab_stock/08-checker-yosyssynthchecks'…
Check for Yosys check errors clear.
Running 'Checker.NetlistAssignStatements' at '../synth/runs/lut4ab_stock/09-checker-netlistassignstatements'…
Running 'OpenROAD.CheckSDCFiles' at '../synth/runs/lut4ab_stock/10-openroad-checksdcfiles'…
'PNR_SDC_FILE' is not defined. Using generic fallback SDC for OpenROAD PnR steps.
'SIGNOFF_SDC_FILE' is not defined. Using generic fallback SDC for OpenROAD PnR steps.
Running 'OpenROAD.CheckMacroInstances' at '../synth/runs/lut4ab_stock/11-openroad-checkmacroinstances'…
No macros found, skipping instance check…
Running 'OpenROAD.STAPrePNR' at '../synth/runs/lut4ab_stock/12-openroad-staprepnr'…
Starting STA for the nom_fast_1p32V_m40C timing corner…
Starting STA for the nom_slow_1p08V_125C timing corner…
Starting STA for the nom_typ_1p20V_25C timing corner…
Logging subprocess to [repr.filename]'../synth/runs/lut4ab_stock/12-openroad-staprepnr/nom_fast_1p32V_m40C/sta.log'[/repr.filename]…
Logging subprocess to [repr.filename]'../synth/runs/lut4ab_stock/12-openroad-staprepnr/nom_slow_1p08V_125C/sta.log'[/repr.filename]…
Logging subprocess to [repr.filename]'../synth/runs/lut4ab_stock/12-openroad-staprepnr/nom_typ_1p20V_25C/sta.log'[/repr.filename]…
Finished STA for the nom_fast_1p32V_m40C timing corner.
Finished STA for the nom_slow_1p08V_125C timing corner.
Finished STA for the nom_typ_1p20V_25C timing corner.
Running 'OpenROAD.Floorplan' at '../synth/runs/lut4ab_stock/13-openroad-floorplan'…
Logging subprocess to [repr.filename]'../synth/runs/lut4ab_stock/13-openroad-floorplan/openroad-floorplan.log'[/repr.filename]…
Running 'OpenROAD.DumpRCValues' at '../synth/runs/lut4ab_stock/14-openroad-dumprcvalues'…
Logging subprocess to [repr.filename]'../synth/runs/lut4ab_stock/14-openroad-dumprcvalues/openroad-dumprcvalues.log'[/repr.filename]…
Running 'Odb.CheckMacroAntennaProperties' at '../synth/runs/lut4ab_stock/15-odb-checkmacroantennaproperties'…
No cells provided, skipping 'Odb.CheckMacroAntennaProperties'…
Running 'Odb.SetPowerConnections' at '../synth/runs/lut4ab_stock/16-odb-setpowerconnections'…
Logging subprocess to [repr.filename]'../synth/runs/lut4ab_stock/16-odb-setpowerconnections/odb-setpowerconnections.log'[/repr.filename]…
Running 'Odb.ManualMacroPlacement' at '../synth/runs/lut4ab_stock/17-odb-manualmacroplacement'…
No instances found, skipping 'Odb.ManualMacroPlacement'…
Running 'OpenROAD.CutRows' at '../synth/runs/lut4ab_stock/18-openroad-cutrows'…
Logging subprocess to [repr.filename]'../synth/runs/lut4ab_stock/18-openroad-cutrows/openroad-cutrows.log'[/repr.filename]…
Running 'OpenROAD.TapEndcapInsertion' at '../synth/runs/lut4ab_stock/19-openroad-tapendcapinsertion'…
Logging subprocess to [repr.filename]'../synth/runs/lut4ab_stock/19-openroad-tapendcapinsertion/openroad-tapendcapinsertion.log'[/repr.filename]…
Running 'Odb.AddPDNObstructions' at '../synth/runs/lut4ab_stock/20-odb-addpdnobstructions'…
'PDN_OBSTRUCTIONS' is not defined. Skipping 'Odb.AddPDNObstructions'…
Running 'OpenROAD.GeneratePDN' at '../synth/runs/lut4ab_stock/21-openroad-generatepdn'…
'PDN_CFG' not explicitly set, setting it to /nix/store/8y4m6wgn5kqlbig1qwnwbxijqqp0jwib-python3-3.13.9-env/lib/python3.13/site-packages/librelane/scripts/openroad/common/pdn_cfg.tcl…
Logging subprocess to [repr.filename]'../synth/runs/lut4ab_stock/21-openroad-generatepdn/openroad-generatepdn.log'[/repr.filename]…
Running 'Odb.RemovePDNObstructions' at '../synth/runs/lut4ab_stock/22-odb-removepdnobstructions'…
'PDN_OBSTRUCTIONS' is not defined. Skipping 'Odb.RemovePDNObstructions'…
Running 'Odb.AddRoutingObstructions' at '../synth/runs/lut4ab_stock/23-odb-addroutingobstructions'…
'ROUTING_OBSTRUCTIONS' is not defined. Skipping 'Odb.AddRoutingObstructions'…
Running 'OpenROAD.GlobalPlacementSkipIO' at '../synth/runs/lut4ab_stock/24-openroad-globalplacementskipio'…
Logging subprocess to [repr.filename]'../synth/runs/lut4ab_stock/24-openroad-globalplacementskipio/openroad-globalplacementskipio.log'[/repr.filename]…
[GPL-0302] Target density 0.6500 is too low for the available free area.
Running 'OpenROAD.IOPlacement' at '../synth/runs/lut4ab_stock/25-openroad-ioplacement'…
Logging subprocess to [repr.filename]'../synth/runs/lut4ab_stock/25-openroad-ioplacement/openroad-ioplacement.log'[/repr.filename]…
Running 'Odb.CustomIOPlacement' at '../synth/runs/lut4ab_stock/26-odb-customioplacement'…
No custom I/O placement file configured, skipping 'Odb.CustomIOPlacement'…
Running 'Odb.ApplyDEFTemplate' at '../synth/runs/lut4ab_stock/27-odb-applydeftemplate'…
No DEF template provided, skipping 'Odb.ApplyDEFTemplate'…
Running 'OpenROAD.GlobalPlacement' at '../synth/runs/lut4ab_stock/28-openroad-globalplacement'…
Logging subprocess to [repr.filename]'../synth/runs/lut4ab_stock/28-openroad-globalplacement/openroad-globalplacement.log'[/repr.filename]…
[GPL-0302] Target density 0.6500 is too low for the available free area.
Running 'Odb.WriteVerilogHeader' at '../synth/runs/lut4ab_stock/29-odb-writeverilogheader'…
Logging subprocess to [repr.filename]'../synth/runs/lut4ab_stock/29-odb-writeverilogheader/odb-writeverilogheader.log'[/repr.filename]…
Running 'Checker.PowerGridViolations' at '../synth/runs/lut4ab_stock/30-checker-powergridviolations'…
Check for power grid violations (as reported by OpenROAD PSM- you may ignore these if LVS passes) clear.
Running 'OpenROAD.STAMidPNR' at '../synth/runs/lut4ab_stock/31-openroad-stamidpnr'…
Logging subprocess to [repr.filename]'../synth/runs/lut4ab_stock/31-openroad-stamidpnr/openroad-stamidpnr.log'[/repr.filename]…
Running 'OpenROAD.RepairDesignPostGPL' at '../synth/runs/lut4ab_stock/32-openroad-repairdesignpostgpl'…
Logging subprocess to [repr.filename]'../synth/runs/lut4ab_stock/32-openroad-repairdesignpostgpl/openroad-repairdesignpostgpl.log'[/repr.filename]…
Running 'Odb.ManualGlobalPlacement' at '../synth/runs/lut4ab_stock/33-odb-manualglobalplacement'…
'MANUAL_GLOBAL_PLACEMENTS' not set. Skipping 'Odb.ManualGlobalPlacement'…
Running 'OpenROAD.DetailedPlacement' at '../synth/runs/lut4ab_stock/34-openroad-detailedplacement'…
Logging subprocess to [repr.filename]'../synth/runs/lut4ab_stock/34-openroad-detailedplacement/openroad-detailedplacement.log'[/repr.filename]…
Running 'OpenROAD.CTS' at '../synth/runs/lut4ab_stock/35-openroad-cts'…
Logging subprocess to [repr.filename]'../synth/runs/lut4ab_stock/35-openroad-cts/openroad-cts.log'[/repr.filename]…
[CTS-0041] Net "net367" has 1 sinks. Skipping...
[CTS-0041] Net "UserCLKo" has 0 sinks. Skipping...
Running 'OpenROAD.STAMidPNR-1' at '../synth/runs/lut4ab_stock/36-openroad-stamidpnr-1'…
Logging subprocess to [repr.filename]'../synth/runs/lut4ab_stock/36-openroad-stamidpnr-1/openroad-stamidpnr-1.log'[/repr.filename]…
Running 'OpenROAD.ResizerTimingPostCTS' at '../synth/runs/lut4ab_stock/37-openroad-resizertimingpostcts'…
Logging subprocess to [repr.filename]'../synth/runs/lut4ab_stock/37-openroad-resizertimingpostcts/openroad-resizertimingpostcts.log'[/repr.filename]…
[RSZ-0062] Unable to repair all setup violations.
[DPL-0036] Detailed placement failed.
