3472 0 0
0 ff 00 00 00 00 00 00000000 ffffffff
1 ff 08 08 00 00 00 0000f000 ffffffff
5 ff 08 0e 00 00 00 0000f000 ffffffff
7 fb 08 0e 00 00 00 0000f000 fffff0ff
8 f9 08 0e 00 00 00 0000f000 fffff01f
9 f9 08 0e 00 00 00 0000f000 fffff00f
d f9 00 0e 00 00 00 00000000 fffff00f
f f1 00 0e 00 00 00 00000000 ffff000f
15 f1 04 0e 00 00 00 00000f00 ffff000f
17 f5 04 0e 00 00 00 00000f00 ffff0f0f
3d f5 06 0e 00 00 00 00000ff0 ffff0f0f
40 f7 06 0e 00 00 00 00000ff0 ffff0fef
41 f7 06 0e 00 00 00 00000ff0 ffff0fff
6d f7 04 0e 00 00 00 00000f00 ffff0fff
70 f5 04 0e 00 00 00 00000f00 ffff0f1f
71 f5 04 0e 00 00 00 00000f00 ffff0f0f
75 f5 00 0e 00 00 00 00000000 ffff0f0f
77 f1 00 0e 00 00 00 00000000 ffff000f
9d f1 02 0e 00 00 00 000000f0 ffff000f
a0 f3 02 0e 00 00 00 000000f0 ffff00ef
a1 f3 02 0e 00 00 00 000000f0 ffff00ff
cd f3 00 0e 00 00 00 00000000 ffff00ff
d0 f1 00 0e 00 00 00 00000000 ffff001f
d1 f1 00 0e 00 00 00 00000000 ffff000f
fd f1 02 0e 00 00 00 000000f0 ffff000f
100 f3 02 0e 00 00 00 000000f0 ffff00ef
101 f3 02 0e 00 00 00 000000f0 ffff00ff
12d f3 00 0e 00 00 00 00000000 ffff00ff
130 f1 00 0e 00 00 00 00000000 ffff001f
131 f1 00 0e 00 00 00 00000000 ffff000f
135 f1 04 0e 00 00 00 00000f00 ffff000f
137 f5 04 0e 00 00 00 00000f00 ffff0f0f
15d f5 06 0e 00 00 00 00000ff0 ffff0f0f
160 f7 06 0e 00 00 00 00000ff0 ffff0fef
161 f7 06 0e 00 00 00 00000ff0 ffff0fff
18d f7 04 0e 00 00 00 00000f00 ffff0fff
190 f5 04 0e 00 00 00 00000f00 ffff0f1f
191 f5 04 0e 00 00 00 00000f00 ffff0f0f
1bd f5 06 0e 00 00 00 00000ff0 ffff0f0f
1c0 f7 06 0e 00 00 00 00000ff0 ffff0fef
1c1 f7 06 0e 00 00 00 00000ff0 ffff0fff
1ed f7 04 0e 00 00 00 00000f00 ffff0fff
1f0 f5 04 0e 00 00 00 00000f00 ffff0f1f
1f1 f5 04 0e 00 00 00 00000f00 ffff0f0f
21d f5 06 0e 00 00 00 00000ff0 ffff0f0f
220 f7 06 0e 00 00 00 00000ff0 ffff0fef
221 f7 06 0e 00 00 00 00000ff0 ffff0fff
24d f7 04 0e 00 00 00 00000f00 ffff0fff
250 f5 04 0e 00 00 00 00000f00 ffff0f1f
251 f5 04 0e 00 00 00 00000f00 ffff0f0f
27d f5 06 0e 00 00 00 00000ff0 ffff0f0f
280 f7 06 0e 00 00 00 00000ff0 ffff0fef
281 f7 06 0e 00 00 00 00000ff0 ffff0fff
2ad f7 04 0e 00 00 00 00000f00 ffff0fff
2b0 f5 04 0e 00 00 00 00000f00 ffff0f1f
2b1 f5 04 0e 00 00 00 00000f00 ffff0f0f
2dd f5 06 0e 00 00 00 00000ff0 ffff0f0f
2e0 f7 06 0e 00 00 00 00000ff0 ffff0fef
2e1 f7 06 0e 00 00 00 00000ff0 ffff0fff
30d f7 04 0e 00 00 00 00000f00 ffff0fff
310 f5 04 0e 00 00 00 00000f00 ffff0f1f
311 f5 04 0e 00 00 00 00000f00 ffff0f0f
341 f5 06 0e 00 00 00 00000ff0 ffff0f0f
344 f7 06 0e 00 00 00 00000ff0 ffff0fef
345 f7 06 0e 00 00 00 00000ff0 ffff0fff
371 f7 04 0e 00 00 00 00000f00 ffff0fff
374 f5 04 0e 00 00 00 00000f00 ffff0f1f
375 f5 04 0e 00 00 00 00000f00 ffff0f0f
3a1 f5 06 0e 00 00 00 00000ff0 ffff0f0f
3a4 f7 06 0e 00 00 00 00000ff0 ffff0fef
3a5 f7 06 0e 00 00 00 00000ff0 ffff0fff
3d1 f7 04 0e 00 00 00 00000f00 ffff0fff
3d4 f5 04 0e 00 00 00 00000f00 ffff0f1f
3d5 f5 04 0e 00 00 00 00000f00 ffff0f0f
401 f5 06 0e 00 00 00 00000ff0 ffff0f0f
404 f7 06 0e 00 00 00 00000ff0 ffff0fef
405 f7 06 0e 00 00 00 00000ff0 ffff0fff
431 f7 04 0e 00 00 00 00000f00 ffff0fff
434 b5 04 0e 00 00 00 00000f00 f0ff0f1f
435 b5 04 0e 00 00 00 00000f00 f0ff0f0f
461 b5 06 0e 00 00 00 00000ff0 f0ff0f0f
464 b7 06 0e 00 00 00 00000ff0 f0ff0fef
465 b7 06 0e 00 00 00 00000ff0 f0ff0fff
491 b7 04 0e 00 00 00 00000f00 f0ff0fff
494 f5 04 0e 00 00 00 00000f00 ffff0f1f
495 f5 04 0e 00 00 00 00000f00 ffff0f0f
4c1 f5 06 0e 00 00 00 00000ff0 ffff0f0f
4c4 f7 06 0e 00 00 00 00000ff0 ffff0fef
4c5 f7 06 0e 00 00 00 00000ff0 ffff0fff
4f1 f7 04 0e 00 00 00 00000f00 ffff0fff
4f4 f5 04 0e 00 00 00 00000f00 ffff0f1f
4f5 f5 04 0e 00 00 00 00000f00 ffff0f0f
521 f5 06 0e 00 00 00 00000ff0 ffff0f0f
524 f7 06 0e 00 00 00 00000ff0 ffff0fef
525 f7 06 0e 00 00 00 00000ff0 ffff0fff
551 f7 04 0e 00 00 00 00000f00 ffff0fff
554 f5 04 0e 00 00 00 00000f00 ffff0f1f
555 f5 04 0e 00 00 00 00000f00 ffff0f0f
581 f5 06 0e 00 00 00 00000ff0 ffff0f0f
584 f7 06 0e 00 00 00 00000ff0 ffff0fef
585 f7 06 0e 00 00 00 00000ff0 ffff0fff
5b1 f7 04 0e 00 00 00 00000f00 ffff0fff
5b4 f5 04 0e 00 00 00 00000f00 ffff0f1f
5b5 f5 04 0e 00 00 00 00000f00 ffff0f0f
5e1 f5 06 0e 00 00 00 00000ff0 ffff0f0f
5e4 f7 06 0e 00 00 00 00000ff0 ffff0fef
5e5 f7 06 0e 00 00 00 00000ff0 ffff0fff
611 f7 04 0e 00 00 00 00000f00 ffff0fff
614 b5 04 0e 00 00 00 00000f00 f0ff0f1f
615 b5 04 0e 00 00 00 00000f00 f0ff0f0f
619 b5 04 0e 01 ef 00 00000f00 f0ff0f0f
61a b5 04 0e 00 ef 00 00000f00 f0ff0f0f
649 b5 06 0e 00 ef 00 00000ff0 f0ff0f0f
64c b7 06 0e 00 ef 00 00000ff0 f0ff0fef
64d b7 06 0e 00 ef 00 00000ff0 f0ff0fff
679 b7 04 0e 00 ef 00 00000f00 f0ff0fff
67c f5 04 0e 00 ef 00 00000f00 ffff0f1f
67d f5 04 0e 00 ef 00 00000f00 ffff0f0f
6a9 f5 06 0e 00 ef 00 00000ff0 ffff0f0f
6ac f7 06 0e 00 ef 00 00000ff0 ffff0fef
6ad f7 06 0e 00 ef 00 00000ff0 ffff0fff
6d9 f7 04 0e 00 ef 00 00000f00 ffff0fff
6dc b5 04 0e 00 ef 00 00000f00 f0ff0f1f
6dd b5 04 0e 00 ef 00 00000f00 f0ff0f0f
709 b5 06 0e 00 ef 00 00000ff0 f0ff0f0f
70c b7 06 0e 00 ef 00 00000ff0 f0ff0fef
70d b7 06 0e 00 ef 00 00000ff0 f0ff0fff
739 b7 04 0e 00 ef 00 00000f00 f0ff0fff
73c b5 04 0e 00 ef 00 00000f00 f0ff0f1f
73d b5 04 0e 00 ef 00 00000f00 f0ff0f0f
769 b5 06 0e 00 ef 00 00000ff0 f0ff0f0f
76c b7 06 0e 00 ef 00 00000ff0 f0ff0fef
76d b7 06 0e 00 ef 00 00000ff0 f0ff0fff
799 b7 04 0e 00 ef 00 00000f00 f0ff0fff
79c b5 04 0e 00 ef 00 00000f00 f0ff0f1f
79d b5 04 0e 00 ef 00 00000f00 f0ff0f0f
7c9 b5 06 0e 00 ef 00 00000ff0 f0ff0f0f
7cc b7 06 0e 00 ef 00 00000ff0 f0ff0fef
7cd b7 06 0e 00 ef 00 00000ff0 f0ff0fff
7f9 b7 04 0e 00 ef 00 00000f00 f0ff0fff
7fc b5 04 0e 00 ef 00 00000f00 f0ff0f1f
7fd b5 04 0e 00 ef 00 00000f00 f0ff0f0f
829 b5 06 0e 00 ef 00 00000ff0 f0ff0f0f
82c b7 06 0e 00 ef 00 00000ff0 f0ff0fef
82d b7 06 0e 00 ef 00 00000ff0 f0ff0fff
859 b7 04 0e 00 ef 00 00000f00 f0ff0fff
85c b5 04 0e 00 ef 00 00000f00 f0ff0f1f
85d b5 04 0e 00 ef 00 00000f00 f0ff0f0f
889 b5 06 0e 00 ef 00 00000ff0 f0ff0f0f
88c b7 06 0e 00 ef 00 00000ff0 f0ff0fef
88d b7 06 0e 00 ef 00 00000ff0 f0ff0fff
8b9 b7 04 0e 00 ef 00 00000f00 f0ff0fff
8bc b5 04 0e 00 ef 00 00000f00 f0ff0f1f
8bd b5 04 0e 00 ef 00 00000f00 f0ff0f0f
8e9 b5 06 0e 00 ef 00 00000ff0 f0ff0f0f
8ec b7 06 0e 00 ef 00 00000ff0 f0ff0fef
8ed b7 06 0e 00 ef 00 00000ff0 f0ff0fff
919 b7 04 0e 00 ef 00 00000f00 f0ff0fff
91c b5 04 0e 00 ef 00 00000f00 f0ff0f1f
91d b5 04 0e 00 ef 00 00000f00 f0ff0f0f
921 b5 04 0e 01 40 00 00000f00 f0ff0f0f
922 b5 04 0e 00 40 00 00000f00 f0ff0f0f
951 b5 06 0e 00 40 00 00000ff0 f0ff0f0f
954 b7 06 0e 00 40 00 00000ff0 f0ff0fef
955 b7 06 0e 00 40 00 00000ff0 f0ff0fff
981 b7 04 0e 00 40 00 00000f00 f0ff0fff
984 b5 04 0e 00 40 00 00000f00 f0ff0f1f
985 b5 04 0e 00 40 00 00000f00 f0ff0f0f
9b1 b5 06 0e 00 40 00 00000ff0 f0ff0f0f
9b4 b7 06 0e 00 40 00 00000ff0 f0ff0fef
9b5 b7 06 0e 00 40 00 00000ff0 f0ff0fff
9e1 b7 04 0e 00 40 00 00000f00 f0ff0fff
9e4 b5 04 0e 00 40 00 00000f00 f0ff0f1f
9e5 b5 04 0e 00 40 00 00000f00 f0ff0f0f
a11 b5 06 0e 00 40 00 00000ff0 f0ff0f0f
a14 b7 06 0e 00 40 00 00000ff0 f0ff0fef
a15 b7 06 0e 00 40 00 00000ff0 f0ff0fff
a41 b7 04 0e 00 40 00 00000f00 f0ff0fff
a44 f5 04 0e 00 40 00 00000f00 ffff0f1f
a45 f5 04 0e 00 40 00 00000f00 ffff0f0f
a71 f5 06 0e 00 40 00 00000ff0 ffff0f0f
a74 f7 06 0e 00 40 00 00000ff0 ffff0fef
a75 f7 06 0e 00 40 00 00000ff0 ffff0fff
aa1 f7 04 0e 00 40 00 00000f00 ffff0fff
aa4 b5 04 0e 00 40 00 00000f00 f0ff0f1f
aa5 b5 04 0e 00 40 00 00000f00 f0ff0f0f
ad1 b5 06 0e 00 40 00 00000ff0 f0ff0f0f
ad4 b7 06 0e 00 40 00 00000ff0 f0ff0fef
ad5 b7 06 0e 00 40 00 00000ff0 f0ff0fff
b01 b7 04 0e 00 40 00 00000f00 f0ff0fff
b04 f5 04 0e 00 40 00 00000f00 ffff0f1f
b05 f5 04 0e 00 40 00 00000f00 ffff0f0f
b31 f5 06 0e 00 40 00 00000ff0 ffff0f0f
b34 f7 06 0e 00 40 00 00000ff0 ffff0fef
b35 f7 06 0e 00 40 00 00000ff0 ffff0fff
b61 f7 04 0e 00 40 00 00000f00 ffff0fff
b64 f5 04 0e 00 40 00 00000f00 ffff0f1f
b65 f5 04 0e 00 40 00 00000f00 ffff0f0f
b91 f5 06 0e 00 40 00 00000ff0 ffff0f0f
b94 f7 06 0e 00 40 00 00000ff0 ffff0fef
b95 f7 06 0e 00 40 00 00000ff0 ffff0fff
bc1 f7 04 0e 00 40 00 00000f00 ffff0fff
bc4 f5 04 0e 00 40 00 00000f00 ffff0f1f
bc5 f5 04 0e 00 40 00 00000f00 ffff0f0f
bf1 f5 06 0e 00 40 00 00000ff0 ffff0f0f
bf4 f7 06 0e 00 40 00 00000ff0 ffff0fef
bf5 f7 06 0e 00 40 00 00000ff0 ffff0fff
c21 f7 04 0e 00 40 00 00000f00 ffff0fff
c24 f5 04 0e 00 40 00 00000f00 ffff0f1f
c25 f5 04 0e 00 40 00 00000f00 ffff0f0f
c29 f5 04 0e 01 17 00 00000f00 ffff0f0f
c2a f5 04 0e 00 17 00 00000f00 ffff0f0f
c2d f5 0c 0e 00 17 00 0000ff00 ffff0f0f
c2f fd 0c 0e 00 17 00 0000ff00 ffffff0f
