700 0 0
0 ff 00 00 00 00 00 00000000 ffffffff
1 ff 02 02 00 00 00 000000f0 ffffffff
5 ff 00 02 00 00 00 00000030 ffffffff
6 ff 00 02 00 00 00 00000000 ffffffff
8 fd 00 02 00 00 00 00000000 ffffff7f
9 fd 02 02 00 00 00 000000c0 ffffff0f
a fd 02 02 00 00 00 000000f0 ffffff0f
c ff 02 02 00 00 00 000000f0 ffffff8f
d ff 00 02 00 00 00 00000070 ffffffff
e ff 00 02 00 00 00 00000000 ffffffff
10 fd 00 02 00 00 00 00000000 ffffffff
11 fd 00 02 00 00 00 00000000 ffffff0f
12 fd 02 02 00 00 00 000000f0 ffffff0f
15 ff 02 02 00 00 00 000000f0 ffffffef
16 ff 00 02 00 00 00 00000010 ffffffff
17 ff 00 02 00 00 00 00000000 ffffffff
19 fd 00 02 00 00 00 00000000 ffffff7f
1a fd 02 02 00 00 00 000000c0 ffffff0f
1b fd 02 02 00 00 00 000000f0 ffffff0f
1d ff 02 02 00 00 00 000000f0 ffffff8f
1e ff 00 02 00 00 00 00000070 ffffffff
1f ff 00 02 00 00 00 00000000 ffffffff
21 fd 00 02 00 00 00 00000000 ffffffff
22 fd 00 02 00 00 00 00000000 ffffff0f
23 fd 02 02 00 00 00 000000f0 ffffff0f
26 ff 02 02 00 00 00 000000f0 ffffffef
27 ff 00 02 00 00 00 00000010 ffffffff
28 ff 00 02 00 00 00 00000000 ffffffff
2a fd 00 02 00 00 00 00000000 ffffff7f
2b fd 02 02 00 00 00 000000c0 ffffff0f
2c fd 02 02 00 00 00 000000f0 ffffff0f
2e ff 02 02 00 00 00 000000f0 ffffff8f
2f ff 00 02 00 00 00 00000070 ffffffff
30 ff 00 02 00 00 00 00000000 ffffffff
32 fd 00 02 00 00 00 00000000 ffffffff
33 fd 00 02 00 00 00 00000000 ffffff0f
34 fd 02 02 00 00 00 000000f0 ffffff0f
37 ff 02 02 00 00 00 000000f0 ffffffef
38 ff 00 02 00 00 00 00000010 ffffffff
39 ff 00 02 00 00 00 00000000 ffffffff
3b fd 00 02 00 00 00 00000000 ffffff7f
3c fd 02 02 00 00 00 000000c0 ffffff0f
3d fd 02 02 00 00 00 000000f0 ffffff0f
3f ff 02 02 00 00 00 000000f0 ffffff8f
40 ff 00 02 00 00 00 00000070 ffffffff
41 ff 00 02 00 00 00 00000000 ffffffff
43 fd 00 02 00 00 00 00000000 ffffffff
44 fd 00 02 00 00 00 00000000 ffffff0f
45 fd 02 02 00 00 00 000000f0 ffffff0f
48 ff 02 02 00 00 00 000000f0 ffffffef
49 ff 00 02 00 00 00 00000030 ffffffff
4a ff 00 02 00 00 00 00000000 ffffffff
4c fd 00 02 00 00 00 00000000 ffffff7f
4d fd 02 02 00 00 00 000000c0 ffffff0f
4e fd 02 02 00 00 00 000000f0 ffffff0f
50 ff 02 02 00 00 00 000000f0 ffffff8f
51 ff 00 02 00 00 00 00000070 ffffffff
52 ff 00 02 00 00 00 00000000 ffffffff
54 fd 00 02 00 00 00 00000000 ffffffff
55 fd 00 02 00 00 00 00000000 ffffff0f
56 fd 02 02 00 00 00 000000f0 ffffff0f
59 ff 02 02 00 00 00 000000f0 ffffffef
5a ff 00 02 00 00 00 00000010 ffffffff
5b ff 00 02 00 00 00 00000000 ffffffff
5d fd 00 02 00 00 00 00000000 ffffff7f
5e fd 02 02 00 00 00 000000c0 ffffff0f
5f fd 02 02 00 00 00 000000f0 ffffff0f
61 ff 02 02 00 00 00 000000f0 ffffff8f
62 ff 00 02 00 00 00 00000070 ffffffff
63 ff 00 02 00 00 00 00000000 ffffffff
65 fd 00 02 00 00 00 00000000 ffffffff
66 fd 00 02 00 00 00 00000000 ffffff0f
67 fd 02 02 00 00 00 000000f0 ffffff0f
6a ff 02 02 00 00 00 000000f0 ffffffef
6b ff 00 02 00 00 00 00000010 ffffffff
6c ff 00 02 00 00 00 00000000 ffffffff
6e fd 00 02 00 00 00 00000000 ffffff7f
6f fd 02 02 00 00 00 000000c0 ffffff0f
70 fd 02 02 00 00 00 000000f0 ffffff0f
72 ff 02 02 00 00 00 000000f0 ffffff8f
73 ff 00 02 00 00 00 00000070 ffffffff
74 ff 00 02 00 00 00 00000000 ffffffff
76 fd 00 02 00 00 00 00000000 ffffffff
77 fd 00 02 00 00 00 00000000 ffffff0f
78 fd 02 02 00 00 00 000000f0 ffffff0f
7b ff 02 02 00 00 00 000000f0 ffffffef
7c ff 00 02 00 00 00 00000010 ffffffff
7d ff 00 02 00 00 00 00000000 ffffffff
7f fd 00 02 00 00 00 00000000 ffffff7f
80 fd 02 02 00 00 00 000000c0 ffffff0f
81 fd 02 02 00 00 00 000000f0 ffffff0f
83 ff 02 02 00 00 00 000000f0 ffffff8f
84 ff 00 02 00 00 00 00000070 ffffffff
85 ff 00 02 00 00 00 00000000 ffffffff
87 fd 00 02 00 00 00 00000000 ffffffff
88 fd 00 02 00 00 00 00000000 ffffff0f
89 fd 02 02 00 00 00 000000f0 ffffff0f
8c ff 02 02 00 00 00 000000f0 ffffffef
8d ff 00 02 00 00 00 00000030 ffffffff
8e ff 00 02 00 00 00 00000000 ffffffff
90 fd 00 02 00 00 00 00000000 ffffff7f
91 fd 02 02 00 00 00 000000c0 ffffff0f
92 fd 02 02 00 00 00 000000f0 ffffff0f
94 ff 02 02 00 00 00 000000f0 ffffff8f
95 ff 00 02 00 00 00 00000070 ffffffff
96 ff 00 02 00 00 00 00000000 ffffffff
98 fd 00 02 00 00 00 00000000 ffffffff
99 fd 00 02 00 00 00 00000000 ffffff0f
9a fd 02 02 00 00 00 000000f0 ffffff0f
9d ff 02 02 00 00 00 000000f0 ffffffef
9e ff 00 02 00 00 00 00000010 ffffffff
9f ff 00 02 00 00 00 00000000 ffffffff
a1 fd 00 02 00 00 00 00000000 ffffff7f
a2 fd 02 02 00 00 00 000000c0 ffffff0f
a3 fd 02 02 00 00 00 000000f0 ffffff0f
a5 ff 02 02 00 00 00 000000f0 ffffff8f
a6 ff 00 02 00 00 00 00000070 ffffffff
a7 ff 00 02 00 00 00 00000000 ffffffff
a9 fd 00 02 00 00 00 00000000 ffffffff
aa fd 00 02 00 00 00 00000000 ffffff0f
ab fd 02 02 00 00 00 000000f0 ffffff0f
ae ff 02 02 00 00 00 000000f0 ffffffef
af ff 00 02 00 00 00 00000010 ffffffff
b0 ff 00 02 00 00 00 00000000 ffffffff
b2 fd 00 02 00 00 00 00000000 ffffff7f
b3 fd 02 02 00 00 00 000000c0 ffffff0f
b4 fd 02 02 00 00 00 000000f0 ffffff0f
b6 ff 02 02 00 00 00 000000f0 ffffff8f
b7 ff 00 02 00 00 00 00000070 ffffffff
b8 ff 00 02 00 00 00 00000000 ffffffff
ba fd 00 02 00 00 00 00000000 ffffffff
bb fd 00 02 00 00 00 00000000 ffffff0f
bc fd 02 02 00 00 00 000000f0 ffffff0f
bf ff 02 02 00 00 00 000000f0 ffffffef
c0 ff 00 02 00 00 00 00000010 ffffffff
c1 ff 00 02 00 00 00 00000000 ffffffff
c3 fd 00 02 00 00 00 00000000 ffffff7f
c4 fd 02 02 00 00 00 000000c0 ffffff0f
c5 fd 02 02 00 00 00 000000f0 ffffff0f
c7 ff 02 02 00 00 00 000000f0 ffffff8f
c8 ff 00 02 00 00 00 00000070 ffffffff
c9 ff 00 02 00 00 00 00000000 ffffffff
cb fd 00 02 00 00 00 00000000 ffffffff
cc fd 00 02 00 00 00 00000000 ffffff0f
cd fd 02 02 00 00 00 000000f0 ffffff0f
d0 ff 02 02 00 00 00 000000f0 ffffffef
d1 ff 00 02 00 00 00 00000030 ffffffff
d2 ff 00 02 00 00 00 00000000 ffffffff
d4 fd 00 02 00 00 00 00000000 ffffff7f
d5 fd 02 02 00 00 00 000000c0 ffffff0f
d6 fd 02 02 00 00 00 000000f0 ffffff0f
d8 ff 02 02 00 00 00 000000f0 ffffff8f
d9 ff 00 02 00 00 00 00000070 ffffffff
da ff 00 02 00 00 00 00000000 ffffffff
dc fd 00 02 00 00 00 00000000 ffffffff
dd fd 00 02 00 00 00 00000000 ffffff0f
de fd 02 02 00 00 00 000000f0 ffffff0f
e1 ff 02 02 00 00 00 000000f0 ffffffef
e2 ff 00 02 00 00 00 00000010 ffffffff
e3 ff 00 02 00 00 00 00000000 ffffffff
e5 fd 00 02 00 00 00 00000000 ffffff7f
e6 fd 02 02 00 00 00 000000c0 ffffff0f
e7 fd 02 02 00 00 00 000000f0 ffffff0f
e9 ff 02 02 00 00 00 000000f0 ffffff8f
ea ff 00 02 00 00 00 00000070 ffffffff
eb ff 00 02 00 00 00 00000000 ffffffff
ed fd 00 02 00 00 00 00000000 ffffffff
ee fd 00 02 00 00 00 00000000 ffffff0f
ef fd 02 02 00 00 00 000000f0 ffffff0f
f2 ff 02 02 00 00 00 000000f0 ffffffef
f3 ff 00 02 00 00 00 00000010 ffffffff
f4 ff 00 02 00 00 00 00000000 ffffffff
f6 fd 00 02 00 00 00 00000000 ffffff7f
f7 fd 02 02 00 00 00 000000c0 ffffff0f
f8 fd 02 02 00 00 00 000000f0 ffffff0f
fa ff 02 02 00 00 00 000000f0 ffffff8f
fb ff 00 02 00 00 00 00000070 ffffffff
fc ff 00 02 00 00 00 00000000 ffffffff
fe fd 00 02 00 00 00 00000000 ffffffff
ff fd 00 02 00 00 00 00000000 ffffff0f
100 fd 02 02 00 00 00 000000f0 ffffff0f
103 ff 02 02 00 00 00 000000f0 ffffffef
104 ff 00 02 00 00 00 00000010 ffffffff
105 ff 00 02 00 00 00 00000000 ffffffff
107 fd 00 02 00 00 00 00000000 ffffff7f
108 fd 02 02 00 00 00 000000c0 ffffff0f
109 fd 02 02 00 00 00 000000f0 ffffff0f
10b ff 02 02 00 00 00 000000f0 ffffff8f
10c ff 00 02 00 00 00 00000070 ffffffff
10d ff 00 02 00 00 00 00000000 ffffffff
10f fd 00 02 00 00 00 00000000 ffffffff
110 fd 00 02 00 00 00 00000000 ffffff0f
111 fd 02 02 00 00 00 000000f0 ffffff0f
114 ff 02 02 00 00 00 000000f0 ffffffef
115 ff 00 02 00 00 00 00000030 ffffffff
116 ff 00 02 00 00 00 00000000 ffffffff
118 fd 00 02 00 00 00 00000000 ffffff7f
119 fd 02 02 00 00 00 000000c0 ffffff0f
11a fd 02 02 00 00 00 000000f0 ffffff0f
11c ff 02 02 00 00 00 000000f0 ffffff8f
11d ff 00 02 00 00 00 00000070 ffffffff
11e ff 00 02 00 00 00 00000000 ffffffff
120 fd 00 02 00 00 00 00000000 ffffffff
121 fd 00 02 00 00 00 00000000 ffffff0f
122 fd 02 02 00 00 00 000000f0 ffffff0f
125 ff 02 02 00 00 00 000000f0 ffffffef
126 ff 00 02 00 00 00 00000010 ffffffff
127 ff 00 02 00 00 00 00000000 ffffffff
129 fd 00 02 00 00 00 00000000 ffffff7f
12a fd 02 02 00 00 00 000000c0 ffffff0f
12b fd 02 02 00 00 00 000000f0 ffffff0f
12d ff 02 02 00 00 00 000000f0 ffffff8f
12e ff 00 02 00 00 00 00000070 ffffffff
12f ff 00 02 00 00 00 00000000 ffffffff
131 fd 00 02 00 00 00 00000000 ffffffff
132 fd 00 02 00 00 00 00000000 ffffff0f
133 fd 02 02 00 00 00 000000f0 ffffff0f
136 ff 02 02 00 00 00 000000f0 ffffffef
137 ff 00 02 00 00 00 00000010 ffffffff
138 ff 00 02 00 00 00 00000000 ffffffff
13a fd 00 02 00 00 00 00000000 ffffff7f
13b fd 02 02 00 00 00 000000c0 ffffff0f
13c fd 02 02 00 00 00 000000f0 ffffff0f
13e ff 02 02 00 00 00 000000f0 ffffff8f
13f ff 00 02 00 00 00 00000070 ffffffff
140 ff 00 02 00 00 00 00000000 ffffffff
142 fd 00 02 00 00 00 00000000 ffffffff
143 fd 00 02 00 00 00 00000000 ffffff0f
144 fd 02 02 00 00 00 000000f0 ffffff0f
147 ff 02 02 00 00 00 000000f0 ffffffef
148 ff 00 02 00 00 00 00000010 ffffffff
149 ff 00 02 00 00 00 00000000 ffffffff
14b fd 00 02 00 00 00 00000000 ffffff7f
14c fd 02 02 00 00 00 000000c0 ffffff0f
14d fd 02 02 00 00 00 000000f0 ffffff0f
14f ff 02 02 00 00 00 000000f0 ffffff8f
150 ff 00 02 00 00 00 00000070 ffffffff
151 ff 00 02 00 00 00 00000000 ffffffff
153 fd 00 02 00 00 00 00000000 ffffffff
154 fd 00 02 00 00 00 00000000 ffffff0f
155 fd 02 02 00 00 00 000000f0 ffffff0f
158 ff 02 02 00 00 00 000000f0 ffffffef
159 ff 00 02 00 00 00 00000030 ffffffff
15a ff 00 02 00 00 00 00000000 ffffffff
15c fd 00 02 00 00 00 00000000 ffffff7f
15d fd 02 02 00 00 00 000000c0 ffffff0f
15e fd 02 02 00 00 00 000000f0 ffffff0f
160 ff 02 02 00 00 00 000000f0 ffffff8f
161 ff 00 02 00 00 00 00000070 ffffffff
162 ff 00 02 00 00 00 00000000 ffffffff
164 fd 00 02 00 00 00 00000000 ffffffff
165 fd 00 02 00 00 00 00000000 ffffff0f
166 fd 02 02 00 00 00 000000f0 ffffff0f
169 ff 02 02 00 00 00 000000f0 ffffffef
16a ff 00 02 00 00 00 00000010 ffffffff
16b ff 00 02 00 00 00 00000000 ffffffff
16d fd 00 02 00 00 00 00000000 ffffff7f
16e fd 02 02 00 00 00 000000c0 ffffff0f
16f fd 02 02 00 00 00 000000f0 ffffff0f
171 ff 02 02 00 00 00 000000f0 ffffff8f
172 ff 00 02 00 00 00 00000070 ffffffff
173 ff 00 02 00 00 00 00000000 ffffffff
175 fd 00 02 00 00 00 00000000 ffffffff
176 fd 00 02 00 00 00 00000000 ffffff0f
177 fd 02 02 00 00 00 000000f0 ffffff0f
17a ff 02 02 00 00 00 000000f0 ffffffef
17b ff 00 02 00 00 00 00000010 ffffffff
17c ff 00 02 00 00 00 00000000 ffffffff
17e fd 00 02 00 00 00 00000000 ffffff7f
17f fd 02 02 00 00 00 000000c0 ffffff0f
180 fd 02 02 00 00 00 000000f0 ffffff0f
182 ff 02 02 00 00 00 000000f0 ffffff8f
183 ff 00 02 00 00 00 00000070 ffffffff
184 ff 00 02 00 00 00 00000000 ffffffff
186 fd 00 02 00 00 00 00000000 ffffffff
187 fd 00 02 00 00 00 00000000 ffffff0f
188 fd 02 02 00 00 00 000000f0 ffffff0f
18b ff 02 02 00 00 00 000000f0 ffffffef
18c ff 00 02 00 00 00 00000010 ffffffff
18d ff 00 02 00 00 00 00000000 ffffffff
18f fd 00 02 00 00 00 00000000 ffffff7f
190 fd 02 02 00 00 00 000000c0 ffffff0f
191 fd 02 02 00 00 00 000000f0 ffffff0f
193 ff 02 02 00 00 00 000000f0 ffffff8f
194 ff 00 02 00 00 00 00000070 ffffffff
195 ff 00 02 00 00 00 00000000 ffffffff
197 fd 00 02 00 00 00 00000000 ffffffff
198 fd 00 02 00 00 00 00000000 ffffff0f
199 fd 02 02 00 00 00 000000f0 ffffff0f
19c ff 02 02 00 00 00 000000f0 ffffffef
19d ff 00 02 00 00 00 00000030 ffffffff
19e ff 00 02 00 00 00 00000000 ffffffff
1a0 fd 00 02 00 00 00 00000000 ffffff7f
1a1 fd 02 02 00 00 00 000000c0 ffffff0f
1a2 fd 02 02 00 00 00 000000f0 ffffff0f
1a4 ff 02 02 00 00 00 000000f0 ffffff8f
1a5 ff 00 02 00 00 00 00000070 ffffffff
1a6 ff 00 02 00 00 00 00000000 ffffffff
1a8 fd 00 02 00 00 00 00000000 ffffffff
1a9 fd 00 02 00 00 00 00000000 ffffff0f
1aa fd 02 02 00 00 00 000000f0 ffffff0f
1ad ff 02 02 00 00 00 000000f0 ffffffef
1ae ff 00 02 00 00 00 00000010 ffffffff
1af ff 00 02 00 00 00 00000000 ffffffff
1b1 fd 00 02 00 00 00 00000000 ffffff7f
1b2 fd 02 02 00 00 00 000000c0 ffffff0f
1b3 fd 02 02 00 00 00 000000f0 ffffff0f
1b5 ff 02 02 00 00 00 000000f0 ffffff8f
1b6 ff 00 02 00 00 00 00000070 ffffffff
1b7 ff 00 02 00 00 00 00000000 ffffffff
1b9 fd 00 02 00 00 00 00000000 ffffffff
1ba fd 00 02 00 00 00 00000000 ffffff0f
1bb fd 02 02 00 00 00 000000f0 ffffff0f
1be ff 02 02 00 00 00 000000f0 ffffffef
1bf ff 00 02 00 00 00 00000010 ffffffff
1c0 ff 00 02 00 00 00 00000000 ffffffff
1c2 fd 00 02 00 00 00 00000000 ffffff7f
1c3 fd 02 02 00 00 00 000000c0 ffffff0f
1c4 fd 02 02 00 00 00 000000f0 ffffff0f
1c6 ff 02 02 00 00 00 000000f0 ffffff8f
1c7 ff 00 02 00 00 00 00000070 ffffffff
1c8 ff 00 02 00 00 00 00000000 ffffffff
1ca fd 00 02 00 00 00 00000000 ffffffff
1cb fd 00 02 00 00 00 00000000 ffffff0f
1cc fd 02 02 00 00 00 000000f0 ffffff0f
1cf ff 02 02 00 00 00 000000f0 ffffffef
1d0 ff 00 02 00 00 00 00000010 ffffffff
1d1 ff 00 02 00 00 00 00000000 ffffffff
1d3 fd 00 02 00 00 00 00000000 ffffff7f
1d4 fd 02 02 00 00 00 000000c0 ffffff0f
1d5 fd 02 02 00 00 00 000000f0 ffffff0f
1d7 ff 02 02 00 00 00 000000f0 ffffff8f
1d8 ff 00 02 00 00 00 00000070 ffffffff
1d9 ff 00 02 00 00 00 00000000 ffffffff
1db fd 00 02 00 00 00 00000000 ffffffff
1dc fd 00 02 00 00 00 00000000 ffffff0f
1dd fd 02 02 00 00 00 000000f0 ffffff0f
1e0 ff 02 02 00 00 00 000000f0 ffffffef
1e1 ff 00 02 00 00 00 00000030 ffffffff
1e2 ff 00 02 00 00 00 00000000 ffffffff
1e4 fd 00 02 00 00 00 00000000 ffffff7f
1e5 fd 02 02 00 00 00 000000c0 ffffff0f
1e6 fd 02 02 00 00 00 000000f0 ffffff0f
1e8 ff 02 02 00 00 00 000000f0 ffffff8f
1e9 ff 00 02 00 00 00 00000070 ffffffff
1ea ff 00 02 00 00 00 00000000 ffffffff
1ec fd 00 02 00 00 00 00000000 ffffffff
1ed fd 00 02 00 00 00 00000000 ffffff0f
1ee fd 02 02 00 00 00 000000f0 ffffff0f
1f1 ff 02 02 00 00 00 000000f0 ffffffef
1f2 ff 00 02 00 00 00 00000010 ffffffff
1f3 ff 00 02 00 00 00 00000000 ffffffff
1f5 fd 00 02 00 00 00 00000000 ffffff7f
1f6 fd 02 02 00 00 00 000000c0 ffffff0f
1f7 fd 02 02 00 00 00 000000f0 ffffff0f
1f9 ff 02 02 00 00 00 000000f0 ffffff8f
1fa ff 00 02 00 00 00 00000070 ffffffff
1fb ff 00 02 00 00 00 00000000 ffffffff
1fd fd 00 02 00 00 00 00000000 ffffffff
1fe fd 00 02 00 00 00 00000000 ffffff0f
1ff fd 02 02 00 00 00 000000f0 ffffff0f
202 ff 02 02 00 00 00 000000f0 ffffffef
203 ff 00 02 00 00 00 00000010 ffffffff
204 ff 00 02 00 00 00 00000000 ffffffff
206 fd 00 02 00 00 00 00000000 ffffff7f
207 fd 02 02 00 00 00 000000c0 ffffff0f
208 fd 02 02 00 00 00 000000f0 ffffff0f
20a ff 02 02 00 00 00 000000f0 ffffff8f
20b ff 00 02 00 00 00 00000070 ffffffff
20c ff 00 02 00 00 00 00000000 ffffffff
20e fd 00 02 00 00 00 00000000 ffffffff
20f fd 00 02 00 00 00 00000000 ffffff0f
210 fd 02 02 00 00 00 000000f0 ffffff0f
213 ff 02 02 00 00 00 000000f0 ffffffef
214 ff 00 02 00 00 00 00000010 ffffffff
215 ff 00 02 00 00 00 00000000 ffffffff
217 fd 00 02 00 00 00 00000000 ffffff7f
218 fd 02 02 00 00 00 000000c0 ffffff0f
219 fd 02 02 00 00 00 000000f0 ffffff0f
21b ff 02 02 00 00 00 000000f0 ffffff8f
21c ff 00 02 00 00 00 00000070 ffffffff
21d ff 00 02 00 00 00 00000000 ffffffff
21f fd 00 02 00 00 00 00000000 ffffffff
220 fd 00 02 00 00 00 00000000 ffffff0f
221 fd 02 02 00 00 00 000000f0 ffffff0f
224 ff 02 02 00 00 00 000000f0 ffffffef
225 ff 00 02 00 00 00 00000030 ffffffff
226 ff 00 02 00 00 00 00000000 ffffffff
228 fd 00 02 00 00 00 00000000 ffffff7f
229 fd 02 02 00 00 00 000000c0 ffffff0f
22a fd 02 02 00 00 00 000000f0 ffffff0f
22c ff 02 02 00 00 00 000000f0 ffffff8f
22d ff 00 02 00 00 00 00000070 ffffffff
22e ff 00 02 00 00 00 00000000 ffffffff
230 fd 00 02 00 00 00 00000000 ffffffff
231 fd 00 02 00 00 00 00000000 ffffff0f
232 fd 02 02 00 00 00 000000f0 ffffff0f
235 ff 02 02 00 00 00 000000f0 ffffffef
236 ff 00 02 00 00 00 00000010 ffffffff
237 ff 00 02 00 00 00 00000000 ffffffff
239 fd 00 02 00 00 00 00000000 ffffff7f
23a fd 02 02 00 00 00 000000c0 ffffff0f
23b fd 02 02 00 00 00 000000f0 ffffff0f
23d ff 02 02 00 00 00 000000f0 ffffff8f
23e ff 00 02 00 00 00 00000070 ffffffff
23f ff 00 02 00 00 00 00000000 ffffffff
241 fd 00 02 00 00 00 00000000 ffffffff
242 fd 00 02 00 00 00 00000000 ffffff0f
243 fd 02 02 00 00 00 000000f0 ffffff0f
246 ff 02 02 00 00 00 000000f0 ffffffef
247 ff 00 02 00 00 00 00000010 ffffffff
248 ff 00 02 00 00 00 00000000 ffffffff
24a fd 00 02 00 00 00 00000000 ffffff7f
24b fd 02 02 00 00 00 000000c0 ffffff0f
24c fd 02 02 00 00 00 000000f0 ffffff0f
24e ff 02 02 00 00 00 000000f0 ffffff8f
24f ff 00 02 00 00 00 00000070 ffffffff
250 ff 00 02 00 00 00 00000000 ffffffff
252 fd 00 02 00 00 00 00000000 ffffffff
253 fd 00 02 00 00 00 00000000 ffffff0f
254 fd 02 02 00 00 00 000000f0 ffffff0f
257 ff 02 02 00 00 00 000000f0 ffffffef
258 ff 00 02 00 00 00 00000010 ffffffff
259 ff 00 02 00 00 00 00000000 ffffffff
25b fd 00 02 00 00 00 00000000 ffffff7f
25c fd 02 02 00 00 00 000000c0 ffffff0f
25d fd 02 02 00 00 00 000000f0 ffffff0f
25f ff 02 02 00 00 00 000000f0 ffffff8f
260 ff 00 02 00 00 00 00000070 ffffffff
261 ff 00 02 00 00 00 00000000 ffffffff
263 fd 00 02 00 00 00 00000000 ffffffff
264 fd 00 02 00 00 00 00000000 ffffff0f
265 fd 02 02 00 00 00 000000f0 ffffff0f
268 ff 02 02 00 00 00 000000f0 ffffffef
269 ff 00 02 00 00 00 00000030 ffffffff
26a ff 00 02 00 00 00 00000000 ffffffff
26c fd 00 02 00 00 00 00000000 ffffff7f
26d fd 02 02 00 00 00 000000c0 ffffff0f
26e fd 02 02 00 00 00 000000f0 ffffff0f
270 ff 02 02 00 00 00 000000f0 ffffff8f
271 ff 00 02 00 00 00 00000070 ffffffff
272 ff 00 02 00 00 00 00000000 ffffffff
274 fd 00 02 00 00 00 00000000 ffffffff
275 fd 00 02 00 00 00 00000000 ffffff0f
276 fd 02 02 00 00 00 000000f0 ffffff0f
279 ff 02 02 00 00 00 000000f0 ffffffef
27a ff 00 02 00 00 00 00000010 ffffffff
27b ff 00 02 00 00 00 00000000 ffffffff
27d fd 00 02 00 00 00 00000000 ffffff7f
27e fd 02 02 00 00 00 000000c0 ffffff0f
27f fd 02 02 00 00 00 000000f0 ffffff0f
281 ff 02 02 00 00 00 000000f0 ffffff8f
282 ff 00 02 00 00 00 00000070 ffffffff
283 ff 00 02 00 00 00 00000000 ffffffff
285 fd 00 02 00 00 00 00000000 ffffffff
286 fd 00 02 00 00 00 00000000 ffffff0f
287 fd 02 02 00 00 00 000000f0 ffffff0f
28a ff 02 02 00 00 00 000000f0 ffffffef
28b ff 00 02 00 00 00 00000010 ffffffff
28c ff 00 02 00 00 00 00000000 ffffffff
28e fd 00 02 00 00 00 00000000 ffffff7f
28f fd 02 02 00 00 00 000000c0 ffffff0f
290 fd 02 02 00 00 00 000000f0 ffffff0f
292 ff 02 02 00 00 00 000000f0 ffffff8f
293 ff 00 02 00 00 00 00000070 ffffffff
294 ff 00 02 00 00 00 00000000 ffffffff
296 fd 00 02 00 00 00 00000000 ffffffff
297 fd 00 02 00 00 00 00000000 ffffff0f
298 fd 02 02 00 00 00 000000f0 ffffff0f
29b ff 02 02 00 00 00 000000f0 ffffffef
29c ff 00 02 00 00 00 00000010 ffffffff
29d ff 00 02 00 00 00 00000000 ffffffff
29f fd 00 02 00 00 00 00000000 ffffff7f
2a0 fd 02 02 00 00 00 000000c0 ffffff0f
2a1 fd 02 02 00 00 00 000000f0 ffffff0f
2a3 ff 02 02 00 00 00 000000f0 ffffff8f
2a4 ff 00 02 00 00 00 00000070 ffffffff
2a5 ff 00 02 00 00 00 00000000 ffffffff
2a7 fd 00 02 00 00 00 00000000 ffffffff
2a8 fd 00 02 00 00 00 00000000 ffffff0f
2a9 fd 02 02 00 00 00 000000f0 ffffff0f
2ac ff 02 02 00 00 00 000000f0 ffffffef
2ad ff 00 02 00 00 00 00000030 ffffffff
2ae ff 00 02 00 00 00 00000000 ffffffff
2b0 fd 00 02 00 00 00 00000000 ffffff7f
2b1 fd 02 02 00 00 00 000000c0 ffffff0f
2b2 fd 02 02 00 00 00 000000f0 ffffff0f
2b4 ff 02 02 00 00 00 000000f0 ffffff8f
2b5 ff 00 02 00 00 00 00000070 ffffffff
2b6 ff 00 02 00 00 00 00000000 ffffffff
2b8 fd 00 02 00 00 00 00000000 ffffffff
2b9 fd 00 02 00 00 00 00000000 ffffff0f
2ba fd 02 02 00 00 00 000000f0 ffffff0f
