2600 0 0
0 ff 00 00 00 00 00 00000000 ffffffff
1 ff 01 01 00 00 00 0000000f ffffffff
9 ff 00 01 00 00 00 00000000 ffffffff
b 7f 00 01 00 00 00 00000000 0fffffff
c 7e 00 01 00 00 00 00000000 0ffffff1
d 7e 00 01 00 00 00 00000000 0ffffff0
49 7e 01 01 00 00 00 0000000f 0ffffff0
4b fe 01 01 00 00 00 0000000f fffffff0
4c ff 01 01 00 00 00 0000000f fffffffe
4d ff 01 01 00 00 00 0000000f ffffffff
149 ff 00 01 00 00 00 00000000 ffffffff
14b 7f 00 01 00 00 00 00000000 0fffffff
14c 7e 00 01 00 00 00 00000000 0ffffff1
14d 7e 00 01 00 00 00 00000000 0ffffff0
1c9 7e 01 01 00 00 00 0000000f 0ffffff0
1cb fe 01 01 00 00 00 0000000f fffffff0
1cc ff 01 01 00 00 00 0000000f fffffffe
1cd ff 01 01 00 00 00 0000000f ffffffff
209 ff 00 01 00 00 00 00000000 ffffffff
20b 7f 00 01 00 00 00 00000000 0fffffff
20c 7e 00 01 00 00 00 00000000 0ffffff1
20d 7e 00 01 00 00 00 00000000 0ffffff0
236 7e 00 01 01 4f 00 00000000 0ffffff0
237 7e 00 01 00 4f 00 00000000 0ffffff0
249 7e 01 01 00 4f 00 0000000f 0ffffff0
24b fe 01 01 00 4f 00 0000000f fffffff0
24c ff 01 01 00 4f 00 0000000f fffffffe
24d ff 01 01 00 4f 00 0000000f ffffffff
289 ff 00 01 00 4f 00 00000000 ffffffff
28b 7f 00 01 00 4f 00 00000000 0fffffff
28c 7e 00 01 00 4f 00 00000000 0ffffff1
28d 7e 00 01 00 4f 00 00000000 0ffffff0
2c9 7e 01 01 00 4f 00 0000000f 0ffffff0
2cb fe 01 01 00 4f 00 0000000f fffffff0
2cc ff 01 01 00 4f 00 0000000f fffffffe
2cd ff 01 01 00 4f 00 0000000f ffffffff
349 ff 00 01 00 4f 00 00000000 ffffffff
34b 7f 00 01 00 4f 00 00000000 0fffffff
34c 7e 00 01 00 4f 00 00000000 0ffffff1
34d 7e 00 01 00 4f 00 00000000 0ffffff0
389 7e 01 01 00 4f 00 0000000f 0ffffff0
38b fe 01 01 00 4f 00 0000000f fffffff0
38c ff 01 01 00 4f 00 0000000f fffffffe
38d ff 01 01 00 4f 00 0000000f ffffffff
3c9 ff 01 01 00 4f 00 00000000 ffffffff
3cb 7f 00 01 00 4f 00 00000000 0fffffff
3cc 7e 00 01 00 4f 00 00000000 0ffffff1
3cd 7e 00 01 00 4f 00 00000000 0ffffff0
449 7e 01 01 00 4f 00 0000000f 0ffffff0
44b fe 01 01 00 4f 00 0000000f fffffff0
44c ff 01 01 00 4f 00 0000000f fffffffe
44d ff 01 01 00 4f 00 0000000f ffffffff
489 ff 00 01 00 4f 00 00000000 ffffffff
48b 7f 00 01 00 4f 00 00000000 0fffffff
48c 7e 00 01 00 4f 00 00000000 0ffffff1
48d 7e 00 01 00 4f 00 00000000 0ffffff0
4b6 7e 00 01 01 4b 00 00000000 0ffffff0
4b7 7e 00 01 00 4b 00 00000000 0ffffff0
4c9 7e 01 01 00 4b 00 0000000f 0ffffff0
4cb fe 01 01 00 4b 00 0000000f fffffff0
4cc ff 01 01 00 4b 00 0000000f fffffffe
4cd ff 01 01 00 4b 00 0000000f ffffffff
509 ff 00 01 00 4b 00 00000000 ffffffff
50b 7f 00 01 00 4b 00 00000000 0fffffff
50c 7e 00 01 00 4b 00 00000000 0ffffff1
50d 7e 00 01 00 4b 00 00000000 0ffffff0
549 7e 01 01 00 4b 00 0000000f 0ffffff0
54b fe 01 01 00 4b 00 0000000f fffffff0
54c ff 01 01 00 4b 00 0000000f fffffffe
54d ff 01 01 00 4b 00 0000000f ffffffff
589 ff 00 01 00 4b 00 00000000 ffffffff
58b 7f 00 01 00 4b 00 00000000 0fffffff
58c 7e 00 01 00 4b 00 00000000 0ffffff1
58d 7e 00 01 00 4b 00 00000000 0ffffff0
689 7e 01 01 00 4b 00 0000000f 0ffffff0
68b fe 01 01 00 4b 00 0000000f fffffff0
68c ff 01 01 00 4b 00 0000000f fffffffe
68d ff 01 01 00 4b 00 0000000f ffffffff
6c9 ff 00 01 00 4b 00 00000000 ffffffff
6cb 7f 00 01 00 4b 00 00000000 0fffffff
6cc 7e 00 01 00 4b 00 00000000 0ffffff1
6cd 7e 00 01 00 4b 00 00000000 0ffffff0
736 7e 00 01 01 21 00 00000000 0ffffff0
737 7e 00 01 00 21 00 00000000 0ffffff0
749 7e 01 01 00 21 00 0000000f 0ffffff0
74b fe 01 01 00 21 00 0000000f fffffff0
74c ff 01 01 00 21 00 0000000f fffffffe
74d ff 01 01 00 21 00 0000000f ffffffff
