Info: constraining clock net 'clk_25mhz' to 25.00 MHz

Info: Logic utilisation before packing:
Info:     Total LUT4s:      2247/83640     2%
Info:         logic LUTs:   1733/83640     2%
Info:         carry LUTs:    514/83640     0%
Info:           RAM LUTs:      0/10455     0%
Info:          RAMW LUTs:      0/20910     0%

Info:      Total DFFs:      1549/83640     1%

Info: Packing IOs..
Info: pin 'wifi_gpio0$tr_io' constrained to Bel 'X0/Y86/PIOD'.
Info: pin 'led[7]$tr_io' constrained to Bel 'X0/Y41/PIOD'.
Info: pin 'led[6]$tr_io' constrained to Bel 'X0/Y38/PIOD'.
Info: pin 'led[5]$tr_io' constrained to Bel 'X0/Y44/PIOD'.
Info: pin 'led[4]$tr_io' constrained to Bel 'X0/Y38/PIOB'.
Info: pin 'led[3]$tr_io' constrained to Bel 'X0/Y38/PIOC'.
Info: pin 'led[2]$tr_io' constrained to Bel 'X0/Y38/PIOA'.
Info: pin 'led[1]$tr_io' constrained to Bel 'X0/Y35/PIOD'.
Info: pin 'led[0]$tr_io' constrained to Bel 'X0/Y35/PIOC'.
Info: pin 'gpdi_dp[3]$tr_io' constrained to Bel 'X116/Y0/PIOA'.
Info: pin 'gpdi_dp[2]$tr_io' constrained to Bel 'X76/Y0/PIOA'.
Info: pin 'gpdi_dp[1]$tr_io' constrained to Bel 'X83/Y0/PIOA'.
Info: pin 'gpdi_dp[0]$tr_io' constrained to Bel 'X110/Y0/PIOA'.
Info: pin 'clk_25mhz$tr_io' constrained to Bel 'X0/Y47/PIOA'.
Info: IOLOGIC component hdmi.ddr3 connected to PIO Bel X116/Y0/PIOA
Info: IOLOGIC component hdmi.ddr2 connected to PIO Bel X76/Y0/PIOA
Info: IOLOGIC component hdmi.ddr1 connected to PIO Bel X83/Y0/PIOA
Info: IOLOGIC component hdmi.ddr0 connected to PIO Bel X110/Y0/PIOA
Info: placed PLL 'hdmi.pll.pll_i' at bel 'X1/Y4/EHXPLL_UL'
Info: Packing constants..
Info: Packing carries...
Info: Packing LUTs...
Info: Packing LUT5-7s...
Info: Packing FFs...
Info:     394 FFs paired with LUTs.
Info: Generating derived timing constraints...
Info:     Input frequency of PLL 'hdmi.pll.pll_i' is constrained to 25.0 MHz
Info:     Derived frequency constraint of 125.0 MHz for net hdmi.clk_bit
Info:     Derived frequency constraint of 25.0 MHz for net hdmi.clk_pix
Info: Promoting globals...
Info:     promoting clock net hdmi.clk_pix to global network
Info:     promoting clock net hdmi.clk_bit to global network
Info: Checksum: 0xc7d986d6

Info: Device utilisation:
Info: 	          TRELLIS_IO:      14/    365     3%
Info: 	                DCCA:       2/     56     3%
Info: 	              DP16KD:      81/    208    38%
Info: 	          MULT18X18D:       2/    156     1%
Info: 	              ALU54B:       0/     78     0%
Info: 	             EHXPLLL:       1/      4    25%
Info: 	             EXTREFB:       0/      2     0%
Info: 	                DCUA:       0/      2     0%
Info: 	           PCSCLKDIV:       0/      2     0%
Info: 	             IOLOGIC:       0/    224     0%
Info: 	            SIOLOGIC:       4/    141     2%
Info: 	                 GSR:       0/      1     0%
Info: 	               JTAGG:       0/      1     0%
Info: 	                OSCG:       0/      1     0%
Info: 	               SEDGA:       0/      1     0%
Info: 	                 DTR:       0/      1     0%
Info: 	             USRMCLK:       0/      1     0%
Info: 	             CLKDIVF:       0/      4     0%
Info: 	           ECLKSYNCB:       0/     10     0%
Info: 	             DLLDELD:       0/      8     0%
Info: 	              DDRDLL:       0/      4     0%
Info: 	             DQSBUFM:       0/     14     0%
Info: 	     TRELLIS_ECLKBUF:       0/      8     0%
Info: 	        ECLKBRIDGECS:       0/      2     0%
Info: 	                DCSC:       0/      2     0%
Info: 	          TRELLIS_FF:    1549/  83640     1%
Info: 	        TRELLIS_COMB:    2501/  83640     2%
Info: 	        TRELLIS_RAMW:       0/  10455     0%

Info: Placed 19 cells based on constraints.
Info: Creating initial analytic placement for 2611 cells, random placement wirelen = 299075.
Info:     at initial placer iter 0, wirelen = 1894
Info:     at initial placer iter 1, wirelen = 1459
Info:     at initial placer iter 2, wirelen = 1418
Info:     at initial placer iter 3, wirelen = 1389
Info: Running main analytical placer, max placement attempts per cell = 2156964.
Info:     at iteration #1, type ALL: wirelen solved = 1431, spread = 58949, legal = 60645; time = 0.05s
Info:     at iteration #2, type ALL: wirelen solved = 2467, spread = 46688, legal = 48288; time = 0.04s
Info:     at iteration #3, type ALL: wirelen solved = 3265, spread = 33995, legal = 36207; time = 0.04s
Info:     at iteration #4, type ALL: wirelen solved = 3622, spread = 33670, legal = 36447; time = 0.04s
Info:     at iteration #5, type ALL: wirelen solved = 4175, spread = 33884, legal = 35843; time = 0.04s
Info:     at iteration #6, type ALL: wirelen solved = 4229, spread = 34217, legal = 37122; time = 0.04s
Info:     at iteration #7, type ALL: wirelen solved = 4555, spread = 34254, legal = 35620; time = 0.04s
Info:     at iteration #8, type ALL: wirelen solved = 4839, spread = 34634, legal = 37074; time = 0.04s
Info:     at iteration #9, type ALL: wirelen solved = 4896, spread = 34527, legal = 36585; time = 0.04s
Info:     at iteration #10, type ALL: wirelen solved = 5109, spread = 35228, legal = 37425; time = 0.04s
Info:     at iteration #11, type ALL: wirelen solved = 5440, spread = 35330, legal = 36793; time = 0.04s
Info:     at iteration #12, type ALL: wirelen solved = 5491, spread = 35611, legal = 37590; time = 0.04s
Info: HeAP Placer Time: 0.79s
Info:   of which solving equations: 0.44s
Info:   of which spreading cells: 0.08s
Info:   of which strict legalisation: 0.06s

Info: Running simulated annealing placer for refinement.
Info:   at iteration #1: temp = 0.000000, timing cost = 1174, wirelen = 35620
Info:   at iteration #5: temp = 0.000000, timing cost = 1375, wirelen = 24665
Info:   at iteration #10: temp = 0.000000, timing cost = 1380, wirelen = 20942
Info:   at iteration #15: temp = 0.000000, timing cost = 1364, wirelen = 20282
Info:   at iteration #20: temp = 0.000000, timing cost = 1288, wirelen = 20038
Info:   at iteration #25: temp = 0.000000, timing cost = 1395, wirelen = 19860
Info:   at iteration #25: temp = 0.000000, timing cost = 1387, wirelen = 19871 
Info: SA placement time 2.09s

Info: Max frequency for clock '$glbnet$hdmi.clk_pix': 43.68 MHz (PASS at 25.00 MHz)
Info: Max frequency for clock '$glbnet$hdmi.clk_bit': 133.24 MHz (PASS at 125.00 MHz)

Info: Max delay posedge $glbnet$hdmi.clk_bit -> <async>                     : 3.01 ns
Info: Max delay posedge $glbnet$hdmi.clk_pix -> <async>                     : 2.92 ns
Info: Max delay posedge $glbnet$hdmi.clk_pix -> posedge $glbnet$hdmi.clk_bit: 1.88 ns

Info: Slack histogram:
Info:  legend: * represents 32 endpoint(s)
Info:          + represents [1,32) endpoint(s)
Info: [   495,   2433) |*+
Info: [  2433,   4371) |+
Info: [  4371,   6309) |**+
Info: [  6309,   8247) |+
Info: [  8247,  10185) | 
Info: [ 10185,  12123) | 
Info: [ 12123,  14061) | 
Info: [ 14061,  15999) | 
Info: [ 15999,  17937) |+
Info: [ 17937,  19875) |*********+
Info: [ 19875,  21813) |*****+
Info: [ 21813,  23751) |+
Info: [ 23751,  25689) |+
Info: [ 25689,  27627) |+
Info: [ 27627,  29565) |***+
Info: [ 29565,  31503) |************************************************************ 
Info: [ 31503,  33441) |***********************+
Info: [ 33441,  35379) |****************+
Info: [ 35379,  37317) |********+
Info: [ 37317,  39255) |************************************+
Info: Checksum: 0xf2dbf2e7
Info: Routing globals...
Info:     routing clock net $glbnet$hdmi.clk_bit using global 0
Info:     routing clock net $glbnet$hdmi.clk_pix using global 1

Info: Routing..
Info: Setting up routing queue.
Info: Routing 13003 arcs.
Info:            |   (re-)routed arcs  |   delta    | remaining|       time spent     |
Info:    IterCnt |  w/ripup   wo/ripup |  w/r  wo/r |      arcs| batch(sec) total(sec)|
Info:       1000 |      563        436 |  563   436 |     12838|       0.64       0.64|
Info:       2000 |      956       1043 |  393   607 |     12412|       0.49       1.13|
Info:       3000 |     1092       1907 |  136   864 |     11633|       0.32       1.45|
Info:       4000 |     1284       2715 |  192   808 |     11039|       0.25       1.70|
Info:       5000 |     1458       3541 |  174   826 |     10315|       0.13       1.83|
Info:       6000 |     1734       4265 |  276   724 |      9696|       0.14       1.97|
Info:       7000 |     2101       4898 |  367   633 |      9211|       0.14       2.10|
Info:       8000 |     2440       5559 |  339   661 |      8717|       0.14       2.24|
Info:       9000 |     2721       6278 |  281   719 |      8149|       0.13       2.38|
Info:      10000 |     3087       6912 |  366   634 |      7662|       0.13       2.51|
Info:      11000 |     3401       7598 |  314   686 |      7065|       0.13       2.64|
Info:      12000 |     3785       8180 |  384   582 |      6500|       0.12       2.75|
Info:      13000 |     4267       8677 |  482   497 |      6029|       0.13       2.89|
Info:      14000 |     4640       9294 |  373   617 |      5435|       0.12       3.01|
Info:      15000 |     4870       9982 |  230   688 |      4679|       0.11       3.12|
Info:      16000 |     4983      10735 |  113   753 |      3797|       0.08       3.20|
Info:      17000 |     5024      11542 |   41   807 |      2858|       0.07       3.26|
Info:      18000 |     5108      12379 |   84   837 |      1949|       0.09       3.36|
Info:      19000 |     5202      13273 |   94   894 |      1073|       0.16       3.52|
Info:      20000 |     5284      14076 |   82   803 |       182|       0.10       3.62|
Info:      20181 |     5284      14199 |    0   123 |         0|       0.02       3.64|
Info: Routing complete.
Info: Router1 time 3.64s
Info: Checksum: 0x098ea2a4

Info: Critical path report for clock '$glbnet$hdmi.clk_pix' (posedge -> posedge):
Info:       type curr  total name
Info:   clk-to-q  0.52  0.52 Source hdmi.pixel._938_TRELLIS_FF_Q.Q
Info:    routing  1.15  1.68 Net hdmi.pixel._938[8] (85,11) -> (84,12)
Info:                          Sink hdmi.pixel._938_TRELLIS_FF_Q_6_DI_CCU2C_S0_S1_LUT4_Z_D_LUT4_Z_D_LUT4_Z.D
Info:                          Defined in:
Info:                               /home/matthias/prog/janestreet/emulator-wt-hdmi-ulx3s/prototypes/hdmi-ulx3s/rtl/gen/hdmi_pixel_demo.v:1108.15-1108.19
Info:      logic  0.24  1.91 Source hdmi.pixel._938_TRELLIS_FF_Q_6_DI_CCU2C_S0_S1_LUT4_Z_D_LUT4_Z_D_LUT4_Z.F
Info:    routing  0.61  2.53 Net hdmi.pixel._938_TRELLIS_FF_Q_6_DI_CCU2C_S0_S1_LUT4_Z_D_LUT4_Z_D[3] (84,12) -> (84,12)
Info:                          Sink hdmi.pixel._938_TRELLIS_FF_Q_6_DI_CCU2C_S0_S1_LUT4_Z_D_LUT4_Z.D
Info:                          Defined in:
Info:                               /home/matthias/prog/janestreet/fabulous-notes/oss-cad-suite/lib/../share/yosys/lattice/cells_map_trellis.v:108.23-108.24
Info:      logic  0.24  2.76 Source hdmi.pixel._938_TRELLIS_FF_Q_6_DI_CCU2C_S0_S1_LUT4_Z_D_LUT4_Z.F
Info:    routing  0.51  3.27 Net hdmi.pixel._938_TRELLIS_FF_Q_6_DI_CCU2C_S0_S1_LUT4_Z_D[2] (84,12) -> (85,11)
Info:                          Sink hdmi.pixel._938_TRELLIS_FF_Q_6_DI_CCU2C_S0_S1_LUT4_Z.D
Info:                          Defined in:
Info:                               /home/matthias/prog/janestreet/fabulous-notes/oss-cad-suite/lib/../share/yosys/lattice/cells_map_trellis.v:108.23-108.24
Info:      logic  0.24  3.51 Source hdmi.pixel._938_TRELLIS_FF_Q_6_DI_CCU2C_S0_S1_LUT4_Z.F
Info:    routing  0.94  4.45 Net hdmi.pixel._938_TRELLIS_FF_Q_6_DI_CCU2C_S0_COUT_CCU2C_CIN_COUT_CCU2C_CIN_COUT_CCU2C_CIN_S0[1] (85,11) -> (84,12)
Info:                          Sink hdmi.pixel._938_TRELLIS_FF_Q_6_DI_CCU2C_S0_COUT_CCU2C_CIN_S0_LUT4_C.D
Info:                          Defined in:
Info:                               /home/matthias/prog/janestreet/fabulous-notes/oss-cad-suite/lib/../share/yosys/lattice/cells_map_trellis.v:108.23-108.24
Info:      logic  0.24  4.68 Source hdmi.pixel._938_TRELLIS_FF_Q_6_DI_CCU2C_S0_COUT_CCU2C_CIN_S0_LUT4_C.F
Info:    routing  1.15  5.83 Net hdmi.pixel._938_TRELLIS_FF_Q_6_DI_CCU2C_S0_COUT_CCU2C_CIN_S0_LUT4_C_Z (84,12) -> (86,11)
Info:                          Sink hdmi.pixel._1213_MULT18X18D_P9_A5_CCU2C_S1_A0_CCU2C_S1$CCU2_COMB1.A
Info:      logic  0.45  6.27 Source hdmi.pixel._1213_MULT18X18D_P9_A5_CCU2C_S1_A0_CCU2C_S1$CCU2_COMB1.FCO
Info:    routing  0.00  6.27 Net hdmi.pixel._1213_MULT18X18D_P9_A5_CCU2C_S1_A0_CCU2C_S1_COUT (86,11) -> (86,11)
Info:                          Sink hdmi.pixel._1213_MULT18X18D_P9_A7_CCU2C_S1_A0_CCU2C_S1$CCU2_COMB0.FCI
Info:                          Defined in:
Info:                               /home/matthias/prog/janestreet/emulator-wt-hdmi-ulx3s/prototypes/hdmi-ulx3s/rtl/gen/hdmi_pixel_demo.v:4491.20-4491.33
Info:                               /home/matthias/prog/janestreet/fabulous-notes/oss-cad-suite/lib/../share/yosys/lattice/arith_map_ccu2c.v:74.7-80.4
Info:                               /home/matthias/prog/janestreet/fabulous-notes/oss-cad-suite/lib/../share/yosys/lattice/ccu2c_sim.vh:9.9-9.13
Info:      logic  0.07  6.34 Source hdmi.pixel._1213_MULT18X18D_P9_A7_CCU2C_S1_A0_CCU2C_S1$CCU2_COMB0.FCO
Info:    routing  0.00  6.34 Net hdmi.pixel._1213_MULT18X18D_P9_A7_CCU2C_S1_A0_CCU2C_S1$CCU2_FCI_INT (86,11) -> (86,11)
Info:                          Sink hdmi.pixel._1213_MULT18X18D_P9_A7_CCU2C_S1_A0_CCU2C_S1$CCU2_COMB1.FCI
Info:      logic  0.00  6.34 Source hdmi.pixel._1213_MULT18X18D_P9_A7_CCU2C_S1_A0_CCU2C_S1$CCU2_COMB1.FCO
Info:    routing  0.00  6.34 Net hdmi.pixel._1213_MULT18X18D_P9_A7_CCU2C_S1_A0_CCU2C_S1_COUT (86,11) -> (86,11)
Info:                          Sink hdmi.pixel._1213_MULT18X18D_P9_A7_CCU2C_S1_A1_CCU2C_S0$CCU2_COMB0.FCI
Info:                          Defined in:
Info:                               /home/matthias/prog/janestreet/emulator-wt-hdmi-ulx3s/prototypes/hdmi-ulx3s/rtl/gen/hdmi_pixel_demo.v:4491.20-4491.33
Info:                               /home/matthias/prog/janestreet/fabulous-notes/oss-cad-suite/lib/../share/yosys/lattice/arith_map_ccu2c.v:74.7-80.4
Info:                               /home/matthias/prog/janestreet/fabulous-notes/oss-cad-suite/lib/../share/yosys/lattice/ccu2c_sim.vh:9.9-9.13
Info:      logic  0.07  6.42 Source hdmi.pixel._1213_MULT18X18D_P9_A7_CCU2C_S1_A1_CCU2C_S0$CCU2_COMB0.FCO
Info:    routing  0.00  6.42 Net hdmi.pixel._1213_MULT18X18D_P9_A7_CCU2C_S1_A1_CCU2C_S0$CCU2_FCI_INT (86,11) -> (86,11)
Info:                          Sink hdmi.pixel._1213_MULT18X18D_P9_A7_CCU2C_S1_A1_CCU2C_S0$CCU2_COMB1.FCI
Info:      logic  0.40  6.82 Source hdmi.pixel._1213_MULT18X18D_P9_A7_CCU2C_S1_A1_CCU2C_S0$CCU2_COMB1.F
Info:    routing  1.29  8.11 Net hdmi.pixel._1213_MULT18X18D_P9_A7_CCU2C_S1_A1_CCU2C_S0_S1 (86,11) -> (83,11)
Info:                          Sink hdmi.pixel._1213_MULT18X18D_P9_A9_CCU2C_S1$CCU2_COMB0.A
Info:      logic  0.45  8.56 Source hdmi.pixel._1213_MULT18X18D_P9_A9_CCU2C_S1$CCU2_COMB0.FCO
Info:    routing  0.00  8.56 Net hdmi.pixel._1213_MULT18X18D_P9_A9_CCU2C_S1$CCU2_FCI_INT (83,11) -> (83,11)
Info:                          Sink hdmi.pixel._1213_MULT18X18D_P9_A9_CCU2C_S1$CCU2_COMB1.FCI
Info:      logic  0.00  8.56 Source hdmi.pixel._1213_MULT18X18D_P9_A9_CCU2C_S1$CCU2_COMB1.FCO
Info:    routing  0.00  8.56 Net hdmi.pixel._1213_MULT18X18D_P9_A9_CCU2C_S1_COUT (83,11) -> (84,11)
Info:                          Sink hdmi.pixel._1213_MULT18X18D_P9_A11_CCU2C_S1$CCU2_COMB0.FCI
Info:                          Defined in:
Info:                               /home/matthias/prog/janestreet/emulator-wt-hdmi-ulx3s/prototypes/hdmi-ulx3s/rtl/gen/hdmi_pixel_demo.v:4516.20-4516.33
Info:                               /home/matthias/prog/janestreet/fabulous-notes/oss-cad-suite/lib/../share/yosys/lattice/arith_map_ccu2c.v:74.7-80.4
Info:                               /home/matthias/prog/janestreet/fabulous-notes/oss-cad-suite/lib/../share/yosys/lattice/ccu2c_sim.vh:9.9-9.13
Info:      logic  0.07  8.63 Source hdmi.pixel._1213_MULT18X18D_P9_A11_CCU2C_S1$CCU2_COMB0.FCO
Info:    routing  0.00  8.63 Net hdmi.pixel._1213_MULT18X18D_P9_A11_CCU2C_S1$CCU2_FCI_INT (84,11) -> (84,11)
Info:                          Sink hdmi.pixel._1213_MULT18X18D_P9_A11_CCU2C_S1$CCU2_COMB1.FCI
Info:      logic  0.40  9.03 Source hdmi.pixel._1213_MULT18X18D_P9_A11_CCU2C_S1$CCU2_COMB1.F
Info:    routing  1.09  10.12 Net hdmi.pixel._1213_MULT18X18D_P9_A11 (84,11) -> (83,10)
Info:                          Sink hdmi.pixel._1213_MULT18X18D_P9.A11
Info:      logic  3.93  14.05 Source hdmi.pixel._1213_MULT18X18D_P9.P2
Info:    routing  3.59  17.64 Net hdmi.pixel._1213[3] (83,10) -> (85,45)
Info:                          Sink hdmi.pixel.the_packet_rom.mem.0.46_DOA8_TRELLIS_FF_Q_DI_CCU2C_S1_CIN_CCU2C_COUT_CIN_CCU2C_COUT_CIN_CCU2C_COUT_CIN_CCU2C_COUT$CCU2_COMB0.B
Info:                          Defined in:
Info:                               /home/matthias/prog/janestreet/emulator-wt-hdmi-ulx3s/prototypes/hdmi-ulx3s/rtl/gen/hdmi_pixel_demo.v:1019.17-1019.22
Info:      logic  0.45  18.08 Source hdmi.pixel.the_packet_rom.mem.0.46_DOA8_TRELLIS_FF_Q_DI_CCU2C_S1_CIN_CCU2C_COUT_CIN_CCU2C_COUT_CIN_CCU2C_COUT_CIN_CCU2C_COUT$CCU2_COMB0.FCO
Info:    routing  0.00  18.08 Net hdmi.pixel.the_packet_rom.mem.0.46_DOA8_TRELLIS_FF_Q_DI_CCU2C_S1_CIN_CCU2C_COUT_CIN_CCU2C_COUT_CIN_CCU2C_COUT_CIN_CCU2C_COUT$CCU2_FCI_INT (85,45) -> (85,45)
Info:                          Sink hdmi.pixel.the_packet_rom.mem.0.46_DOA8_TRELLIS_FF_Q_DI_CCU2C_S1_CIN_CCU2C_COUT_CIN_CCU2C_COUT_CIN_CCU2C_COUT_CIN_CCU2C_COUT$CCU2_COMB1.FCI
Info:      logic  0.00  18.08 Source hdmi.pixel.the_packet_rom.mem.0.46_DOA8_TRELLIS_FF_Q_DI_CCU2C_S1_CIN_CCU2C_COUT_CIN_CCU2C_COUT_CIN_CCU2C_COUT_CIN_CCU2C_COUT$CCU2_COMB1.FCO
Info:    routing  0.00  18.08 Net hdmi.pixel.the_packet_rom.mem.0.46_DOA8_TRELLIS_FF_Q_DI_CCU2C_S1_CIN_CCU2C_COUT_CIN_CCU2C_COUT_CIN_CCU2C_COUT_CIN (85,45) -> (85,45)
Info:                          Sink hdmi.pixel.the_packet_rom.mem.0.46_DOA8_TRELLIS_FF_Q_DI_CCU2C_S1_CIN_CCU2C_COUT_CIN_CCU2C_COUT_CIN_CCU2C_COUT$CCU2_COMB0.FCI
Info:                          Defined in:
Info:                               /home/matthias/prog/janestreet/emulator-wt-hdmi-ulx3s/prototypes/hdmi-ulx3s/rtl/gen/hdmi_pixel_demo.v:4519.20-4519.33
Info:                               /home/matthias/prog/janestreet/fabulous-notes/oss-cad-suite/lib/../share/yosys/lattice/arith_map_ccu2c.v:74.7-80.4
Info:                               /home/matthias/prog/janestreet/fabulous-notes/oss-cad-suite/lib/../share/yosys/lattice/ccu2c_sim.vh:9.9-9.13
Info:      logic  0.07  18.15 Source hdmi.pixel.the_packet_rom.mem.0.46_DOA8_TRELLIS_FF_Q_DI_CCU2C_S1_CIN_CCU2C_COUT_CIN_CCU2C_COUT_CIN_CCU2C_COUT$CCU2_COMB0.FCO
Info:    routing  0.00  18.15 Net hdmi.pixel.the_packet_rom.mem.0.46_DOA8_TRELLIS_FF_Q_DI_CCU2C_S1_CIN_CCU2C_COUT_CIN_CCU2C_COUT_CIN_CCU2C_COUT$CCU2_FCI_INT (85,45) -> (85,45)
Info:                          Sink hdmi.pixel.the_packet_rom.mem.0.46_DOA8_TRELLIS_FF_Q_DI_CCU2C_S1_CIN_CCU2C_COUT_CIN_CCU2C_COUT_CIN_CCU2C_COUT$CCU2_COMB1.FCI
Info:      logic  0.00  18.15 Source hdmi.pixel.the_packet_rom.mem.0.46_DOA8_TRELLIS_FF_Q_DI_CCU2C_S1_CIN_CCU2C_COUT_CIN_CCU2C_COUT_CIN_CCU2C_COUT$CCU2_COMB1.FCO
Info:    routing  0.00  18.15 Net hdmi.pixel.the_packet_rom.mem.0.46_DOA8_TRELLIS_FF_Q_DI_CCU2C_S1_CIN_CCU2C_COUT_CIN_CCU2C_COUT_CIN (85,45) -> (86,45)
Info:                          Sink hdmi.pixel.the_packet_rom.mem.0.46_DOA8_TRELLIS_FF_Q_DI_CCU2C_S1_CIN_CCU2C_COUT_CIN_CCU2C_COUT$CCU2_COMB0.FCI
Info:                          Defined in:
Info:                               /home/matthias/prog/janestreet/emulator-wt-hdmi-ulx3s/prototypes/hdmi-ulx3s/rtl/gen/hdmi_pixel_demo.v:4519.20-4519.33
Info:                               /home/matthias/prog/janestreet/fabulous-notes/oss-cad-suite/lib/../share/yosys/lattice/arith_map_ccu2c.v:74.7-80.4
Info:                               /home/matthias/prog/janestreet/fabulous-notes/oss-cad-suite/lib/../share/yosys/lattice/ccu2c_sim.vh:9.9-9.13
Info:      logic  0.07  18.23 Source hdmi.pixel.the_packet_rom.mem.0.46_DOA8_TRELLIS_FF_Q_DI_CCU2C_S1_CIN_CCU2C_COUT_CIN_CCU2C_COUT$CCU2_COMB0.FCO
Info:    routing  0.00  18.23 Net hdmi.pixel.the_packet_rom.mem.0.46_DOA8_TRELLIS_FF_Q_DI_CCU2C_S1_CIN_CCU2C_COUT_CIN_CCU2C_COUT$CCU2_FCI_INT (86,45) -> (86,45)
Info:                          Sink hdmi.pixel.the_packet_rom.mem.0.46_DOA8_TRELLIS_FF_Q_DI_CCU2C_S1_CIN_CCU2C_COUT_CIN_CCU2C_COUT$CCU2_COMB1.FCI
Info:      logic  0.00  18.23 Source hdmi.pixel.the_packet_rom.mem.0.46_DOA8_TRELLIS_FF_Q_DI_CCU2C_S1_CIN_CCU2C_COUT_CIN_CCU2C_COUT$CCU2_COMB1.FCO
Info:    routing  0.00  18.23 Net hdmi.pixel.the_packet_rom.mem.0.46_DOA8_TRELLIS_FF_Q_DI_CCU2C_S1_CIN_CCU2C_COUT_CIN (86,45) -> (86,45)
Info:                          Sink hdmi.pixel.the_packet_rom.mem.0.46_DOA8_TRELLIS_FF_Q_DI_CCU2C_S1_CIN_CCU2C_COUT$CCU2_COMB0.FCI
Info:                          Defined in:
Info:                               /home/matthias/prog/janestreet/emulator-wt-hdmi-ulx3s/prototypes/hdmi-ulx3s/rtl/gen/hdmi_pixel_demo.v:4519.20-4519.33
Info:                               /home/matthias/prog/janestreet/fabulous-notes/oss-cad-suite/lib/../share/yosys/lattice/arith_map_ccu2c.v:74.7-80.4
Info:                               /home/matthias/prog/janestreet/fabulous-notes/oss-cad-suite/lib/../share/yosys/lattice/ccu2c_sim.vh:9.9-9.13
Info:      logic  0.44  18.67 Source hdmi.pixel.the_packet_rom.mem.0.46_DOA8_TRELLIS_FF_Q_DI_CCU2C_S1_CIN_CCU2C_COUT$CCU2_COMB0.F
Info:    routing  3.43  22.10 Net hdmi.pixel.the_packet_rom.mem.0.46_DOA8_TRELLIS_FF_Q_DI_CCU2C_S1_CIN_CCU2C_COUT_S0 (86,45) -> (102,22)
Info:                          Sink hdmi.pixel.the_packet_rom.mem.0.47.ADA12
Info:      setup  0.25  22.35 Source hdmi.pixel.the_packet_rom.mem.0.47.ADA12
Info: 8.59 ns logic, 13.76 ns routing

Info: Critical path report for clock '$glbnet$hdmi.clk_bit' (posedge -> posedge):
Info:       type curr  total name
Info:   clk-to-q  0.52  0.52 Source hdmi.por_bit_TRELLIS_FF_Q.Q
Info:    routing  0.47  1.00 Net hdmi.por_bit[4] (3,33) -> (3,33)
Info:                          Sink hdmi.serial._64_TRELLIS_FF_Q_LSR_LUT4_Z.D
Info:                          Defined in:
Info:                               /home/matthias/prog/janestreet/fabulous-notes/oss-cad-suite/lib/../share/yosys/lattice/cells_map_trellis.v:108.23-108.24
Info:      logic  0.24  1.24 Source hdmi.serial._64_TRELLIS_FF_Q_LSR_LUT4_Z.F
Info:    routing  3.81  5.05 Net hdmi.serial._64_TRELLIS_FF_Q_LSR (3,33) -> (42,15)
Info:                          Sink hdmi.serial._68_TRELLIS_FF_Q.LSR
Info:      setup  0.42  5.47 Source hdmi.serial._68_TRELLIS_FF_Q.LSR
Info: 1.18 ns logic, 4.29 ns routing

Info: Critical path report for cross-domain path 'posedge $glbnet$hdmi.clk_bit' -> '<async>':
Info:       type curr  total name
Info:   clk-to-q  0.52  0.52 Source hdmi.serial._109_TRELLIS_FF_Q.Q
Info:    routing  1.89  2.41 Net led[3]$TRELLIS_IO_OUT (6,29) -> (0,38)
Info:                          Sink led[3]$tr_io.I
Info:                          Defined in:
Info:                               /home/matthias/prog/janestreet/emulator-wt-hdmi-ulx3s/prototypes/hdmi-ulx3s/rtl/hdmi_top.v:23.21-23.24
Info: 0.52 ns logic, 1.89 ns routing

Info: Critical path report for cross-domain path 'posedge $glbnet$hdmi.clk_pix' -> '<async>':
Info:       type curr  total name
Info:   clk-to-q  0.52  0.52 Source hdmi.pixel._46_TRELLIS_FF_Q.Q
Info:    routing  1.80  2.33 Net led[0]$TRELLIS_IO_OUT (5,26) -> (0,35)
Info:                          Sink led[0]$tr_io.I
Info:                          Defined in:
Info:                               /home/matthias/prog/janestreet/emulator-wt-hdmi-ulx3s/prototypes/hdmi-ulx3s/rtl/hdmi_top.v:23.21-23.24
Info: 0.52 ns logic, 1.80 ns routing

Info: Critical path report for cross-domain path 'posedge $glbnet$hdmi.clk_pix' -> 'posedge $glbnet$hdmi.clk_bit':
Info:       type curr  total name
Info:   clk-to-q  0.52  0.52 Source hdmi.pixel._930_TRELLIS_FF_Q_1.Q
Info:    routing  0.94  1.47 Net hdmi.pixel._930[7] (79,4) -> (81,5)
Info:                          Sink hdmi.serial._13_TRELLIS_FF_Q_7_DI_LUT4_Z.D
Info:                          Defined in:
Info:                               /home/matthias/prog/janestreet/emulator-wt-hdmi-ulx3s/prototypes/hdmi-ulx3s/rtl/gen/hdmi_pixel_demo.v:445.15-445.19
Info:      logic  0.24  1.70 Source hdmi.serial._13_TRELLIS_FF_Q_7_DI_LUT4_Z.F
Info:    routing  0.13  1.83 Net hdmi.serial._13_TRELLIS_FF_Q_7_DI (81,5) -> (81,5)
Info:                          Sink hdmi.serial._13_TRELLIS_FF_Q_7.DI
Info:      setup  0.00  1.83 Source hdmi.serial._13_TRELLIS_FF_Q_7.DI
Info: 0.76 ns logic, 1.07 ns routing

Info: Max frequency for clock '$glbnet$hdmi.clk_pix': 44.74 MHz (PASS at 25.00 MHz)
Info: Max frequency for clock '$glbnet$hdmi.clk_bit': 182.72 MHz (PASS at 125.00 MHz)

Info: Max delay posedge $glbnet$hdmi.clk_bit -> <async>                     : 2.41 ns
Info: Max delay posedge $glbnet$hdmi.clk_pix -> <async>                     : 2.33 ns
Info: Max delay posedge $glbnet$hdmi.clk_pix -> posedge $glbnet$hdmi.clk_bit: 1.83 ns

Info: Slack histogram:
Info:  legend: * represents 25 endpoint(s)
Info:          + represents [1,25) endpoint(s)
Info: [  2527,   4354) |*+
Info: [  4354,   6181) |**+
Info: [  6181,   8008) |+
Info: [  8008,   9835) | 
Info: [  9835,  11662) | 
Info: [ 11662,  13489) | 
Info: [ 13489,  15316) | 
Info: [ 15316,  17143) | 
Info: [ 17143,  18970) |*******+
Info: [ 18970,  20797) |***********+
Info: [ 20797,  22624) |*+
Info: [ 22624,  24451) |+
Info: [ 24451,  26278) |+
Info: [ 26278,  28105) |+
Info: [ 28105,  29932) |******+
Info: [ 29932,  31759) |**************+
Info: [ 31759,  33586) |**************************************+
Info: [ 33586,  35413) |************************************************************ 
Info: [ 35413,  37240) |********************+
Info: [ 37240,  39067) |***********************************************+

Info: Program finished normally.
