
 /----------------------------------------------------------------------------\
 |  yosys -- Yosys Open SYnthesis Suite                                       |
 |  Copyright (C) 2012 - 2026  Claire Xenia Wolf <claire@yosyshq.com>         |
 |  Distributed under an ISC-like license, type "license" to see terms        |
 \----------------------------------------------------------------------------/
 Yosys 0.62 (git sha1 7326bb7d6641500ecb285c291a54a662cb1e76cf, clang++ 21.1.2 -fPIC -O3)

-- Running command `read_verilog -sv rtl/deadline_sequencer.v; hierarchy -check -top deadline_sequencer; synth -top deadline_sequencer -flatten ; dfflibmap -liberty /home/matthias/.ciel/ihp-sg13g2/ihp-sg13g2/libs.ref/sg13g2_stdcell/lib/sg13g2_stdcell_typ_1p20V_25C.lib; abc -liberty /home/matthias/.ciel/ihp-sg13g2/ihp-sg13g2/libs.ref/sg13g2_stdcell/lib/sg13g2_stdcell_typ_1p20V_25C.lib; opt_clean; tee -o reports/deadline_sequencer.stat.txt stat -liberty /home/matthias/.ciel/ihp-sg13g2/ihp-sg13g2/libs.ref/sg13g2_stdcell/lib/sg13g2_stdcell_typ_1p20V_25C.lib; write_verilog -noattr /var/tmp/platformer/netlists/deadline_sequencer.v' --

1. Executing Verilog-2005 frontend: rtl/deadline_sequencer.v
Parsing SystemVerilog input from `rtl/deadline_sequencer.v' to AST representation.
Generating RTLIL representation for module `\deadline_sequencer'.
Successfully finished Verilog frontend.

2. Executing HIERARCHY pass (managing design hierarchy).

2.1. Analyzing design hierarchy..
Top module:  \deadline_sequencer

2.2. Analyzing design hierarchy..
Top module:  \deadline_sequencer
Removed 0 unused modules.

3. Executing SYNTH pass.

3.1. Executing HIERARCHY pass (managing design hierarchy).

3.1.1. Analyzing design hierarchy..
Top module:  \deadline_sequencer

3.1.2. Analyzing design hierarchy..
Top module:  \deadline_sequencer
Removed 0 unused modules.

3.2. Executing PROC pass (convert processes to netlists).

3.2.1. Executing PROC_CLEAN pass (remove empty switches from decision trees).
Cleaned up 0 empty switches.

3.2.2. Executing PROC_RMDEAD pass (remove dead branches from decision trees).
Marked 1 switch rules as full_case in process $proc$rtl/deadline_sequencer.v:1215$244 in module deadline_sequencer.
Marked 1 switch rules as full_case in process $proc$rtl/deadline_sequencer.v:1200$242 in module deadline_sequencer.
Marked 1 switch rules as full_case in process $proc$rtl/deadline_sequencer.v:1194$241 in module deadline_sequencer.
Marked 1 switch rules as full_case in process $proc$rtl/deadline_sequencer.v:1158$225 in module deadline_sequencer.
Marked 1 switch rules as full_case in process $proc$rtl/deadline_sequencer.v:1152$224 in module deadline_sequencer.
Marked 1 switch rules as full_case in process $proc$rtl/deadline_sequencer.v:1143$221 in module deadline_sequencer.
Marked 1 switch rules as full_case in process $proc$rtl/deadline_sequencer.v:1134$218 in module deadline_sequencer.
Marked 1 switch rules as full_case in process $proc$rtl/deadline_sequencer.v:1114$211 in module deadline_sequencer.
Marked 1 switch rules as full_case in process $proc$rtl/deadline_sequencer.v:1108$210 in module deadline_sequencer.
Marked 1 switch rules as full_case in process $proc$rtl/deadline_sequencer.v:1087$200 in module deadline_sequencer.
Marked 1 switch rules as full_case in process $proc$rtl/deadline_sequencer.v:1079$198 in module deadline_sequencer.
Marked 1 switch rules as full_case in process $proc$rtl/deadline_sequencer.v:1071$196 in module deadline_sequencer.
Marked 1 switch rules as full_case in process $proc$rtl/deadline_sequencer.v:1054$192 in module deadline_sequencer.
Marked 1 switch rules as full_case in process $proc$rtl/deadline_sequencer.v:1048$191 in module deadline_sequencer.
Marked 1 switch rules as full_case in process $proc$rtl/deadline_sequencer.v:1032$184 in module deadline_sequencer.
Marked 1 switch rules as full_case in process $proc$rtl/deadline_sequencer.v:1024$182 in module deadline_sequencer.
Marked 1 switch rules as full_case in process $proc$rtl/deadline_sequencer.v:1016$180 in module deadline_sequencer.
Marked 1 switch rules as full_case in process $proc$rtl/deadline_sequencer.v:992$176 in module deadline_sequencer.
Marked 1 switch rules as full_case in process $proc$rtl/deadline_sequencer.v:972$173 in module deadline_sequencer.
Marked 1 switch rules as full_case in process $proc$rtl/deadline_sequencer.v:938$164 in module deadline_sequencer.
Marked 1 switch rules as full_case in process $proc$rtl/deadline_sequencer.v:932$163 in module deadline_sequencer.
Marked 1 switch rules as full_case in process $proc$rtl/deadline_sequencer.v:887$149 in module deadline_sequencer.
Marked 1 switch rules as full_case in process $proc$rtl/deadline_sequencer.v:853$147 in module deadline_sequencer.
Marked 1 switch rules as full_case in process $proc$rtl/deadline_sequencer.v:845$145 in module deadline_sequencer.
Marked 1 switch rules as full_case in process $proc$rtl/deadline_sequencer.v:837$143 in module deadline_sequencer.
Marked 1 switch rules as full_case in process $proc$rtl/deadline_sequencer.v:762$107 in module deadline_sequencer.
Marked 1 switch rules as full_case in process $proc$rtl/deadline_sequencer.v:698$80 in module deadline_sequencer.
Marked 1 switch rules as full_case in process $proc$rtl/deadline_sequencer.v:688$77 in module deadline_sequencer.
Marked 1 switch rules as full_case in process $proc$rtl/deadline_sequencer.v:636$69 in module deadline_sequencer.
Marked 1 switch rules as full_case in process $proc$rtl/deadline_sequencer.v:620$63 in module deadline_sequencer.
Removed a total of 0 dead cases.

3.2.3. Executing PROC_PRUNE pass (remove redundant assignments in processes).
Removed 30 redundant assignments.
Promoted 0 assignments to connections.

3.2.4. Executing PROC_INIT pass (extract init attributes).

3.2.5. Executing PROC_ARST pass (detect async resets in processes).

3.2.6. Executing PROC_ROM pass (convert switches to ROMs).
Converted 0 switches.
<suppressed ~30 debug messages>

3.2.7. Executing PROC_MUX pass (convert decision trees to multiplexers).
Creating decoders for process `\deadline_sequencer.$proc$rtl/deadline_sequencer.v:1215$244'.
     1/1: $0\_258[1:0]
Creating decoders for process `\deadline_sequencer.$proc$rtl/deadline_sequencer.v:1200$242'.
     1/1: $0\_570[5:0]
Creating decoders for process `\deadline_sequencer.$proc$rtl/deadline_sequencer.v:1194$241'.
     1/1: $0\_239[5:0]
Creating decoders for process `\deadline_sequencer.$proc$rtl/deadline_sequencer.v:1158$225'.
     1/1: $0\_542[5:0]
Creating decoders for process `\deadline_sequencer.$proc$rtl/deadline_sequencer.v:1152$224'.
     1/1: $0\_236[5:0]
Creating decoders for process `\deadline_sequencer.$proc$rtl/deadline_sequencer.v:1143$221'.
     1/1: $0\_233[5:0]
Creating decoders for process `\deadline_sequencer.$proc$rtl/deadline_sequencer.v:1134$218'.
     1/1: $0\_230[5:0]
Creating decoders for process `\deadline_sequencer.$proc$rtl/deadline_sequencer.v:1114$211'.
     1/1: $0\_519[11:0]
Creating decoders for process `\deadline_sequencer.$proc$rtl/deadline_sequencer.v:1108$210'.
     1/1: $0\_518[11:0]
Creating decoders for process `\deadline_sequencer.$proc$rtl/deadline_sequencer.v:1087$200'.
     1/1: $0\_510[11:0]
Creating decoders for process `\deadline_sequencer.$proc$rtl/deadline_sequencer.v:1079$198'.
     1/1: $0\_506[11:0]
Creating decoders for process `\deadline_sequencer.$proc$rtl/deadline_sequencer.v:1071$196'.
     1/1: $0\_502[11:0]
Creating decoders for process `\deadline_sequencer.$proc$rtl/deadline_sequencer.v:1054$192'.
     1/1: $0\_491[11:0]
Creating decoders for process `\deadline_sequencer.$proc$rtl/deadline_sequencer.v:1048$191'.
     1/1: $0\_490[11:0]
Creating decoders for process `\deadline_sequencer.$proc$rtl/deadline_sequencer.v:1032$184'.
     1/1: $0\_484[11:0]
Creating decoders for process `\deadline_sequencer.$proc$rtl/deadline_sequencer.v:1024$182'.
     1/1: $0\_480[11:0]
Creating decoders for process `\deadline_sequencer.$proc$rtl/deadline_sequencer.v:1016$180'.
     1/1: $0\_476[11:0]
Creating decoders for process `\deadline_sequencer.$proc$rtl/deadline_sequencer.v:992$176'.
     1/1: $0\_355[0:0]
Creating decoders for process `\deadline_sequencer.$proc$rtl/deadline_sequencer.v:972$173'.
     1/1: $0\_49[7:0]
Creating decoders for process `\deadline_sequencer.$proc$rtl/deadline_sequencer.v:938$164'.
     1/1: $0\_271[7:0]
Creating decoders for process `\deadline_sequencer.$proc$rtl/deadline_sequencer.v:932$163'.
     1/1: $0\_261[7:0]
Creating decoders for process `\deadline_sequencer.$proc$rtl/deadline_sequencer.v:887$149'.
     1/1: $0\_369[3:0]
Creating decoders for process `\deadline_sequencer.$proc$rtl/deadline_sequencer.v:853$147'.
     1/1: $0\_264[7:0]
Creating decoders for process `\deadline_sequencer.$proc$rtl/deadline_sequencer.v:845$145'.
     1/1: $0\_267[7:0]
Creating decoders for process `\deadline_sequencer.$proc$rtl/deadline_sequencer.v:837$143'.
     1/1: $0\_270[7:0]
Creating decoders for process `\deadline_sequencer.$proc$rtl/deadline_sequencer.v:762$107'.
     1/1: $0\_277[7:0]
Creating decoders for process `\deadline_sequencer.$proc$rtl/deadline_sequencer.v:698$80'.
     1/1: $0\_255[7:0]
Creating decoders for process `\deadline_sequencer.$proc$rtl/deadline_sequencer.v:688$77'.
     1/1: $0\_251[0:0]
Creating decoders for process `\deadline_sequencer.$proc$rtl/deadline_sequencer.v:636$69'.
     1/1: $0\_64[1:0]
Creating decoders for process `\deadline_sequencer.$proc$rtl/deadline_sequencer.v:620$63'.
     1/1: $0\_69[7:0]

3.2.8. Executing PROC_DLATCH pass (convert process syncs to latches).
No latch inferred for signal `\deadline_sequencer.\_570' from process `\deadline_sequencer.$proc$rtl/deadline_sequencer.v:1200$242'.
No latch inferred for signal `\deadline_sequencer.\_542' from process `\deadline_sequencer.$proc$rtl/deadline_sequencer.v:1158$225'.
No latch inferred for signal `\deadline_sequencer.\_519' from process `\deadline_sequencer.$proc$rtl/deadline_sequencer.v:1114$211'.
No latch inferred for signal `\deadline_sequencer.\_491' from process `\deadline_sequencer.$proc$rtl/deadline_sequencer.v:1054$192'.
No latch inferred for signal `\deadline_sequencer.\_355' from process `\deadline_sequencer.$proc$rtl/deadline_sequencer.v:992$176'.
No latch inferred for signal `\deadline_sequencer.\_271' from process `\deadline_sequencer.$proc$rtl/deadline_sequencer.v:938$164'.
No latch inferred for signal `\deadline_sequencer.\_369' from process `\deadline_sequencer.$proc$rtl/deadline_sequencer.v:887$149'.

3.2.9. Executing PROC_DFF pass (convert process syncs to FFs).
Creating register for signal `\deadline_sequencer.\_258' using process `\deadline_sequencer.$proc$rtl/deadline_sequencer.v:1215$244'.
  created $dff cell `$procdff$358' with positive edge clock.
Creating register for signal `\deadline_sequencer.\_239' using process `\deadline_sequencer.$proc$rtl/deadline_sequencer.v:1194$241'.
  created $dff cell `$procdff$359' with positive edge clock.
Creating register for signal `\deadline_sequencer.\_236' using process `\deadline_sequencer.$proc$rtl/deadline_sequencer.v:1152$224'.
  created $dff cell `$procdff$360' with positive edge clock.
Creating register for signal `\deadline_sequencer.\_233' using process `\deadline_sequencer.$proc$rtl/deadline_sequencer.v:1143$221'.
  created $dff cell `$procdff$361' with positive edge clock.
Creating register for signal `\deadline_sequencer.\_230' using process `\deadline_sequencer.$proc$rtl/deadline_sequencer.v:1134$218'.
  created $dff cell `$procdff$362' with positive edge clock.
Creating register for signal `\deadline_sequencer.\_518' using process `\deadline_sequencer.$proc$rtl/deadline_sequencer.v:1108$210'.
  created $dff cell `$procdff$363' with positive edge clock.
Creating register for signal `\deadline_sequencer.\_510' using process `\deadline_sequencer.$proc$rtl/deadline_sequencer.v:1087$200'.
  created $dff cell `$procdff$364' with positive edge clock.
Creating register for signal `\deadline_sequencer.\_506' using process `\deadline_sequencer.$proc$rtl/deadline_sequencer.v:1079$198'.
  created $dff cell `$procdff$365' with positive edge clock.
Creating register for signal `\deadline_sequencer.\_502' using process `\deadline_sequencer.$proc$rtl/deadline_sequencer.v:1071$196'.
  created $dff cell `$procdff$366' with positive edge clock.
Creating register for signal `\deadline_sequencer.\_490' using process `\deadline_sequencer.$proc$rtl/deadline_sequencer.v:1048$191'.
  created $dff cell `$procdff$367' with positive edge clock.
Creating register for signal `\deadline_sequencer.\_484' using process `\deadline_sequencer.$proc$rtl/deadline_sequencer.v:1032$184'.
  created $dff cell `$procdff$368' with positive edge clock.
Creating register for signal `\deadline_sequencer.\_480' using process `\deadline_sequencer.$proc$rtl/deadline_sequencer.v:1024$182'.
  created $dff cell `$procdff$369' with positive edge clock.
Creating register for signal `\deadline_sequencer.\_476' using process `\deadline_sequencer.$proc$rtl/deadline_sequencer.v:1016$180'.
  created $dff cell `$procdff$370' with positive edge clock.
Creating register for signal `\deadline_sequencer.\_49' using process `\deadline_sequencer.$proc$rtl/deadline_sequencer.v:972$173'.
  created $dff cell `$procdff$371' with positive edge clock.
Creating register for signal `\deadline_sequencer.\_261' using process `\deadline_sequencer.$proc$rtl/deadline_sequencer.v:932$163'.
  created $dff cell `$procdff$372' with positive edge clock.
Creating register for signal `\deadline_sequencer.\_264' using process `\deadline_sequencer.$proc$rtl/deadline_sequencer.v:853$147'.
  created $dff cell `$procdff$373' with positive edge clock.
Creating register for signal `\deadline_sequencer.\_267' using process `\deadline_sequencer.$proc$rtl/deadline_sequencer.v:845$145'.
  created $dff cell `$procdff$374' with positive edge clock.
Creating register for signal `\deadline_sequencer.\_270' using process `\deadline_sequencer.$proc$rtl/deadline_sequencer.v:837$143'.
  created $dff cell `$procdff$375' with positive edge clock.
Creating register for signal `\deadline_sequencer.\_277' using process `\deadline_sequencer.$proc$rtl/deadline_sequencer.v:762$107'.
  created $dff cell `$procdff$376' with positive edge clock.
Creating register for signal `\deadline_sequencer.\_255' using process `\deadline_sequencer.$proc$rtl/deadline_sequencer.v:698$80'.
  created $dff cell `$procdff$377' with positive edge clock.
Creating register for signal `\deadline_sequencer.\_251' using process `\deadline_sequencer.$proc$rtl/deadline_sequencer.v:688$77'.
  created $dff cell `$procdff$378' with positive edge clock.
Creating register for signal `\deadline_sequencer.\_64' using process `\deadline_sequencer.$proc$rtl/deadline_sequencer.v:636$69'.
  created $dff cell `$procdff$379' with positive edge clock.
Creating register for signal `\deadline_sequencer.\_69' using process `\deadline_sequencer.$proc$rtl/deadline_sequencer.v:620$63'.
  created $dff cell `$procdff$380' with positive edge clock.

3.2.10. Executing PROC_MEMWR pass (convert process memory writes to cells).

3.2.11. Executing PROC_CLEAN pass (remove empty switches from decision trees).
Found and cleaned up 1 empty switch in `\deadline_sequencer.$proc$rtl/deadline_sequencer.v:1215$244'.
Removing empty process `deadline_sequencer.$proc$rtl/deadline_sequencer.v:1215$244'.
Found and cleaned up 1 empty switch in `\deadline_sequencer.$proc$rtl/deadline_sequencer.v:1200$242'.
Removing empty process `deadline_sequencer.$proc$rtl/deadline_sequencer.v:1200$242'.
Found and cleaned up 1 empty switch in `\deadline_sequencer.$proc$rtl/deadline_sequencer.v:1194$241'.
Removing empty process `deadline_sequencer.$proc$rtl/deadline_sequencer.v:1194$241'.
Found and cleaned up 1 empty switch in `\deadline_sequencer.$proc$rtl/deadline_sequencer.v:1158$225'.
Removing empty process `deadline_sequencer.$proc$rtl/deadline_sequencer.v:1158$225'.
Found and cleaned up 1 empty switch in `\deadline_sequencer.$proc$rtl/deadline_sequencer.v:1152$224'.
Removing empty process `deadline_sequencer.$proc$rtl/deadline_sequencer.v:1152$224'.
Found and cleaned up 1 empty switch in `\deadline_sequencer.$proc$rtl/deadline_sequencer.v:1143$221'.
Removing empty process `deadline_sequencer.$proc$rtl/deadline_sequencer.v:1143$221'.
Found and cleaned up 1 empty switch in `\deadline_sequencer.$proc$rtl/deadline_sequencer.v:1134$218'.
Removing empty process `deadline_sequencer.$proc$rtl/deadline_sequencer.v:1134$218'.
Found and cleaned up 1 empty switch in `\deadline_sequencer.$proc$rtl/deadline_sequencer.v:1114$211'.
Removing empty process `deadline_sequencer.$proc$rtl/deadline_sequencer.v:1114$211'.
Found and cleaned up 1 empty switch in `\deadline_sequencer.$proc$rtl/deadline_sequencer.v:1108$210'.
Removing empty process `deadline_sequencer.$proc$rtl/deadline_sequencer.v:1108$210'.
Found and cleaned up 1 empty switch in `\deadline_sequencer.$proc$rtl/deadline_sequencer.v:1087$200'.
Removing empty process `deadline_sequencer.$proc$rtl/deadline_sequencer.v:1087$200'.
Found and cleaned up 1 empty switch in `\deadline_sequencer.$proc$rtl/deadline_sequencer.v:1079$198'.
Removing empty process `deadline_sequencer.$proc$rtl/deadline_sequencer.v:1079$198'.
Found and cleaned up 1 empty switch in `\deadline_sequencer.$proc$rtl/deadline_sequencer.v:1071$196'.
Removing empty process `deadline_sequencer.$proc$rtl/deadline_sequencer.v:1071$196'.
Found and cleaned up 1 empty switch in `\deadline_sequencer.$proc$rtl/deadline_sequencer.v:1054$192'.
Removing empty process `deadline_sequencer.$proc$rtl/deadline_sequencer.v:1054$192'.
Found and cleaned up 1 empty switch in `\deadline_sequencer.$proc$rtl/deadline_sequencer.v:1048$191'.
Removing empty process `deadline_sequencer.$proc$rtl/deadline_sequencer.v:1048$191'.
Found and cleaned up 1 empty switch in `\deadline_sequencer.$proc$rtl/deadline_sequencer.v:1032$184'.
Removing empty process `deadline_sequencer.$proc$rtl/deadline_sequencer.v:1032$184'.
Found and cleaned up 1 empty switch in `\deadline_sequencer.$proc$rtl/deadline_sequencer.v:1024$182'.
Removing empty process `deadline_sequencer.$proc$rtl/deadline_sequencer.v:1024$182'.
Found and cleaned up 1 empty switch in `\deadline_sequencer.$proc$rtl/deadline_sequencer.v:1016$180'.
Removing empty process `deadline_sequencer.$proc$rtl/deadline_sequencer.v:1016$180'.
Found and cleaned up 1 empty switch in `\deadline_sequencer.$proc$rtl/deadline_sequencer.v:992$176'.
Removing empty process `deadline_sequencer.$proc$rtl/deadline_sequencer.v:992$176'.
Found and cleaned up 1 empty switch in `\deadline_sequencer.$proc$rtl/deadline_sequencer.v:972$173'.
Removing empty process `deadline_sequencer.$proc$rtl/deadline_sequencer.v:972$173'.
Found and cleaned up 1 empty switch in `\deadline_sequencer.$proc$rtl/deadline_sequencer.v:938$164'.
Removing empty process `deadline_sequencer.$proc$rtl/deadline_sequencer.v:938$164'.
Found and cleaned up 1 empty switch in `\deadline_sequencer.$proc$rtl/deadline_sequencer.v:932$163'.
Removing empty process `deadline_sequencer.$proc$rtl/deadline_sequencer.v:932$163'.
Found and cleaned up 1 empty switch in `\deadline_sequencer.$proc$rtl/deadline_sequencer.v:887$149'.
Removing empty process `deadline_sequencer.$proc$rtl/deadline_sequencer.v:887$149'.
Found and cleaned up 1 empty switch in `\deadline_sequencer.$proc$rtl/deadline_sequencer.v:853$147'.
Removing empty process `deadline_sequencer.$proc$rtl/deadline_sequencer.v:853$147'.
Found and cleaned up 1 empty switch in `\deadline_sequencer.$proc$rtl/deadline_sequencer.v:845$145'.
Removing empty process `deadline_sequencer.$proc$rtl/deadline_sequencer.v:845$145'.
Found and cleaned up 1 empty switch in `\deadline_sequencer.$proc$rtl/deadline_sequencer.v:837$143'.
Removing empty process `deadline_sequencer.$proc$rtl/deadline_sequencer.v:837$143'.
Found and cleaned up 1 empty switch in `\deadline_sequencer.$proc$rtl/deadline_sequencer.v:762$107'.
Removing empty process `deadline_sequencer.$proc$rtl/deadline_sequencer.v:762$107'.
Found and cleaned up 1 empty switch in `\deadline_sequencer.$proc$rtl/deadline_sequencer.v:698$80'.
Removing empty process `deadline_sequencer.$proc$rtl/deadline_sequencer.v:698$80'.
Found and cleaned up 1 empty switch in `\deadline_sequencer.$proc$rtl/deadline_sequencer.v:688$77'.
Removing empty process `deadline_sequencer.$proc$rtl/deadline_sequencer.v:688$77'.
Found and cleaned up 1 empty switch in `\deadline_sequencer.$proc$rtl/deadline_sequencer.v:636$69'.
Removing empty process `deadline_sequencer.$proc$rtl/deadline_sequencer.v:636$69'.
Found and cleaned up 1 empty switch in `\deadline_sequencer.$proc$rtl/deadline_sequencer.v:620$63'.
Removing empty process `deadline_sequencer.$proc$rtl/deadline_sequencer.v:620$63'.
Cleaned up 30 empty switches.

3.2.12. Executing OPT_EXPR pass (perform const folding).
Optimizing module deadline_sequencer.
<suppressed ~16 debug messages>

3.3. Executing FLATTEN pass (flatten design).

3.4. Executing OPT_EXPR pass (perform const folding).
Optimizing module deadline_sequencer.

3.5. Executing OPT_CLEAN pass (remove unused cells and wires).
Finding unused cells or wires in module \deadline_sequencer..
Removed 1 unused cells and 276 unused wires.
<suppressed ~3 debug messages>

3.6. Executing CHECK pass (checking for obvious problems).
Checking module deadline_sequencer...
Found and reported 0 problems.

3.7. Executing OPT pass (performing simple optimizations).

3.7.1. Executing OPT_EXPR pass (perform const folding).
Optimizing module deadline_sequencer.

3.7.2. Executing OPT_MERGE pass (detect identical cells).
Finding identical cells in module `\deadline_sequencer'.
Computing hashes of 296 cells of `\deadline_sequencer'.
Finding duplicate cells in `\deadline_sequencer'.
Computing hashes of 211 cells of `\deadline_sequencer'.
Finding duplicate cells in `\deadline_sequencer'.
<suppressed ~255 debug messages>
Removed a total of 85 cells.

3.7.3. Executing OPT_MUXTREE pass (detect dead branches in mux trees).
Running muxtree optimizer on module \deadline_sequencer..
  Creating internal representation of mux trees.
  Evaluating internal representation of mux trees.
  Analyzing evaluation results.
Removed 0 multiplexer ports.
<suppressed ~360 debug messages>

3.7.4. Executing OPT_REDUCE pass (consolidate $*mux and $reduce_* inputs).
  Optimizing cells in module \deadline_sequencer.
Performed a total of 0 changes.

3.7.5. Executing OPT_MERGE pass (detect identical cells).
Finding identical cells in module `\deadline_sequencer'.
Computing hashes of 211 cells of `\deadline_sequencer'.
Finding duplicate cells in `\deadline_sequencer'.
Removed a total of 0 cells.

3.7.6. Executing OPT_DFF pass (perform DFF optimizations).

3.7.7. Executing OPT_CLEAN pass (remove unused cells and wires).
Finding unused cells or wires in module \deadline_sequencer..
Removed 0 unused cells and 26 unused wires.
<suppressed ~1 debug messages>

3.7.8. Executing OPT_EXPR pass (perform const folding).
Optimizing module deadline_sequencer.

3.7.9. Rerunning OPT passes. (Maybe there is more to do..)

3.7.10. Executing OPT_MUXTREE pass (detect dead branches in mux trees).
Running muxtree optimizer on module \deadline_sequencer..
  Creating internal representation of mux trees.
  Evaluating internal representation of mux trees.
  Analyzing evaluation results.
Removed 0 multiplexer ports.
<suppressed ~360 debug messages>

3.7.11. Executing OPT_REDUCE pass (consolidate $*mux and $reduce_* inputs).
  Optimizing cells in module \deadline_sequencer.
Performed a total of 0 changes.

3.7.12. Executing OPT_MERGE pass (detect identical cells).
Finding identical cells in module `\deadline_sequencer'.
Computing hashes of 211 cells of `\deadline_sequencer'.
Finding duplicate cells in `\deadline_sequencer'.
Removed a total of 0 cells.

3.7.13. Executing OPT_DFF pass (perform DFF optimizations).

3.7.14. Executing OPT_CLEAN pass (remove unused cells and wires).
Finding unused cells or wires in module \deadline_sequencer..

3.7.15. Executing OPT_EXPR pass (perform const folding).
Optimizing module deadline_sequencer.

3.7.16. Finished fast OPT passes. (There is nothing left to do.)

3.8. Executing FSM pass (extract and optimize FSM).

3.8.1. Executing FSM_DETECT pass (finding FSMs in design).

3.8.2. Executing FSM_EXTRACT pass (extracting FSM from design).

3.8.3. Executing FSM_OPT pass (simple optimizations of FSMs).

3.8.4. Executing OPT_CLEAN pass (remove unused cells and wires).
Finding unused cells or wires in module \deadline_sequencer..

3.8.5. Executing FSM_OPT pass (simple optimizations of FSMs).

3.8.6. Executing FSM_RECODE pass (re-assigning FSM state encoding).

3.8.7. Executing FSM_INFO pass (dumping all available information on FSM cells).

3.8.8. Executing FSM_MAP pass (mapping FSMs to basic logic).

3.9. Executing OPT pass (performing simple optimizations).

3.9.1. Executing OPT_EXPR pass (perform const folding).
Optimizing module deadline_sequencer.

3.9.2. Executing OPT_MERGE pass (detect identical cells).
Finding identical cells in module `\deadline_sequencer'.
Computing hashes of 211 cells of `\deadline_sequencer'.
Finding duplicate cells in `\deadline_sequencer'.
Removed a total of 0 cells.

3.9.3. Executing OPT_MUXTREE pass (detect dead branches in mux trees).
Running muxtree optimizer on module \deadline_sequencer..
  Creating internal representation of mux trees.
  Evaluating internal representation of mux trees.
  Analyzing evaluation results.
Removed 0 multiplexer ports.
<suppressed ~360 debug messages>

3.9.4. Executing OPT_REDUCE pass (consolidate $*mux and $reduce_* inputs).
  Optimizing cells in module \deadline_sequencer.
Performed a total of 0 changes.

3.9.5. Executing OPT_MERGE pass (detect identical cells).
Finding identical cells in module `\deadline_sequencer'.
Computing hashes of 211 cells of `\deadline_sequencer'.
Finding duplicate cells in `\deadline_sequencer'.
Removed a total of 0 cells.

3.9.6. Executing OPT_DFF pass (perform DFF optimizations).
Adding SRST signal on $procdff$380 ($dff) from module deadline_sequencer (D = \_49, Q = \_69, rval = 8'00000000).
Adding SRST signal on $procdff$379 ($dff) from module deadline_sequencer (D = \_2, Q = \_64, rval = 2'00).
Adding SRST signal on $procdff$378 ($dff) from module deadline_sequencer (D = \_248, Q = \_251, rval = 1'0).
Adding SRST signal on $procdff$377 ($dff) from module deadline_sequencer (D = \_10, Q = \_255, rval = 8'00000000).
Adding EN signal on $auto$ff.cc:337:slice$384 ($sdff) from module deadline_sequencer (D = \_271, Q = \_255).
Adding SRST signal on $procdff$376 ($dff) from module deadline_sequencer (D = \_12, Q = \_277, rval = 8'00000000).
Adding EN signal on $auto$ff.cc:337:slice$386 ($sdff) from module deadline_sequencer (D = \_12 [0], Q = \_277 [0]).
Adding EN signal on $auto$ff.cc:337:slice$386 ($sdff) from module deadline_sequencer (D = \_12 [1], Q = \_277 [1]).
Adding EN signal on $auto$ff.cc:337:slice$386 ($sdff) from module deadline_sequencer (D = \_12 [2], Q = \_277 [2]).
Adding EN signal on $auto$ff.cc:337:slice$386 ($sdff) from module deadline_sequencer (D = \_12 [3], Q = \_277 [3]).
Adding EN signal on $auto$ff.cc:337:slice$386 ($sdff) from module deadline_sequencer (D = \_12 [4], Q = \_277 [4]).
Adding EN signal on $auto$ff.cc:337:slice$386 ($sdff) from module deadline_sequencer (D = \_12 [5], Q = \_277 [5]).
Adding EN signal on $auto$ff.cc:337:slice$386 ($sdff) from module deadline_sequencer (D = \_12 [6], Q = \_277 [6]).
Adding EN signal on $auto$ff.cc:337:slice$386 ($sdff) from module deadline_sequencer (D = \_12 [7], Q = \_277 [7]).
Adding SRST signal on $procdff$375 ($dff) from module deadline_sequencer (D = \_14, Q = \_270, rval = 8'00000000).
Adding EN signal on $auto$ff.cc:337:slice$459 ($sdff) from module deadline_sequencer (D = \_19, Q = \_270).
Adding SRST signal on $procdff$374 ($dff) from module deadline_sequencer (D = \_15, Q = \_267, rval = 8'00000000).
Adding EN signal on $auto$ff.cc:337:slice$461 ($sdff) from module deadline_sequencer (D = \_19, Q = \_267).
Adding SRST signal on $procdff$373 ($dff) from module deadline_sequencer (D = \_16, Q = \_264, rval = 8'00000000).
Adding EN signal on $auto$ff.cc:337:slice$463 ($sdff) from module deadline_sequencer (D = \_19, Q = \_264).
Adding SRST signal on $procdff$372 ($dff) from module deadline_sequencer (D = \_20, Q = \_261, rval = 8'00000000).
Adding EN signal on $auto$ff.cc:337:slice$465 ($sdff) from module deadline_sequencer (D = \_19, Q = \_261).
Adding SRST signal on $procdff$371 ($dff) from module deadline_sequencer (D = \_21, Q = \_49, rval = 8'00000000).
Adding EN signal on $auto$ff.cc:337:slice$467 ($sdff) from module deadline_sequencer (D = \_21 [0], Q = \_49 [0]).
Adding EN signal on $auto$ff.cc:337:slice$467 ($sdff) from module deadline_sequencer (D = \_21 [1], Q = \_49 [1]).
Adding EN signal on $auto$ff.cc:337:slice$467 ($sdff) from module deadline_sequencer (D = \_21 [2], Q = \_49 [2]).
Adding EN signal on $auto$ff.cc:337:slice$467 ($sdff) from module deadline_sequencer (D = \_21 [3], Q = \_49 [3]).
Adding EN signal on $auto$ff.cc:337:slice$467 ($sdff) from module deadline_sequencer (D = \_21 [4], Q = \_49 [4]).
Adding EN signal on $auto$ff.cc:337:slice$467 ($sdff) from module deadline_sequencer (D = \_21 [5], Q = \_49 [5]).
Adding EN signal on $auto$ff.cc:337:slice$467 ($sdff) from module deadline_sequencer (D = \_21 [6], Q = \_49 [6]).
Adding EN signal on $auto$ff.cc:337:slice$467 ($sdff) from module deadline_sequencer (D = \_21 [7], Q = \_49 [7]).
Adding SRST signal on $procdff$370 ($dff) from module deadline_sequencer (D = \_25, Q = \_476, rval = 12'000000000000).
Adding EN signal on $auto$ff.cc:337:slice$524 ($sdff) from module deadline_sequencer (D = \_28, Q = \_476).
Adding SRST signal on $procdff$369 ($dff) from module deadline_sequencer (D = \_26, Q = \_480, rval = 12'000000000000).
Adding EN signal on $auto$ff.cc:337:slice$526 ($sdff) from module deadline_sequencer (D = \_28, Q = \_480).
Adding SRST signal on $procdff$368 ($dff) from module deadline_sequencer (D = \_27, Q = \_484, rval = 12'000000000000).
Adding EN signal on $auto$ff.cc:337:slice$528 ($sdff) from module deadline_sequencer (D = \_28, Q = \_484).
Adding SRST signal on $procdff$367 ($dff) from module deadline_sequencer (D = \_29, Q = \_490, rval = 12'000000000000).
Adding EN signal on $auto$ff.cc:337:slice$530 ($sdff) from module deadline_sequencer (D = \_28, Q = \_490).
Adding SRST signal on $procdff$366 ($dff) from module deadline_sequencer (D = \_30, Q = \_502, rval = 12'000000000000).
Adding EN signal on $auto$ff.cc:337:slice$532 ($sdff) from module deadline_sequencer (D = \_33, Q = \_502).
Adding SRST signal on $procdff$365 ($dff) from module deadline_sequencer (D = \_31, Q = \_506, rval = 12'000000000000).
Adding EN signal on $auto$ff.cc:337:slice$534 ($sdff) from module deadline_sequencer (D = \_33, Q = \_506).
Adding SRST signal on $procdff$364 ($dff) from module deadline_sequencer (D = \_32, Q = \_510, rval = 12'000000000000).
Adding EN signal on $auto$ff.cc:337:slice$536 ($sdff) from module deadline_sequencer (D = \_33, Q = \_510).
Adding SRST signal on $procdff$363 ($dff) from module deadline_sequencer (D = \_34, Q = \_518, rval = 12'000000000000).
Adding EN signal on $auto$ff.cc:337:slice$538 ($sdff) from module deadline_sequencer (D = \_33, Q = \_518).
Adding SRST signal on $procdff$362 ($dff) from module deadline_sequencer (D = \_36, Q = \_230, rval = 6'000000).
Adding EN signal on $auto$ff.cc:337:slice$540 ($sdff) from module deadline_sequencer (D = \_40, Q = \_230).
Adding SRST signal on $procdff$361 ($dff) from module deadline_sequencer (D = \_37, Q = \_233, rval = 6'000000).
Adding EN signal on $auto$ff.cc:337:slice$542 ($sdff) from module deadline_sequencer (D = \_40, Q = \_233).
Adding SRST signal on $procdff$360 ($dff) from module deadline_sequencer (D = \_38, Q = \_236, rval = 6'000000).
Adding EN signal on $auto$ff.cc:337:slice$544 ($sdff) from module deadline_sequencer (D = \_40, Q = \_236).
Adding SRST signal on $procdff$359 ($dff) from module deadline_sequencer (D = \_41, Q = \_239, rval = 6'000000).
Adding EN signal on $auto$ff.cc:337:slice$546 ($sdff) from module deadline_sequencer (D = \_40, Q = \_239).
Adding SRST signal on $procdff$358 ($dff) from module deadline_sequencer (D = \_44, Q = \_258, rval = 2'00).

3.9.7. Executing OPT_CLEAN pass (remove unused cells and wires).
Finding unused cells or wires in module \deadline_sequencer..
Removed 40 unused cells and 57 unused wires.
<suppressed ~75 debug messages>

3.9.8. Executing OPT_EXPR pass (perform const folding).
Optimizing module deadline_sequencer.
<suppressed ~40 debug messages>

3.9.9. Rerunning OPT passes. (Maybe there is more to do..)

3.9.10. Executing OPT_MUXTREE pass (detect dead branches in mux trees).
Running muxtree optimizer on module \deadline_sequencer..
  Creating internal representation of mux trees.
  Evaluating internal representation of mux trees.
  Analyzing evaluation results.
Removed 0 multiplexer ports.
<suppressed ~150 debug messages>

3.9.11. Executing OPT_REDUCE pass (consolidate $*mux and $reduce_* inputs).
  Optimizing cells in module \deadline_sequencer.
Performed a total of 0 changes.

3.9.12. Executing OPT_MERGE pass (detect identical cells).
Finding identical cells in module `\deadline_sequencer'.
Computing hashes of 241 cells of `\deadline_sequencer'.
Finding duplicate cells in `\deadline_sequencer'.
Computing hashes of 211 cells of `\deadline_sequencer'.
Finding duplicate cells in `\deadline_sequencer'.
<suppressed ~90 debug messages>
Removed a total of 30 cells.

3.9.13. Executing OPT_DFF pass (perform DFF optimizations).

3.9.14. Executing OPT_CLEAN pass (remove unused cells and wires).
Finding unused cells or wires in module \deadline_sequencer..
Removed 0 unused cells and 30 unused wires.
<suppressed ~1 debug messages>

3.9.15. Executing OPT_EXPR pass (perform const folding).
Optimizing module deadline_sequencer.

3.9.16. Rerunning OPT passes. (Maybe there is more to do..)

3.9.17. Executing OPT_MUXTREE pass (detect dead branches in mux trees).
Running muxtree optimizer on module \deadline_sequencer..
  Creating internal representation of mux trees.
  Evaluating internal representation of mux trees.
  Analyzing evaluation results.
Removed 0 multiplexer ports.
<suppressed ~150 debug messages>

3.9.18. Executing OPT_REDUCE pass (consolidate $*mux and $reduce_* inputs).
  Optimizing cells in module \deadline_sequencer.
Performed a total of 0 changes.

3.9.19. Executing OPT_MERGE pass (detect identical cells).
Finding identical cells in module `\deadline_sequencer'.
Computing hashes of 211 cells of `\deadline_sequencer'.
Finding duplicate cells in `\deadline_sequencer'.
Removed a total of 0 cells.

3.9.20. Executing OPT_DFF pass (perform DFF optimizations).

3.9.21. Executing OPT_CLEAN pass (remove unused cells and wires).
Finding unused cells or wires in module \deadline_sequencer..

3.9.22. Executing OPT_EXPR pass (perform const folding).
Optimizing module deadline_sequencer.

3.9.23. Finished fast OPT passes. (There is nothing left to do.)

3.10. Executing WREDUCE pass (reducing word size of cells).
Removed top 1 bits (of 2) from port A of cell deadline_sequencer.$lt$rtl/deadline_sequencer.v:493$1 ($lt).
Removed top 1 bits (of 2) from port A of cell deadline_sequencer.$lt$rtl/deadline_sequencer.v:498$3 ($lt).
Removed top 3 bits (of 4) from port B of cell deadline_sequencer.$eq$rtl/deadline_sequencer.v:632$67 ($eq).
Removed top 2 bits (of 3) from port B of cell deadline_sequencer.$eq$rtl/deadline_sequencer.v:721$87 ($eq).
Removed top 1 bits (of 3) from port B of cell deadline_sequencer.$eq$rtl/deadline_sequencer.v:725$89 ($eq).
Removed top 1 bits (of 3) from port B of cell deadline_sequencer.$eq$rtl/deadline_sequencer.v:729$91 ($eq).
Removed top 1 bits (of 4) from port B of cell deadline_sequencer.$eq$rtl/deadline_sequencer.v:927$160 ($eq).
Removed top 11 bits (of 12) from port B of cell deadline_sequencer.$sub$rtl/deadline_sequencer.v:1039$185 ($sub).
Removed top 2 bits (of 4) from port B of cell deadline_sequencer.$eq$rtl/deadline_sequencer.v:1043$188 ($eq).
Removed top 11 bits (of 12) from port B of cell deadline_sequencer.$sub$rtl/deadline_sequencer.v:1094$201 ($sub).
Removed top 1 bits (of 4) from port B of cell deadline_sequencer.$eq$rtl/deadline_sequencer.v:1100$205 ($eq).
Removed top 2 bits (of 4) from port B of cell deadline_sequencer.$eq$rtl/deadline_sequencer.v:1103$207 ($eq).
Removed top 1 bits (of 2) from port B of cell deadline_sequencer.$eq$rtl/deadline_sequencer.v:1149$222 ($eq).
Removed top 5 bits (of 6) from port B of cell deadline_sequencer.$add$rtl/deadline_sequencer.v:1170$226 ($add).
Removed top 1 bits (of 4) from port B of cell deadline_sequencer.$eq$rtl/deadline_sequencer.v:1184$235 ($eq).
Removed top 1 bits (of 4) from port B of cell deadline_sequencer.$eq$rtl/deadline_sequencer.v:1188$237 ($eq).
Removed top 1 bits (of 2) from port B of cell deadline_sequencer.$add$rtl/deadline_sequencer.v:1213$243 ($add).
Removed top 1 bits (of 2) from port B of cell deadline_sequencer.$procmux$252_CMP0 ($eq).

3.11. Executing PEEPOPT pass (run peephole optimizers).

3.12. Executing OPT_CLEAN pass (remove unused cells and wires).
Finding unused cells or wires in module \deadline_sequencer..

3.13. Executing ALUMACC pass (create $alu and $macc cells).
Extracting $alu and $macc cells in module deadline_sequencer:
  creating $macc model for $add$rtl/deadline_sequencer.v:1170$226 ($add).
  creating $macc model for $add$rtl/deadline_sequencer.v:1213$243 ($add).
  creating $macc model for $sub$rtl/deadline_sequencer.v:1039$185 ($sub).
  creating $macc model for $sub$rtl/deadline_sequencer.v:1094$201 ($sub).
  creating $alu model for $macc $sub$rtl/deadline_sequencer.v:1094$201.
  creating $alu model for $macc $sub$rtl/deadline_sequencer.v:1039$185.
  creating $alu model for $macc $add$rtl/deadline_sequencer.v:1213$243.
  creating $alu model for $macc $add$rtl/deadline_sequencer.v:1170$226.
  creating $alu model for $lt$rtl/deadline_sequencer.v:493$1 ($lt): new $alu
  creating $alu model for $lt$rtl/deadline_sequencer.v:498$3 ($lt): new $alu
  creating $alu model for $lt$rtl/deadline_sequencer.v:503$5 ($lt): new $alu
  creating $alu model for $lt$rtl/deadline_sequencer.v:508$7 ($lt): new $alu
  creating $alu cell for $lt$rtl/deadline_sequencer.v:508$7: $auto$alumacc.cc:512:replace_alu$553
  creating $alu cell for $lt$rtl/deadline_sequencer.v:503$5: $auto$alumacc.cc:512:replace_alu$558
  creating $alu cell for $lt$rtl/deadline_sequencer.v:498$3: $auto$alumacc.cc:512:replace_alu$563
  creating $alu cell for $lt$rtl/deadline_sequencer.v:493$1: $auto$alumacc.cc:512:replace_alu$568
  creating $alu cell for $add$rtl/deadline_sequencer.v:1170$226: $auto$alumacc.cc:512:replace_alu$573
  creating $alu cell for $add$rtl/deadline_sequencer.v:1213$243: $auto$alumacc.cc:512:replace_alu$576
  creating $alu cell for $sub$rtl/deadline_sequencer.v:1039$185: $auto$alumacc.cc:512:replace_alu$579
  creating $alu cell for $sub$rtl/deadline_sequencer.v:1094$201: $auto$alumacc.cc:512:replace_alu$582
  created 8 $alu and 0 $macc cells.

3.14. Executing SHARE pass (SAT-based resource sharing).

3.15. Executing OPT pass (performing simple optimizations).

3.15.1. Executing OPT_EXPR pass (perform const folding).
Optimizing module deadline_sequencer.
<suppressed ~32 debug messages>

3.15.2. Executing OPT_MERGE pass (detect identical cells).
Finding identical cells in module `\deadline_sequencer'.
Computing hashes of 215 cells of `\deadline_sequencer'.
Finding duplicate cells in `\deadline_sequencer'.
Removed a total of 0 cells.

3.15.3. Executing OPT_MUXTREE pass (detect dead branches in mux trees).
Running muxtree optimizer on module \deadline_sequencer..
  Creating internal representation of mux trees.
  Evaluating internal representation of mux trees.
  Analyzing evaluation results.
Removed 0 multiplexer ports.
<suppressed ~150 debug messages>

3.15.4. Executing OPT_REDUCE pass (consolidate $*mux and $reduce_* inputs).
  Optimizing cells in module \deadline_sequencer.
Performed a total of 0 changes.

3.15.5. Executing OPT_MERGE pass (detect identical cells).
Finding identical cells in module `\deadline_sequencer'.
Computing hashes of 215 cells of `\deadline_sequencer'.
Finding duplicate cells in `\deadline_sequencer'.
Removed a total of 0 cells.

3.15.6. Executing OPT_DFF pass (perform DFF optimizations).

3.15.7. Executing OPT_CLEAN pass (remove unused cells and wires).
Finding unused cells or wires in module \deadline_sequencer..
Removed 4 unused cells and 36 unused wires.
<suppressed ~37 debug messages>

3.15.8. Executing OPT_EXPR pass (perform const folding).
Optimizing module deadline_sequencer.

3.15.9. Rerunning OPT passes. (Maybe there is more to do..)

3.15.10. Executing OPT_MUXTREE pass (detect dead branches in mux trees).
Running muxtree optimizer on module \deadline_sequencer..
  Creating internal representation of mux trees.
  Evaluating internal representation of mux trees.
  Analyzing evaluation results.
Removed 0 multiplexer ports.
<suppressed ~150 debug messages>

3.15.11. Executing OPT_REDUCE pass (consolidate $*mux and $reduce_* inputs).
  Optimizing cells in module \deadline_sequencer.
Performed a total of 0 changes.

3.15.12. Executing OPT_MERGE pass (detect identical cells).
Finding identical cells in module `\deadline_sequencer'.
Computing hashes of 211 cells of `\deadline_sequencer'.
Finding duplicate cells in `\deadline_sequencer'.
Removed a total of 0 cells.

3.15.13. Executing OPT_DFF pass (perform DFF optimizations).

3.15.14. Executing OPT_CLEAN pass (remove unused cells and wires).
Finding unused cells or wires in module \deadline_sequencer..

3.15.15. Executing OPT_EXPR pass (perform const folding).
Optimizing module deadline_sequencer.

3.15.16. Finished fast OPT passes. (There is nothing left to do.)

3.16. Executing MEMORY pass.

3.16.1. Executing OPT_MEM pass (optimize memories).
Performed a total of 0 transformations.

3.16.2. Executing OPT_MEM_PRIORITY pass (removing unnecessary memory write priority relations).
Performed a total of 0 transformations.

3.16.3. Executing OPT_MEM_FEEDBACK pass (finding memory read-to-write feedback paths).

3.16.4. Executing MEMORY_BMUX2ROM pass (converting muxes to ROMs).

3.16.5. Executing MEMORY_DFF pass (merging $dff cells to $memrd).

3.16.6. Executing OPT_CLEAN pass (remove unused cells and wires).
Finding unused cells or wires in module \deadline_sequencer..

3.16.7. Executing MEMORY_SHARE pass (consolidating $memrd/$memwr cells).

3.16.8. Executing OPT_MEM_WIDEN pass (optimize memories where all ports are wide).
Performed a total of 0 transformations.

3.16.9. Executing OPT_CLEAN pass (remove unused cells and wires).
Finding unused cells or wires in module \deadline_sequencer..

3.16.10. Executing MEMORY_COLLECT pass (generating $mem cells).

3.17. Executing OPT_CLEAN pass (remove unused cells and wires).
Finding unused cells or wires in module \deadline_sequencer..

3.18. Executing OPT pass (performing simple optimizations).

3.18.1. Executing OPT_EXPR pass (perform const folding).
Optimizing module deadline_sequencer.
<suppressed ~43 debug messages>

3.18.2. Executing OPT_MERGE pass (detect identical cells).
Finding identical cells in module `\deadline_sequencer'.
Computing hashes of 176 cells of `\deadline_sequencer'.
Finding duplicate cells in `\deadline_sequencer'.
Computing hashes of 175 cells of `\deadline_sequencer'.
Finding duplicate cells in `\deadline_sequencer'.
<suppressed ~3 debug messages>
Removed a total of 1 cells.

3.18.3. Executing OPT_DFF pass (perform DFF optimizations).

3.18.4. Executing OPT_CLEAN pass (remove unused cells and wires).
Finding unused cells or wires in module \deadline_sequencer..
Removed 2 unused cells and 7 unused wires.
<suppressed ~3 debug messages>

3.18.5. Finished fast OPT passes.

3.19. Executing MEMORY_MAP pass (converting memories to logic and flip-flops).

3.20. Executing OPT pass (performing simple optimizations).

3.20.1. Executing OPT_EXPR pass (perform const folding).
Optimizing module deadline_sequencer.

3.20.2. Executing OPT_MERGE pass (detect identical cells).
Finding identical cells in module `\deadline_sequencer'.
Computing hashes of 173 cells of `\deadline_sequencer'.
Finding duplicate cells in `\deadline_sequencer'.
Removed a total of 0 cells.

3.20.3. Executing OPT_MUXTREE pass (detect dead branches in mux trees).
Running muxtree optimizer on module \deadline_sequencer..
  Creating internal representation of mux trees.
  Evaluating internal representation of mux trees.
  Analyzing evaluation results.
Removed 0 multiplexer ports.
<suppressed ~102 debug messages>

3.20.4. Executing OPT_REDUCE pass (consolidate $*mux and $reduce_* inputs).
  Optimizing cells in module \deadline_sequencer.
    Consolidated identical input bits for $mux cell $ternary$rtl/deadline_sequencer.v:964$168:
      Old ports: A={ \_285 \_285 \_285 \_285 \_285 \_285 \_285 \_285 }, B=8'00000000, Y=\_463
      New ports: A=\_285, B=1'0, Y=\_463 [0]
      New connections: \_463 [7:1] = { \_463 [0] \_463 [0] \_463 [0] \_463 [0] \_463 [0] \_463 [0] \_463 [0] }
  Optimizing cells in module \deadline_sequencer.
Performed a total of 1 changes.

3.20.5. Executing OPT_MERGE pass (detect identical cells).
Finding identical cells in module `\deadline_sequencer'.
Computing hashes of 173 cells of `\deadline_sequencer'.
Finding duplicate cells in `\deadline_sequencer'.
Removed a total of 0 cells.

3.20.6. Executing OPT_SHARE pass.

3.20.7. Executing OPT_DFF pass (perform DFF optimizations).

3.20.8. Executing OPT_CLEAN pass (remove unused cells and wires).
Finding unused cells or wires in module \deadline_sequencer..

3.20.9. Executing OPT_EXPR pass (perform const folding).
Optimizing module deadline_sequencer.

3.20.10. Rerunning OPT passes. (Maybe there is more to do..)

3.20.11. Executing OPT_MUXTREE pass (detect dead branches in mux trees).
Running muxtree optimizer on module \deadline_sequencer..
  Creating internal representation of mux trees.
  Evaluating internal representation of mux trees.
  Analyzing evaluation results.
Removed 0 multiplexer ports.
<suppressed ~102 debug messages>

3.20.12. Executing OPT_REDUCE pass (consolidate $*mux and $reduce_* inputs).
  Optimizing cells in module \deadline_sequencer.
Performed a total of 0 changes.

3.20.13. Executing OPT_MERGE pass (detect identical cells).
Finding identical cells in module `\deadline_sequencer'.
Computing hashes of 173 cells of `\deadline_sequencer'.
Finding duplicate cells in `\deadline_sequencer'.
Removed a total of 0 cells.

3.20.14. Executing OPT_SHARE pass.

3.20.15. Executing OPT_DFF pass (perform DFF optimizations).

3.20.16. Executing OPT_CLEAN pass (remove unused cells and wires).
Finding unused cells or wires in module \deadline_sequencer..

3.20.17. Executing OPT_EXPR pass (perform const folding).
Optimizing module deadline_sequencer.

3.20.18. Finished fast OPT passes. (There is nothing left to do.)

3.21. Executing TECHMAP pass (map to technology primitives).

3.21.1. Executing Verilog-2005 frontend: /nix/store/f1q0w7rd0a4ny4hqvfxlhs4cmariidcy-yosys-0.62/bin/../share/yosys/techmap.v
Parsing Verilog input from `/nix/store/f1q0w7rd0a4ny4hqvfxlhs4cmariidcy-yosys-0.62/bin/../share/yosys/techmap.v' to AST representation.
Generating RTLIL representation for module `\_90_simplemap_bool_ops'.
Generating RTLIL representation for module `\_90_simplemap_reduce_ops'.
Generating RTLIL representation for module `\_90_simplemap_logic_ops'.
Generating RTLIL representation for module `\_90_simplemap_compare_ops'.
Generating RTLIL representation for module `\_90_simplemap_various'.
Generating RTLIL representation for module `\_90_simplemap_registers'.
Generating RTLIL representation for module `\_90_shift_ops_shr_shl_sshl_sshr'.
Generating RTLIL representation for module `\_90_shift_shiftx'.
Generating RTLIL representation for module `\_90_fa'.
Generating RTLIL representation for module `\_90_lcu_brent_kung'.
Generating RTLIL representation for module `\_90_alu'.
Generating RTLIL representation for module `\_90_macc'.
Generating RTLIL representation for module `\_90_alumacc'.
Generating RTLIL representation for module `$__div_mod_u'.
Generating RTLIL representation for module `$__div_mod_trunc'.
Generating RTLIL representation for module `\_90_div'.
Generating RTLIL representation for module `\_90_mod'.
Generating RTLIL representation for module `$__div_mod_floor'.
Generating RTLIL representation for module `\_90_divfloor'.
Generating RTLIL representation for module `\_90_modfloor'.
Generating RTLIL representation for module `\_90_pow'.
Generating RTLIL representation for module `\_90_pmux'.
Generating RTLIL representation for module `\_90_demux'.
Generating RTLIL representation for module `\_90_lut'.
Generating RTLIL representation for module `$connect'.
Generating RTLIL representation for module `$input_port'.
Successfully finished Verilog frontend.

3.21.2. Continuing TECHMAP pass.
Using template $paramod$c654a831025ee805eb993d5880de10a3d616cd3b\_90_pmux for cells of type $pmux.
Using template $paramod$6831557730818fb92b11a295f9eb33ff8fa62af1\_90_alu for cells of type $alu.
Using template $paramod$175e67c02b86e96b1288b9dc100122520d7240d8\_90_alu for cells of type $alu.
Using template $paramod$c15e84c77f007506123baf6c4be45847f0e33a3b\_90_pmux for cells of type $pmux.
Using template $paramod$32efbfac1c4dc57230cf86180788fdfd12e3b511\_90_alu for cells of type $alu.
Using template $paramod$adbaf76fa5a3091a329503792521395f8ff4d1a4\_90_alu for cells of type $alu.
Using template $paramod$7e708ae28ab761f11d0fb59d3ffc72f6a4baf5d9\_90_alu for cells of type $alu.
Using extmapper simplemap for cells of type $sdff.
Using extmapper simplemap for cells of type $sdffe.
Using extmapper simplemap for cells of type $reduce_and.
Using extmapper simplemap for cells of type $reduce_bool.
Using extmapper simplemap for cells of type $mux.
Using extmapper simplemap for cells of type $eq.
Using extmapper simplemap for cells of type $and.
Using extmapper simplemap for cells of type $not.
Using extmapper simplemap for cells of type $or.
Using extmapper simplemap for cells of type $logic_not.
Using template $paramod$bf541dd3c0ba8228982b61e7bfbc350a2c253f4c\_90_pmux for cells of type $pmux.
Using template $paramod$645fe0cc96ae5edb83bff90cc2c78f4a20ca3e3c\_90_pmux for cells of type $pmux.
Using template $paramod$33afdd83bf3811dac2de7a968d39eea5718691bc\_90_pmux for cells of type $pmux.
Using extmapper simplemap for cells of type $pos.
Using template $paramod\_90_fa\WIDTH=32'00000000000000000000000000000010 for cells of type $fa.
Using template $paramod\_90_lcu_brent_kung\WIDTH=32'00000000000000000000000000000010 for cells of type $lcu.
Using extmapper simplemap for cells of type $xor.
Using template $paramod\_90_fa\WIDTH=32'00000000000000000000000000000110 for cells of type $fa.
Using template $paramod\_90_lcu_brent_kung\WIDTH=32'00000000000000000000000000000110 for cells of type $lcu.
Using extmapper simplemap for cells of type $reduce_or.
Using template $paramod\_90_fa\WIDTH=32'00000000000000000000000000001100 for cells of type $fa.
Using template $paramod\_90_lcu_brent_kung\WIDTH=32'00000000000000000000000000001100 for cells of type $lcu.
Using template $paramod\_90_fa\WIDTH=32'00000000000000000000000000000001 for cells of type $fa.
Using template $paramod\_90_lcu_brent_kung\WIDTH=32'00000000000000000000000000000001 for cells of type $lcu.
No more expansions possible.
<suppressed ~1201 debug messages>

3.22. Executing OPT pass (performing simple optimizations).

3.22.1. Executing OPT_EXPR pass (perform const folding).
Optimizing module deadline_sequencer.
<suppressed ~713 debug messages>

3.22.2. Executing OPT_MERGE pass (detect identical cells).
Finding identical cells in module `\deadline_sequencer'.
Computing hashes of 1207 cells of `\deadline_sequencer'.
Finding duplicate cells in `\deadline_sequencer'.
Computing hashes of 1140 cells of `\deadline_sequencer'.
Finding duplicate cells in `\deadline_sequencer'.
Computing hashes of 1118 cells of `\deadline_sequencer'.
Finding duplicate cells in `\deadline_sequencer'.
Computing hashes of 1117 cells of `\deadline_sequencer'.
Finding duplicate cells in `\deadline_sequencer'.
<suppressed ~270 debug messages>
Removed a total of 90 cells.

3.22.3. Executing OPT_DFF pass (perform DFF optimizations).

3.22.4. Executing OPT_CLEAN pass (remove unused cells and wires).
Finding unused cells or wires in module \deadline_sequencer..
Removed 39 unused cells and 722 unused wires.
<suppressed ~56 debug messages>

3.22.5. Finished fast OPT passes.

3.23. Executing ABC pass (technology mapping using ABC).

3.23.1. Extracting gate netlist of module `\deadline_sequencer' to `<abc-temp-dir>/input.blif'..

3.23.1.1. Executed ABC.
Extracted 889 gates and 1135 wires to a netlist network with 245 inputs and 119 outputs.
Running ABC script: <abc-temp-dir>/abc.script
ABC: ======== ABC command line "source <abc-temp-dir>/abc.script"
ABC: + read_blif <abc-temp-dir>/input.blif 
ABC: + read_library /tmp/yosys-abc-kGQbvT/stdcells.genlib 
ABC: + strash 
ABC: + dretime 
ABC: + map 
ABC: + write_blif <abc-temp-dir>/output.blif 

3.23.1.2. Re-integrating ABC results.
ABC RESULTS:               AND cells:       31
ABC RESULTS:            ANDNOT cells:      232
ABC RESULTS:               MUX cells:      293
ABC RESULTS:              NAND cells:       10
ABC RESULTS:               NOR cells:       19
ABC RESULTS:               NOT cells:       33
ABC RESULTS:                OR cells:      127
ABC RESULTS:             ORNOT cells:       18
ABC RESULTS:              XNOR cells:        3
ABC RESULTS:               XOR cells:       30
ABC RESULTS:        internal signals:      771
ABC RESULTS:           input signals:      245
ABC RESULTS:          output signals:      119
Removing temp directory.
Removing global temp directory.

3.24. Executing OPT pass (performing simple optimizations).

3.24.1. Executing OPT_EXPR pass (perform const folding).
Optimizing module deadline_sequencer.
<suppressed ~57 debug messages>

3.24.2. Executing OPT_MERGE pass (detect identical cells).
Finding identical cells in module `\deadline_sequencer'.
Computing hashes of 985 cells of `\deadline_sequencer'.
Finding duplicate cells in `\deadline_sequencer'.
Computing hashes of 973 cells of `\deadline_sequencer'.
Finding duplicate cells in `\deadline_sequencer'.
<suppressed ~36 debug messages>
Removed a total of 12 cells.

3.24.3. Executing OPT_DFF pass (perform DFF optimizations).

3.24.4. Executing OPT_CLEAN pass (remove unused cells and wires).
Finding unused cells or wires in module \deadline_sequencer..
Removed 3 unused cells and 678 unused wires.
<suppressed ~109 debug messages>

3.24.5. Finished fast OPT passes.

3.25. Executing HIERARCHY pass (managing design hierarchy).
Attribute `top' found on module `deadline_sequencer'. Setting top module to deadline_sequencer.

3.25.1. Analyzing design hierarchy..
Top module:  \deadline_sequencer

3.25.2. Analyzing design hierarchy..
Top module:  \deadline_sequencer
Removed 0 unused modules.

3.26. Printing statistics.

=== deadline_sequencer ===

        +----------Local Count, excluding submodules.
        | 
      965 wires
     1735 wire bits
      282 public wires
     1052 public wire bits
       15 ports
      157 port bits
      970 cells
      227   $_ANDNOT_
       31   $_AND_
      293   $_MUX_
        9   $_NAND_
       19   $_NOR_
       30   $_NOT_
       17   $_ORNOT_
      122   $_OR_
      152   $_SDFFE_PP0N_
       24   $_SDFFE_PP0P_
       13   $_SDFF_PP0_
        3   $_XNOR_
       30   $_XOR_

3.27. Executing CHECK pass (checking for obvious problems).
Checking module deadline_sequencer...
Found and reported 0 problems.

4. Executing DFFLIBMAP pass (mapping DFF cells to sequential cells from liberty file).
  cell sg13g2_dfrbpq_1 (noninv, pins=4, area=48.99) is a direct match for cell type $_DFF_PN0_.
  final dff cell mappings:
    unmapped dff cell: $_DFF_N_
    unmapped dff cell: $_DFF_P_
    unmapped dff cell: $_DFF_NN0_
    unmapped dff cell: $_DFF_NN1_
    unmapped dff cell: $_DFF_NP0_
    unmapped dff cell: $_DFF_NP1_
    \sg13g2_dfrbpq_1 _DFF_PN0_ (.CLK( C), .D( D), .Q( Q), .RESET_B( R));
    unmapped dff cell: $_DFF_PN1_
    unmapped dff cell: $_DFF_PP0_
    unmapped dff cell: $_DFF_PP1_
    unmapped dff cell: $_DFFE_NN_
    unmapped dff cell: $_DFFE_NP_
    unmapped dff cell: $_DFFE_PN_
    unmapped dff cell: $_DFFE_PP_
    unmapped dff cell: $_DFFSR_NNN_
    unmapped dff cell: $_DFFSR_NNP_
    unmapped dff cell: $_DFFSR_NPN_
    unmapped dff cell: $_DFFSR_NPP_
    unmapped dff cell: $_DFFSR_PNN_
    unmapped dff cell: $_DFFSR_PNP_
    unmapped dff cell: $_DFFSR_PPN_
    unmapped dff cell: $_DFFSR_PPP_

4.1. Executing DFFLEGALIZE pass (convert FFs to types supported by the target).
<suppressed ~4 debug messages>
Mapping DFF cells in module `\deadline_sequencer':
  mapped 189 $_DFF_PN0_ cells to \sg13g2_dfrbpq_1 cells.

5. Executing ABC pass (technology mapping using ABC).

5.1. Extracting gate netlist of module `\deadline_sequencer' to `<abc-temp-dir>/input.blif'..

5.1.1. Executed ABC.
Extracted 1146 gates and 1401 wires to a netlist network with 254 inputs and 222 outputs.
Running ABC script: <abc-temp-dir>/abc.script
ABC: ======== ABC command line "source <abc-temp-dir>/abc.script"
ABC: + read_blif <abc-temp-dir>/input.blif 
ABC: + read_lib -w /home/matthias/.ciel/ihp-sg13g2/ihp-sg13g2/libs.ref/sg13g2_stdcell/lib/sg13g2_stdcell_typ_1p20V_25C.lib 
ABC: Parsing finished successfully.  Parsing time =     0.01 sec
ABC: Scl_LibertyReadGenlib() skipped cell "sg13g2_antennanp" due to dont_use attribute.
ABC: Scl_LibertyReadGenlib() skipped cell "sg13g2_decap_4" due to dont_use attribute.
ABC: Scl_LibertyReadGenlib() skipped cell "sg13g2_decap_8" due to dont_use attribute.
ABC: Scl_LibertyReadGenlib() skipped sequential cell "sg13g2_dfrbp_1".
ABC: Scl_LibertyReadGenlib() skipped sequential cell "sg13g2_dfrbp_2".
ABC: Scl_LibertyReadGenlib() skipped sequential cell "sg13g2_dfrbpq_1".
ABC: Scl_LibertyReadGenlib() skipped sequential cell "sg13g2_dfrbpq_2".
ABC: Scl_LibertyReadGenlib() skipped sequential cell "sg13g2_dlhq_1".
ABC: Scl_LibertyReadGenlib() skipped sequential cell "sg13g2_dlhr_1".
ABC: Scl_LibertyReadGenlib() skipped sequential cell "sg13g2_dlhrq_1".
ABC: Scl_LibertyReadGenlib() skipped sequential cell "sg13g2_dllr_1".
ABC: Scl_LibertyReadGenlib() skipped sequential cell "sg13g2_dllrq_1".
ABC: Scl_LibertyReadGenlib() skipped three-state cell "sg13g2_ebufn_2".
ABC: Scl_LibertyReadGenlib() skipped three-state cell "sg13g2_ebufn_4".
ABC: Scl_LibertyReadGenlib() skipped three-state cell "sg13g2_ebufn_8".
ABC: Scl_LibertyReadGenlib() skipped three-state cell "sg13g2_einvn_2".
ABC: Scl_LibertyReadGenlib() skipped three-state cell "sg13g2_einvn_4".
ABC: Scl_LibertyReadGenlib() skipped three-state cell "sg13g2_einvn_8".
ABC: Scl_LibertyReadGenlib() skipped cell "sg13g2_fill_1" due to dont_use attribute.
ABC: Scl_LibertyReadGenlib() skipped cell "sg13g2_fill_2" due to dont_use attribute.
ABC: Scl_LibertyReadGenlib() skipped cell "sg13g2_fill_4" due to dont_use attribute.
ABC: Scl_LibertyReadGenlib() skipped cell "sg13g2_fill_8" due to dont_use attribute.
ABC: Scl_LibertyReadGenlib() skipped cell "sg13g2_lgcp_1" due to dont_use attribute.
ABC: Scl_LibertyReadGenlib() skipped sequential cell "sg13g2_sdfbbp_1".
ABC: Scl_LibertyReadGenlib() skipped sequential cell "sg13g2_sdfrbp_1".
ABC: Scl_LibertyReadGenlib() skipped sequential cell "sg13g2_sdfrbp_2".
ABC: Scl_LibertyReadGenlib() skipped sequential cell "sg13g2_sdfrbpq_1".
ABC: Scl_LibertyReadGenlib() skipped sequential cell "sg13g2_sdfrbpq_2".
ABC: Scl_LibertyReadGenlib() skipped cell "sg13g2_sighold" due to dont_use attribute.
ABC: Scl_LibertyReadGenlib() skipped cell "sg13g2_slgcp_1" due to dont_use attribute.
ABC: Library "sg13g2_stdcell_typ_1p20V_25C" from "/home/matthias/.ciel/ihp-sg13g2/ihp-sg13g2/libs.ref/sg13g2_stdcell/lib/sg13g2_stdcell_typ_1p20V_25C.lib" has 54 cells (30 skipped: 14 seq; 6 tri-state; 0 no func; 10 dont_use; 0 with 2 outputs; 0 with 3+ outputs).  Time =     0.02 sec
ABC: Memory =    2.85 MB. Time =     0.02 sec
ABC: + strash 
ABC: + &get -n 
ABC: + &fraig -x 
ABC: + &put 
ABC: + scorr 
ABC: Warning: The network is combinational (run "fraig" or "fraig_sweep").
ABC: + dc2 
ABC: + dretime 
ABC: + strash 
ABC: + &get -n 
ABC: + &dch -f 
ABC: + &nf 
ABC: + &put 
ABC: + write_blif <abc-temp-dir>/output.blif 

5.1.2. Re-integrating ABC results.
ABC RESULTS:     sg13g2_a21o_1 cells:        9
ABC RESULTS:    sg13g2_a21oi_1 cells:      225
ABC RESULTS:   sg13g2_a221oi_1 cells:       12
ABC RESULTS:    sg13g2_a22oi_1 cells:      100
ABC RESULTS:     sg13g2_and2_1 cells:       12
ABC RESULTS:     sg13g2_and3_1 cells:        5
ABC RESULTS:     sg13g2_and4_1 cells:        2
ABC RESULTS:      sg13g2_inv_1 cells:       92
ABC RESULTS:     sg13g2_mux2_1 cells:       38
ABC RESULTS:     sg13g2_mux4_1 cells:       20
ABC RESULTS:    sg13g2_nand2_1 cells:       70
ABC RESULTS:   sg13g2_nand2b_1 cells:       14
ABC RESULTS:    sg13g2_nand3_1 cells:       19
ABC RESULTS:   sg13g2_nand3b_1 cells:        2
ABC RESULTS:    sg13g2_nand4_1 cells:        6
ABC RESULTS:     sg13g2_nor2_1 cells:       63
ABC RESULTS:    sg13g2_nor2b_1 cells:       24
ABC RESULTS:     sg13g2_nor3_1 cells:        9
ABC RESULTS:     sg13g2_nor4_1 cells:        7
ABC RESULTS:    sg13g2_o21ai_1 cells:      226
ABC RESULTS:      sg13g2_or2_1 cells:        9
ABC RESULTS:    sg13g2_xnor2_1 cells:       12
ABC RESULTS:     sg13g2_xor2_1 cells:        9
ABC RESULTS:        internal signals:      925
ABC RESULTS:           input signals:      254
ABC RESULTS:          output signals:      222
Removing temp directory.
Removing global temp directory.

6. Executing OPT_CLEAN pass (remove unused cells and wires).
Finding unused cells or wires in module \deadline_sequencer..
Removed 0 unused cells and 1368 unused wires.
<suppressed ~34 debug messages>

7. Printing statistics.

=== deadline_sequencer ===

        +----------Local Count, excluding submodules.
        |        +-Local Area, excluding submodules.
        |        | 
     1201        - wires
     1800        - wire bits
      249        - public wires
      848        - public wire bits
       15        - ports
      157        - port bits
     1174  1.9E+04 cells
        9  114.307   sg13g2_a21o_1
      225   2041.2   sg13g2_a21oi_1
       12  174.182   sg13g2_a221oi_1
      100  1084.86   sg13g2_a22oi_1
       12  108.864   sg13g2_and2_1
        5   63.504   sg13g2_and3_1
        2    29.03   sg13g2_and4_1
      189 9.26E+03   sg13g2_dfrbpq_1
       92  500.774   sg13g2_inv_1
       38  689.472   sg13g2_mux2_1
       20  762.048   sg13g2_mux4_1
       70  508.032   sg13g2_nand2_1
       14  127.008   sg13g2_nand2b_1
       19  172.368   sg13g2_nand3_1
        2   25.402   sg13g2_nand3b_1
        6   65.318   sg13g2_nand4_1
       63  457.229   sg13g2_nor2_1
       24  217.728   sg13g2_nor2b_1
        9   81.648   sg13g2_nor3_1
        7   76.205   sg13g2_nor4_1
      226 2.05E+03   sg13g2_o21ai_1
        9   81.648   sg13g2_or2_1
       12  174.182   sg13g2_xnor2_1
        9  130.637   sg13g2_xor2_1

   Chip area for module '\deadline_sequencer': 18994.802400
     of which used for sequential elements: 9258.883200 (48.74%)

8. Executing Verilog backend.

8.1. Executing BMUXMAP pass.

8.2. Executing DEMUXMAP pass.
Dumping module `\deadline_sequencer'.

End of script. Logfile hash: 0301e4bf8b, CPU: user 0.39s system 0.05s, MEM: 32.38 MB peak
Yosys 0.62 (git sha1 7326bb7d6641500ecb285c291a54a662cb1e76cf, clang++ 21.1.2 -fPIC -O3)
Time spent: 47% 2x abc (0 sec), 11% 23x opt_clean (0 sec), ...
