R 246159762962 1 72 20 129
R 1009743889894 1 72 39 198
R 1621837985139 1 72 8 19
R 2482475396032 1 72 102 228
R 3143339594144 0 72 195 226
R 3878309835884 0 72 157 181
R 4447231954617 1 72 226 155
R 5106832452379 0 72 252 69
R 5943391232418 0 72 144 89
R 6598430254611 1 72 224 107
R 7337491470052 0 72 33 8
R 8030139471195 0 33 181 1
R 8785566176697 1 72 204 47
R 9432512742294 0 72 96 205
R 10052851453259 1 72 119 178
R 10798394669912 1 72 94 90
R 11527222962984 1 72 250 36
R 12269024949412 0 33 159 144
R 12831861224224 0 72 67 147
R 13644195325435 1 72 49 192
R 14314776561209 0 33 33 168
R 15027038017058 1 72 133 207
R 15602518178269 1 33 138 127
R 16349426429909 1 72 64 84
R 17050522933138 0 72 82 96
R 17745149792769 1 72 141 147
R 18490572222598 0 72 214 126
R 19219228968553 1 33 117 32
R 19829193855300 0 72 172 166
R 20671902370719 1 72 94 158
R 21254430177792 1 72 4 238
R 21983450502691 1 72 203 204
R 22628071009343 0 72 145 227
R 23425298669615 1 72 224 237
R 24056698776943 1 72 7 162
R 24849411980507 1 72 130 189
R 25492683499267 0 72 13 58
R 26134554267178 1 33 14 35
R 26892497146832 1 72 146 104
R 27645958209521 1 72 159 120
F 248133338296 1 0
F 254866671764 0 0
F 270933338752 0 146
F 288933339112 0 3
F 303466672736 0 200
F 321400006428 0 10
F 339400006788 0 64
F 355400007108 0 151
F 371400007428 0 158
F 391600007832 4 0
F 1011933353572 1 0
F 1018666687040 0 248
F 1034733354028 0 146
F 1052733354388 0 3
F 1067266688012 0 200
F 1085266688372 0 19
F 1103200022064 0 227
F 1119200022384 0 100
F 1137200022744 0 252
F 1157400023148 4 0
F 1623733365808 1 0
F 1630466699276 0 248
F 1646600032932 0 146
F 1664600033292 0 3
F 1679066700248 0 200
F 1697066700608 0 4
F 1715066700968 0 9
F 1731066701288 0 199
F 1747000034940 0 26
F 1767200035344 4 0
F 2483333383000 1 0
F 2490066716468 0 248
F 2506200050124 0 146
F 2524200050484 0 3
F 2538666717440 0 200
F 2556666717800 0 51
F 2572666718120 0 114
F 2588666718440 0 41
F 2604600052092 0 90
F 2624800052496 4 0
F 3145133396236 1 0
F 3151866729704 0 248
F 3167933396692 0 145
F 3185933397052 0 131
F 3200466730676 0 200
F 3216466730996 0 97
F 3232466731316 0 200
F 3248400064968 0 161
F 3266400065328 0 244
F 3286600065732 4 0
F 3880800077616 1 0
F 3887533411084 0 248
F 3903666744740 0 145
F 3921666745100 0 131
F 3936200078724 0 200
F 3952133412376 0 78
F 3968133412696 0 200
F 3984133413016 0 225
F 4000133413336 0 143
F 4020333413740 4 0
F 4448800088976 1 0
F 4455533422444 0 248
F 4471666756100 0 146
F 4489666756460 0 3
F 4504200090084 0 200
F 4520133423736 0 113
F 4536133424056 0 77
F 4552133424376 0 237
F 4568133424696 0 229
F 4588333425100 4 0
F 5108733435508 1 0
F 5115466768976 0 248
F 5131600102632 0 145
F 5149533436324 0 131
F 5164066769948 0 200
F 5182066770308 0 126
F 5198066770628 0 72
F 5214000104280 0 213
F 5230000104600 0 98
F 5250200105004 4 0
F 5944333452220 1 0
F 5951066785688 0 248
F 5967200119344 0 145
F 5985200119704 0 131
F 5999666786660 0 200
F 6015666786980 0 72
F 6031466787296 0 72
F 6049533454324 0 130
F 6065533454644 0 101
F 6085733455048 4 0
F 6600133465336 1 0
F 6606866798804 0 248
F 6623000132460 0 146
F 6640933466152 0 3
F 6655466799776 0 200
F 6671466800096 0 112
F 6689466800456 0 53
F 6705400134108 0 135
F 6723400134468 0 95
F 6743600134872 4 0
F 7339866813464 1 0
F 7346600146932 0 248
F 7362666813920 0 145
F 7380666814280 0 131
F 7395200147904 0 200
F 7413200148264 0 16
F 7429133481916 0 200
F 7445133482236 0 164
F 7463133482596 0 224
F 7483333483000 4 0
F 8031600160632 1 0
F 8038333494100 0 248
F 8054466827756 0 145
F 8072400161448 0 131
F 8086933495072 0 161
F 8102933495392 0 90
F 8118933495712 0 161
F 8134933496032 0 136
F 8152866829724 0 4
F 8173066830128 4 0
F 8787266842412 1 0
F 8794000175880 0 248
F 8810133509536 0 146
F 8828133509896 0 3
F 8842666843520 0 200
F 8858600177172 0 102
F 8874600177492 0 23
F 8892600177852 0 231
F 8908600178172 0 87
F 8928800178576 4 0
F 9433200188664 1 0
F 9439933522132 0 248
F 9456066855788 0 145
F 9474066856148 0 131
F 9488533523104 0 200
F 9506533523464 0 48
F 9524533523824 0 72
F 9542533524184 0 252
F 9558533524504 0 195
F 9578733524908 4 0
F 10055133534436 1 0
F 10061866867904 0 248
F 10078000201560 0 146
F 10096000201920 0 3
F 10110466868876 0 200
F 10128466869236 0 59
F 10144466869556 0 217
F 10160466869876 0 19
F 10176466870196 0 45
F 10196666870600 4 0
F 10801000216020 1 0
F 10807733549488 0 248
F 10823800216476 0 146
F 10841800216836 0 3
F 10856333550460 0 200
F 10874333550820 0 47
F 10903066884728 4 1
F 10925000218500 1 0
F 10931733551968 0 0
F 10947800218956 0 146
F 10965800219316 0 3
F 10980333552940 0 200
F 10998333553300 0 47
F 11014333553620 0 45
F 11030266887272 0 60
F 11046266887592 0 197
F 11066466887996 4 0
F 11528800230576 1 0
F 11535533564044 0 248
F 11551666897700 0 146
F 11569666898060 0 3
F 11584200231684 0 200
F 11602133565376 0 125
F 11618133565696 0 18
F 11634133566016 0 81
F 11650133566336 0 45
F 11670333566740 4 0
F 12270666912080 1 0
F 12277400245548 0 248
F 12293533579204 0 145
F 12311466912896 0 131
F 12326000246520 0 161
F 12342000246840 0 79
F 12360000247200 0 161
F 12375933580852 0 208
F 12393933581212 0 224
F 12414133581616 4 0
F 12832533589984 1 0
F 12839266923452 0 248
F 12855400257108 0 145
F 12873333590800 0 131
F 12887866924424 0 200
F 12905866924784 0 33
F 12921866925104 0 200
F 12937800258756 0 153
F 12955800259116 0 254
F 12976000259520 4 0
F 13646200272924 1 0
F 13652933606392 0 248
F 13669000273380 0 146
F 13687000273740 0 3
F 13701533607364 0 200
F 13719533607724 0 24
F 13737466941416 0 224
F 13753466941736 0 87
F 13769466942056 0 25
F 13789666942460 4 0
F 14316066952988 1 0
F 14322800286456 0 248
F 14338933620112 0 145
F 14356866953804 0 131
F 14371400287428 0 161
F 14387400287748 0 16
F 14403400288068 0 161
F 14419400288388 0 216
F 14435333622040 0 90
F 14455533622444 4 0
F 15029800300596 1 0
F 15036533634064 0 248
F 15052666967720 0 146
F 15070600301412 0 3
F 15085133635036 0 200
F 15101133635356 0 66
F 15117133635676 0 231
F 15135066969368 0 204
F 15151066969688 0 115
F 15171266970092 4 0
F 15603666978740 1 0
F 15610400312208 0 248
F 15626466979196 0 146
F 15644466979556 0 3
F 15659000313180 0 161
F 15675000313500 0 69
F 15693000313860 0 63
F 15710933647552 0 248
F 15726933647872 0 182
F 15747133648276 4 0
F 16351333660360 1 0
F 16358066993828 0 248
F 16374200327484 0 146
F 16392200327844 0 3
F 16406733661468 0 200
F 16426666995200 0 32
F 16442666995520 0 42
F 16460666995880 0 2
F 16476666996200 0 216
F 16496866996604 4 0
F 17051200341024 1 0
F 17057933674492 0 248
F 17074067008148 0 145
F 17092067008508 0 131
F 17106600342132 0 200
F 17124533675824 0 41
F 17140533676144 0 72
F 17156533676464 0 235
F 17174533676824 0 191
F 17194733677228 4 0
F 17747133688276 1 0
F 17753867021744 0 248
F 17769933688732 0 146
F 17787933689092 0 3
F 17802467022716 0 200
F 17818400356368 0 70
F 17834400356688 0 201
F 17850400357008 0 199
F 17866400357328 0 22
F 17886600357732 4 0
F 18492800369856 1 0
F 18499533703324 0 248
F 18515667036980 0 145
F 18533667037340 0 131
F 18548133704296 0 200
F 18564133704616 0 107
F 18580133704936 0 72
F 18596133705256 0 141
F 18612067038908 0 134
F 18632267039312 4 0
F 19220533717744 1 0
F 19227267051212 0 248
F 19243333718200 0 146
F 19261333718560 0 3
F 19275867052184 0 161
F 19291867052504 0 58
F 19307867052824 0 144
F 19325800386516 0 81
F 19341800386836 0 135
F 19362000387240 4 0
F 19830333729940 1 0
F 19837067063408 0 248
F 19853200397064 0 145
F 19871200397424 0 131
F 19885733731048 0 200
F 19901667064700 0 86
F 19917667065020 0 72
F 19935667065380 0 255
F 19953667065740 0 0
F 19973867066144 4 0
F 20674067080148 1 0
F 20680800413616 0 248
F 20696933747272 0 146
F 20714933747632 0 3
F 20729467081256 0 200
F 20747400414948 0 47
F 20763400415268 0 79
F 20779400415588 0 53
F 20795400415908 0 220
F 20815600416312 4 0
F 21256067091788 1 0
F 21262800425256 0 248
F 21278933758912 0 146
F 21296867092604 0 3
F 21311400426228 0 200
F 21329400426588 0 2
F 21345400426908 0 119
F 21361400427228 0 46
F 21377333760880 0 232
F 21397533761284 4 0
F 21985800439716 1 0
F 21992533773184 0 248
F 22008600440172 0 146
F 22026600440532 0 3
F 22041133774156 0 200
F 22057133774476 0 101
F 22085867108384 4 1
F 22107800442156 1 0
F 22114533775624 0 0
F 22130667109280 0 146
F 22148600442972 0 3
F 22163133776596 0 200
F 22179133776916 0 101
F 22195133777236 0 230
F 22211133777556 0 49
F 22227067111208 0 93
F 22247267111612 4 0
F 22629733785928 1 0
F 22636467119396 0 248
F 22652533786384 0 145
F 22670533786744 0 131
F 22685067120368 0 200
F 22701067120688 0 72
F 22717000454340 0 200
F 22733000454660 0 198
F 22749000454980 0 67
F 22769200455384 4 0
F 23427333801880 1 0
F 23434067135348 0 248
F 23450200469004 0 146
F 23468200469364 0 3
F 23482733802988 0 200
F 23498733803308 0 112
F 23516667137000 0 118
F 23532667137320 0 179
F 23548667137640 0 40
F 23568867138044 4 0
F 24057267147812 1 0
F 24064000481280 0 248
F 24080133814936 0 146
F 24098133815296 0 3
F 24112667148920 0 200
F 24130667149280 0 3
F 24146600482932 0 209
F 24162600483252 0 120
F 24180600483612 0 22
F 24200800484016 4 0
F 24851067163688 1 0
F 24857800497156 0 248
F 24873933830812 0 146
F 24891933831172 0 3
F 24906400498128 0 200
F 24924400498488 0 65
F 24951133832356 4 1
F 24973067166128 1 0
F 24979800499596 0 0
F 24995933833252 0 146
F 25013933833612 0 3
F 25028467167236 0 200
F 25046400500928 0 65
F 25062400501248 0 94
F 25078400501568 0 208
F 25096400501928 0 100
F 25116600502332 4 0
F 25495133843236 1 0
F 25501867176704 0 248
F 25518000510360 0 145
F 25535933844052 0 131
F 25550467177676 0 200
F 25568467178036 0 6
F 25584467178356 0 200
F 25600467178676 0 239
F 25618400512368 0 226
F 25638600512772 4 0
F 26136933856072 1 0
F 26143667189540 0 248
F 26159733856528 0 146
F 26177733856888 0 3
F 26192267190512 0 161
F 26210267190872 0 7
F 26226267191192 0 17
F 26242200524844 0 236
F 26260200525204 0 21
F 26280400525608 4 0
F 26894600537892 1 0
F 26901333871360 0 248
F 26917467205016 0 146
F 26935467205376 0 3
F 26950000539000 0 200
F 26965933872652 0 73
F 26981933872972 0 52
F 26999933873332 0 7
F 27015933873652 0 20
F 27036133874056 4 0
F 27646467219596 1 0
F 27653200553064 0 248
F 27669267220052 0 146
F 27687267220412 0 3
F 27701800554036 0 200
F 27717800554356 0 79
F 27735733888048 0 188
F 27751733888368 0 73
F 27767733888688 0 105
F 27787933889092 4 0
