G 224 3 0 0 0
G 224 3 0 0 0
G 224 3 0 0 0
G 224 3 0 0 0
G 223 5 0 0 0 58 1
G 223 5 0 0 0 188 1
G 224 3 0 0 0
G 223 5 0 0 0 119 1
G 223 5 0 0 0 219 1
G 224 3 0 0 0
G 223 5 0 0 0 208 1
G 223 5 1 1 1 255 1
G 224 3 0 0 0
G 223 5 0 0 0 235 1
G 224 3 0 0 0
G 224 3 0 0 0
G 224 3 0 0 0
G 223 5 1 1 1 255 1
G 223 5 0 0 0 186 1
G 224 3 0 0 0
G 223 5 1 1 1 255 1
G 224 3 0 0 0
G 224 3 1 1 1
G 224 3 0 0 0
G 223 5 0 0 0 229 1
G 224 3 0 0 0
G 223 5 0 0 0 249 1
G 224 3 1 1 1
G 223 5 0 0 0 231 1
G 224 3 0 0 0
G 224 3 0 0 0
G 224 3 0 0 0
G 223 5 0 0 0 0 1
G 224 3 0 0 0
G 224 3 0 0 0
G 224 3 0 0 0
G 223 5 0 0 0 236 1
G 224 3 1 1 1
G 224 3 0 0 0
G 224 3 0 0 0
