20000 1 6145
0 ff 00 00 00 00 00
1 ff 01 01 00 00 00
5 ff 00 01 00 00 00
7 fe 00 01 00 00 00
d fe 01 01 00 00 00
f ff 01 01 00 00 00
11 ff 00 01 00 00 00
13 fe 00 01 00 00 00
19 fe 01 01 00 00 00
1b ff 01 01 00 00 00
1d ff 00 01 00 00 00
1f fe 00 01 00 00 00
25 fe 01 01 00 00 00
27 ff 01 01 00 00 00
29 ff 00 01 00 00 00
2b fe 00 01 00 00 00
31 fe 01 01 00 00 00
33 ff 01 01 00 00 00
35 ff 00 01 00 00 00
37 fe 00 01 00 00 00
3d fe 01 01 00 00 00
3f ff 01 01 00 00 00
41 ff 00 01 00 00 00
43 fe 00 01 00 00 00
49 fe 01 01 00 00 00
4b ff 01 01 00 00 00
4d ff 00 01 00 00 00
4f fe 00 01 00 00 00
55 fe 01 01 00 00 00
57 ff 01 01 00 00 00
59 ff 00 01 00 00 00
5b fe 00 01 00 00 00
61 fe 01 01 00 00 00
63 ff 01 01 00 00 00
65 ff 00 01 00 00 00
67 fe 00 01 00 00 00
6d fe 01 01 00 00 00
6f ff 01 01 00 00 00
71 ff 00 01 00 00 00
73 fe 00 01 00 00 00
79 fe 01 01 00 00 00
7b ff 01 01 00 00 00
7d ff 00 01 00 00 00
7f fe 00 01 00 00 00
85 fe 01 01 00 00 00
87 ff 01 01 00 00 00
89 ff 00 01 00 00 00
8b fe 00 01 00 00 00
91 fe 01 01 00 00 00
93 ff 01 01 00 00 00
95 ff 00 01 00 00 00
97 fe 00 01 00 00 00
9d fe 01 01 00 00 00
9f ff 01 01 00 00 00
a1 ff 00 01 00 00 00
a3 fe 00 01 00 00 00
a9 fe 01 01 00 00 00
ab ff 01 01 00 00 00
ad ff 00 01 00 00 00
af fe 00 01 00 00 00
b5 fe 01 01 00 00 00
b7 ff 01 01 00 00 00
b9 ff 00 01 00 00 00
bb fe 00 01 00 00 00
c1 fe 01 01 00 00 00
c3 ff 01 01 00 00 00
c5 ff 00 01 00 00 00
c7 fe 00 01 00 00 00
cd fe 01 01 00 00 00
cf ff 01 01 00 00 00
d1 ff 00 01 00 00 00
d3 fe 00 01 00 00 00
d9 fe 01 01 00 00 00
db ff 01 01 00 00 00
dd ff 00 01 00 00 00
df fe 00 01 00 00 00
e5 fe 01 01 00 00 00
e7 ff 01 01 00 00 00
e9 ff 00 01 00 00 00
eb fe 00 01 00 00 00
f1 fe 01 01 00 00 00
f3 ff 01 01 00 00 00
f5 ff 00 01 00 00 00
f7 fe 00 01 00 00 00
fd fe 01 01 00 00 00
ff ff 01 01 00 00 00
101 ff 00 01 00 00 00
103 fe 00 01 00 00 00
109 fe 01 01 00 00 00
10b ff 01 01 00 00 00
10d ff 00 01 00 00 00
10f fe 00 01 00 00 00
115 fe 01 01 00 00 00
117 ff 01 01 00 00 00
119 ff 00 01 00 00 00
11b fe 00 01 00 00 00
121 fe 01 01 00 00 00
123 ff 01 01 00 00 00
125 ff 00 01 00 00 00
127 fe 00 01 00 00 00
12d fe 01 01 00 00 00
12f ff 01 01 00 00 00
131 ff 00 01 00 00 00
133 fe 00 01 00 00 00
139 fe 01 01 00 00 00
13b ff 01 01 00 00 00
13d ff 00 01 00 00 00
13f fe 00 01 00 00 00
145 fe 01 01 00 00 00
147 ff 01 01 00 00 00
149 ff 00 01 00 00 00
14b fe 00 01 00 00 00
151 fe 01 01 00 00 00
153 ff 01 01 00 00 00
155 ff 00 01 00 00 00
157 fe 00 01 00 00 00
15d fe 01 01 00 00 00
15f ff 01 01 00 00 00
161 ff 00 01 00 00 00
163 fe 00 01 00 00 00
169 fe 01 01 00 00 00
16b ff 01 01 00 00 00
16d ff 00 01 00 00 00
16f fe 00 01 00 00 00
175 fe 01 01 00 00 00
177 ff 01 01 00 00 00
179 ff 00 01 00 00 00
17b fe 00 01 00 00 00
181 fe 01 01 00 00 00
183 ff 01 01 00 00 00
185 ff 00 01 00 00 00
187 fe 00 01 00 00 00
18d fe 01 01 00 00 00
18f ff 01 01 00 00 00
191 ff 00 01 00 00 00
193 fe 00 01 00 00 00
199 fe 01 01 00 00 00
19b ff 01 01 00 00 00
19d ff 00 01 00 00 00
19f fe 00 01 00 00 00
1a5 fe 01 01 00 00 00
1a7 ff 01 01 00 00 00
1a9 ff 00 01 00 00 00
1ab fe 00 01 00 00 00
1b1 fe 01 01 00 00 00
1b3 ff 01 01 00 00 00
1b5 ff 00 01 00 00 00
1b7 fe 00 01 00 00 00
1bd fe 01 01 00 00 00
1bf ff 01 01 00 00 00
1c1 ff 00 01 00 00 00
1c3 fe 00 01 00 00 00
1c9 fe 01 01 00 00 00
1cb ff 01 01 00 00 00
1cd ff 00 01 00 00 00
1cf fe 00 01 00 00 00
1d5 fe 01 01 00 00 00
1d7 ff 01 01 00 00 00
1d9 ff 00 01 00 00 00
1db fe 00 01 00 00 00
1e1 fe 01 01 00 00 00
1e3 ff 01 01 00 00 00
1e5 ff 00 01 00 00 00
1e7 fe 00 01 00 00 00
1ed fe 01 01 00 00 00
1ef ff 01 01 00 00 00
1f1 ff 00 01 00 00 00
1f3 fe 00 01 00 00 00
1f9 fe 01 01 00 00 00
1fb ff 01 01 00 00 00
1fd ff 00 01 00 00 00
1ff fe 00 01 00 00 00
205 fe 01 01 00 00 00
207 ff 01 01 00 00 00
209 ff 00 01 00 00 00
20b fe 00 01 00 00 00
211 fe 01 01 00 00 00
213 ff 01 01 00 00 00
215 ff 00 01 00 00 00
217 fe 00 01 00 00 00
21d fe 01 01 00 00 00
21f ff 01 01 00 00 00
221 ff 00 01 00 00 00
223 fe 00 01 00 00 00
229 fe 01 01 00 00 00
22b ff 01 01 00 00 00
22d ff 00 01 00 00 00
22f fe 00 01 00 00 00
235 fe 01 01 00 00 00
237 ff 01 01 00 00 00
239 ff 00 01 00 00 00
23b fe 00 01 00 00 00
241 fe 01 01 00 00 00
243 ff 01 01 00 00 00
245 ff 00 01 00 00 00
247 fe 00 01 00 00 00
24d fe 01 01 00 00 00
24f ff 01 01 00 00 00
251 ff 00 01 00 00 00
253 fe 00 01 00 00 00
259 fe 01 01 00 00 00
25b ff 01 01 00 00 00
25d ff 00 01 00 00 00
25f fe 00 01 00 00 00
265 fe 01 01 00 00 00
267 ff 01 01 00 00 00
269 ff 00 01 00 00 00
26b fe 00 01 00 00 00
271 fe 01 01 00 00 00
273 ff 01 01 00 00 00
275 ff 00 01 00 00 00
277 fe 00 01 00 00 00
27d fe 01 01 00 00 00
27f ff 01 01 00 00 00
281 ff 00 01 00 00 00
283 fe 00 01 00 00 00
289 fe 01 01 00 00 00
28b ff 01 01 00 00 00
28d ff 00 01 00 00 00
28f fe 00 01 00 00 00
295 fe 01 01 00 00 00
297 ff 01 01 00 00 00
299 ff 00 01 00 00 00
29b fe 00 01 00 00 00
2a1 fe 01 01 00 00 00
2a3 ff 01 01 00 00 00
2a5 ff 00 01 00 00 00
2a7 fe 00 01 00 00 00
2ad fe 01 01 00 00 00
2af ff 01 01 00 00 00
2b1 ff 00 01 00 00 00
2b3 fe 00 01 00 00 00
2b9 fe 01 01 00 00 00
2bb ff 01 01 00 00 00
2bd ff 00 01 00 00 00
2bf fe 00 01 00 00 00
2c5 fe 01 01 00 00 00
2c7 ff 01 01 00 00 00
2c9 ff 00 01 00 00 00
2cb fe 00 01 00 00 00
2d1 fe 01 01 00 00 00
2d3 ff 01 01 00 00 00
2d5 ff 00 01 00 00 00
2d7 fe 00 01 00 00 00
2dd fe 01 01 00 00 00
2df ff 01 01 00 00 00
2e1 ff 00 01 00 00 00
2e3 fe 00 01 00 00 00
2e9 fe 01 01 00 00 00
2eb ff 01 01 00 00 00
2ed ff 00 01 00 00 00
2ef fe 00 01 00 00 00
2f5 fe 01 01 00 00 00
2f7 ff 01 01 00 00 00
2f9 ff 00 01 00 00 00
2fb fe 00 01 00 00 00
301 fe 01 01 00 00 00
303 ff 01 01 00 00 00
305 ff 00 01 00 00 00
307 fe 00 01 00 00 00
30d fe 01 01 00 00 00
30f ff 01 01 00 00 00
311 ff 00 01 00 00 00
313 fe 00 01 00 00 00
319 fe 01 01 00 00 00
31b ff 01 01 00 00 00
31d ff 00 01 00 00 00
31f fe 00 01 00 00 00
325 fe 01 01 00 00 00
327 ff 01 01 00 00 00
329 ff 00 01 00 00 00
32b fe 00 01 00 00 00
331 fe 01 01 00 00 00
333 ff 01 01 00 00 00
335 ff 00 01 00 00 00
337 fe 00 01 00 00 00
33d fe 01 01 00 00 00
33f ff 01 01 00 00 00
341 ff 00 01 00 00 00
343 fe 00 01 00 00 00
349 fe 01 01 00 00 00
34b ff 01 01 00 00 00
34d ff 00 01 00 00 00
34f fe 00 01 00 00 00
355 fe 01 01 00 00 00
357 ff 01 01 00 00 00
359 ff 00 01 00 00 00
35b fe 00 01 00 00 00
361 fe 01 01 00 00 00
363 ff 01 01 00 00 00
365 ff 00 01 00 00 00
367 fe 00 01 00 00 00
36d fe 01 01 00 00 00
36f ff 01 01 00 00 00
371 ff 00 01 00 00 00
373 fe 00 01 00 00 00
379 fe 01 01 00 00 00
37b ff 01 01 00 00 00
37d ff 00 01 00 00 00
37f fe 00 01 00 00 00
385 fe 01 01 00 00 00
387 ff 01 01 00 00 00
389 ff 00 01 00 00 00
38b fe 00 01 00 00 00
391 fe 01 01 00 00 00
393 ff 01 01 00 00 00
395 ff 00 01 00 00 00
397 fe 00 01 00 00 00
39d fe 01 01 00 00 00
39f ff 01 01 00 00 00
3a1 ff 00 01 00 00 00
3a3 fe 00 01 00 00 00
3a9 fe 01 01 00 00 00
3ab ff 01 01 00 00 00
3ad ff 00 01 00 00 00
3af fe 00 01 00 00 00
3b5 fe 01 01 00 00 00
3b7 ff 01 01 00 00 00
3b9 ff 00 01 00 00 00
3bb fe 00 01 00 00 00
3c1 fe 01 01 00 00 00
3c3 ff 01 01 00 00 00
3c5 ff 00 01 00 00 00
3c7 fe 00 01 00 00 00
3cd fe 01 01 00 00 00
3cf ff 01 01 00 00 00
3d1 ff 00 01 00 00 00
3d3 fe 00 01 00 00 00
3d9 fe 01 01 00 00 00
3db ff 01 01 00 00 00
3dd ff 00 01 00 00 00
3df fe 00 01 00 00 00
3e5 fe 01 01 00 00 00
3e7 ff 01 01 00 00 00
3e9 ff 00 01 00 00 00
3eb fe 00 01 00 00 00
3f1 fe 01 01 00 00 00
3f3 ff 01 01 00 00 00
3f5 ff 00 01 00 00 00
3f7 fe 00 01 00 00 00
3fd fe 01 01 00 00 00
3ff ff 01 01 00 00 00
401 ff 00 01 00 00 00
403 fe 00 01 00 00 00
409 fe 01 01 00 00 00
40b ff 01 01 00 00 00
40d ff 00 01 00 00 00
40f fe 00 01 00 00 00
415 fe 01 01 00 00 00
417 ff 01 01 00 00 00
419 ff 00 01 00 00 00
41b fe 00 01 00 00 00
421 fe 01 01 00 00 00
423 ff 01 01 00 00 00
425 ff 00 01 00 00 00
427 fe 00 01 00 00 00
42d fe 01 01 00 00 00
42f ff 01 01 00 00 00
431 ff 00 01 00 00 00
433 fe 00 01 00 00 00
439 fe 01 01 00 00 00
43b ff 01 01 00 00 00
43d ff 00 01 00 00 00
43f fe 00 01 00 00 00
445 fe 01 01 00 00 00
447 ff 01 01 00 00 00
449 ff 00 01 00 00 00
44b fe 00 01 00 00 00
451 fe 01 01 00 00 00
453 ff 01 01 00 00 00
455 ff 00 01 00 00 00
457 fe 00 01 00 00 00
45d fe 01 01 00 00 00
45f ff 01 01 00 00 00
461 ff 00 01 00 00 00
463 fe 00 01 00 00 00
469 fe 01 01 00 00 00
46b ff 01 01 00 00 00
46d ff 00 01 00 00 00
46f fe 00 01 00 00 00
475 fe 01 01 00 00 00
477 ff 01 01 00 00 00
479 ff 00 01 00 00 00
47b fe 00 01 00 00 00
481 fe 01 01 00 00 00
483 ff 01 01 00 00 00
485 ff 00 01 00 00 00
487 fe 00 01 00 00 00
48d fe 01 01 00 00 00
48f ff 01 01 00 00 00
491 ff 00 01 00 00 00
493 fe 00 01 00 00 00
499 fe 01 01 00 00 00
49b ff 01 01 00 00 00
49d ff 00 01 00 00 00
49f fe 00 01 00 00 00
4a5 fe 01 01 00 00 00
4a7 ff 01 01 00 00 00
4a9 ff 00 01 00 00 00
4ab fe 00 01 00 00 00
4b1 fe 01 01 00 00 00
4b3 ff 01 01 00 00 00
4b5 ff 00 01 00 00 00
4b7 fe 00 01 00 00 00
4bd fe 01 01 00 00 00
4bf ff 01 01 00 00 00
4c1 ff 00 01 00 00 00
4c3 fe 00 01 00 00 00
4c9 fe 01 01 00 00 00
4cb ff 01 01 00 00 00
4cd ff 00 01 00 00 00
4cf fe 00 01 00 00 00
4d5 fe 01 01 00 00 00
4d7 ff 01 01 00 00 00
4d9 ff 00 01 00 00 00
4db fe 00 01 00 00 00
4e1 fe 01 01 00 00 00
4e3 ff 01 01 00 00 00
4e5 ff 00 01 00 00 00
4e7 fe 00 01 00 00 00
4ed fe 01 01 00 00 00
4ef ff 01 01 00 00 00
4f1 ff 00 01 00 00 00
4f3 fe 00 01 00 00 00
4f9 fe 01 01 00 00 00
4fb ff 01 01 00 00 00
4fd ff 00 01 00 00 00
4ff fe 00 01 00 00 00
505 fe 01 01 00 00 00
507 ff 01 01 00 00 00
509 ff 00 01 00 00 00
50b fe 00 01 00 00 00
511 fe 01 01 00 00 00
513 ff 01 01 00 00 00
515 ff 00 01 00 00 00
517 fe 00 01 00 00 00
51d fe 01 01 00 00 00
51f ff 01 01 00 00 00
521 ff 00 01 00 00 00
523 fe 00 01 00 00 00
529 fe 01 01 00 00 00
52b ff 01 01 00 00 00
52d ff 00 01 00 00 00
52f fe 00 01 00 00 00
535 fe 01 01 00 00 00
537 ff 01 01 00 00 00
539 ff 00 01 00 00 00
53b fe 00 01 00 00 00
541 fe 01 01 00 00 00
543 ff 01 01 00 00 00
545 ff 00 01 00 00 00
547 fe 00 01 00 00 00
54d fe 01 01 00 00 00
54f ff 01 01 00 00 00
551 ff 00 01 00 00 00
553 fe 00 01 00 00 00
559 fe 01 01 00 00 00
55b ff 01 01 00 00 00
55d ff 00 01 00 00 00
55f fe 00 01 00 00 00
565 fe 01 01 00 00 00
567 ff 01 01 00 00 00
569 ff 00 01 00 00 00
56b fe 00 01 00 00 00
571 fe 01 01 00 00 00
573 ff 01 01 00 00 00
575 ff 00 01 00 00 00
577 fe 00 01 00 00 00
57d fe 01 01 00 00 00
57f ff 01 01 00 00 00
581 ff 00 01 00 00 00
583 fe 00 01 00 00 00
589 fe 01 01 00 00 00
58b ff 01 01 00 00 00
58d ff 00 01 00 00 00
58f fe 00 01 00 00 00
595 fe 01 01 00 00 00
597 ff 01 01 00 00 00
599 ff 00 01 00 00 00
59b fe 00 01 00 00 00
5a1 fe 01 01 00 00 00
5a3 ff 01 01 00 00 00
5a5 ff 00 01 00 00 00
5a7 fe 00 01 00 00 00
5ad fe 01 01 00 00 00
5af ff 01 01 00 00 00
5b1 ff 00 01 00 00 00
5b3 fe 00 01 00 00 00
5b9 fe 01 01 00 00 00
5bb ff 01 01 00 00 00
5bd ff 00 01 00 00 00
5bf fe 00 01 00 00 00
5c5 fe 01 01 00 00 00
5c7 ff 01 01 00 00 00
5c9 ff 00 01 00 00 00
5cb fe 00 01 00 00 00
5d1 fe 01 01 00 00 00
5d3 ff 01 01 00 00 00
5d5 ff 00 01 00 00 00
5d7 fe 00 01 00 00 00
5dd fe 01 01 00 00 00
5df ff 01 01 00 00 00
5e1 ff 00 01 00 00 00
5e3 fe 00 01 00 00 00
5e9 fe 01 01 00 00 00
5eb ff 01 01 00 00 00
5ed ff 00 01 00 00 00
5ef fe 00 01 00 00 00
5f5 fe 01 01 00 00 00
5f7 ff 01 01 00 00 00
5f9 ff 00 01 00 00 00
5fb fe 00 01 00 00 00
601 fe 01 01 00 00 00
603 ff 01 01 00 00 00
605 ff 00 01 00 00 00
607 fe 00 01 00 00 00
60d fe 01 01 00 00 00
60f ff 01 01 00 00 00
611 ff 00 01 00 00 00
613 fe 00 01 00 00 00
619 fe 01 01 00 00 00
61b ff 01 01 00 00 00
61d ff 00 01 00 00 00
61f fe 00 01 00 00 00
625 fe 01 01 00 00 00
627 ff 01 01 00 00 00
629 ff 00 01 00 00 00
62b fe 00 01 00 00 00
631 fe 01 01 00 00 00
633 ff 01 01 00 00 00
635 ff 00 01 00 00 00
637 fe 00 01 00 00 00
63d fe 01 01 00 00 00
63f ff 01 01 00 00 00
641 ff 00 01 00 00 00
643 fe 00 01 00 00 00
649 fe 01 01 00 00 00
64b ff 01 01 00 00 00
64d ff 00 01 00 00 00
64f fe 00 01 00 00 00
655 fe 01 01 00 00 00
657 ff 01 01 00 00 00
659 ff 00 01 00 00 00
65b fe 00 01 00 00 00
661 fe 01 01 00 00 00
663 ff 01 01 00 00 00
665 ff 00 01 00 00 00
667 fe 00 01 00 00 00
66d fe 01 01 00 00 00
66f ff 01 01 00 00 00
671 ff 00 01 00 00 00
673 fe 00 01 00 00 00
679 fe 01 01 00 00 00
67b ff 01 01 00 00 00
67d ff 00 01 00 00 00
67f fe 00 01 00 00 00
685 fe 01 01 00 00 00
687 ff 01 01 00 00 00
689 ff 00 01 00 00 00
68b fe 00 01 00 00 00
691 fe 01 01 00 00 00
693 ff 01 01 00 00 00
695 ff 00 01 00 00 00
697 fe 00 01 00 00 00
69d fe 01 01 00 00 00
69f ff 01 01 00 00 00
6a1 ff 00 01 00 00 00
6a3 fe 00 01 00 00 00
6a9 fe 01 01 00 00 00
6ab ff 01 01 00 00 00
6ad ff 00 01 00 00 00
6af fe 00 01 00 00 00
6b5 fe 01 01 00 00 00
6b7 ff 01 01 00 00 00
6b9 ff 00 01 00 00 00
6bb fe 00 01 00 00 00
6c1 fe 01 01 00 00 00
6c3 ff 01 01 00 00 00
6c5 ff 00 01 00 00 00
6c7 fe 00 01 00 00 00
6cd fe 01 01 00 00 00
6cf ff 01 01 00 00 00
6d1 ff 00 01 00 00 00
6d3 fe 00 01 00 00 00
6d9 fe 01 01 00 00 00
6db ff 01 01 00 00 00
6dd ff 00 01 00 00 00
6df fe 00 01 00 00 00
6e5 fe 01 01 00 00 00
6e7 ff 01 01 00 00 00
6e9 ff 00 01 00 00 00
6eb fe 00 01 00 00 00
6f1 fe 01 01 00 00 00
6f3 ff 01 01 00 00 00
6f5 ff 00 01 00 00 00
6f7 fe 00 01 00 00 00
6fd fe 01 01 00 00 00
6ff ff 01 01 00 00 00
701 ff 00 01 00 00 00
703 fe 00 01 00 00 00
709 fe 01 01 00 00 00
70b ff 01 01 00 00 00
70d ff 00 01 00 00 00
70f fe 00 01 00 00 00
715 fe 01 01 00 00 00
717 ff 01 01 00 00 00
719 ff 00 01 00 00 00
71b fe 00 01 00 00 00
721 fe 01 01 00 00 00
723 ff 01 01 00 00 00
725 ff 00 01 00 00 00
727 fe 00 01 00 00 00
72d fe 01 01 00 00 00
72f ff 01 01 00 00 00
731 ff 00 01 00 00 00
733 fe 00 01 00 00 00
739 fe 01 01 00 00 00
73b ff 01 01 00 00 00
73d ff 00 01 00 00 00
73f fe 00 01 00 00 00
745 fe 01 01 00 00 00
747 ff 01 01 00 00 00
749 ff 00 01 00 00 00
74b fe 00 01 00 00 00
751 fe 01 01 00 00 00
753 ff 01 01 00 00 00
755 ff 00 01 00 00 00
757 fe 00 01 00 00 00
75d fe 01 01 00 00 00
75f ff 01 01 00 00 00
761 ff 00 01 00 00 00
763 fe 00 01 00 00 00
769 fe 01 01 00 00 00
76b ff 01 01 00 00 00
76d ff 00 01 00 00 00
76f fe 00 01 00 00 00
775 fe 01 01 00 00 00
777 ff 01 01 00 00 00
779 ff 00 01 00 00 00
77b fe 00 01 00 00 00
781 fe 01 01 00 00 00
783 ff 01 01 00 00 00
785 ff 00 01 00 00 00
787 fe 00 01 00 00 00
78d fe 01 01 00 00 00
78f ff 01 01 00 00 00
791 ff 00 01 00 00 00
793 fe 00 01 00 00 00
799 fe 01 01 00 00 00
79b ff 01 01 00 00 00
79d ff 00 01 00 00 00
79f fe 00 01 00 00 00
7a5 fe 01 01 00 00 00
7a7 ff 01 01 00 00 00
7a9 ff 00 01 00 00 00
7ab fe 00 01 00 00 00
7b1 fe 01 01 00 00 00
7b3 ff 01 01 00 00 00
7b5 ff 00 01 00 00 00
7b7 fe 00 01 00 00 00
7bd fe 01 01 00 00 00
7bf ff 01 01 00 00 00
7c1 ff 00 01 00 00 00
7c3 fe 00 01 00 00 00
7c9 fe 01 01 00 00 00
7cb ff 01 01 00 00 00
7cd ff 00 01 00 00 00
7cf fe 00 01 00 00 00
7d5 fe 01 01 00 00 00
7d7 ff 01 01 00 00 00
7d9 ff 00 01 00 00 00
7db fe 00 01 00 00 00
7e1 fe 01 01 00 00 00
7e3 ff 01 01 00 00 00
7e5 ff 00 01 00 00 00
7e7 fe 00 01 00 00 00
7ed fe 01 01 00 00 00
7ef ff 01 01 00 00 00
7f1 ff 00 01 00 00 00
7f3 fe 00 01 00 00 00
7f9 fe 01 01 00 00 00
7fb ff 01 01 00 00 00
7fd ff 00 01 00 00 00
7ff fe 00 01 00 00 00
805 fe 01 01 00 00 00
807 ff 01 01 00 00 00
809 ff 00 01 00 00 00
80b fe 00 01 00 00 00
811 fe 01 01 00 00 00
813 ff 01 01 00 00 00
815 ff 00 01 00 00 00
817 fe 00 01 00 00 00
81d fe 01 01 00 00 00
81f ff 01 01 00 00 00
821 ff 00 01 00 00 00
823 fe 00 01 00 00 00
829 fe 01 01 00 00 00
82b ff 01 01 00 00 00
82d ff 00 01 00 00 00
82f fe 00 01 00 00 00
835 fe 01 01 00 00 00
837 ff 01 01 00 00 00
839 ff 00 01 00 00 00
83b fe 00 01 00 00 00
841 fe 01 01 00 00 00
843 ff 01 01 00 00 00
845 ff 00 01 00 00 00
847 fe 00 01 00 00 00
84d fe 01 01 00 00 00
84f ff 01 01 00 00 00
851 ff 00 01 00 00 00
853 fe 00 01 00 00 00
859 fe 01 01 00 00 00
85b ff 01 01 00 00 00
85d ff 00 01 00 00 00
85f fe 00 01 00 00 00
865 fe 01 01 00 00 00
867 ff 01 01 00 00 00
869 ff 00 01 00 00 00
86b fe 00 01 00 00 00
871 fe 01 01 00 00 00
873 ff 01 01 00 00 00
875 ff 00 01 00 00 00
877 fe 00 01 00 00 00
87d fe 01 01 00 00 00
87f ff 01 01 00 00 00
881 ff 00 01 00 00 00
883 fe 00 01 00 00 00
889 fe 01 01 00 00 00
88b ff 01 01 00 00 00
88d ff 00 01 00 00 00
88f fe 00 01 00 00 00
895 fe 01 01 00 00 00
897 ff 01 01 00 00 00
899 ff 00 01 00 00 00
89b fe 00 01 00 00 00
8a1 fe 01 01 00 00 00
8a3 ff 01 01 00 00 00
8a5 ff 00 01 00 00 00
8a7 fe 00 01 00 00 00
8ad fe 01 01 00 00 00
8af ff 01 01 00 00 00
8b1 ff 00 01 00 00 00
8b3 fe 00 01 00 00 00
8b9 fe 01 01 00 00 00
8bb ff 01 01 00 00 00
8bd ff 00 01 00 00 00
8bf fe 00 01 00 00 00
8c5 fe 01 01 00 00 00
8c7 ff 01 01 00 00 00
8c9 ff 00 01 00 00 00
8cb fe 00 01 00 00 00
8d1 fe 01 01 00 00 00
8d3 ff 01 01 00 00 00
8d5 ff 00 01 00 00 00
8d7 fe 00 01 00 00 00
8dd fe 01 01 00 00 00
8df ff 01 01 00 00 00
8e1 ff 00 01 00 00 00
8e3 fe 00 01 00 00 00
8e9 fe 01 01 00 00 00
8eb ff 01 01 00 00 00
8ed ff 00 01 00 00 00
8ef fe 00 01 00 00 00
8f5 fe 01 01 00 00 00
8f7 ff 01 01 00 00 00
8f9 ff 00 01 00 00 00
8fb fe 00 01 00 00 00
901 fe 01 01 00 00 00
903 ff 01 01 00 00 00
905 ff 00 01 00 00 00
907 fe 00 01 00 00 00
90d fe 01 01 00 00 00
90f ff 01 01 00 00 00
911 ff 00 01 00 00 00
913 fe 00 01 00 00 00
919 fe 01 01 00 00 00
91b ff 01 01 00 00 00
91d ff 00 01 00 00 00
91f fe 00 01 00 00 00
925 fe 01 01 00 00 00
927 ff 01 01 00 00 00
929 ff 00 01 00 00 00
92b fe 00 01 00 00 00
931 fe 01 01 00 00 00
933 ff 01 01 00 00 00
935 ff 00 01 00 00 00
937 fe 00 01 00 00 00
93d fe 01 01 00 00 00
93f ff 01 01 00 00 00
941 ff 00 01 00 00 00
943 fe 00 01 00 00 00
949 fe 01 01 00 00 00
94b ff 01 01 00 00 00
94d ff 00 01 00 00 00
94f fe 00 01 00 00 00
955 fe 01 01 00 00 00
957 ff 01 01 00 00 00
959 ff 00 01 00 00 00
95b fe 00 01 00 00 00
961 fe 01 01 00 00 00
963 ff 01 01 00 00 00
965 ff 00 01 00 00 00
967 fe 00 01 00 00 00
96d fe 01 01 00 00 00
96f ff 01 01 00 00 00
971 ff 00 01 00 00 00
973 fe 00 01 00 00 00
979 fe 01 01 00 00 00
97b ff 01 01 00 00 00
97d ff 00 01 00 00 00
97f fe 00 01 00 00 00
985 fe 01 01 00 00 00
987 ff 01 01 00 00 00
989 ff 00 01 00 00 00
98b fe 00 01 00 00 00
991 fe 01 01 00 00 00
993 ff 01 01 00 00 00
995 ff 00 01 00 00 00
997 fe 00 01 00 00 00
99d fe 01 01 00 00 00
99f ff 01 01 00 00 00
9a1 ff 00 01 00 00 00
9a3 fe 00 01 00 00 00
9a9 fe 01 01 00 00 00
9ab ff 01 01 00 00 00
9ad ff 00 01 00 00 00
9af fe 00 01 00 00 00
9b5 fe 01 01 00 00 00
9b7 ff 01 01 00 00 00
9b9 ff 00 01 00 00 00
9bb fe 00 01 00 00 00
9c1 fe 01 01 00 00 00
9c3 ff 01 01 00 00 00
9c5 ff 00 01 00 00 00
9c7 fe 00 01 00 00 00
9cd fe 01 01 00 00 00
9cf ff 01 01 00 00 00
9d1 ff 00 01 00 00 00
9d3 fe 00 01 00 00 00
9d9 fe 01 01 00 00 00
9db ff 01 01 00 00 00
9dd ff 00 01 00 00 00
9df fe 00 01 00 00 00
9e5 fe 01 01 00 00 00
9e7 ff 01 01 00 00 00
9e9 ff 00 01 00 00 00
9eb fe 00 01 00 00 00
9f1 fe 01 01 00 00 00
9f3 ff 01 01 00 00 00
9f5 ff 00 01 00 00 00
9f7 fe 00 01 00 00 00
9fd fe 01 01 00 00 00
9ff ff 01 01 00 00 00
a01 ff 00 01 00 00 00
a03 fe 00 01 00 00 00
a09 fe 01 01 00 00 00
a0b ff 01 01 00 00 00
a0d ff 00 01 00 00 00
a0f fe 00 01 00 00 00
a15 fe 01 01 00 00 00
a17 ff 01 01 00 00 00
a19 ff 00 01 00 00 00
a1b fe 00 01 00 00 00
a21 fe 01 01 00 00 00
a23 ff 01 01 00 00 00
a25 ff 00 01 00 00 00
a27 fe 00 01 00 00 00
a2d fe 01 01 00 00 00
a2f ff 01 01 00 00 00
a31 ff 00 01 00 00 00
a33 fe 00 01 00 00 00
a39 fe 01 01 00 00 00
a3b ff 01 01 00 00 00
a3d ff 00 01 00 00 00
a3f fe 00 01 00 00 00
a45 fe 01 01 00 00 00
a47 ff 01 01 00 00 00
a49 ff 00 01 00 00 00
a4b fe 00 01 00 00 00
a51 fe 01 01 00 00 00
a53 ff 01 01 00 00 00
a55 ff 00 01 00 00 00
a57 fe 00 01 00 00 00
a5d fe 01 01 00 00 00
a5f ff 01 01 00 00 00
a61 ff 00 01 00 00 00
a63 fe 00 01 00 00 00
a69 fe 01 01 00 00 00
a6b ff 01 01 00 00 00
a6d ff 00 01 00 00 00
a6f fe 00 01 00 00 00
a75 fe 01 01 00 00 00
a77 ff 01 01 00 00 00
a79 ff 00 01 00 00 00
a7b fe 00 01 00 00 00
a81 fe 01 01 00 00 00
a83 ff 01 01 00 00 00
a85 ff 00 01 00 00 00
a87 fe 00 01 00 00 00
a8d fe 01 01 00 00 00
a8f ff 01 01 00 00 00
a91 ff 00 01 00 00 00
a93 fe 00 01 00 00 00
a99 fe 01 01 00 00 00
a9b ff 01 01 00 00 00
a9d ff 00 01 00 00 00
a9f fe 00 01 00 00 00
aa5 fe 01 01 00 00 00
aa7 ff 01 01 00 00 00
aa9 ff 00 01 00 00 00
aab fe 00 01 00 00 00
ab1 fe 01 01 00 00 00
ab3 ff 01 01 00 00 00
ab5 ff 00 01 00 00 00
ab7 fe 00 01 00 00 00
abd fe 01 01 00 00 00
abf ff 01 01 00 00 00
ac1 ff 00 01 00 00 00
ac3 fe 00 01 00 00 00
ac9 fe 01 01 00 00 00
acb ff 01 01 00 00 00
acd ff 00 01 00 00 00
acf fe 00 01 00 00 00
ad5 fe 01 01 00 00 00
ad7 ff 01 01 00 00 00
ad9 ff 00 01 00 00 00
adb fe 00 01 00 00 00
ae1 fe 01 01 00 00 00
ae3 ff 01 01 00 00 00
ae5 ff 00 01 00 00 00
ae7 fe 00 01 00 00 00
aed fe 01 01 00 00 00
aef ff 01 01 00 00 00
af1 ff 00 01 00 00 00
af3 fe 00 01 00 00 00
af9 fe 01 01 00 00 00
afb ff 01 01 00 00 00
afd ff 00 01 00 00 00
aff fe 00 01 00 00 00
b05 fe 01 01 00 00 00
b07 ff 01 01 00 00 00
b09 ff 00 01 00 00 00
b0b fe 00 01 00 00 00
b11 fe 01 01 00 00 00
b13 ff 01 01 00 00 00
b15 ff 00 01 00 00 00
b17 fe 00 01 00 00 00
b1d fe 01 01 00 00 00
b1f ff 01 01 00 00 00
b21 ff 00 01 00 00 00
b23 fe 00 01 00 00 00
b29 fe 01 01 00 00 00
b2b ff 01 01 00 00 00
b2d ff 00 01 00 00 00
b2f fe 00 01 00 00 00
b35 fe 01 01 00 00 00
b37 ff 01 01 00 00 00
b39 ff 00 01 00 00 00
b3b fe 00 01 00 00 00
b41 fe 01 01 00 00 00
b43 ff 01 01 00 00 00
b45 ff 00 01 00 00 00
b47 fe 00 01 00 00 00
b4d fe 01 01 00 00 00
b4f ff 01 01 00 00 00
b51 ff 00 01 00 00 00
b53 fe 00 01 00 00 00
b59 fe 01 01 00 00 00
b5b ff 01 01 00 00 00
b5d ff 00 01 00 00 00
b5f fe 00 01 00 00 00
b65 fe 01 01 00 00 00
b67 ff 01 01 00 00 00
b69 ff 00 01 00 00 00
b6b fe 00 01 00 00 00
b71 fe 01 01 00 00 00
b73 ff 01 01 00 00 00
b75 ff 00 01 00 00 00
b77 fe 00 01 00 00 00
b7d fe 01 01 00 00 00
b7f ff 01 01 00 00 00
b81 ff 00 01 00 00 00
b83 fe 00 01 00 00 00
b89 fe 01 01 00 00 00
b8b ff 01 01 00 00 00
b8d ff 00 01 00 00 00
b8f fe 00 01 00 00 00
b95 fe 01 01 00 00 00
b97 ff 01 01 00 00 00
b99 ff 00 01 00 00 00
b9b fe 00 01 00 00 00
ba1 fe 01 01 00 00 00
ba3 ff 01 01 00 00 00
ba5 ff 00 01 00 00 00
ba7 fe 00 01 00 00 00
bad fe 01 01 00 00 00
baf ff 01 01 00 00 00
bb1 ff 00 01 00 00 00
bb3 fe 00 01 00 00 00
bb9 fe 01 01 00 00 00
bbb ff 01 01 00 00 00
bbd ff 00 01 00 00 00
bbf fe 00 01 00 00 00
bc5 fe 01 01 00 00 00
bc7 ff 01 01 00 00 00
bc9 ff 00 01 00 00 00
bcb fe 00 01 00 00 00
bd1 fe 01 01 00 00 00
bd3 ff 01 01 00 00 00
bd5 ff 00 01 00 00 00
bd7 fe 00 01 00 00 00
bdd fe 01 01 00 00 00
bdf ff 01 01 00 00 00
be1 ff 00 01 00 00 00
be3 fe 00 01 00 00 00
be9 fe 01 01 00 00 00
beb ff 01 01 00 00 00
bed ff 00 01 00 00 00
bef fe 00 01 00 00 00
bf5 fe 01 01 00 00 00
bf7 ff 01 01 00 00 00
bf9 ff 00 01 00 00 00
bfb fe 00 01 00 00 00
c01 fe 01 01 00 00 00
c03 ff 01 01 00 00 00
c05 ff 00 01 00 00 00
c07 fe 00 01 00 00 00
c0d fe 01 01 00 00 00
c0f ff 01 01 00 00 00
c11 ff 00 01 00 00 00
c13 fe 00 01 00 00 00
c19 fe 01 01 00 00 00
c1b ff 01 01 00 00 00
c1d ff 00 01 00 00 00
c1f fe 00 01 00 00 00
c25 fe 01 01 00 00 00
c27 ff 01 01 00 00 00
c29 ff 00 01 00 00 00
c2b fe 00 01 00 00 00
c31 fe 01 01 00 00 00
c33 ff 01 01 00 00 00
c35 ff 00 01 00 00 00
c37 fe 00 01 00 00 00
c3d fe 01 01 00 00 00
c3f ff 01 01 00 00 00
c41 ff 00 01 00 00 00
c43 fe 00 01 00 00 00
c49 fe 01 01 00 00 00
c4b ff 01 01 00 00 00
c4d ff 00 01 00 00 00
c4f fe 00 01 00 00 00
c55 fe 01 01 00 00 00
c57 ff 01 01 00 00 00
c59 ff 00 01 00 00 00
c5b fe 00 01 00 00 00
c61 fe 01 01 00 00 00
c63 ff 01 01 00 00 00
c65 ff 00 01 00 00 00
c67 fe 00 01 00 00 00
c6d fe 01 01 00 00 00
c6f ff 01 01 00 00 00
c71 ff 00 01 00 00 00
c73 fe 00 01 00 00 00
c79 fe 01 01 00 00 00
c7b ff 01 01 00 00 00
c7d ff 00 01 00 00 00
c7f fe 00 01 00 00 00
c85 fe 01 01 00 00 00
c87 ff 01 01 00 00 00
c89 ff 00 01 00 00 00
c8b fe 00 01 00 00 00
c91 fe 01 01 00 00 00
c93 ff 01 01 00 00 00
c95 ff 00 01 00 00 00
c97 fe 00 01 00 00 00
c9d fe 01 01 00 00 00
c9f ff 01 01 00 00 00
ca1 ff 00 01 00 00 00
ca3 fe 00 01 00 00 00
ca9 fe 01 01 00 00 00
cab ff 01 01 00 00 00
cad ff 00 01 00 00 00
caf fe 00 01 00 00 00
cb5 fe 01 01 00 00 00
cb7 ff 01 01 00 00 00
cb9 ff 00 01 00 00 00
cbb fe 00 01 00 00 00
cc1 fe 01 01 00 00 00
cc3 ff 01 01 00 00 00
cc5 ff 00 01 00 00 00
cc7 fe 00 01 00 00 00
ccd fe 01 01 00 00 00
ccf ff 01 01 00 00 00
cd1 ff 00 01 00 00 00
cd3 fe 00 01 00 00 00
cd9 fe 01 01 00 00 00
cdb ff 01 01 00 00 00
cdd ff 00 01 00 00 00
cdf fe 00 01 00 00 00
ce5 fe 01 01 00 00 00
ce7 ff 01 01 00 00 00
ce9 ff 00 01 00 00 00
ceb fe 00 01 00 00 00
cf1 fe 01 01 00 00 00
cf3 ff 01 01 00 00 00
cf5 ff 00 01 00 00 00
cf7 fe 00 01 00 00 00
cfd fe 01 01 00 00 00
cff ff 01 01 00 00 00
d01 ff 00 01 00 00 00
d03 fe 00 01 00 00 00
d09 fe 01 01 00 00 00
d0b ff 01 01 00 00 00
d0d ff 00 01 00 00 00
d0f fe 00 01 00 00 00
d15 fe 01 01 00 00 00
d17 ff 01 01 00 00 00
d19 ff 00 01 00 00 00
d1b fe 00 01 00 00 00
d21 fe 01 01 00 00 00
d23 ff 01 01 00 00 00
d25 ff 00 01 00 00 00
d27 fe 00 01 00 00 00
d2d fe 01 01 00 00 00
d2f ff 01 01 00 00 00
d31 ff 00 01 00 00 00
d33 fe 00 01 00 00 00
d39 fe 01 01 00 00 00
d3b ff 01 01 00 00 00
d3d ff 00 01 00 00 00
d3f fe 00 01 00 00 00
d45 fe 01 01 00 00 00
d47 ff 01 01 00 00 00
d49 ff 00 01 00 00 00
d4b fe 00 01 00 00 00
d51 fe 01 01 00 00 00
d53 ff 01 01 00 00 00
d55 ff 00 01 00 00 00
d57 fe 00 01 00 00 00
d5d fe 01 01 00 00 00
d5f ff 01 01 00 00 00
d61 ff 00 01 00 00 00
d63 fe 00 01 00 00 00
d69 fe 01 01 00 00 00
d6b ff 01 01 00 00 00
d6d ff 00 01 00 00 00
d6f fe 00 01 00 00 00
d75 fe 01 01 00 00 00
d77 ff 01 01 00 00 00
d79 ff 00 01 00 00 00
d7b fe 00 01 00 00 00
d81 fe 01 01 00 00 00
d83 ff 01 01 00 00 00
d85 ff 00 01 00 00 00
d87 fe 00 01 00 00 00
d8d fe 01 01 00 00 00
d8f ff 01 01 00 00 00
d91 ff 00 01 00 00 00
d93 fe 00 01 00 00 00
d99 fe 01 01 00 00 00
d9b ff 01 01 00 00 00
d9d ff 00 01 00 00 00
d9f fe 00 01 00 00 00
da5 fe 01 01 00 00 00
da7 ff 01 01 00 00 00
da9 ff 00 01 00 00 00
dab fe 00 01 00 00 00
db1 fe 01 01 00 00 00
db3 ff 01 01 00 00 00
db5 ff 00 01 00 00 00
db7 fe 00 01 00 00 00
dbd fe 01 01 00 00 00
dbf ff 01 01 00 00 00
dc1 ff 00 01 00 00 00
dc3 fe 00 01 00 00 00
dc9 fe 01 01 00 00 00
dcb ff 01 01 00 00 00
dcd ff 00 01 00 00 00
dcf fe 00 01 00 00 00
dd5 fe 01 01 00 00 00
dd7 ff 01 01 00 00 00
dd9 ff 00 01 00 00 00
ddb fe 00 01 00 00 00
de1 fe 01 01 00 00 00
de3 ff 01 01 00 00 00
de5 ff 00 01 00 00 00
de7 fe 00 01 00 00 00
ded fe 01 01 00 00 00
def ff 01 01 00 00 00
df1 ff 00 01 00 00 00
df3 fe 00 01 00 00 00
df9 fe 01 01 00 00 00
dfb ff 01 01 00 00 00
dfd ff 00 01 00 00 00
dff fe 00 01 00 00 00
e05 fe 01 01 00 00 00
e07 ff 01 01 00 00 00
e09 ff 00 01 00 00 00
e0b fe 00 01 00 00 00
e11 fe 01 01 00 00 00
e13 ff 01 01 00 00 00
e15 ff 00 01 00 00 00
e17 fe 00 01 00 00 00
e1d fe 01 01 00 00 00
e1f ff 01 01 00 00 00
e21 ff 00 01 00 00 00
e23 fe 00 01 00 00 00
e29 fe 01 01 00 00 00
e2b ff 01 01 00 00 00
e2d ff 00 01 00 00 00
e2f fe 00 01 00 00 00
e35 fe 01 01 00 00 00
e37 ff 01 01 00 00 00
e39 ff 00 01 00 00 00
e3b fe 00 01 00 00 00
e41 fe 01 01 00 00 00
e43 ff 01 01 00 00 00
e45 ff 00 01 00 00 00
e47 fe 00 01 00 00 00
e4d fe 01 01 00 00 00
e4f ff 01 01 00 00 00
e51 ff 00 01 00 00 00
e53 fe 00 01 00 00 00
e59 fe 01 01 00 00 00
e5b ff 01 01 00 00 00
e5d ff 00 01 00 00 00
e5f fe 00 01 00 00 00
e65 fe 01 01 00 00 00
e67 ff 01 01 00 00 00
e69 ff 00 01 00 00 00
e6b fe 00 01 00 00 00
e71 fe 01 01 00 00 00
e73 ff 01 01 00 00 00
e75 ff 00 01 00 00 00
e77 fe 00 01 00 00 00
e7d fe 01 01 00 00 00
e7f ff 01 01 00 00 00
e81 ff 00 01 00 00 00
e83 fe 00 01 00 00 00
e89 fe 01 01 00 00 00
e8b ff 01 01 00 00 00
e8d ff 00 01 00 00 00
e8f fe 00 01 00 00 00
e95 fe 01 01 00 00 00
e97 ff 01 01 00 00 00
e99 ff 00 01 00 00 00
e9b fe 00 01 00 00 00
ea1 fe 01 01 00 00 00
ea3 ff 01 01 00 00 00
ea5 ff 00 01 00 00 00
ea7 fe 00 01 00 00 00
ead fe 01 01 00 00 00
eaf ff 01 01 00 00 00
eb1 ff 00 01 00 00 00
eb3 fe 00 01 00 00 00
eb9 fe 01 01 00 00 00
ebb ff 01 01 00 00 00
ebd ff 00 01 00 00 00
ebf fe 00 01 00 00 00
ec5 fe 01 01 00 00 00
ec7 ff 01 01 00 00 00
ec9 ff 00 01 00 00 00
ecb fe 00 01 00 00 00
ed1 fe 01 01 00 00 00
ed3 ff 01 01 00 00 00
ed5 ff 00 01 00 00 00
ed7 fe 00 01 00 00 00
edd fe 01 01 00 00 00
edf ff 01 01 00 00 00
ee1 ff 00 01 00 00 00
ee3 fe 00 01 00 00 00
ee9 fe 01 01 00 00 00
eeb ff 01 01 00 00 00
eed ff 00 01 00 00 00
eef fe 00 01 00 00 00
ef5 fe 01 01 00 00 00
ef7 ff 01 01 00 00 00
ef9 ff 00 01 00 00 00
efb fe 00 01 00 00 00
f01 fe 01 01 00 00 00
f03 ff 01 01 00 00 00
f05 ff 00 01 00 00 00
f07 fe 00 01 00 00 00
f0d fe 01 01 00 00 00
f0f ff 01 01 00 00 00
f11 ff 00 01 00 00 00
f13 fe 00 01 00 00 00
f19 fe 01 01 00 00 00
f1b ff 01 01 00 00 00
f1d ff 00 01 00 00 00
f1f fe 00 01 00 00 00
f25 fe 01 01 00 00 00
f27 ff 01 01 00 00 00
f29 ff 00 01 00 00 00
f2b fe 00 01 00 00 00
f31 fe 01 01 00 00 00
f33 ff 01 01 00 00 00
f35 ff 00 01 00 00 00
f37 fe 00 01 00 00 00
f3d fe 01 01 00 00 00
f3f ff 01 01 00 00 00
f41 ff 00 01 00 00 00
f43 fe 00 01 00 00 00
f49 fe 01 01 00 00 00
f4b ff 01 01 00 00 00
f4d ff 00 01 00 00 00
f4f fe 00 01 00 00 00
f55 fe 01 01 00 00 00
f57 ff 01 01 00 00 00
f59 ff 00 01 00 00 00
f5b fe 00 01 00 00 00
f61 fe 01 01 00 00 00
f63 ff 01 01 00 00 00
f65 ff 00 01 00 00 00
f67 fe 00 01 00 00 00
f6d fe 01 01 00 00 00
f6f ff 01 01 00 00 00
f71 ff 00 01 00 00 00
f73 fe 00 01 00 00 00
f79 fe 01 01 00 00 00
f7b ff 01 01 00 00 00
f7d ff 00 01 00 00 00
f7f fe 00 01 00 00 00
f85 fe 01 01 00 00 00
f87 ff 01 01 00 00 00
f89 ff 00 01 00 00 00
f8b fe 00 01 00 00 00
f91 fe 01 01 00 00 00
f93 ff 01 01 00 00 00
f95 ff 00 01 00 00 00
f97 fe 00 01 00 00 00
f9d fe 01 01 00 00 00
f9f ff 01 01 00 00 00
fa1 ff 00 01 00 00 00
fa3 fe 00 01 00 00 00
fa9 fe 01 01 00 00 00
fab ff 01 01 00 00 00
fad ff 00 01 00 00 00
faf fe 00 01 00 00 00
fb5 fe 01 01 00 00 00
fb7 ff 01 01 00 00 00
fb9 ff 00 01 00 00 00
fbb fe 00 01 00 00 00
fc1 fe 01 01 00 00 00
fc3 ff 01 01 00 00 00
fc5 ff 00 01 00 00 00
fc7 fe 00 01 00 00 00
fcd fe 01 01 00 00 00
fcf ff 01 01 00 00 00
fd1 ff 00 01 00 00 00
fd3 fe 00 01 00 00 00
fd9 fe 01 01 00 00 00
fdb ff 01 01 00 00 00
fdd ff 00 01 00 00 00
fdf fe 00 01 00 00 00
fe5 fe 01 01 00 00 00
fe7 ff 01 01 00 00 00
fe9 ff 00 01 00 00 00
feb fe 00 01 00 00 00
ff1 fe 01 01 00 00 00
ff3 ff 01 01 00 00 00
ff5 ff 00 01 00 00 00
ff7 fe 00 01 00 00 00
ffd fe 01 01 00 00 00
fff ff 01 01 00 00 00
1001 ff 00 01 00 00 00
1003 fe 00 01 00 00 00
1009 fe 01 01 00 00 00
100b ff 01 01 00 00 00
100d ff 00 01 00 00 00
100f fe 00 01 00 00 00
1015 fe 01 01 00 00 00
1017 ff 01 01 00 00 00
1019 ff 00 01 00 00 00
101b fe 00 01 00 00 00
1021 fe 01 01 00 00 00
1023 ff 01 01 00 00 00
1025 ff 00 01 00 00 00
1027 fe 00 01 00 00 00
102d fe 01 01 00 00 00
102f ff 01 01 00 00 00
1031 ff 00 01 00 00 00
1033 fe 00 01 00 00 00
1039 fe 01 01 00 00 00
103b ff 01 01 00 00 00
103d ff 00 01 00 00 00
103f fe 00 01 00 00 00
1045 fe 01 01 00 00 00
1047 ff 01 01 00 00 00
1049 ff 00 01 00 00 00
104b fe 00 01 00 00 00
1051 fe 01 01 00 00 00
1053 ff 01 01 00 00 00
1055 ff 00 01 00 00 00
1057 fe 00 01 00 00 00
105d fe 01 01 00 00 00
105f ff 01 01 00 00 00
1061 ff 00 01 00 00 00
1063 fe 00 01 00 00 00
1069 fe 01 01 00 00 00
106b ff 01 01 00 00 00
106d ff 00 01 00 00 00
106f fe 00 01 00 00 00
1075 fe 01 01 00 00 00
1077 ff 01 01 00 00 00
1079 ff 00 01 00 00 00
107b fe 00 01 00 00 00
1081 fe 01 01 00 00 00
1083 ff 01 01 00 00 00
1085 ff 00 01 00 00 00
1087 fe 00 01 00 00 00
108d fe 01 01 00 00 00
108f ff 01 01 00 00 00
1091 ff 00 01 00 00 00
1093 fe 00 01 00 00 00
1099 fe 01 01 00 00 00
109b ff 01 01 00 00 00
109d ff 00 01 00 00 00
109f fe 00 01 00 00 00
10a5 fe 01 01 00 00 00
10a7 ff 01 01 00 00 00
10a9 ff 00 01 00 00 00
10ab fe 00 01 00 00 00
10b1 fe 01 01 00 00 00
10b3 ff 01 01 00 00 00
10b5 ff 00 01 00 00 00
10b7 fe 00 01 00 00 00
10bd fe 01 01 00 00 00
10bf ff 01 01 00 00 00
10c1 ff 00 01 00 00 00
10c3 fe 00 01 00 00 00
10c9 fe 01 01 00 00 00
10cb ff 01 01 00 00 00
10cd ff 00 01 00 00 00
10cf fe 00 01 00 00 00
10d5 fe 01 01 00 00 00
10d7 ff 01 01 00 00 00
10d9 ff 00 01 00 00 00
10db fe 00 01 00 00 00
10e1 fe 01 01 00 00 00
10e3 ff 01 01 00 00 00
10e5 ff 00 01 00 00 00
10e7 fe 00 01 00 00 00
10ed fe 01 01 00 00 00
10ef ff 01 01 00 00 00
10f1 ff 00 01 00 00 00
10f3 fe 00 01 00 00 00
10f9 fe 01 01 00 00 00
10fb ff 01 01 00 00 00
10fd ff 00 01 00 00 00
10ff fe 00 01 00 00 00
1105 fe 01 01 00 00 00
1107 ff 01 01 00 00 00
1109 ff 00 01 00 00 00
110b fe 00 01 00 00 00
1111 fe 01 01 00 00 00
1113 ff 01 01 00 00 00
1115 ff 00 01 00 00 00
1117 fe 00 01 00 00 00
111d fe 01 01 00 00 00
111f ff 01 01 00 00 00
1121 ff 00 01 00 00 00
1123 fe 00 01 00 00 00
1129 fe 01 01 00 00 00
112b ff 01 01 00 00 00
112d ff 00 01 00 00 00
112f fe 00 01 00 00 00
1135 fe 01 01 00 00 00
1137 ff 01 01 00 00 00
1139 ff 00 01 00 00 00
113b fe 00 01 00 00 00
1141 fe 01 01 00 00 00
1143 ff 01 01 00 00 00
1145 ff 00 01 00 00 00
1147 fe 00 01 00 00 00
114d fe 01 01 00 00 00
114f ff 01 01 00 00 00
1151 ff 00 01 00 00 00
1153 fe 00 01 00 00 00
1159 fe 01 01 00 00 00
115b ff 01 01 00 00 00
115d ff 00 01 00 00 00
115f fe 00 01 00 00 00
1165 fe 01 01 00 00 00
1167 ff 01 01 00 00 00
1169 ff 00 01 00 00 00
116b fe 00 01 00 00 00
1171 fe 01 01 00 00 00
1173 ff 01 01 00 00 00
1175 ff 00 01 00 00 00
1177 fe 00 01 00 00 00
117d fe 01 01 00 00 00
117f ff 01 01 00 00 00
1181 ff 00 01 00 00 00
1183 fe 00 01 00 00 00
1189 fe 01 01 00 00 00
118b ff 01 01 00 00 00
118d ff 00 01 00 00 00
118f fe 00 01 00 00 00
1195 fe 01 01 00 00 00
1197 ff 01 01 00 00 00
1199 ff 00 01 00 00 00
119b fe 00 01 00 00 00
11a1 fe 01 01 00 00 00
11a3 ff 01 01 00 00 00
11a5 ff 00 01 00 00 00
11a7 fe 00 01 00 00 00
11ad fe 01 01 00 00 00
11af ff 01 01 00 00 00
11b1 ff 00 01 00 00 00
11b3 fe 00 01 00 00 00
11b9 fe 01 01 00 00 00
11bb ff 01 01 00 00 00
11bd ff 00 01 00 00 00
11bf fe 00 01 00 00 00
11c5 fe 01 01 00 00 00
11c7 ff 01 01 00 00 00
11c9 ff 00 01 00 00 00
11cb fe 00 01 00 00 00
11d1 fe 01 01 00 00 00
11d3 ff 01 01 00 00 00
11d5 ff 00 01 00 00 00
11d7 fe 00 01 00 00 00
11dd fe 01 01 00 00 00
11df ff 01 01 00 00 00
11e1 ff 00 01 00 00 00
11e3 fe 00 01 00 00 00
11e9 fe 01 01 00 00 00
11eb ff 01 01 00 00 00
11ed ff 00 01 00 00 00
11ef fe 00 01 00 00 00
11f5 fe 01 01 00 00 00
11f7 ff 01 01 00 00 00
11f9 ff 00 01 00 00 00
11fb fe 00 01 00 00 00
1201 fe 01 01 00 00 00
1203 ff 01 01 00 00 00
1205 ff 00 01 00 00 00
1207 fe 00 01 00 00 00
120d fe 01 01 00 00 00
120f ff 01 01 00 00 00
1211 ff 00 01 00 00 00
1213 fe 00 01 00 00 00
1219 fe 01 01 00 00 00
121b ff 01 01 00 00 00
121d ff 00 01 00 00 00
121f fe 00 01 00 00 00
1225 fe 01 01 00 00 00
1227 ff 01 01 00 00 00
1229 ff 00 01 00 00 00
122b fe 00 01 00 00 00
1231 fe 01 01 00 00 00
1233 ff 01 01 00 00 00
1235 ff 00 01 00 00 00
1237 fe 00 01 00 00 00
123d fe 01 01 00 00 00
123f ff 01 01 00 00 00
1241 ff 00 01 00 00 00
1243 fe 00 01 00 00 00
1249 fe 01 01 00 00 00
124b ff 01 01 00 00 00
124d ff 00 01 00 00 00
124f fe 00 01 00 00 00
1255 fe 01 01 00 00 00
1257 ff 01 01 00 00 00
1259 ff 00 01 00 00 00
125b fe 00 01 00 00 00
1261 fe 01 01 00 00 00
1263 ff 01 01 00 00 00
1265 ff 00 01 00 00 00
1267 fe 00 01 00 00 00
126d fe 01 01 00 00 00
126f ff 01 01 00 00 00
1271 ff 00 01 00 00 00
1273 fe 00 01 00 00 00
1279 fe 01 01 00 00 00
127b ff 01 01 00 00 00
127d ff 00 01 00 00 00
127f fe 00 01 00 00 00
1285 fe 01 01 00 00 00
1287 ff 01 01 00 00 00
1289 ff 00 01 00 00 00
128b fe 00 01 00 00 00
1291 fe 01 01 00 00 00
1293 ff 01 01 00 00 00
1295 ff 00 01 00 00 00
1297 fe 00 01 00 00 00
129d fe 01 01 00 00 00
129f ff 01 01 00 00 00
12a1 ff 00 01 00 00 00
12a3 fe 00 01 00 00 00
12a9 fe 01 01 00 00 00
12ab ff 01 01 00 00 00
12ad ff 00 01 00 00 00
12af fe 00 01 00 00 00
12b5 fe 01 01 00 00 00
12b7 ff 01 01 00 00 00
12b9 ff 00 01 00 00 00
12bb fe 00 01 00 00 00
12c1 fe 01 01 00 00 00
12c3 ff 01 01 00 00 00
12c5 ff 00 01 00 00 00
12c7 fe 00 01 00 00 00
12cd fe 01 01 00 00 00
12cf ff 01 01 00 00 00
12d1 ff 00 01 00 00 00
12d3 fe 00 01 00 00 00
12d9 fe 01 01 00 00 00
12db ff 01 01 00 00 00
12dd ff 00 01 00 00 00
12df fe 00 01 00 00 00
12e5 fe 01 01 00 00 00
12e7 ff 01 01 00 00 00
12e9 ff 00 01 00 00 00
12eb fe 00 01 00 00 00
12f1 fe 01 01 00 00 00
12f3 ff 01 01 00 00 00
12f5 ff 00 01 00 00 00
12f7 fe 00 01 00 00 00
12fd fe 01 01 00 00 00
12ff ff 01 01 00 00 00
1301 ff 00 01 00 00 00
1303 fe 00 01 00 00 00
1309 fe 01 01 00 00 00
130b ff 01 01 00 00 00
130d ff 00 01 00 00 00
130f fe 00 01 00 00 00
1315 fe 01 01 00 00 00
1317 ff 01 01 00 00 00
1319 ff 00 01 00 00 00
131b fe 00 01 00 00 00
1321 fe 01 01 00 00 00
1323 ff 01 01 00 00 00
1325 ff 00 01 00 00 00
1327 fe 00 01 00 00 00
132d fe 01 01 00 00 00
132f ff 01 01 00 00 00
1331 ff 00 01 00 00 00
1333 fe 00 01 00 00 00
1339 fe 01 01 00 00 00
133b ff 01 01 00 00 00
133d ff 00 01 00 00 00
133f fe 00 01 00 00 00
1345 fe 01 01 00 00 00
1347 ff 01 01 00 00 00
1349 ff 00 01 00 00 00
134b fe 00 01 00 00 00
1351 fe 01 01 00 00 00
1353 ff 01 01 00 00 00
1355 ff 00 01 00 00 00
1357 fe 00 01 00 00 00
135d fe 01 01 00 00 00
135f ff 01 01 00 00 00
1361 ff 00 01 00 00 00
1363 fe 00 01 00 00 00
1369 fe 01 01 00 00 00
136b ff 01 01 00 00 00
136d ff 00 01 00 00 00
136f fe 00 01 00 00 00
1375 fe 01 01 00 00 00
1377 ff 01 01 00 00 00
1379 ff 00 01 00 00 00
137b fe 00 01 00 00 00
1381 fe 01 01 00 00 00
1383 ff 01 01 00 00 00
1385 ff 00 01 00 00 00
1387 fe 00 01 00 00 00
138d fe 01 01 00 00 00
138f ff 01 01 00 00 00
1391 ff 00 01 00 00 00
1393 fe 00 01 00 00 00
1399 fe 01 01 00 00 00
139b ff 01 01 00 00 00
139d ff 00 01 00 00 00
139f fe 00 01 00 00 00
13a5 fe 01 01 00 00 00
13a7 ff 01 01 00 00 00
13a9 ff 00 01 00 00 00
13ab fe 00 01 00 00 00
13b1 fe 01 01 00 00 00
13b3 ff 01 01 00 00 00
13b5 ff 00 01 00 00 00
13b7 fe 00 01 00 00 00
13bd fe 01 01 00 00 00
13bf ff 01 01 00 00 00
13c1 ff 00 01 00 00 00
13c3 fe 00 01 00 00 00
13c9 fe 01 01 00 00 00
13cb ff 01 01 00 00 00
13cd ff 00 01 00 00 00
13cf fe 00 01 00 00 00
13d5 fe 01 01 00 00 00
13d7 ff 01 01 00 00 00
13d9 ff 00 01 00 00 00
13db fe 00 01 00 00 00
13e1 fe 01 01 00 00 00
13e3 ff 01 01 00 00 00
13e5 ff 00 01 00 00 00
13e7 fe 00 01 00 00 00
13ed fe 01 01 00 00 00
13ef ff 01 01 00 00 00
13f1 ff 00 01 00 00 00
13f3 fe 00 01 00 00 00
13f9 fe 01 01 00 00 00
13fb ff 01 01 00 00 00
13fd ff 00 01 00 00 00
13ff fe 00 01 00 00 00
1405 fe 01 01 00 00 00
1407 ff 01 01 00 00 00
1409 ff 00 01 00 00 00
140b fe 00 01 00 00 00
1411 fe 01 01 00 00 00
1413 ff 01 01 00 00 00
1415 ff 00 01 00 00 00
1417 fe 00 01 00 00 00
141d fe 01 01 00 00 00
141f ff 01 01 00 00 00
1421 ff 00 01 00 00 00
1423 fe 00 01 00 00 00
1429 fe 01 01 00 00 00
142b ff 01 01 00 00 00
142d ff 00 01 00 00 00
142f fe 00 01 00 00 00
1435 fe 01 01 00 00 00
1437 ff 01 01 00 00 00
1439 ff 00 01 00 00 00
143b fe 00 01 00 00 00
1441 fe 01 01 00 00 00
1443 ff 01 01 00 00 00
1445 ff 00 01 00 00 00
1447 fe 00 01 00 00 00
144d fe 01 01 00 00 00
144f ff 01 01 00 00 00
1451 ff 00 01 00 00 00
1453 fe 00 01 00 00 00
1459 fe 01 01 00 00 00
145b ff 01 01 00 00 00
145d ff 00 01 00 00 00
145f fe 00 01 00 00 00
1465 fe 01 01 00 00 00
1467 ff 01 01 00 00 00
1469 ff 00 01 00 00 00
146b fe 00 01 00 00 00
1471 fe 01 01 00 00 00
1473 ff 01 01 00 00 00
1475 ff 00 01 00 00 00
1477 fe 00 01 00 00 00
147d fe 01 01 00 00 00
147f ff 01 01 00 00 00
1481 ff 00 01 00 00 00
1483 fe 00 01 00 00 00
1489 fe 01 01 00 00 00
148b ff 01 01 00 00 00
148d ff 00 01 00 00 00
148f fe 00 01 00 00 00
1495 fe 01 01 00 00 00
1497 ff 01 01 00 00 00
1499 ff 00 01 00 00 00
149b fe 00 01 00 00 00
14a1 fe 01 01 00 00 00
14a3 ff 01 01 00 00 00
14a5 ff 00 01 00 00 00
14a7 fe 00 01 00 00 00
14ad fe 01 01 00 00 00
14af ff 01 01 00 00 00
14b1 ff 00 01 00 00 00
14b3 fe 00 01 00 00 00
14b9 fe 01 01 00 00 00
14bb ff 01 01 00 00 00
14bd ff 00 01 00 00 00
14bf fe 00 01 00 00 00
14c5 fe 01 01 00 00 00
14c7 ff 01 01 00 00 00
14c9 ff 00 01 00 00 00
14cb fe 00 01 00 00 00
14d1 fe 01 01 00 00 00
14d3 ff 01 01 00 00 00
14d5 ff 00 01 00 00 00
14d7 fe 00 01 00 00 00
14dd fe 01 01 00 00 00
14df ff 01 01 00 00 00
14e1 ff 00 01 00 00 00
14e3 fe 00 01 00 00 00
14e9 fe 01 01 00 00 00
14eb ff 01 01 00 00 00
14ed ff 00 01 00 00 00
14ef fe 00 01 00 00 00
14f5 fe 01 01 00 00 00
14f7 ff 01 01 00 00 00
14f9 ff 00 01 00 00 00
14fb fe 00 01 00 00 00
1501 fe 01 01 00 00 00
1503 ff 01 01 00 00 00
1505 ff 00 01 00 00 00
1507 fe 00 01 00 00 00
150d fe 01 01 00 00 00
150f ff 01 01 00 00 00
1511 ff 00 01 00 00 00
1513 fe 00 01 00 00 00
1519 fe 01 01 00 00 00
151b ff 01 01 00 00 00
151d ff 00 01 00 00 00
151f fe 00 01 00 00 00
1525 fe 01 01 00 00 00
1527 ff 01 01 00 00 00
1529 ff 00 01 00 00 00
152b fe 00 01 00 00 00
1531 fe 01 01 00 00 00
1533 ff 01 01 00 00 00
1535 ff 00 01 00 00 00
1537 fe 00 01 00 00 00
153d fe 01 01 00 00 00
153f ff 01 01 00 00 00
1541 ff 00 01 00 00 00
1543 fe 00 01 00 00 00
1549 fe 01 01 00 00 00
154b ff 01 01 00 00 00
154d ff 00 01 00 00 00
154f fe 00 01 00 00 00
1555 fe 01 01 00 00 00
1557 ff 01 01 00 00 00
1559 ff 00 01 00 00 00
155b fe 00 01 00 00 00
1561 fe 01 01 00 00 00
1563 ff 01 01 00 00 00
1565 ff 00 01 00 00 00
1567 fe 00 01 00 00 00
156d fe 01 01 00 00 00
156f ff 01 01 00 00 00
1571 ff 00 01 00 00 00
1573 fe 00 01 00 00 00
1579 fe 01 01 00 00 00
157b ff 01 01 00 00 00
157d ff 00 01 00 00 00
157f fe 00 01 00 00 00
1585 fe 01 01 00 00 00
1587 ff 01 01 00 00 00
1589 ff 00 01 00 00 00
158b fe 00 01 00 00 00
1591 fe 01 01 00 00 00
1593 ff 01 01 00 00 00
1595 ff 00 01 00 00 00
1597 fe 00 01 00 00 00
159d fe 01 01 00 00 00
159f ff 01 01 00 00 00
15a1 ff 00 01 00 00 00
15a3 fe 00 01 00 00 00
15a9 fe 01 01 00 00 00
15ab ff 01 01 00 00 00
15ad ff 00 01 00 00 00
15af fe 00 01 00 00 00
15b5 fe 01 01 00 00 00
15b7 ff 01 01 00 00 00
15b9 ff 00 01 00 00 00
15bb fe 00 01 00 00 00
15c1 fe 01 01 00 00 00
15c3 ff 01 01 00 00 00
15c5 ff 00 01 00 00 00
15c7 fe 00 01 00 00 00
15cd fe 01 01 00 00 00
15cf ff 01 01 00 00 00
15d1 ff 00 01 00 00 00
15d3 fe 00 01 00 00 00
15d9 fe 01 01 00 00 00
15db ff 01 01 00 00 00
15dd ff 00 01 00 00 00
15df fe 00 01 00 00 00
15e5 fe 01 01 00 00 00
15e7 ff 01 01 00 00 00
15e9 ff 00 01 00 00 00
15eb fe 00 01 00 00 00
15f1 fe 01 01 00 00 00
15f3 ff 01 01 00 00 00
15f5 ff 00 01 00 00 00
15f7 fe 00 01 00 00 00
15fd fe 01 01 00 00 00
15ff ff 01 01 00 00 00
1601 ff 00 01 00 00 00
1603 fe 00 01 00 00 00
1609 fe 01 01 00 00 00
160b ff 01 01 00 00 00
160d ff 00 01 00 00 00
160f fe 00 01 00 00 00
1615 fe 01 01 00 00 00
1617 ff 01 01 00 00 00
1619 ff 00 01 00 00 00
161b fe 00 01 00 00 00
1621 fe 01 01 00 00 00
1623 ff 01 01 00 00 00
1625 ff 00 01 00 00 00
1627 fe 00 01 00 00 00
162d fe 01 01 00 00 00
162f ff 01 01 00 00 00
1631 ff 00 01 00 00 00
1633 fe 00 01 00 00 00
1639 fe 01 01 00 00 00
163b ff 01 01 00 00 00
163d ff 00 01 00 00 00
163f fe 00 01 00 00 00
1645 fe 01 01 00 00 00
1647 ff 01 01 00 00 00
1649 ff 00 01 00 00 00
164b fe 00 01 00 00 00
1651 fe 01 01 00 00 00
1653 ff 01 01 00 00 00
1655 ff 00 01 00 00 00
1657 fe 00 01 00 00 00
165d fe 01 01 00 00 00
165f ff 01 01 00 00 00
1661 ff 00 01 00 00 00
1663 fe 00 01 00 00 00
1669 fe 01 01 00 00 00
166b ff 01 01 00 00 00
166d ff 00 01 00 00 00
166f fe 00 01 00 00 00
1675 fe 01 01 00 00 00
1677 ff 01 01 00 00 00
1679 ff 00 01 00 00 00
167b fe 00 01 00 00 00
1681 fe 01 01 00 00 00
1683 ff 01 01 00 00 00
1685 ff 00 01 00 00 00
1687 fe 00 01 00 00 00
168d fe 01 01 00 00 00
168f ff 01 01 00 00 00
1691 ff 00 01 00 00 00
1693 fe 00 01 00 00 00
1699 fe 01 01 00 00 00
169b ff 01 01 00 00 00
169d ff 00 01 00 00 00
169f fe 00 01 00 00 00
16a5 fe 01 01 00 00 00
16a7 ff 01 01 00 00 00
16a9 ff 00 01 00 00 00
16ab fe 00 01 00 00 00
16b1 fe 01 01 00 00 00
16b3 ff 01 01 00 00 00
16b5 ff 00 01 00 00 00
16b7 fe 00 01 00 00 00
16bd fe 01 01 00 00 00
16bf ff 01 01 00 00 00
16c1 ff 00 01 00 00 00
16c3 fe 00 01 00 00 00
16c9 fe 01 01 00 00 00
16cb ff 01 01 00 00 00
16cd ff 00 01 00 00 00
16cf fe 00 01 00 00 00
16d5 fe 01 01 00 00 00
16d7 ff 01 01 00 00 00
16d9 ff 00 01 00 00 00
16db fe 00 01 00 00 00
16e1 fe 01 01 00 00 00
16e3 ff 01 01 00 00 00
16e5 ff 00 01 00 00 00
16e7 fe 00 01 00 00 00
16ed fe 01 01 00 00 00
16ef ff 01 01 00 00 00
16f1 ff 00 01 00 00 00
16f3 fe 00 01 00 00 00
16f9 fe 01 01 00 00 00
16fb ff 01 01 00 00 00
16fd ff 00 01 00 00 00
16ff fe 00 01 00 00 00
1705 fe 01 01 00 00 00
1707 ff 01 01 00 00 00
1709 ff 00 01 00 00 00
170b fe 00 01 00 00 00
1711 fe 01 01 00 00 00
1713 ff 01 01 00 00 00
1715 ff 00 01 00 00 00
1717 fe 00 01 00 00 00
171d fe 01 01 00 00 00
171f ff 01 01 00 00 00
1721 ff 00 01 00 00 00
1723 fe 00 01 00 00 00
1729 fe 01 01 00 00 00
172b ff 01 01 00 00 00
172d ff 00 01 00 00 00
172f fe 00 01 00 00 00
1735 fe 01 01 00 00 00
1737 ff 01 01 00 00 00
1739 ff 00 01 00 00 00
173b fe 00 01 00 00 00
1741 fe 01 01 00 00 00
1743 ff 01 01 00 00 00
1745 ff 00 01 00 00 00
1747 fe 00 01 00 00 00
174d fe 01 01 00 00 00
174f ff 01 01 00 00 00
1751 ff 00 01 00 00 00
1753 fe 00 01 00 00 00
1759 fe 01 01 00 00 00
175b ff 01 01 00 00 00
175d ff 00 01 00 00 00
175f fe 00 01 00 00 00
1765 fe 01 01 00 00 00
1767 ff 01 01 00 00 00
1769 ff 00 01 00 00 00
176b fe 00 01 00 00 00
1771 fe 01 01 00 00 00
1773 ff 01 01 00 00 00
1775 ff 00 01 00 00 00
1777 fe 00 01 00 00 00
177d fe 01 01 00 00 00
177f ff 01 01 00 00 00
1781 ff 00 01 00 00 00
1783 fe 00 01 00 00 00
1789 fe 01 01 00 00 00
178b ff 01 01 00 00 00
178d ff 00 01 00 00 00
178f fe 00 01 00 00 00
1795 fe 01 01 00 00 00
1797 ff 01 01 00 00 00
1799 ff 00 01 00 00 00
179b fe 00 01 00 00 00
17a1 fe 01 01 00 00 00
17a3 ff 01 01 00 00 00
17a5 ff 00 01 00 00 00
17a7 fe 00 01 00 00 00
17ad fe 01 01 00 00 00
17af ff 01 01 00 00 00
17b1 ff 00 01 00 00 00
17b3 fe 00 01 00 00 00
17b9 fe 01 01 00 00 00
17bb ff 01 01 00 00 00
17bd ff 00 01 00 00 00
17bf fe 00 01 00 00 00
17c5 fe 01 01 00 00 00
17c7 ff 01 01 00 00 00
17c9 ff 00 01 00 00 00
17cb fe 00 01 00 00 00
17d1 fe 01 01 00 00 00
17d3 ff 01 01 00 00 00
17d5 ff 00 01 00 00 00
17d7 fe 00 01 00 00 00
17dd fe 01 01 00 00 00
17df ff 01 01 00 00 00
17e1 ff 00 01 00 00 00
17e3 fe 00 01 00 00 00
17e9 fe 01 01 00 00 00
17eb ff 01 01 00 00 00
17ed ff 00 01 00 00 00
17ef fe 00 01 00 00 00
17f5 fe 01 01 00 00 00
17f7 ff 01 01 00 00 00
17f9 ff 00 01 00 00 00
17fb fe 00 01 00 00 00
