27440 0 0
0 ff 00 00 00 00 00
1 ff 01 01 00 00 00
9 ff 00 01 00 00 00
b fe 00 01 00 00 00
211 fe 01 01 00 00 00
213 ff 01 01 00 00 00
a31 ff 00 01 00 00 00
a33 fe 00 01 00 00 00
e41 fe 01 01 00 00 00
e43 ff 01 01 00 00 00
1049 ff 00 01 00 00 00
104b fe 00 01 00 00 00
1251 fe 01 01 00 00 00
1253 ff 01 01 00 00 00
1459 ff 00 01 00 00 00
145b fe 00 01 00 00 00
1661 fe 01 01 00 00 00
1663 ff 01 01 00 00 00
1a71 ff 00 01 00 00 00
1a73 fe 00 01 00 00 00
1c79 fe 01 01 00 00 00
1c7b ff 01 01 00 00 00
1e81 ff 00 01 00 00 00
1e83 fe 00 01 00 00 00
2291 fe 01 01 00 00 00
2293 ff 01 01 00 00 00
2499 ff 00 01 00 00 00
249b fe 00 01 00 00 00
26a1 fe 01 01 00 00 00
26a3 ff 01 01 00 00 00
28a9 ff 00 01 00 00 00
28ab fe 00 01 00 00 00
2ab1 fe 01 01 00 00 00
2ab3 ff 01 01 00 00 00
2cb9 ff 00 01 00 00 00
2cbb fe 00 01 00 00 00
34d9 fe 01 01 00 00 00
34db ff 01 01 00 00 00
36e1 ff 00 01 00 00 00
36e3 fe 00 01 00 00 00
3af1 fe 01 01 00 00 00
3af3 ff 01 01 00 00 00
3cf9 ff 00 01 00 00 00
3cfb fe 00 01 00 00 00
3f01 fe 01 01 00 00 00
3f03 ff 01 01 00 00 00
4109 ff 00 01 00 00 00
410b fe 00 01 00 00 00
4311 fe 01 01 00 00 00
4313 ff 01 01 00 00 00
4721 ff 00 01 00 00 00
4723 fe 00 01 00 00 00
4f41 fe 01 01 00 00 00
4f43 ff 01 01 00 00 00
5149 ff 00 01 00 00 00
514b fe 00 01 00 00 00
5559 fe 01 01 00 00 00
555b ff 01 01 00 00 00
5761 ff 00 01 00 00 00
5763 fe 00 01 00 00 00
5969 fe 01 01 00 00 00
596b ff 01 01 00 00 00
5b71 ff 00 01 00 00 00
5b73 fe 00 01 00 00 00
6391 fe 01 01 00 00 00
6393 ff 01 01 00 00 00
