# Logfile created on 2026-09-25 02:48:53 +0000 by logger.rb/v1.6.0
2026-09-25 02:48:53 +0000: Memory Usage (412604K) : Starting running IHP-SG13G2 KLayout DRC runset on /work/pdk_bitcell.gds
2026-09-25 02:48:53 +0000: Memory Usage (412604K) : Ruby Version for klayout: 3.3.8
2026-09-25 02:48:53 +0000: Memory Usage (413932K) : Loading database to memory is complete.
2026-09-25 02:48:53 +0000: Memory Usage (413932K) : IHP-SG13G2 KLayout DRC runset output at: /work/drc/PDK_16x2_NOMARK/pdk_bitcell_PDK_16x2_NOMARK_main.lyrdb
2026-09-25 02:48:53 +0000: Memory Usage (414204K) : Evaluate switches.
2026-09-25 02:48:53 +0000: Memory Usage (414204K) : tables selected: main
2026-09-25 02:48:53 +0000: Memory Usage (414204K) : KLayout will use 32 thread(s) in tiling mode.
2026-09-25 02:48:53 +0000: Memory Usage (414204K) : flat mode is enabled.
2026-09-25 02:48:53 +0000: Memory Usage (414204K) : FEOL enabled: true
2026-09-25 02:48:53 +0000: Memory Usage (414204K) : BEOL enabled: true
2026-09-25 02:48:53 +0000: Memory Usage (414204K) : OFFGRID enabled: true
2026-09-25 02:48:53 +0000: Memory Usage (414204K) : PIN enabled: true
2026-09-25 02:48:53 +0000: Memory Usage (414204K) : FORBIDDEN enabled: true
2026-09-25 02:48:53 +0000: Memory Usage (414204K) : RECOMMENDED enabled: true
2026-09-25 02:48:53 +0000: Memory Usage (414204K) : PreCheck DRC enabled: false
2026-09-25 02:48:53 +0000: Memory Usage (414204K) : CONNECTIVITY_RULES enabled: true.
2026-09-25 02:48:53 +0000: Memory Usage (414204K) : Read in polygons from layers.
2026-09-25 02:48:53 +0000: Memory Usage (415520K) : activ_drw has 48 polygons
2026-09-25 02:48:53 +0000: Memory Usage (415520K) : activ_pin has 0 polygons
2026-09-25 02:48:53 +0000: Memory Usage (415520K) : activ_mask has 0 polygons
2026-09-25 02:48:53 +0000: Memory Usage (415520K) : activ_filler has 0 polygons
2026-09-25 02:48:53 +0000: Memory Usage (415520K) : activ_nofill has 0 polygons
2026-09-25 02:48:53 +0000: Memory Usage (415520K) : activ_opc has 0 polygons
2026-09-25 02:48:53 +0000: Memory Usage (415520K) : activ_iopc has 0 polygons
2026-09-25 02:48:53 +0000: Memory Usage (415520K) : activ_noqrc has 0 polygons
2026-09-25 02:48:53 +0000: Memory Usage (415520K) : biwind_drw has 0 polygons
2026-09-25 02:48:53 +0000: Memory Usage (415520K) : biwind_opc has 0 polygons
2026-09-25 02:48:53 +0000: Memory Usage (415520K) : pemwind_drw has 0 polygons
2026-09-25 02:48:53 +0000: Memory Usage (415520K) : gatpoly_drw has 112 polygons
2026-09-25 02:48:53 +0000: Memory Usage (415520K) : gatpoly_pin has 0 polygons
2026-09-25 02:48:53 +0000: Memory Usage (415520K) : gatpoly_filler has 0 polygons
2026-09-25 02:48:53 +0000: Memory Usage (415520K) : gatpoly_nofill has 0 polygons
2026-09-25 02:48:53 +0000: Memory Usage (415520K) : gatpoly_opc has 0 polygons
2026-09-25 02:48:53 +0000: Memory Usage (415520K) : gatpoly_iopc has 0 polygons
2026-09-25 02:48:53 +0000: Memory Usage (415520K) : gatpoly_noqrc has 0 polygons
2026-09-25 02:48:53 +0000: Memory Usage (415520K) : cont_drw has 358 polygons
2026-09-25 02:48:53 +0000: Memory Usage (415776K) : cont_opc has 0 polygons
2026-09-25 02:48:53 +0000: Memory Usage (415776K) : nsd_drw has 0 polygons
2026-09-25 02:48:53 +0000: Memory Usage (415776K) : nsd_block has 0 polygons
2026-09-25 02:48:53 +0000: Memory Usage (415776K) : metal1_drw has 215 polygons
2026-09-25 02:48:53 +0000: Memory Usage (416032K) : metal1_pin has 0 polygons
2026-09-25 02:48:53 +0000: Memory Usage (416032K) : metal1_mask has 0 polygons
2026-09-25 02:48:53 +0000: Memory Usage (416032K) : metal1_filler has 0 polygons
2026-09-25 02:48:53 +0000: Memory Usage (416288K) : metal1_nofill has 0 polygons
2026-09-25 02:48:53 +0000: Memory Usage (416288K) : metal1_slit has 0 polygons
2026-09-25 02:48:53 +0000: Memory Usage (416288K) : metal1_text has 0 polygons
2026-09-25 02:48:53 +0000: Memory Usage (416544K) : metal1_opc has 0 polygons
2026-09-25 02:48:53 +0000: Memory Usage (416544K) : metal1_noqrc has 0 polygons
2026-09-25 02:48:53 +0000: Memory Usage (416544K) : metal1_res has 0 polygons
2026-09-25 02:48:53 +0000: Memory Usage (416800K) : metal1_iprobe has 0 polygons
2026-09-25 02:48:53 +0000: Memory Usage (416800K) : metal1_diffprb has 0 polygons
2026-09-25 02:48:53 +0000: Memory Usage (416800K) : passiv_drw has 0 polygons
2026-09-25 02:48:53 +0000: Memory Usage (416800K) : passiv_pin has 0 polygons
2026-09-25 02:48:53 +0000: Memory Usage (416800K) : passiv_sbump has 0 polygons
2026-09-25 02:48:53 +0000: Memory Usage (416800K) : passiv_pillar has 0 polygons
2026-09-25 02:48:53 +0000: Memory Usage (417056K) : passiv_pdl has 0 polygons
2026-09-25 02:48:53 +0000: Memory Usage (417056K) : metal2_drw has 58 polygons
2026-09-25 02:48:53 +0000: Memory Usage (417312K) : metal2_pin has 82 polygons
2026-09-25 02:48:53 +0000: Memory Usage (417312K) : metal2_mask has 0 polygons
2026-09-25 02:48:53 +0000: Memory Usage (417312K) : metal2_filler has 0 polygons
2026-09-25 02:48:53 +0000: Memory Usage (417568K) : metal2_nofill has 0 polygons
2026-09-25 02:48:53 +0000: Memory Usage (417568K) : metal2_slit has 0 polygons
2026-09-25 02:48:53 +0000: Memory Usage (417824K) : metal2_text has 232 polygons
2026-09-25 02:48:53 +0000: Memory Usage (418080K) : metal2_opc has 0 polygons
2026-09-25 02:48:53 +0000: Memory Usage (418080K) : metal2_noqrc has 0 polygons
2026-09-25 02:48:53 +0000: Memory Usage (418080K) : metal2_res has 64 polygons
2026-09-25 02:48:53 +0000: Memory Usage (418336K) : metal2_iprobe has 0 polygons
2026-09-25 02:48:53 +0000: Memory Usage (418336K) : metal2_diffprb has 0 polygons
2026-09-25 02:48:53 +0000: Memory Usage (418336K) : baspoly_drw has 0 polygons
2026-09-25 02:48:53 +0000: Memory Usage (418592K) : baspoly_pin has 0 polygons
2026-09-25 02:48:53 +0000: Memory Usage (418592K) : psd_drw has 8 polygons
2026-09-25 02:48:53 +0000: Memory Usage (418848K) : nldb_drw has 0 polygons
2026-09-25 02:48:53 +0000: Memory Usage (418848K) : digibnd_drw has 1 polygons
2026-09-25 02:48:53 +0000: Memory Usage (418848K) : via1_drw has 162 polygons
2026-09-25 02:48:53 +0000: Memory Usage (418848K) : backmetal1_drw has 0 polygons
2026-09-25 02:48:53 +0000: Memory Usage (419104K) : backmetal1_pin has 0 polygons
2026-09-25 02:48:53 +0000: Memory Usage (419104K) : backmetal1_mask has 0 polygons
2026-09-25 02:48:53 +0000: Memory Usage (419360K) : backmetal1_filler has 0 polygons
2026-09-25 02:48:53 +0000: Memory Usage (419360K) : backmetal1_nofill has 0 polygons
2026-09-25 02:48:53 +0000: Memory Usage (419360K) : backmetal1_slit has 0 polygons
2026-09-25 02:48:53 +0000: Memory Usage (419616K) : backmetal1_text has 0 polygons
2026-09-25 02:48:53 +0000: Memory Usage (419616K) : backmetal1_opc has 0 polygons
2026-09-25 02:48:53 +0000: Memory Usage (419616K) : backmetal1_noqrc has 0 polygons
2026-09-25 02:48:53 +0000: Memory Usage (419616K) : backmetal1_res has 0 polygons
2026-09-25 02:48:53 +0000: Memory Usage (419872K) : backmetal1_iprobe has 0 polygons
2026-09-25 02:48:53 +0000: Memory Usage (419872K) : backmetal1_diffprb has 0 polygons
2026-09-25 02:48:53 +0000: Memory Usage (419872K) : backpassiv_drw has 0 polygons
2026-09-25 02:48:53 +0000: Memory Usage (420128K) : res_drw has 0 polygons
2026-09-25 02:48:53 +0000: Memory Usage (420128K) : sram_drw has 0 polygons
2026-09-25 02:48:53 +0000: Memory Usage (420128K) : trans_drw has 0 polygons
2026-09-25 02:48:53 +0000: Memory Usage (420384K) : ind_drw has 0 polygons
2026-09-25 02:48:53 +0000: Memory Usage (420384K) : ind_pin has 0 polygons
2026-09-25 02:48:53 +0000: Memory Usage (420384K) : ind_text has 0 polygons
2026-09-25 02:48:53 +0000: Memory Usage (420640K) : salblock_drw has 0 polygons
2026-09-25 02:48:53 +0000: Memory Usage (420640K) : via2_drw has 98 polygons
2026-09-25 02:48:53 +0000: Memory Usage (420896K) : metal3_drw has 33 polygons
2026-09-25 02:48:53 +0000: Memory Usage (420896K) : metal3_pin has 130 polygons
2026-09-25 02:48:53 +0000: Memory Usage (420896K) : metal3_mask has 0 polygons
2026-09-25 02:48:53 +0000: Memory Usage (421152K) : metal3_filler has 0 polygons
2026-09-25 02:48:53 +0000: Memory Usage (421152K) : metal3_nofill has 0 polygons
2026-09-25 02:48:53 +0000: Memory Usage (421408K) : metal3_slit has 0 polygons
2026-09-25 02:48:53 +0000: Memory Usage (421408K) : metal3_text has 98 polygons
2026-09-25 02:48:53 +0000: Memory Usage (421408K) : metal3_opc has 0 polygons
2026-09-25 02:48:53 +0000: Memory Usage (421664K) : metal3_noqrc has 0 polygons
2026-09-25 02:48:53 +0000: Memory Usage (421664K) : metal3_res has 32 polygons
2026-09-25 02:48:53 +0000: Memory Usage (421664K) : metal3_iprobe has 0 polygons
2026-09-25 02:48:53 +0000: Memory Usage (421920K) : metal3_diffprb has 0 polygons
2026-09-25 02:48:53 +0000: Memory Usage (421920K) : nwell_drw has 2 polygons
2026-09-25 02:48:53 +0000: Memory Usage (421920K) : nwell_pin has 0 polygons
2026-09-25 02:48:53 +0000: Memory Usage (421920K) : nbulay_drw has 0 polygons
2026-09-25 02:48:53 +0000: Memory Usage (421920K) : nbulay_pin has 0 polygons
2026-09-25 02:48:53 +0000: Memory Usage (421920K) : nbulay_block has 0 polygons
2026-09-25 02:48:53 +0000: Memory Usage (421920K) : emwind_drw has 0 polygons
2026-09-25 02:48:53 +0000: Memory Usage (421920K) : emwind_opc has 0 polygons
2026-09-25 02:48:53 +0000: Memory Usage (421920K) : deepco_drw has 0 polygons
2026-09-25 02:48:53 +0000: Memory Usage (421920K) : deepco_drw has 0 polygons
2026-09-25 02:48:53 +0000: Memory Usage (421920K) : mim_drw has 0 polygons
2026-09-25 02:48:53 +0000: Memory Usage (421920K) : edgeseal_drw has 0 polygons
2026-09-25 02:48:53 +0000: Memory Usage (421920K) : edgeseal_bound has 0 polygons
2026-09-25 02:48:53 +0000: Memory Usage (421920K) : substrate_drw has 0 polygons
2026-09-25 02:48:53 +0000: Memory Usage (421920K) : substrate_text has 0 polygons
2026-09-25 02:48:53 +0000: Memory Usage (421920K) : dfpad_drw has 0 polygons
2026-09-25 02:48:53 +0000: Memory Usage (421920K) : dfpad_pillar has 0 polygons
2026-09-25 02:48:53 +0000: Memory Usage (421920K) : dfpad_sbump has 0 polygons
2026-09-25 02:48:53 +0000: Memory Usage (421920K) : thickgateox_drw has 0 polygons
2026-09-25 02:48:53 +0000: Memory Usage (421920K) : pldb_drw has 0 polygons
2026-09-25 02:48:53 +0000: Memory Usage (421920K) : pwell_drw has 0 polygons
2026-09-25 02:48:53 +0000: Memory Usage (421920K) : pwell_pin has 0 polygons
2026-09-25 02:48:53 +0000: Memory Usage (421920K) : pwell_block has 0 polygons
2026-09-25 02:48:53 +0000: Memory Usage (421920K) : ic_drw has 0 polygons
2026-09-25 02:48:53 +0000: Memory Usage (421920K) : via3_drw has 0 polygons
2026-09-25 02:48:53 +0000: Memory Usage (421920K) : metal4_drw has 0 polygons
2026-09-25 02:48:53 +0000: Memory Usage (421920K) : metal4_pin has 0 polygons
2026-09-25 02:48:53 +0000: Memory Usage (421920K) : metal4_mask has 0 polygons
2026-09-25 02:48:53 +0000: Memory Usage (421920K) : metal4_filler has 0 polygons
2026-09-25 02:48:53 +0000: Memory Usage (421920K) : metal4_nofill has 0 polygons
2026-09-25 02:48:53 +0000: Memory Usage (421920K) : metal4_slit has 0 polygons
2026-09-25 02:48:53 +0000: Memory Usage (421920K) : metal4_text has 0 polygons
2026-09-25 02:48:53 +0000: Memory Usage (421920K) : metal4_opc has 0 polygons
2026-09-25 02:48:53 +0000: Memory Usage (421920K) : metal4_noqrc has 0 polygons
2026-09-25 02:48:53 +0000: Memory Usage (421920K) : metal4_res has 0 polygons
2026-09-25 02:48:53 +0000: Memory Usage (421920K) : metal4_iprobe has 0 polygons
2026-09-25 02:48:53 +0000: Memory Usage (421920K) : metal4_diffprb has 0 polygons
2026-09-25 02:48:53 +0000: Memory Usage (422176K) : heattrans_drw has 0 polygons
2026-09-25 02:48:53 +0000: Memory Usage (422176K) : heatres_drw has 0 polygons
2026-09-25 02:48:53 +0000: Memory Usage (422176K) : pempoly_drw has 0 polygons
2026-09-25 02:48:53 +0000: Memory Usage (422432K) : fbe_drw has 0 polygons
2026-09-25 02:48:53 +0000: Memory Usage (422432K) : empoly_drw has 0 polygons
2026-09-25 02:48:53 +0000: Memory Usage (422432K) : ldmos_drw has 0 polygons
2026-09-25 02:48:53 +0000: Memory Usage (422688K) : pbiwind_drw has 0 polygons
2026-09-25 02:48:53 +0000: Memory Usage (422688K) : digisub_drw has 0 polygons
2026-09-25 02:48:53 +0000: Memory Usage (422944K) : nodrc_drw has 0 polygons
2026-09-25 02:48:53 +0000: Memory Usage (422944K) : text_drw has 386 polygons
2026-09-25 02:48:53 +0000: Memory Usage (422944K) : via4_drw has 0 polygons
2026-09-25 02:48:53 +0000: Memory Usage (423200K) : metal5_drw has 0 polygons
2026-09-25 02:48:53 +0000: Memory Usage (423200K) : metal5_pin has 0 polygons
2026-09-25 02:48:53 +0000: Memory Usage (423200K) : metal5_mask has 0 polygons
2026-09-25 02:48:53 +0000: Memory Usage (423456K) : metal5_filler has 0 polygons
2026-09-25 02:48:53 +0000: Memory Usage (423456K) : metal5_nofill has 0 polygons
2026-09-25 02:48:53 +0000: Memory Usage (423456K) : metal5_slit has 0 polygons
2026-09-25 02:48:53 +0000: Memory Usage (423712K) : metal5_text has 0 polygons
2026-09-25 02:48:53 +0000: Memory Usage (423712K) : metal5_opc has 0 polygons
2026-09-25 02:48:53 +0000: Memory Usage (423712K) : metal5_noqrc has 0 polygons
2026-09-25 02:48:53 +0000: Memory Usage (423712K) : metal5_res has 0 polygons
2026-09-25 02:48:53 +0000: Memory Usage (423712K) : metal5_iprobe has 0 polygons
2026-09-25 02:48:53 +0000: Memory Usage (423712K) : metal5_diffprb has 0 polygons
2026-09-25 02:48:53 +0000: Memory Usage (423712K) : radhard_drw has 0 polygons
2026-09-25 02:48:53 +0000: Memory Usage (423712K) : memcap_drw has 0 polygons
2026-09-25 02:48:53 +0000: Memory Usage (423712K) : varicap_drw has 0 polygons
2026-09-25 02:48:53 +0000: Memory Usage (423712K) : flash_drw has 0 polygons
2026-09-25 02:48:53 +0000: Memory Usage (423712K) : intbondvia_drw has 0 polygons
2026-09-25 02:48:53 +0000: Memory Usage (423712K) : intbondmet_drw has 0 polygons
2026-09-25 02:48:53 +0000: Memory Usage (423712K) : devbondvia_drw has 0 polygons
2026-09-25 02:48:53 +0000: Memory Usage (423712K) : devbondmet_drw has 0 polygons
2026-09-25 02:48:53 +0000: Memory Usage (423712K) : devtrench_drw has 0 polygons
2026-09-25 02:48:53 +0000: Memory Usage (423712K) : redist_drw has 0 polygons
2026-09-25 02:48:53 +0000: Memory Usage (423712K) : graphbot_drw has 0 polygons
2026-09-25 02:48:53 +0000: Memory Usage (423712K) : graphtop_drw has 0 polygons
2026-09-25 02:48:53 +0000: Memory Usage (423712K) : antvia1_drw has 0 polygons
2026-09-25 02:48:53 +0000: Memory Usage (423712K) : antmetal2_drw has 0 polygons
2026-09-25 02:48:53 +0000: Memory Usage (423712K) : graphcont_drw has 0 polygons
2026-09-25 02:48:53 +0000: Memory Usage (423712K) : siwg_drw has 0 polygons
2026-09-25 02:48:53 +0000: Memory Usage (423712K) : siwg_filler has 0 polygons
2026-09-25 02:48:53 +0000: Memory Usage (423712K) : siwg_nofill has 0 polygons
2026-09-25 02:48:53 +0000: Memory Usage (423712K) : sigrating_drw has 0 polygons
2026-09-25 02:48:53 +0000: Memory Usage (423712K) : singrating_drw has 0 polygons
2026-09-25 02:48:53 +0000: Memory Usage (423712K) : graphpas_drw has 0 polygons
2026-09-25 02:48:53 +0000: Memory Usage (423712K) : emwind3_drw has 0 polygons
2026-09-25 02:48:53 +0000: Memory Usage (423712K) : emwihv3_drw has 0 polygons
2026-09-25 02:48:53 +0000: Memory Usage (423712K) : redbulay_drw has 0 polygons
2026-09-25 02:48:53 +0000: Memory Usage (423712K) : smos_drw has 0 polygons
2026-09-25 02:48:53 +0000: Memory Usage (423712K) : graphpad_drw has 0 polygons
2026-09-25 02:48:53 +0000: Memory Usage (423712K) : polimide_drw has 0 polygons
2026-09-25 02:48:53 +0000: Memory Usage (423712K) : polimide_pin has 0 polygons
2026-09-25 02:48:53 +0000: Memory Usage (423712K) : recog_drw has 0 polygons
2026-09-25 02:48:53 +0000: Memory Usage (423712K) : recog_pin has 0 polygons
2026-09-25 02:48:53 +0000: Memory Usage (423712K) : recog_esd has 0 polygons
2026-09-25 02:48:53 +0000: Memory Usage (423712K) : recog_diode has 0 polygons
2026-09-25 02:48:53 +0000: Memory Usage (423712K) : recog_tsv has 0 polygons
2026-09-25 02:48:53 +0000: Memory Usage (423712K) : recog_iprobe has 0 polygons
2026-09-25 02:48:53 +0000: Memory Usage (423712K) : recog_diffprb has 0 polygons
2026-09-25 02:48:53 +0000: Memory Usage (423712K) : recog_pillar has 0 polygons
2026-09-25 02:48:53 +0000: Memory Usage (423712K) : recog_sbump has 0 polygons
2026-09-25 02:48:53 +0000: Memory Usage (423712K) : recog_otp has 0 polygons
2026-09-25 02:48:53 +0000: Memory Usage (423712K) : recog_pdiode has 0 polygons
2026-09-25 02:48:53 +0000: Memory Usage (423712K) : recog_mom has 0 polygons
2026-09-25 02:48:53 +0000: Memory Usage (423712K) : recog_pcm has 0 polygons
2026-09-25 02:48:53 +0000: Memory Usage (423712K) : colopen_drw has 0 polygons
2026-09-25 02:48:53 +0000: Memory Usage (423712K) : graphmetal1_drw has 0 polygons
2026-09-25 02:48:53 +0000: Memory Usage (423712K) : graphmetal1_filler has 0 polygons
2026-09-25 02:48:53 +0000: Memory Usage (423712K) : graphmetal1_nofill has 0 polygons
2026-09-25 02:48:53 +0000: Memory Usage (423712K) : graphmetal1_slit has 0 polygons
2026-09-25 02:48:53 +0000: Memory Usage (423712K) : graphmetal1_opc has 0 polygons
2026-09-25 02:48:53 +0000: Memory Usage (423712K) : graphmet1l_drw has 0 polygons
2026-09-25 02:48:53 +0000: Memory Usage (423712K) : graphmet1l_filler has 0 polygons
2026-09-25 02:48:53 +0000: Memory Usage (423712K) : graphmet1l_nofill has 0 polygons
2026-09-25 02:48:53 +0000: Memory Usage (423712K) : graphmet1l_slit has 0 polygons
2026-09-25 02:48:53 +0000: Memory Usage (423712K) : graphmet1l_opc has 0 polygons
2026-09-25 02:48:53 +0000: Memory Usage (423712K) : extblock_drw has 0 polygons
2026-09-25 02:48:53 +0000: Memory Usage (423712K) : nldd_drw has 0 polygons
2026-09-25 02:48:53 +0000: Memory Usage (423712K) : pldd_drw has 0 polygons
2026-09-25 02:48:53 +0000: Memory Usage (423712K) : next_drw has 0 polygons
2026-09-25 02:48:53 +0000: Memory Usage (423712K) : pext_drw has 0 polygons
2026-09-25 02:48:53 +0000: Memory Usage (423712K) : nexthv_drw has 0 polygons
2026-09-25 02:48:53 +0000: Memory Usage (423712K) : pexthv_drw has 0 polygons
2026-09-25 02:48:53 +0000: Memory Usage (423712K) : graphgate_drw has 0 polygons
2026-09-25 02:48:53 +0000: Memory Usage (423712K) : sinwg_drw has 0 polygons
2026-09-25 02:48:53 +0000: Memory Usage (423712K) : sinwg_filler has 0 polygons
2026-09-25 02:48:53 +0000: Memory Usage (423712K) : sinwg_nofill has 0 polygons
2026-09-25 02:48:53 +0000: Memory Usage (423712K) : mempad_drw has 0 polygons
2026-09-25 02:48:53 +0000: Memory Usage (423712K) : topvia1_drw has 0 polygons
2026-09-25 02:48:53 +0000: Memory Usage (423712K) : topmetal1_drw has 0 polygons
2026-09-25 02:48:53 +0000: Memory Usage (423712K) : topmetal1_pin has 0 polygons
2026-09-25 02:48:53 +0000: Memory Usage (423712K) : topmetal1_mask has 0 polygons
2026-09-25 02:48:53 +0000: Memory Usage (423712K) : topmetal1_filler has 0 polygons
2026-09-25 02:48:53 +0000: Memory Usage (423712K) : topmetal1_nofill has 0 polygons
2026-09-25 02:48:53 +0000: Memory Usage (423712K) : topmetal1_slit has 0 polygons
2026-09-25 02:48:53 +0000: Memory Usage (423712K) : topmetal1_text has 0 polygons
2026-09-25 02:48:53 +0000: Memory Usage (423712K) : topmetal1_noqrc has 0 polygons
2026-09-25 02:48:53 +0000: Memory Usage (423712K) : topmetal1_res has 0 polygons
2026-09-25 02:48:53 +0000: Memory Usage (423712K) : topmetal1_iprobe has 0 polygons
2026-09-25 02:48:53 +0000: Memory Usage (423712K) : topmetal1_diffprb has 0 polygons
2026-09-25 02:48:53 +0000: Memory Usage (423712K) : inldpwl_drw has 0 polygons
2026-09-25 02:48:53 +0000: Memory Usage (423712K) : polyres_drw has 0 polygons
2026-09-25 02:48:53 +0000: Memory Usage (423712K) : polyres_pin has 0 polygons
2026-09-25 02:48:53 +0000: Memory Usage (423712K) : vmim_drw has 0 polygons
2026-09-25 02:48:53 +0000: Memory Usage (423712K) : nbulaycut_drw has 0 polygons
2026-09-25 02:48:53 +0000: Memory Usage (423712K) : antmetal1_drw has 0 polygons
2026-09-25 02:48:53 +0000: Memory Usage (423712K) : topvia2_drw has 0 polygons
2026-09-25 02:48:53 +0000: Memory Usage (423712K) : topmetal2_drw has 0 polygons
2026-09-25 02:48:53 +0000: Memory Usage (423712K) : topmetal2_pin has 0 polygons
2026-09-25 02:48:53 +0000: Memory Usage (423712K) : topmetal2_mask has 0 polygons
2026-09-25 02:48:53 +0000: Memory Usage (423712K) : topmetal2_filler has 0 polygons
2026-09-25 02:48:53 +0000: Memory Usage (423712K) : topmetal2_nofill has 0 polygons
2026-09-25 02:48:53 +0000: Memory Usage (423712K) : topmetal2_slit has 0 polygons
2026-09-25 02:48:53 +0000: Memory Usage (423712K) : topmetal2_text has 0 polygons
2026-09-25 02:48:53 +0000: Memory Usage (423712K) : topmetal2_noqrc has 0 polygons
2026-09-25 02:48:53 +0000: Memory Usage (423712K) : topmetal2_res has 0 polygons
2026-09-25 02:48:53 +0000: Memory Usage (423712K) : topmetal2_iprobe has 0 polygons
2026-09-25 02:48:53 +0000: Memory Usage (423712K) : topmetal2_diffprb has 0 polygons
2026-09-25 02:48:53 +0000: Memory Usage (423712K) : snsring_drw has 0 polygons
2026-09-25 02:48:53 +0000: Memory Usage (423712K) : sensor_drw has 0 polygons
2026-09-25 02:48:53 +0000: Memory Usage (423712K) : snsarms_drw has 0 polygons
2026-09-25 02:48:53 +0000: Memory Usage (423712K) : snscmosvia_drw has 0 polygons
2026-09-25 02:48:53 +0000: Memory Usage (423712K) : colwind_drw has 0 polygons
2026-09-25 02:48:53 +0000: Memory Usage (423712K) : flm_drw has 0 polygons
2026-09-25 02:48:53 +0000: Memory Usage (423712K) : hafniumox_drw has 0 polygons
2026-09-25 02:48:53 +0000: Memory Usage (423712K) : memvia_drw has 0 polygons
2026-09-25 02:48:53 +0000: Memory Usage (423712K) : thinfilmres_drw has 0 polygons
2026-09-25 02:48:53 +0000: Memory Usage (423712K) : rfmem_drw has 0 polygons
2026-09-25 02:48:53 +0000: Memory Usage (423712K) : norcx_drw has 0 polygons
2026-09-25 02:48:53 +0000: Memory Usage (423712K) : norcx_m2m3 has 0 polygons
2026-09-25 02:48:53 +0000: Memory Usage (423712K) : norcx_m2m4 has 0 polygons
2026-09-25 02:48:53 +0000: Memory Usage (423712K) : norcx_m2m5 has 0 polygons
2026-09-25 02:48:53 +0000: Memory Usage (423712K) : norcx_m2tm1 has 0 polygons
2026-09-25 02:48:53 +0000: Memory Usage (423712K) : norcx_m2tm2 has 0 polygons
2026-09-25 02:48:53 +0000: Memory Usage (423712K) : norcx_m3m4 has 0 polygons
2026-09-25 02:48:53 +0000: Memory Usage (423712K) : norcx_m3m5 has 0 polygons
2026-09-25 02:48:53 +0000: Memory Usage (423712K) : norcx_m3tm1 has 0 polygons
2026-09-25 02:48:53 +0000: Memory Usage (423712K) : norcx_m3tm2 has 0 polygons
2026-09-25 02:48:53 +0000: Memory Usage (423712K) : norcx_m4m5 has 0 polygons
2026-09-25 02:48:53 +0000: Memory Usage (423712K) : norcx_m4tm1 has 0 polygons
2026-09-25 02:48:53 +0000: Memory Usage (423712K) : norcx_m4tm2 has 0 polygons
2026-09-25 02:48:53 +0000: Memory Usage (423712K) : norcx_m5tm1 has 0 polygons
2026-09-25 02:48:53 +0000: Memory Usage (423712K) : norcx_m5tm2 has 0 polygons
2026-09-25 02:48:53 +0000: Memory Usage (423712K) : norcx_tm1tm2 has 0 polygons
2026-09-25 02:48:53 +0000: Memory Usage (423712K) : norcx_m1sub has 0 polygons
2026-09-25 02:48:53 +0000: Memory Usage (423712K) : norcx_m2sub has 0 polygons
2026-09-25 02:48:53 +0000: Memory Usage (423712K) : norcx_m3sub has 0 polygons
2026-09-25 02:48:53 +0000: Memory Usage (423712K) : norcx_m4sub has 0 polygons
2026-09-25 02:48:53 +0000: Memory Usage (423712K) : norcx_m5sub has 0 polygons
2026-09-25 02:48:53 +0000: Memory Usage (423712K) : norcx_tm1sub has 0 polygons
2026-09-25 02:48:53 +0000: Memory Usage (423712K) : norcx_tm2sub has 0 polygons
2026-09-25 02:48:53 +0000: Memory Usage (423712K) : snsbotvia_drw has 0 polygons
2026-09-25 02:48:53 +0000: Memory Usage (423712K) : snstopvia_drw has 0 polygons
2026-09-25 02:48:53 +0000: Memory Usage (423712K) : deepvia_drw has 0 polygons
2026-09-25 02:48:53 +0000: Memory Usage (423712K) : fgetch_drw has 0 polygons
2026-09-25 02:48:53 +0000: Memory Usage (423712K) : ctrgat_drw has 0 polygons
2026-09-25 02:48:53 +0000: Memory Usage (423712K) : fgimp_drw has 0 polygons
2026-09-25 02:48:53 +0000: Memory Usage (423712K) : emwihv_drw has 0 polygons
2026-09-25 02:48:53 +0000: Memory Usage (423712K) : lbe_drw has 0 polygons
2026-09-25 02:48:53 +0000: Memory Usage (423712K) : alcustop_drw has 0 polygons
2026-09-25 02:48:53 +0000: Memory Usage (423712K) : nometfiller_drw has 0 polygons
2026-09-25 02:48:53 +0000: Memory Usage (423712K) : prboundary_drw has 0 polygons
2026-09-25 02:48:53 +0000: Memory Usage (423712K) : exchange0_drw has 0 polygons
2026-09-25 02:48:53 +0000: Memory Usage (423712K) : exchange0_pin has 0 polygons
2026-09-25 02:48:53 +0000: Memory Usage (423712K) : exchange0_text has 0 polygons
2026-09-25 02:48:53 +0000: Memory Usage (423712K) : exchange1_drw has 0 polygons
2026-09-25 02:48:53 +0000: Memory Usage (423712K) : exchange1_pin has 0 polygons
2026-09-25 02:48:53 +0000: Memory Usage (423712K) : exchange1_text has 0 polygons
2026-09-25 02:48:53 +0000: Memory Usage (423712K) : exchange2_drw has 0 polygons
2026-09-25 02:48:53 +0000: Memory Usage (423712K) : exchange2_pin has 0 polygons
2026-09-25 02:48:53 +0000: Memory Usage (423712K) : exchange2_text has 0 polygons
2026-09-25 02:48:53 +0000: Memory Usage (423712K) : exchange3_drw has 0 polygons
2026-09-25 02:48:53 +0000: Memory Usage (423712K) : exchange3_pin has 0 polygons
2026-09-25 02:48:53 +0000: Memory Usage (423712K) : exchange3_text has 0 polygons
2026-09-25 02:48:53 +0000: Memory Usage (423712K) : exchange4_drw has 0 polygons
2026-09-25 02:48:53 +0000: Memory Usage (423712K) : exchange4_pin has 0 polygons
2026-09-25 02:48:53 +0000: Memory Usage (423712K) : exchange4_text has 0 polygons
2026-09-25 02:48:53 +0000: Memory Usage (423712K) : isonwell_drw has 0 polygons
2026-09-25 02:48:53 +0000: Memory Usage (423712K) : Total no. of polygons in the design is 2119
2026-09-25 02:48:53 +0000: Memory Usage (423712K) : Loaded TECH DRC rules values from /pdk/libs.tech/klayout/python/sg13g2_pycell_lib/sg13g2_tech_mod.json
2026-09-25 02:48:53 +0000: Memory Usage (423712K) : Loaded default DRC rules values from /pdk/libs.tech/klayout/tech/drc/rule_decks/sg13g2_tech_default.json
2026-09-25 02:48:53 +0000: Memory Usage (423712K) : The following rules values were missing in tech json and default values were used:
2026-09-25 02:48:53 +0000: Memory Usage (423712K) :   - Cnt_c_digibnd
2026-09-25 02:48:53 +0000: Memory Usage (423968K) : Total area of the design is 112.0064 um^2.
2026-09-25 02:48:53 +0000: Memory Usage (423968K) : The design dimensions are 5.920000000000001 µm * 18.919999999999998 µm.
2026-09-25 02:48:53 +0000: Memory Usage (423968K) : Starting general IHP-SG13G2 derivations.
2026-09-25 02:48:53 +0000: Memory Usage (423968K) : Starting Pwell derivations
2026-09-25 02:48:53 +0000: Memory Usage (423968K) : Starting n-Activ derivations
2026-09-25 02:48:53 +0000: Memory Usage (423968K) : Starting p-Activ derivations
2026-09-25 02:48:53 +0000: Memory Usage (423968K) : Starting ptap derivations
2026-09-25 02:48:53 +0000: Memory Usage (423968K) : Starting ntap derivations
2026-09-25 02:48:53 +0000: Memory Usage (423968K) : Starting pact FET derivations
2026-09-25 02:48:53 +0000: Memory Usage (423968K) : Starting nact FET derivations
2026-09-25 02:48:53 +0000: Memory Usage (423968K) : Starting Gate derivations
2026-09-25 02:48:53 +0000: Memory Usage (423968K) : Starting cont/contbar general derivations
2026-09-25 02:48:53 +0000: Memory Usage (423968K) : Starting pad general derivations
2026-09-25 02:48:53 +0000: Memory Usage (423968K) : Starting IHP-SG13G2 DRC connectivity related derivations.
2026-09-25 02:48:53 +0000: Memory Usage (423968K) : Starting IHP-SG13G2 DRC connectivity setup
2026-09-25 02:48:53 +0000: Memory Usage (425288K) : Starting IHP-SG13G2 DRC rules.
2026-09-25 02:48:53 +0000: Memory Usage (425288K) : Running all FEOL rules
2026-09-25 02:48:53 +0000: Memory Usage (425288K) : Running all BEOL rules
2026-09-25 02:48:53 +0000: Memory Usage (425288K) : Running all PIN rules
2026-09-25 02:48:53 +0000: Memory Usage (425288K) : Running all FORBIDDEN rules
2026-09-25 02:48:53 +0000: Memory Usage (425288K) : Starting 5.1 NWell table
2026-09-25 02:48:53 +0000: Memory Usage (425288K) : Executing rule NW.b
2026-09-25 02:48:53 +0000: Memory Usage (426320K) : Executing rule NW.b1
2026-09-25 02:48:53 +0000: Memory Usage (426320K) : Starting 5.2 PWell:block
2026-09-25 02:48:53 +0000: Memory Usage (426320K) : Executing rule PWB.e
2026-09-25 02:48:53 +0000: Memory Usage (426320K) : Executing rule PWB.e1
2026-09-25 02:48:53 +0000: Memory Usage (426320K) : Executing rule PWB.f
2026-09-25 02:48:53 +0000: Memory Usage (426320K) : Executing rule PWB.f1
2026-09-25 02:48:53 +0000: Memory Usage (426320K) : Starting 5.3 nBuLay table
2026-09-25 02:48:53 +0000: Memory Usage (426320K) : Executing rule NBL.b
2026-09-25 02:48:53 +0000: Memory Usage (426320K) : Executing rule NBL.c
2026-09-25 02:48:53 +0000: Memory Usage (426320K) : Executing rule NBL.d
2026-09-25 02:48:53 +0000: Memory Usage (426320K) : Executing rule NBL.e
2026-09-25 02:48:53 +0000: Memory Usage (426320K) : Executing rule NBL.f
2026-09-25 02:48:53 +0000: Memory Usage (426320K) : Starting 5.5. Activ table
2026-09-25 02:48:53 +0000: Memory Usage (426320K) : Executing rule Act.a
2026-09-25 02:48:53 +0000: Memory Usage (426320K) : Executing rule Act.b
2026-09-25 02:48:53 +0000: Memory Usage (426320K) : Starting 5.6 Activ:filler table
2026-09-25 02:48:53 +0000: Memory Usage (426576K) : Executing rule AFil.c1
2026-09-25 02:48:53 +0000: Memory Usage (426576K) : Executing rule AFil.c
2026-09-25 02:48:53 +0000: Memory Usage (426576K) : Executing rule AFil.d
2026-09-25 02:48:53 +0000: Memory Usage (426576K) : Executing rule AFil.e
2026-09-25 02:48:53 +0000: Memory Usage (426576K) : Executing rule AFil.j
2026-09-25 02:48:53 +0000: Memory Usage (426576K) : Starting 5.7. ThickGateOx table
2026-09-25 02:48:53 +0000: Memory Usage (426576K) : Executing rule TGO.f
2026-09-25 02:48:53 +0000: Memory Usage (426576K) : Starting 5.8. GatPoly table
2026-09-25 02:48:53 +0000: Memory Usage (426576K) : Executing rule Gat.a
2026-09-25 02:48:53 +0000: Memory Usage (426576K) : Executing rule Gat.b
2026-09-25 02:48:53 +0000: Memory Usage (426576K) : Executing rule Gat.d
2026-09-25 02:48:53 +0000: Memory Usage (426576K) : Executing rule Gat.a1
2026-09-25 02:48:53 +0000: Memory Usage (426576K) : Executing rule Gat.a2
2026-09-25 02:48:53 +0000: Memory Usage (426832K) : Executing rule Gat.g
2026-09-25 02:48:53 +0000: Memory Usage (426832K) : Starting 5.9 GatPoly:filler
2026-09-25 02:48:53 +0000: Memory Usage (426832K) : Executing rule GFil.d
2026-09-25 02:48:53 +0000: Memory Usage (427088K) : Executing rule GFil.e
2026-09-25 02:48:53 +0000: Memory Usage (427088K) : Executing rule GFil.i
2026-09-25 02:48:53 +0000: Memory Usage (427088K) : Starting 5.10 pSD table
2026-09-25 02:48:53 +0000: Memory Usage (427088K) : Executing rule pSD.c1
2026-09-25 02:48:53 +0000: Memory Usage (427088K) : Starting 5.14. Cont table
2026-09-25 02:48:53 +0000: Memory Usage (427088K) : Executing rule Cnt.a
2026-09-25 02:48:53 +0000: Memory Usage (427088K) : Executing rule Cnt.b
2026-09-25 02:48:53 +0000: Memory Usage (427088K) : Executing rule Cnt.c
2026-09-25 02:48:53 +0000: Memory Usage (427088K) : Executing rule Cnt.c
2026-09-25 02:48:53 +0000: Memory Usage (427088K) : Executing rule Cnt.d
2026-09-25 02:48:53 +0000: Memory Usage (427088K) : Executing rule Cnt.e
2026-09-25 02:48:53 +0000: Memory Usage (427088K) : Executing rule Cnt.g1
2026-09-25 02:48:53 +0000: Memory Usage (427088K) : Executing rule Cnt.g2
2026-09-25 02:48:53 +0000: Memory Usage (427088K) : Starting 5.15. ContBar table
2026-09-25 02:48:53 +0000: Memory Usage (427088K) : Executing rule CntB.b1
2026-09-25 02:48:53 +0000: Memory Usage (427088K) : Executing rule CntB.h1
2026-09-25 02:48:53 +0000: Memory Usage (427088K) : Starting 6.1.3 NPN Substrate-Tie table
2026-09-25 02:48:53 +0000: Memory Usage (427088K) : Executing rule npn13G2.bR 
2026-09-25 02:48:53 +0000: Memory Usage (427088K) : Executing rule npn13G2L.cR 
2026-09-25 02:48:53 +0000: Memory Usage (427088K) : Executing rule npn13G2V.cR 
2026-09-25 02:48:53 +0000: Memory Usage (427088K) : Starting 6.7 Schottky diode table
2026-09-25 02:48:53 +0000: Memory Usage (427088K) : Executing rule Sdiod.d
2026-09-25 02:48:53 +0000: Memory Usage (427088K) : Executing rule Sdiod.e
2026-09-25 02:48:53 +0000: Memory Usage (427088K) : Starting 7.2 Latch-up table
2026-09-25 02:48:53 +0000: Memory Usage (427088K) : Executing rule LU.b
2026-09-25 02:48:53 +0000: Memory Usage (427088K) : Starting 5.16. Metal1 table
2026-09-25 02:48:53 +0000: Memory Usage (427088K) : Executing rule M1.a
2026-09-25 02:48:53 +0000: Memory Usage (427088K) : Executing rule M1.b
2026-09-25 02:48:53 +0000: Memory Usage (427088K) : Executing rule M1.e
2026-09-25 02:48:53 +0000: Memory Usage (427088K) : Executing rule M1.f
2026-09-25 02:48:53 +0000: Memory Usage (427088K) : Executing rule M1.g
2026-09-25 02:48:53 +0000: Memory Usage (427088K) : Executing rule M1.i
2026-09-25 02:48:53 +0000: Memory Usage (427088K) : Starting 5.17 Metaln table
2026-09-25 02:48:53 +0000: Memory Usage (427088K) : Executing rule M2.a
2026-09-25 02:48:53 +0000: Memory Usage (427088K) : Executing rule M2.b
2026-09-25 02:48:53 +0000: Memory Usage (427088K) : Executing rule M2.e
2026-09-25 02:48:53 +0000: Memory Usage (427088K) : Executing rule M2.f
2026-09-25 02:48:53 +0000: Memory Usage (427088K) : Executing rule M2.g
2026-09-25 02:48:53 +0000: Memory Usage (427088K) : Executing rule M2.i
2026-09-25 02:48:53 +0000: Memory Usage (427088K) : Executing rule M3.a
2026-09-25 02:48:53 +0000: Memory Usage (427088K) : Executing rule M3.b
2026-09-25 02:48:53 +0000: Memory Usage (427088K) : Executing rule M3.e
2026-09-25 02:48:53 +0000: Memory Usage (427088K) : Executing rule M3.f
2026-09-25 02:48:53 +0000: Memory Usage (427088K) : Executing rule M3.g
2026-09-25 02:48:53 +0000: Memory Usage (427088K) : Executing rule M3.i
2026-09-25 02:48:53 +0000: Memory Usage (427088K) : Executing rule M4.a
2026-09-25 02:48:53 +0000: Memory Usage (427088K) : Executing rule M4.b
2026-09-25 02:48:53 +0000: Memory Usage (427088K) : Executing rule M4.e
2026-09-25 02:48:53 +0000: Memory Usage (427088K) : Executing rule M4.f
2026-09-25 02:48:53 +0000: Memory Usage (427088K) : Executing rule M4.g
2026-09-25 02:48:53 +0000: Memory Usage (427344K) : Executing rule M4.i
2026-09-25 02:48:53 +0000: Memory Usage (427600K) : Executing rule M5.a
2026-09-25 02:48:53 +0000: Memory Usage (427600K) : Executing rule M5.b
2026-09-25 02:48:53 +0000: Memory Usage (427856K) : Executing rule M5.e
2026-09-25 02:48:53 +0000: Memory Usage (427856K) : Executing rule M5.f
2026-09-25 02:48:53 +0000: Memory Usage (427856K) : Executing rule M5.g
2026-09-25 02:48:53 +0000: Memory Usage (427856K) : Executing rule M5.i
2026-09-25 02:48:53 +0000: Memory Usage (427856K) : Starting 5.18 Metaln:filler table
2026-09-25 02:48:53 +0000: Memory Usage (427856K) : Executing rule M1Fil.c
2026-09-25 02:48:53 +0000: Memory Usage (427856K) : Executing rule M1Fil.a2
2026-09-25 02:48:53 +0000: Memory Usage (427856K) : Executing rule M2Fil.c
2026-09-25 02:48:53 +0000: Memory Usage (427856K) : Executing rule M2Fil.a2
2026-09-25 02:48:53 +0000: Memory Usage (427856K) : Executing rule M3Fil.c
2026-09-25 02:48:53 +0000: Memory Usage (427856K) : Executing rule M3Fil.a2
2026-09-25 02:48:53 +0000: Memory Usage (427856K) : Executing rule M4Fil.c
2026-09-25 02:48:53 +0000: Memory Usage (427856K) : Executing rule M4Fil.a2
2026-09-25 02:48:53 +0000: Memory Usage (427856K) : Executing rule M5Fil.c
2026-09-25 02:48:53 +0000: Memory Usage (427856K) : Executing rule M5Fil.a2
2026-09-25 02:48:53 +0000: Memory Usage (427856K) : Starting 5.19. Via1 table
2026-09-25 02:48:53 +0000: Memory Usage (427856K) : Starting 5.19. Via1 table derivations
2026-09-25 02:48:53 +0000: Memory Usage (427856K) : Executing rule V1.a
2026-09-25 02:48:53 +0000: Memory Usage (427856K) : Executing rule V1.b
2026-09-25 02:48:53 +0000: Memory Usage (427856K) : Executing rule V1.c
2026-09-25 02:48:53 +0000: Memory Usage (427856K) : Starting 5.20. Vian table
2026-09-25 02:48:53 +0000: Memory Usage (427856K) : Executing rule V2.a
2026-09-25 02:48:53 +0000: Memory Usage (427856K) : Executing rule V2.b
2026-09-25 02:48:53 +0000: Memory Usage (427856K) : Executing rule V2.c
2026-09-25 02:48:53 +0000: Memory Usage (427856K) : Executing rule V3.a
2026-09-25 02:48:53 +0000: Memory Usage (427856K) : Executing rule V3.b
2026-09-25 02:48:53 +0000: Memory Usage (427856K) : Executing rule V3.c
2026-09-25 02:48:53 +0000: Memory Usage (427856K) : Executing rule V4.a
2026-09-25 02:48:53 +0000: Memory Usage (427856K) : Executing rule V4.b
2026-09-25 02:48:53 +0000: Memory Usage (427856K) : Executing rule V4.c
2026-09-25 02:48:53 +0000: Memory Usage (427856K) : Starting 5.21. TopVia1 table
2026-09-25 02:48:53 +0000: Memory Usage (427856K) : Executing rule TV1.a
2026-09-25 02:48:53 +0000: Memory Usage (427856K) : Executing rule TV1.b
2026-09-25 02:48:53 +0000: Memory Usage (427856K) : Executing rule TV1.c
2026-09-25 02:48:53 +0000: Memory Usage (427856K) : Executing rule TV1.d
2026-09-25 02:48:53 +0000: Memory Usage (427856K) : Starting 5.22. TopMetal1 table
2026-09-25 02:48:53 +0000: Memory Usage (427856K) : Executing rule TM1.a
2026-09-25 02:48:53 +0000: Memory Usage (427856K) : Executing rule TM1.b
2026-09-25 02:48:53 +0000: Memory Usage (427856K) : Starting 5.23 TopMetal1:filler table
2026-09-25 02:48:53 +0000: Memory Usage (427856K) : Executing rule TM1Fil.c
2026-09-25 02:48:53 +0000: Memory Usage (427856K) : Executing rule TM1Fil.a1
2026-09-25 02:48:53 +0000: Memory Usage (427856K) : Starting 5.24. TopVia2 table
2026-09-25 02:48:53 +0000: Memory Usage (427856K) : Executing rule TV2.a
2026-09-25 02:48:53 +0000: Memory Usage (427856K) : Executing rule TV2.b
2026-09-25 02:48:53 +0000: Memory Usage (427856K) : Executing rule TV2.c
2026-09-25 02:48:53 +0000: Memory Usage (427856K) : Executing rule TV2.d
2026-09-25 02:48:53 +0000: Memory Usage (427856K) : Starting 5.25. TopMetal2 table
2026-09-25 02:48:53 +0000: Memory Usage (427856K) : Executing rule TM2.a
2026-09-25 02:48:53 +0000: Memory Usage (427856K) : Executing rule TM2.b
2026-09-25 02:48:53 +0000: Memory Usage (427856K) : Executing rule TM2.bR
2026-09-25 02:48:53 +0000: Memory Usage (427856K) : Starting 5.26 TopMetal2:filler table
2026-09-25 02:48:53 +0000: Memory Usage (427856K) : Executing rule TM2Fil.c
2026-09-25 02:48:53 +0000: Memory Usage (427856K) : Executing rule TM2Fil.a1
2026-09-25 02:48:53 +0000: Memory Usage (427856K) : Starting 5.27. Passiv table
2026-09-25 02:48:53 +0000: Memory Usage (427856K) : Executing rule Pas.a
2026-09-25 02:48:53 +0000: Memory Usage (427856K) : Executing rule Pas.b
2026-09-25 02:48:53 +0000: Memory Usage (427856K) : Executing rule Pas.c
2026-09-25 02:48:53 +0000: Memory Usage (427856K) : Starting 6.9.2 Copper Pillar table
2026-09-25 02:48:53 +0000: Memory Usage (427856K) : Executing rule Padc.a
2026-09-25 02:48:53 +0000: Memory Usage (427856K) : Executing rule Padc.b
2026-09-25 02:48:53 +0000: Memory Usage (427856K) : Executing rule Padc.c
2026-09-25 02:48:53 +0000: Memory Usage (427856K) : Executing rule Padb.f
2026-09-25 02:48:53 +0000: Memory Usage (427856K) : Starting 6.9 Pad table
2026-09-25 02:48:53 +0000: Memory Usage (427856K) : Executing rule Pad.m
2026-09-25 02:48:53 +0000: Memory Usage (427856K) : Executing rule Pad.fR_M1
2026-09-25 02:48:53 +0000: Memory Usage (427856K) : Executing rule Pad.fR_M2
2026-09-25 02:48:53 +0000: Memory Usage (427856K) : Executing rule Pad.fR_M3
2026-09-25 02:48:53 +0000: Memory Usage (427856K) : Executing rule Pad.fR_M4
2026-09-25 02:48:53 +0000: Memory Usage (428112K) : Executing rule Pad.fR_M5
2026-09-25 02:48:53 +0000: Memory Usage (428112K) : Executing rule Pad.fR_TM1
2026-09-25 02:48:53 +0000: Memory Usage (428112K) : Executing rule Pad.fR_TM2
2026-09-25 02:48:53 +0000: Memory Usage (428112K) : Executing rule Pad.i
2026-09-25 02:48:53 +0000: Memory Usage (428112K) : Starting 6.9.1 Solder Bump
2026-09-25 02:48:53 +0000: Memory Usage (428112K) : Executing rule Padb.a
2026-09-25 02:48:53 +0000: Memory Usage (428112K) : Executing rule Padb.b
2026-09-25 02:48:53 +0000: Memory Usage (428112K) : Executing rule Padb.c
2026-09-25 02:48:53 +0000: Memory Usage (428112K) : Executing rule Padb.f
2026-09-25 02:48:53 +0000: Memory Usage (428112K) : Executing rule Padb.d
2026-09-25 02:48:53 +0000: Memory Usage (428112K) : Starting 6.10 Sealring table
2026-09-25 02:48:53 +0000: Memory Usage (428112K) : Executing rule Seal.l
2026-09-25 02:48:53 +0000: Memory Usage (428112K) : Executing rule Seal.n
2026-09-25 02:48:53 +0000: Memory Usage (428112K) : Executing rule seal.b_metal1
2026-09-25 02:48:53 +0000: Memory Usage (428112K) : Executing rule seal.b_metal2
2026-09-25 02:48:53 +0000: Memory Usage (428112K) : Executing rule seal.b_metal3
2026-09-25 02:48:53 +0000: Memory Usage (428112K) : Executing rule seal.b_metal4
2026-09-25 02:48:53 +0000: Memory Usage (428112K) : Executing rule seal.b_metal5
2026-09-25 02:48:53 +0000: Memory Usage (428112K) : Executing rule seal.b_topmetal1
2026-09-25 02:48:53 +0000: Memory Usage (428112K) : Executing rule seal.b_topmetal2
2026-09-25 02:48:53 +0000: Memory Usage (428112K) : Executing rule seal.b_activ
2026-09-25 02:48:53 +0000: Memory Usage (428112K) : Executing rule seal.b_psd
2026-09-25 02:48:53 +0000: Memory Usage (428112K) : Executing rule Seal.k
2026-09-25 02:48:53 +0000: Memory Usage (428112K) : Executing rule Seal.m
2026-09-25 02:48:53 +0000: Memory Usage (428112K) : Starting 6.11 MIM table
2026-09-25 02:48:53 +0000: Memory Usage (428112K) : Executing rule MIM.c
2026-09-25 02:48:53 +0000: Memory Usage (428112K) : Executing rule MIM.d
2026-09-25 02:48:53 +0000: Memory Usage (428112K) : Executing rule MIM.gR
2026-09-25 02:48:53 +0000: Memory Usage (428112K) : Starting 7.3 Metal Slits table
2026-09-25 02:48:53 +0000: Memory Usage (428112K) : Executing rule Slt.e1_M1
2026-09-25 02:48:53 +0000: Memory Usage (428112K) : Executing rule Slt.e1_M2
2026-09-25 02:48:53 +0000: Memory Usage (428112K) : Executing rule Slt.e1_M3
2026-09-25 02:48:53 +0000: Memory Usage (428112K) : Executing rule Slt.e1_M4
2026-09-25 02:48:53 +0000: Memory Usage (428112K) : Executing rule Slt.e1_M5
2026-09-25 02:48:53 +0000: Memory Usage (428112K) : Executing rule Slt.e1_TM1
2026-09-25 02:48:53 +0000: Memory Usage (428112K) : Executing rule Slt.e1_TM2
2026-09-25 02:48:53 +0000: Memory Usage (428112K) : Starting 9.1. LBE table
2026-09-25 02:48:53 +0000: Memory Usage (428112K) : Executing rule LBE.a
2026-09-25 02:48:53 +0000: Memory Usage (428112K) : Executing rule LBE.b
2026-09-25 02:48:53 +0000: Memory Usage (428112K) : Executing rule LBE.b1
2026-09-25 02:48:53 +0000: Memory Usage (428112K) : Executing rule LBE.c
2026-09-25 02:48:53 +0000: Memory Usage (428112K) : Executing rule LBE.d
2026-09-25 02:48:53 +0000: Memory Usage (428112K) : Executing rule LBE.h
2026-09-25 02:48:53 +0000: Memory Usage (428112K) : Starting 7.4. PIN table
2026-09-25 02:48:53 +0000: Memory Usage (428112K) : Executing rule Pin.a
2026-09-25 02:48:53 +0000: Memory Usage (428112K) : Executing rule Pin.b
2026-09-25 02:48:53 +0000: Memory Usage (428112K) : Executing rule Pin.e
2026-09-25 02:48:53 +0000: Memory Usage (428112K) : Executing rule Pin.f_M2
2026-09-25 02:48:53 +0000: Memory Usage (428112K) : Executing rule Pin.f_M3
2026-09-25 02:48:53 +0000: Memory Usage (428112K) : Executing rule Pin.f_M4
2026-09-25 02:48:53 +0000: Memory Usage (428112K) : Executing rule Pin.f_M5
2026-09-25 02:48:53 +0000: Memory Usage (428112K) : Executing rule Pin.g
2026-09-25 02:48:53 +0000: Memory Usage (428112K) : Executing rule Pin.h
2026-09-25 02:48:53 +0000: Memory Usage (428112K) : Starting 3.2. FORBIDDEN table
2026-09-25 02:48:53 +0000: Memory Usage (428112K) : Executing rule forbidden.biwind
2026-09-25 02:48:53 +0000: Memory Usage (428112K) : Executing rule forbidden.pemwind
2026-09-25 02:48:53 +0000: Memory Usage (428112K) : Executing rule forbidden.baspoly
2026-09-25 02:48:53 +0000: Memory Usage (428112K) : Executing rule forbidden.deepco
2026-09-25 02:48:53 +0000: Memory Usage (428112K) : Executing rule forbidden.pempoly
2026-09-25 02:48:53 +0000: Memory Usage (428112K) : Executing rule forbidden.empoly
2026-09-25 02:48:53 +0000: Memory Usage (428112K) : Executing rule forbidden.ldmos
2026-09-25 02:48:53 +0000: Memory Usage (428112K) : Executing rule forbidden.pbiwind
2026-09-25 02:48:53 +0000: Memory Usage (428112K) : Executing rule forbidden.nodrc
2026-09-25 02:48:53 +0000: Memory Usage (428112K) : Executing rule forbidden.flash
2026-09-25 02:48:53 +0000: Memory Usage (428112K) : Executing rule forbidden.colwind
2026-09-25 02:48:53 +0000: Memory Usage (428112K) : KLayout DRC run for tables 'main' completed in 0.48 seconds
