
 /----------------------------------------------------------------------------\
 |  yosys -- Yosys Open SYnthesis Suite                                       |
 |  Copyright (C) 2012 - 2026  Claire Xenia Wolf <claire@yosyshq.com>         |
 |  Distributed under an ISC-like license, type "license" to see terms        |
 \----------------------------------------------------------------------------/
 Yosys 0.62 (git sha1 7326bb7d6641500ecb285c291a54a662cb1e76cf, clang++ 21.1.2 -fPIC -O3)

-- Running command `read_verilog -sv rtl/mac16_booth.v; hierarchy -check -top mac16; synth -top mac16 -flatten -booth; dfflibmap -liberty /home/matthias/.ciel/ihp-sg13g2/ihp-sg13g2/libs.ref/sg13g2_stdcell/lib/sg13g2_stdcell_typ_1p20V_25C.lib; abc -liberty /home/matthias/.ciel/ihp-sg13g2/ihp-sg13g2/libs.ref/sg13g2_stdcell/lib/sg13g2_stdcell_typ_1p20V_25C.lib; opt_clean; tee -o reports/mac16_booth.stat.txt stat -liberty /home/matthias/.ciel/ihp-sg13g2/ihp-sg13g2/libs.ref/sg13g2_stdcell/lib/sg13g2_stdcell_typ_1p20V_25C.lib; write_verilog -noattr /var/tmp/pe-synth/netlists/mac16_booth.v' --

1. Executing Verilog-2005 frontend: rtl/mac16_booth.v
Parsing SystemVerilog input from `rtl/mac16_booth.v' to AST representation.
Generating RTLIL representation for module `\mac16'.
Successfully finished Verilog frontend.

2. Executing HIERARCHY pass (managing design hierarchy).

2.1. Analyzing design hierarchy..
Top module:  \mac16

2.2. Analyzing design hierarchy..
Top module:  \mac16
Removed 0 unused modules.

3. Executing SYNTH pass.

3.1. Executing HIERARCHY pass (managing design hierarchy).

3.1.1. Analyzing design hierarchy..
Top module:  \mac16

3.1.2. Analyzing design hierarchy..
Top module:  \mac16
Removed 0 unused modules.

3.2. Executing PROC pass (convert processes to netlists).

3.2.1. Executing PROC_CLEAN pass (remove empty switches from decision trees).
Cleaned up 0 empty switches.

3.2.2. Executing PROC_RMDEAD pass (remove dead branches from decision trees).
Marked 1 switch rules as full_case in process $proc$rtl/mac16_booth.v:52$6 in module mac16.
Marked 1 switch rules as full_case in process $proc$rtl/mac16_booth.v:41$2 in module mac16.
Marked 1 switch rules as full_case in process $proc$rtl/mac16_booth.v:34$1 in module mac16.
Removed a total of 0 dead cases.

3.2.3. Executing PROC_PRUNE pass (remove redundant assignments in processes).
Removed 2 redundant assignments.
Promoted 0 assignments to connections.

3.2.4. Executing PROC_INIT pass (extract init attributes).

3.2.5. Executing PROC_ARST pass (detect async resets in processes).

3.2.6. Executing PROC_ROM pass (convert switches to ROMs).
Converted 0 switches.
<suppressed ~4 debug messages>

3.2.7. Executing PROC_MUX pass (convert decision trees to multiplexers).
Creating decoders for process `\mac16.$proc$rtl/mac16_booth.v:52$6'.
     1/1: $0\_20[31:0]
Creating decoders for process `\mac16.$proc$rtl/mac16_booth.v:41$2'.
     1/1: $0\_17[15:0]
Creating decoders for process `\mac16.$proc$rtl/mac16_booth.v:34$1'.
     1/1: $0\_14[15:0]

3.2.8. Executing PROC_DLATCH pass (convert process syncs to latches).

3.2.9. Executing PROC_DFF pass (convert process syncs to FFs).
Creating register for signal `\mac16.\_20' using process `\mac16.$proc$rtl/mac16_booth.v:52$6'.
  created $dff cell `$procdff$18' with positive edge clock.
Creating register for signal `\mac16.\_17' using process `\mac16.$proc$rtl/mac16_booth.v:41$2'.
  created $dff cell `$procdff$19' with positive edge clock.
Creating register for signal `\mac16.\_14' using process `\mac16.$proc$rtl/mac16_booth.v:34$1'.
  created $dff cell `$procdff$20' with positive edge clock.

3.2.10. Executing PROC_MEMWR pass (convert process memory writes to cells).

3.2.11. Executing PROC_CLEAN pass (remove empty switches from decision trees).
Found and cleaned up 2 empty switches in `\mac16.$proc$rtl/mac16_booth.v:52$6'.
Removing empty process `mac16.$proc$rtl/mac16_booth.v:52$6'.
Found and cleaned up 1 empty switch in `\mac16.$proc$rtl/mac16_booth.v:41$2'.
Removing empty process `mac16.$proc$rtl/mac16_booth.v:41$2'.
Found and cleaned up 1 empty switch in `\mac16.$proc$rtl/mac16_booth.v:34$1'.
Removing empty process `mac16.$proc$rtl/mac16_booth.v:34$1'.
Cleaned up 4 empty switches.

3.2.12. Executing OPT_EXPR pass (perform const folding).
Optimizing module mac16.

3.3. Executing FLATTEN pass (flatten design).

3.4. Executing OPT_EXPR pass (perform const folding).
Optimizing module mac16.

3.5. Executing OPT_CLEAN pass (remove unused cells and wires).
Finding unused cells or wires in module \mac16..
Removed 0 unused cells and 10 unused wires.
<suppressed ~1 debug messages>

3.6. Executing CHECK pass (checking for obvious problems).
Checking module mac16...
Found and reported 0 problems.

3.7. Executing OPT pass (performing simple optimizations).

3.7.1. Executing OPT_EXPR pass (perform const folding).
Optimizing module mac16.

3.7.2. Executing OPT_MERGE pass (detect identical cells).
Finding identical cells in module `\mac16'.
Computing hashes of 10 cells of `\mac16'.
Finding duplicate cells in `\mac16'.
Removed a total of 0 cells.

3.7.3. Executing OPT_MUXTREE pass (detect dead branches in mux trees).
Running muxtree optimizer on module \mac16..
  Creating internal representation of mux trees.
  Evaluating internal representation of mux trees.
  Analyzing evaluation results.
Removed 0 multiplexer ports.
<suppressed ~8 debug messages>

3.7.4. Executing OPT_REDUCE pass (consolidate $*mux and $reduce_* inputs).
  Optimizing cells in module \mac16.
Performed a total of 0 changes.

3.7.5. Executing OPT_MERGE pass (detect identical cells).
Finding identical cells in module `\mac16'.
Computing hashes of 10 cells of `\mac16'.
Finding duplicate cells in `\mac16'.
Removed a total of 0 cells.

3.7.6. Executing OPT_DFF pass (perform DFF optimizations).

3.7.7. Executing OPT_CLEAN pass (remove unused cells and wires).
Finding unused cells or wires in module \mac16..

3.7.8. Executing OPT_EXPR pass (perform const folding).
Optimizing module mac16.

3.7.9. Finished fast OPT passes. (There is nothing left to do.)

3.8. Executing FSM pass (extract and optimize FSM).

3.8.1. Executing FSM_DETECT pass (finding FSMs in design).

3.8.2. Executing FSM_EXTRACT pass (extracting FSM from design).

3.8.3. Executing FSM_OPT pass (simple optimizations of FSMs).

3.8.4. Executing OPT_CLEAN pass (remove unused cells and wires).
Finding unused cells or wires in module \mac16..

3.8.5. Executing FSM_OPT pass (simple optimizations of FSMs).

3.8.6. Executing FSM_RECODE pass (re-assigning FSM state encoding).

3.8.7. Executing FSM_INFO pass (dumping all available information on FSM cells).

3.8.8. Executing FSM_MAP pass (mapping FSMs to basic logic).

3.9. Executing OPT pass (performing simple optimizations).

3.9.1. Executing OPT_EXPR pass (perform const folding).
Optimizing module mac16.

3.9.2. Executing OPT_MERGE pass (detect identical cells).
Finding identical cells in module `\mac16'.
Computing hashes of 10 cells of `\mac16'.
Finding duplicate cells in `\mac16'.
Removed a total of 0 cells.

3.9.3. Executing OPT_MUXTREE pass (detect dead branches in mux trees).
Running muxtree optimizer on module \mac16..
  Creating internal representation of mux trees.
  Evaluating internal representation of mux trees.
  Analyzing evaluation results.
Removed 0 multiplexer ports.
<suppressed ~8 debug messages>

3.9.4. Executing OPT_REDUCE pass (consolidate $*mux and $reduce_* inputs).
  Optimizing cells in module \mac16.
Performed a total of 0 changes.

3.9.5. Executing OPT_MERGE pass (detect identical cells).
Finding identical cells in module `\mac16'.
Computing hashes of 10 cells of `\mac16'.
Finding duplicate cells in `\mac16'.
Removed a total of 0 cells.

3.9.6. Executing OPT_DFF pass (perform DFF optimizations).
Adding SRST signal on $procdff$20 ($dff) from module mac16 (D = \b_in, Q = \_14, rval = 16'0000000000000000).
Adding SRST signal on $procdff$19 ($dff) from module mac16 (D = \a_in, Q = \_17, rval = 16'0000000000000000).
Adding SRST signal on $procdff$18 ($dff) from module mac16 (D = $procmux$7_Y, Q = \_20, rval = 0).
Adding EN signal on $auto$ff.cc:337:slice$23 ($sdff) from module mac16 (D = \_23, Q = \_20).

3.9.7. Executing OPT_CLEAN pass (remove unused cells and wires).
Finding unused cells or wires in module \mac16..
Removed 4 unused cells and 4 unused wires.
<suppressed ~5 debug messages>

3.9.8. Executing OPT_EXPR pass (perform const folding).
Optimizing module mac16.

3.9.9. Rerunning OPT passes. (Maybe there is more to do..)

3.9.10. Executing OPT_MUXTREE pass (detect dead branches in mux trees).
Running muxtree optimizer on module \mac16..
  Creating internal representation of mux trees.
  Evaluating internal representation of mux trees.
  Analyzing evaluation results.
Removed 0 multiplexer ports.
<suppressed ~2 debug messages>

3.9.11. Executing OPT_REDUCE pass (consolidate $*mux and $reduce_* inputs).
  Optimizing cells in module \mac16.
Performed a total of 0 changes.

3.9.12. Executing OPT_MERGE pass (detect identical cells).
Finding identical cells in module `\mac16'.
Computing hashes of 6 cells of `\mac16'.
Finding duplicate cells in `\mac16'.
Removed a total of 0 cells.

3.9.13. Executing OPT_DFF pass (perform DFF optimizations).

3.9.14. Executing OPT_CLEAN pass (remove unused cells and wires).
Finding unused cells or wires in module \mac16..

3.9.15. Executing OPT_EXPR pass (perform const folding).
Optimizing module mac16.

3.9.16. Finished fast OPT passes. (There is nothing left to do.)

3.10. Executing WREDUCE pass (reducing word size of cells).
Converting cell mac16.$mul$rtl/mac16_booth.v:48$3 ($mul) from unsigned to signed.
Removed top 16 bits (of 32) from port A of cell mac16.$mul$rtl/mac16_booth.v:48$3 ($mul).
Removed top 16 bits (of 32) from port B of cell mac16.$mul$rtl/mac16_booth.v:48$3 ($mul).

3.11. Executing PEEPOPT pass (run peephole optimizers).

3.12. Executing OPT_CLEAN pass (remove unused cells and wires).
Finding unused cells or wires in module \mac16..

3.13. Executing BOOTH pass (map to Booth multipliers).
Mapping cell $mul$rtl/mac16_booth.v:48$3 to signed Booth multiplier
Mapped 1 multipliers.

3.14. Executing ALUMACC pass (create $alu and $macc cells).
Extracting $alu and $macc cells in module mac16:
  creating $macc model for $add$rtl/mac16_booth.v:49$4 ($add).
  creating $macc model for $auto$booth.cc:427:CreateBoothMult$1248 ($add).
  creating $alu model for $macc $auto$booth.cc:427:CreateBoothMult$1248.
  creating $alu model for $macc $add$rtl/mac16_booth.v:49$4.
  creating $alu cell for $add$rtl/mac16_booth.v:49$4: $auto$alumacc.cc:512:replace_alu$1249
  creating $alu cell for $auto$booth.cc:427:CreateBoothMult$1248: $auto$alumacc.cc:512:replace_alu$1252
  created 2 $alu and 0 $macc cells.

3.15. Executing SHARE pass (SAT-based resource sharing).

3.16. Executing OPT pass (performing simple optimizations).

3.16.1. Executing OPT_EXPR pass (perform const folding).
Optimizing module mac16.
<suppressed ~1 debug messages>

3.16.2. Executing OPT_MERGE pass (detect identical cells).
Finding identical cells in module `\mac16'.
Computing hashes of 814 cells of `\mac16'.
Finding duplicate cells in `\mac16'.
Computing hashes of 778 cells of `\mac16'.
Finding duplicate cells in `\mac16'.
Computing hashes of 772 cells of `\mac16'.
Finding duplicate cells in `\mac16'.
<suppressed ~160 debug messages>
Removed a total of 42 cells.

3.16.3. Executing OPT_MUXTREE pass (detect dead branches in mux trees).
Running muxtree optimizer on module \mac16..
  Creating internal representation of mux trees.
  Evaluating internal representation of mux trees.
  Analyzing evaluation results.
Removed 0 multiplexer ports.
<suppressed ~2 debug messages>

3.16.4. Executing OPT_REDUCE pass (consolidate $*mux and $reduce_* inputs).
  Optimizing cells in module \mac16.
Performed a total of 0 changes.

3.16.5. Executing OPT_MERGE pass (detect identical cells).
Finding identical cells in module `\mac16'.
Computing hashes of 772 cells of `\mac16'.
Finding duplicate cells in `\mac16'.
Removed a total of 0 cells.

3.16.6. Executing OPT_DFF pass (perform DFF optimizations).

3.16.7. Executing OPT_CLEAN pass (remove unused cells and wires).
Finding unused cells or wires in module \mac16..
Removed 1 unused cells and 42 unused wires.
<suppressed ~2 debug messages>

3.16.8. Executing OPT_EXPR pass (perform const folding).
Optimizing module mac16.

3.16.9. Rerunning OPT passes. (Maybe there is more to do..)

3.16.10. Executing OPT_MUXTREE pass (detect dead branches in mux trees).
Running muxtree optimizer on module \mac16..
  Creating internal representation of mux trees.
  Evaluating internal representation of mux trees.
  Analyzing evaluation results.
Removed 0 multiplexer ports.
<suppressed ~2 debug messages>

3.16.11. Executing OPT_REDUCE pass (consolidate $*mux and $reduce_* inputs).
  Optimizing cells in module \mac16.
Performed a total of 0 changes.

3.16.12. Executing OPT_MERGE pass (detect identical cells).
Finding identical cells in module `\mac16'.
Computing hashes of 771 cells of `\mac16'.
Finding duplicate cells in `\mac16'.
Removed a total of 0 cells.

3.16.13. Executing OPT_DFF pass (perform DFF optimizations).

3.16.14. Executing OPT_CLEAN pass (remove unused cells and wires).
Finding unused cells or wires in module \mac16..

3.16.15. Executing OPT_EXPR pass (perform const folding).
Optimizing module mac16.

3.16.16. Finished fast OPT passes. (There is nothing left to do.)

3.17. Executing MEMORY pass.

3.17.1. Executing OPT_MEM pass (optimize memories).
Performed a total of 0 transformations.

3.17.2. Executing OPT_MEM_PRIORITY pass (removing unnecessary memory write priority relations).
Performed a total of 0 transformations.

3.17.3. Executing OPT_MEM_FEEDBACK pass (finding memory read-to-write feedback paths).

3.17.4. Executing MEMORY_BMUX2ROM pass (converting muxes to ROMs).

3.17.5. Executing MEMORY_DFF pass (merging $dff cells to $memrd).

3.17.6. Executing OPT_CLEAN pass (remove unused cells and wires).
Finding unused cells or wires in module \mac16..

3.17.7. Executing MEMORY_SHARE pass (consolidating $memrd/$memwr cells).

3.17.8. Executing OPT_MEM_WIDEN pass (optimize memories where all ports are wide).
Performed a total of 0 transformations.

3.17.9. Executing OPT_CLEAN pass (remove unused cells and wires).
Finding unused cells or wires in module \mac16..

3.17.10. Executing MEMORY_COLLECT pass (generating $mem cells).

3.18. Executing OPT_CLEAN pass (remove unused cells and wires).
Finding unused cells or wires in module \mac16..

3.19. Executing OPT pass (performing simple optimizations).

3.19.1. Executing OPT_EXPR pass (perform const folding).
Optimizing module mac16.
<suppressed ~1 debug messages>

3.19.2. Executing OPT_MERGE pass (detect identical cells).
Finding identical cells in module `\mac16'.
Computing hashes of 771 cells of `\mac16'.
Finding duplicate cells in `\mac16'.
Removed a total of 0 cells.

3.19.3. Executing OPT_DFF pass (perform DFF optimizations).

3.19.4. Executing OPT_CLEAN pass (remove unused cells and wires).
Finding unused cells or wires in module \mac16..

3.19.5. Finished fast OPT passes.

3.20. Executing MEMORY_MAP pass (converting memories to logic and flip-flops).

3.21. Executing OPT pass (performing simple optimizations).

3.21.1. Executing OPT_EXPR pass (perform const folding).
Optimizing module mac16.

3.21.2. Executing OPT_MERGE pass (detect identical cells).
Finding identical cells in module `\mac16'.
Computing hashes of 771 cells of `\mac16'.
Finding duplicate cells in `\mac16'.
Removed a total of 0 cells.

3.21.3. Executing OPT_MUXTREE pass (detect dead branches in mux trees).
Running muxtree optimizer on module \mac16..
  Creating internal representation of mux trees.
  Evaluating internal representation of mux trees.
  Analyzing evaluation results.
Removed 0 multiplexer ports.
<suppressed ~2 debug messages>

3.21.4. Executing OPT_REDUCE pass (consolidate $*mux and $reduce_* inputs).
  Optimizing cells in module \mac16.
Performed a total of 0 changes.

3.21.5. Executing OPT_MERGE pass (detect identical cells).
Finding identical cells in module `\mac16'.
Computing hashes of 771 cells of `\mac16'.
Finding duplicate cells in `\mac16'.
Removed a total of 0 cells.

3.21.6. Executing OPT_SHARE pass.

3.21.7. Executing OPT_DFF pass (perform DFF optimizations).

3.21.8. Executing OPT_CLEAN pass (remove unused cells and wires).
Finding unused cells or wires in module \mac16..

3.21.9. Executing OPT_EXPR pass (perform const folding).
Optimizing module mac16.

3.21.10. Finished fast OPT passes. (There is nothing left to do.)

3.22. Executing TECHMAP pass (map to technology primitives).

3.22.1. Executing Verilog-2005 frontend: /nix/store/f1q0w7rd0a4ny4hqvfxlhs4cmariidcy-yosys-0.62/bin/../share/yosys/techmap.v
Parsing Verilog input from `/nix/store/f1q0w7rd0a4ny4hqvfxlhs4cmariidcy-yosys-0.62/bin/../share/yosys/techmap.v' to AST representation.
Generating RTLIL representation for module `\_90_simplemap_bool_ops'.
Generating RTLIL representation for module `\_90_simplemap_reduce_ops'.
Generating RTLIL representation for module `\_90_simplemap_logic_ops'.
Generating RTLIL representation for module `\_90_simplemap_compare_ops'.
Generating RTLIL representation for module `\_90_simplemap_various'.
Generating RTLIL representation for module `\_90_simplemap_registers'.
Generating RTLIL representation for module `\_90_shift_ops_shr_shl_sshl_sshr'.
Generating RTLIL representation for module `\_90_shift_shiftx'.
Generating RTLIL representation for module `\_90_fa'.
Generating RTLIL representation for module `\_90_lcu_brent_kung'.
Generating RTLIL representation for module `\_90_alu'.
Generating RTLIL representation for module `\_90_macc'.
Generating RTLIL representation for module `\_90_alumacc'.
Generating RTLIL representation for module `$__div_mod_u'.
Generating RTLIL representation for module `$__div_mod_trunc'.
Generating RTLIL representation for module `\_90_div'.
Generating RTLIL representation for module `\_90_mod'.
Generating RTLIL representation for module `$__div_mod_floor'.
Generating RTLIL representation for module `\_90_divfloor'.
Generating RTLIL representation for module `\_90_modfloor'.
Generating RTLIL representation for module `\_90_pow'.
Generating RTLIL representation for module `\_90_pmux'.
Generating RTLIL representation for module `\_90_demux'.
Generating RTLIL representation for module `\_90_lut'.
Generating RTLIL representation for module `$connect'.
Generating RTLIL representation for module `$input_port'.
Successfully finished Verilog frontend.

3.22.2. Continuing TECHMAP pass.
Using template $paramod\_90_fa\WIDTH=32'00000000000000000000000000000001 for cells of type $fa.
Using template $paramod$ebf89ea36a793f0f77858f212141d47c833068ad\_90_alu for cells of type $alu.
Using template $paramod$fbc7873bff55778c0b3173955b7e4bce1d9d6834\_90_alu for cells of type $alu.
Using extmapper simplemap for cells of type $sdffe.
Using extmapper simplemap for cells of type $sdff.
Using extmapper simplemap for cells of type $mux.
Using extmapper simplemap for cells of type $or.
Using extmapper simplemap for cells of type $xor.
Using extmapper simplemap for cells of type $and.
Using template $paramod\_90_fa\WIDTH=32'00000000000000000000000000011111 for cells of type $fa.
Using template $paramod\_90_lcu_brent_kung\WIDTH=32'00000000000000000000000000011111 for cells of type $lcu.
Using extmapper simplemap for cells of type $pos.
Using extmapper simplemap for cells of type $not.
Using template $paramod\_90_fa\WIDTH=32'00000000000000000000000000100000 for cells of type $fa.
Using template $paramod\_90_lcu_brent_kung\WIDTH=32'00000000000000000000000000100000 for cells of type $lcu.
No more expansions possible.
<suppressed ~1865 debug messages>

3.23. Executing OPT pass (performing simple optimizations).

3.23.1. Executing OPT_EXPR pass (perform const folding).
Optimizing module mac16.
<suppressed ~641 debug messages>

3.23.2. Executing OPT_MERGE pass (detect identical cells).
Finding identical cells in module `\mac16'.
Computing hashes of 1764 cells of `\mac16'.
Finding duplicate cells in `\mac16'.
Removed a total of 0 cells.

3.23.3. Executing OPT_DFF pass (perform DFF optimizations).

3.23.4. Executing OPT_CLEAN pass (remove unused cells and wires).
Finding unused cells or wires in module \mac16..
Removed 84 unused cells and 2000 unused wires.
<suppressed ~85 debug messages>

3.23.5. Finished fast OPT passes.

3.24. Executing ABC pass (technology mapping using ABC).

3.24.1. Extracting gate netlist of module `\mac16' to `<abc-temp-dir>/input.blif'..

3.24.1.1. Executed ABC.
Extracted 1616 gates and 1681 wires to a netlist network with 65 inputs and 32 outputs.
Running ABC script: <abc-temp-dir>/abc.script
ABC: ======== ABC command line "source <abc-temp-dir>/abc.script"
ABC: + read_blif <abc-temp-dir>/input.blif 
ABC: + read_library /tmp/yosys-abc-bUvOFo/stdcells.genlib 
ABC: + strash 
ABC: + dretime 
ABC: + map 
ABC: + write_blif <abc-temp-dir>/output.blif 

3.24.1.2. Re-integrating ABC results.
ABC RESULTS:               AND cells:        4
ABC RESULTS:            ANDNOT cells:      597
ABC RESULTS:               MUX cells:       35
ABC RESULTS:              NAND cells:       26
ABC RESULTS:               NOR cells:      109
ABC RESULTS:               NOT cells:       90
ABC RESULTS:                OR cells:      260
ABC RESULTS:             ORNOT cells:       43
ABC RESULTS:              XNOR cells:       69
ABC RESULTS:               XOR cells:      453
ABC RESULTS:        internal signals:     1584
ABC RESULTS:           input signals:       65
ABC RESULTS:          output signals:       32
Removing temp directory.
Removing global temp directory.

3.25. Executing OPT pass (performing simple optimizations).

3.25.1. Executing OPT_EXPR pass (perform const folding).
Optimizing module mac16.

3.25.2. Executing OPT_MERGE pass (detect identical cells).
Finding identical cells in module `\mac16'.
Computing hashes of 1750 cells of `\mac16'.
Finding duplicate cells in `\mac16'.
Removed a total of 0 cells.

3.25.3. Executing OPT_DFF pass (perform DFF optimizations).

3.25.4. Executing OPT_CLEAN pass (remove unused cells and wires).
Finding unused cells or wires in module \mac16..
Removed 0 unused cells and 1455 unused wires.
<suppressed ~3 debug messages>

3.25.5. Finished fast OPT passes.

3.26. Executing HIERARCHY pass (managing design hierarchy).
Attribute `top' found on module `mac16'. Setting top module to mac16.

3.26.1. Analyzing design hierarchy..
Top module:  \mac16

3.26.2. Analyzing design hierarchy..
Top module:  \mac16
Removed 0 unused modules.

3.27. Printing statistics.

=== mac16 ===

        +----------Local Count, excluding submodules.
        | 
     1671 wires
     1931 wire bits
       17 public wires
      277 public wire bits
        9 ports
      100 port bits
     1750 cells
      597   $_ANDNOT_
        4   $_AND_
       35   $_MUX_
       26   $_NAND_
      109   $_NOR_
       90   $_NOT_
       43   $_ORNOT_
      260   $_OR_
       32   $_SDFFE_PP0P_
       32   $_SDFF_PP0_
       69   $_XNOR_
      453   $_XOR_

3.28. Executing CHECK pass (checking for obvious problems).
Checking module mac16...
Found and reported 0 problems.

4. Executing DFFLIBMAP pass (mapping DFF cells to sequential cells from liberty file).
  cell sg13g2_dfrbpq_1 (noninv, pins=4, area=48.99) is a direct match for cell type $_DFF_PN0_.
  final dff cell mappings:
    unmapped dff cell: $_DFF_N_
    unmapped dff cell: $_DFF_P_
    unmapped dff cell: $_DFF_NN0_
    unmapped dff cell: $_DFF_NN1_
    unmapped dff cell: $_DFF_NP0_
    unmapped dff cell: $_DFF_NP1_
    \sg13g2_dfrbpq_1 _DFF_PN0_ (.CLK( C), .D( D), .Q( Q), .RESET_B( R));
    unmapped dff cell: $_DFF_PN1_
    unmapped dff cell: $_DFF_PP0_
    unmapped dff cell: $_DFF_PP1_
    unmapped dff cell: $_DFFE_NN_
    unmapped dff cell: $_DFFE_NP_
    unmapped dff cell: $_DFFE_PN_
    unmapped dff cell: $_DFFE_PP_
    unmapped dff cell: $_DFFSR_NNN_
    unmapped dff cell: $_DFFSR_NNP_
    unmapped dff cell: $_DFFSR_NPN_
    unmapped dff cell: $_DFFSR_NPP_
    unmapped dff cell: $_DFFSR_PNN_
    unmapped dff cell: $_DFFSR_PNP_
    unmapped dff cell: $_DFFSR_PPN_
    unmapped dff cell: $_DFFSR_PPP_

4.1. Executing DFFLEGALIZE pass (convert FFs to types supported by the target).
<suppressed ~4 debug messages>
Mapping DFF cells in module `\mac16':
  mapped 64 $_DFF_PN0_ cells to \sg13g2_dfrbpq_1 cells.

5. Executing ABC pass (technology mapping using ABC).

5.1. Extracting gate netlist of module `\mac16' to `<abc-temp-dir>/input.blif'..

5.1.1. Executed ABC.
Extracted 1782 gates and 1850 wires to a netlist network with 67 inputs and 64 outputs.
Running ABC script: <abc-temp-dir>/abc.script
ABC: ======== ABC command line "source <abc-temp-dir>/abc.script"
ABC: + read_blif <abc-temp-dir>/input.blif 
ABC: + read_lib -w /home/matthias/.ciel/ihp-sg13g2/ihp-sg13g2/libs.ref/sg13g2_stdcell/lib/sg13g2_stdcell_typ_1p20V_25C.lib 
ABC: Parsing finished successfully.  Parsing time =     0.01 sec
ABC: Scl_LibertyReadGenlib() skipped cell "sg13g2_antennanp" due to dont_use attribute.
ABC: Scl_LibertyReadGenlib() skipped cell "sg13g2_decap_4" due to dont_use attribute.
ABC: Scl_LibertyReadGenlib() skipped cell "sg13g2_decap_8" due to dont_use attribute.
ABC: Scl_LibertyReadGenlib() skipped sequential cell "sg13g2_dfrbp_1".
ABC: Scl_LibertyReadGenlib() skipped sequential cell "sg13g2_dfrbp_2".
ABC: Scl_LibertyReadGenlib() skipped sequential cell "sg13g2_dfrbpq_1".
ABC: Scl_LibertyReadGenlib() skipped sequential cell "sg13g2_dfrbpq_2".
ABC: Scl_LibertyReadGenlib() skipped sequential cell "sg13g2_dlhq_1".
ABC: Scl_LibertyReadGenlib() skipped sequential cell "sg13g2_dlhr_1".
ABC: Scl_LibertyReadGenlib() skipped sequential cell "sg13g2_dlhrq_1".
ABC: Scl_LibertyReadGenlib() skipped sequential cell "sg13g2_dllr_1".
ABC: Scl_LibertyReadGenlib() skipped sequential cell "sg13g2_dllrq_1".
ABC: Scl_LibertyReadGenlib() skipped three-state cell "sg13g2_ebufn_2".
ABC: Scl_LibertyReadGenlib() skipped three-state cell "sg13g2_ebufn_4".
ABC: Scl_LibertyReadGenlib() skipped three-state cell "sg13g2_ebufn_8".
ABC: Scl_LibertyReadGenlib() skipped three-state cell "sg13g2_einvn_2".
ABC: Scl_LibertyReadGenlib() skipped three-state cell "sg13g2_einvn_4".
ABC: Scl_LibertyReadGenlib() skipped three-state cell "sg13g2_einvn_8".
ABC: Scl_LibertyReadGenlib() skipped cell "sg13g2_fill_1" due to dont_use attribute.
ABC: Scl_LibertyReadGenlib() skipped cell "sg13g2_fill_2" due to dont_use attribute.
ABC: Scl_LibertyReadGenlib() skipped cell "sg13g2_fill_4" due to dont_use attribute.
ABC: Scl_LibertyReadGenlib() skipped cell "sg13g2_fill_8" due to dont_use attribute.
ABC: Scl_LibertyReadGenlib() skipped cell "sg13g2_lgcp_1" due to dont_use attribute.
ABC: Scl_LibertyReadGenlib() skipped sequential cell "sg13g2_sdfbbp_1".
ABC: Scl_LibertyReadGenlib() skipped sequential cell "sg13g2_sdfrbp_1".
ABC: Scl_LibertyReadGenlib() skipped sequential cell "sg13g2_sdfrbp_2".
ABC: Scl_LibertyReadGenlib() skipped sequential cell "sg13g2_sdfrbpq_1".
ABC: Scl_LibertyReadGenlib() skipped sequential cell "sg13g2_sdfrbpq_2".
ABC: Scl_LibertyReadGenlib() skipped cell "sg13g2_sighold" due to dont_use attribute.
ABC: Scl_LibertyReadGenlib() skipped cell "sg13g2_slgcp_1" due to dont_use attribute.
ABC: Library "sg13g2_stdcell_typ_1p20V_25C" from "/home/matthias/.ciel/ihp-sg13g2/ihp-sg13g2/libs.ref/sg13g2_stdcell/lib/sg13g2_stdcell_typ_1p20V_25C.lib" has 54 cells (30 skipped: 14 seq; 6 tri-state; 0 no func; 10 dont_use; 0 with 2 outputs; 0 with 3+ outputs).  Time =     0.01 sec
ABC: Memory =    2.85 MB. Time =     0.01 sec
ABC: + strash 
ABC: + &get -n 
ABC: + &fraig -x 
ABC: + &put 
ABC: + scorr 
ABC: Warning: The network is combinational (run "fraig" or "fraig_sweep").
ABC: + dc2 
ABC: + dretime 
ABC: + strash 
ABC: + &get -n 
ABC: + &dch -f 
ABC: + &nf 
ABC: + &put 
ABC: + write_blif <abc-temp-dir>/output.blif 

5.1.2. Re-integrating ABC results.
ABC RESULTS:     sg13g2_a21o_1 cells:       25
ABC RESULTS:    sg13g2_a21oi_1 cells:      124
ABC RESULTS:   sg13g2_a221oi_1 cells:       12
ABC RESULTS:    sg13g2_a22oi_1 cells:      116
ABC RESULTS:     sg13g2_and2_1 cells:       45
ABC RESULTS:     sg13g2_and3_1 cells:       10
ABC RESULTS:     sg13g2_and4_1 cells:        2
ABC RESULTS:      sg13g2_inv_1 cells:       49
ABC RESULTS:     sg13g2_mux2_1 cells:        7
ABC RESULTS:    sg13g2_nand2_1 cells:      116
ABC RESULTS:   sg13g2_nand2b_1 cells:       56
ABC RESULTS:    sg13g2_nand3_1 cells:       47
ABC RESULTS:   sg13g2_nand3b_1 cells:        4
ABC RESULTS:    sg13g2_nand4_1 cells:        1
ABC RESULTS:     sg13g2_nor2_1 cells:       79
ABC RESULTS:    sg13g2_nor2b_1 cells:       75
ABC RESULTS:     sg13g2_nor3_1 cells:       20
ABC RESULTS:     sg13g2_nor4_1 cells:        1
ABC RESULTS:    sg13g2_o21ai_1 cells:      105
ABC RESULTS:      sg13g2_or2_1 cells:       10
ABC RESULTS:      sg13g2_or3_1 cells:       14
ABC RESULTS:    sg13g2_xnor2_1 cells:      283
ABC RESULTS:     sg13g2_xor2_1 cells:       98
ABC RESULTS:        internal signals:     1719
ABC RESULTS:           input signals:       67
ABC RESULTS:          output signals:       64
Removing temp directory.
Removing global temp directory.

6. Executing OPT_CLEAN pass (remove unused cells and wires).
Finding unused cells or wires in module \mac16..
Removed 0 unused cells and 1819 unused wires.
<suppressed ~3 debug messages>

7. Printing statistics.

=== mac16 ===

        +----------Local Count, excluding submodules.
        |        +-Local Area, excluding submodules.
        |        | 
     1314        - wires
     1512        - wire bits
       15        - public wires
      213        - public wire bits
        9        - ports
      100        - port bits
     1363  1.7E+04 cells
       25   317.52   sg13g2_a21o_1
      124 1.12E+03   sg13g2_a21oi_1
       12  174.182   sg13g2_a221oi_1
      116 1.26E+03   sg13g2_a22oi_1
       45   408.24   sg13g2_and2_1
       10  127.008   sg13g2_and3_1
        2    29.03   sg13g2_and4_1
       64 3.14E+03   sg13g2_dfrbpq_1
       49  266.717   sg13g2_inv_1
        7  127.008   sg13g2_mux2_1
      116  841.882   sg13g2_nand2_1
       56  508.032   sg13g2_nand2b_1
       47  426.384   sg13g2_nand3_1
        4   50.803   sg13g2_nand3b_1
        1   10.886   sg13g2_nand4_1
       79   573.35   sg13g2_nor2_1
       75    680.4   sg13g2_nor2b_1
       20   181.44   sg13g2_nor3_1
        1   10.886   sg13g2_nor4_1
      105   952.56   sg13g2_o21ai_1
       10    90.72   sg13g2_or2_1
       14  177.811   sg13g2_or3_1
      283 4.11E+03   sg13g2_xnor2_1
       98  1422.49   sg13g2_xor2_1

   Chip area for module '\mac16': 17003.800800
     of which used for sequential elements: 3135.283200 (18.44%)

8. Executing Verilog backend.

8.1. Executing BMUXMAP pass.

8.2. Executing DEMUXMAP pass.
Dumping module `\mac16'.

End of script. Logfile hash: b511afc323, CPU: user 0.22s system 0.04s, MEM: 34.91 MB peak
Yosys 0.62 (git sha1 7326bb7d6641500ecb285c291a54a662cb1e76cf, clang++ 21.1.2 -fPIC -O3)
Time spent: 63% 2x abc (0 sec), 6% 18x opt_clean (0 sec), ...
