
 /----------------------------------------------------------------------------\
 |  yosys -- Yosys Open SYnthesis Suite                                       |
 |  Copyright (C) 2012 - 2026  Claire Xenia Wolf <claire@yosyshq.com>         |
 |  Distributed under an ISC-like license, type "license" to see terms        |
 \----------------------------------------------------------------------------/
 Yosys 0.69+77 (git sha1 9ff27d29c-dirty, Release, Clang /usr/bin/clang++ 21.1.8)

-- Running command `read_verilog -sv rtl/minplus16.v; hierarchy -check -top minplus16; synth -top minplus16 -flatten; dfflibmap -liberty /home/matthias/.ciel/ihp-sg13g2/ihp-sg13g2/libs.ref/sg13g2_stdcell/lib/sg13g2_stdcell_typ_1p20V_25C.lib; abc -liberty /home/matthias/.ciel/ihp-sg13g2/ihp-sg13g2/libs.ref/sg13g2_stdcell/lib/sg13g2_stdcell_typ_1p20V_25C.lib; opt_clean; tee -o reports/minplus16-y069.stat.txt stat -liberty /home/matthias/.ciel/ihp-sg13g2/ihp-sg13g2/libs.ref/sg13g2_stdcell/lib/sg13g2_stdcell_typ_1p20V_25C.lib; write_verilog -noattr /var/tmp/pe-synth/netlists/minplus16-y069.v' --

1. Executing Verilog-2005 frontend: rtl/minplus16.v
Parsing SystemVerilog input from `rtl/minplus16.v' to AST representation.
Generating RTLIL representation for module `\minplus16'.
Successfully finished Verilog frontend.

2. Executing HIERARCHY pass (managing design hierarchy).

2.1. Analyzing design hierarchy..
Top module:  \minplus16

2.2. Analyzing design hierarchy..
Top module:  \minplus16
Removed 0 unused modules.

3. Executing SYNTH pass.

3.1. Executing HIERARCHY pass (managing design hierarchy).

3.1.1. Analyzing design hierarchy..
Top module:  \minplus16

3.1.2. Analyzing design hierarchy..
Top module:  \minplus16
Removed 0 unused modules.

3.2. Executing PROC pass (convert processes to netlists).

3.2.1. Executing PROC_CLEAN pass (remove empty switches from decision trees).
Cleaned up 0 empty switches.

3.2.2. Executing PROC_RMDEAD pass (remove dead branches from decision trees).
Marked 1 switch rules as full_case in process $proc$rtl/minplus16.v:68$8 in module minplus16.
Marked 1 switch rules as full_case in process $proc$rtl/minplus16.v:48$2 in module minplus16.
Marked 1 switch rules as full_case in process $proc$rtl/minplus16.v:41$1 in module minplus16.
Removed a total of 0 dead cases.

3.2.3. Executing PROC_PRUNE pass (remove redundant assignments in processes).
Removed 2 redundant assignments.
Promoted 0 assignments to connections.

3.2.4. Executing PROC_INIT pass (extract init attributes).

3.2.5. Executing PROC_ARST pass (detect async resets in processes).

3.2.6. Executing PROC_ROM pass (convert switches to ROMs).
Converted 0 switches.
<suppressed ~4 debug messages>

3.2.7. Executing PROC_MUX pass (convert decision trees to multiplexers).
Creating decoders for process `\minplus16.$proc$rtl/minplus16.v:68$8'.
     1/1: $0\_28[15:0]
Creating decoders for process `\minplus16.$proc$rtl/minplus16.v:48$2'.
     1/1: $0\_17[15:0]
Creating decoders for process `\minplus16.$proc$rtl/minplus16.v:41$1'.
     1/1: $0\_14[15:0]

3.2.8. Executing PROC_DLATCH pass (convert process syncs to latches).

3.2.9. Executing PROC_DFF pass (convert process syncs to FFs).
Creating register for signal `\minplus16.\_28' using process `\minplus16.$proc$rtl/minplus16.v:68$8'.
  created $dff cell `$procdff$20' with positive edge clock.
Creating register for signal `\minplus16.\_17' using process `\minplus16.$proc$rtl/minplus16.v:48$2'.
  created $dff cell `$procdff$21' with positive edge clock.
Creating register for signal `\minplus16.\_14' using process `\minplus16.$proc$rtl/minplus16.v:41$1'.
  created $dff cell `$procdff$22' with positive edge clock.

3.2.10. Executing PROC_MEMWR pass (convert process memory writes to cells).

3.2.11. Executing PROC_CLEAN pass (remove empty switches from decision trees).
Found and cleaned up 2 empty switches in `\minplus16.$proc$rtl/minplus16.v:68$8'.
Removing empty process `minplus16.$proc$rtl/minplus16.v:68$8'.
Found and cleaned up 1 empty switch in `\minplus16.$proc$rtl/minplus16.v:48$2'.
Removing empty process `minplus16.$proc$rtl/minplus16.v:48$2'.
Found and cleaned up 1 empty switch in `\minplus16.$proc$rtl/minplus16.v:41$1'.
Removing empty process `minplus16.$proc$rtl/minplus16.v:41$1'.
Cleaned up 4 empty switches.

3.2.12. Executing OPT_EXPR pass (perform const folding).
Optimizing module minplus16.

3.3. Executing CHECK pass (checking for obvious problems).
Checking module minplus16...
Found and reported 0 problems.

3.4. Executing FLATTEN pass (flatten design).

3.5. Executing OPT_EXPR pass (perform const folding).
Optimizing module minplus16.

3.6. Executing CHECK pass (checking for obvious problems).
Checking module minplus16...
Found and reported 0 problems.

3.7. Executing OPT_CLEAN pass (remove unused cells and wires).
Finding unused cells or wires in module \minplus16..
Removed 0 unused cells and 12 unused wires.
<suppressed ~1 debug messages>

3.8. Executing OPT pass (performing simple optimizations).

3.8.1. Executing OPT_EXPR pass (perform const folding).
Optimizing module minplus16.

3.8.2. Executing OPT_MERGE pass (detect identical cells).
Finding identical cells in module `\minplus16'.
Computing hashes of 12 cells of `\minplus16'.
Finding duplicate cells in `\minplus16'.
Removed a total of 0 cells.

3.8.3. Executing OPT_MUXTREE pass (detect dead branches in mux trees).
Running muxtree optimizer on module \minplus16..
  Creating internal representation of mux trees.
  Evaluating internal representation of mux trees.
  Analyzing evaluation results.
Removed 0 multiplexer ports.
<suppressed ~11 debug messages>

3.8.4. Executing OPT_REDUCE pass (consolidate $*mux and $reduce_* inputs).
  Optimizing cells in module \minplus16.
Performed a total of 0 changes.

3.8.5. Executing OPT_MERGE pass (detect identical cells).
Finding identical cells in module `\minplus16'.
Computing hashes of 12 cells of `\minplus16'.
Finding duplicate cells in `\minplus16'.
Removed a total of 0 cells.

3.8.6. Executing OPT_DFF pass (perform DFF optimizations).

3.8.7. Executing OPT_CLEAN pass (remove unused cells and wires).
Finding unused cells or wires in module \minplus16..

3.8.8. Executing OPT_EXPR pass (perform const folding).
Optimizing module minplus16.

3.8.9. Finished fast OPT passes. (There is nothing left to do.)

3.9. Executing FSM pass (extract and optimize FSM).

3.9.1. Executing FSM_DETECT pass (finding FSMs in design).

3.9.2. Executing FSM_EXTRACT pass (extracting FSM from design).

3.9.3. Executing FSM_OPT pass (simple optimizations of FSMs).

3.9.4. Executing OPT_CLEAN pass (remove unused cells and wires).
Finding unused cells or wires in module \minplus16..

3.9.5. Executing FSM_OPT pass (simple optimizations of FSMs).

3.9.6. Executing FSM_RECODE pass (re-assigning FSM state encoding).

3.9.7. Executing FSM_INFO pass (dumping all available information on FSM cells).

3.9.8. Executing FSM_MAP pass (mapping FSMs to basic logic).

3.10. Executing OPT pass (performing simple optimizations).

3.10.1. Executing OPT_EXPR pass (perform const folding).
Optimizing module minplus16.

3.10.2. Executing OPT_MERGE pass (detect identical cells).
Finding identical cells in module `\minplus16'.
Computing hashes of 12 cells of `\minplus16'.
Finding duplicate cells in `\minplus16'.
Removed a total of 0 cells.

3.10.3. Executing OPT_MUXTREE pass (detect dead branches in mux trees).
Running muxtree optimizer on module \minplus16..
  Creating internal representation of mux trees.
  Evaluating internal representation of mux trees.
  Analyzing evaluation results.
Removed 0 multiplexer ports.
<suppressed ~11 debug messages>

3.10.4. Executing OPT_REDUCE pass (consolidate $*mux and $reduce_* inputs).
  Optimizing cells in module \minplus16.
Performed a total of 0 changes.

3.10.5. Executing OPT_MERGE pass (detect identical cells).
Finding identical cells in module `\minplus16'.
Computing hashes of 12 cells of `\minplus16'.
Finding duplicate cells in `\minplus16'.
Removed a total of 0 cells.

3.10.6. Executing OPT_DFF pass (perform DFF optimizations).
Adding SRST signal on $procdff$20 ($dff) from module minplus16 (D = $procmux$9_Y, Q = \_28, rval = 16'0000000000000000).
Adding EN signal on $auto$ff.cc:337:slice$23 ($sdff) from module minplus16 (D = \_31, Q = \_28).
Adding SRST signal on $procdff$21 ($dff) from module minplus16 (D = \a_in, Q = \_17, rval = 16'0000000000000000).
Adding SRST signal on $procdff$22 ($dff) from module minplus16 (D = \b_in, Q = \_14, rval = 16'0000000000000000).

3.10.7. Executing OPT_CLEAN pass (remove unused cells and wires).
Finding unused cells or wires in module \minplus16..
Removed 4 unused cells and 4 unused wires.
<suppressed ~5 debug messages>

3.10.8. Executing OPT_EXPR pass (perform const folding).
Optimizing module minplus16.
<suppressed ~1 debug messages>

3.10.9. Rerunning OPT passes. (Maybe there is more to do..)

3.10.10. Executing OPT_MUXTREE pass (detect dead branches in mux trees).
Running muxtree optimizer on module \minplus16..
  Creating internal representation of mux trees.
  Evaluating internal representation of mux trees.
  Analyzing evaluation results.
Removed 0 multiplexer ports.
<suppressed ~5 debug messages>

3.10.11. Executing OPT_REDUCE pass (consolidate $*mux and $reduce_* inputs).
  Optimizing cells in module \minplus16.
Performed a total of 0 changes.

3.10.12. Executing OPT_MERGE pass (detect identical cells).
Finding identical cells in module `\minplus16'.
Computing hashes of 10 cells of `\minplus16'.
Finding duplicate cells in `\minplus16'.
Removed a total of 0 cells.

3.10.13. Executing OPT_DFF pass (perform DFF optimizations).

3.10.14. Executing OPT_CLEAN pass (remove unused cells and wires).
Finding unused cells or wires in module \minplus16..

3.10.15. Executing OPT_EXPR pass (perform const folding).
Optimizing module minplus16.

3.10.16. Finished fast OPT passes. (There is nothing left to do.)

3.11. Executing WREDUCE pass (reducing word size of cells).
Removed top 1 bits (of 17) from port A of cell minplus16.$add$rtl/minplus16.v:61$3 ($add).
Removed top 1 bits (of 17) from port B of cell minplus16.$add$rtl/minplus16.v:61$3 ($add).

3.12. Executing PEEPOPT pass (run peephole optimizers).

3.13. Executing OPT_CLEAN pass (remove unused cells and wires).
Finding unused cells or wires in module \minplus16..

3.14. Executing ALUMACC pass (create $alu and $macc cells).
Extracting $alu and $macc cells in module minplus16:
  creating $macc model for $add$rtl/minplus16.v:61$3 ($add).
  creating $alu model for $macc $add$rtl/minplus16.v:61$3.
  creating $alu model for $lt$rtl/minplus16.v:64$5 ($lt): new $alu
  creating $alu cell for $lt$rtl/minplus16.v:64$5: $auto$alumacc.cc:548:replace_alu$32
  creating $alu cell for $add$rtl/minplus16.v:61$3: $auto$alumacc.cc:548:replace_alu$37
  created 2 $alu and 0 $macc cells.

3.15. Executing SHARE pass (SAT-based resource sharing).

3.16. Executing OPT pass (performing simple optimizations).

3.16.1. Executing OPT_EXPR pass (perform const folding).
Optimizing module minplus16.
<suppressed ~1 debug messages>

3.16.2. Executing OPT_MERGE pass (detect identical cells).
Finding identical cells in module `\minplus16'.
Computing hashes of 11 cells of `\minplus16'.
Finding duplicate cells in `\minplus16'.
Removed a total of 0 cells.

3.16.3. Executing OPT_MUXTREE pass (detect dead branches in mux trees).
Running muxtree optimizer on module \minplus16..
  Creating internal representation of mux trees.
  Evaluating internal representation of mux trees.
  Analyzing evaluation results.
Removed 0 multiplexer ports.
<suppressed ~5 debug messages>

3.16.4. Executing OPT_REDUCE pass (consolidate $*mux and $reduce_* inputs).
  Optimizing cells in module \minplus16.
Performed a total of 0 changes.

3.16.5. Executing OPT_MERGE pass (detect identical cells).
Finding identical cells in module `\minplus16'.
Computing hashes of 11 cells of `\minplus16'.
Finding duplicate cells in `\minplus16'.
Removed a total of 0 cells.

3.16.6. Executing OPT_DFF pass (perform DFF optimizations).

3.16.7. Executing OPT_CLEAN pass (remove unused cells and wires).
Finding unused cells or wires in module \minplus16..
Removed 0 unused cells and 1 unused wires.
<suppressed ~1 debug messages>

3.16.8. Executing OPT_EXPR pass (perform const folding).
Optimizing module minplus16.

3.16.9. Rerunning OPT passes. (Maybe there is more to do..)

3.16.10. Executing OPT_MUXTREE pass (detect dead branches in mux trees).
Running muxtree optimizer on module \minplus16..
  Creating internal representation of mux trees.
  Evaluating internal representation of mux trees.
  Analyzing evaluation results.
Removed 0 multiplexer ports.
<suppressed ~5 debug messages>

3.16.11. Executing OPT_REDUCE pass (consolidate $*mux and $reduce_* inputs).
  Optimizing cells in module \minplus16.
Performed a total of 0 changes.

3.16.12. Executing OPT_MERGE pass (detect identical cells).
Finding identical cells in module `\minplus16'.
Computing hashes of 11 cells of `\minplus16'.
Finding duplicate cells in `\minplus16'.
Removed a total of 0 cells.

3.16.13. Executing OPT_DFF pass (perform DFF optimizations).

3.16.14. Executing OPT_CLEAN pass (remove unused cells and wires).
Finding unused cells or wires in module \minplus16..

3.16.15. Executing OPT_EXPR pass (perform const folding).
Optimizing module minplus16.

3.16.16. Finished fast OPT passes. (There is nothing left to do.)

3.17. Executing MEMORY pass.

3.17.1. Executing OPT_MEM pass (optimize memories).
Performed a total of 0 transformations.

3.17.2. Executing OPT_MEM_PRIORITY pass (removing unnecessary memory write priority relations).
Performed a total of 0 transformations.

3.17.3. Executing OPT_MEM_FEEDBACK pass (finding memory read-to-write feedback paths).

3.17.4. Executing MEMORY_BMUX2ROM pass (converting muxes to ROMs).

3.17.5. Executing MEMORY_DFF pass (merging $dff cells to $memrd).

3.17.6. Executing OPT_CLEAN pass (remove unused cells and wires).
Finding unused cells or wires in module \minplus16..

3.17.7. Executing MEMORY_SHARE pass (consolidating $memrd/$memwr cells).

3.17.8. Executing OPT_MEM_WIDEN pass (optimize memories where all ports are wide).
Performed a total of 0 transformations.

3.17.9. Executing OPT_CLEAN pass (remove unused cells and wires).
Finding unused cells or wires in module \minplus16..

3.17.10. Executing MEMORY_COLLECT pass (generating $mem cells).

3.18. Executing OPT_CLEAN pass (remove unused cells and wires).
Finding unused cells or wires in module \minplus16..

3.19. Executing OPT pass (performing simple optimizations).

3.19.1. Executing OPT_EXPR pass (perform const folding).
Optimizing module minplus16.
<suppressed ~2 debug messages>

3.19.2. Executing OPT_MERGE pass (detect identical cells).
Finding identical cells in module `\minplus16'.
Computing hashes of 9 cells of `\minplus16'.
Finding duplicate cells in `\minplus16'.
Removed a total of 0 cells.

3.19.3. Executing OPT_DFF pass (perform DFF optimizations).

3.19.4. Executing OPT_CLEAN pass (remove unused cells and wires).
Finding unused cells or wires in module \minplus16..

3.19.5. Finished fast OPT passes.

3.20. Executing MEMORY_MAP pass (converting memories to logic and flip-flops).

3.21. Executing OPT pass (performing simple optimizations).

3.21.1. Executing OPT_EXPR pass (perform const folding).
Optimizing module minplus16.

3.21.2. Executing OPT_MERGE pass (detect identical cells).
Finding identical cells in module `\minplus16'.
Computing hashes of 9 cells of `\minplus16'.
Finding duplicate cells in `\minplus16'.
Removed a total of 0 cells.

3.21.3. Executing OPT_MUXTREE pass (detect dead branches in mux trees).
Running muxtree optimizer on module \minplus16..
  Creating internal representation of mux trees.
  Evaluating internal representation of mux trees.
  Analyzing evaluation results.
Removed 0 multiplexer ports.
<suppressed ~2 debug messages>

3.21.4. Executing OPT_REDUCE pass (consolidate $*mux and $reduce_* inputs).
  Optimizing cells in module \minplus16.
Performed a total of 0 changes.

3.21.5. Executing OPT_MERGE pass (detect identical cells).
Finding identical cells in module `\minplus16'.
Computing hashes of 9 cells of `\minplus16'.
Finding duplicate cells in `\minplus16'.
Removed a total of 0 cells.

3.21.6. Executing OPT_SHARE pass.

3.21.7. Executing OPT_DFF pass (perform DFF optimizations).

3.21.8. Executing OPT_CLEAN pass (remove unused cells and wires).
Finding unused cells or wires in module \minplus16..

3.21.9. Executing OPT_EXPR pass (perform const folding).
Optimizing module minplus16.

3.21.10. Finished fast OPT passes. (There is nothing left to do.)

3.22. Executing TECHMAP pass (map to technology primitives).

3.22.1. Executing Verilog-2005 frontend: /home/matthias/prog/janestreet/fabulous-notes/oss-cad-suite/lib/../share/yosys/techmap.v
Parsing Verilog input from `/home/matthias/prog/janestreet/fabulous-notes/oss-cad-suite/lib/../share/yosys/techmap.v' to AST representation.
Generating RTLIL representation for module `\_90_simplemap_bool_ops'.
Generating RTLIL representation for module `\_90_simplemap_reduce_ops'.
Generating RTLIL representation for module `\_90_simplemap_logic_ops'.
Generating RTLIL representation for module `\_90_simplemap_compare_ops'.
Generating RTLIL representation for module `\_90_simplemap_various'.
Generating RTLIL representation for module `\_90_simplemap_registers'.
Generating RTLIL representation for module `\_90_shift_ops_shr_shl_sshl_sshr'.
Generating RTLIL representation for module `\_90_shift_shiftx'.
Generating RTLIL representation for module `\_90_fa'.
Generating RTLIL representation for module `\_90_lcu_brent_kung'.
Generating RTLIL representation for module `\_90_alu'.
Generating RTLIL representation for module `\_90_macc'.
Generating RTLIL representation for module `\_90_alumacc'.
Generating RTLIL representation for module `$__div_mod_u'.
Generating RTLIL representation for module `$__div_mod_trunc'.
Generating RTLIL representation for module `\_90_div'.
Generating RTLIL representation for module `\_90_mod'.
Generating RTLIL representation for module `$__div_mod_floor'.
Generating RTLIL representation for module `\_90_divfloor'.
Generating RTLIL representation for module `\_90_modfloor'.
Generating RTLIL representation for module `\_90_pow'.
Generating RTLIL representation for module `\_90_demux'.
Generating RTLIL representation for module `\_90_lut'.
Generating RTLIL representation for module `$connect'.
Generating RTLIL representation for module `$input_port'.
Successfully finished Verilog frontend.

3.22.2. Continuing TECHMAP pass.
Using template $paramod$081ba1a4a7201ecdb44563d3c3bd7013d1ebf4eb\_90_alu for cells of type $alu.
Using extmapper simplemap for cells of type $not.
Using template $paramod$6df0329addda9228fcc2546de2aaf14ad26c98e1\_90_alu for cells of type $alu.
Using extmapper simplemap for cells of type $sdff.
Using extmapper simplemap for cells of type $reduce_and.
Using extmapper simplemap for cells of type $reduce_bool.
Using extmapper simplemap for cells of type $sdffe.
Using extmapper simplemap for cells of type $mux.
Using extmapper simplemap for cells of type $xor.
Using template $paramod\_90_fa\WIDTH=32'00000000000000000000000000010001 for cells of type $fa.
Using template $paramod\_90_lcu_brent_kung\WIDTH=32'00000000000000000000000000010001 for cells of type $lcu.
Using extmapper simplemap for cells of type $pos.
Using template $paramod\_90_fa\WIDTH=32'00000000000000000000000000010000 for cells of type $fa.
Using template $paramod\_90_lcu_brent_kung\WIDTH=32'00000000000000000000000000010000 for cells of type $lcu.
Using extmapper simplemap for cells of type $or.
Using extmapper simplemap for cells of type $and.
No more expansions possible.
<suppressed ~499 debug messages>

3.23. Executing OPT pass (performing simple optimizations).

3.23.1. Executing OPT_EXPR pass (perform const folding).
Optimizing module minplus16.
<suppressed ~145 debug messages>

3.23.2. Executing OPT_MERGE pass (detect identical cells).
Finding identical cells in module `\minplus16'.
Computing hashes of 321 cells of `\minplus16'.
Finding duplicate cells in `\minplus16'.
Removed a total of 0 cells.

3.23.3. Executing OPT_DFF pass (perform DFF optimizations).

3.23.4. Executing OPT_CLEAN pass (remove unused cells and wires).
Finding unused cells or wires in module \minplus16..
Removed 54 unused cells and 93 unused wires.
<suppressed ~55 debug messages>

3.23.5. Finished fast OPT passes.

3.24. Executing ABC pass (technology mapping using ABC).

3.24.1. Summary of detected clock domains:
  32 cells in clk=\clock, en={ }, arst={ }, srst=\clear
  235 cells in clk=\clock, en=$auto$simple.cc:210:make_patterns_logic$27, arst={ }, srst=\clear

3.24.2. Extracting gate netlist of module `\minplus16' to `<abc-temp-dir>/input.blif'..
Found matching posedge clock domain: \clock, synchronously reset by \clear

3.24.3. Extracting gate netlist of module `\minplus16' to `<abc-temp-dir>/input.blif'..
Found matching posedge clock domain: \clock, enabled by $auto$simple.cc:210:make_patterns_logic$27, synchronously reset by \clear

3.24.3.1. Executed ABC.
Extracted 0 gates and 0 wires to a netlist network with 0 inputs and 0 outputs.
Don't call ABC as there is nothing to map.
Removing temp directory.

3.24.3.1. Executed ABC.
Extracted 219 gates and 270 wires to a netlist network with 50 inputs and 17 outputs.
Running ABC script: <abc-temp-dir>/abc.script
ABC: UC Berkeley, ABC 1.01 (compiled Sep 21 2026 05:23:42)
ABC: abc 01> empty
ABC: abc 01> source <abc-temp-dir>/abc.script
ABC: + read_blif <abc-temp-dir>/input.blif 
ABC: + read_library <abc-temp-dir>/stdcells.genlib 
ABC: + strash 
ABC: + &get -n 
ABC: + &fraig -x 
ABC: + &put 
ABC: + scorr 
ABC: Warning: The network is combinational (run "fraig" or "fraig_sweep").
ABC: + dc2 
ABC: + dretime 
ABC: + strash 
ABC: + &get -n 
ABC: + &dch -f 
ABC: + &nf 
ABC: + &put 
ABC: + write_blif <abc-temp-dir>/output.blif 
ABC: 
ABC: YOSYS_ABC_DONE 

3.24.3.2. Re-integrating ABC results.
ABC RESULTS:               AND cells:       39
ABC RESULTS:            ANDNOT cells:        6
ABC RESULTS:              NAND cells:       68
ABC RESULTS:               NOR cells:        3
ABC RESULTS:               NOT cells:       15
ABC RESULTS:                OR cells:       19
ABC RESULTS:             ORNOT cells:        1
ABC RESULTS:              XNOR cells:       11
ABC RESULTS:               XOR cells:       16
ABC RESULTS:        internal signals:      203
ABC RESULTS:           input signals:       50
ABC RESULTS:          output signals:       17
Removing temp directory.
Removing global temp directory.

3.25. Executing OPT pass (performing simple optimizations).

3.25.1. Executing OPT_EXPR pass (perform const folding).
Optimizing module minplus16.

3.25.2. Executing OPT_MERGE pass (detect identical cells).
Finding identical cells in module `\minplus16'.
Computing hashes of 226 cells of `\minplus16'.
Finding duplicate cells in `\minplus16'.
Removed a total of 0 cells.

3.25.3. Executing OPT_DFF pass (perform DFF optimizations).

3.25.4. Executing OPT_CLEAN pass (remove unused cells and wires).
Finding unused cells or wires in module \minplus16..
Removed 0 unused cells and 164 unused wires.
<suppressed ~5 debug messages>

3.25.5. Finished fast OPT passes.

3.26. Executing HIERARCHY pass (managing design hierarchy).
Attribute `top' found on module `minplus16'. Setting top module to minplus16.

3.26.1. Analyzing design hierarchy..
Top module:  \minplus16

3.26.2. Analyzing design hierarchy..
Top module:  \minplus16
Removed 0 unused modules.

3.27. Printing statistics.

=== minplus16 ===

        +----------Local Count, excluding submodules.
        | 
      184 wires
      426 wire bits
       22 public wires
      264 public wire bits
        9 ports
       84 port bits
      226 cells
        6   $_ANDNOT_
       39   $_AND_
       68   $_NAND_
        3   $_NOR_
       15   $_NOT_
        1   $_ORNOT_
       19   $_OR_
       16   $_SDFFE_PP0P_
       32   $_SDFF_PP0_
       11   $_XNOR_
       16   $_XOR_

3.28. Executing CHECK pass (checking for obvious problems).
Checking module minplus16...
Found and reported 0 problems.

4. Executing DFFLIBMAP pass (mapping DFF/DLATCH cells to sequential cells from liberty file).
  cell sg13g2_dfrbpq_1 (noninv, pins=4, area=48.99) is a direct match for cell type $_DFF_PN0_.
  cell sg13g2_dlhq_1 (noninv, pins=3, area=30.84) is a direct match for cell type $_DLATCH_P_.
  cell sg13g2_dllrq_1 (noninv, pins=4, area=29.03) is a direct match for cell type $_DLATCH_NN0_.
  cell sg13g2_dlhrq_1 (noninv, pins=4, area=27.22) is a direct match for cell type $_DLATCH_PN0_.
  final dff/dlatch cell mappings:
    unmapped dff/dlatch cell: $_DFF_N_
    unmapped dff/dlatch cell: $_DFF_P_
    unmapped dff/dlatch cell: $_DFF_NN0_
    unmapped dff/dlatch cell: $_DFF_NN1_
    unmapped dff/dlatch cell: $_DFF_NP0_
    unmapped dff/dlatch cell: $_DFF_NP1_
    \sg13g2_dfrbpq_1 _DFF_PN0_ (.CLK( C), .D( D), .Q( Q), .RESET_B( R));
    unmapped dff/dlatch cell: $_DFF_PN1_
    unmapped dff/dlatch cell: $_DFF_PP0_
    unmapped dff/dlatch cell: $_DFF_PP1_
    unmapped dff/dlatch cell: $_DFFE_NN_
    unmapped dff/dlatch cell: $_DFFE_NP_
    unmapped dff/dlatch cell: $_DFFE_PN_
    unmapped dff/dlatch cell: $_DFFE_PP_
    unmapped dff/dlatch cell: $_DFFSR_NNN_
    unmapped dff/dlatch cell: $_DFFSR_NNP_
    unmapped dff/dlatch cell: $_DFFSR_NPN_
    unmapped dff/dlatch cell: $_DFFSR_NPP_
    unmapped dff/dlatch cell: $_DFFSR_PNN_
    unmapped dff/dlatch cell: $_DFFSR_PNP_
    unmapped dff/dlatch cell: $_DFFSR_PPN_
    unmapped dff/dlatch cell: $_DFFSR_PPP_
    unmapped dff/dlatch cell: $_DLATCH_N_
    \sg13g2_dlhq_1 _DLATCH_P_ (.D( D), .GATE( E), .Q( Q));
    \sg13g2_dllrq_1 _DLATCH_NN0_ (.D( D), .GATE_N( E), .Q( Q), .RESET_B( R));
    unmapped dff/dlatch cell: $_DLATCH_NN1_
    unmapped dff/dlatch cell: $_DLATCH_NP0_
    unmapped dff/dlatch cell: $_DLATCH_NP1_
    \sg13g2_dlhrq_1 _DLATCH_PN0_ (.D( D), .GATE( E), .Q( Q), .RESET_B( R));
    unmapped dff/dlatch cell: $_DLATCH_PN1_
    unmapped dff/dlatch cell: $_DLATCH_PP0_
    unmapped dff/dlatch cell: $_DLATCH_PP1_
    unmapped dff/dlatch cell: $_DLATCHSR_NNN_
    unmapped dff/dlatch cell: $_DLATCHSR_NNP_
    unmapped dff/dlatch cell: $_DLATCHSR_NPN_
    unmapped dff/dlatch cell: $_DLATCHSR_NPP_
    unmapped dff/dlatch cell: $_DLATCHSR_PNN_
    unmapped dff/dlatch cell: $_DLATCHSR_PNP_
    unmapped dff/dlatch cell: $_DLATCHSR_PPN_
    unmapped dff/dlatch cell: $_DLATCHSR_PPP_

4.1. Executing DFFLEGALIZE pass (convert FFs and LATCHes to types supported by the target).
<suppressed ~4 debug messages>
Mapping DFF/DLATCH cells in module `\minplus16':
  mapped 48 $_DFF_PN0_ cells to \sg13g2_dfrbpq_1 cells.

5. Executing ABC pass (technology mapping using ABC).

5.1. Summary of detected clock domains:
  290 cells in clk={ }, en={ }, arst={ }, srst={ }

5.2. Extracting gate netlist of module `\minplus16' to `<abc-temp-dir>/input.blif'..
ABC: using cached merged SCL: /tmp/yosys-liberty-scl-cache-1000/yosys_merged_284aa476.scl (1 files)
No matching clock domain found. Not extracting any FF cells.

5.2.1. Executed ABC.
Extracted 242 gates and 294 wires to a netlist network with 51 inputs and 48 outputs.
Running ABC script: <abc-temp-dir>/abc.script
ABC: UC Berkeley, ABC 1.01 (compiled Sep 21 2026 05:23:42)
ABC: abc 01> empty
ABC: abc 01> source <abc-temp-dir>/abc.script
ABC: + read_blif <abc-temp-dir>/input.blif 
ABC: + read_scl /tmp/yosys-liberty-scl-cache-1000/yosys_merged_284aa476.scl 
ABC: + strash 
ABC: + &get -n 
ABC: + &fraig -x 
ABC: + &put 
ABC: + scorr 
ABC: Warning: The network is combinational (run "fraig" or "fraig_sweep").
ABC: + dc2 
ABC: + dretime 
ABC: + strash 
ABC: + &get -n 
ABC: + &dch -f 
ABC: + &nf 
ABC: + &put 
ABC: + write_blif <abc-temp-dir>/output.blif 
ABC: 
ABC: YOSYS_ABC_DONE 

5.2.2. Re-integrating ABC results.
ABC RESULTS:     sg13g2_a21o_1 cells:        3
ABC RESULTS:    sg13g2_a21oi_1 cells:       26
ABC RESULTS:   sg13g2_a221oi_1 cells:        2
ABC RESULTS:    sg13g2_a22oi_1 cells:        5
ABC RESULTS:     sg13g2_and2_1 cells:        6
ABC RESULTS:     sg13g2_and3_1 cells:        1
ABC RESULTS:      sg13g2_inv_1 cells:       10
ABC RESULTS:    sg13g2_nand2_1 cells:       20
ABC RESULTS:   sg13g2_nand2b_1 cells:        1
ABC RESULTS:    sg13g2_nand3_1 cells:        5
ABC RESULTS:    sg13g2_nand4_1 cells:        2
ABC RESULTS:     sg13g2_nor2_1 cells:       17
ABC RESULTS:    sg13g2_nor2b_1 cells:       37
ABC RESULTS:    sg13g2_o21ai_1 cells:       35
ABC RESULTS:      sg13g2_or2_1 cells:        7
ABC RESULTS:      sg13g2_or3_1 cells:        2
ABC RESULTS:    sg13g2_xnor2_1 cells:       16
ABC RESULTS:     sg13g2_xor2_1 cells:        7
ABC RESULTS:        internal signals:      195
ABC RESULTS:           input signals:       51
ABC RESULTS:          output signals:       48
Removing temp directory.
Removing global temp directory.

6. Executing OPT_CLEAN pass (remove unused cells and wires).
Finding unused cells or wires in module \minplus16..
Removed 0 unused cells and 281 unused wires.
<suppressed ~5 debug messages>

7. Printing statistics.

=== minplus16 ===

        +----------Local Count, excluding submodules.
        |        +-Local Area, excluding submodules.
        |        | 
      220        - wires
      402        - wire bits
       18        - public wires
      200        - public wire bits
        9        - ports
       84        - port bits
      250  4250.95 cells
        3   38.102   sg13g2_a21o_1
       26  235.872   sg13g2_a21oi_1
        2    29.03   sg13g2_a221oi_1
        5   54.243   sg13g2_a22oi_1
        6   54.432   sg13g2_and2_1
        1   12.701   sg13g2_and3_1
       48 2.35E+03   sg13g2_dfrbpq_1
       10   54.432   sg13g2_inv_1
       20  145.152   sg13g2_nand2_1
        1    9.072   sg13g2_nand2b_1
        5    45.36   sg13g2_nand3_1
        2   21.773   sg13g2_nand4_1
       17  123.379   sg13g2_nor2_1
       37  335.664   sg13g2_nor2b_1
       35   317.52   sg13g2_o21ai_1
        7   63.504   sg13g2_or2_1
        2   25.402   sg13g2_or3_1
       16  232.243   sg13g2_xnor2_1
        7  101.606   sg13g2_xor2_1

   Chip area for module '\minplus16': 4250.950200
     of which used for sequential elements: 2351.462400 (55.32%)

8. Executing Verilog backend.

8.1. Executing BMUXMAP pass.

8.2. Executing DEMUXMAP pass.
Dumping module `\minplus16'.

End of script. Logfile hash: 5f54b1c29b, time: 0.11s, user: 0.04s, system: 0.01s, MEM: 23.80 MB peak
Yosys 0.69+77 (git sha1 9ff27d29c-dirty, Release, Clang /usr/bin/clang++ 21.1.8)
Time spent: 71% 2x abc (0 sec), 6% 1x techmap (0 sec), ...
