
 /----------------------------------------------------------------------------\
 |  yosys -- Yosys Open SYnthesis Suite                                       |
 |  Copyright (C) 2012 - 2026  Claire Xenia Wolf <claire@yosyshq.com>         |
 |  Distributed under an ISC-like license, type "license" to see terms        |
 \----------------------------------------------------------------------------/
 Yosys 0.62 (git sha1 7326bb7d6641500ecb285c291a54a662cb1e76cf, clang++ 21.1.2 -fPIC -O3)

-- Running command `read_verilog -sv rtl/pe16_row8.v; hierarchy -check -top pe16_row8; synth -top pe16_row8 -flatten ; dfflibmap -liberty /home/matthias/.ciel/ihp-sg13g2/ihp-sg13g2/libs.ref/sg13g2_stdcell/lib/sg13g2_stdcell_typ_1p20V_25C.lib; abc -liberty /home/matthias/.ciel/ihp-sg13g2/ihp-sg13g2/libs.ref/sg13g2_stdcell/lib/sg13g2_stdcell_typ_1p20V_25C.lib; opt_clean; tee -o reports/pe16_row8.stat.txt stat -liberty /home/matthias/.ciel/ihp-sg13g2/ihp-sg13g2/libs.ref/sg13g2_stdcell/lib/sg13g2_stdcell_typ_1p20V_25C.lib; write_verilog -noattr /var/tmp/pe-synth/netlists/pe16_row8.v' --

1. Executing Verilog-2005 frontend: rtl/pe16_row8.v
Parsing SystemVerilog input from `rtl/pe16_row8.v' to AST representation.
Generating RTLIL representation for module `\pe16_row8'.
Successfully finished Verilog frontend.

2. Executing HIERARCHY pass (managing design hierarchy).

2.1. Analyzing design hierarchy..
Top module:  \pe16_row8

2.2. Analyzing design hierarchy..
Top module:  \pe16_row8
Removed 0 unused modules.

3. Executing SYNTH pass.

3.1. Executing HIERARCHY pass (managing design hierarchy).

3.1.1. Analyzing design hierarchy..
Top module:  \pe16_row8

3.1.2. Analyzing design hierarchy..
Top module:  \pe16_row8
Removed 0 unused modules.

3.2. Executing PROC pass (convert processes to netlists).

3.2.1. Executing PROC_CLEAN pass (remove empty switches from decision trees).
Cleaned up 0 empty switches.

3.2.2. Executing PROC_RMDEAD pass (remove dead branches from decision trees).
Marked 1 switch rules as full_case in process $proc$rtl/pe16_row8.v:1013$180 in module pe16_row8.
Marked 1 switch rules as full_case in process $proc$rtl/pe16_row8.v:1004$179 in module pe16_row8.
Marked 1 switch rules as full_case in process $proc$rtl/pe16_row8.v:992$178 in module pe16_row8.
Marked 1 switch rules as full_case in process $proc$rtl/pe16_row8.v:933$157 in module pe16_row8.
Marked 1 switch rules as full_case in process $proc$rtl/pe16_row8.v:925$156 in module pe16_row8.
Marked 1 switch rules as full_case in process $proc$rtl/pe16_row8.v:913$155 in module pe16_row8.
Marked 1 switch rules as full_case in process $proc$rtl/pe16_row8.v:854$134 in module pe16_row8.
Marked 1 switch rules as full_case in process $proc$rtl/pe16_row8.v:846$133 in module pe16_row8.
Marked 1 switch rules as full_case in process $proc$rtl/pe16_row8.v:834$132 in module pe16_row8.
Marked 1 switch rules as full_case in process $proc$rtl/pe16_row8.v:775$111 in module pe16_row8.
Marked 1 switch rules as full_case in process $proc$rtl/pe16_row8.v:767$110 in module pe16_row8.
Marked 1 switch rules as full_case in process $proc$rtl/pe16_row8.v:755$109 in module pe16_row8.
Marked 1 switch rules as full_case in process $proc$rtl/pe16_row8.v:696$88 in module pe16_row8.
Marked 1 switch rules as full_case in process $proc$rtl/pe16_row8.v:688$87 in module pe16_row8.
Marked 1 switch rules as full_case in process $proc$rtl/pe16_row8.v:676$86 in module pe16_row8.
Marked 1 switch rules as full_case in process $proc$rtl/pe16_row8.v:617$65 in module pe16_row8.
Marked 1 switch rules as full_case in process $proc$rtl/pe16_row8.v:609$64 in module pe16_row8.
Marked 1 switch rules as full_case in process $proc$rtl/pe16_row8.v:597$63 in module pe16_row8.
Marked 1 switch rules as full_case in process $proc$rtl/pe16_row8.v:538$42 in module pe16_row8.
Marked 1 switch rules as full_case in process $proc$rtl/pe16_row8.v:530$41 in module pe16_row8.
Marked 1 switch rules as full_case in process $proc$rtl/pe16_row8.v:518$40 in module pe16_row8.
Marked 1 switch rules as full_case in process $proc$rtl/pe16_row8.v:458$19 in module pe16_row8.
Marked 1 switch rules as full_case in process $proc$rtl/pe16_row8.v:450$18 in module pe16_row8.
Marked 1 switch rules as full_case in process $proc$rtl/pe16_row8.v:438$17 in module pe16_row8.
Removed a total of 0 dead cases.

3.2.3. Executing PROC_PRUNE pass (remove redundant assignments in processes).
Removed 16 redundant assignments.
Promoted 0 assignments to connections.

3.2.4. Executing PROC_INIT pass (extract init attributes).

3.2.5. Executing PROC_ARST pass (detect async resets in processes).

3.2.6. Executing PROC_ROM pass (convert switches to ROMs).
Converted 0 switches.
<suppressed ~56 debug messages>

3.2.7. Executing PROC_MUX pass (convert decision trees to multiplexers).
Creating decoders for process `\pe16_row8.$proc$rtl/pe16_row8.v:1027$183'.
     1/1: $0\_33[7:0]
Creating decoders for process `\pe16_row8.$proc$rtl/pe16_row8.v:1023$182'.
     1/1: $0\_30[7:0]
Creating decoders for process `\pe16_row8.$proc$rtl/pe16_row8.v:1019$181'.
     1/1: $0\_27[7:0]
Creating decoders for process `\pe16_row8.$proc$rtl/pe16_row8.v:1013$180'.
     1/1: $0\_100[15:0]
Creating decoders for process `\pe16_row8.$proc$rtl/pe16_row8.v:1004$179'.
     1/1: $0\_495[15:0]
Creating decoders for process `\pe16_row8.$proc$rtl/pe16_row8.v:992$178'.
     1/1: $0\_491[15:0]
Creating decoders for process `\pe16_row8.$proc$rtl/pe16_row8.v:947$160'.
     1/1: $0\_42[7:0]
Creating decoders for process `\pe16_row8.$proc$rtl/pe16_row8.v:943$159'.
     1/1: $0\_39[7:0]
Creating decoders for process `\pe16_row8.$proc$rtl/pe16_row8.v:939$158'.
     1/1: $0\_36[7:0]
Creating decoders for process `\pe16_row8.$proc$rtl/pe16_row8.v:933$157'.
     1/1: $0\_103[15:0]
Creating decoders for process `\pe16_row8.$proc$rtl/pe16_row8.v:925$156'.
     1/1: $0\_448[15:0]
Creating decoders for process `\pe16_row8.$proc$rtl/pe16_row8.v:913$155'.
     1/1: $0\_444[15:0]
Creating decoders for process `\pe16_row8.$proc$rtl/pe16_row8.v:868$137'.
     1/1: $0\_51[7:0]
Creating decoders for process `\pe16_row8.$proc$rtl/pe16_row8.v:864$136'.
     1/1: $0\_48[7:0]
Creating decoders for process `\pe16_row8.$proc$rtl/pe16_row8.v:860$135'.
     1/1: $0\_45[7:0]
Creating decoders for process `\pe16_row8.$proc$rtl/pe16_row8.v:854$134'.
     1/1: $0\_106[15:0]
Creating decoders for process `\pe16_row8.$proc$rtl/pe16_row8.v:846$133'.
     1/1: $0\_401[15:0]
Creating decoders for process `\pe16_row8.$proc$rtl/pe16_row8.v:834$132'.
     1/1: $0\_397[15:0]
Creating decoders for process `\pe16_row8.$proc$rtl/pe16_row8.v:789$114'.
     1/1: $0\_60[7:0]
Creating decoders for process `\pe16_row8.$proc$rtl/pe16_row8.v:785$113'.
     1/1: $0\_57[7:0]
Creating decoders for process `\pe16_row8.$proc$rtl/pe16_row8.v:781$112'.
     1/1: $0\_54[7:0]
Creating decoders for process `\pe16_row8.$proc$rtl/pe16_row8.v:775$111'.
     1/1: $0\_109[15:0]
Creating decoders for process `\pe16_row8.$proc$rtl/pe16_row8.v:767$110'.
     1/1: $0\_354[15:0]
Creating decoders for process `\pe16_row8.$proc$rtl/pe16_row8.v:755$109'.
     1/1: $0\_350[15:0]
Creating decoders for process `\pe16_row8.$proc$rtl/pe16_row8.v:710$91'.
     1/1: $0\_69[7:0]
Creating decoders for process `\pe16_row8.$proc$rtl/pe16_row8.v:706$90'.
     1/1: $0\_66[7:0]
Creating decoders for process `\pe16_row8.$proc$rtl/pe16_row8.v:702$89'.
     1/1: $0\_63[7:0]
Creating decoders for process `\pe16_row8.$proc$rtl/pe16_row8.v:696$88'.
     1/1: $0\_112[15:0]
Creating decoders for process `\pe16_row8.$proc$rtl/pe16_row8.v:688$87'.
     1/1: $0\_307[15:0]
Creating decoders for process `\pe16_row8.$proc$rtl/pe16_row8.v:676$86'.
     1/1: $0\_303[15:0]
Creating decoders for process `\pe16_row8.$proc$rtl/pe16_row8.v:631$68'.
     1/1: $0\_78[7:0]
Creating decoders for process `\pe16_row8.$proc$rtl/pe16_row8.v:627$67'.
     1/1: $0\_75[7:0]
Creating decoders for process `\pe16_row8.$proc$rtl/pe16_row8.v:623$66'.
     1/1: $0\_72[7:0]
Creating decoders for process `\pe16_row8.$proc$rtl/pe16_row8.v:617$65'.
     1/1: $0\_115[15:0]
Creating decoders for process `\pe16_row8.$proc$rtl/pe16_row8.v:609$64'.
     1/1: $0\_260[15:0]
Creating decoders for process `\pe16_row8.$proc$rtl/pe16_row8.v:597$63'.
     1/1: $0\_256[15:0]
Creating decoders for process `\pe16_row8.$proc$rtl/pe16_row8.v:552$45'.
     1/1: $0\_87[7:0]
Creating decoders for process `\pe16_row8.$proc$rtl/pe16_row8.v:548$44'.
     1/1: $0\_84[7:0]
Creating decoders for process `\pe16_row8.$proc$rtl/pe16_row8.v:544$43'.
     1/1: $0\_81[7:0]
Creating decoders for process `\pe16_row8.$proc$rtl/pe16_row8.v:538$42'.
     1/1: $0\_118[15:0]
Creating decoders for process `\pe16_row8.$proc$rtl/pe16_row8.v:530$41'.
     1/1: $0\_213[15:0]
Creating decoders for process `\pe16_row8.$proc$rtl/pe16_row8.v:518$40'.
     1/1: $0\_209[15:0]
Creating decoders for process `\pe16_row8.$proc$rtl/pe16_row8.v:473$22'.
     1/1: $0\_96[7:0]
Creating decoders for process `\pe16_row8.$proc$rtl/pe16_row8.v:469$21'.
     1/1: $0\_93[7:0]
Creating decoders for process `\pe16_row8.$proc$rtl/pe16_row8.v:465$20'.
     1/1: $0\_90[7:0]
Creating decoders for process `\pe16_row8.$proc$rtl/pe16_row8.v:458$19'.
     1/1: $0\_121[15:0]
Creating decoders for process `\pe16_row8.$proc$rtl/pe16_row8.v:450$18'.
     1/1: $0\_166[15:0]
Creating decoders for process `\pe16_row8.$proc$rtl/pe16_row8.v:438$17'.
     1/1: $0\_162[15:0]

3.2.8. Executing PROC_DLATCH pass (convert process syncs to latches).
No latch inferred for signal `\pe16_row8.\_491' from process `\pe16_row8.$proc$rtl/pe16_row8.v:992$178'.
No latch inferred for signal `\pe16_row8.\_444' from process `\pe16_row8.$proc$rtl/pe16_row8.v:913$155'.
No latch inferred for signal `\pe16_row8.\_397' from process `\pe16_row8.$proc$rtl/pe16_row8.v:834$132'.
No latch inferred for signal `\pe16_row8.\_350' from process `\pe16_row8.$proc$rtl/pe16_row8.v:755$109'.
No latch inferred for signal `\pe16_row8.\_303' from process `\pe16_row8.$proc$rtl/pe16_row8.v:676$86'.
No latch inferred for signal `\pe16_row8.\_256' from process `\pe16_row8.$proc$rtl/pe16_row8.v:597$63'.
No latch inferred for signal `\pe16_row8.\_209' from process `\pe16_row8.$proc$rtl/pe16_row8.v:518$40'.
No latch inferred for signal `\pe16_row8.\_162' from process `\pe16_row8.$proc$rtl/pe16_row8.v:438$17'.

3.2.9. Executing PROC_DFF pass (convert process syncs to FFs).
Creating register for signal `\pe16_row8.\_33' using process `\pe16_row8.$proc$rtl/pe16_row8.v:1027$183'.
  created $dff cell `$procdff$337' with positive edge clock.
Creating register for signal `\pe16_row8.\_30' using process `\pe16_row8.$proc$rtl/pe16_row8.v:1023$182'.
  created $dff cell `$procdff$338' with positive edge clock.
Creating register for signal `\pe16_row8.\_27' using process `\pe16_row8.$proc$rtl/pe16_row8.v:1019$181'.
  created $dff cell `$procdff$339' with positive edge clock.
Creating register for signal `\pe16_row8.\_100' using process `\pe16_row8.$proc$rtl/pe16_row8.v:1013$180'.
  created $dff cell `$procdff$340' with positive edge clock.
Creating register for signal `\pe16_row8.\_495' using process `\pe16_row8.$proc$rtl/pe16_row8.v:1004$179'.
  created $dff cell `$procdff$341' with positive edge clock.
Creating register for signal `\pe16_row8.\_42' using process `\pe16_row8.$proc$rtl/pe16_row8.v:947$160'.
  created $dff cell `$procdff$342' with positive edge clock.
Creating register for signal `\pe16_row8.\_39' using process `\pe16_row8.$proc$rtl/pe16_row8.v:943$159'.
  created $dff cell `$procdff$343' with positive edge clock.
Creating register for signal `\pe16_row8.\_36' using process `\pe16_row8.$proc$rtl/pe16_row8.v:939$158'.
  created $dff cell `$procdff$344' with positive edge clock.
Creating register for signal `\pe16_row8.\_103' using process `\pe16_row8.$proc$rtl/pe16_row8.v:933$157'.
  created $dff cell `$procdff$345' with positive edge clock.
Creating register for signal `\pe16_row8.\_448' using process `\pe16_row8.$proc$rtl/pe16_row8.v:925$156'.
  created $dff cell `$procdff$346' with positive edge clock.
Creating register for signal `\pe16_row8.\_51' using process `\pe16_row8.$proc$rtl/pe16_row8.v:868$137'.
  created $dff cell `$procdff$347' with positive edge clock.
Creating register for signal `\pe16_row8.\_48' using process `\pe16_row8.$proc$rtl/pe16_row8.v:864$136'.
  created $dff cell `$procdff$348' with positive edge clock.
Creating register for signal `\pe16_row8.\_45' using process `\pe16_row8.$proc$rtl/pe16_row8.v:860$135'.
  created $dff cell `$procdff$349' with positive edge clock.
Creating register for signal `\pe16_row8.\_106' using process `\pe16_row8.$proc$rtl/pe16_row8.v:854$134'.
  created $dff cell `$procdff$350' with positive edge clock.
Creating register for signal `\pe16_row8.\_401' using process `\pe16_row8.$proc$rtl/pe16_row8.v:846$133'.
  created $dff cell `$procdff$351' with positive edge clock.
Creating register for signal `\pe16_row8.\_60' using process `\pe16_row8.$proc$rtl/pe16_row8.v:789$114'.
  created $dff cell `$procdff$352' with positive edge clock.
Creating register for signal `\pe16_row8.\_57' using process `\pe16_row8.$proc$rtl/pe16_row8.v:785$113'.
  created $dff cell `$procdff$353' with positive edge clock.
Creating register for signal `\pe16_row8.\_54' using process `\pe16_row8.$proc$rtl/pe16_row8.v:781$112'.
  created $dff cell `$procdff$354' with positive edge clock.
Creating register for signal `\pe16_row8.\_109' using process `\pe16_row8.$proc$rtl/pe16_row8.v:775$111'.
  created $dff cell `$procdff$355' with positive edge clock.
Creating register for signal `\pe16_row8.\_354' using process `\pe16_row8.$proc$rtl/pe16_row8.v:767$110'.
  created $dff cell `$procdff$356' with positive edge clock.
Creating register for signal `\pe16_row8.\_69' using process `\pe16_row8.$proc$rtl/pe16_row8.v:710$91'.
  created $dff cell `$procdff$357' with positive edge clock.
Creating register for signal `\pe16_row8.\_66' using process `\pe16_row8.$proc$rtl/pe16_row8.v:706$90'.
  created $dff cell `$procdff$358' with positive edge clock.
Creating register for signal `\pe16_row8.\_63' using process `\pe16_row8.$proc$rtl/pe16_row8.v:702$89'.
  created $dff cell `$procdff$359' with positive edge clock.
Creating register for signal `\pe16_row8.\_112' using process `\pe16_row8.$proc$rtl/pe16_row8.v:696$88'.
  created $dff cell `$procdff$360' with positive edge clock.
Creating register for signal `\pe16_row8.\_307' using process `\pe16_row8.$proc$rtl/pe16_row8.v:688$87'.
  created $dff cell `$procdff$361' with positive edge clock.
Creating register for signal `\pe16_row8.\_78' using process `\pe16_row8.$proc$rtl/pe16_row8.v:631$68'.
  created $dff cell `$procdff$362' with positive edge clock.
Creating register for signal `\pe16_row8.\_75' using process `\pe16_row8.$proc$rtl/pe16_row8.v:627$67'.
  created $dff cell `$procdff$363' with positive edge clock.
Creating register for signal `\pe16_row8.\_72' using process `\pe16_row8.$proc$rtl/pe16_row8.v:623$66'.
  created $dff cell `$procdff$364' with positive edge clock.
Creating register for signal `\pe16_row8.\_115' using process `\pe16_row8.$proc$rtl/pe16_row8.v:617$65'.
  created $dff cell `$procdff$365' with positive edge clock.
Creating register for signal `\pe16_row8.\_260' using process `\pe16_row8.$proc$rtl/pe16_row8.v:609$64'.
  created $dff cell `$procdff$366' with positive edge clock.
Creating register for signal `\pe16_row8.\_87' using process `\pe16_row8.$proc$rtl/pe16_row8.v:552$45'.
  created $dff cell `$procdff$367' with positive edge clock.
Creating register for signal `\pe16_row8.\_84' using process `\pe16_row8.$proc$rtl/pe16_row8.v:548$44'.
  created $dff cell `$procdff$368' with positive edge clock.
Creating register for signal `\pe16_row8.\_81' using process `\pe16_row8.$proc$rtl/pe16_row8.v:544$43'.
  created $dff cell `$procdff$369' with positive edge clock.
Creating register for signal `\pe16_row8.\_118' using process `\pe16_row8.$proc$rtl/pe16_row8.v:538$42'.
  created $dff cell `$procdff$370' with positive edge clock.
Creating register for signal `\pe16_row8.\_213' using process `\pe16_row8.$proc$rtl/pe16_row8.v:530$41'.
  created $dff cell `$procdff$371' with positive edge clock.
Creating register for signal `\pe16_row8.\_96' using process `\pe16_row8.$proc$rtl/pe16_row8.v:473$22'.
  created $dff cell `$procdff$372' with positive edge clock.
Creating register for signal `\pe16_row8.\_93' using process `\pe16_row8.$proc$rtl/pe16_row8.v:469$21'.
  created $dff cell `$procdff$373' with positive edge clock.
Creating register for signal `\pe16_row8.\_90' using process `\pe16_row8.$proc$rtl/pe16_row8.v:465$20'.
  created $dff cell `$procdff$374' with positive edge clock.
Creating register for signal `\pe16_row8.\_121' using process `\pe16_row8.$proc$rtl/pe16_row8.v:458$19'.
  created $dff cell `$procdff$375' with positive edge clock.
Creating register for signal `\pe16_row8.\_166' using process `\pe16_row8.$proc$rtl/pe16_row8.v:450$18'.
  created $dff cell `$procdff$376' with positive edge clock.

3.2.10. Executing PROC_MEMWR pass (convert process memory writes to cells).

3.2.11. Executing PROC_CLEAN pass (remove empty switches from decision trees).
Found and cleaned up 1 empty switch in `\pe16_row8.$proc$rtl/pe16_row8.v:1027$183'.
Removing empty process `pe16_row8.$proc$rtl/pe16_row8.v:1027$183'.
Found and cleaned up 1 empty switch in `\pe16_row8.$proc$rtl/pe16_row8.v:1023$182'.
Removing empty process `pe16_row8.$proc$rtl/pe16_row8.v:1023$182'.
Found and cleaned up 1 empty switch in `\pe16_row8.$proc$rtl/pe16_row8.v:1019$181'.
Removing empty process `pe16_row8.$proc$rtl/pe16_row8.v:1019$181'.
Found and cleaned up 1 empty switch in `\pe16_row8.$proc$rtl/pe16_row8.v:1013$180'.
Removing empty process `pe16_row8.$proc$rtl/pe16_row8.v:1013$180'.
Found and cleaned up 2 empty switches in `\pe16_row8.$proc$rtl/pe16_row8.v:1004$179'.
Removing empty process `pe16_row8.$proc$rtl/pe16_row8.v:1004$179'.
Found and cleaned up 1 empty switch in `\pe16_row8.$proc$rtl/pe16_row8.v:992$178'.
Removing empty process `pe16_row8.$proc$rtl/pe16_row8.v:992$178'.
Found and cleaned up 1 empty switch in `\pe16_row8.$proc$rtl/pe16_row8.v:947$160'.
Removing empty process `pe16_row8.$proc$rtl/pe16_row8.v:947$160'.
Found and cleaned up 1 empty switch in `\pe16_row8.$proc$rtl/pe16_row8.v:943$159'.
Removing empty process `pe16_row8.$proc$rtl/pe16_row8.v:943$159'.
Found and cleaned up 1 empty switch in `\pe16_row8.$proc$rtl/pe16_row8.v:939$158'.
Removing empty process `pe16_row8.$proc$rtl/pe16_row8.v:939$158'.
Found and cleaned up 1 empty switch in `\pe16_row8.$proc$rtl/pe16_row8.v:933$157'.
Removing empty process `pe16_row8.$proc$rtl/pe16_row8.v:933$157'.
Found and cleaned up 2 empty switches in `\pe16_row8.$proc$rtl/pe16_row8.v:925$156'.
Removing empty process `pe16_row8.$proc$rtl/pe16_row8.v:925$156'.
Found and cleaned up 1 empty switch in `\pe16_row8.$proc$rtl/pe16_row8.v:913$155'.
Removing empty process `pe16_row8.$proc$rtl/pe16_row8.v:913$155'.
Found and cleaned up 1 empty switch in `\pe16_row8.$proc$rtl/pe16_row8.v:868$137'.
Removing empty process `pe16_row8.$proc$rtl/pe16_row8.v:868$137'.
Found and cleaned up 1 empty switch in `\pe16_row8.$proc$rtl/pe16_row8.v:864$136'.
Removing empty process `pe16_row8.$proc$rtl/pe16_row8.v:864$136'.
Found and cleaned up 1 empty switch in `\pe16_row8.$proc$rtl/pe16_row8.v:860$135'.
Removing empty process `pe16_row8.$proc$rtl/pe16_row8.v:860$135'.
Found and cleaned up 1 empty switch in `\pe16_row8.$proc$rtl/pe16_row8.v:854$134'.
Removing empty process `pe16_row8.$proc$rtl/pe16_row8.v:854$134'.
Found and cleaned up 2 empty switches in `\pe16_row8.$proc$rtl/pe16_row8.v:846$133'.
Removing empty process `pe16_row8.$proc$rtl/pe16_row8.v:846$133'.
Found and cleaned up 1 empty switch in `\pe16_row8.$proc$rtl/pe16_row8.v:834$132'.
Removing empty process `pe16_row8.$proc$rtl/pe16_row8.v:834$132'.
Found and cleaned up 1 empty switch in `\pe16_row8.$proc$rtl/pe16_row8.v:789$114'.
Removing empty process `pe16_row8.$proc$rtl/pe16_row8.v:789$114'.
Found and cleaned up 1 empty switch in `\pe16_row8.$proc$rtl/pe16_row8.v:785$113'.
Removing empty process `pe16_row8.$proc$rtl/pe16_row8.v:785$113'.
Found and cleaned up 1 empty switch in `\pe16_row8.$proc$rtl/pe16_row8.v:781$112'.
Removing empty process `pe16_row8.$proc$rtl/pe16_row8.v:781$112'.
Found and cleaned up 1 empty switch in `\pe16_row8.$proc$rtl/pe16_row8.v:775$111'.
Removing empty process `pe16_row8.$proc$rtl/pe16_row8.v:775$111'.
Found and cleaned up 2 empty switches in `\pe16_row8.$proc$rtl/pe16_row8.v:767$110'.
Removing empty process `pe16_row8.$proc$rtl/pe16_row8.v:767$110'.
Found and cleaned up 1 empty switch in `\pe16_row8.$proc$rtl/pe16_row8.v:755$109'.
Removing empty process `pe16_row8.$proc$rtl/pe16_row8.v:755$109'.
Found and cleaned up 1 empty switch in `\pe16_row8.$proc$rtl/pe16_row8.v:710$91'.
Removing empty process `pe16_row8.$proc$rtl/pe16_row8.v:710$91'.
Found and cleaned up 1 empty switch in `\pe16_row8.$proc$rtl/pe16_row8.v:706$90'.
Removing empty process `pe16_row8.$proc$rtl/pe16_row8.v:706$90'.
Found and cleaned up 1 empty switch in `\pe16_row8.$proc$rtl/pe16_row8.v:702$89'.
Removing empty process `pe16_row8.$proc$rtl/pe16_row8.v:702$89'.
Found and cleaned up 1 empty switch in `\pe16_row8.$proc$rtl/pe16_row8.v:696$88'.
Removing empty process `pe16_row8.$proc$rtl/pe16_row8.v:696$88'.
Found and cleaned up 2 empty switches in `\pe16_row8.$proc$rtl/pe16_row8.v:688$87'.
Removing empty process `pe16_row8.$proc$rtl/pe16_row8.v:688$87'.
Found and cleaned up 1 empty switch in `\pe16_row8.$proc$rtl/pe16_row8.v:676$86'.
Removing empty process `pe16_row8.$proc$rtl/pe16_row8.v:676$86'.
Found and cleaned up 1 empty switch in `\pe16_row8.$proc$rtl/pe16_row8.v:631$68'.
Removing empty process `pe16_row8.$proc$rtl/pe16_row8.v:631$68'.
Found and cleaned up 1 empty switch in `\pe16_row8.$proc$rtl/pe16_row8.v:627$67'.
Removing empty process `pe16_row8.$proc$rtl/pe16_row8.v:627$67'.
Found and cleaned up 1 empty switch in `\pe16_row8.$proc$rtl/pe16_row8.v:623$66'.
Removing empty process `pe16_row8.$proc$rtl/pe16_row8.v:623$66'.
Found and cleaned up 1 empty switch in `\pe16_row8.$proc$rtl/pe16_row8.v:617$65'.
Removing empty process `pe16_row8.$proc$rtl/pe16_row8.v:617$65'.
Found and cleaned up 2 empty switches in `\pe16_row8.$proc$rtl/pe16_row8.v:609$64'.
Removing empty process `pe16_row8.$proc$rtl/pe16_row8.v:609$64'.
Found and cleaned up 1 empty switch in `\pe16_row8.$proc$rtl/pe16_row8.v:597$63'.
Removing empty process `pe16_row8.$proc$rtl/pe16_row8.v:597$63'.
Found and cleaned up 1 empty switch in `\pe16_row8.$proc$rtl/pe16_row8.v:552$45'.
Removing empty process `pe16_row8.$proc$rtl/pe16_row8.v:552$45'.
Found and cleaned up 1 empty switch in `\pe16_row8.$proc$rtl/pe16_row8.v:548$44'.
Removing empty process `pe16_row8.$proc$rtl/pe16_row8.v:548$44'.
Found and cleaned up 1 empty switch in `\pe16_row8.$proc$rtl/pe16_row8.v:544$43'.
Removing empty process `pe16_row8.$proc$rtl/pe16_row8.v:544$43'.
Found and cleaned up 1 empty switch in `\pe16_row8.$proc$rtl/pe16_row8.v:538$42'.
Removing empty process `pe16_row8.$proc$rtl/pe16_row8.v:538$42'.
Found and cleaned up 2 empty switches in `\pe16_row8.$proc$rtl/pe16_row8.v:530$41'.
Removing empty process `pe16_row8.$proc$rtl/pe16_row8.v:530$41'.
Found and cleaned up 1 empty switch in `\pe16_row8.$proc$rtl/pe16_row8.v:518$40'.
Removing empty process `pe16_row8.$proc$rtl/pe16_row8.v:518$40'.
Found and cleaned up 1 empty switch in `\pe16_row8.$proc$rtl/pe16_row8.v:473$22'.
Removing empty process `pe16_row8.$proc$rtl/pe16_row8.v:473$22'.
Found and cleaned up 1 empty switch in `\pe16_row8.$proc$rtl/pe16_row8.v:469$21'.
Removing empty process `pe16_row8.$proc$rtl/pe16_row8.v:469$21'.
Found and cleaned up 1 empty switch in `\pe16_row8.$proc$rtl/pe16_row8.v:465$20'.
Removing empty process `pe16_row8.$proc$rtl/pe16_row8.v:465$20'.
Found and cleaned up 1 empty switch in `\pe16_row8.$proc$rtl/pe16_row8.v:458$19'.
Removing empty process `pe16_row8.$proc$rtl/pe16_row8.v:458$19'.
Found and cleaned up 2 empty switches in `\pe16_row8.$proc$rtl/pe16_row8.v:450$18'.
Removing empty process `pe16_row8.$proc$rtl/pe16_row8.v:450$18'.
Found and cleaned up 1 empty switch in `\pe16_row8.$proc$rtl/pe16_row8.v:438$17'.
Removing empty process `pe16_row8.$proc$rtl/pe16_row8.v:438$17'.
Cleaned up 56 empty switches.

3.2.12. Executing OPT_EXPR pass (perform const folding).
Optimizing module pe16_row8.
<suppressed ~16 debug messages>

3.3. Executing FLATTEN pass (flatten design).

3.4. Executing OPT_EXPR pass (perform const folding).
Optimizing module pe16_row8.

3.5. Executing OPT_CLEAN pass (remove unused cells and wires).
Finding unused cells or wires in module \pe16_row8..
Removed 0 unused cells and 240 unused wires.
<suppressed ~1 debug messages>

3.6. Executing CHECK pass (checking for obvious problems).
Checking module pe16_row8...
Found and reported 0 problems.

3.7. Executing OPT pass (performing simple optimizations).

3.7.1. Executing OPT_EXPR pass (perform const folding).
Optimizing module pe16_row8.

3.7.2. Executing OPT_MERGE pass (detect identical cells).
Finding identical cells in module `\pe16_row8'.
Computing hashes of 256 cells of `\pe16_row8'.
Finding duplicate cells in `\pe16_row8'.
Computing hashes of 240 cells of `\pe16_row8'.
Finding duplicate cells in `\pe16_row8'.
<suppressed ~48 debug messages>
Removed a total of 16 cells.

3.7.3. Executing OPT_MUXTREE pass (detect dead branches in mux trees).
Running muxtree optimizer on module \pe16_row8..
  Creating internal representation of mux trees.
  Evaluating internal representation of mux trees.
  Analyzing evaluation results.
Removed 0 multiplexer ports.
<suppressed ~208 debug messages>

3.7.4. Executing OPT_REDUCE pass (consolidate $*mux and $reduce_* inputs).
  Optimizing cells in module \pe16_row8.
Performed a total of 0 changes.

3.7.5. Executing OPT_MERGE pass (detect identical cells).
Finding identical cells in module `\pe16_row8'.
Computing hashes of 240 cells of `\pe16_row8'.
Finding duplicate cells in `\pe16_row8'.
Computing hashes of 232 cells of `\pe16_row8'.
Finding duplicate cells in `\pe16_row8'.
Computing hashes of 224 cells of `\pe16_row8'.
Finding duplicate cells in `\pe16_row8'.
<suppressed ~48 debug messages>
Removed a total of 16 cells.

3.7.6. Executing OPT_DFF pass (perform DFF optimizations).

3.7.7. Executing OPT_CLEAN pass (remove unused cells and wires).
Finding unused cells or wires in module \pe16_row8..
Removed 0 unused cells and 8 unused wires.
<suppressed ~1 debug messages>

3.7.8. Executing OPT_EXPR pass (perform const folding).
Optimizing module pe16_row8.

3.7.9. Rerunning OPT passes. (Maybe there is more to do..)

3.7.10. Executing OPT_MUXTREE pass (detect dead branches in mux trees).
Running muxtree optimizer on module \pe16_row8..
  Creating internal representation of mux trees.
  Evaluating internal representation of mux trees.
  Analyzing evaluation results.
Removed 0 multiplexer ports.
<suppressed ~208 debug messages>

3.7.11. Executing OPT_REDUCE pass (consolidate $*mux and $reduce_* inputs).
  Optimizing cells in module \pe16_row8.
    New ctrl vector for $pmux cell $procmux$200: { $auto$opt_reduce.cc:137:opt_pmux$378 $procmux$201_CMP }
    New ctrl vector for $pmux cell $procmux$219: { $auto$opt_reduce.cc:137:opt_pmux$380 $procmux$220_CMP }
    New ctrl vector for $pmux cell $procmux$238: { $auto$opt_reduce.cc:137:opt_pmux$382 $procmux$239_CMP }
    New ctrl vector for $pmux cell $procmux$257: { $auto$opt_reduce.cc:137:opt_pmux$384 $procmux$258_CMP }
    New ctrl vector for $pmux cell $procmux$276: { $auto$opt_reduce.cc:137:opt_pmux$386 $procmux$277_CMP }
    New ctrl vector for $pmux cell $procmux$295: { $auto$opt_reduce.cc:137:opt_pmux$388 $procmux$296_CMP }
    New ctrl vector for $pmux cell $procmux$314: { $auto$opt_reduce.cc:137:opt_pmux$390 $procmux$315_CMP }
    New ctrl vector for $pmux cell $procmux$333: { $auto$opt_reduce.cc:137:opt_pmux$392 $procmux$334_CMP }
  Optimizing cells in module \pe16_row8.
Performed a total of 8 changes.

3.7.12. Executing OPT_MERGE pass (detect identical cells).
Finding identical cells in module `\pe16_row8'.
Computing hashes of 232 cells of `\pe16_row8'.
Finding duplicate cells in `\pe16_row8'.
Removed a total of 0 cells.

3.7.13. Executing OPT_DFF pass (perform DFF optimizations).

3.7.14. Executing OPT_CLEAN pass (remove unused cells and wires).
Finding unused cells or wires in module \pe16_row8..

3.7.15. Executing OPT_EXPR pass (perform const folding).
Optimizing module pe16_row8.

3.7.16. Rerunning OPT passes. (Maybe there is more to do..)

3.7.17. Executing OPT_MUXTREE pass (detect dead branches in mux trees).
Running muxtree optimizer on module \pe16_row8..
  Creating internal representation of mux trees.
  Evaluating internal representation of mux trees.
  Analyzing evaluation results.
Removed 0 multiplexer ports.
<suppressed ~192 debug messages>

3.7.18. Executing OPT_REDUCE pass (consolidate $*mux and $reduce_* inputs).
  Optimizing cells in module \pe16_row8.
Performed a total of 0 changes.

3.7.19. Executing OPT_MERGE pass (detect identical cells).
Finding identical cells in module `\pe16_row8'.
Computing hashes of 232 cells of `\pe16_row8'.
Finding duplicate cells in `\pe16_row8'.
Removed a total of 0 cells.

3.7.20. Executing OPT_DFF pass (perform DFF optimizations).

3.7.21. Executing OPT_CLEAN pass (remove unused cells and wires).
Finding unused cells or wires in module \pe16_row8..

3.7.22. Executing OPT_EXPR pass (perform const folding).
Optimizing module pe16_row8.

3.7.23. Finished fast OPT passes. (There is nothing left to do.)

3.8. Executing FSM pass (extract and optimize FSM).

3.8.1. Executing FSM_DETECT pass (finding FSMs in design).

3.8.2. Executing FSM_EXTRACT pass (extracting FSM from design).

3.8.3. Executing FSM_OPT pass (simple optimizations of FSMs).

3.8.4. Executing OPT_CLEAN pass (remove unused cells and wires).
Finding unused cells or wires in module \pe16_row8..

3.8.5. Executing FSM_OPT pass (simple optimizations of FSMs).

3.8.6. Executing FSM_RECODE pass (re-assigning FSM state encoding).

3.8.7. Executing FSM_INFO pass (dumping all available information on FSM cells).

3.8.8. Executing FSM_MAP pass (mapping FSMs to basic logic).

3.9. Executing OPT pass (performing simple optimizations).

3.9.1. Executing OPT_EXPR pass (perform const folding).
Optimizing module pe16_row8.

3.9.2. Executing OPT_MERGE pass (detect identical cells).
Finding identical cells in module `\pe16_row8'.
Computing hashes of 232 cells of `\pe16_row8'.
Finding duplicate cells in `\pe16_row8'.
Removed a total of 0 cells.

3.9.3. Executing OPT_MUXTREE pass (detect dead branches in mux trees).
Running muxtree optimizer on module \pe16_row8..
  Creating internal representation of mux trees.
  Evaluating internal representation of mux trees.
  Analyzing evaluation results.
Removed 0 multiplexer ports.
<suppressed ~192 debug messages>

3.9.4. Executing OPT_REDUCE pass (consolidate $*mux and $reduce_* inputs).
  Optimizing cells in module \pe16_row8.
Performed a total of 0 changes.

3.9.5. Executing OPT_MERGE pass (detect identical cells).
Finding identical cells in module `\pe16_row8'.
Computing hashes of 232 cells of `\pe16_row8'.
Finding duplicate cells in `\pe16_row8'.
Removed a total of 0 cells.

3.9.6. Executing OPT_DFF pass (perform DFF optimizations).
Adding SRST signal on $procdff$376 ($dff) from module pe16_row8 (D = $procmux$327_Y, Q = \_166, rval = 16'0000000000000000).
Adding EN signal on $auto$ff.cc:337:slice$393 ($sdff) from module pe16_row8 (D = \_162, Q = \_166).
Adding SRST signal on $procdff$375 ($dff) from module pe16_row8 (D = \_118, Q = \_121, rval = 16'0000000000000000).
Adding EN signal on $procdff$374 ($dff) from module pe16_row8 (D = \_87, Q = \_90).
Adding EN signal on $procdff$373 ($dff) from module pe16_row8 (D = \_90, Q = \_93).
Adding EN signal on $procdff$372 ($dff) from module pe16_row8 (D = \_93, Q = \_96).
Adding SRST signal on $procdff$371 ($dff) from module pe16_row8 (D = $procmux$308_Y, Q = \_213, rval = 16'0000000000000000).
Adding EN signal on $auto$ff.cc:337:slice$399 ($sdff) from module pe16_row8 (D = \_209, Q = \_213).
Adding SRST signal on $procdff$370 ($dff) from module pe16_row8 (D = \_115, Q = \_118, rval = 16'0000000000000000).
Adding EN signal on $procdff$369 ($dff) from module pe16_row8 (D = \_78, Q = \_81).
Adding EN signal on $procdff$368 ($dff) from module pe16_row8 (D = \_81, Q = \_84).
Adding EN signal on $procdff$367 ($dff) from module pe16_row8 (D = \_84, Q = \_87).
Adding SRST signal on $procdff$366 ($dff) from module pe16_row8 (D = $procmux$289_Y, Q = \_260, rval = 16'0000000000000000).
Adding EN signal on $auto$ff.cc:337:slice$405 ($sdff) from module pe16_row8 (D = \_256, Q = \_260).
Adding SRST signal on $procdff$365 ($dff) from module pe16_row8 (D = \_112, Q = \_115, rval = 16'0000000000000000).
Adding EN signal on $procdff$364 ($dff) from module pe16_row8 (D = \_69, Q = \_72).
Adding EN signal on $procdff$363 ($dff) from module pe16_row8 (D = \_72, Q = \_75).
Adding EN signal on $procdff$362 ($dff) from module pe16_row8 (D = \_75, Q = \_78).
Adding SRST signal on $procdff$361 ($dff) from module pe16_row8 (D = $procmux$270_Y, Q = \_307, rval = 16'0000000000000000).
Adding EN signal on $auto$ff.cc:337:slice$411 ($sdff) from module pe16_row8 (D = \_303, Q = \_307).
Adding SRST signal on $procdff$360 ($dff) from module pe16_row8 (D = \_109, Q = \_112, rval = 16'0000000000000000).
Adding EN signal on $procdff$359 ($dff) from module pe16_row8 (D = \_60, Q = \_63).
Adding EN signal on $procdff$358 ($dff) from module pe16_row8 (D = \_63, Q = \_66).
Adding EN signal on $procdff$357 ($dff) from module pe16_row8 (D = \_66, Q = \_69).
Adding SRST signal on $procdff$356 ($dff) from module pe16_row8 (D = $procmux$251_Y, Q = \_354, rval = 16'0000000000000000).
Adding EN signal on $auto$ff.cc:337:slice$417 ($sdff) from module pe16_row8 (D = \_350, Q = \_354).
Adding SRST signal on $procdff$355 ($dff) from module pe16_row8 (D = \_106, Q = \_109, rval = 16'0000000000000000).
Adding EN signal on $procdff$354 ($dff) from module pe16_row8 (D = \_51, Q = \_54).
Adding EN signal on $procdff$353 ($dff) from module pe16_row8 (D = \_54, Q = \_57).
Adding EN signal on $procdff$352 ($dff) from module pe16_row8 (D = \_57, Q = \_60).
Adding SRST signal on $procdff$351 ($dff) from module pe16_row8 (D = $procmux$232_Y, Q = \_401, rval = 16'0000000000000000).
Adding EN signal on $auto$ff.cc:337:slice$423 ($sdff) from module pe16_row8 (D = \_397, Q = \_401).
Adding SRST signal on $procdff$350 ($dff) from module pe16_row8 (D = \_103, Q = \_106, rval = 16'0000000000000000).
Adding EN signal on $procdff$349 ($dff) from module pe16_row8 (D = \_42, Q = \_45).
Adding EN signal on $procdff$348 ($dff) from module pe16_row8 (D = \_45, Q = \_48).
Adding EN signal on $procdff$347 ($dff) from module pe16_row8 (D = \_48, Q = \_51).
Adding SRST signal on $procdff$346 ($dff) from module pe16_row8 (D = $procmux$213_Y, Q = \_448, rval = 16'0000000000000000).
Adding EN signal on $auto$ff.cc:337:slice$429 ($sdff) from module pe16_row8 (D = \_444, Q = \_448).
Adding SRST signal on $procdff$345 ($dff) from module pe16_row8 (D = \_100, Q = \_103, rval = 16'0000000000000000).
Adding EN signal on $procdff$344 ($dff) from module pe16_row8 (D = \_33, Q = \_36).
Adding EN signal on $procdff$343 ($dff) from module pe16_row8 (D = \_36, Q = \_39).
Adding EN signal on $procdff$342 ($dff) from module pe16_row8 (D = \_39, Q = \_42).
Adding SRST signal on $procdff$341 ($dff) from module pe16_row8 (D = $procmux$194_Y, Q = \_495, rval = 16'0000000000000000).
Adding EN signal on $auto$ff.cc:337:slice$435 ($sdff) from module pe16_row8 (D = \_491, Q = \_495).
Adding SRST signal on $procdff$340 ($dff) from module pe16_row8 (D = \nbr_in, Q = \_100, rval = 16'0000000000000000).
Adding EN signal on $procdff$339 ($dff) from module pe16_row8 (D = \cfg_in, Q = \_27).
Adding EN signal on $procdff$338 ($dff) from module pe16_row8 (D = \_27, Q = \_30).
Adding EN signal on $procdff$337 ($dff) from module pe16_row8 (D = \_30, Q = \_33).

3.9.7. Executing OPT_CLEAN pass (remove unused cells and wires).
Finding unused cells or wires in module \pe16_row8..
Removed 48 unused cells and 48 unused wires.
<suppressed ~49 debug messages>

3.9.8. Executing OPT_EXPR pass (perform const folding).
Optimizing module pe16_row8.

3.9.9. Rerunning OPT passes. (Maybe there is more to do..)

3.9.10. Executing OPT_MUXTREE pass (detect dead branches in mux trees).
Running muxtree optimizer on module \pe16_row8..
  Creating internal representation of mux trees.
  Evaluating internal representation of mux trees.
  Analyzing evaluation results.
Removed 0 multiplexer ports.
<suppressed ~112 debug messages>

3.9.11. Executing OPT_REDUCE pass (consolidate $*mux and $reduce_* inputs).
  Optimizing cells in module \pe16_row8.
Performed a total of 0 changes.

3.9.12. Executing OPT_MERGE pass (detect identical cells).
Finding identical cells in module `\pe16_row8'.
Computing hashes of 184 cells of `\pe16_row8'.
Finding duplicate cells in `\pe16_row8'.
Removed a total of 0 cells.

3.9.13. Executing OPT_DFF pass (perform DFF optimizations).

3.9.14. Executing OPT_CLEAN pass (remove unused cells and wires).
Finding unused cells or wires in module \pe16_row8..

3.9.15. Executing OPT_EXPR pass (perform const folding).
Optimizing module pe16_row8.

3.9.16. Finished fast OPT passes. (There is nothing left to do.)

3.10. Executing WREDUCE pass (reducing word size of cells).
Removed top 16 bits (of 17) from port B of cell pe16_row8.$add$rtl/pe16_row8.v:433$14 ($add).
Removed top 16 bits (of 17) from port B of cell pe16_row8.$add$rtl/pe16_row8.v:513$37 ($add).
Removed top 16 bits (of 17) from port B of cell pe16_row8.$add$rtl/pe16_row8.v:592$60 ($add).
Removed top 16 bits (of 17) from port B of cell pe16_row8.$add$rtl/pe16_row8.v:671$83 ($add).
Removed top 16 bits (of 17) from port B of cell pe16_row8.$add$rtl/pe16_row8.v:750$106 ($add).
Removed top 16 bits (of 17) from port B of cell pe16_row8.$add$rtl/pe16_row8.v:829$129 ($add).
Removed top 16 bits (of 17) from port B of cell pe16_row8.$add$rtl/pe16_row8.v:908$152 ($add).
Removed top 16 bits (of 17) from port B of cell pe16_row8.$add$rtl/pe16_row8.v:987$175 ($add).
Removed top 1 bits (of 2) from port B of cell pe16_row8.$procmux$202_CMP0 ($eq).
Removed top 1 bits (of 2) from port B of cell pe16_row8.$procmux$221_CMP0 ($eq).
Removed top 1 bits (of 2) from port B of cell pe16_row8.$procmux$240_CMP0 ($eq).
Removed top 1 bits (of 2) from port B of cell pe16_row8.$procmux$259_CMP0 ($eq).
Removed top 1 bits (of 2) from port B of cell pe16_row8.$procmux$278_CMP0 ($eq).
Removed top 1 bits (of 2) from port B of cell pe16_row8.$procmux$297_CMP0 ($eq).
Removed top 1 bits (of 2) from port B of cell pe16_row8.$procmux$316_CMP0 ($eq).
Removed top 1 bits (of 2) from port B of cell pe16_row8.$procmux$335_CMP0 ($eq).

3.11. Executing PEEPOPT pass (run peephole optimizers).

3.12. Executing OPT_CLEAN pass (remove unused cells and wires).
Finding unused cells or wires in module \pe16_row8..

3.13. Executing ALUMACC pass (create $alu and $macc cells).
Extracting $alu and $macc cells in module pe16_row8:
  creating $macc model for $add$rtl/pe16_row8.v:432$13 ($add).
  creating $macc model for $add$rtl/pe16_row8.v:433$14 ($add).
  creating $macc model for $add$rtl/pe16_row8.v:512$36 ($add).
  creating $macc model for $add$rtl/pe16_row8.v:513$37 ($add).
  creating $macc model for $add$rtl/pe16_row8.v:591$59 ($add).
  creating $macc model for $add$rtl/pe16_row8.v:592$60 ($add).
  creating $macc model for $add$rtl/pe16_row8.v:670$82 ($add).
  creating $macc model for $add$rtl/pe16_row8.v:671$83 ($add).
  creating $macc model for $add$rtl/pe16_row8.v:749$105 ($add).
  creating $macc model for $add$rtl/pe16_row8.v:750$106 ($add).
  creating $macc model for $add$rtl/pe16_row8.v:828$128 ($add).
  creating $macc model for $add$rtl/pe16_row8.v:829$129 ($add).
  creating $macc model for $add$rtl/pe16_row8.v:907$151 ($add).
  creating $macc model for $add$rtl/pe16_row8.v:908$152 ($add).
  creating $macc model for $add$rtl/pe16_row8.v:986$174 ($add).
  creating $macc model for $add$rtl/pe16_row8.v:987$175 ($add).
  merging $macc model for $add$rtl/pe16_row8.v:986$174 into $add$rtl/pe16_row8.v:987$175.
  merging $macc model for $add$rtl/pe16_row8.v:907$151 into $add$rtl/pe16_row8.v:908$152.
  merging $macc model for $add$rtl/pe16_row8.v:828$128 into $add$rtl/pe16_row8.v:829$129.
  merging $macc model for $add$rtl/pe16_row8.v:749$105 into $add$rtl/pe16_row8.v:750$106.
  merging $macc model for $add$rtl/pe16_row8.v:670$82 into $add$rtl/pe16_row8.v:671$83.
  merging $macc model for $add$rtl/pe16_row8.v:591$59 into $add$rtl/pe16_row8.v:592$60.
  merging $macc model for $add$rtl/pe16_row8.v:512$36 into $add$rtl/pe16_row8.v:513$37.
  merging $macc model for $add$rtl/pe16_row8.v:432$13 into $add$rtl/pe16_row8.v:433$14.
  creating $alu model for $macc $add$rtl/pe16_row8.v:671$83.
  creating $alu model for $macc $add$rtl/pe16_row8.v:750$106.
  creating $alu model for $macc $add$rtl/pe16_row8.v:592$60.
  creating $alu model for $macc $add$rtl/pe16_row8.v:908$152.
  creating $alu model for $macc $add$rtl/pe16_row8.v:513$37.
  creating $alu model for $macc $add$rtl/pe16_row8.v:829$129.
  creating $alu model for $macc $add$rtl/pe16_row8.v:433$14.
  creating $alu model for $macc $add$rtl/pe16_row8.v:987$175.
  creating $alu cell for $add$rtl/pe16_row8.v:987$175: $auto$alumacc.cc:512:replace_alu$441
  creating $alu cell for $add$rtl/pe16_row8.v:433$14: $auto$alumacc.cc:512:replace_alu$444
  creating $alu cell for $add$rtl/pe16_row8.v:829$129: $auto$alumacc.cc:512:replace_alu$447
  creating $alu cell for $add$rtl/pe16_row8.v:513$37: $auto$alumacc.cc:512:replace_alu$450
  creating $alu cell for $add$rtl/pe16_row8.v:908$152: $auto$alumacc.cc:512:replace_alu$453
  creating $alu cell for $add$rtl/pe16_row8.v:592$60: $auto$alumacc.cc:512:replace_alu$456
  creating $alu cell for $add$rtl/pe16_row8.v:750$106: $auto$alumacc.cc:512:replace_alu$459
  creating $alu cell for $add$rtl/pe16_row8.v:671$83: $auto$alumacc.cc:512:replace_alu$462
  created 8 $alu and 0 $macc cells.

3.14. Executing SHARE pass (SAT-based resource sharing).

3.15. Executing OPT pass (performing simple optimizations).

3.15.1. Executing OPT_EXPR pass (perform const folding).
Optimizing module pe16_row8.

3.15.2. Executing OPT_MERGE pass (detect identical cells).
Finding identical cells in module `\pe16_row8'.
Computing hashes of 184 cells of `\pe16_row8'.
Finding duplicate cells in `\pe16_row8'.
Removed a total of 0 cells.

3.15.3. Executing OPT_MUXTREE pass (detect dead branches in mux trees).
Running muxtree optimizer on module \pe16_row8..
  Creating internal representation of mux trees.
  Evaluating internal representation of mux trees.
  Analyzing evaluation results.
Removed 0 multiplexer ports.
<suppressed ~112 debug messages>

3.15.4. Executing OPT_REDUCE pass (consolidate $*mux and $reduce_* inputs).
  Optimizing cells in module \pe16_row8.
Performed a total of 0 changes.

3.15.5. Executing OPT_MERGE pass (detect identical cells).
Finding identical cells in module `\pe16_row8'.
Computing hashes of 184 cells of `\pe16_row8'.
Finding duplicate cells in `\pe16_row8'.
Removed a total of 0 cells.

3.15.6. Executing OPT_DFF pass (perform DFF optimizations).

3.15.7. Executing OPT_CLEAN pass (remove unused cells and wires).
Finding unused cells or wires in module \pe16_row8..
Removed 8 unused cells and 8 unused wires.
<suppressed ~16 debug messages>

3.15.8. Executing OPT_EXPR pass (perform const folding).
Optimizing module pe16_row8.

3.15.9. Rerunning OPT passes. (Maybe there is more to do..)

3.15.10. Executing OPT_MUXTREE pass (detect dead branches in mux trees).
Running muxtree optimizer on module \pe16_row8..
  Creating internal representation of mux trees.
  Evaluating internal representation of mux trees.
  Analyzing evaluation results.
Removed 0 multiplexer ports.
<suppressed ~112 debug messages>

3.15.11. Executing OPT_REDUCE pass (consolidate $*mux and $reduce_* inputs).
  Optimizing cells in module \pe16_row8.
Performed a total of 0 changes.

3.15.12. Executing OPT_MERGE pass (detect identical cells).
Finding identical cells in module `\pe16_row8'.
Computing hashes of 176 cells of `\pe16_row8'.
Finding duplicate cells in `\pe16_row8'.
Removed a total of 0 cells.

3.15.13. Executing OPT_DFF pass (perform DFF optimizations).

3.15.14. Executing OPT_CLEAN pass (remove unused cells and wires).
Finding unused cells or wires in module \pe16_row8..

3.15.15. Executing OPT_EXPR pass (perform const folding).
Optimizing module pe16_row8.

3.15.16. Finished fast OPT passes. (There is nothing left to do.)

3.16. Executing MEMORY pass.

3.16.1. Executing OPT_MEM pass (optimize memories).
Performed a total of 0 transformations.

3.16.2. Executing OPT_MEM_PRIORITY pass (removing unnecessary memory write priority relations).
Performed a total of 0 transformations.

3.16.3. Executing OPT_MEM_FEEDBACK pass (finding memory read-to-write feedback paths).

3.16.4. Executing MEMORY_BMUX2ROM pass (converting muxes to ROMs).

3.16.5. Executing MEMORY_DFF pass (merging $dff cells to $memrd).

3.16.6. Executing OPT_CLEAN pass (remove unused cells and wires).
Finding unused cells or wires in module \pe16_row8..

3.16.7. Executing MEMORY_SHARE pass (consolidating $memrd/$memwr cells).

3.16.8. Executing OPT_MEM_WIDEN pass (optimize memories where all ports are wide).
Performed a total of 0 transformations.

3.16.9. Executing OPT_CLEAN pass (remove unused cells and wires).
Finding unused cells or wires in module \pe16_row8..

3.16.10. Executing MEMORY_COLLECT pass (generating $mem cells).

3.17. Executing OPT_CLEAN pass (remove unused cells and wires).
Finding unused cells or wires in module \pe16_row8..

3.18. Executing OPT pass (performing simple optimizations).

3.18.1. Executing OPT_EXPR pass (perform const folding).
Optimizing module pe16_row8.
<suppressed ~24 debug messages>

3.18.2. Executing OPT_MERGE pass (detect identical cells).
Finding identical cells in module `\pe16_row8'.
Computing hashes of 176 cells of `\pe16_row8'.
Finding duplicate cells in `\pe16_row8'.
Removed a total of 0 cells.

3.18.3. Executing OPT_DFF pass (perform DFF optimizations).

3.18.4. Executing OPT_CLEAN pass (remove unused cells and wires).
Finding unused cells or wires in module \pe16_row8..
Removed 0 unused cells and 8 unused wires.
<suppressed ~1 debug messages>

3.18.5. Finished fast OPT passes.

3.19. Executing MEMORY_MAP pass (converting memories to logic and flip-flops).

3.20. Executing OPT pass (performing simple optimizations).

3.20.1. Executing OPT_EXPR pass (perform const folding).
Optimizing module pe16_row8.

3.20.2. Executing OPT_MERGE pass (detect identical cells).
Finding identical cells in module `\pe16_row8'.
Computing hashes of 176 cells of `\pe16_row8'.
Finding duplicate cells in `\pe16_row8'.
Removed a total of 0 cells.

3.20.3. Executing OPT_MUXTREE pass (detect dead branches in mux trees).
Running muxtree optimizer on module \pe16_row8..
  Creating internal representation of mux trees.
  Evaluating internal representation of mux trees.
  Analyzing evaluation results.
Removed 0 multiplexer ports.
<suppressed ~112 debug messages>

3.20.4. Executing OPT_REDUCE pass (consolidate $*mux and $reduce_* inputs).
  Optimizing cells in module \pe16_row8.
    Consolidated identical input bits for $mux cell $ternary$rtl/pe16_row8.v:403$3:
      Old ports: A=16'0111111111111111, B=16'1000000000000000, Y=\_157
      New ports: A=2'01, B=2'10, Y={ \_157 [15] \_157 [0] }
      New connections: \_157 [14:1] = { \_157 [0] \_157 [0] \_157 [0] \_157 [0] \_157 [0] \_157 [0] \_157 [0] \_157 [0] \_157 [0] \_157 [0] \_157 [0] \_157 [0] \_157 [0] \_157 [0] }
    Consolidated identical input bits for $mux cell $ternary$rtl/pe16_row8.v:426$11:
      Old ports: A={ \_134 [16] \_134 [16] \_134 [14:0] }, B={ \_131 [15] \_131 }, Y=\_135
      New ports: A={ \_134 [16] \_134 [14:0] }, B=\_131, Y=\_135 [15:0]
      New connections: \_135 [16] = \_135 [15]
    Consolidated identical input bits for $mux cell $ternary$rtl/pe16_row8.v:484$26:
      Old ports: A=16'0111111111111111, B=16'1000000000000000, Y=\_204
      New ports: A=2'01, B=2'10, Y={ \_204 [15] \_204 [0] }
      New connections: \_204 [14:1] = { \_204 [0] \_204 [0] \_204 [0] \_204 [0] \_204 [0] \_204 [0] \_204 [0] \_204 [0] \_204 [0] \_204 [0] \_204 [0] \_204 [0] \_204 [0] \_204 [0] }
    Consolidated identical input bits for $mux cell $ternary$rtl/pe16_row8.v:506$34:
      Old ports: A={ \_181 [16] \_181 [16] \_181 [14:0] }, B={ \_178 [15] \_178 }, Y=\_182
      New ports: A={ \_181 [16] \_181 [14:0] }, B=\_178, Y=\_182 [15:0]
      New connections: \_182 [16] = \_182 [15]
    Consolidated identical input bits for $mux cell $ternary$rtl/pe16_row8.v:563$49:
      Old ports: A=16'0111111111111111, B=16'1000000000000000, Y=\_251
      New ports: A=2'01, B=2'10, Y={ \_251 [15] \_251 [0] }
      New connections: \_251 [14:1] = { \_251 [0] \_251 [0] \_251 [0] \_251 [0] \_251 [0] \_251 [0] \_251 [0] \_251 [0] \_251 [0] \_251 [0] \_251 [0] \_251 [0] \_251 [0] \_251 [0] }
    Consolidated identical input bits for $mux cell $ternary$rtl/pe16_row8.v:585$57:
      Old ports: A={ \_228 [16] \_228 [16] \_228 [14:0] }, B={ \_225 [15] \_225 }, Y=\_229
      New ports: A={ \_228 [16] \_228 [14:0] }, B=\_225, Y=\_229 [15:0]
      New connections: \_229 [16] = \_229 [15]
    Consolidated identical input bits for $mux cell $ternary$rtl/pe16_row8.v:642$72:
      Old ports: A=16'0111111111111111, B=16'1000000000000000, Y=\_298
      New ports: A=2'01, B=2'10, Y={ \_298 [15] \_298 [0] }
      New connections: \_298 [14:1] = { \_298 [0] \_298 [0] \_298 [0] \_298 [0] \_298 [0] \_298 [0] \_298 [0] \_298 [0] \_298 [0] \_298 [0] \_298 [0] \_298 [0] \_298 [0] \_298 [0] }
    Consolidated identical input bits for $mux cell $ternary$rtl/pe16_row8.v:664$80:
      Old ports: A={ \_275 [16] \_275 [16] \_275 [14:0] }, B={ \_272 [15] \_272 }, Y=\_276
      New ports: A={ \_275 [16] \_275 [14:0] }, B=\_272, Y=\_276 [15:0]
      New connections: \_276 [16] = \_276 [15]
    Consolidated identical input bits for $mux cell $ternary$rtl/pe16_row8.v:721$95:
      Old ports: A=16'0111111111111111, B=16'1000000000000000, Y=\_345
      New ports: A=2'01, B=2'10, Y={ \_345 [15] \_345 [0] }
      New connections: \_345 [14:1] = { \_345 [0] \_345 [0] \_345 [0] \_345 [0] \_345 [0] \_345 [0] \_345 [0] \_345 [0] \_345 [0] \_345 [0] \_345 [0] \_345 [0] \_345 [0] \_345 [0] }
    Consolidated identical input bits for $mux cell $ternary$rtl/pe16_row8.v:743$103:
      Old ports: A={ \_322 [16] \_322 [16] \_322 [14:0] }, B={ \_319 [15] \_319 }, Y=\_323
      New ports: A={ \_322 [16] \_322 [14:0] }, B=\_319, Y=\_323 [15:0]
      New connections: \_323 [16] = \_323 [15]
    Consolidated identical input bits for $mux cell $ternary$rtl/pe16_row8.v:800$118:
      Old ports: A=16'0111111111111111, B=16'1000000000000000, Y=\_392
      New ports: A=2'01, B=2'10, Y={ \_392 [15] \_392 [0] }
      New connections: \_392 [14:1] = { \_392 [0] \_392 [0] \_392 [0] \_392 [0] \_392 [0] \_392 [0] \_392 [0] \_392 [0] \_392 [0] \_392 [0] \_392 [0] \_392 [0] \_392 [0] \_392 [0] }
    Consolidated identical input bits for $mux cell $ternary$rtl/pe16_row8.v:822$126:
      Old ports: A={ \_369 [16] \_369 [16] \_369 [14:0] }, B={ \_366 [15] \_366 }, Y=\_370
      New ports: A={ \_369 [16] \_369 [14:0] }, B=\_366, Y=\_370 [15:0]
      New connections: \_370 [16] = \_370 [15]
    Consolidated identical input bits for $mux cell $ternary$rtl/pe16_row8.v:879$141:
      Old ports: A=16'0111111111111111, B=16'1000000000000000, Y=\_439
      New ports: A=2'01, B=2'10, Y={ \_439 [15] \_439 [0] }
      New connections: \_439 [14:1] = { \_439 [0] \_439 [0] \_439 [0] \_439 [0] \_439 [0] \_439 [0] \_439 [0] \_439 [0] \_439 [0] \_439 [0] \_439 [0] \_439 [0] \_439 [0] \_439 [0] }
    Consolidated identical input bits for $mux cell $ternary$rtl/pe16_row8.v:901$149:
      Old ports: A={ \_416 [16] \_416 [16] \_416 [14:0] }, B={ \_413 [15] \_413 }, Y=\_417
      New ports: A={ \_416 [16] \_416 [14:0] }, B=\_413, Y=\_417 [15:0]
      New connections: \_417 [16] = \_417 [15]
    Consolidated identical input bits for $mux cell $ternary$rtl/pe16_row8.v:958$164:
      Old ports: A=16'0111111111111111, B=16'1000000000000000, Y=\_486
      New ports: A=2'01, B=2'10, Y={ \_486 [15] \_486 [0] }
      New connections: \_486 [14:1] = { \_486 [0] \_486 [0] \_486 [0] \_486 [0] \_486 [0] \_486 [0] \_486 [0] \_486 [0] \_486 [0] \_486 [0] \_486 [0] \_486 [0] \_486 [0] \_486 [0] }
    Consolidated identical input bits for $mux cell $ternary$rtl/pe16_row8.v:980$172:
      Old ports: A={ \_463 [16] \_463 [16] \_463 [14:0] }, B={ \_460 [15] \_460 }, Y=\_464
      New ports: A={ \_463 [16] \_463 [14:0] }, B=\_460, Y=\_464 [15:0]
      New connections: \_464 [16] = \_464 [15]
  Optimizing cells in module \pe16_row8.
Performed a total of 16 changes.

3.20.5. Executing OPT_MERGE pass (detect identical cells).
Finding identical cells in module `\pe16_row8'.
Computing hashes of 176 cells of `\pe16_row8'.
Finding duplicate cells in `\pe16_row8'.
Removed a total of 0 cells.

3.20.6. Executing OPT_SHARE pass.

3.20.7. Executing OPT_DFF pass (perform DFF optimizations).

3.20.8. Executing OPT_CLEAN pass (remove unused cells and wires).
Finding unused cells or wires in module \pe16_row8..

3.20.9. Executing OPT_EXPR pass (perform const folding).
Optimizing module pe16_row8.

3.20.10. Rerunning OPT passes. (Maybe there is more to do..)

3.20.11. Executing OPT_MUXTREE pass (detect dead branches in mux trees).
Running muxtree optimizer on module \pe16_row8..
  Creating internal representation of mux trees.
  Evaluating internal representation of mux trees.
  Analyzing evaluation results.
Removed 0 multiplexer ports.
<suppressed ~112 debug messages>

3.20.12. Executing OPT_REDUCE pass (consolidate $*mux and $reduce_* inputs).
  Optimizing cells in module \pe16_row8.
Performed a total of 0 changes.

3.20.13. Executing OPT_MERGE pass (detect identical cells).
Finding identical cells in module `\pe16_row8'.
Computing hashes of 176 cells of `\pe16_row8'.
Finding duplicate cells in `\pe16_row8'.
Removed a total of 0 cells.

3.20.14. Executing OPT_SHARE pass.

3.20.15. Executing OPT_DFF pass (perform DFF optimizations).

3.20.16. Executing OPT_CLEAN pass (remove unused cells and wires).
Finding unused cells or wires in module \pe16_row8..

3.20.17. Executing OPT_EXPR pass (perform const folding).
Optimizing module pe16_row8.

3.20.18. Finished fast OPT passes. (There is nothing left to do.)

3.21. Executing TECHMAP pass (map to technology primitives).

3.21.1. Executing Verilog-2005 frontend: /nix/store/f1q0w7rd0a4ny4hqvfxlhs4cmariidcy-yosys-0.62/bin/../share/yosys/techmap.v
Parsing Verilog input from `/nix/store/f1q0w7rd0a4ny4hqvfxlhs4cmariidcy-yosys-0.62/bin/../share/yosys/techmap.v' to AST representation.
Generating RTLIL representation for module `\_90_simplemap_bool_ops'.
Generating RTLIL representation for module `\_90_simplemap_reduce_ops'.
Generating RTLIL representation for module `\_90_simplemap_logic_ops'.
Generating RTLIL representation for module `\_90_simplemap_compare_ops'.
Generating RTLIL representation for module `\_90_simplemap_various'.
Generating RTLIL representation for module `\_90_simplemap_registers'.
Generating RTLIL representation for module `\_90_shift_ops_shr_shl_sshl_sshr'.
Generating RTLIL representation for module `\_90_shift_shiftx'.
Generating RTLIL representation for module `\_90_fa'.
Generating RTLIL representation for module `\_90_lcu_brent_kung'.
Generating RTLIL representation for module `\_90_alu'.
Generating RTLIL representation for module `\_90_macc'.
Generating RTLIL representation for module `\_90_alumacc'.
Generating RTLIL representation for module `$__div_mod_u'.
Generating RTLIL representation for module `$__div_mod_trunc'.
Generating RTLIL representation for module `\_90_div'.
Generating RTLIL representation for module `\_90_mod'.
Generating RTLIL representation for module `$__div_mod_floor'.
Generating RTLIL representation for module `\_90_divfloor'.
Generating RTLIL representation for module `\_90_modfloor'.
Generating RTLIL representation for module `\_90_pow'.
Generating RTLIL representation for module `\_90_pmux'.
Generating RTLIL representation for module `\_90_demux'.
Generating RTLIL representation for module `\_90_lut'.
Generating RTLIL representation for module `$connect'.
Generating RTLIL representation for module `$input_port'.
Successfully finished Verilog frontend.

3.21.2. Continuing TECHMAP pass.
Using extmapper simplemap for cells of type $not.
Using template $paramod$3bb72ad0665cdca279bbc49ed6a39f403f16497f\_90_alu for cells of type $alu.
Using extmapper simplemap for cells of type $dffe.
Using extmapper simplemap for cells of type $sdff.
Using extmapper simplemap for cells of type $sdffe.
Using extmapper simplemap for cells of type $reduce_or.
Using extmapper simplemap for cells of type $mux.
Using extmapper simplemap for cells of type $xor.
Using extmapper simplemap for cells of type $logic_not.
Using extmapper simplemap for cells of type $eq.
Using template $paramod$0d149ffe75563ef6fcc1a3dddc59d00af28651a7\_90_pmux for cells of type $pmux.
Using extmapper simplemap for cells of type $pos.
Using template $paramod\_90_fa\WIDTH=32'00000000000000000000000000010001 for cells of type $fa.
Using template $paramod\_90_lcu_brent_kung\WIDTH=32'00000000000000000000000000010001 for cells of type $lcu.
Using extmapper simplemap for cells of type $and.
Using extmapper simplemap for cells of type $or.
No more expansions possible.
<suppressed ~1212 debug messages>

3.22. Executing OPT pass (performing simple optimizations).

3.22.1. Executing OPT_EXPR pass (perform const folding).
Optimizing module pe16_row8.
<suppressed ~728 debug messages>

3.22.2. Executing OPT_MERGE pass (detect identical cells).
Finding identical cells in module `\pe16_row8'.
Computing hashes of 3160 cells of `\pe16_row8'.
Finding duplicate cells in `\pe16_row8'.
Computing hashes of 3136 cells of `\pe16_row8'.
Finding duplicate cells in `\pe16_row8'.
<suppressed ~72 debug messages>
Removed a total of 24 cells.

3.22.3. Executing OPT_DFF pass (perform DFF optimizations).

3.22.4. Executing OPT_CLEAN pass (remove unused cells and wires).
Finding unused cells or wires in module \pe16_row8..
Removed 144 unused cells and 816 unused wires.
<suppressed ~145 debug messages>

3.22.5. Finished fast OPT passes.

3.23. Executing ABC pass (technology mapping using ABC).

3.23.1. Extracting gate netlist of module `\pe16_row8' to `<abc-temp-dir>/input.blif'..

3.23.1.1. Executed ABC.
Extracted 2544 gates and 2984 wires to a netlist network with 440 inputs and 256 outputs.
Running ABC script: <abc-temp-dir>/abc.script
ABC: ======== ABC command line "source <abc-temp-dir>/abc.script"
ABC: + read_blif <abc-temp-dir>/input.blif 
ABC: + read_library /tmp/yosys-abc-JjzGc0/stdcells.genlib 
ABC: + strash 
ABC: + dretime 
ABC: + map 
ABC: + write_blif <abc-temp-dir>/output.blif 

3.23.1.2. Re-integrating ABC results.
ABC RESULTS:               AND cells:      144
ABC RESULTS:            ANDNOT cells:      568
ABC RESULTS:               MUX cells:      896
ABC RESULTS:               NOR cells:       64
ABC RESULTS:               NOT cells:      360
ABC RESULTS:                OR cells:      208
ABC RESULTS:             ORNOT cells:       64
ABC RESULTS:              XNOR cells:       32
ABC RESULTS:               XOR cells:      368
ABC RESULTS:        internal signals:     2288
ABC RESULTS:           input signals:      440
ABC RESULTS:          output signals:      256
Removing temp directory.
Removing global temp directory.

3.24. Executing OPT pass (performing simple optimizations).

3.24.1. Executing OPT_EXPR pass (perform const folding).
Optimizing module pe16_row8.
<suppressed ~8 debug messages>

3.24.2. Executing OPT_MERGE pass (detect identical cells).
Finding identical cells in module `\pe16_row8'.
Computing hashes of 3152 cells of `\pe16_row8'.
Finding duplicate cells in `\pe16_row8'.
Removed a total of 0 cells.

3.24.3. Executing OPT_DFF pass (perform DFF optimizations).

3.24.4. Executing OPT_CLEAN pass (remove unused cells and wires).
Finding unused cells or wires in module \pe16_row8..
Removed 8 unused cells and 1384 unused wires.
<suppressed ~201 debug messages>

3.24.5. Finished fast OPT passes.

3.25. Executing HIERARCHY pass (managing design hierarchy).
Attribute `top' found on module `pe16_row8'. Setting top module to pe16_row8.

3.25.1. Analyzing design hierarchy..
Top module:  \pe16_row8

3.25.2. Analyzing design hierarchy..
Top module:  \pe16_row8
Removed 0 unused modules.

3.26. Printing statistics.

=== pe16_row8 ===

        +----------Local Count, excluding submodules.
        | 
     2614 wires
     4358 wire bits
      174 public wires
     1918 public wire bits
       16 ports
      187 port bits
     3144 cells
      568   $_ANDNOT_
      144   $_AND_
      192   $_DFFE_PP_
      896   $_MUX_
       64   $_NOR_
      352   $_NOT_
       64   $_ORNOT_
      208   $_OR_
      128   $_SDFFE_PP0P_
      128   $_SDFF_PP0_
       32   $_XNOR_
      368   $_XOR_

3.27. Executing CHECK pass (checking for obvious problems).
Checking module pe16_row8...
Found and reported 0 problems.

4. Executing DFFLIBMAP pass (mapping DFF cells to sequential cells from liberty file).
  cell sg13g2_dfrbpq_1 (noninv, pins=4, area=48.99) is a direct match for cell type $_DFF_PN0_.
  final dff cell mappings:
    unmapped dff cell: $_DFF_N_
    unmapped dff cell: $_DFF_P_
    unmapped dff cell: $_DFF_NN0_
    unmapped dff cell: $_DFF_NN1_
    unmapped dff cell: $_DFF_NP0_
    unmapped dff cell: $_DFF_NP1_
    \sg13g2_dfrbpq_1 _DFF_PN0_ (.CLK( C), .D( D), .Q( Q), .RESET_B( R));
    unmapped dff cell: $_DFF_PN1_
    unmapped dff cell: $_DFF_PP0_
    unmapped dff cell: $_DFF_PP1_
    unmapped dff cell: $_DFFE_NN_
    unmapped dff cell: $_DFFE_NP_
    unmapped dff cell: $_DFFE_PN_
    unmapped dff cell: $_DFFE_PP_
    unmapped dff cell: $_DFFSR_NNN_
    unmapped dff cell: $_DFFSR_NNP_
    unmapped dff cell: $_DFFSR_NPN_
    unmapped dff cell: $_DFFSR_NPP_
    unmapped dff cell: $_DFFSR_PNN_
    unmapped dff cell: $_DFFSR_PNP_
    unmapped dff cell: $_DFFSR_PPN_
    unmapped dff cell: $_DFFSR_PPP_

4.1. Executing DFFLEGALIZE pass (convert FFs to types supported by the target).
<suppressed ~4 debug messages>
Mapping DFF cells in module `\pe16_row8':
  mapped 448 $_DFF_PN0_ cells to \sg13g2_dfrbpq_1 cells.

5. Executing ABC pass (technology mapping using ABC).

5.1. Extracting gate netlist of module `\pe16_row8' to `<abc-temp-dir>/input.blif'..

5.1.1. Executed ABC.
Extracted 3272 gates and 3755 wires to a netlist network with 482 inputs and 576 outputs.
Running ABC script: <abc-temp-dir>/abc.script
ABC: ======== ABC command line "source <abc-temp-dir>/abc.script"
ABC: + read_blif <abc-temp-dir>/input.blif 
ABC: + read_lib -w /home/matthias/.ciel/ihp-sg13g2/ihp-sg13g2/libs.ref/sg13g2_stdcell/lib/sg13g2_stdcell_typ_1p20V_25C.lib 
ABC: Parsing finished successfully.  Parsing time =     0.01 sec
ABC: Scl_LibertyReadGenlib() skipped cell "sg13g2_antennanp" due to dont_use attribute.
ABC: Scl_LibertyReadGenlib() skipped cell "sg13g2_decap_4" due to dont_use attribute.
ABC: Scl_LibertyReadGenlib() skipped cell "sg13g2_decap_8" due to dont_use attribute.
ABC: Scl_LibertyReadGenlib() skipped sequential cell "sg13g2_dfrbp_1".
ABC: Scl_LibertyReadGenlib() skipped sequential cell "sg13g2_dfrbp_2".
ABC: Scl_LibertyReadGenlib() skipped sequential cell "sg13g2_dfrbpq_1".
ABC: Scl_LibertyReadGenlib() skipped sequential cell "sg13g2_dfrbpq_2".
ABC: Scl_LibertyReadGenlib() skipped sequential cell "sg13g2_dlhq_1".
ABC: Scl_LibertyReadGenlib() skipped sequential cell "sg13g2_dlhr_1".
ABC: Scl_LibertyReadGenlib() skipped sequential cell "sg13g2_dlhrq_1".
ABC: Scl_LibertyReadGenlib() skipped sequential cell "sg13g2_dllr_1".
ABC: Scl_LibertyReadGenlib() skipped sequential cell "sg13g2_dllrq_1".
ABC: Scl_LibertyReadGenlib() skipped three-state cell "sg13g2_ebufn_2".
ABC: Scl_LibertyReadGenlib() skipped three-state cell "sg13g2_ebufn_4".
ABC: Scl_LibertyReadGenlib() skipped three-state cell "sg13g2_ebufn_8".
ABC: Scl_LibertyReadGenlib() skipped three-state cell "sg13g2_einvn_2".
ABC: Scl_LibertyReadGenlib() skipped three-state cell "sg13g2_einvn_4".
ABC: Scl_LibertyReadGenlib() skipped three-state cell "sg13g2_einvn_8".
ABC: Scl_LibertyReadGenlib() skipped cell "sg13g2_fill_1" due to dont_use attribute.
ABC: Scl_LibertyReadGenlib() skipped cell "sg13g2_fill_2" due to dont_use attribute.
ABC: Scl_LibertyReadGenlib() skipped cell "sg13g2_fill_4" due to dont_use attribute.
ABC: Scl_LibertyReadGenlib() skipped cell "sg13g2_fill_8" due to dont_use attribute.
ABC: Scl_LibertyReadGenlib() skipped cell "sg13g2_lgcp_1" due to dont_use attribute.
ABC: Scl_LibertyReadGenlib() skipped sequential cell "sg13g2_sdfbbp_1".
ABC: Scl_LibertyReadGenlib() skipped sequential cell "sg13g2_sdfrbp_1".
ABC: Scl_LibertyReadGenlib() skipped sequential cell "sg13g2_sdfrbp_2".
ABC: Scl_LibertyReadGenlib() skipped sequential cell "sg13g2_sdfrbpq_1".
ABC: Scl_LibertyReadGenlib() skipped sequential cell "sg13g2_sdfrbpq_2".
ABC: Scl_LibertyReadGenlib() skipped cell "sg13g2_sighold" due to dont_use attribute.
ABC: Scl_LibertyReadGenlib() skipped cell "sg13g2_slgcp_1" due to dont_use attribute.
ABC: Library "sg13g2_stdcell_typ_1p20V_25C" from "/home/matthias/.ciel/ihp-sg13g2/ihp-sg13g2/libs.ref/sg13g2_stdcell/lib/sg13g2_stdcell_typ_1p20V_25C.lib" has 54 cells (30 skipped: 14 seq; 6 tri-state; 0 no func; 10 dont_use; 0 with 2 outputs; 0 with 3+ outputs).  Time =     0.01 sec
ABC: Memory =    2.85 MB. Time =     0.01 sec
ABC: + strash 
ABC: + &get -n 
ABC: + &fraig -x 
ABC: + &put 
ABC: + scorr 
ABC: Warning: The network is combinational (run "fraig" or "fraig_sweep").
ABC: + dc2 
ABC: + dretime 
ABC: + strash 
ABC: + &get -n 
ABC: + &dch -f 
ABC: + &nf 
ABC: + &put 
ABC: + write_blif <abc-temp-dir>/output.blif 

5.1.2. Re-integrating ABC results.
ABC RESULTS:     sg13g2_a21o_1 cells:        9
ABC RESULTS:    sg13g2_a21oi_1 cells:      224
ABC RESULTS:   sg13g2_a221oi_1 cells:       73
ABC RESULTS:    sg13g2_a22oi_1 cells:      248
ABC RESULTS:     sg13g2_and2_1 cells:       62
ABC RESULTS:     sg13g2_and3_1 cells:        8
ABC RESULTS:      sg13g2_inv_1 cells:      125
ABC RESULTS:     sg13g2_mux2_1 cells:      583
ABC RESULTS:    sg13g2_nand2_1 cells:      141
ABC RESULTS:   sg13g2_nand2b_1 cells:       68
ABC RESULTS:    sg13g2_nand3_1 cells:       84
ABC RESULTS:   sg13g2_nand3b_1 cells:        7
ABC RESULTS:     sg13g2_nor2_1 cells:       54
ABC RESULTS:    sg13g2_nor2b_1 cells:      151
ABC RESULTS:     sg13g2_nor3_1 cells:      144
ABC RESULTS:    sg13g2_o21ai_1 cells:      232
ABC RESULTS:      sg13g2_or2_1 cells:       29
ABC RESULTS:      sg13g2_or3_1 cells:       21
ABC RESULTS:    sg13g2_xnor2_1 cells:      262
ABC RESULTS:     sg13g2_xor2_1 cells:       49
ABC RESULTS:        internal signals:     2697
ABC RESULTS:           input signals:      482
ABC RESULTS:          output signals:      576
Removing temp directory.
Removing global temp directory.

6. Executing OPT_CLEAN pass (remove unused cells and wires).
Finding unused cells or wires in module \pe16_row8..
Removed 0 unused cells and 3634 unused wires.
<suppressed ~9 debug messages>

7. Printing statistics.

=== pe16_row8 ===

        +----------Local Count, excluding submodules.
        |        +-Local Area, excluding submodules.
        |        | 
     2612        - wires
     4236        - wire bits
      166        - public wires
     1790        - public wire bits
       16        - ports
      187        - port bits
     3022 5.25E+04 cells
        9  114.307   sg13g2_a21o_1
      224 2.03E+03   sg13g2_a21oi_1
       73  1059.61   sg13g2_a221oi_1
      248 2.69E+03   sg13g2_a22oi_1
       62  562.464   sg13g2_and2_1
        8  101.606   sg13g2_and3_1
      448 2.19E+04   sg13g2_dfrbpq_1
      125    680.4   sg13g2_inv_1
      583 1.06E+04   sg13g2_mux2_1
      141 1.02E+03   sg13g2_nand2_1
       68  616.896   sg13g2_nand2b_1
       84  762.048   sg13g2_nand3_1
        7   88.906   sg13g2_nand3b_1
       54   391.91   sg13g2_nor2_1
      151 1.37E+03   sg13g2_nor2b_1
      144 1.31E+03   sg13g2_nor3_1
      232  2.1E+03   sg13g2_o21ai_1
       29  263.088   sg13g2_or2_1
       21  266.717   sg13g2_or3_1
      262  3.8E+03   sg13g2_xnor2_1
       49  711.245   sg13g2_xor2_1

   Chip area for module '\pe16_row8': 52473.960000
     of which used for sequential elements: 21946.982400 (41.82%)

8. Executing Verilog backend.

8.1. Executing BMUXMAP pass.

8.2. Executing DEMUXMAP pass.
Dumping module `\pe16_row8'.

End of script. Logfile hash: 21e5c95cdd, CPU: user 0.58s system 0.05s, MEM: 36.77 MB peak
Yosys 0.62 (git sha1 7326bb7d6641500ecb285c291a54a662cb1e76cf, clang++ 21.1.2 -fPIC -O3)
Time spent: 57% 2x abc (0 sec), 9% 20x opt_clean (0 sec), ...
