
 /----------------------------------------------------------------------------\
 |  yosys -- Yosys Open SYnthesis Suite                                       |
 |  Copyright (C) 2012 - 2026  Claire Xenia Wolf <claire@yosyshq.com>         |
 |  Distributed under an ISC-like license, type "license" to see terms        |
 \----------------------------------------------------------------------------/
 Yosys 0.69+77 (git sha1 9ff27d29c-dirty, Release, Clang /usr/bin/clang++ 21.1.8)

-- Running command `read_verilog -sv rtl/pe16_row8.v; hierarchy -check -top pe16_row8; synth -top pe16_row8 -flatten ; dfflibmap -liberty /home/matthias/.ciel/ihp-sg13g2/ihp-sg13g2/libs.ref/sg13g2_stdcell/lib/sg13g2_stdcell_typ_1p20V_25C.lib; abc -liberty /home/matthias/.ciel/ihp-sg13g2/ihp-sg13g2/libs.ref/sg13g2_stdcell/lib/sg13g2_stdcell_typ_1p20V_25C.lib; opt_clean; tee -o reports/pe16_row8-y069.stat.txt stat -liberty /home/matthias/.ciel/ihp-sg13g2/ihp-sg13g2/libs.ref/sg13g2_stdcell/lib/sg13g2_stdcell_typ_1p20V_25C.lib; write_verilog -noattr /var/tmp/pe-synth/netlists/pe16_row8-y069.v' --

1. Executing Verilog-2005 frontend: rtl/pe16_row8.v
Parsing SystemVerilog input from `rtl/pe16_row8.v' to AST representation.
Generating RTLIL representation for module `\pe16_row8'.
Successfully finished Verilog frontend.

2. Executing HIERARCHY pass (managing design hierarchy).

2.1. Analyzing design hierarchy..
Top module:  \pe16_row8

2.2. Analyzing design hierarchy..
Top module:  \pe16_row8
Removed 0 unused modules.

3. Executing SYNTH pass.

3.1. Executing HIERARCHY pass (managing design hierarchy).

3.1.1. Analyzing design hierarchy..
Top module:  \pe16_row8

3.1.2. Analyzing design hierarchy..
Top module:  \pe16_row8
Removed 0 unused modules.

3.2. Executing PROC pass (convert processes to netlists).

3.2.1. Executing PROC_CLEAN pass (remove empty switches from decision trees).
Cleaned up 0 empty switches.

3.2.2. Executing PROC_RMDEAD pass (remove dead branches from decision trees).
Marked 1 switch rules as full_case in process $proc$rtl/pe16_row8.v:1013$180 in module pe16_row8.
Marked 1 switch rules as full_case in process $proc$rtl/pe16_row8.v:1004$179 in module pe16_row8.
Marked 1 switch rules as full_case in process $proc$rtl/pe16_row8.v:992$178 in module pe16_row8.
Marked 1 switch rules as full_case in process $proc$rtl/pe16_row8.v:933$157 in module pe16_row8.
Marked 1 switch rules as full_case in process $proc$rtl/pe16_row8.v:925$156 in module pe16_row8.
Marked 1 switch rules as full_case in process $proc$rtl/pe16_row8.v:913$155 in module pe16_row8.
Marked 1 switch rules as full_case in process $proc$rtl/pe16_row8.v:854$134 in module pe16_row8.
Marked 1 switch rules as full_case in process $proc$rtl/pe16_row8.v:846$133 in module pe16_row8.
Marked 1 switch rules as full_case in process $proc$rtl/pe16_row8.v:834$132 in module pe16_row8.
Marked 1 switch rules as full_case in process $proc$rtl/pe16_row8.v:775$111 in module pe16_row8.
Marked 1 switch rules as full_case in process $proc$rtl/pe16_row8.v:767$110 in module pe16_row8.
Marked 1 switch rules as full_case in process $proc$rtl/pe16_row8.v:755$109 in module pe16_row8.
Marked 1 switch rules as full_case in process $proc$rtl/pe16_row8.v:696$88 in module pe16_row8.
Marked 1 switch rules as full_case in process $proc$rtl/pe16_row8.v:688$87 in module pe16_row8.
Marked 1 switch rules as full_case in process $proc$rtl/pe16_row8.v:676$86 in module pe16_row8.
Marked 1 switch rules as full_case in process $proc$rtl/pe16_row8.v:617$65 in module pe16_row8.
Marked 1 switch rules as full_case in process $proc$rtl/pe16_row8.v:609$64 in module pe16_row8.
Marked 1 switch rules as full_case in process $proc$rtl/pe16_row8.v:597$63 in module pe16_row8.
Marked 1 switch rules as full_case in process $proc$rtl/pe16_row8.v:538$42 in module pe16_row8.
Marked 1 switch rules as full_case in process $proc$rtl/pe16_row8.v:530$41 in module pe16_row8.
Marked 1 switch rules as full_case in process $proc$rtl/pe16_row8.v:518$40 in module pe16_row8.
Marked 1 switch rules as full_case in process $proc$rtl/pe16_row8.v:458$19 in module pe16_row8.
Marked 1 switch rules as full_case in process $proc$rtl/pe16_row8.v:450$18 in module pe16_row8.
Marked 1 switch rules as full_case in process $proc$rtl/pe16_row8.v:438$17 in module pe16_row8.
Removed a total of 0 dead cases.

3.2.3. Executing PROC_PRUNE pass (remove redundant assignments in processes).
Removed 16 redundant assignments.
Promoted 0 assignments to connections.

3.2.4. Executing PROC_INIT pass (extract init attributes).

3.2.5. Executing PROC_ARST pass (detect async resets in processes).

3.2.6. Executing PROC_ROM pass (convert switches to ROMs).
Converted 0 switches.
<suppressed ~56 debug messages>

3.2.7. Executing PROC_MUX pass (convert decision trees to multiplexers).
Creating decoders for process `\pe16_row8.$proc$rtl/pe16_row8.v:1027$183'.
     1/1: $0\_33[7:0]
Creating decoders for process `\pe16_row8.$proc$rtl/pe16_row8.v:1023$182'.
     1/1: $0\_30[7:0]
Creating decoders for process `\pe16_row8.$proc$rtl/pe16_row8.v:1019$181'.
     1/1: $0\_27[7:0]
Creating decoders for process `\pe16_row8.$proc$rtl/pe16_row8.v:1013$180'.
     1/1: $0\_100[15:0]
Creating decoders for process `\pe16_row8.$proc$rtl/pe16_row8.v:1004$179'.
     1/1: $0\_495[15:0]
Creating decoders for process `\pe16_row8.$proc$rtl/pe16_row8.v:992$178'.
     1/1: $0\_491[15:0]
Creating decoders for process `\pe16_row8.$proc$rtl/pe16_row8.v:947$160'.
     1/1: $0\_42[7:0]
Creating decoders for process `\pe16_row8.$proc$rtl/pe16_row8.v:943$159'.
     1/1: $0\_39[7:0]
Creating decoders for process `\pe16_row8.$proc$rtl/pe16_row8.v:939$158'.
     1/1: $0\_36[7:0]
Creating decoders for process `\pe16_row8.$proc$rtl/pe16_row8.v:933$157'.
     1/1: $0\_103[15:0]
Creating decoders for process `\pe16_row8.$proc$rtl/pe16_row8.v:925$156'.
     1/1: $0\_448[15:0]
Creating decoders for process `\pe16_row8.$proc$rtl/pe16_row8.v:913$155'.
     1/1: $0\_444[15:0]
Creating decoders for process `\pe16_row8.$proc$rtl/pe16_row8.v:868$137'.
     1/1: $0\_51[7:0]
Creating decoders for process `\pe16_row8.$proc$rtl/pe16_row8.v:864$136'.
     1/1: $0\_48[7:0]
Creating decoders for process `\pe16_row8.$proc$rtl/pe16_row8.v:860$135'.
     1/1: $0\_45[7:0]
Creating decoders for process `\pe16_row8.$proc$rtl/pe16_row8.v:854$134'.
     1/1: $0\_106[15:0]
Creating decoders for process `\pe16_row8.$proc$rtl/pe16_row8.v:846$133'.
     1/1: $0\_401[15:0]
Creating decoders for process `\pe16_row8.$proc$rtl/pe16_row8.v:834$132'.
     1/1: $0\_397[15:0]
Creating decoders for process `\pe16_row8.$proc$rtl/pe16_row8.v:789$114'.
     1/1: $0\_60[7:0]
Creating decoders for process `\pe16_row8.$proc$rtl/pe16_row8.v:785$113'.
     1/1: $0\_57[7:0]
Creating decoders for process `\pe16_row8.$proc$rtl/pe16_row8.v:781$112'.
     1/1: $0\_54[7:0]
Creating decoders for process `\pe16_row8.$proc$rtl/pe16_row8.v:775$111'.
     1/1: $0\_109[15:0]
Creating decoders for process `\pe16_row8.$proc$rtl/pe16_row8.v:767$110'.
     1/1: $0\_354[15:0]
Creating decoders for process `\pe16_row8.$proc$rtl/pe16_row8.v:755$109'.
     1/1: $0\_350[15:0]
Creating decoders for process `\pe16_row8.$proc$rtl/pe16_row8.v:710$91'.
     1/1: $0\_69[7:0]
Creating decoders for process `\pe16_row8.$proc$rtl/pe16_row8.v:706$90'.
     1/1: $0\_66[7:0]
Creating decoders for process `\pe16_row8.$proc$rtl/pe16_row8.v:702$89'.
     1/1: $0\_63[7:0]
Creating decoders for process `\pe16_row8.$proc$rtl/pe16_row8.v:696$88'.
     1/1: $0\_112[15:0]
Creating decoders for process `\pe16_row8.$proc$rtl/pe16_row8.v:688$87'.
     1/1: $0\_307[15:0]
Creating decoders for process `\pe16_row8.$proc$rtl/pe16_row8.v:676$86'.
     1/1: $0\_303[15:0]
Creating decoders for process `\pe16_row8.$proc$rtl/pe16_row8.v:631$68'.
     1/1: $0\_78[7:0]
Creating decoders for process `\pe16_row8.$proc$rtl/pe16_row8.v:627$67'.
     1/1: $0\_75[7:0]
Creating decoders for process `\pe16_row8.$proc$rtl/pe16_row8.v:623$66'.
     1/1: $0\_72[7:0]
Creating decoders for process `\pe16_row8.$proc$rtl/pe16_row8.v:617$65'.
     1/1: $0\_115[15:0]
Creating decoders for process `\pe16_row8.$proc$rtl/pe16_row8.v:609$64'.
     1/1: $0\_260[15:0]
Creating decoders for process `\pe16_row8.$proc$rtl/pe16_row8.v:597$63'.
     1/1: $0\_256[15:0]
Creating decoders for process `\pe16_row8.$proc$rtl/pe16_row8.v:552$45'.
     1/1: $0\_87[7:0]
Creating decoders for process `\pe16_row8.$proc$rtl/pe16_row8.v:548$44'.
     1/1: $0\_84[7:0]
Creating decoders for process `\pe16_row8.$proc$rtl/pe16_row8.v:544$43'.
     1/1: $0\_81[7:0]
Creating decoders for process `\pe16_row8.$proc$rtl/pe16_row8.v:538$42'.
     1/1: $0\_118[15:0]
Creating decoders for process `\pe16_row8.$proc$rtl/pe16_row8.v:530$41'.
     1/1: $0\_213[15:0]
Creating decoders for process `\pe16_row8.$proc$rtl/pe16_row8.v:518$40'.
     1/1: $0\_209[15:0]
Creating decoders for process `\pe16_row8.$proc$rtl/pe16_row8.v:473$22'.
     1/1: $0\_96[7:0]
Creating decoders for process `\pe16_row8.$proc$rtl/pe16_row8.v:469$21'.
     1/1: $0\_93[7:0]
Creating decoders for process `\pe16_row8.$proc$rtl/pe16_row8.v:465$20'.
     1/1: $0\_90[7:0]
Creating decoders for process `\pe16_row8.$proc$rtl/pe16_row8.v:458$19'.
     1/1: $0\_121[15:0]
Creating decoders for process `\pe16_row8.$proc$rtl/pe16_row8.v:450$18'.
     1/1: $0\_166[15:0]
Creating decoders for process `\pe16_row8.$proc$rtl/pe16_row8.v:438$17'.
     1/1: $0\_162[15:0]

3.2.8. Executing PROC_DLATCH pass (convert process syncs to latches).
No latch inferred for signal `\pe16_row8.\_491' from process `\pe16_row8.$proc$rtl/pe16_row8.v:992$178'.
No latch inferred for signal `\pe16_row8.\_444' from process `\pe16_row8.$proc$rtl/pe16_row8.v:913$155'.
No latch inferred for signal `\pe16_row8.\_397' from process `\pe16_row8.$proc$rtl/pe16_row8.v:834$132'.
No latch inferred for signal `\pe16_row8.\_350' from process `\pe16_row8.$proc$rtl/pe16_row8.v:755$109'.
No latch inferred for signal `\pe16_row8.\_303' from process `\pe16_row8.$proc$rtl/pe16_row8.v:676$86'.
No latch inferred for signal `\pe16_row8.\_256' from process `\pe16_row8.$proc$rtl/pe16_row8.v:597$63'.
No latch inferred for signal `\pe16_row8.\_209' from process `\pe16_row8.$proc$rtl/pe16_row8.v:518$40'.
No latch inferred for signal `\pe16_row8.\_162' from process `\pe16_row8.$proc$rtl/pe16_row8.v:438$17'.

3.2.9. Executing PROC_DFF pass (convert process syncs to FFs).
Creating register for signal `\pe16_row8.\_33' using process `\pe16_row8.$proc$rtl/pe16_row8.v:1027$183'.
  created $dff cell `$procdff$337' with positive edge clock.
Creating register for signal `\pe16_row8.\_30' using process `\pe16_row8.$proc$rtl/pe16_row8.v:1023$182'.
  created $dff cell `$procdff$338' with positive edge clock.
Creating register for signal `\pe16_row8.\_27' using process `\pe16_row8.$proc$rtl/pe16_row8.v:1019$181'.
  created $dff cell `$procdff$339' with positive edge clock.
Creating register for signal `\pe16_row8.\_100' using process `\pe16_row8.$proc$rtl/pe16_row8.v:1013$180'.
  created $dff cell `$procdff$340' with positive edge clock.
Creating register for signal `\pe16_row8.\_495' using process `\pe16_row8.$proc$rtl/pe16_row8.v:1004$179'.
  created $dff cell `$procdff$341' with positive edge clock.
Creating register for signal `\pe16_row8.\_42' using process `\pe16_row8.$proc$rtl/pe16_row8.v:947$160'.
  created $dff cell `$procdff$342' with positive edge clock.
Creating register for signal `\pe16_row8.\_39' using process `\pe16_row8.$proc$rtl/pe16_row8.v:943$159'.
  created $dff cell `$procdff$343' with positive edge clock.
Creating register for signal `\pe16_row8.\_36' using process `\pe16_row8.$proc$rtl/pe16_row8.v:939$158'.
  created $dff cell `$procdff$344' with positive edge clock.
Creating register for signal `\pe16_row8.\_103' using process `\pe16_row8.$proc$rtl/pe16_row8.v:933$157'.
  created $dff cell `$procdff$345' with positive edge clock.
Creating register for signal `\pe16_row8.\_448' using process `\pe16_row8.$proc$rtl/pe16_row8.v:925$156'.
  created $dff cell `$procdff$346' with positive edge clock.
Creating register for signal `\pe16_row8.\_51' using process `\pe16_row8.$proc$rtl/pe16_row8.v:868$137'.
  created $dff cell `$procdff$347' with positive edge clock.
Creating register for signal `\pe16_row8.\_48' using process `\pe16_row8.$proc$rtl/pe16_row8.v:864$136'.
  created $dff cell `$procdff$348' with positive edge clock.
Creating register for signal `\pe16_row8.\_45' using process `\pe16_row8.$proc$rtl/pe16_row8.v:860$135'.
  created $dff cell `$procdff$349' with positive edge clock.
Creating register for signal `\pe16_row8.\_106' using process `\pe16_row8.$proc$rtl/pe16_row8.v:854$134'.
  created $dff cell `$procdff$350' with positive edge clock.
Creating register for signal `\pe16_row8.\_401' using process `\pe16_row8.$proc$rtl/pe16_row8.v:846$133'.
  created $dff cell `$procdff$351' with positive edge clock.
Creating register for signal `\pe16_row8.\_60' using process `\pe16_row8.$proc$rtl/pe16_row8.v:789$114'.
  created $dff cell `$procdff$352' with positive edge clock.
Creating register for signal `\pe16_row8.\_57' using process `\pe16_row8.$proc$rtl/pe16_row8.v:785$113'.
  created $dff cell `$procdff$353' with positive edge clock.
Creating register for signal `\pe16_row8.\_54' using process `\pe16_row8.$proc$rtl/pe16_row8.v:781$112'.
  created $dff cell `$procdff$354' with positive edge clock.
Creating register for signal `\pe16_row8.\_109' using process `\pe16_row8.$proc$rtl/pe16_row8.v:775$111'.
  created $dff cell `$procdff$355' with positive edge clock.
Creating register for signal `\pe16_row8.\_354' using process `\pe16_row8.$proc$rtl/pe16_row8.v:767$110'.
  created $dff cell `$procdff$356' with positive edge clock.
Creating register for signal `\pe16_row8.\_69' using process `\pe16_row8.$proc$rtl/pe16_row8.v:710$91'.
  created $dff cell `$procdff$357' with positive edge clock.
Creating register for signal `\pe16_row8.\_66' using process `\pe16_row8.$proc$rtl/pe16_row8.v:706$90'.
  created $dff cell `$procdff$358' with positive edge clock.
Creating register for signal `\pe16_row8.\_63' using process `\pe16_row8.$proc$rtl/pe16_row8.v:702$89'.
  created $dff cell `$procdff$359' with positive edge clock.
Creating register for signal `\pe16_row8.\_112' using process `\pe16_row8.$proc$rtl/pe16_row8.v:696$88'.
  created $dff cell `$procdff$360' with positive edge clock.
Creating register for signal `\pe16_row8.\_307' using process `\pe16_row8.$proc$rtl/pe16_row8.v:688$87'.
  created $dff cell `$procdff$361' with positive edge clock.
Creating register for signal `\pe16_row8.\_78' using process `\pe16_row8.$proc$rtl/pe16_row8.v:631$68'.
  created $dff cell `$procdff$362' with positive edge clock.
Creating register for signal `\pe16_row8.\_75' using process `\pe16_row8.$proc$rtl/pe16_row8.v:627$67'.
  created $dff cell `$procdff$363' with positive edge clock.
Creating register for signal `\pe16_row8.\_72' using process `\pe16_row8.$proc$rtl/pe16_row8.v:623$66'.
  created $dff cell `$procdff$364' with positive edge clock.
Creating register for signal `\pe16_row8.\_115' using process `\pe16_row8.$proc$rtl/pe16_row8.v:617$65'.
  created $dff cell `$procdff$365' with positive edge clock.
Creating register for signal `\pe16_row8.\_260' using process `\pe16_row8.$proc$rtl/pe16_row8.v:609$64'.
  created $dff cell `$procdff$366' with positive edge clock.
Creating register for signal `\pe16_row8.\_87' using process `\pe16_row8.$proc$rtl/pe16_row8.v:552$45'.
  created $dff cell `$procdff$367' with positive edge clock.
Creating register for signal `\pe16_row8.\_84' using process `\pe16_row8.$proc$rtl/pe16_row8.v:548$44'.
  created $dff cell `$procdff$368' with positive edge clock.
Creating register for signal `\pe16_row8.\_81' using process `\pe16_row8.$proc$rtl/pe16_row8.v:544$43'.
  created $dff cell `$procdff$369' with positive edge clock.
Creating register for signal `\pe16_row8.\_118' using process `\pe16_row8.$proc$rtl/pe16_row8.v:538$42'.
  created $dff cell `$procdff$370' with positive edge clock.
Creating register for signal `\pe16_row8.\_213' using process `\pe16_row8.$proc$rtl/pe16_row8.v:530$41'.
  created $dff cell `$procdff$371' with positive edge clock.
Creating register for signal `\pe16_row8.\_96' using process `\pe16_row8.$proc$rtl/pe16_row8.v:473$22'.
  created $dff cell `$procdff$372' with positive edge clock.
Creating register for signal `\pe16_row8.\_93' using process `\pe16_row8.$proc$rtl/pe16_row8.v:469$21'.
  created $dff cell `$procdff$373' with positive edge clock.
Creating register for signal `\pe16_row8.\_90' using process `\pe16_row8.$proc$rtl/pe16_row8.v:465$20'.
  created $dff cell `$procdff$374' with positive edge clock.
Creating register for signal `\pe16_row8.\_121' using process `\pe16_row8.$proc$rtl/pe16_row8.v:458$19'.
  created $dff cell `$procdff$375' with positive edge clock.
Creating register for signal `\pe16_row8.\_166' using process `\pe16_row8.$proc$rtl/pe16_row8.v:450$18'.
  created $dff cell `$procdff$376' with positive edge clock.

3.2.10. Executing PROC_MEMWR pass (convert process memory writes to cells).

3.2.11. Executing PROC_CLEAN pass (remove empty switches from decision trees).
Found and cleaned up 1 empty switch in `\pe16_row8.$proc$rtl/pe16_row8.v:1027$183'.
Removing empty process `pe16_row8.$proc$rtl/pe16_row8.v:1027$183'.
Found and cleaned up 1 empty switch in `\pe16_row8.$proc$rtl/pe16_row8.v:1023$182'.
Removing empty process `pe16_row8.$proc$rtl/pe16_row8.v:1023$182'.
Found and cleaned up 1 empty switch in `\pe16_row8.$proc$rtl/pe16_row8.v:1019$181'.
Removing empty process `pe16_row8.$proc$rtl/pe16_row8.v:1019$181'.
Found and cleaned up 1 empty switch in `\pe16_row8.$proc$rtl/pe16_row8.v:1013$180'.
Removing empty process `pe16_row8.$proc$rtl/pe16_row8.v:1013$180'.
Found and cleaned up 2 empty switches in `\pe16_row8.$proc$rtl/pe16_row8.v:1004$179'.
Removing empty process `pe16_row8.$proc$rtl/pe16_row8.v:1004$179'.
Found and cleaned up 1 empty switch in `\pe16_row8.$proc$rtl/pe16_row8.v:992$178'.
Removing empty process `pe16_row8.$proc$rtl/pe16_row8.v:992$178'.
Found and cleaned up 1 empty switch in `\pe16_row8.$proc$rtl/pe16_row8.v:947$160'.
Removing empty process `pe16_row8.$proc$rtl/pe16_row8.v:947$160'.
Found and cleaned up 1 empty switch in `\pe16_row8.$proc$rtl/pe16_row8.v:943$159'.
Removing empty process `pe16_row8.$proc$rtl/pe16_row8.v:943$159'.
Found and cleaned up 1 empty switch in `\pe16_row8.$proc$rtl/pe16_row8.v:939$158'.
Removing empty process `pe16_row8.$proc$rtl/pe16_row8.v:939$158'.
Found and cleaned up 1 empty switch in `\pe16_row8.$proc$rtl/pe16_row8.v:933$157'.
Removing empty process `pe16_row8.$proc$rtl/pe16_row8.v:933$157'.
Found and cleaned up 2 empty switches in `\pe16_row8.$proc$rtl/pe16_row8.v:925$156'.
Removing empty process `pe16_row8.$proc$rtl/pe16_row8.v:925$156'.
Found and cleaned up 1 empty switch in `\pe16_row8.$proc$rtl/pe16_row8.v:913$155'.
Removing empty process `pe16_row8.$proc$rtl/pe16_row8.v:913$155'.
Found and cleaned up 1 empty switch in `\pe16_row8.$proc$rtl/pe16_row8.v:868$137'.
Removing empty process `pe16_row8.$proc$rtl/pe16_row8.v:868$137'.
Found and cleaned up 1 empty switch in `\pe16_row8.$proc$rtl/pe16_row8.v:864$136'.
Removing empty process `pe16_row8.$proc$rtl/pe16_row8.v:864$136'.
Found and cleaned up 1 empty switch in `\pe16_row8.$proc$rtl/pe16_row8.v:860$135'.
Removing empty process `pe16_row8.$proc$rtl/pe16_row8.v:860$135'.
Found and cleaned up 1 empty switch in `\pe16_row8.$proc$rtl/pe16_row8.v:854$134'.
Removing empty process `pe16_row8.$proc$rtl/pe16_row8.v:854$134'.
Found and cleaned up 2 empty switches in `\pe16_row8.$proc$rtl/pe16_row8.v:846$133'.
Removing empty process `pe16_row8.$proc$rtl/pe16_row8.v:846$133'.
Found and cleaned up 1 empty switch in `\pe16_row8.$proc$rtl/pe16_row8.v:834$132'.
Removing empty process `pe16_row8.$proc$rtl/pe16_row8.v:834$132'.
Found and cleaned up 1 empty switch in `\pe16_row8.$proc$rtl/pe16_row8.v:789$114'.
Removing empty process `pe16_row8.$proc$rtl/pe16_row8.v:789$114'.
Found and cleaned up 1 empty switch in `\pe16_row8.$proc$rtl/pe16_row8.v:785$113'.
Removing empty process `pe16_row8.$proc$rtl/pe16_row8.v:785$113'.
Found and cleaned up 1 empty switch in `\pe16_row8.$proc$rtl/pe16_row8.v:781$112'.
Removing empty process `pe16_row8.$proc$rtl/pe16_row8.v:781$112'.
Found and cleaned up 1 empty switch in `\pe16_row8.$proc$rtl/pe16_row8.v:775$111'.
Removing empty process `pe16_row8.$proc$rtl/pe16_row8.v:775$111'.
Found and cleaned up 2 empty switches in `\pe16_row8.$proc$rtl/pe16_row8.v:767$110'.
Removing empty process `pe16_row8.$proc$rtl/pe16_row8.v:767$110'.
Found and cleaned up 1 empty switch in `\pe16_row8.$proc$rtl/pe16_row8.v:755$109'.
Removing empty process `pe16_row8.$proc$rtl/pe16_row8.v:755$109'.
Found and cleaned up 1 empty switch in `\pe16_row8.$proc$rtl/pe16_row8.v:710$91'.
Removing empty process `pe16_row8.$proc$rtl/pe16_row8.v:710$91'.
Found and cleaned up 1 empty switch in `\pe16_row8.$proc$rtl/pe16_row8.v:706$90'.
Removing empty process `pe16_row8.$proc$rtl/pe16_row8.v:706$90'.
Found and cleaned up 1 empty switch in `\pe16_row8.$proc$rtl/pe16_row8.v:702$89'.
Removing empty process `pe16_row8.$proc$rtl/pe16_row8.v:702$89'.
Found and cleaned up 1 empty switch in `\pe16_row8.$proc$rtl/pe16_row8.v:696$88'.
Removing empty process `pe16_row8.$proc$rtl/pe16_row8.v:696$88'.
Found and cleaned up 2 empty switches in `\pe16_row8.$proc$rtl/pe16_row8.v:688$87'.
Removing empty process `pe16_row8.$proc$rtl/pe16_row8.v:688$87'.
Found and cleaned up 1 empty switch in `\pe16_row8.$proc$rtl/pe16_row8.v:676$86'.
Removing empty process `pe16_row8.$proc$rtl/pe16_row8.v:676$86'.
Found and cleaned up 1 empty switch in `\pe16_row8.$proc$rtl/pe16_row8.v:631$68'.
Removing empty process `pe16_row8.$proc$rtl/pe16_row8.v:631$68'.
Found and cleaned up 1 empty switch in `\pe16_row8.$proc$rtl/pe16_row8.v:627$67'.
Removing empty process `pe16_row8.$proc$rtl/pe16_row8.v:627$67'.
Found and cleaned up 1 empty switch in `\pe16_row8.$proc$rtl/pe16_row8.v:623$66'.
Removing empty process `pe16_row8.$proc$rtl/pe16_row8.v:623$66'.
Found and cleaned up 1 empty switch in `\pe16_row8.$proc$rtl/pe16_row8.v:617$65'.
Removing empty process `pe16_row8.$proc$rtl/pe16_row8.v:617$65'.
Found and cleaned up 2 empty switches in `\pe16_row8.$proc$rtl/pe16_row8.v:609$64'.
Removing empty process `pe16_row8.$proc$rtl/pe16_row8.v:609$64'.
Found and cleaned up 1 empty switch in `\pe16_row8.$proc$rtl/pe16_row8.v:597$63'.
Removing empty process `pe16_row8.$proc$rtl/pe16_row8.v:597$63'.
Found and cleaned up 1 empty switch in `\pe16_row8.$proc$rtl/pe16_row8.v:552$45'.
Removing empty process `pe16_row8.$proc$rtl/pe16_row8.v:552$45'.
Found and cleaned up 1 empty switch in `\pe16_row8.$proc$rtl/pe16_row8.v:548$44'.
Removing empty process `pe16_row8.$proc$rtl/pe16_row8.v:548$44'.
Found and cleaned up 1 empty switch in `\pe16_row8.$proc$rtl/pe16_row8.v:544$43'.
Removing empty process `pe16_row8.$proc$rtl/pe16_row8.v:544$43'.
Found and cleaned up 1 empty switch in `\pe16_row8.$proc$rtl/pe16_row8.v:538$42'.
Removing empty process `pe16_row8.$proc$rtl/pe16_row8.v:538$42'.
Found and cleaned up 2 empty switches in `\pe16_row8.$proc$rtl/pe16_row8.v:530$41'.
Removing empty process `pe16_row8.$proc$rtl/pe16_row8.v:530$41'.
Found and cleaned up 1 empty switch in `\pe16_row8.$proc$rtl/pe16_row8.v:518$40'.
Removing empty process `pe16_row8.$proc$rtl/pe16_row8.v:518$40'.
Found and cleaned up 1 empty switch in `\pe16_row8.$proc$rtl/pe16_row8.v:473$22'.
Removing empty process `pe16_row8.$proc$rtl/pe16_row8.v:473$22'.
Found and cleaned up 1 empty switch in `\pe16_row8.$proc$rtl/pe16_row8.v:469$21'.
Removing empty process `pe16_row8.$proc$rtl/pe16_row8.v:469$21'.
Found and cleaned up 1 empty switch in `\pe16_row8.$proc$rtl/pe16_row8.v:465$20'.
Removing empty process `pe16_row8.$proc$rtl/pe16_row8.v:465$20'.
Found and cleaned up 1 empty switch in `\pe16_row8.$proc$rtl/pe16_row8.v:458$19'.
Removing empty process `pe16_row8.$proc$rtl/pe16_row8.v:458$19'.
Found and cleaned up 2 empty switches in `\pe16_row8.$proc$rtl/pe16_row8.v:450$18'.
Removing empty process `pe16_row8.$proc$rtl/pe16_row8.v:450$18'.
Found and cleaned up 1 empty switch in `\pe16_row8.$proc$rtl/pe16_row8.v:438$17'.
Removing empty process `pe16_row8.$proc$rtl/pe16_row8.v:438$17'.
Cleaned up 56 empty switches.

3.2.12. Executing OPT_EXPR pass (perform const folding).
Optimizing module pe16_row8.
<suppressed ~16 debug messages>

3.3. Executing CHECK pass (checking for obvious problems).
Checking module pe16_row8...
Found and reported 0 problems.

3.4. Executing FLATTEN pass (flatten design).

3.5. Executing OPT_EXPR pass (perform const folding).
Optimizing module pe16_row8.

3.6. Executing CHECK pass (checking for obvious problems).
Checking module pe16_row8...
Found and reported 0 problems.

3.7. Executing OPT_CLEAN pass (remove unused cells and wires).
Finding unused cells or wires in module \pe16_row8..
Removed 0 unused cells and 240 unused wires.
<suppressed ~1 debug messages>

3.8. Executing OPT pass (performing simple optimizations).

3.8.1. Executing OPT_EXPR pass (perform const folding).
Optimizing module pe16_row8.

3.8.2. Executing OPT_MERGE pass (detect identical cells).
Finding identical cells in module `\pe16_row8'.
Computing hashes of 256 cells of `\pe16_row8'.
Finding duplicate cells in `\pe16_row8'.
Computing hashes of 240 cells of `\pe16_row8'.
Finding duplicate cells in `\pe16_row8'.
<suppressed ~48 debug messages>
Removed a total of 16 cells.

3.8.3. Executing OPT_MUXTREE pass (detect dead branches in mux trees).
Running muxtree optimizer on module \pe16_row8..
  Creating internal representation of mux trees.
  Evaluating internal representation of mux trees.
  Analyzing evaluation results.
Removed 0 multiplexer ports.
<suppressed ~208 debug messages>

3.8.4. Executing OPT_REDUCE pass (consolidate $*mux and $reduce_* inputs).
  Optimizing cells in module \pe16_row8.
Performed a total of 0 changes.

3.8.5. Executing OPT_MERGE pass (detect identical cells).
Finding identical cells in module `\pe16_row8'.
Computing hashes of 240 cells of `\pe16_row8'.
Finding duplicate cells in `\pe16_row8'.
Computing hashes of 232 cells of `\pe16_row8'.
Finding duplicate cells in `\pe16_row8'.
Computing hashes of 224 cells of `\pe16_row8'.
Finding duplicate cells in `\pe16_row8'.
<suppressed ~48 debug messages>
Removed a total of 16 cells.

3.8.6. Executing OPT_DFF pass (perform DFF optimizations).

3.8.7. Executing OPT_CLEAN pass (remove unused cells and wires).
Finding unused cells or wires in module \pe16_row8..
Removed 0 unused cells and 8 unused wires.
<suppressed ~1 debug messages>

3.8.8. Executing OPT_EXPR pass (perform const folding).
Optimizing module pe16_row8.

3.8.9. Rerunning OPT passes. (Maybe there is more to do..)

3.8.10. Executing OPT_MUXTREE pass (detect dead branches in mux trees).
Running muxtree optimizer on module \pe16_row8..
  Creating internal representation of mux trees.
  Evaluating internal representation of mux trees.
  Analyzing evaluation results.
Removed 0 multiplexer ports.
<suppressed ~232 debug messages>

3.8.11. Executing OPT_REDUCE pass (consolidate $*mux and $reduce_* inputs).
  Optimizing cells in module \pe16_row8.
    New ctrl vector for $pmux cell $procmux$333: { $procmux$334_CMP $auto$opt_reduce.cc:137:opt_pmux$378 }
    New ctrl vector for $pmux cell $procmux$314: { $procmux$315_CMP $auto$opt_reduce.cc:137:opt_pmux$380 }
    New ctrl vector for $pmux cell $procmux$295: { $procmux$296_CMP $auto$opt_reduce.cc:137:opt_pmux$382 }
    New ctrl vector for $pmux cell $procmux$276: { $procmux$277_CMP $auto$opt_reduce.cc:137:opt_pmux$384 }
    New ctrl vector for $pmux cell $procmux$257: { $procmux$258_CMP $auto$opt_reduce.cc:137:opt_pmux$386 }
    New ctrl vector for $pmux cell $procmux$238: { $procmux$239_CMP $auto$opt_reduce.cc:137:opt_pmux$388 }
    New ctrl vector for $pmux cell $procmux$219: { $procmux$220_CMP $auto$opt_reduce.cc:137:opt_pmux$390 }
    New ctrl vector for $pmux cell $procmux$200: { $procmux$201_CMP $auto$opt_reduce.cc:137:opt_pmux$392 }
  Optimizing cells in module \pe16_row8.
Performed a total of 8 changes.

3.8.12. Executing OPT_MERGE pass (detect identical cells).
Finding identical cells in module `\pe16_row8'.
Computing hashes of 232 cells of `\pe16_row8'.
Finding duplicate cells in `\pe16_row8'.
Removed a total of 0 cells.

3.8.13. Executing OPT_DFF pass (perform DFF optimizations).

3.8.14. Executing OPT_CLEAN pass (remove unused cells and wires).
Finding unused cells or wires in module \pe16_row8..

3.8.15. Executing OPT_EXPR pass (perform const folding).
Optimizing module pe16_row8.

3.8.16. Rerunning OPT passes. (Maybe there is more to do..)

3.8.17. Executing OPT_MUXTREE pass (detect dead branches in mux trees).
Running muxtree optimizer on module \pe16_row8..
  Creating internal representation of mux trees.
  Evaluating internal representation of mux trees.
  Analyzing evaluation results.
Removed 0 multiplexer ports.
<suppressed ~192 debug messages>

3.8.18. Executing OPT_REDUCE pass (consolidate $*mux and $reduce_* inputs).
  Optimizing cells in module \pe16_row8.
Performed a total of 0 changes.

3.8.19. Executing OPT_MERGE pass (detect identical cells).
Finding identical cells in module `\pe16_row8'.
Computing hashes of 232 cells of `\pe16_row8'.
Finding duplicate cells in `\pe16_row8'.
Removed a total of 0 cells.

3.8.20. Executing OPT_DFF pass (perform DFF optimizations).

3.8.21. Executing OPT_CLEAN pass (remove unused cells and wires).
Finding unused cells or wires in module \pe16_row8..

3.8.22. Executing OPT_EXPR pass (perform const folding).
Optimizing module pe16_row8.

3.8.23. Finished fast OPT passes. (There is nothing left to do.)

3.9. Executing FSM pass (extract and optimize FSM).

3.9.1. Executing FSM_DETECT pass (finding FSMs in design).

3.9.2. Executing FSM_EXTRACT pass (extracting FSM from design).

3.9.3. Executing FSM_OPT pass (simple optimizations of FSMs).

3.9.4. Executing OPT_CLEAN pass (remove unused cells and wires).
Finding unused cells or wires in module \pe16_row8..

3.9.5. Executing FSM_OPT pass (simple optimizations of FSMs).

3.9.6. Executing FSM_RECODE pass (re-assigning FSM state encoding).

3.9.7. Executing FSM_INFO pass (dumping all available information on FSM cells).

3.9.8. Executing FSM_MAP pass (mapping FSMs to basic logic).

3.10. Executing OPT pass (performing simple optimizations).

3.10.1. Executing OPT_EXPR pass (perform const folding).
Optimizing module pe16_row8.

3.10.2. Executing OPT_MERGE pass (detect identical cells).
Finding identical cells in module `\pe16_row8'.
Computing hashes of 232 cells of `\pe16_row8'.
Finding duplicate cells in `\pe16_row8'.
Removed a total of 0 cells.

3.10.3. Executing OPT_MUXTREE pass (detect dead branches in mux trees).
Running muxtree optimizer on module \pe16_row8..
  Creating internal representation of mux trees.
  Evaluating internal representation of mux trees.
  Analyzing evaluation results.
Removed 0 multiplexer ports.
<suppressed ~192 debug messages>

3.10.4. Executing OPT_REDUCE pass (consolidate $*mux and $reduce_* inputs).
  Optimizing cells in module \pe16_row8.
Performed a total of 0 changes.

3.10.5. Executing OPT_MERGE pass (detect identical cells).
Finding identical cells in module `\pe16_row8'.
Computing hashes of 232 cells of `\pe16_row8'.
Finding duplicate cells in `\pe16_row8'.
Removed a total of 0 cells.

3.10.6. Executing OPT_DFF pass (perform DFF optimizations).
Adding EN signal on $procdff$353 ($dff) from module pe16_row8 (D = \_54, Q = \_57).
Adding SRST signal on $procdff$361 ($dff) from module pe16_row8 (D = $procmux$270_Y, Q = \_307, rval = 16'0000000000000000).
Adding EN signal on $auto$ff.cc:337:slice$394 ($sdff) from module pe16_row8 (D = \_303, Q = \_307).
Adding SRST signal on $procdff$345 ($dff) from module pe16_row8 (D = \_100, Q = \_103, rval = 16'0000000000000000).
Adding EN signal on $procdff$362 ($dff) from module pe16_row8 (D = \_75, Q = \_78).
Adding EN signal on $procdff$354 ($dff) from module pe16_row8 (D = \_51, Q = \_54).
Adding EN signal on $procdff$363 ($dff) from module pe16_row8 (D = \_72, Q = \_75).
Adding SRST signal on $procdff$346 ($dff) from module pe16_row8 (D = $procmux$213_Y, Q = \_448, rval = 16'0000000000000000).
Adding EN signal on $auto$ff.cc:337:slice$400 ($sdff) from module pe16_row8 (D = \_444, Q = \_448).
Adding EN signal on $procdff$364 ($dff) from module pe16_row8 (D = \_69, Q = \_72).
Adding SRST signal on $procdff$355 ($dff) from module pe16_row8 (D = \_106, Q = \_109, rval = 16'0000000000000000).
Adding SRST signal on $procdff$365 ($dff) from module pe16_row8 (D = \_112, Q = \_115, rval = 16'0000000000000000).
Adding EN signal on $procdff$347 ($dff) from module pe16_row8 (D = \_48, Q = \_51).
Adding SRST signal on $procdff$366 ($dff) from module pe16_row8 (D = $procmux$289_Y, Q = \_260, rval = 16'0000000000000000).
Adding EN signal on $auto$ff.cc:337:slice$406 ($sdff) from module pe16_row8 (D = \_256, Q = \_260).
Adding SRST signal on $procdff$356 ($dff) from module pe16_row8 (D = $procmux$251_Y, Q = \_354, rval = 16'0000000000000000).
Adding EN signal on $auto$ff.cc:337:slice$408 ($sdff) from module pe16_row8 (D = \_350, Q = \_354).
Adding EN signal on $procdff$367 ($dff) from module pe16_row8 (D = \_84, Q = \_87).
Adding EN signal on $procdff$348 ($dff) from module pe16_row8 (D = \_45, Q = \_48).
Adding EN signal on $procdff$368 ($dff) from module pe16_row8 (D = \_81, Q = \_84).
Adding EN signal on $procdff$357 ($dff) from module pe16_row8 (D = \_66, Q = \_69).
Adding EN signal on $procdff$369 ($dff) from module pe16_row8 (D = \_78, Q = \_81).
Adding EN signal on $procdff$349 ($dff) from module pe16_row8 (D = \_42, Q = \_45).
Adding SRST signal on $procdff$370 ($dff) from module pe16_row8 (D = \_115, Q = \_118, rval = 16'0000000000000000).
Adding EN signal on $procdff$358 ($dff) from module pe16_row8 (D = \_63, Q = \_66).
Adding SRST signal on $procdff$371 ($dff) from module pe16_row8 (D = $procmux$308_Y, Q = \_213, rval = 16'0000000000000000).
Adding EN signal on $auto$ff.cc:337:slice$418 ($sdff) from module pe16_row8 (D = \_209, Q = \_213).
Adding SRST signal on $procdff$350 ($dff) from module pe16_row8 (D = \_103, Q = \_106, rval = 16'0000000000000000).
Adding EN signal on $procdff$372 ($dff) from module pe16_row8 (D = \_93, Q = \_96).
Adding EN signal on $procdff$359 ($dff) from module pe16_row8 (D = \_60, Q = \_63).
Adding EN signal on $procdff$373 ($dff) from module pe16_row8 (D = \_90, Q = \_93).
Adding SRST signal on $procdff$351 ($dff) from module pe16_row8 (D = $procmux$232_Y, Q = \_401, rval = 16'0000000000000000).
Adding EN signal on $auto$ff.cc:337:slice$424 ($sdff) from module pe16_row8 (D = \_397, Q = \_401).
Adding EN signal on $procdff$374 ($dff) from module pe16_row8 (D = \_87, Q = \_90).
Adding SRST signal on $procdff$360 ($dff) from module pe16_row8 (D = \_109, Q = \_112, rval = 16'0000000000000000).
Adding SRST signal on $procdff$375 ($dff) from module pe16_row8 (D = \_118, Q = \_121, rval = 16'0000000000000000).
Adding EN signal on $procdff$352 ($dff) from module pe16_row8 (D = \_57, Q = \_60).
Adding SRST signal on $procdff$376 ($dff) from module pe16_row8 (D = $procmux$327_Y, Q = \_166, rval = 16'0000000000000000).
Adding EN signal on $auto$ff.cc:337:slice$430 ($sdff) from module pe16_row8 (D = \_162, Q = \_166).
Adding EN signal on $procdff$337 ($dff) from module pe16_row8 (D = \_30, Q = \_33).
Adding EN signal on $procdff$338 ($dff) from module pe16_row8 (D = \_27, Q = \_30).
Adding EN signal on $procdff$339 ($dff) from module pe16_row8 (D = \cfg_in, Q = \_27).
Adding SRST signal on $procdff$340 ($dff) from module pe16_row8 (D = \nbr_in, Q = \_100, rval = 16'0000000000000000).
Adding SRST signal on $procdff$341 ($dff) from module pe16_row8 (D = $procmux$194_Y, Q = \_495, rval = 16'0000000000000000).
Adding EN signal on $auto$ff.cc:337:slice$436 ($sdff) from module pe16_row8 (D = \_491, Q = \_495).
Adding EN signal on $procdff$342 ($dff) from module pe16_row8 (D = \_39, Q = \_42).
Adding EN signal on $procdff$343 ($dff) from module pe16_row8 (D = \_36, Q = \_39).
Adding EN signal on $procdff$344 ($dff) from module pe16_row8 (D = \_33, Q = \_36).

3.10.7. Executing OPT_CLEAN pass (remove unused cells and wires).
Finding unused cells or wires in module \pe16_row8..
Removed 48 unused cells and 48 unused wires.
<suppressed ~49 debug messages>

3.10.8. Executing OPT_EXPR pass (perform const folding).
Optimizing module pe16_row8.

3.10.9. Rerunning OPT passes. (Maybe there is more to do..)

3.10.10. Executing OPT_MUXTREE pass (detect dead branches in mux trees).
Running muxtree optimizer on module \pe16_row8..
  Creating internal representation of mux trees.
  Evaluating internal representation of mux trees.
  Analyzing evaluation results.
Removed 0 multiplexer ports.
<suppressed ~112 debug messages>

3.10.11. Executing OPT_REDUCE pass (consolidate $*mux and $reduce_* inputs).
  Optimizing cells in module \pe16_row8.
Performed a total of 0 changes.

3.10.12. Executing OPT_MERGE pass (detect identical cells).
Finding identical cells in module `\pe16_row8'.
Computing hashes of 184 cells of `\pe16_row8'.
Finding duplicate cells in `\pe16_row8'.
Removed a total of 0 cells.

3.10.13. Executing OPT_DFF pass (perform DFF optimizations).

3.10.14. Executing OPT_CLEAN pass (remove unused cells and wires).
Finding unused cells or wires in module \pe16_row8..

3.10.15. Executing OPT_EXPR pass (perform const folding).
Optimizing module pe16_row8.

3.10.16. Finished fast OPT passes. (There is nothing left to do.)

3.11. Executing WREDUCE pass (reducing word size of cells).
Removed top 16 bits (of 17) from port B of cell pe16_row8.$add$rtl/pe16_row8.v:433$14 ($add).
Removed top 16 bits (of 17) from port B of cell pe16_row8.$add$rtl/pe16_row8.v:513$37 ($add).
Removed top 16 bits (of 17) from port B of cell pe16_row8.$add$rtl/pe16_row8.v:592$60 ($add).
Removed top 16 bits (of 17) from port B of cell pe16_row8.$add$rtl/pe16_row8.v:671$83 ($add).
Removed top 16 bits (of 17) from port B of cell pe16_row8.$add$rtl/pe16_row8.v:750$106 ($add).
Removed top 16 bits (of 17) from port B of cell pe16_row8.$add$rtl/pe16_row8.v:829$129 ($add).
Removed top 16 bits (of 17) from port B of cell pe16_row8.$add$rtl/pe16_row8.v:908$152 ($add).
Removed top 16 bits (of 17) from port B of cell pe16_row8.$add$rtl/pe16_row8.v:987$175 ($add).
Removed top 1 bits (of 2) from port B of cell pe16_row8.$procmux$202_CMP0 ($eq).
Removed top 1 bits (of 2) from port B of cell pe16_row8.$procmux$221_CMP0 ($eq).
Removed top 1 bits (of 2) from port B of cell pe16_row8.$procmux$240_CMP0 ($eq).
Removed top 1 bits (of 2) from port B of cell pe16_row8.$procmux$259_CMP0 ($eq).
Removed top 1 bits (of 2) from port B of cell pe16_row8.$procmux$278_CMP0 ($eq).
Removed top 1 bits (of 2) from port B of cell pe16_row8.$procmux$297_CMP0 ($eq).
Removed top 1 bits (of 2) from port B of cell pe16_row8.$procmux$316_CMP0 ($eq).
Removed top 1 bits (of 2) from port B of cell pe16_row8.$procmux$335_CMP0 ($eq).

3.12. Executing PEEPOPT pass (run peephole optimizers).

3.13. Executing OPT_CLEAN pass (remove unused cells and wires).
Finding unused cells or wires in module \pe16_row8..

3.14. Executing ALUMACC pass (create $alu and $macc cells).
Extracting $alu and $macc cells in module pe16_row8:
  creating $macc model for $add$rtl/pe16_row8.v:987$175 ($add).
  creating $macc model for $add$rtl/pe16_row8.v:986$174 ($add).
  creating $macc model for $add$rtl/pe16_row8.v:908$152 ($add).
  creating $macc model for $add$rtl/pe16_row8.v:907$151 ($add).
  creating $macc model for $add$rtl/pe16_row8.v:829$129 ($add).
  creating $macc model for $add$rtl/pe16_row8.v:828$128 ($add).
  creating $macc model for $add$rtl/pe16_row8.v:750$106 ($add).
  creating $macc model for $add$rtl/pe16_row8.v:749$105 ($add).
  creating $macc model for $add$rtl/pe16_row8.v:671$83 ($add).
  creating $macc model for $add$rtl/pe16_row8.v:670$82 ($add).
  creating $macc model for $add$rtl/pe16_row8.v:592$60 ($add).
  creating $macc model for $add$rtl/pe16_row8.v:591$59 ($add).
  creating $macc model for $add$rtl/pe16_row8.v:513$37 ($add).
  creating $macc model for $add$rtl/pe16_row8.v:512$36 ($add).
  creating $macc model for $add$rtl/pe16_row8.v:433$14 ($add).
  creating $macc model for $add$rtl/pe16_row8.v:432$13 ($add).
  merging $macc model for $add$rtl/pe16_row8.v:432$13 into $add$rtl/pe16_row8.v:433$14.
  merging $macc model for $add$rtl/pe16_row8.v:512$36 into $add$rtl/pe16_row8.v:513$37.
  merging $macc model for $add$rtl/pe16_row8.v:591$59 into $add$rtl/pe16_row8.v:592$60.
  merging $macc model for $add$rtl/pe16_row8.v:670$82 into $add$rtl/pe16_row8.v:671$83.
  merging $macc model for $add$rtl/pe16_row8.v:749$105 into $add$rtl/pe16_row8.v:750$106.
  merging $macc model for $add$rtl/pe16_row8.v:828$128 into $add$rtl/pe16_row8.v:829$129.
  merging $macc model for $add$rtl/pe16_row8.v:907$151 into $add$rtl/pe16_row8.v:908$152.
  merging $macc model for $add$rtl/pe16_row8.v:986$174 into $add$rtl/pe16_row8.v:987$175.
  creating $alu model for $macc $add$rtl/pe16_row8.v:513$37.
  creating $alu model for $macc $add$rtl/pe16_row8.v:750$106.
  creating $alu model for $macc $add$rtl/pe16_row8.v:592$60.
  creating $alu model for $macc $add$rtl/pe16_row8.v:829$129.
  creating $alu model for $macc $add$rtl/pe16_row8.v:433$14.
  creating $alu model for $macc $add$rtl/pe16_row8.v:908$152.
  creating $alu model for $macc $add$rtl/pe16_row8.v:671$83.
  creating $alu model for $macc $add$rtl/pe16_row8.v:987$175.
  creating $alu cell for $add$rtl/pe16_row8.v:987$175: $auto$alumacc.cc:548:replace_alu$441
  creating $alu cell for $add$rtl/pe16_row8.v:671$83: $auto$alumacc.cc:548:replace_alu$444
  creating $alu cell for $add$rtl/pe16_row8.v:908$152: $auto$alumacc.cc:548:replace_alu$447
  creating $alu cell for $add$rtl/pe16_row8.v:433$14: $auto$alumacc.cc:548:replace_alu$450
  creating $alu cell for $add$rtl/pe16_row8.v:829$129: $auto$alumacc.cc:548:replace_alu$453
  creating $alu cell for $add$rtl/pe16_row8.v:592$60: $auto$alumacc.cc:548:replace_alu$456
  creating $alu cell for $add$rtl/pe16_row8.v:750$106: $auto$alumacc.cc:548:replace_alu$459
  creating $alu cell for $add$rtl/pe16_row8.v:513$37: $auto$alumacc.cc:548:replace_alu$462
  created 8 $alu and 0 $macc cells.

3.15. Executing SHARE pass (SAT-based resource sharing).

3.16. Executing OPT pass (performing simple optimizations).

3.16.1. Executing OPT_EXPR pass (perform const folding).
Optimizing module pe16_row8.

3.16.2. Executing OPT_MERGE pass (detect identical cells).
Finding identical cells in module `\pe16_row8'.
Computing hashes of 184 cells of `\pe16_row8'.
Finding duplicate cells in `\pe16_row8'.
Removed a total of 0 cells.

3.16.3. Executing OPT_MUXTREE pass (detect dead branches in mux trees).
Running muxtree optimizer on module \pe16_row8..
  Creating internal representation of mux trees.
  Evaluating internal representation of mux trees.
  Analyzing evaluation results.
Removed 0 multiplexer ports.
<suppressed ~112 debug messages>

3.16.4. Executing OPT_REDUCE pass (consolidate $*mux and $reduce_* inputs).
  Optimizing cells in module \pe16_row8.
Performed a total of 0 changes.

3.16.5. Executing OPT_MERGE pass (detect identical cells).
Finding identical cells in module `\pe16_row8'.
Computing hashes of 184 cells of `\pe16_row8'.
Finding duplicate cells in `\pe16_row8'.
Removed a total of 0 cells.

3.16.6. Executing OPT_DFF pass (perform DFF optimizations).

3.16.7. Executing OPT_CLEAN pass (remove unused cells and wires).
Finding unused cells or wires in module \pe16_row8..
Removed 8 unused cells and 8 unused wires.
<suppressed ~16 debug messages>

3.16.8. Executing OPT_EXPR pass (perform const folding).
Optimizing module pe16_row8.

3.16.9. Rerunning OPT passes. (Maybe there is more to do..)

3.16.10. Executing OPT_MUXTREE pass (detect dead branches in mux trees).
Running muxtree optimizer on module \pe16_row8..
  Creating internal representation of mux trees.
  Evaluating internal representation of mux trees.
  Analyzing evaluation results.
Removed 0 multiplexer ports.
<suppressed ~112 debug messages>

3.16.11. Executing OPT_REDUCE pass (consolidate $*mux and $reduce_* inputs).
  Optimizing cells in module \pe16_row8.
Performed a total of 0 changes.

3.16.12. Executing OPT_MERGE pass (detect identical cells).
Finding identical cells in module `\pe16_row8'.
Computing hashes of 176 cells of `\pe16_row8'.
Finding duplicate cells in `\pe16_row8'.
Removed a total of 0 cells.

3.16.13. Executing OPT_DFF pass (perform DFF optimizations).

3.16.14. Executing OPT_CLEAN pass (remove unused cells and wires).
Finding unused cells or wires in module \pe16_row8..

3.16.15. Executing OPT_EXPR pass (perform const folding).
Optimizing module pe16_row8.

3.16.16. Finished fast OPT passes. (There is nothing left to do.)

3.17. Executing MEMORY pass.

3.17.1. Executing OPT_MEM pass (optimize memories).
Performed a total of 0 transformations.

3.17.2. Executing OPT_MEM_PRIORITY pass (removing unnecessary memory write priority relations).
Performed a total of 0 transformations.

3.17.3. Executing OPT_MEM_FEEDBACK pass (finding memory read-to-write feedback paths).

3.17.4. Executing MEMORY_BMUX2ROM pass (converting muxes to ROMs).

3.17.5. Executing MEMORY_DFF pass (merging $dff cells to $memrd).

3.17.6. Executing OPT_CLEAN pass (remove unused cells and wires).
Finding unused cells or wires in module \pe16_row8..

3.17.7. Executing MEMORY_SHARE pass (consolidating $memrd/$memwr cells).

3.17.8. Executing OPT_MEM_WIDEN pass (optimize memories where all ports are wide).
Performed a total of 0 transformations.

3.17.9. Executing OPT_CLEAN pass (remove unused cells and wires).
Finding unused cells or wires in module \pe16_row8..

3.17.10. Executing MEMORY_COLLECT pass (generating $mem cells).

3.18. Executing OPT_CLEAN pass (remove unused cells and wires).
Finding unused cells or wires in module \pe16_row8..

3.19. Executing OPT pass (performing simple optimizations).

3.19.1. Executing OPT_EXPR pass (perform const folding).
Optimizing module pe16_row8.
<suppressed ~24 debug messages>

3.19.2. Executing OPT_MERGE pass (detect identical cells).
Finding identical cells in module `\pe16_row8'.
Computing hashes of 176 cells of `\pe16_row8'.
Finding duplicate cells in `\pe16_row8'.
Removed a total of 0 cells.

3.19.3. Executing OPT_DFF pass (perform DFF optimizations).

3.19.4. Executing OPT_CLEAN pass (remove unused cells and wires).
Finding unused cells or wires in module \pe16_row8..
Removed 0 unused cells and 8 unused wires.
<suppressed ~1 debug messages>

3.19.5. Finished fast OPT passes.

3.20. Executing MEMORY_MAP pass (converting memories to logic and flip-flops).

3.21. Executing OPT pass (performing simple optimizations).

3.21.1. Executing OPT_EXPR pass (perform const folding).
Optimizing module pe16_row8.

3.21.2. Executing OPT_MERGE pass (detect identical cells).
Finding identical cells in module `\pe16_row8'.
Computing hashes of 176 cells of `\pe16_row8'.
Finding duplicate cells in `\pe16_row8'.
Removed a total of 0 cells.

3.21.3. Executing OPT_MUXTREE pass (detect dead branches in mux trees).
Running muxtree optimizer on module \pe16_row8..
  Creating internal representation of mux trees.
  Evaluating internal representation of mux trees.
  Analyzing evaluation results.
Removed 0 multiplexer ports.
<suppressed ~112 debug messages>

3.21.4. Executing OPT_REDUCE pass (consolidate $*mux and $reduce_* inputs).
  Optimizing cells in module \pe16_row8.
    Consolidated identical input bits for $mux cell $ternary$rtl/pe16_row8.v:980$172:
      Old ports: A={ \_463 [15] \_463 [15:0] }, B={ \_460 [15] \_460 }, Y=\_464
      New ports: A=\_463 [15:0], B=\_460, Y=\_464 [15:0]
      New connections: \_464 [16] = \_464 [15]
    Consolidated identical input bits for $mux cell $ternary$rtl/pe16_row8.v:965$167:
      Old ports: A=16'0111111111111111, B=16'1000000000000000, Y=\_477
      New ports: A=2'01, B=2'10, Y={ \_477 [15] \_477 [0] }
      New connections: \_477 [14:1] = { \_477 [0] \_477 [0] \_477 [0] \_477 [0] \_477 [0] \_477 [0] \_477 [0] \_477 [0] \_477 [0] \_477 [0] \_477 [0] \_477 [0] \_477 [0] \_477 [0] }
    Consolidated identical input bits for $mux cell $ternary$rtl/pe16_row8.v:901$149:
      Old ports: A={ \_416 [15] \_416 [15:0] }, B={ \_413 [15] \_413 }, Y=\_417
      New ports: A=\_416 [15:0], B=\_413, Y=\_417 [15:0]
      New connections: \_417 [16] = \_417 [15]
    Consolidated identical input bits for $mux cell $ternary$rtl/pe16_row8.v:886$144:
      Old ports: A=16'0111111111111111, B=16'1000000000000000, Y=\_430
      New ports: A=2'01, B=2'10, Y={ \_430 [15] \_430 [0] }
      New connections: \_430 [14:1] = { \_430 [0] \_430 [0] \_430 [0] \_430 [0] \_430 [0] \_430 [0] \_430 [0] \_430 [0] \_430 [0] \_430 [0] \_430 [0] \_430 [0] \_430 [0] \_430 [0] }
    Consolidated identical input bits for $mux cell $ternary$rtl/pe16_row8.v:822$126:
      Old ports: A={ \_369 [15] \_369 [15:0] }, B={ \_366 [15] \_366 }, Y=\_370
      New ports: A=\_369 [15:0], B=\_366, Y=\_370 [15:0]
      New connections: \_370 [16] = \_370 [15]
    Consolidated identical input bits for $mux cell $ternary$rtl/pe16_row8.v:807$121:
      Old ports: A=16'0111111111111111, B=16'1000000000000000, Y=\_383
      New ports: A=2'01, B=2'10, Y={ \_383 [15] \_383 [0] }
      New connections: \_383 [14:1] = { \_383 [0] \_383 [0] \_383 [0] \_383 [0] \_383 [0] \_383 [0] \_383 [0] \_383 [0] \_383 [0] \_383 [0] \_383 [0] \_383 [0] \_383 [0] \_383 [0] }
    Consolidated identical input bits for $mux cell $ternary$rtl/pe16_row8.v:743$103:
      Old ports: A={ \_322 [15] \_322 [15:0] }, B={ \_319 [15] \_319 }, Y=\_323
      New ports: A=\_322 [15:0], B=\_319, Y=\_323 [15:0]
      New connections: \_323 [16] = \_323 [15]
    Consolidated identical input bits for $mux cell $ternary$rtl/pe16_row8.v:728$98:
      Old ports: A=16'0111111111111111, B=16'1000000000000000, Y=\_336
      New ports: A=2'01, B=2'10, Y={ \_336 [15] \_336 [0] }
      New connections: \_336 [14:1] = { \_336 [0] \_336 [0] \_336 [0] \_336 [0] \_336 [0] \_336 [0] \_336 [0] \_336 [0] \_336 [0] \_336 [0] \_336 [0] \_336 [0] \_336 [0] \_336 [0] }
    Consolidated identical input bits for $mux cell $ternary$rtl/pe16_row8.v:664$80:
      Old ports: A={ \_275 [15] \_275 [15:0] }, B={ \_272 [15] \_272 }, Y=\_276
      New ports: A=\_275 [15:0], B=\_272, Y=\_276 [15:0]
      New connections: \_276 [16] = \_276 [15]
    Consolidated identical input bits for $mux cell $ternary$rtl/pe16_row8.v:649$75:
      Old ports: A=16'0111111111111111, B=16'1000000000000000, Y=\_289
      New ports: A=2'01, B=2'10, Y={ \_289 [15] \_289 [0] }
      New connections: \_289 [14:1] = { \_289 [0] \_289 [0] \_289 [0] \_289 [0] \_289 [0] \_289 [0] \_289 [0] \_289 [0] \_289 [0] \_289 [0] \_289 [0] \_289 [0] \_289 [0] \_289 [0] }
    Consolidated identical input bits for $mux cell $ternary$rtl/pe16_row8.v:585$57:
      Old ports: A={ \_228 [15] \_228 [15:0] }, B={ \_225 [15] \_225 }, Y=\_229
      New ports: A=\_228 [15:0], B=\_225, Y=\_229 [15:0]
      New connections: \_229 [16] = \_229 [15]
    Consolidated identical input bits for $mux cell $ternary$rtl/pe16_row8.v:570$52:
      Old ports: A=16'0111111111111111, B=16'1000000000000000, Y=\_242
      New ports: A=2'01, B=2'10, Y={ \_242 [15] \_242 [0] }
      New connections: \_242 [14:1] = { \_242 [0] \_242 [0] \_242 [0] \_242 [0] \_242 [0] \_242 [0] \_242 [0] \_242 [0] \_242 [0] \_242 [0] \_242 [0] \_242 [0] \_242 [0] \_242 [0] }
    Consolidated identical input bits for $mux cell $ternary$rtl/pe16_row8.v:506$34:
      Old ports: A={ \_181 [15] \_181 [15:0] }, B={ \_178 [15] \_178 }, Y=\_182
      New ports: A=\_181 [15:0], B=\_178, Y=\_182 [15:0]
      New connections: \_182 [16] = \_182 [15]
    Consolidated identical input bits for $mux cell $ternary$rtl/pe16_row8.v:491$29:
      Old ports: A=16'0111111111111111, B=16'1000000000000000, Y=\_195
      New ports: A=2'01, B=2'10, Y={ \_195 [15] \_195 [0] }
      New connections: \_195 [14:1] = { \_195 [0] \_195 [0] \_195 [0] \_195 [0] \_195 [0] \_195 [0] \_195 [0] \_195 [0] \_195 [0] \_195 [0] \_195 [0] \_195 [0] \_195 [0] \_195 [0] }
    Consolidated identical input bits for $mux cell $ternary$rtl/pe16_row8.v:426$11:
      Old ports: A={ \_134 [15] \_134 [15:0] }, B={ \_131 [15] \_131 }, Y=\_135
      New ports: A=\_134 [15:0], B=\_131, Y=\_135 [15:0]
      New connections: \_135 [16] = \_135 [15]
    Consolidated identical input bits for $mux cell $ternary$rtl/pe16_row8.v:410$6:
      Old ports: A=16'0111111111111111, B=16'1000000000000000, Y=\_148
      New ports: A=2'01, B=2'10, Y={ \_148 [15] \_148 [0] }
      New connections: \_148 [14:1] = { \_148 [0] \_148 [0] \_148 [0] \_148 [0] \_148 [0] \_148 [0] \_148 [0] \_148 [0] \_148 [0] \_148 [0] \_148 [0] \_148 [0] \_148 [0] \_148 [0] }
  Optimizing cells in module \pe16_row8.
Performed a total of 16 changes.

3.21.5. Executing OPT_MERGE pass (detect identical cells).
Finding identical cells in module `\pe16_row8'.
Computing hashes of 176 cells of `\pe16_row8'.
Finding duplicate cells in `\pe16_row8'.
Removed a total of 0 cells.

3.21.6. Executing OPT_SHARE pass.

3.21.7. Executing OPT_DFF pass (perform DFF optimizations).

3.21.8. Executing OPT_CLEAN pass (remove unused cells and wires).
Finding unused cells or wires in module \pe16_row8..

3.21.9. Executing OPT_EXPR pass (perform const folding).
Optimizing module pe16_row8.

3.21.10. Rerunning OPT passes. (Maybe there is more to do..)

3.21.11. Executing OPT_MUXTREE pass (detect dead branches in mux trees).
Running muxtree optimizer on module \pe16_row8..
  Creating internal representation of mux trees.
  Evaluating internal representation of mux trees.
  Analyzing evaluation results.
Removed 0 multiplexer ports.
<suppressed ~112 debug messages>

3.21.12. Executing OPT_REDUCE pass (consolidate $*mux and $reduce_* inputs).
  Optimizing cells in module \pe16_row8.
Performed a total of 0 changes.

3.21.13. Executing OPT_MERGE pass (detect identical cells).
Finding identical cells in module `\pe16_row8'.
Computing hashes of 176 cells of `\pe16_row8'.
Finding duplicate cells in `\pe16_row8'.
Removed a total of 0 cells.

3.21.14. Executing OPT_SHARE pass.

3.21.15. Executing OPT_DFF pass (perform DFF optimizations).

3.21.16. Executing OPT_CLEAN pass (remove unused cells and wires).
Finding unused cells or wires in module \pe16_row8..

3.21.17. Executing OPT_EXPR pass (perform const folding).
Optimizing module pe16_row8.

3.21.18. Finished fast OPT passes. (There is nothing left to do.)

3.22. Executing TECHMAP pass (map to technology primitives).

3.22.1. Executing Verilog-2005 frontend: /home/matthias/prog/janestreet/fabulous-notes/oss-cad-suite/lib/../share/yosys/techmap.v
Parsing Verilog input from `/home/matthias/prog/janestreet/fabulous-notes/oss-cad-suite/lib/../share/yosys/techmap.v' to AST representation.
Generating RTLIL representation for module `\_90_simplemap_bool_ops'.
Generating RTLIL representation for module `\_90_simplemap_reduce_ops'.
Generating RTLIL representation for module `\_90_simplemap_logic_ops'.
Generating RTLIL representation for module `\_90_simplemap_compare_ops'.
Generating RTLIL representation for module `\_90_simplemap_various'.
Generating RTLIL representation for module `\_90_simplemap_registers'.
Generating RTLIL representation for module `\_90_shift_ops_shr_shl_sshl_sshr'.
Generating RTLIL representation for module `\_90_shift_shiftx'.
Generating RTLIL representation for module `\_90_fa'.
Generating RTLIL representation for module `\_90_lcu_brent_kung'.
Generating RTLIL representation for module `\_90_alu'.
Generating RTLIL representation for module `\_90_macc'.
Generating RTLIL representation for module `\_90_alumacc'.
Generating RTLIL representation for module `$__div_mod_u'.
Generating RTLIL representation for module `$__div_mod_trunc'.
Generating RTLIL representation for module `\_90_div'.
Generating RTLIL representation for module `\_90_mod'.
Generating RTLIL representation for module `$__div_mod_floor'.
Generating RTLIL representation for module `\_90_divfloor'.
Generating RTLIL representation for module `\_90_modfloor'.
Generating RTLIL representation for module `\_90_pow'.
Generating RTLIL representation for module `\_90_demux'.
Generating RTLIL representation for module `\_90_lut'.
Generating RTLIL representation for module `$connect'.
Generating RTLIL representation for module `$input_port'.
Successfully finished Verilog frontend.

3.22.2. Continuing TECHMAP pass.
Using extmapper simplemap for cells of type $not.
Using template $paramod$3bb72ad0665cdca279bbc49ed6a39f403f16497f\_90_alu for cells of type $alu.
Using extmapper simplemap for cells of type $dffe.
Using extmapper simplemap for cells of type $sdffe.
Using extmapper simplemap for cells of type $sdff.
Using extmapper simplemap for cells of type $reduce_or.
Using extmapper simplemap for cells of type $mux.
Using extmapper simplemap for cells of type $xor.
Using extmapper simplemap for cells of type $eq.
Using extmapper simplemap for cells of type $pmux.
Using extmapper simplemap for cells of type $logic_not.
Using extmapper simplemap for cells of type $pos.
Using template $paramod\_90_fa\WIDTH=32'00000000000000000000000000010001 for cells of type $fa.
Using template $paramod\_90_lcu_brent_kung\WIDTH=32'00000000000000000000000000010001 for cells of type $lcu.
Using extmapper simplemap for cells of type $and.
Using extmapper simplemap for cells of type $or.
No more expansions possible.
<suppressed ~1014 debug messages>

3.23. Executing OPT pass (performing simple optimizations).

3.23.1. Executing OPT_EXPR pass (perform const folding).
Optimizing module pe16_row8.
<suppressed ~728 debug messages>

3.23.2. Executing OPT_MERGE pass (detect identical cells).
Finding identical cells in module `\pe16_row8'.
Computing hashes of 3160 cells of `\pe16_row8'.
Finding duplicate cells in `\pe16_row8'.
Computing hashes of 3136 cells of `\pe16_row8'.
Finding duplicate cells in `\pe16_row8'.
<suppressed ~72 debug messages>
Removed a total of 24 cells.

3.23.3. Executing OPT_DFF pass (perform DFF optimizations).

3.23.4. Executing OPT_CLEAN pass (remove unused cells and wires).
Finding unused cells or wires in module \pe16_row8..
Removed 144 unused cells and 360 unused wires.
<suppressed ~145 debug messages>

3.23.5. Finished fast OPT passes.

3.24. Executing ABC pass (technology mapping using ABC).

3.24.1. Summary of detected clock domains:
  328 cells in clk=\clock, en=\en [0], arst={ }, srst=\clear
  325 cells in clk=\clock, en=\en [7], arst={ }, srst=\clear
  325 cells in clk=\clock, en=\en [2], arst={ }, srst=\clear
  325 cells in clk=\clock, en=\en [6], arst={ }, srst=\clear
  282 cells in clk=\clock, en=\en [3], arst={ }, srst=\clear
  311 cells in clk=\clock, en=\en [5], arst={ }, srst=\clear
  283 cells in clk=\clock, en=\en [1], arst={ }, srst=\clear
  167 cells in clk=\clock, en={ }, arst={ }, srst=\clear
  284 cells in clk=\clock, en=\en [4], arst={ }, srst=\clear
  362 cells in clk=\clock, en=\cfg_strobe, arst={ }, srst={ }

3.24.2. Extracting gate netlist of module `\pe16_row8' to `<abc-temp-dir>/input.blif'..
Found matching posedge clock domain: \clock, enabled by \en [0], synchronously reset by \clear

3.24.3. Extracting gate netlist of module `\pe16_row8' to `<abc-temp-dir>/input.blif'..
Found matching posedge clock domain: \clock, enabled by \en [7], synchronously reset by \clear

3.24.4. Extracting gate netlist of module `\pe16_row8' to `<abc-temp-dir>/input.blif'..
Found matching posedge clock domain: \clock, enabled by \en [2], synchronously reset by \clear

3.24.5. Extracting gate netlist of module `\pe16_row8' to `<abc-temp-dir>/input.blif'..
Found matching posedge clock domain: \clock, enabled by \en [6], synchronously reset by \clear

3.24.6. Extracting gate netlist of module `\pe16_row8' to `<abc-temp-dir>/input.blif'..
Found matching posedge clock domain: \clock, enabled by \en [3], synchronously reset by \clear

3.24.7. Extracting gate netlist of module `\pe16_row8' to `<abc-temp-dir>/input.blif'..
Found matching posedge clock domain: \clock, enabled by \en [5], synchronously reset by \clear

3.24.8. Extracting gate netlist of module `\pe16_row8' to `<abc-temp-dir>/input.blif'..
Found matching posedge clock domain: \clock, enabled by \en [1], synchronously reset by \clear

3.24.9. Extracting gate netlist of module `\pe16_row8' to `<abc-temp-dir>/input.blif'..
Found matching posedge clock domain: \clock, synchronously reset by \clear

3.24.10. Extracting gate netlist of module `\pe16_row8' to `<abc-temp-dir>/input.blif'..
Found matching posedge clock domain: \clock, enabled by \en [4], synchronously reset by \clear

3.24.11. Extracting gate netlist of module `\pe16_row8' to `<abc-temp-dir>/input.blif'..
Found matching posedge clock domain: \clock, enabled by \cfg_strobe

3.24.11.1. Executed ABC.
Extracted 312 gates and 382 wires to a netlist network with 70 inputs and 32 outputs.
Running ABC script: <abc-temp-dir>/abc.script
ABC: UC Berkeley, ABC 1.01 (compiled Sep 21 2026 05:23:42)
ABC: abc 01> empty
ABC: abc 01> source <abc-temp-dir>/abc.script
ABC: + read_blif <abc-temp-dir>/input.blif 
ABC: + read_library <abc-temp-dir>/stdcells.genlib 
ABC: + strash 
ABC: + &get -n 
ABC: + &fraig -x 
ABC: + &put 
ABC: + scorr 
ABC: Warning: The network is combinational (run "fraig" or "fraig_sweep").
ABC: + dc2 
ABC: + dretime 
ABC: + strash 
ABC: + &get -n 
ABC: + &dch -f 
ABC: + &nf 
ABC: + &put 
ABC: + write_blif <abc-temp-dir>/output.blif 
ABC: 
ABC: YOSYS_ABC_DONE 

3.24.11.2. Re-integrating ABC results.
ABC RESULTS:               AND cells:       31
ABC RESULTS:            ANDNOT cells:        8
ABC RESULTS:               MUX cells:       50
ABC RESULTS:              NAND cells:       81
ABC RESULTS:               NOR cells:        3
ABC RESULTS:               NOT cells:        3
ABC RESULTS:                OR cells:       12
ABC RESULTS:             ORNOT cells:       29
ABC RESULTS:              XNOR cells:       28
ABC RESULTS:               XOR cells:       15
ABC RESULTS:        internal signals:      280
ABC RESULTS:           input signals:       70
ABC RESULTS:          output signals:       32
Removing temp directory.

3.24.11.1. Executed ABC.
Extracted 309 gates and 377 wires to a netlist network with 68 inputs and 31 outputs.
Running ABC script: <abc-temp-dir>/abc.script
ABC: UC Berkeley, ABC 1.01 (compiled Sep 21 2026 05:23:42)
ABC: abc 01> empty
ABC: abc 01> source <abc-temp-dir>/abc.script
ABC: + read_blif <abc-temp-dir>/input.blif 
ABC: + read_library <abc-temp-dir>/stdcells.genlib 
ABC: + strash 
ABC: + &get -n 
ABC: + &fraig -x 
ABC: + &put 
ABC: + scorr 
ABC: Warning: The network is combinational (run "fraig" or "fraig_sweep").
ABC: + dc2 
ABC: + dretime 
ABC: + strash 
ABC: + &get -n 
ABC: + &dch -f 
ABC: + &nf 
ABC: + &put 
ABC: + write_blif <abc-temp-dir>/output.blif 
ABC: 
ABC: YOSYS_ABC_DONE 

3.24.11.2. Re-integrating ABC results.
ABC RESULTS:               AND cells:       31
ABC RESULTS:            ANDNOT cells:        4
ABC RESULTS:               MUX cells:       47
ABC RESULTS:              NAND cells:       90
ABC RESULTS:               NOT cells:        5
ABC RESULTS:                OR cells:       21
ABC RESULTS:             ORNOT cells:       23
ABC RESULTS:              XNOR cells:       23
ABC RESULTS:               XOR cells:       18
ABC RESULTS:        internal signals:      278
ABC RESULTS:           input signals:       68
ABC RESULTS:          output signals:       31
Removing temp directory.

3.24.11.1. Executed ABC.
Extracted 309 gates and 377 wires to a netlist network with 68 inputs and 31 outputs.
Running ABC script: <abc-temp-dir>/abc.script
ABC: UC Berkeley, ABC 1.01 (compiled Sep 21 2026 05:23:42)
ABC: abc 01> empty
ABC: abc 01> source <abc-temp-dir>/abc.script
ABC: + read_blif <abc-temp-dir>/input.blif 
ABC: + read_library <abc-temp-dir>/stdcells.genlib 
ABC: + strash 
ABC: + &get -n 
ABC: + &fraig -x 
ABC: + &put 
ABC: + scorr 
ABC: Warning: The network is combinational (run "fraig" or "fraig_sweep").
ABC: + dc2 
ABC: + dretime 
ABC: + strash 
ABC: + &get -n 
ABC: + &dch -f 
ABC: + &nf 
ABC: + &put 
ABC: + write_blif <abc-temp-dir>/output.blif 
ABC: 
ABC: YOSYS_ABC_DONE 

3.24.11.2. Re-integrating ABC results.
ABC RESULTS:               AND cells:       31
ABC RESULTS:            ANDNOT cells:        4
ABC RESULTS:               MUX cells:       47
ABC RESULTS:              NAND cells:       90
ABC RESULTS:               NOT cells:        5
ABC RESULTS:                OR cells:       21
ABC RESULTS:             ORNOT cells:       23
ABC RESULTS:              XNOR cells:       23
ABC RESULTS:               XOR cells:       18
ABC RESULTS:        internal signals:      278
ABC RESULTS:           input signals:       68
ABC RESULTS:          output signals:       31
Removing temp directory.

3.24.11.1. Executed ABC.
Extracted 309 gates and 377 wires to a netlist network with 68 inputs and 31 outputs.
Running ABC script: <abc-temp-dir>/abc.script
ABC: UC Berkeley, ABC 1.01 (compiled Sep 21 2026 05:23:42)
ABC: abc 01> empty
ABC: abc 01> source <abc-temp-dir>/abc.script
ABC: + read_blif <abc-temp-dir>/input.blif 
ABC: + read_library <abc-temp-dir>/stdcells.genlib 
ABC: + strash 
ABC: + &get -n 
ABC: + &fraig -x 
ABC: + &put 
ABC: + scorr 
ABC: Warning: The network is combinational (run "fraig" or "fraig_sweep").
ABC: + dc2 
ABC: + dretime 
ABC: + strash 
ABC: + &get -n 
ABC: + &dch -f 
ABC: + &nf 
ABC: + &put 
ABC: + write_blif <abc-temp-dir>/output.blif 
ABC: 
ABC: YOSYS_ABC_DONE 

3.24.11.2. Re-integrating ABC results.
ABC RESULTS:               AND cells:       31
ABC RESULTS:            ANDNOT cells:        4
ABC RESULTS:               MUX cells:       47
ABC RESULTS:              NAND cells:       90
ABC RESULTS:               NOT cells:        5
ABC RESULTS:                OR cells:       21
ABC RESULTS:             ORNOT cells:       23
ABC RESULTS:              XNOR cells:       23
ABC RESULTS:               XOR cells:       18
ABC RESULTS:        internal signals:      278
ABC RESULTS:           input signals:       68
ABC RESULTS:          output signals:       31
Removing temp directory.

3.24.11.1. Executed ABC.
Extracted 266 gates and 303 wires to a netlist network with 37 inputs and 16 outputs.
Running ABC script: <abc-temp-dir>/abc.script
ABC: UC Berkeley, ABC 1.01 (compiled Sep 21 2026 05:23:42)
ABC: abc 01> empty
ABC: abc 01> source <abc-temp-dir>/abc.script
ABC: + read_blif <abc-temp-dir>/input.blif 
ABC: + read_library <abc-temp-dir>/stdcells.genlib 
ABC: + strash 
ABC: + &get -n 
ABC: + &fraig -x 
ABC: + &put 
ABC: + scorr 
ABC: Warning: The network is combinational (run "fraig" or "fraig_sweep").
ABC: + dc2 
ABC: + dretime 
ABC: + strash 
ABC: + &get -n 
ABC: + &dch -f 
ABC: + &nf 
ABC: + &put 
ABC: + write_blif <abc-temp-dir>/output.blif 
ABC: 
ABC: YOSYS_ABC_DONE 

3.24.11.2. Re-integrating ABC results.
ABC RESULTS:               AND cells:       32
ABC RESULTS:            ANDNOT cells:        1
ABC RESULTS:               MUX cells:        6
ABC RESULTS:              NAND cells:      126
ABC RESULTS:               NOT cells:        1
ABC RESULTS:                OR cells:       10
ABC RESULTS:             ORNOT cells:        2
ABC RESULTS:              XNOR cells:        8
ABC RESULTS:               XOR cells:       30
ABC RESULTS:        internal signals:      250
ABC RESULTS:           input signals:       37
ABC RESULTS:          output signals:       16
Removing temp directory.

3.24.11.1. Executed ABC.
Extracted 295 gates and 364 wires to a netlist network with 69 inputs and 31 outputs.
Running ABC script: <abc-temp-dir>/abc.script
ABC: UC Berkeley, ABC 1.01 (compiled Sep 21 2026 05:23:42)
ABC: abc 01> empty
ABC: abc 01> source <abc-temp-dir>/abc.script
ABC: + read_blif <abc-temp-dir>/input.blif 
ABC: + read_library <abc-temp-dir>/stdcells.genlib 
ABC: + strash 
ABC: + &get -n 
ABC: + &fraig -x 
ABC: + &put 
ABC: + scorr 
ABC: Warning: The network is combinational (run "fraig" or "fraig_sweep").
ABC: + dc2 
ABC: + dretime 
ABC: + strash 
ABC: + &get -n 
ABC: + &dch -f 
ABC: + &nf 
ABC: + &put 
ABC: + write_blif <abc-temp-dir>/output.blif 
ABC: 
ABC: YOSYS_ABC_DONE 

3.24.11.2. Re-integrating ABC results.
ABC RESULTS:               AND cells:       22
ABC RESULTS:            ANDNOT cells:        4
ABC RESULTS:               MUX cells:       34
ABC RESULTS:              NAND cells:      103
ABC RESULTS:               NOT cells:        2
ABC RESULTS:                OR cells:        3
ABC RESULTS:             ORNOT cells:       36
ABC RESULTS:              XNOR cells:       31
ABC RESULTS:               XOR cells:       10
ABC RESULTS:        internal signals:      264
ABC RESULTS:           input signals:       69
ABC RESULTS:          output signals:       31
Removing temp directory.

3.24.11.1. Executed ABC.
Extracted 267 gates and 305 wires to a netlist network with 38 inputs and 16 outputs.
Running ABC script: <abc-temp-dir>/abc.script
ABC: UC Berkeley, ABC 1.01 (compiled Sep 21 2026 05:23:42)
ABC: abc 01> empty
ABC: abc 01> source <abc-temp-dir>/abc.script
ABC: + read_blif <abc-temp-dir>/input.blif 
ABC: + read_library <abc-temp-dir>/stdcells.genlib 
ABC: + strash 
ABC: + &get -n 
ABC: + &fraig -x 
ABC: + &put 
ABC: + scorr 
ABC: Warning: The network is combinational (run "fraig" or "fraig_sweep").
ABC: + dc2 
ABC: + dretime 
ABC: + strash 
ABC: + &get -n 
ABC: + &dch -f 
ABC: + &nf 
ABC: + &put 
ABC: + write_blif <abc-temp-dir>/output.blif 
ABC: 
ABC: YOSYS_ABC_DONE 

3.24.11.2. Re-integrating ABC results.
ABC RESULTS:               AND cells:       25
ABC RESULTS:            ANDNOT cells:        1
ABC RESULTS:               MUX cells:        5
ABC RESULTS:              NAND cells:      115
ABC RESULTS:               NOT cells:        2
ABC RESULTS:                OR cells:        8
ABC RESULTS:             ORNOT cells:       18
ABC RESULTS:              XNOR cells:        8
ABC RESULTS:               XOR cells:       33
ABC RESULTS:        internal signals:      251
ABC RESULTS:           input signals:       38
ABC RESULTS:          output signals:       16
Removing temp directory.

3.24.11.1. Executed ABC.
Extracted 39 gates and 107 wires to a netlist network with 68 inputs and 39 outputs.
Running ABC script: <abc-temp-dir>/abc.script
ABC: UC Berkeley, ABC 1.01 (compiled Sep 21 2026 05:23:42)
ABC: abc 01> empty
ABC: abc 01> source <abc-temp-dir>/abc.script
ABC: + read_blif <abc-temp-dir>/input.blif 
ABC: + read_library <abc-temp-dir>/stdcells.genlib 
ABC: + strash 
ABC: + &get -n 
ABC: + &fraig -x 
ABC: + &put 
ABC: + scorr 
ABC: Warning: The network is combinational (run "fraig" or "fraig_sweep").
ABC: + dc2 
ABC: + dretime 
ABC: + strash 
ABC: + &get -n 
ABC: + &dch -f 
ABC: + &nf 
ABC: + &put 
ABC: + write_blif <abc-temp-dir>/output.blif 
ABC: 
ABC: YOSYS_ABC_DONE 

3.24.11.2. Re-integrating ABC results.
ABC RESULTS:               MUX cells:       39
ABC RESULTS:        internal signals:        0
ABC RESULTS:           input signals:       68
ABC RESULTS:          output signals:       39
Removing temp directory.

3.24.11.1. Executed ABC.
Extracted 268 gates and 308 wires to a netlist network with 40 inputs and 17 outputs.
Running ABC script: <abc-temp-dir>/abc.script
ABC: UC Berkeley, ABC 1.01 (compiled Sep 21 2026 05:23:42)
ABC: abc 01> empty
ABC: abc 01> source <abc-temp-dir>/abc.script
ABC: + read_blif <abc-temp-dir>/input.blif 
ABC: + read_library <abc-temp-dir>/stdcells.genlib 
ABC: + strash 
ABC: + &get -n 
ABC: + &fraig -x 
ABC: + &put 
ABC: + scorr 
ABC: Warning: The network is combinational (run "fraig" or "fraig_sweep").
ABC: + dc2 
ABC: + dretime 
ABC: + strash 
ABC: + &get -n 
ABC: + &dch -f 
ABC: + &nf 
ABC: + &put 
ABC: + write_blif <abc-temp-dir>/output.blif 
ABC: 
ABC: YOSYS_ABC_DONE 

3.24.11.2. Re-integrating ABC results.
ABC RESULTS:               AND cells:       26
ABC RESULTS:            ANDNOT cells:        1
ABC RESULTS:               MUX cells:        6
ABC RESULTS:              NAND cells:      114
ABC RESULTS:               NOT cells:        2
ABC RESULTS:                OR cells:        8
ABC RESULTS:             ORNOT cells:       18
ABC RESULTS:              XNOR cells:        8
ABC RESULTS:               XOR cells:       33
ABC RESULTS:        internal signals:      251
ABC RESULTS:           input signals:       40
ABC RESULTS:          output signals:       17
Removing temp directory.

3.24.11.1. Executed ABC.
Extracted 170 gates and 369 wires to a netlist network with 199 inputs and 154 outputs.
Running ABC script: <abc-temp-dir>/abc.script
ABC: UC Berkeley, ABC 1.01 (compiled Sep 21 2026 05:23:42)
ABC: abc 01> empty
ABC: abc 01> source <abc-temp-dir>/abc.script
ABC: + read_blif <abc-temp-dir>/input.blif 
ABC: + read_library <abc-temp-dir>/stdcells.genlib 
ABC: + strash 
ABC: + &get -n 
ABC: + &fraig -x 
ABC: + &put 
ABC: + scorr 
ABC: Warning: The network is combinational (run "fraig" or "fraig_sweep").
ABC: + dc2 
ABC: + dretime 
ABC: + strash 
ABC: + &get -n 
ABC: + &dch -f 
ABC: + &nf 
ABC: + &put 
ABC: + write_blif <abc-temp-dir>/output.blif 
ABC: 
ABC: YOSYS_ABC_DONE 

3.24.11.2. Re-integrating ABC results.
ABC RESULTS:               MUX cells:      130
ABC RESULTS:                OR cells:        8
ABC RESULTS:             ORNOT cells:       16
ABC RESULTS:        internal signals:       16
ABC RESULTS:           input signals:      199
ABC RESULTS:          output signals:      154
Removing temp directory.
Removing global temp directory.

3.25. Executing OPT pass (performing simple optimizations).

3.25.1. Executing OPT_EXPR pass (perform const folding).
Optimizing module pe16_row8.

3.25.2. Executing OPT_MERGE pass (detect identical cells).
Finding identical cells in module `\pe16_row8'.
Computing hashes of 2579 cells of `\pe16_row8'.
Finding duplicate cells in `\pe16_row8'.
Removed a total of 0 cells.

3.25.3. Executing OPT_DFF pass (perform DFF optimizations).

3.25.4. Executing OPT_CLEAN pass (remove unused cells and wires).
Finding unused cells or wires in module \pe16_row8..
Removed 0 unused cells and 2110 unused wires.
<suppressed ~140 debug messages>

3.25.5. Finished fast OPT passes.

3.26. Executing HIERARCHY pass (managing design hierarchy).
Attribute `top' found on module `pe16_row8'. Setting top module to pe16_row8.

3.26.1. Analyzing design hierarchy..
Top module:  \pe16_row8

3.26.2. Analyzing design hierarchy..
Top module:  \pe16_row8
Removed 0 unused modules.

3.27. Printing statistics.

=== pe16_row8 ===

        +----------Local Count, excluding submodules.
        | 
     1976 wires
     4185 wire bits
      227 public wires
     2436 public wire bits
       16 ports
      187 port bits
     2579 cells
       27   $_ANDNOT_
      229   $_AND_
      192   $_DFFE_PP_
      411   $_MUX_
      809   $_NAND_
        3   $_NOR_
       25   $_NOT_
      188   $_ORNOT_
      112   $_OR_
      128   $_SDFFE_PP0P_
      128   $_SDFF_PP0_
      152   $_XNOR_
      175   $_XOR_

3.28. Executing CHECK pass (checking for obvious problems).
Checking module pe16_row8...
Found and reported 0 problems.

4. Executing DFFLIBMAP pass (mapping DFF/DLATCH cells to sequential cells from liberty file).
  cell sg13g2_dfrbpq_1 (noninv, pins=4, area=48.99) is a direct match for cell type $_DFF_PN0_.
  cell sg13g2_dlhq_1 (noninv, pins=3, area=30.84) is a direct match for cell type $_DLATCH_P_.
  cell sg13g2_dllrq_1 (noninv, pins=4, area=29.03) is a direct match for cell type $_DLATCH_NN0_.
  cell sg13g2_dlhrq_1 (noninv, pins=4, area=27.22) is a direct match for cell type $_DLATCH_PN0_.
  final dff/dlatch cell mappings:
    unmapped dff/dlatch cell: $_DFF_N_
    unmapped dff/dlatch cell: $_DFF_P_
    unmapped dff/dlatch cell: $_DFF_NN0_
    unmapped dff/dlatch cell: $_DFF_NN1_
    unmapped dff/dlatch cell: $_DFF_NP0_
    unmapped dff/dlatch cell: $_DFF_NP1_
    \sg13g2_dfrbpq_1 _DFF_PN0_ (.CLK( C), .D( D), .Q( Q), .RESET_B( R));
    unmapped dff/dlatch cell: $_DFF_PN1_
    unmapped dff/dlatch cell: $_DFF_PP0_
    unmapped dff/dlatch cell: $_DFF_PP1_
    unmapped dff/dlatch cell: $_DFFE_NN_
    unmapped dff/dlatch cell: $_DFFE_NP_
    unmapped dff/dlatch cell: $_DFFE_PN_
    unmapped dff/dlatch cell: $_DFFE_PP_
    unmapped dff/dlatch cell: $_DFFSR_NNN_
    unmapped dff/dlatch cell: $_DFFSR_NNP_
    unmapped dff/dlatch cell: $_DFFSR_NPN_
    unmapped dff/dlatch cell: $_DFFSR_NPP_
    unmapped dff/dlatch cell: $_DFFSR_PNN_
    unmapped dff/dlatch cell: $_DFFSR_PNP_
    unmapped dff/dlatch cell: $_DFFSR_PPN_
    unmapped dff/dlatch cell: $_DFFSR_PPP_
    unmapped dff/dlatch cell: $_DLATCH_N_
    \sg13g2_dlhq_1 _DLATCH_P_ (.D( D), .GATE( E), .Q( Q));
    \sg13g2_dllrq_1 _DLATCH_NN0_ (.D( D), .GATE_N( E), .Q( Q), .RESET_B( R));
    unmapped dff/dlatch cell: $_DLATCH_NN1_
    unmapped dff/dlatch cell: $_DLATCH_NP0_
    unmapped dff/dlatch cell: $_DLATCH_NP1_
    \sg13g2_dlhrq_1 _DLATCH_PN0_ (.D( D), .GATE( E), .Q( Q), .RESET_B( R));
    unmapped dff/dlatch cell: $_DLATCH_PN1_
    unmapped dff/dlatch cell: $_DLATCH_PP0_
    unmapped dff/dlatch cell: $_DLATCH_PP1_
    unmapped dff/dlatch cell: $_DLATCHSR_NNN_
    unmapped dff/dlatch cell: $_DLATCHSR_NNP_
    unmapped dff/dlatch cell: $_DLATCHSR_NPN_
    unmapped dff/dlatch cell: $_DLATCHSR_NPP_
    unmapped dff/dlatch cell: $_DLATCHSR_PNN_
    unmapped dff/dlatch cell: $_DLATCHSR_PNP_
    unmapped dff/dlatch cell: $_DLATCHSR_PPN_
    unmapped dff/dlatch cell: $_DLATCHSR_PPP_

4.1. Executing DFFLEGALIZE pass (convert FFs and LATCHes to types supported by the target).
<suppressed ~4 debug messages>
Mapping DFF/DLATCH cells in module `\pe16_row8':
  mapped 448 $_DFF_PN0_ cells to \sg13g2_dfrbpq_1 cells.

5. Executing ABC pass (technology mapping using ABC).

5.1. Summary of detected clock domains:
  3155 cells in clk={ }, en={ }, arst={ }, srst={ }

5.2. Extracting gate netlist of module `\pe16_row8' to `<abc-temp-dir>/input.blif'..
ABC: using cached merged SCL: /tmp/yosys-liberty-scl-cache-1000/yosys_merged_284aa476.scl (1 files)
No matching clock domain found. Not extracting any FF cells.

5.2.1. Executed ABC.
Extracted 2707 gates and 3190 wires to a netlist network with 482 inputs and 576 outputs.
Running ABC script: <abc-temp-dir>/abc.script
ABC: UC Berkeley, ABC 1.01 (compiled Sep 21 2026 05:23:42)
ABC: abc 01> empty
ABC: abc 01> source <abc-temp-dir>/abc.script
ABC: + read_blif <abc-temp-dir>/input.blif 
ABC: + read_scl /tmp/yosys-liberty-scl-cache-1000/yosys_merged_284aa476.scl 
ABC: + strash 
ABC: + &get -n 
ABC: + &fraig -x 
ABC: + &put 
ABC: + scorr 
ABC: Warning: The network is combinational (run "fraig" or "fraig_sweep").
ABC: + dc2 
ABC: + dretime 
ABC: + strash 
ABC: + &get -n 
ABC: + &dch -f 
ABC: + &nf 
ABC: + &put 
ABC: + write_blif <abc-temp-dir>/output.blif 
ABC: 
ABC: YOSYS_ABC_DONE 

5.2.2. Re-integrating ABC results.
ABC RESULTS:     sg13g2_a21o_1 cells:       11
ABC RESULTS:    sg13g2_a21oi_1 cells:      115
ABC RESULTS:   sg13g2_a221oi_1 cells:      131
ABC RESULTS:    sg13g2_a22oi_1 cells:        6
ABC RESULTS:     sg13g2_and2_1 cells:       56
ABC RESULTS:     sg13g2_and3_1 cells:        2
ABC RESULTS:      sg13g2_inv_1 cells:       53
ABC RESULTS:     sg13g2_mux2_1 cells:      589
ABC RESULTS:    sg13g2_nand2_1 cells:      137
ABC RESULTS:   sg13g2_nand2b_1 cells:       16
ABC RESULTS:    sg13g2_nand3_1 cells:       22
ABC RESULTS:   sg13g2_nand3b_1 cells:       10
ABC RESULTS:    sg13g2_nand4_1 cells:        3
ABC RESULTS:     sg13g2_nor2_1 cells:      210
ABC RESULTS:    sg13g2_nor2b_1 cells:      137
ABC RESULTS:     sg13g2_nor3_1 cells:        4
ABC RESULTS:     sg13g2_nor4_1 cells:        1
ABC RESULTS:    sg13g2_o21ai_1 cells:      282
ABC RESULTS:      sg13g2_or2_1 cells:       32
ABC RESULTS:      sg13g2_or3_1 cells:       15
ABC RESULTS:    sg13g2_xnor2_1 cells:      205
ABC RESULTS:     sg13g2_xor2_1 cells:       93
ABC RESULTS:        internal signals:     2132
ABC RESULTS:           input signals:      482
ABC RESULTS:          output signals:      576
Removing temp directory.
Removing global temp directory.

6. Executing OPT_CLEAN pass (remove unused cells and wires).
Finding unused cells or wires in module \pe16_row8..
Removed 0 unused cells and 2996 unused wires.
<suppressed ~62 debug messages>

7. Printing statistics.

=== pe16_row8 ===

        +----------Local Count, excluding submodules.
        |        +-Local Area, excluding submodules.
        |        | 
     2168        - wires
     3792        - wire bits
      166        - public wires
     1790        - public wire bits
       16        - ports
      187        - port bits
     2578 4.83E+04 cells
       11  139.709   sg13g2_a21o_1
      115  1043.28   sg13g2_a21oi_1
      131  1.9E+03   sg13g2_a221oi_1
        6   65.092   sg13g2_a22oi_1
       56  508.032   sg13g2_and2_1
        2   25.402   sg13g2_and3_1
      448 2.19E+04   sg13g2_dfrbpq_1
       53   288.49   sg13g2_inv_1
      589 1.07E+04   sg13g2_mux2_1
      137  994.291   sg13g2_nand2_1
       16  145.152   sg13g2_nand2b_1
       22  199.584   sg13g2_nand3_1
       10  127.008   sg13g2_nand3b_1
        3   32.659   sg13g2_nand4_1
      210 1.52E+03   sg13g2_nor2_1
      137 1.24E+03   sg13g2_nor2b_1
        4   36.288   sg13g2_nor3_1
        1   10.886   sg13g2_nor4_1
      282 2.56E+03   sg13g2_o21ai_1
       32  290.304   sg13g2_or2_1
       15  190.512   sg13g2_or3_1
      205 2.98E+03   sg13g2_xnor2_1
       93 1.35E+03   sg13g2_xor2_1

   Chip area for module '\pe16_row8': 48282.771600
     of which used for sequential elements: 21946.982400 (45.46%)

8. Executing Verilog backend.

8.1. Executing BMUXMAP pass.

8.2. Executing DEMUXMAP pass.
Dumping module `\pe16_row8'.

End of script. Logfile hash: 59394a0578, time: 0.70s, user: 0.30s, system: 0.02s, MEM: 33.61 MB peak
Yosys 0.69+77 (git sha1 9ff27d29c-dirty, Release, Clang /usr/bin/clang++ 21.1.8)
Time spent: 81% 2x abc (1 sec), 5% 20x opt_clean (0 sec), ...
