
 /----------------------------------------------------------------------------\
 |  yosys -- Yosys Open SYnthesis Suite                                       |
 |  Copyright (C) 2012 - 2026  Claire Xenia Wolf <claire@yosyshq.com>         |
 |  Distributed under an ISC-like license, type "license" to see terms        |
 \----------------------------------------------------------------------------/
 Yosys 0.69+77 (git sha1 9ff27d29c-dirty, Release, Clang /usr/bin/clang++ 21.1.8)

-- Running command `read_verilog -sv rtl/pe16.v; hierarchy -check -top pe16; synth -top pe16 -flatten; dfflibmap -liberty /home/matthias/.ciel/ihp-sg13g2/ihp-sg13g2/libs.ref/sg13g2_stdcell/lib/sg13g2_stdcell_typ_1p20V_25C.lib; abc -liberty /home/matthias/.ciel/ihp-sg13g2/ihp-sg13g2/libs.ref/sg13g2_stdcell/lib/sg13g2_stdcell_typ_1p20V_25C.lib; opt_clean; tee -o reports/pe16-y069.stat.txt stat -liberty /home/matthias/.ciel/ihp-sg13g2/ihp-sg13g2/libs.ref/sg13g2_stdcell/lib/sg13g2_stdcell_typ_1p20V_25C.lib; write_verilog -noattr /var/tmp/pe-synth/netlists/pe16-y069.v' --

1. Executing Verilog-2005 frontend: rtl/pe16.v
Parsing SystemVerilog input from `rtl/pe16.v' to AST representation.
Generating RTLIL representation for module `\pe16'.
Successfully finished Verilog frontend.

2. Executing HIERARCHY pass (managing design hierarchy).

2.1. Analyzing design hierarchy..
Top module:  \pe16

2.2. Analyzing design hierarchy..
Top module:  \pe16
Removed 0 unused modules.

3. Executing SYNTH pass.

3.1. Executing HIERARCHY pass (managing design hierarchy).

3.1.1. Analyzing design hierarchy..
Top module:  \pe16

3.1.2. Analyzing design hierarchy..
Top module:  \pe16
Removed 0 unused modules.

3.2. Executing PROC pass (convert processes to netlists).

3.2.1. Executing PROC_CLEAN pass (remove empty switches from decision trees).
Cleaned up 0 empty switches.

3.2.2. Executing PROC_RMDEAD pass (remove dead branches from decision trees).
Marked 1 switch rules as full_case in process $proc$rtl/pe16.v:135$19 in module pe16.
Marked 1 switch rules as full_case in process $proc$rtl/pe16.v:126$18 in module pe16.
Marked 1 switch rules as full_case in process $proc$rtl/pe16.v:114$17 in module pe16.
Removed a total of 0 dead cases.

3.2.3. Executing PROC_PRUNE pass (remove redundant assignments in processes).
Removed 2 redundant assignments.
Promoted 0 assignments to connections.

3.2.4. Executing PROC_INIT pass (extract init attributes).

3.2.5. Executing PROC_ARST pass (detect async resets in processes).

3.2.6. Executing PROC_ROM pass (convert switches to ROMs).
Converted 0 switches.
<suppressed ~7 debug messages>

3.2.7. Executing PROC_MUX pass (convert decision trees to multiplexers).
Creating decoders for process `\pe16.$proc$rtl/pe16.v:150$22'.
     1/1: $0\_19[7:0]
Creating decoders for process `\pe16.$proc$rtl/pe16.v:146$21'.
     1/1: $0\_16[7:0]
Creating decoders for process `\pe16.$proc$rtl/pe16.v:142$20'.
     1/1: $0\_13[7:0]
Creating decoders for process `\pe16.$proc$rtl/pe16.v:135$19'.
     1/1: $0\_23[15:0]
Creating decoders for process `\pe16.$proc$rtl/pe16.v:126$18'.
     1/1: $0\_67[15:0]
Creating decoders for process `\pe16.$proc$rtl/pe16.v:114$17'.
     1/1: $0\_64[15:0]

3.2.8. Executing PROC_DLATCH pass (convert process syncs to latches).
No latch inferred for signal `\pe16.\_64' from process `\pe16.$proc$rtl/pe16.v:114$17'.

3.2.9. Executing PROC_DFF pass (convert process syncs to FFs).
Creating register for signal `\pe16.\_19' using process `\pe16.$proc$rtl/pe16.v:150$22'.
  created $dff cell `$procdff$43' with positive edge clock.
Creating register for signal `\pe16.\_16' using process `\pe16.$proc$rtl/pe16.v:146$21'.
  created $dff cell `$procdff$44' with positive edge clock.
Creating register for signal `\pe16.\_13' using process `\pe16.$proc$rtl/pe16.v:142$20'.
  created $dff cell `$procdff$45' with positive edge clock.
Creating register for signal `\pe16.\_23' using process `\pe16.$proc$rtl/pe16.v:135$19'.
  created $dff cell `$procdff$46' with positive edge clock.
Creating register for signal `\pe16.\_67' using process `\pe16.$proc$rtl/pe16.v:126$18'.
  created $dff cell `$procdff$47' with positive edge clock.

3.2.10. Executing PROC_MEMWR pass (convert process memory writes to cells).

3.2.11. Executing PROC_CLEAN pass (remove empty switches from decision trees).
Found and cleaned up 1 empty switch in `\pe16.$proc$rtl/pe16.v:150$22'.
Removing empty process `pe16.$proc$rtl/pe16.v:150$22'.
Found and cleaned up 1 empty switch in `\pe16.$proc$rtl/pe16.v:146$21'.
Removing empty process `pe16.$proc$rtl/pe16.v:146$21'.
Found and cleaned up 1 empty switch in `\pe16.$proc$rtl/pe16.v:142$20'.
Removing empty process `pe16.$proc$rtl/pe16.v:142$20'.
Found and cleaned up 1 empty switch in `\pe16.$proc$rtl/pe16.v:135$19'.
Removing empty process `pe16.$proc$rtl/pe16.v:135$19'.
Found and cleaned up 2 empty switches in `\pe16.$proc$rtl/pe16.v:126$18'.
Removing empty process `pe16.$proc$rtl/pe16.v:126$18'.
Found and cleaned up 1 empty switch in `\pe16.$proc$rtl/pe16.v:114$17'.
Removing empty process `pe16.$proc$rtl/pe16.v:114$17'.
Cleaned up 7 empty switches.

3.2.12. Executing OPT_EXPR pass (perform const folding).
Optimizing module pe16.
<suppressed ~2 debug messages>

3.3. Executing CHECK pass (checking for obvious problems).
Checking module pe16...
Found and reported 0 problems.

3.4. Executing FLATTEN pass (flatten design).

3.5. Executing OPT_EXPR pass (perform const folding).
Optimizing module pe16.

3.6. Executing CHECK pass (checking for obvious problems).
Checking module pe16...
Found and reported 0 problems.

3.7. Executing OPT_CLEAN pass (remove unused cells and wires).
Finding unused cells or wires in module \pe16..
Removed 0 unused cells and 30 unused wires.
<suppressed ~1 debug messages>

3.8. Executing OPT pass (performing simple optimizations).

3.8.1. Executing OPT_EXPR pass (perform const folding).
Optimizing module pe16.

3.8.2. Executing OPT_MERGE pass (detect identical cells).
Finding identical cells in module `\pe16'.
Computing hashes of 32 cells of `\pe16'.
Finding duplicate cells in `\pe16'.
Computing hashes of 30 cells of `\pe16'.
Finding duplicate cells in `\pe16'.
<suppressed ~6 debug messages>
Removed a total of 2 cells.

3.8.3. Executing OPT_MUXTREE pass (detect dead branches in mux trees).
Running muxtree optimizer on module \pe16..
  Creating internal representation of mux trees.
  Evaluating internal representation of mux trees.
  Analyzing evaluation results.
Removed 0 multiplexer ports.
<suppressed ~26 debug messages>

3.8.4. Executing OPT_REDUCE pass (consolidate $*mux and $reduce_* inputs).
  Optimizing cells in module \pe16.
Performed a total of 0 changes.

3.8.5. Executing OPT_MERGE pass (detect identical cells).
Finding identical cells in module `\pe16'.
Computing hashes of 30 cells of `\pe16'.
Finding duplicate cells in `\pe16'.
Computing hashes of 29 cells of `\pe16'.
Finding duplicate cells in `\pe16'.
Computing hashes of 28 cells of `\pe16'.
Finding duplicate cells in `\pe16'.
<suppressed ~6 debug messages>
Removed a total of 2 cells.

3.8.6. Executing OPT_DFF pass (perform DFF optimizations).

3.8.7. Executing OPT_CLEAN pass (remove unused cells and wires).
Finding unused cells or wires in module \pe16..
Removed 0 unused cells and 1 unused wires.
<suppressed ~1 debug messages>

3.8.8. Executing OPT_EXPR pass (perform const folding).
Optimizing module pe16.

3.8.9. Rerunning OPT passes. (Maybe there is more to do..)

3.8.10. Executing OPT_MUXTREE pass (detect dead branches in mux trees).
Running muxtree optimizer on module \pe16..
  Creating internal representation of mux trees.
  Evaluating internal representation of mux trees.
  Analyzing evaluation results.
Removed 0 multiplexer ports.
<suppressed ~29 debug messages>

3.8.11. Executing OPT_REDUCE pass (consolidate $*mux and $reduce_* inputs).
  Optimizing cells in module \pe16.
    New ctrl vector for $pmux cell $procmux$39: { $procmux$40_CMP $auto$opt_reduce.cc:137:opt_pmux$49 }
  Optimizing cells in module \pe16.
Performed a total of 1 changes.

3.8.12. Executing OPT_MERGE pass (detect identical cells).
Finding identical cells in module `\pe16'.
Computing hashes of 29 cells of `\pe16'.
Finding duplicate cells in `\pe16'.
Removed a total of 0 cells.

3.8.13. Executing OPT_DFF pass (perform DFF optimizations).

3.8.14. Executing OPT_CLEAN pass (remove unused cells and wires).
Finding unused cells or wires in module \pe16..

3.8.15. Executing OPT_EXPR pass (perform const folding).
Optimizing module pe16.

3.8.16. Rerunning OPT passes. (Maybe there is more to do..)

3.8.17. Executing OPT_MUXTREE pass (detect dead branches in mux trees).
Running muxtree optimizer on module \pe16..
  Creating internal representation of mux trees.
  Evaluating internal representation of mux trees.
  Analyzing evaluation results.
Removed 0 multiplexer ports.
<suppressed ~24 debug messages>

3.8.18. Executing OPT_REDUCE pass (consolidate $*mux and $reduce_* inputs).
  Optimizing cells in module \pe16.
Performed a total of 0 changes.

3.8.19. Executing OPT_MERGE pass (detect identical cells).
Finding identical cells in module `\pe16'.
Computing hashes of 29 cells of `\pe16'.
Finding duplicate cells in `\pe16'.
Removed a total of 0 cells.

3.8.20. Executing OPT_DFF pass (perform DFF optimizations).

3.8.21. Executing OPT_CLEAN pass (remove unused cells and wires).
Finding unused cells or wires in module \pe16..

3.8.22. Executing OPT_EXPR pass (perform const folding).
Optimizing module pe16.

3.8.23. Finished fast OPT passes. (There is nothing left to do.)

3.9. Executing FSM pass (extract and optimize FSM).

3.9.1. Executing FSM_DETECT pass (finding FSMs in design).

3.9.2. Executing FSM_EXTRACT pass (extracting FSM from design).

3.9.3. Executing FSM_OPT pass (simple optimizations of FSMs).

3.9.4. Executing OPT_CLEAN pass (remove unused cells and wires).
Finding unused cells or wires in module \pe16..

3.9.5. Executing FSM_OPT pass (simple optimizations of FSMs).

3.9.6. Executing FSM_RECODE pass (re-assigning FSM state encoding).

3.9.7. Executing FSM_INFO pass (dumping all available information on FSM cells).

3.9.8. Executing FSM_MAP pass (mapping FSMs to basic logic).

3.10. Executing OPT pass (performing simple optimizations).

3.10.1. Executing OPT_EXPR pass (perform const folding).
Optimizing module pe16.

3.10.2. Executing OPT_MERGE pass (detect identical cells).
Finding identical cells in module `\pe16'.
Computing hashes of 29 cells of `\pe16'.
Finding duplicate cells in `\pe16'.
Removed a total of 0 cells.

3.10.3. Executing OPT_MUXTREE pass (detect dead branches in mux trees).
Running muxtree optimizer on module \pe16..
  Creating internal representation of mux trees.
  Evaluating internal representation of mux trees.
  Analyzing evaluation results.
Removed 0 multiplexer ports.
<suppressed ~24 debug messages>

3.10.4. Executing OPT_REDUCE pass (consolidate $*mux and $reduce_* inputs).
  Optimizing cells in module \pe16.
Performed a total of 0 changes.

3.10.5. Executing OPT_MERGE pass (detect identical cells).
Finding identical cells in module `\pe16'.
Computing hashes of 29 cells of `\pe16'.
Finding duplicate cells in `\pe16'.
Removed a total of 0 cells.

3.10.6. Executing OPT_DFF pass (perform DFF optimizations).
Adding EN signal on $procdff$45 ($dff) from module pe16 (D = \cfg_in, Q = \_13).
Adding SRST signal on $procdff$46 ($dff) from module pe16 (D = \nbr_in, Q = \_23, rval = 16'0000000000000000).
Adding EN signal on $procdff$44 ($dff) from module pe16 (D = \_13, Q = \_16).
Adding SRST signal on $procdff$47 ($dff) from module pe16 (D = $procmux$33_Y, Q = \_67, rval = 16'0000000000000000).
Adding EN signal on $auto$ff.cc:337:slice$53 ($sdff) from module pe16 (D = \_64, Q = \_67).
Adding EN signal on $procdff$43 ($dff) from module pe16 (D = \_16, Q = \_19).

3.10.7. Executing OPT_CLEAN pass (remove unused cells and wires).
Finding unused cells or wires in module \pe16..
Removed 6 unused cells and 6 unused wires.
<suppressed ~7 debug messages>

3.10.8. Executing OPT_EXPR pass (perform const folding).
Optimizing module pe16.

3.10.9. Rerunning OPT passes. (Maybe there is more to do..)

3.10.10. Executing OPT_MUXTREE pass (detect dead branches in mux trees).
Running muxtree optimizer on module \pe16..
  Creating internal representation of mux trees.
  Evaluating internal representation of mux trees.
  Analyzing evaluation results.
Removed 0 multiplexer ports.
<suppressed ~14 debug messages>

3.10.11. Executing OPT_REDUCE pass (consolidate $*mux and $reduce_* inputs).
  Optimizing cells in module \pe16.
Performed a total of 0 changes.

3.10.12. Executing OPT_MERGE pass (detect identical cells).
Finding identical cells in module `\pe16'.
Computing hashes of 23 cells of `\pe16'.
Finding duplicate cells in `\pe16'.
Removed a total of 0 cells.

3.10.13. Executing OPT_DFF pass (perform DFF optimizations).

3.10.14. Executing OPT_CLEAN pass (remove unused cells and wires).
Finding unused cells or wires in module \pe16..

3.10.15. Executing OPT_EXPR pass (perform const folding).
Optimizing module pe16.

3.10.16. Finished fast OPT passes. (There is nothing left to do.)

3.11. Executing WREDUCE pass (reducing word size of cells).
Removed top 16 bits (of 17) from port B of cell pe16.$add$rtl/pe16.v:109$14 ($add).
Removed top 1 bits (of 2) from port B of cell pe16.$procmux$41_CMP0 ($eq).

3.12. Executing PEEPOPT pass (run peephole optimizers).

3.13. Executing OPT_CLEAN pass (remove unused cells and wires).
Finding unused cells or wires in module \pe16..

3.14. Executing ALUMACC pass (create $alu and $macc cells).
Extracting $alu and $macc cells in module pe16:
  creating $macc model for $add$rtl/pe16.v:109$14 ($add).
  creating $macc model for $add$rtl/pe16.v:108$13 ($add).
  merging $macc model for $add$rtl/pe16.v:108$13 into $add$rtl/pe16.v:109$14.
  creating $alu model for $macc $add$rtl/pe16.v:109$14.
  creating $alu cell for $add$rtl/pe16.v:109$14: $auto$alumacc.cc:548:replace_alu$56
  created 1 $alu and 0 $macc cells.

3.15. Executing SHARE pass (SAT-based resource sharing).

3.16. Executing OPT pass (performing simple optimizations).

3.16.1. Executing OPT_EXPR pass (perform const folding).
Optimizing module pe16.

3.16.2. Executing OPT_MERGE pass (detect identical cells).
Finding identical cells in module `\pe16'.
Computing hashes of 23 cells of `\pe16'.
Finding duplicate cells in `\pe16'.
Removed a total of 0 cells.

3.16.3. Executing OPT_MUXTREE pass (detect dead branches in mux trees).
Running muxtree optimizer on module \pe16..
  Creating internal representation of mux trees.
  Evaluating internal representation of mux trees.
  Analyzing evaluation results.
Removed 0 multiplexer ports.
<suppressed ~14 debug messages>

3.16.4. Executing OPT_REDUCE pass (consolidate $*mux and $reduce_* inputs).
  Optimizing cells in module \pe16.
Performed a total of 0 changes.

3.16.5. Executing OPT_MERGE pass (detect identical cells).
Finding identical cells in module `\pe16'.
Computing hashes of 23 cells of `\pe16'.
Finding duplicate cells in `\pe16'.
Removed a total of 0 cells.

3.16.6. Executing OPT_DFF pass (perform DFF optimizations).

3.16.7. Executing OPT_CLEAN pass (remove unused cells and wires).
Finding unused cells or wires in module \pe16..
Removed 1 unused cells and 1 unused wires.
<suppressed ~2 debug messages>

3.16.8. Executing OPT_EXPR pass (perform const folding).
Optimizing module pe16.

3.16.9. Rerunning OPT passes. (Maybe there is more to do..)

3.16.10. Executing OPT_MUXTREE pass (detect dead branches in mux trees).
Running muxtree optimizer on module \pe16..
  Creating internal representation of mux trees.
  Evaluating internal representation of mux trees.
  Analyzing evaluation results.
Removed 0 multiplexer ports.
<suppressed ~14 debug messages>

3.16.11. Executing OPT_REDUCE pass (consolidate $*mux and $reduce_* inputs).
  Optimizing cells in module \pe16.
Performed a total of 0 changes.

3.16.12. Executing OPT_MERGE pass (detect identical cells).
Finding identical cells in module `\pe16'.
Computing hashes of 22 cells of `\pe16'.
Finding duplicate cells in `\pe16'.
Removed a total of 0 cells.

3.16.13. Executing OPT_DFF pass (perform DFF optimizations).

3.16.14. Executing OPT_CLEAN pass (remove unused cells and wires).
Finding unused cells or wires in module \pe16..

3.16.15. Executing OPT_EXPR pass (perform const folding).
Optimizing module pe16.

3.16.16. Finished fast OPT passes. (There is nothing left to do.)

3.17. Executing MEMORY pass.

3.17.1. Executing OPT_MEM pass (optimize memories).
Performed a total of 0 transformations.

3.17.2. Executing OPT_MEM_PRIORITY pass (removing unnecessary memory write priority relations).
Performed a total of 0 transformations.

3.17.3. Executing OPT_MEM_FEEDBACK pass (finding memory read-to-write feedback paths).

3.17.4. Executing MEMORY_BMUX2ROM pass (converting muxes to ROMs).

3.17.5. Executing MEMORY_DFF pass (merging $dff cells to $memrd).

3.17.6. Executing OPT_CLEAN pass (remove unused cells and wires).
Finding unused cells or wires in module \pe16..

3.17.7. Executing MEMORY_SHARE pass (consolidating $memrd/$memwr cells).

3.17.8. Executing OPT_MEM_WIDEN pass (optimize memories where all ports are wide).
Performed a total of 0 transformations.

3.17.9. Executing OPT_CLEAN pass (remove unused cells and wires).
Finding unused cells or wires in module \pe16..

3.17.10. Executing MEMORY_COLLECT pass (generating $mem cells).

3.18. Executing OPT_CLEAN pass (remove unused cells and wires).
Finding unused cells or wires in module \pe16..

3.19. Executing OPT pass (performing simple optimizations).

3.19.1. Executing OPT_EXPR pass (perform const folding).
Optimizing module pe16.
<suppressed ~3 debug messages>

3.19.2. Executing OPT_MERGE pass (detect identical cells).
Finding identical cells in module `\pe16'.
Computing hashes of 22 cells of `\pe16'.
Finding duplicate cells in `\pe16'.
Removed a total of 0 cells.

3.19.3. Executing OPT_DFF pass (perform DFF optimizations).

3.19.4. Executing OPT_CLEAN pass (remove unused cells and wires).
Finding unused cells or wires in module \pe16..
Removed 0 unused cells and 1 unused wires.
<suppressed ~1 debug messages>

3.19.5. Finished fast OPT passes.

3.20. Executing MEMORY_MAP pass (converting memories to logic and flip-flops).

3.21. Executing OPT pass (performing simple optimizations).

3.21.1. Executing OPT_EXPR pass (perform const folding).
Optimizing module pe16.

3.21.2. Executing OPT_MERGE pass (detect identical cells).
Finding identical cells in module `\pe16'.
Computing hashes of 22 cells of `\pe16'.
Finding duplicate cells in `\pe16'.
Removed a total of 0 cells.

3.21.3. Executing OPT_MUXTREE pass (detect dead branches in mux trees).
Running muxtree optimizer on module \pe16..
  Creating internal representation of mux trees.
  Evaluating internal representation of mux trees.
  Analyzing evaluation results.
Removed 0 multiplexer ports.
<suppressed ~14 debug messages>

3.21.4. Executing OPT_REDUCE pass (consolidate $*mux and $reduce_* inputs).
  Optimizing cells in module \pe16.
    Consolidated identical input bits for $mux cell $ternary$rtl/pe16.v:102$11:
      Old ports: A={ \_36 [15] \_36 [15:0] }, B={ \_33 [15] \_33 }, Y=\_37
      New ports: A=\_36 [15:0], B=\_33, Y=\_37 [15:0]
      New connections: \_37 [16] = \_37 [15]
    Consolidated identical input bits for $mux cell $ternary$rtl/pe16.v:86$6:
      Old ports: A=16'0111111111111111, B=16'1000000000000000, Y=\_50
      New ports: A=2'01, B=2'10, Y={ \_50 [15] \_50 [0] }
      New connections: \_50 [14:1] = { \_50 [0] \_50 [0] \_50 [0] \_50 [0] \_50 [0] \_50 [0] \_50 [0] \_50 [0] \_50 [0] \_50 [0] \_50 [0] \_50 [0] \_50 [0] \_50 [0] }
  Optimizing cells in module \pe16.
Performed a total of 2 changes.

3.21.5. Executing OPT_MERGE pass (detect identical cells).
Finding identical cells in module `\pe16'.
Computing hashes of 22 cells of `\pe16'.
Finding duplicate cells in `\pe16'.
Removed a total of 0 cells.

3.21.6. Executing OPT_SHARE pass.

3.21.7. Executing OPT_DFF pass (perform DFF optimizations).

3.21.8. Executing OPT_CLEAN pass (remove unused cells and wires).
Finding unused cells or wires in module \pe16..

3.21.9. Executing OPT_EXPR pass (perform const folding).
Optimizing module pe16.

3.21.10. Rerunning OPT passes. (Maybe there is more to do..)

3.21.11. Executing OPT_MUXTREE pass (detect dead branches in mux trees).
Running muxtree optimizer on module \pe16..
  Creating internal representation of mux trees.
  Evaluating internal representation of mux trees.
  Analyzing evaluation results.
Removed 0 multiplexer ports.
<suppressed ~14 debug messages>

3.21.12. Executing OPT_REDUCE pass (consolidate $*mux and $reduce_* inputs).
  Optimizing cells in module \pe16.
Performed a total of 0 changes.

3.21.13. Executing OPT_MERGE pass (detect identical cells).
Finding identical cells in module `\pe16'.
Computing hashes of 22 cells of `\pe16'.
Finding duplicate cells in `\pe16'.
Removed a total of 0 cells.

3.21.14. Executing OPT_SHARE pass.

3.21.15. Executing OPT_DFF pass (perform DFF optimizations).

3.21.16. Executing OPT_CLEAN pass (remove unused cells and wires).
Finding unused cells or wires in module \pe16..

3.21.17. Executing OPT_EXPR pass (perform const folding).
Optimizing module pe16.

3.21.18. Finished fast OPT passes. (There is nothing left to do.)

3.22. Executing TECHMAP pass (map to technology primitives).

3.22.1. Executing Verilog-2005 frontend: /home/matthias/prog/janestreet/fabulous-notes/oss-cad-suite/lib/../share/yosys/techmap.v
Parsing Verilog input from `/home/matthias/prog/janestreet/fabulous-notes/oss-cad-suite/lib/../share/yosys/techmap.v' to AST representation.
Generating RTLIL representation for module `\_90_simplemap_bool_ops'.
Generating RTLIL representation for module `\_90_simplemap_reduce_ops'.
Generating RTLIL representation for module `\_90_simplemap_logic_ops'.
Generating RTLIL representation for module `\_90_simplemap_compare_ops'.
Generating RTLIL representation for module `\_90_simplemap_various'.
Generating RTLIL representation for module `\_90_simplemap_registers'.
Generating RTLIL representation for module `\_90_shift_ops_shr_shl_sshl_sshr'.
Generating RTLIL representation for module `\_90_shift_shiftx'.
Generating RTLIL representation for module `\_90_fa'.
Generating RTLIL representation for module `\_90_lcu_brent_kung'.
Generating RTLIL representation for module `\_90_alu'.
Generating RTLIL representation for module `\_90_macc'.
Generating RTLIL representation for module `\_90_alumacc'.
Generating RTLIL representation for module `$__div_mod_u'.
Generating RTLIL representation for module `$__div_mod_trunc'.
Generating RTLIL representation for module `\_90_div'.
Generating RTLIL representation for module `\_90_mod'.
Generating RTLIL representation for module `$__div_mod_floor'.
Generating RTLIL representation for module `\_90_divfloor'.
Generating RTLIL representation for module `\_90_modfloor'.
Generating RTLIL representation for module `\_90_pow'.
Generating RTLIL representation for module `\_90_demux'.
Generating RTLIL representation for module `\_90_lut'.
Generating RTLIL representation for module `$connect'.
Generating RTLIL representation for module `$input_port'.
Successfully finished Verilog frontend.

3.22.2. Continuing TECHMAP pass.
Using extmapper simplemap for cells of type $not.
Using template $paramod$3bb72ad0665cdca279bbc49ed6a39f403f16497f\_90_alu for cells of type $alu.
Using extmapper simplemap for cells of type $dffe.
Using extmapper simplemap for cells of type $sdffe.
Using extmapper simplemap for cells of type $sdff.
Using extmapper simplemap for cells of type $reduce_or.
Using extmapper simplemap for cells of type $mux.
Using extmapper simplemap for cells of type $xor.
Using extmapper simplemap for cells of type $eq.
Using extmapper simplemap for cells of type $pmux.
Using extmapper simplemap for cells of type $logic_not.
Using template $paramod\_90_fa\WIDTH=32'00000000000000000000000000010001 for cells of type $fa.
Using template $paramod\_90_lcu_brent_kung\WIDTH=32'00000000000000000000000000010001 for cells of type $lcu.
Using extmapper simplemap for cells of type $pos.
Using extmapper simplemap for cells of type $or.
Using extmapper simplemap for cells of type $and.
No more expansions possible.
<suppressed ~307 debug messages>

3.23. Executing OPT pass (performing simple optimizations).

3.23.1. Executing OPT_EXPR pass (perform const folding).
Optimizing module pe16.
<suppressed ~91 debug messages>

3.23.2. Executing OPT_MERGE pass (detect identical cells).
Finding identical cells in module `\pe16'.
Computing hashes of 395 cells of `\pe16'.
Finding duplicate cells in `\pe16'.
Computing hashes of 392 cells of `\pe16'.
Finding duplicate cells in `\pe16'.
<suppressed ~9 debug messages>
Removed a total of 3 cells.

3.23.3. Executing OPT_DFF pass (perform DFF optimizations).

3.23.4. Executing OPT_CLEAN pass (remove unused cells and wires).
Finding unused cells or wires in module \pe16..
Removed 18 unused cells and 45 unused wires.
<suppressed ~19 debug messages>

3.23.5. Finished fast OPT passes.

3.24. Executing ABC pass (technology mapping using ABC).

3.24.1. Summary of detected clock domains:
  282 cells in clk=\clock, en=\en, arst={ }, srst=\clear
  17 cells in clk=\clock, en={ }, arst={ }, srst=\clear
  75 cells in clk=\clock, en=\cfg_strobe, arst={ }, srst={ }

3.24.2. Extracting gate netlist of module `\pe16' to `<abc-temp-dir>/input.blif'..
Found matching posedge clock domain: \clock, enabled by \en, synchronously reset by \clear

3.24.3. Extracting gate netlist of module `\pe16' to `<abc-temp-dir>/input.blif'..
Found matching posedge clock domain: \clock, synchronously reset by \clear

3.24.4. Extracting gate netlist of module `\pe16' to `<abc-temp-dir>/input.blif'..
Found matching posedge clock domain: \clock, enabled by \cfg_strobe

3.24.4.1. Executed ABC.
Extracted 266 gates and 303 wires to a netlist network with 37 inputs and 16 outputs.
Running ABC script: <abc-temp-dir>/abc.script
ABC: UC Berkeley, ABC 1.01 (compiled Sep 21 2026 05:23:42)
ABC: abc 01> empty
ABC: abc 01> source <abc-temp-dir>/abc.script
ABC: + read_blif <abc-temp-dir>/input.blif 
ABC: + read_library <abc-temp-dir>/stdcells.genlib 
ABC: + strash 
ABC: + &get -n 
ABC: + &fraig -x 
ABC: + &put 
ABC: + scorr 
ABC: Warning: The network is combinational (run "fraig" or "fraig_sweep").
ABC: + dc2 
ABC: + dretime 
ABC: + strash 
ABC: + &get -n 
ABC: + &dch -f 
ABC: + &nf 
ABC: + &put 
ABC: + write_blif <abc-temp-dir>/output.blif 
ABC: 
ABC: YOSYS_ABC_DONE 

3.24.4.2. Re-integrating ABC results.
ABC RESULTS:               AND cells:       32
ABC RESULTS:            ANDNOT cells:        1
ABC RESULTS:               MUX cells:        6
ABC RESULTS:              NAND cells:      126
ABC RESULTS:               NOT cells:        1
ABC RESULTS:                OR cells:       10
ABC RESULTS:             ORNOT cells:        2
ABC RESULTS:              XNOR cells:        8
ABC RESULTS:               XOR cells:       30
ABC RESULTS:        internal signals:      250
ABC RESULTS:           input signals:       37
ABC RESULTS:          output signals:       16
Removing temp directory.

3.24.4.1. Executed ABC.
Extracted 1 gates and 4 wires to a netlist network with 3 inputs and 1 outputs.
Running ABC script: <abc-temp-dir>/abc.script
ABC: UC Berkeley, ABC 1.01 (compiled Sep 21 2026 05:23:42)
ABC: abc 01> empty
ABC: abc 01> source <abc-temp-dir>/abc.script
ABC: + read_blif <abc-temp-dir>/input.blif 
ABC: + read_library <abc-temp-dir>/stdcells.genlib 
ABC: + strash 
ABC: + &get -n 
ABC: + &fraig -x 
ABC: + &put 
ABC: + scorr 
ABC: Warning: The network is combinational (run "fraig" or "fraig_sweep").
ABC: + dc2 
ABC: + dretime 
ABC: + strash 
ABC: + &get -n 
ABC: + &dch -f 
ABC: + &nf 
ABC: + &put 
ABC: + write_blif <abc-temp-dir>/output.blif 
ABC: 
ABC: YOSYS_ABC_DONE 

3.24.4.2. Re-integrating ABC results.
ABC RESULTS:               MUX cells:        1
ABC RESULTS:        internal signals:        0
ABC RESULTS:           input signals:        3
ABC RESULTS:          output signals:        1
Removing temp directory.

3.24.4.1. Executed ABC.
Extracted 51 gates and 118 wires to a netlist network with 67 inputs and 49 outputs.
Running ABC script: <abc-temp-dir>/abc.script
ABC: UC Berkeley, ABC 1.01 (compiled Sep 21 2026 05:23:42)
ABC: abc 01> empty
ABC: abc 01> source <abc-temp-dir>/abc.script
ABC: + read_blif <abc-temp-dir>/input.blif 
ABC: + read_library <abc-temp-dir>/stdcells.genlib 
ABC: + strash 
ABC: + &get -n 
ABC: + &fraig -x 
ABC: + &put 
ABC: + scorr 
ABC: Warning: The network is combinational (run "fraig" or "fraig_sweep").
ABC: + dc2 
ABC: + dretime 
ABC: + strash 
ABC: + &get -n 
ABC: + &dch -f 
ABC: + &nf 
ABC: + &put 
ABC: + write_blif <abc-temp-dir>/output.blif 
ABC: 
ABC: YOSYS_ABC_DONE 

3.24.4.2. Re-integrating ABC results.
ABC RESULTS:               MUX cells:       46
ABC RESULTS:                OR cells:        1
ABC RESULTS:             ORNOT cells:        2
ABC RESULTS:        internal signals:        2
ABC RESULTS:           input signals:       67
ABC RESULTS:          output signals:       49
Removing temp directory.
Removing global temp directory.

3.25. Executing OPT pass (performing simple optimizations).

3.25.1. Executing OPT_EXPR pass (perform const folding).
Optimizing module pe16.

3.25.2. Executing OPT_MERGE pass (detect identical cells).
Finding identical cells in module `\pe16'.
Computing hashes of 322 cells of `\pe16'.
Finding duplicate cells in `\pe16'.
Removed a total of 0 cells.

3.25.3. Executing OPT_DFF pass (perform DFF optimizations).

3.25.4. Executing OPT_CLEAN pass (remove unused cells and wires).
Finding unused cells or wires in module \pe16..
Removed 0 unused cells and 296 unused wires.
<suppressed ~18 debug messages>

3.25.5. Finished fast OPT passes.

3.26. Executing HIERARCHY pass (managing design hierarchy).
Attribute `top' found on module `pe16'. Setting top module to pe16.

3.26.1. Analyzing design hierarchy..
Top module:  \pe16

3.26.2. Analyzing design hierarchy..
Top module:  \pe16
Removed 0 unused modules.

3.27. Printing statistics.

=== pe16 ===

        +----------Local Count, excluding submodules.
        | 
      242 wires
      606 wire bits
       40 public wires
      404 public wire bits
        9 ports
       68 port bits
      322 cells
        1   $_ANDNOT_
       32   $_AND_
       24   $_DFFE_PP_
       53   $_MUX_
      126   $_NAND_
        1   $_NOT_
        4   $_ORNOT_
       11   $_OR_
       16   $_SDFFE_PP0P_
       16   $_SDFF_PP0_
        8   $_XNOR_
       30   $_XOR_

3.28. Executing CHECK pass (checking for obvious problems).
Checking module pe16...
Found and reported 0 problems.

4. Executing DFFLIBMAP pass (mapping DFF/DLATCH cells to sequential cells from liberty file).
  cell sg13g2_dfrbpq_1 (noninv, pins=4, area=48.99) is a direct match for cell type $_DFF_PN0_.
  cell sg13g2_dlhq_1 (noninv, pins=3, area=30.84) is a direct match for cell type $_DLATCH_P_.
  cell sg13g2_dllrq_1 (noninv, pins=4, area=29.03) is a direct match for cell type $_DLATCH_NN0_.
  cell sg13g2_dlhrq_1 (noninv, pins=4, area=27.22) is a direct match for cell type $_DLATCH_PN0_.
  final dff/dlatch cell mappings:
    unmapped dff/dlatch cell: $_DFF_N_
    unmapped dff/dlatch cell: $_DFF_P_
    unmapped dff/dlatch cell: $_DFF_NN0_
    unmapped dff/dlatch cell: $_DFF_NN1_
    unmapped dff/dlatch cell: $_DFF_NP0_
    unmapped dff/dlatch cell: $_DFF_NP1_
    \sg13g2_dfrbpq_1 _DFF_PN0_ (.CLK( C), .D( D), .Q( Q), .RESET_B( R));
    unmapped dff/dlatch cell: $_DFF_PN1_
    unmapped dff/dlatch cell: $_DFF_PP0_
    unmapped dff/dlatch cell: $_DFF_PP1_
    unmapped dff/dlatch cell: $_DFFE_NN_
    unmapped dff/dlatch cell: $_DFFE_NP_
    unmapped dff/dlatch cell: $_DFFE_PN_
    unmapped dff/dlatch cell: $_DFFE_PP_
    unmapped dff/dlatch cell: $_DFFSR_NNN_
    unmapped dff/dlatch cell: $_DFFSR_NNP_
    unmapped dff/dlatch cell: $_DFFSR_NPN_
    unmapped dff/dlatch cell: $_DFFSR_NPP_
    unmapped dff/dlatch cell: $_DFFSR_PNN_
    unmapped dff/dlatch cell: $_DFFSR_PNP_
    unmapped dff/dlatch cell: $_DFFSR_PPN_
    unmapped dff/dlatch cell: $_DFFSR_PPP_
    unmapped dff/dlatch cell: $_DLATCH_N_
    \sg13g2_dlhq_1 _DLATCH_P_ (.D( D), .GATE( E), .Q( Q));
    \sg13g2_dllrq_1 _DLATCH_NN0_ (.D( D), .GATE_N( E), .Q( Q), .RESET_B( R));
    unmapped dff/dlatch cell: $_DLATCH_NN1_
    unmapped dff/dlatch cell: $_DLATCH_NP0_
    unmapped dff/dlatch cell: $_DLATCH_NP1_
    \sg13g2_dlhrq_1 _DLATCH_PN0_ (.D( D), .GATE( E), .Q( Q), .RESET_B( R));
    unmapped dff/dlatch cell: $_DLATCH_PN1_
    unmapped dff/dlatch cell: $_DLATCH_PP0_
    unmapped dff/dlatch cell: $_DLATCH_PP1_
    unmapped dff/dlatch cell: $_DLATCHSR_NNN_
    unmapped dff/dlatch cell: $_DLATCHSR_NNP_
    unmapped dff/dlatch cell: $_DLATCHSR_NPN_
    unmapped dff/dlatch cell: $_DLATCHSR_NPP_
    unmapped dff/dlatch cell: $_DLATCHSR_PNN_
    unmapped dff/dlatch cell: $_DLATCHSR_PNP_
    unmapped dff/dlatch cell: $_DLATCHSR_PPN_
    unmapped dff/dlatch cell: $_DLATCHSR_PPP_

4.1. Executing DFFLEGALIZE pass (convert FFs and LATCHes to types supported by the target).
<suppressed ~4 debug messages>
Mapping DFF/DLATCH cells in module `\pe16':
  mapped 56 $_DFF_PN0_ cells to \sg13g2_dfrbpq_1 cells.

5. Executing ABC pass (technology mapping using ABC).

5.1. Summary of detected clock domains:
  394 cells in clk={ }, en={ }, arst={ }, srst={ }

5.2. Extracting gate netlist of module `\pe16' to `<abc-temp-dir>/input.blif'..
ABC: using cached merged SCL: /tmp/yosys-liberty-scl-cache-1000/yosys_merged_284aa476.scl (1 files)
No matching clock domain found. Not extracting any FF cells.

5.2.1. Executed ABC.
Extracted 338 gates and 422 wires to a netlist network with 83 inputs and 72 outputs.
Running ABC script: <abc-temp-dir>/abc.script
ABC: UC Berkeley, ABC 1.01 (compiled Sep 21 2026 05:23:42)
ABC: abc 01> empty
ABC: abc 01> source <abc-temp-dir>/abc.script
ABC: + read_blif <abc-temp-dir>/input.blif 
ABC: + read_scl /tmp/yosys-liberty-scl-cache-1000/yosys_merged_284aa476.scl 
ABC: + strash 
ABC: + &get -n 
ABC: + &fraig -x 
ABC: + &put 
ABC: + scorr 
ABC: Warning: The network is combinational (run "fraig" or "fraig_sweep").
ABC: + dc2 
ABC: + dretime 
ABC: + strash 
ABC: + &get -n 
ABC: + &dch -f 
ABC: + &nf 
ABC: + &put 
ABC: + write_blif <abc-temp-dir>/output.blif 
ABC: 
ABC: YOSYS_ABC_DONE 

5.2.2. Re-integrating ABC results.
ABC RESULTS:     sg13g2_a21o_1 cells:        2
ABC RESULTS:    sg13g2_a21oi_1 cells:       24
ABC RESULTS:   sg13g2_a221oi_1 cells:       15
ABC RESULTS:    sg13g2_a22oi_1 cells:        2
ABC RESULTS:     sg13g2_and2_1 cells:        7
ABC RESULTS:     sg13g2_and3_1 cells:        1
ABC RESULTS:     sg13g2_and4_1 cells:        2
ABC RESULTS:      sg13g2_inv_1 cells:        4
ABC RESULTS:     sg13g2_mux2_1 cells:       72
ABC RESULTS:    sg13g2_nand2_1 cells:       32
ABC RESULTS:    sg13g2_nand3_1 cells:        3
ABC RESULTS:   sg13g2_nand3b_1 cells:        1
ABC RESULTS:     sg13g2_nor2_1 cells:       18
ABC RESULTS:    sg13g2_nor2b_1 cells:       16
ABC RESULTS:     sg13g2_nor3_1 cells:        1
ABC RESULTS:     sg13g2_nor4_1 cells:        1
ABC RESULTS:    sg13g2_o21ai_1 cells:       28
ABC RESULTS:      sg13g2_or2_1 cells:        8
ABC RESULTS:      sg13g2_or3_1 cells:        3
ABC RESULTS:    sg13g2_xnor2_1 cells:       23
ABC RESULTS:     sg13g2_xor2_1 cells:       11
ABC RESULTS:        internal signals:      267
ABC RESULTS:           input signals:       83
ABC RESULTS:          output signals:       72
Removing temp directory.
Removing global temp directory.

6. Executing OPT_CLEAN pass (remove unused cells and wires).
Finding unused cells or wires in module \pe16..
Removed 0 unused cells and 381 unused wires.
<suppressed ~9 debug messages>

7. Printing statistics.

=== pe16 ===

        +----------Local Count, excluding submodules.
        |        +-Local Area, excluding submodules.
        |        | 
      290        - wires
      577        - wire bits
       32        - public wires
      319        - public wire bits
        9        - ports
       68        - port bits
      330 6.09E+03 cells
        2   25.402   sg13g2_a21o_1
       24  217.728   sg13g2_a21oi_1
       15  217.728   sg13g2_a221oi_1
        2   21.697   sg13g2_a22oi_1
        7   63.504   sg13g2_and2_1
        1   12.701   sg13g2_and3_1
        2    29.03   sg13g2_and4_1
       56 2.74E+03   sg13g2_dfrbpq_1
        4   21.773   sg13g2_inv_1
       72 1.31E+03   sg13g2_mux2_1
       32  232.243   sg13g2_nand2_1
        3   27.216   sg13g2_nand3_1
        1   12.701   sg13g2_nand3b_1
       18  130.637   sg13g2_nor2_1
       16  145.152   sg13g2_nor2b_1
        1    9.072   sg13g2_nor3_1
        1   10.886   sg13g2_nor4_1
       28  254.016   sg13g2_o21ai_1
        8   72.576   sg13g2_or2_1
        3   38.102   sg13g2_or3_1
       23   333.85   sg13g2_xnor2_1
       11  159.667   sg13g2_xor2_1

   Chip area for module '\pe16': 6085.422000
     of which used for sequential elements: 2743.372800 (45.08%)

8. Executing Verilog backend.

8.1. Executing BMUXMAP pass.

8.2. Executing DEMUXMAP pass.
Dumping module `\pe16'.

End of script. Logfile hash: 4b0bbdc467, time: 0.15s, user: 0.05s, system: 0.01s, MEM: 23.41 MB peak
Yosys 0.69+77 (git sha1 9ff27d29c-dirty, Release, Clang /usr/bin/clang++ 21.1.8)
Time spent: 83% 2x abc (0 sec), 3% 20x opt_clean (0 sec), ...
