
 /----------------------------------------------------------------------------\
 |  yosys -- Yosys Open SYnthesis Suite                                       |
 |  Copyright (C) 2012 - 2026  Claire Xenia Wolf <claire@yosyshq.com>         |
 |  Distributed under an ISC-like license, type "license" to see terms        |
 \----------------------------------------------------------------------------/
 Yosys 0.69+77 (git sha1 9ff27d29c-dirty, Release, Clang /usr/bin/clang++ 21.1.8)

-- Running command `read_verilog -sv rtl/ring_cell24.v; hierarchy -check -top ring_cell24; synth -top ring_cell24 -flatten; dfflibmap -liberty /home/matthias/.ciel/ihp-sg13g2/ihp-sg13g2/libs.ref/sg13g2_stdcell/lib/sg13g2_stdcell_typ_1p20V_25C.lib; abc -liberty /home/matthias/.ciel/ihp-sg13g2/ihp-sg13g2/libs.ref/sg13g2_stdcell/lib/sg13g2_stdcell_typ_1p20V_25C.lib; opt_clean; tee -o reports/ring_cell24-y069.stat.txt stat -liberty /home/matthias/.ciel/ihp-sg13g2/ihp-sg13g2/libs.ref/sg13g2_stdcell/lib/sg13g2_stdcell_typ_1p20V_25C.lib; write_verilog -noattr /var/tmp/pe-synth/netlists/ring_cell24-y069.v' --

1. Executing Verilog-2005 frontend: rtl/ring_cell24.v
Parsing SystemVerilog input from `rtl/ring_cell24.v' to AST representation.
Generating RTLIL representation for module `\ring_cell24'.
Successfully finished Verilog frontend.

2. Executing HIERARCHY pass (managing design hierarchy).

2.1. Analyzing design hierarchy..
Top module:  \ring_cell24

2.2. Analyzing design hierarchy..
Top module:  \ring_cell24
Removed 0 unused modules.

3. Executing SYNTH pass.

3.1. Executing HIERARCHY pass (managing design hierarchy).

3.1.1. Analyzing design hierarchy..
Top module:  \ring_cell24

3.1.2. Analyzing design hierarchy..
Top module:  \ring_cell24
Removed 0 unused modules.

3.2. Executing PROC pass (convert processes to netlists).

3.2.1. Executing PROC_CLEAN pass (remove empty switches from decision trees).
Cleaned up 0 empty switches.

3.2.2. Executing PROC_RMDEAD pass (remove dead branches from decision trees).
Marked 1 switch rules as full_case in process $proc$rtl/ring_cell24.v:190$24 in module ring_cell24.
Marked 1 switch rules as full_case in process $proc$rtl/ring_cell24.v:176$21 in module ring_cell24.
Marked 1 switch rules as full_case in process $proc$rtl/ring_cell24.v:136$12 in module ring_cell24.
Marked 1 switch rules as full_case in process $proc$rtl/ring_cell24.v:114$8 in module ring_cell24.
Removed a total of 0 dead cases.

3.2.3. Executing PROC_PRUNE pass (remove redundant assignments in processes).
Removed 4 redundant assignments.
Promoted 0 assignments to connections.

3.2.4. Executing PROC_INIT pass (extract init attributes).

3.2.5. Executing PROC_ARST pass (detect async resets in processes).

3.2.6. Executing PROC_ROM pass (convert switches to ROMs).
Converted 0 switches.
<suppressed ~8 debug messages>

3.2.7. Executing PROC_MUX pass (convert decision trees to multiplexers).
Creating decoders for process `\ring_cell24.$proc$rtl/ring_cell24.v:190$24'.
     1/1: $0\_77[23:0]
Creating decoders for process `\ring_cell24.$proc$rtl/ring_cell24.v:176$21'.
     1/1: $0\_69[23:0]
Creating decoders for process `\ring_cell24.$proc$rtl/ring_cell24.v:171$20'.
     1/1: $0\_28[7:0]
Creating decoders for process `\ring_cell24.$proc$rtl/ring_cell24.v:167$19'.
     1/1: $0\_25[7:0]
Creating decoders for process `\ring_cell24.$proc$rtl/ring_cell24.v:163$18'.
     1/1: $0\_22[7:0]
Creating decoders for process `\ring_cell24.$proc$rtl/ring_cell24.v:159$17'.
     1/1: $0\_19[7:0]
Creating decoders for process `\ring_cell24.$proc$rtl/ring_cell24.v:136$12'.
     1/1: $0\_31[23:0]
Creating decoders for process `\ring_cell24.$proc$rtl/ring_cell24.v:114$8'.
     1/1: $0\_38[23:0]

3.2.8. Executing PROC_DLATCH pass (convert process syncs to latches).
No latch inferred for signal `\ring_cell24.\_69' from process `\ring_cell24.$proc$rtl/ring_cell24.v:176$21'.
No latch inferred for signal `\ring_cell24.\_31' from process `\ring_cell24.$proc$rtl/ring_cell24.v:136$12'.
No latch inferred for signal `\ring_cell24.\_38' from process `\ring_cell24.$proc$rtl/ring_cell24.v:114$8'.

3.2.9. Executing PROC_DFF pass (convert process syncs to FFs).
Creating register for signal `\ring_cell24.\_77' using process `\ring_cell24.$proc$rtl/ring_cell24.v:190$24'.
  created $dff cell `$procdff$53' with positive edge clock.
Creating register for signal `\ring_cell24.\_28' using process `\ring_cell24.$proc$rtl/ring_cell24.v:171$20'.
  created $dff cell `$procdff$54' with positive edge clock.
Creating register for signal `\ring_cell24.\_25' using process `\ring_cell24.$proc$rtl/ring_cell24.v:167$19'.
  created $dff cell `$procdff$55' with positive edge clock.
Creating register for signal `\ring_cell24.\_22' using process `\ring_cell24.$proc$rtl/ring_cell24.v:163$18'.
  created $dff cell `$procdff$56' with positive edge clock.
Creating register for signal `\ring_cell24.\_19' using process `\ring_cell24.$proc$rtl/ring_cell24.v:159$17'.
  created $dff cell `$procdff$57' with positive edge clock.

3.2.10. Executing PROC_MEMWR pass (convert process memory writes to cells).

3.2.11. Executing PROC_CLEAN pass (remove empty switches from decision trees).
Found and cleaned up 1 empty switch in `\ring_cell24.$proc$rtl/ring_cell24.v:190$24'.
Removing empty process `ring_cell24.$proc$rtl/ring_cell24.v:190$24'.
Found and cleaned up 1 empty switch in `\ring_cell24.$proc$rtl/ring_cell24.v:176$21'.
Removing empty process `ring_cell24.$proc$rtl/ring_cell24.v:176$21'.
Found and cleaned up 1 empty switch in `\ring_cell24.$proc$rtl/ring_cell24.v:171$20'.
Removing empty process `ring_cell24.$proc$rtl/ring_cell24.v:171$20'.
Found and cleaned up 1 empty switch in `\ring_cell24.$proc$rtl/ring_cell24.v:167$19'.
Removing empty process `ring_cell24.$proc$rtl/ring_cell24.v:167$19'.
Found and cleaned up 1 empty switch in `\ring_cell24.$proc$rtl/ring_cell24.v:163$18'.
Removing empty process `ring_cell24.$proc$rtl/ring_cell24.v:163$18'.
Found and cleaned up 1 empty switch in `\ring_cell24.$proc$rtl/ring_cell24.v:159$17'.
Removing empty process `ring_cell24.$proc$rtl/ring_cell24.v:159$17'.
Found and cleaned up 1 empty switch in `\ring_cell24.$proc$rtl/ring_cell24.v:136$12'.
Removing empty process `ring_cell24.$proc$rtl/ring_cell24.v:136$12'.
Found and cleaned up 1 empty switch in `\ring_cell24.$proc$rtl/ring_cell24.v:114$8'.
Removing empty process `ring_cell24.$proc$rtl/ring_cell24.v:114$8'.
Cleaned up 8 empty switches.

3.2.12. Executing OPT_EXPR pass (perform const folding).
Optimizing module ring_cell24.
<suppressed ~4 debug messages>

3.3. Executing CHECK pass (checking for obvious problems).
Checking module ring_cell24...
Found and reported 0 problems.

3.4. Executing FLATTEN pass (flatten design).

3.5. Executing OPT_EXPR pass (perform const folding).
Optimizing module ring_cell24.

3.6. Executing CHECK pass (checking for obvious problems).
Checking module ring_cell24...
Found and reported 0 problems.

3.7. Executing OPT_CLEAN pass (remove unused cells and wires).
Finding unused cells or wires in module \ring_cell24..
Removed 0 unused cells and 32 unused wires.
<suppressed ~1 debug messages>

3.8. Executing OPT pass (performing simple optimizations).

3.8.1. Executing OPT_EXPR pass (perform const folding).
Optimizing module ring_cell24.

3.8.2. Executing OPT_MERGE pass (detect identical cells).
Finding identical cells in module `\ring_cell24'.
Computing hashes of 40 cells of `\ring_cell24'.
Finding duplicate cells in `\ring_cell24'.
Computing hashes of 38 cells of `\ring_cell24'.
Finding duplicate cells in `\ring_cell24'.
<suppressed ~6 debug messages>
Removed a total of 2 cells.

3.8.3. Executing OPT_MUXTREE pass (detect dead branches in mux trees).
Running muxtree optimizer on module \ring_cell24..
  Creating internal representation of mux trees.
  Evaluating internal representation of mux trees.
  Analyzing evaluation results.
Removed 0 multiplexer ports.
<suppressed ~25 debug messages>

3.8.4. Executing OPT_REDUCE pass (consolidate $*mux and $reduce_* inputs).
  Optimizing cells in module \ring_cell24.
Performed a total of 0 changes.

3.8.5. Executing OPT_MERGE pass (detect identical cells).
Finding identical cells in module `\ring_cell24'.
Computing hashes of 38 cells of `\ring_cell24'.
Finding duplicate cells in `\ring_cell24'.
Computing hashes of 37 cells of `\ring_cell24'.
Finding duplicate cells in `\ring_cell24'.
Computing hashes of 36 cells of `\ring_cell24'.
Finding duplicate cells in `\ring_cell24'.
<suppressed ~6 debug messages>
Removed a total of 2 cells.

3.8.6. Executing OPT_DFF pass (perform DFF optimizations).

3.8.7. Executing OPT_CLEAN pass (remove unused cells and wires).
Finding unused cells or wires in module \ring_cell24..
Removed 0 unused cells and 1 unused wires.
<suppressed ~1 debug messages>

3.8.8. Executing OPT_EXPR pass (perform const folding).
Optimizing module ring_cell24.

3.8.9. Rerunning OPT passes. (Maybe there is more to do..)

3.8.10. Executing OPT_MUXTREE pass (detect dead branches in mux trees).
Running muxtree optimizer on module \ring_cell24..
  Creating internal representation of mux trees.
  Evaluating internal representation of mux trees.
  Analyzing evaluation results.
Removed 0 multiplexer ports.
<suppressed ~28 debug messages>

3.8.11. Executing OPT_REDUCE pass (consolidate $*mux and $reduce_* inputs).
  Optimizing cells in module \ring_cell24.
    New ctrl vector for $pmux cell $procmux$29: { $procmux$30_CMP $auto$opt_reduce.cc:137:opt_pmux$59 }
  Optimizing cells in module \ring_cell24.
Performed a total of 1 changes.

3.8.12. Executing OPT_MERGE pass (detect identical cells).
Finding identical cells in module `\ring_cell24'.
Computing hashes of 37 cells of `\ring_cell24'.
Finding duplicate cells in `\ring_cell24'.
Removed a total of 0 cells.

3.8.13. Executing OPT_DFF pass (perform DFF optimizations).

3.8.14. Executing OPT_CLEAN pass (remove unused cells and wires).
Finding unused cells or wires in module \ring_cell24..

3.8.15. Executing OPT_EXPR pass (perform const folding).
Optimizing module ring_cell24.

3.8.16. Rerunning OPT passes. (Maybe there is more to do..)

3.8.17. Executing OPT_MUXTREE pass (detect dead branches in mux trees).
Running muxtree optimizer on module \ring_cell24..
  Creating internal representation of mux trees.
  Evaluating internal representation of mux trees.
  Analyzing evaluation results.
Removed 0 multiplexer ports.
<suppressed ~23 debug messages>

3.8.18. Executing OPT_REDUCE pass (consolidate $*mux and $reduce_* inputs).
  Optimizing cells in module \ring_cell24.
Performed a total of 0 changes.

3.8.19. Executing OPT_MERGE pass (detect identical cells).
Finding identical cells in module `\ring_cell24'.
Computing hashes of 37 cells of `\ring_cell24'.
Finding duplicate cells in `\ring_cell24'.
Removed a total of 0 cells.

3.8.20. Executing OPT_DFF pass (perform DFF optimizations).

3.8.21. Executing OPT_CLEAN pass (remove unused cells and wires).
Finding unused cells or wires in module \ring_cell24..

3.8.22. Executing OPT_EXPR pass (perform const folding).
Optimizing module ring_cell24.

3.8.23. Finished fast OPT passes. (There is nothing left to do.)

3.9. Executing FSM pass (extract and optimize FSM).

3.9.1. Executing FSM_DETECT pass (finding FSMs in design).

3.9.2. Executing FSM_EXTRACT pass (extracting FSM from design).

3.9.3. Executing FSM_OPT pass (simple optimizations of FSMs).

3.9.4. Executing OPT_CLEAN pass (remove unused cells and wires).
Finding unused cells or wires in module \ring_cell24..

3.9.5. Executing FSM_OPT pass (simple optimizations of FSMs).

3.9.6. Executing FSM_RECODE pass (re-assigning FSM state encoding).

3.9.7. Executing FSM_INFO pass (dumping all available information on FSM cells).

3.9.8. Executing FSM_MAP pass (mapping FSMs to basic logic).

3.10. Executing OPT pass (performing simple optimizations).

3.10.1. Executing OPT_EXPR pass (perform const folding).
Optimizing module ring_cell24.

3.10.2. Executing OPT_MERGE pass (detect identical cells).
Finding identical cells in module `\ring_cell24'.
Computing hashes of 37 cells of `\ring_cell24'.
Finding duplicate cells in `\ring_cell24'.
Removed a total of 0 cells.

3.10.3. Executing OPT_MUXTREE pass (detect dead branches in mux trees).
Running muxtree optimizer on module \ring_cell24..
  Creating internal representation of mux trees.
  Evaluating internal representation of mux trees.
  Analyzing evaluation results.
Removed 0 multiplexer ports.
<suppressed ~23 debug messages>

3.10.4. Executing OPT_REDUCE pass (consolidate $*mux and $reduce_* inputs).
  Optimizing cells in module \ring_cell24.
Performed a total of 0 changes.

3.10.5. Executing OPT_MERGE pass (detect identical cells).
Finding identical cells in module `\ring_cell24'.
Computing hashes of 37 cells of `\ring_cell24'.
Finding duplicate cells in `\ring_cell24'.
Removed a total of 0 cells.

3.10.6. Executing OPT_DFF pass (perform DFF optimizations).
Adding EN signal on $procdff$55 ($dff) from module ring_cell24 (D = \_22, Q = \_25).
Adding EN signal on $procdff$56 ($dff) from module ring_cell24 (D = \_19, Q = \_22).
Adding EN signal on $procdff$54 ($dff) from module ring_cell24 (D = \_25, Q = \_28).
Adding EN signal on $procdff$57 ($dff) from module ring_cell24 (D = \cfg_in, Q = \_19).
Adding SRST signal on $procdff$53 ($dff) from module ring_cell24 (D = \_73, Q = \_77, rval = 24'000000000000000000000000).
Adding EN signal on $auto$ff.cc:337:slice$64 ($sdff) from module ring_cell24 (D = \_73, Q = \_77).

3.10.7. Executing OPT_CLEAN pass (remove unused cells and wires).
Finding unused cells or wires in module \ring_cell24..
Removed 5 unused cells and 5 unused wires.
<suppressed ~6 debug messages>

3.10.8. Executing OPT_EXPR pass (perform const folding).
Optimizing module ring_cell24.
<suppressed ~1 debug messages>

3.10.9. Rerunning OPT passes. (Maybe there is more to do..)

3.10.10. Executing OPT_MUXTREE pass (detect dead branches in mux trees).
Running muxtree optimizer on module \ring_cell24..
  Creating internal representation of mux trees.
  Evaluating internal representation of mux trees.
  Analyzing evaluation results.
Removed 0 multiplexer ports.
<suppressed ~14 debug messages>

3.10.11. Executing OPT_REDUCE pass (consolidate $*mux and $reduce_* inputs).
  Optimizing cells in module \ring_cell24.
Performed a total of 0 changes.

3.10.12. Executing OPT_MERGE pass (detect identical cells).
Finding identical cells in module `\ring_cell24'.
Computing hashes of 33 cells of `\ring_cell24'.
Finding duplicate cells in `\ring_cell24'.
Removed a total of 0 cells.

3.10.13. Executing OPT_DFF pass (perform DFF optimizations).

3.10.14. Executing OPT_CLEAN pass (remove unused cells and wires).
Finding unused cells or wires in module \ring_cell24..

3.10.15. Executing OPT_EXPR pass (perform const folding).
Optimizing module ring_cell24.

3.10.16. Finished fast OPT passes. (There is nothing left to do.)

3.11. Executing WREDUCE pass (reducing word size of cells).
Removed top 24 bits (of 25) from port B of cell ring_cell24.$add$rtl/ring_cell24.v:154$14 ($add).
Removed top 1 bits (of 2) from port B of cell ring_cell24.$procmux$31_CMP0 ($eq).
Removed top 1 bits (of 3) from port B of cell ring_cell24.$procmux$43_CMP0 ($eq).
Removed top 1 bits (of 3) from port B of cell ring_cell24.$procmux$44_CMP0 ($eq).
Removed top 2 bits (of 3) from port B of cell ring_cell24.$procmux$45_CMP0 ($eq).
Removed top 1 bits (of 3) from port B of cell ring_cell24.$procmux$49_CMP0 ($eq).
Removed top 1 bits (of 3) from port B of cell ring_cell24.$procmux$50_CMP0 ($eq).
Removed top 2 bits (of 3) from port B of cell ring_cell24.$procmux$51_CMP0 ($eq).

3.12. Executing PEEPOPT pass (run peephole optimizers).

3.13. Executing OPT_CLEAN pass (remove unused cells and wires).
Finding unused cells or wires in module \ring_cell24..

3.14. Executing ALUMACC pass (create $alu and $macc cells).
Extracting $alu and $macc cells in module ring_cell24:
  creating $macc model for $add$rtl/ring_cell24.v:154$14 ($add).
  creating $macc model for $add$rtl/ring_cell24.v:153$13 ($add).
  merging $macc model for $add$rtl/ring_cell24.v:153$13 into $add$rtl/ring_cell24.v:154$14.
  creating $alu model for $macc $add$rtl/ring_cell24.v:154$14.
  creating $alu cell for $add$rtl/ring_cell24.v:154$14: $auto$alumacc.cc:548:replace_alu$68
  created 1 $alu and 0 $macc cells.

3.15. Executing SHARE pass (SAT-based resource sharing).

3.16. Executing OPT pass (performing simple optimizations).

3.16.1. Executing OPT_EXPR pass (perform const folding).
Optimizing module ring_cell24.

3.16.2. Executing OPT_MERGE pass (detect identical cells).
Finding identical cells in module `\ring_cell24'.
Computing hashes of 33 cells of `\ring_cell24'.
Finding duplicate cells in `\ring_cell24'.
Removed a total of 0 cells.

3.16.3. Executing OPT_MUXTREE pass (detect dead branches in mux trees).
Running muxtree optimizer on module \ring_cell24..
  Creating internal representation of mux trees.
  Evaluating internal representation of mux trees.
  Analyzing evaluation results.
Removed 0 multiplexer ports.
<suppressed ~14 debug messages>

3.16.4. Executing OPT_REDUCE pass (consolidate $*mux and $reduce_* inputs).
  Optimizing cells in module \ring_cell24.
Performed a total of 0 changes.

3.16.5. Executing OPT_MERGE pass (detect identical cells).
Finding identical cells in module `\ring_cell24'.
Computing hashes of 33 cells of `\ring_cell24'.
Finding duplicate cells in `\ring_cell24'.
Removed a total of 0 cells.

3.16.6. Executing OPT_DFF pass (perform DFF optimizations).

3.16.7. Executing OPT_CLEAN pass (remove unused cells and wires).
Finding unused cells or wires in module \ring_cell24..
Removed 1 unused cells and 1 unused wires.
<suppressed ~2 debug messages>

3.16.8. Executing OPT_EXPR pass (perform const folding).
Optimizing module ring_cell24.

3.16.9. Rerunning OPT passes. (Maybe there is more to do..)

3.16.10. Executing OPT_MUXTREE pass (detect dead branches in mux trees).
Running muxtree optimizer on module \ring_cell24..
  Creating internal representation of mux trees.
  Evaluating internal representation of mux trees.
  Analyzing evaluation results.
Removed 0 multiplexer ports.
<suppressed ~14 debug messages>

3.16.11. Executing OPT_REDUCE pass (consolidate $*mux and $reduce_* inputs).
  Optimizing cells in module \ring_cell24.
Performed a total of 0 changes.

3.16.12. Executing OPT_MERGE pass (detect identical cells).
Finding identical cells in module `\ring_cell24'.
Computing hashes of 32 cells of `\ring_cell24'.
Finding duplicate cells in `\ring_cell24'.
Removed a total of 0 cells.

3.16.13. Executing OPT_DFF pass (perform DFF optimizations).

3.16.14. Executing OPT_CLEAN pass (remove unused cells and wires).
Finding unused cells or wires in module \ring_cell24..

3.16.15. Executing OPT_EXPR pass (perform const folding).
Optimizing module ring_cell24.

3.16.16. Finished fast OPT passes. (There is nothing left to do.)

3.17. Executing MEMORY pass.

3.17.1. Executing OPT_MEM pass (optimize memories).
Performed a total of 0 transformations.

3.17.2. Executing OPT_MEM_PRIORITY pass (removing unnecessary memory write priority relations).
Performed a total of 0 transformations.

3.17.3. Executing OPT_MEM_FEEDBACK pass (finding memory read-to-write feedback paths).

3.17.4. Executing MEMORY_BMUX2ROM pass (converting muxes to ROMs).

3.17.5. Executing MEMORY_DFF pass (merging $dff cells to $memrd).

3.17.6. Executing OPT_CLEAN pass (remove unused cells and wires).
Finding unused cells or wires in module \ring_cell24..

3.17.7. Executing MEMORY_SHARE pass (consolidating $memrd/$memwr cells).

3.17.8. Executing OPT_MEM_WIDEN pass (optimize memories where all ports are wide).
Performed a total of 0 transformations.

3.17.9. Executing OPT_CLEAN pass (remove unused cells and wires).
Finding unused cells or wires in module \ring_cell24..

3.17.10. Executing MEMORY_COLLECT pass (generating $mem cells).

3.18. Executing OPT_CLEAN pass (remove unused cells and wires).
Finding unused cells or wires in module \ring_cell24..

3.19. Executing OPT pass (performing simple optimizations).

3.19.1. Executing OPT_EXPR pass (perform const folding).
Optimizing module ring_cell24.
<suppressed ~4 debug messages>

3.19.2. Executing OPT_MERGE pass (detect identical cells).
Finding identical cells in module `\ring_cell24'.
Computing hashes of 31 cells of `\ring_cell24'.
Finding duplicate cells in `\ring_cell24'.
Removed a total of 0 cells.

3.19.3. Executing OPT_DFF pass (perform DFF optimizations).

3.19.4. Executing OPT_CLEAN pass (remove unused cells and wires).
Finding unused cells or wires in module \ring_cell24..
Removed 0 unused cells and 1 unused wires.
<suppressed ~1 debug messages>

3.19.5. Finished fast OPT passes.

3.20. Executing MEMORY_MAP pass (converting memories to logic and flip-flops).

3.21. Executing OPT pass (performing simple optimizations).

3.21.1. Executing OPT_EXPR pass (perform const folding).
Optimizing module ring_cell24.

3.21.2. Executing OPT_MERGE pass (detect identical cells).
Finding identical cells in module `\ring_cell24'.
Computing hashes of 31 cells of `\ring_cell24'.
Finding duplicate cells in `\ring_cell24'.
Removed a total of 0 cells.

3.21.3. Executing OPT_MUXTREE pass (detect dead branches in mux trees).
Running muxtree optimizer on module \ring_cell24..
  Creating internal representation of mux trees.
  Evaluating internal representation of mux trees.
  Analyzing evaluation results.
Removed 0 multiplexer ports.
<suppressed ~13 debug messages>

3.21.4. Executing OPT_REDUCE pass (consolidate $*mux and $reduce_* inputs).
  Optimizing cells in module \ring_cell24.
    Consolidated identical input bits for $mux cell $ternary$rtl/ring_cell24.v:134$11:
      Old ports: A={ \_41 [23] \_41 [23:0] }, B={ \_38 [23] \_38 }, Y=\_42
      New ports: A=\_41 [23:0], B=\_38, Y=\_42 [23:0]
      New connections: \_42 [24] = \_42 [23]
    Consolidated identical input bits for $mux cell $ternary$rtl/ring_cell24.v:104$6:
      Old ports: A=24'011111111111111111111111, B=24'100000000000000000000000, Y=\_55
      New ports: A=2'01, B=2'10, Y={ \_55 [23] \_55 [0] }
      New connections: \_55 [22:1] = { \_55 [0] \_55 [0] \_55 [0] \_55 [0] \_55 [0] \_55 [0] \_55 [0] \_55 [0] \_55 [0] \_55 [0] \_55 [0] \_55 [0] \_55 [0] \_55 [0] \_55 [0] \_55 [0] \_55 [0] \_55 [0] \_55 [0] \_55 [0] \_55 [0] \_55 [0] }
  Optimizing cells in module \ring_cell24.
Performed a total of 2 changes.

3.21.5. Executing OPT_MERGE pass (detect identical cells).
Finding identical cells in module `\ring_cell24'.
Computing hashes of 31 cells of `\ring_cell24'.
Finding duplicate cells in `\ring_cell24'.
Removed a total of 0 cells.

3.21.6. Executing OPT_SHARE pass.

3.21.7. Executing OPT_DFF pass (perform DFF optimizations).

3.21.8. Executing OPT_CLEAN pass (remove unused cells and wires).
Finding unused cells or wires in module \ring_cell24..

3.21.9. Executing OPT_EXPR pass (perform const folding).
Optimizing module ring_cell24.

3.21.10. Rerunning OPT passes. (Maybe there is more to do..)

3.21.11. Executing OPT_MUXTREE pass (detect dead branches in mux trees).
Running muxtree optimizer on module \ring_cell24..
  Creating internal representation of mux trees.
  Evaluating internal representation of mux trees.
  Analyzing evaluation results.
Removed 0 multiplexer ports.
<suppressed ~13 debug messages>

3.21.12. Executing OPT_REDUCE pass (consolidate $*mux and $reduce_* inputs).
  Optimizing cells in module \ring_cell24.
Performed a total of 0 changes.

3.21.13. Executing OPT_MERGE pass (detect identical cells).
Finding identical cells in module `\ring_cell24'.
Computing hashes of 31 cells of `\ring_cell24'.
Finding duplicate cells in `\ring_cell24'.
Removed a total of 0 cells.

3.21.14. Executing OPT_SHARE pass.

3.21.15. Executing OPT_DFF pass (perform DFF optimizations).

3.21.16. Executing OPT_CLEAN pass (remove unused cells and wires).
Finding unused cells or wires in module \ring_cell24..

3.21.17. Executing OPT_EXPR pass (perform const folding).
Optimizing module ring_cell24.

3.21.18. Finished fast OPT passes. (There is nothing left to do.)

3.22. Executing TECHMAP pass (map to technology primitives).

3.22.1. Executing Verilog-2005 frontend: /home/matthias/prog/janestreet/fabulous-notes/oss-cad-suite/lib/../share/yosys/techmap.v
Parsing Verilog input from `/home/matthias/prog/janestreet/fabulous-notes/oss-cad-suite/lib/../share/yosys/techmap.v' to AST representation.
Generating RTLIL representation for module `\_90_simplemap_bool_ops'.
Generating RTLIL representation for module `\_90_simplemap_reduce_ops'.
Generating RTLIL representation for module `\_90_simplemap_logic_ops'.
Generating RTLIL representation for module `\_90_simplemap_compare_ops'.
Generating RTLIL representation for module `\_90_simplemap_various'.
Generating RTLIL representation for module `\_90_simplemap_registers'.
Generating RTLIL representation for module `\_90_shift_ops_shr_shl_sshl_sshr'.
Generating RTLIL representation for module `\_90_shift_shiftx'.
Generating RTLIL representation for module `\_90_fa'.
Generating RTLIL representation for module `\_90_lcu_brent_kung'.
Generating RTLIL representation for module `\_90_alu'.
Generating RTLIL representation for module `\_90_macc'.
Generating RTLIL representation for module `\_90_alumacc'.
Generating RTLIL representation for module `$__div_mod_u'.
Generating RTLIL representation for module `$__div_mod_trunc'.
Generating RTLIL representation for module `\_90_div'.
Generating RTLIL representation for module `\_90_mod'.
Generating RTLIL representation for module `$__div_mod_floor'.
Generating RTLIL representation for module `\_90_divfloor'.
Generating RTLIL representation for module `\_90_modfloor'.
Generating RTLIL representation for module `\_90_pow'.
Generating RTLIL representation for module `\_90_demux'.
Generating RTLIL representation for module `\_90_lut'.
Generating RTLIL representation for module `$connect'.
Generating RTLIL representation for module `$input_port'.
Successfully finished Verilog frontend.

3.22.2. Continuing TECHMAP pass.
Using extmapper simplemap for cells of type $not.
Using template $paramod$4868d58a04723871777326409a611fa912defcd8\_90_alu for cells of type $alu.
Using extmapper simplemap for cells of type $reduce_bool.
Using extmapper simplemap for cells of type $sdffe.
Using extmapper simplemap for cells of type $dffe.
Using extmapper simplemap for cells of type $reduce_or.
Using extmapper simplemap for cells of type $mux.
Using extmapper simplemap for cells of type $xor.
Using extmapper simplemap for cells of type $eq.
Using extmapper simplemap for cells of type $pmux.
Using extmapper simplemap for cells of type $logic_not.
Using template $paramod\_90_fa\WIDTH=32'00000000000000000000000000011001 for cells of type $fa.
Using template $paramod\_90_lcu_brent_kung\WIDTH=32'00000000000000000000000000011001 for cells of type $lcu.
Using extmapper simplemap for cells of type $pos.
Using extmapper simplemap for cells of type $or.
Using extmapper simplemap for cells of type $and.
No more expansions possible.
<suppressed ~361 debug messages>

3.23. Executing OPT pass (performing simple optimizations).

3.23.1. Executing OPT_EXPR pass (perform const folding).
Optimizing module ring_cell24.
<suppressed ~149 debug messages>

3.23.2. Executing OPT_MERGE pass (detect identical cells).
Finding identical cells in module `\ring_cell24'.
Computing hashes of 935 cells of `\ring_cell24'.
Finding duplicate cells in `\ring_cell24'.
Computing hashes of 928 cells of `\ring_cell24'.
Finding duplicate cells in `\ring_cell24'.
<suppressed ~21 debug messages>
Removed a total of 7 cells.

3.23.3. Executing OPT_DFF pass (perform DFF optimizations).

3.23.4. Executing OPT_CLEAN pass (remove unused cells and wires).
Finding unused cells or wires in module \ring_cell24..
Removed 26 unused cells and 62 unused wires.
<suppressed ~27 debug messages>

3.23.5. Finished fast OPT passes.

3.24. Executing ABC pass (technology mapping using ABC).

3.24.1. Summary of detected clock domains:
  646 cells in clk=\clock, en=$auto$simple.cc:193:make_patterns_logic$66, arst={ }, srst=\clear
  256 cells in clk=\clock, en=\cfg_strobe, arst={ }, srst={ }

3.24.2. Extracting gate netlist of module `\ring_cell24' to `<abc-temp-dir>/input.blif'..
Found matching posedge clock domain: \clock, enabled by $auto$simple.cc:193:make_patterns_logic$66, synchronously reset by \clear

3.24.3. Extracting gate netlist of module `\ring_cell24' to `<abc-temp-dir>/input.blif'..
Found matching posedge clock domain: \clock, enabled by \cfg_strobe

3.24.3.1. Executed ABC.
Extracted 622 gates and 783 wires to a netlist network with 161 inputs and 25 outputs.
Running ABC script: <abc-temp-dir>/abc.script
ABC: UC Berkeley, ABC 1.01 (compiled Sep 21 2026 05:23:42)
ABC: abc 01> empty
ABC: abc 01> source <abc-temp-dir>/abc.script
ABC: + read_blif <abc-temp-dir>/input.blif 
ABC: + read_library <abc-temp-dir>/stdcells.genlib 
ABC: + strash 
ABC: + &get -n 
ABC: + &fraig -x 
ABC: + &put 
ABC: + scorr 
ABC: Warning: The network is combinational (run "fraig" or "fraig_sweep").
ABC: + dc2 
ABC: + dretime 
ABC: + strash 
ABC: + &get -n 
ABC: + &dch -f 
ABC: + &nf 
ABC: + &put 
ABC: + write_blif <abc-temp-dir>/output.blif 
ABC: 
ABC: YOSYS_ABC_DONE 

3.24.3.2. Re-integrating ABC results.
ABC RESULTS:               AND cells:      166
ABC RESULTS:            ANDNOT cells:        3
ABC RESULTS:               MUX cells:       44
ABC RESULTS:              NAND cells:      171
ABC RESULTS:               NOR cells:       19
ABC RESULTS:               NOT cells:        5
ABC RESULTS:                OR cells:       23
ABC RESULTS:             ORNOT cells:      147
ABC RESULTS:              XNOR cells:       24
ABC RESULTS:               XOR cells:       38
ABC RESULTS:        internal signals:      597
ABC RESULTS:           input signals:      161
ABC RESULTS:          output signals:       25
Removing temp directory.

3.24.3.1. Executed ABC.
Extracted 224 gates and 352 wires to a netlist network with 128 inputs and 31 outputs.
Running ABC script: <abc-temp-dir>/abc.script
ABC: UC Berkeley, ABC 1.01 (compiled Sep 21 2026 05:23:42)
ABC: abc 01> empty
ABC: abc 01> source <abc-temp-dir>/abc.script
ABC: + read_blif <abc-temp-dir>/input.blif 
ABC: + read_library <abc-temp-dir>/stdcells.genlib 
ABC: + strash 
ABC: + &get -n 
ABC: + &fraig -x 
ABC: + &put 
ABC: + scorr 
ABC: Warning: The network is combinational (run "fraig" or "fraig_sweep").
ABC: + dc2 
ABC: + dretime 
ABC: + strash 
ABC: + &get -n 
ABC: + &dch -f 
ABC: + &nf 
ABC: + &put 
ABC: + write_blif <abc-temp-dir>/output.blif 
ABC: 
ABC: YOSYS_ABC_DONE 

3.24.3.2. Re-integrating ABC results.
ABC RESULTS:               AND cells:       74
ABC RESULTS:            ANDNOT cells:        4
ABC RESULTS:              NAND cells:      146
ABC RESULTS:               NOR cells:        2
ABC RESULTS:                OR cells:        1
ABC RESULTS:             ORNOT cells:        4
ABC RESULTS:        internal signals:      193
ABC RESULTS:           input signals:      128
ABC RESULTS:          output signals:       31
Removing temp directory.
Removing global temp directory.

3.25. Executing OPT pass (performing simple optimizations).

3.25.1. Executing OPT_EXPR pass (perform const folding).
Optimizing module ring_cell24.

3.25.2. Executing OPT_MERGE pass (detect identical cells).
Finding identical cells in module `\ring_cell24'.
Computing hashes of 927 cells of `\ring_cell24'.
Finding duplicate cells in `\ring_cell24'.
Removed a total of 0 cells.

3.25.3. Executing OPT_DFF pass (perform DFF optimizations).

3.25.4. Executing OPT_CLEAN pass (remove unused cells and wires).
Finding unused cells or wires in module \ring_cell24..
Removed 0 unused cells and 842 unused wires.
<suppressed ~23 debug messages>

3.25.5. Finished fast OPT passes.

3.26. Executing HIERARCHY pass (managing design hierarchy).
Attribute `top' found on module `ring_cell24'. Setting top module to ring_cell24.

3.26.1. Analyzing design hierarchy..
Top module:  \ring_cell24

3.26.2. Analyzing design hierarchy..
Top module:  \ring_cell24
Removed 0 unused modules.

3.27. Printing statistics.

=== ring_cell24 ===

        +----------Local Count, excluding submodules.
        | 
      865 wires
     1420 wire bits
       43 public wires
      598 public wire bits
       14 ports
      157 port bits
      927 cells
        7   $_ANDNOT_
      240   $_AND_
       32   $_DFFE_PP_
       44   $_MUX_
      317   $_NAND_
       21   $_NOR_
        5   $_NOT_
      151   $_ORNOT_
       24   $_OR_
       24   $_SDFFE_PP0P_
       24   $_XNOR_
       38   $_XOR_

3.28. Executing CHECK pass (checking for obvious problems).
Checking module ring_cell24...
Found and reported 0 problems.

4. Executing DFFLIBMAP pass (mapping DFF/DLATCH cells to sequential cells from liberty file).
  cell sg13g2_dfrbpq_1 (noninv, pins=4, area=48.99) is a direct match for cell type $_DFF_PN0_.
  cell sg13g2_dlhq_1 (noninv, pins=3, area=30.84) is a direct match for cell type $_DLATCH_P_.
  cell sg13g2_dllrq_1 (noninv, pins=4, area=29.03) is a direct match for cell type $_DLATCH_NN0_.
  cell sg13g2_dlhrq_1 (noninv, pins=4, area=27.22) is a direct match for cell type $_DLATCH_PN0_.
  final dff/dlatch cell mappings:
    unmapped dff/dlatch cell: $_DFF_N_
    unmapped dff/dlatch cell: $_DFF_P_
    unmapped dff/dlatch cell: $_DFF_NN0_
    unmapped dff/dlatch cell: $_DFF_NN1_
    unmapped dff/dlatch cell: $_DFF_NP0_
    unmapped dff/dlatch cell: $_DFF_NP1_
    \sg13g2_dfrbpq_1 _DFF_PN0_ (.CLK( C), .D( D), .Q( Q), .RESET_B( R));
    unmapped dff/dlatch cell: $_DFF_PN1_
    unmapped dff/dlatch cell: $_DFF_PP0_
    unmapped dff/dlatch cell: $_DFF_PP1_
    unmapped dff/dlatch cell: $_DFFE_NN_
    unmapped dff/dlatch cell: $_DFFE_NP_
    unmapped dff/dlatch cell: $_DFFE_PN_
    unmapped dff/dlatch cell: $_DFFE_PP_
    unmapped dff/dlatch cell: $_DFFSR_NNN_
    unmapped dff/dlatch cell: $_DFFSR_NNP_
    unmapped dff/dlatch cell: $_DFFSR_NPN_
    unmapped dff/dlatch cell: $_DFFSR_NPP_
    unmapped dff/dlatch cell: $_DFFSR_PNN_
    unmapped dff/dlatch cell: $_DFFSR_PNP_
    unmapped dff/dlatch cell: $_DFFSR_PPN_
    unmapped dff/dlatch cell: $_DFFSR_PPP_
    unmapped dff/dlatch cell: $_DLATCH_N_
    \sg13g2_dlhq_1 _DLATCH_P_ (.D( D), .GATE( E), .Q( Q));
    \sg13g2_dllrq_1 _DLATCH_NN0_ (.D( D), .GATE_N( E), .Q( Q), .RESET_B( R));
    unmapped dff/dlatch cell: $_DLATCH_NN1_
    unmapped dff/dlatch cell: $_DLATCH_NP0_
    unmapped dff/dlatch cell: $_DLATCH_NP1_
    \sg13g2_dlhrq_1 _DLATCH_PN0_ (.D( D), .GATE( E), .Q( Q), .RESET_B( R));
    unmapped dff/dlatch cell: $_DLATCH_PN1_
    unmapped dff/dlatch cell: $_DLATCH_PP0_
    unmapped dff/dlatch cell: $_DLATCH_PP1_
    unmapped dff/dlatch cell: $_DLATCHSR_NNN_
    unmapped dff/dlatch cell: $_DLATCHSR_NNP_
    unmapped dff/dlatch cell: $_DLATCHSR_NPN_
    unmapped dff/dlatch cell: $_DLATCHSR_NPP_
    unmapped dff/dlatch cell: $_DLATCHSR_PNN_
    unmapped dff/dlatch cell: $_DLATCHSR_PNP_
    unmapped dff/dlatch cell: $_DLATCHSR_PPN_
    unmapped dff/dlatch cell: $_DLATCHSR_PPP_

4.1. Executing DFFLEGALIZE pass (convert FFs and LATCHes to types supported by the target).
<suppressed ~4 debug messages>
Mapping DFF/DLATCH cells in module `\ring_cell24':
  mapped 56 $_DFF_PN0_ cells to \sg13g2_dfrbpq_1 cells.

5. Executing ABC pass (technology mapping using ABC).

5.1. Summary of detected clock domains:
  1007 cells in clk={ }, en={ }, arst={ }, srst={ }

5.2. Extracting gate netlist of module `\ring_cell24' to `<abc-temp-dir>/input.blif'..
ABC: using cached merged SCL: /tmp/yosys-liberty-scl-cache-1000/yosys_merged_284aa476.scl (1 files)
No matching clock domain found. Not extracting any FF cells.

5.2.1. Executed ABC.
Extracted 951 gates and 1124 wires to a netlist network with 172 inputs and 56 outputs.
Running ABC script: <abc-temp-dir>/abc.script
ABC: UC Berkeley, ABC 1.01 (compiled Sep 21 2026 05:23:42)
ABC: abc 01> empty
ABC: abc 01> source <abc-temp-dir>/abc.script
ABC: + read_blif <abc-temp-dir>/input.blif 
ABC: + read_scl /tmp/yosys-liberty-scl-cache-1000/yosys_merged_284aa476.scl 
ABC: + strash 
ABC: + &get -n 
ABC: + &fraig -x 
ABC: + &put 
ABC: + scorr 
ABC: Warning: The network is combinational (run "fraig" or "fraig_sweep").
ABC: + dc2 
ABC: + dretime 
ABC: + strash 
ABC: + &get -n 
ABC: + &dch -f 
ABC: + &nf 
ABC: + &put 
ABC: + write_blif <abc-temp-dir>/output.blif 
ABC: 
ABC: YOSYS_ABC_DONE 

5.2.2. Re-integrating ABC results.
ABC RESULTS:     sg13g2_a21o_1 cells:       10
ABC RESULTS:    sg13g2_a21oi_1 cells:       60
ABC RESULTS:   sg13g2_a221oi_1 cells:       22
ABC RESULTS:    sg13g2_a22oi_1 cells:       88
ABC RESULTS:     sg13g2_and2_1 cells:       17
ABC RESULTS:     sg13g2_and3_1 cells:        6
ABC RESULTS:      sg13g2_inv_1 cells:       38
ABC RESULTS:     sg13g2_mux2_1 cells:       30
ABC RESULTS:    sg13g2_nand2_1 cells:      103
ABC RESULTS:   sg13g2_nand2b_1 cells:        8
ABC RESULTS:    sg13g2_nand3_1 cells:       42
ABC RESULTS:    sg13g2_nand4_1 cells:        1
ABC RESULTS:     sg13g2_nor2_1 cells:       32
ABC RESULTS:    sg13g2_nor2b_1 cells:        9
ABC RESULTS:     sg13g2_nor3_1 cells:        7
ABC RESULTS:     sg13g2_nor4_1 cells:        1
ABC RESULTS:    sg13g2_o21ai_1 cells:       62
ABC RESULTS:      sg13g2_or2_1 cells:       13
ABC RESULTS:      sg13g2_or3_1 cells:        1
ABC RESULTS:    sg13g2_xnor2_1 cells:       28
ABC RESULTS:     sg13g2_xor2_1 cells:       27
ABC RESULTS:        internal signals:      896
ABC RESULTS:           input signals:      172
ABC RESULTS:          output signals:       56
Removing temp directory.
Removing global temp directory.

6. Executing OPT_CLEAN pass (remove unused cells and wires).
Finding unused cells or wires in module \ring_cell24..
Removed 0 unused cells and 1079 unused wires.
<suppressed ~6 debug messages>

7. Printing statistics.

=== ring_cell24 ===

        +----------Local Count, excluding submodules.
        |        +-Local Area, excluding submodules.
        |        | 
      643        - wires
     1128        - wire bits
       38        - public wires
      523        - public wire bits
       14        - ports
      157        - port bits
      661  8762.04 cells
       10  127.008   sg13g2_a21o_1
       60   544.32   sg13g2_a21oi_1
       22  319.334   sg13g2_a221oi_1
       88  954.677   sg13g2_a22oi_1
       17  154.224   sg13g2_and2_1
        6   76.205   sg13g2_and3_1
       56 2.74E+03   sg13g2_dfrbpq_1
       38  206.842   sg13g2_inv_1
       30   544.32   sg13g2_mux2_1
      103  747.533   sg13g2_nand2_1
        8   72.576   sg13g2_nand2b_1
       42  381.024   sg13g2_nand3_1
        1   10.886   sg13g2_nand4_1
       32  232.243   sg13g2_nor2_1
        9   81.648   sg13g2_nor2b_1
        7   63.504   sg13g2_nor3_1
        1   10.886   sg13g2_nor4_1
       62  562.464   sg13g2_o21ai_1
       13  117.936   sg13g2_or2_1
        1   12.701   sg13g2_or3_1
       28  406.426   sg13g2_xnor2_1
       27   391.91   sg13g2_xor2_1

   Chip area for module '\ring_cell24': 8762.040000
     of which used for sequential elements: 2743.372800 (31.31%)

8. Executing Verilog backend.

8.1. Executing BMUXMAP pass.

8.2. Executing DEMUXMAP pass.
Dumping module `\ring_cell24'.

End of script. Logfile hash: 56780d63b8, time: 0.22s, user: 0.07s, system: 0.01s, MEM: 24.32 MB peak
Yosys 0.69+77 (git sha1 9ff27d29c-dirty, Release, Clang /usr/bin/clang++ 21.1.8)
Time spent: 80% 2x abc (0 sec), 4% 20x opt_clean (0 sec), ...
