Info: Reading BELs file: /.FABulous/bel.v3.txt
Info: Reading PIPs file: /.FABulous/pips.txt

Info: No PCF file specified, skipping constraints application.
Info: Checksum: 0xdf1528c6

Info: Device utilisation:
Info: 	         FABULOUS_LC:      41/    128    32%
Info: 	IO_1_bidirectional_frame_config_pass:       8/      8   100%
Info: 	        Global_Clock:       1/      1   100%
Info: 	       FABULOUS_MUX2:       0/     64     0%
Info: 	       FABULOUS_MUX4:       0/     32     0%
Info: 	       FABULOUS_MUX8:       0/     16     0%
Info: 	       Config_access:       0/      8     0%

Info: Placed 8 cells based on constraints.
Info: Creating initial analytic placement for 44 cells, random placement wirelen = 173.
Info:     at initial placer iter 0, wirelen = 6
Info:     at initial placer iter 1, wirelen = 6
Info:     at initial placer iter 2, wirelen = 6
Info:     at initial placer iter 3, wirelen = 6
Info: Running main analytical placer, max placement attempts per cell = 10000.
Info:     at iteration #1, type FABULOUS_LC: wirelen solved = 6, spread = 80, legal = 90; time = 0.00s
Info:     at iteration #1, type _CONST0_DRV: wirelen solved = 90, spread = 90, legal = 90; time = 0.00s
Info:     at iteration #1, type Global_Clock: wirelen solved = 90, spread = 90, legal = 90; time = 0.00s
Info:     at iteration #1, type _CONST1_DRV: wirelen solved = 90, spread = 90, legal = 90; time = 0.00s
Info:     at iteration #1, type ALL: wirelen solved = 6, spread = 80, legal = 86; time = 0.00s
Info:     at iteration #2, type FABULOUS_LC: wirelen solved = 9, spread = 75, legal = 94; time = 0.00s
Info:     at iteration #2, type _CONST0_DRV: wirelen solved = 94, spread = 94, legal = 94; time = 0.00s
Info:     at iteration #2, type Global_Clock: wirelen solved = 94, spread = 94, legal = 94; time = 0.00s
Info:     at iteration #2, type _CONST1_DRV: wirelen solved = 94, spread = 94, legal = 94; time = 0.00s
Info:     at iteration #2, type ALL: wirelen solved = 9, spread = 75, legal = 83; time = 0.00s
Info:     at iteration #3, type FABULOUS_LC: wirelen solved = 11, spread = 69, legal = 75; time = 0.00s
Info:     at iteration #3, type _CONST0_DRV: wirelen solved = 75, spread = 75, legal = 75; time = 0.00s
Info:     at iteration #3, type Global_Clock: wirelen solved = 75, spread = 75, legal = 75; time = 0.00s
Info:     at iteration #3, type _CONST1_DRV: wirelen solved = 75, spread = 75, legal = 75; time = 0.00s
Info:     at iteration #3, type ALL: wirelen solved = 12, spread = 67, legal = 87; time = 0.00s
Info:     at iteration #4, type FABULOUS_LC: wirelen solved = 16, spread = 66, legal = 69; time = 0.00s
Info:     at iteration #4, type _CONST0_DRV: wirelen solved = 69, spread = 69, legal = 69; time = 0.00s
Info:     at iteration #4, type Global_Clock: wirelen solved = 69, spread = 69, legal = 69; time = 0.00s
Info:     at iteration #4, type _CONST1_DRV: wirelen solved = 69, spread = 69, legal = 69; time = 0.00s
Info:     at iteration #4, type ALL: wirelen solved = 13, spread = 65, legal = 92; time = 0.00s
Info:     at iteration #5, type FABULOUS_LC: wirelen solved = 32, spread = 62, legal = 100; time = 0.00s
Info:     at iteration #5, type _CONST0_DRV: wirelen solved = 100, spread = 100, legal = 100; time = 0.00s
Info:     at iteration #5, type Global_Clock: wirelen solved = 100, spread = 100, legal = 100; time = 0.00s
Info:     at iteration #5, type _CONST1_DRV: wirelen solved = 100, spread = 100, legal = 100; time = 0.00s
Info:     at iteration #5, type ALL: wirelen solved = 34, spread = 62, legal = 97; time = 0.00s
Info:     at iteration #6, type FABULOUS_LC: wirelen solved = 38, spread = 62, legal = 108; time = 0.00s
Info:     at iteration #6, type _CONST0_DRV: wirelen solved = 108, spread = 108, legal = 108; time = 0.00s
Info:     at iteration #6, type Global_Clock: wirelen solved = 108, spread = 108, legal = 108; time = 0.00s
Info:     at iteration #6, type _CONST1_DRV: wirelen solved = 108, spread = 108, legal = 108; time = 0.00s
Info:     at iteration #6, type ALL: wirelen solved = 32, spread = 62, legal = 88; time = 0.00s
Info:     at iteration #7, type FABULOUS_LC: wirelen solved = 40, spread = 61, legal = 90; time = 0.00s
Info:     at iteration #7, type _CONST0_DRV: wirelen solved = 90, spread = 90, legal = 90; time = 0.00s
Info:     at iteration #7, type Global_Clock: wirelen solved = 90, spread = 90, legal = 90; time = 0.00s
Info:     at iteration #7, type _CONST1_DRV: wirelen solved = 90, spread = 90, legal = 90; time = 0.00s
Info:     at iteration #7, type ALL: wirelen solved = 40, spread = 61, legal = 101; time = 0.00s
Info: HeAP Placer Time: 0.01s
Info:   of which solving equations: 0.01s
Info:   of which spreading cells: 0.00s
Info:   of which strict legalisation: 0.00s

Info: Running simulated annealing placer for refinement.
Info:   at iteration #1: temp = 0.000000, timing cost = 50, wirelen = 83
Info:   at iteration #5: temp = 0.000000, timing cost = 33, wirelen = 65
Info:   at iteration #7: temp = 0.000000, timing cost = 36, wirelen = 62 
Info: SA placement time 0.00s

Info: Max frequency for clock 'clk': 40.82 MHz (PASS at 12.00 MHz)

Info: Slack histogram:
Info:  legend: * represents 1 endpoint(s)
Info:          + represents [1,1) endpoint(s)
Info: [ 58833,  59734) |******** 
Info: [ 59734,  60635) | 
Info: [ 60635,  61536) | 
Info: [ 61536,  62437) | 
Info: [ 62437,  63338) | 
Info: [ 63338,  64239) | 
Info: [ 64239,  65140) |**** 
Info: [ 65140,  66041) | 
Info: [ 66041,  66942) | 
Info: [ 66942,  67843) | 
Info: [ 67843,  68744) | 
Info: [ 68744,  69645) | 
Info: [ 69645,  70546) | 
Info: [ 70546,  71447) |****** 
Info: [ 71447,  72348) | 
Info: [ 72348,  73249) | 
Info: [ 73249,  74150) | 
Info: [ 74150,  75051) | 
Info: [ 75051,  75952) | 
Info: [ 75952,  76853) |******************************** 
Info: Checksum: 0x67335f35

Info: Routing..
Info: Setting up routing queue.
Info: Routing 190 arcs.
Info:            |   (re-)routed arcs  |   delta    | remaining|       time spent     |
Info:    IterCnt |  w/ripup   wo/ripup |  w/r  wo/r |      arcs| batch(sec) total(sec)|
Info:        438 |      159        279 |  159   279 |         0|       0.09       0.09|
Info: Routing complete.
Info: Router1 time 0.09s
Info: Checksum: 0x3cdf189a

Info: Critical path report for clock 'clk' (posedge -> posedge):
Info:       type curr  total name
Info:   clk-to-q  1.00  1.00 Source $abc$574$blif$574$18.Q
Info:    routing  9.50  10.50 Net user_design_i.active (3,2) -> (1,4)
Info:                          Sink $abc$574$blif$574$9.I1
Info:                          Defined in:
Info:                               /home/matthias/prog/janestreet/fabulous-notes/small/user_design/spi_master.v:11.64-11.70
Info:      logic  3.00  13.50 Source $abc$574$blif$574$9.O
Info:    routing  2.10  15.60 Net $abc$574$flatten\user_design_i.$procmux$81_Y (1,4) -> (1,4)
Info:                          Sink $auto$ff.cc:337:slice$318.I0
Info:      setup  2.50  18.10 Source $auto$ff.cc:337:slice$318.I0
Info: 6.50 ns logic, 11.60 ns routing

Info: Max frequency for clock 'clk': 55.25 MHz (PASS at 12.00 MHz)

Info: Slack histogram:
Info:  legend: * represents 1 endpoint(s)
Info:          + represents [1,1) endpoint(s)
Info: [ 65233,  65809) |* 
Info: [ 65809,  66385) | 
Info: [ 66385,  66961) | 
Info: [ 66961,  67537) | 
Info: [ 67537,  68113) | 
Info: [ 68113,  68689) |* 
Info: [ 68689,  69265) | 
Info: [ 69265,  69841) | 
Info: [ 69841,  70417) |******* 
Info: [ 70417,  70993) |*** 
Info: [ 70993,  71569) | 
Info: [ 71569,  72145) | 
Info: [ 72145,  72721) | 
Info: [ 72721,  73297) |* 
Info: [ 73297,  73873) |*** 
Info: [ 73873,  74449) | 
Info: [ 74449,  75025) | 
Info: [ 75025,  75601) | 
Info: [ 75601,  76177) |************ 
Info: [ 76177,  76753) |********************** 

Info: Program finished normally.
