06-Oct-2026 00:20:41 | INFO    | KLayout version detected: 0.30.9
2026-10-06 00:20:42 +0000: Memory Usage (422844K) : Starting running IHP-SG13CMOS5L KLayout DRC runset on /work/in.gds
2026-10-06 00:20:42 +0000: Memory Usage (423612K) : IHP-SG13CMOS5L KLayout DRC runset output at: /work/out/in_ARRAY_3T_thick_L45n_pwellblock.lyrdb
2026-10-06 00:20:42 +0000: Memory Usage (423612K) : tables selected: pwellblock
2026-10-06 00:20:42 +0000: Memory Usage (422208K) : Starting running IHP-SG13CMOS5L KLayout DRC runset on /work/in.gds
2026-10-06 00:20:42 +0000: Memory Usage (423284K) : IHP-SG13CMOS5L KLayout DRC runset output at: /work/out/in_ARRAY_3T_thick_L45n_cont.lyrdb
2026-10-06 00:20:42 +0000: Memory Usage (423284K) : tables selected: cont
2026-10-06 00:20:42 +0000: Memory Usage (421928K) : Starting running IHP-SG13CMOS5L KLayout DRC runset on /work/in.gds
2026-10-06 00:20:42 +0000: Memory Usage (422784K) : IHP-SG13CMOS5L KLayout DRC runset output at: /work/out/in_ARRAY_3T_thick_L45n_gatpolyfiller.lyrdb
2026-10-06 00:20:42 +0000: Memory Usage (422784K) : tables selected: gatpolyfiller
2026-10-06 00:20:42 +0000: Memory Usage (428868K) : Starting general IHP-SG13CMOS5L derivations.
2026-10-06 00:20:42 +0000: Memory Usage (428060K) : Starting general IHP-SG13CMOS5L derivations.
2026-10-06 00:20:42 +0000: Memory Usage (428060K) : Starting IHP-SG13CMOS5L DRC rules.
2026-10-06 00:20:42 +0000: Memory Usage (428576K) : Starting general IHP-SG13CMOS5L derivations.
2026-10-06 00:20:42 +0000: Memory Usage (430468K) : Starting IHP-SG13CMOS5L DRC rules.
2026-10-06 00:20:42 +0000: Memory Usage (430792K) : Starting IHP-SG13CMOS5L DRC rules.
2026-10-06 00:20:43 +0000: Memory Usage (422524K) : Starting running IHP-SG13CMOS5L KLayout DRC runset on /work/in.gds
2026-10-06 00:20:43 +0000: Memory Usage (423400K) : IHP-SG13CMOS5L KLayout DRC runset output at: /work/out/in_ARRAY_3T_thick_L45n_contbar.lyrdb
2026-10-06 00:20:43 +0000: Memory Usage (423400K) : tables selected: contbar
2026-10-06 00:20:43 +0000: Memory Usage (420420K) : Starting running IHP-SG13CMOS5L KLayout DRC runset on /work/in.gds
2026-10-06 00:20:43 +0000: Memory Usage (421232K) : IHP-SG13CMOS5L KLayout DRC runset output at: /work/out/in_ARRAY_3T_thick_L45n_nwell.lyrdb
2026-10-06 00:20:43 +0000: Memory Usage (421488K) : tables selected: nwell
2026-10-06 00:20:44 +0000: Memory Usage (419864K) : Starting running IHP-SG13CMOS5L KLayout DRC runset on /work/in.gds
2026-10-06 00:20:44 +0000: Memory Usage (420460K) : IHP-SG13CMOS5L KLayout DRC runset output at: /work/out/in_ARRAY_3T_thick_L45n_activfiller.lyrdb
2026-10-06 00:20:44 +0000: Memory Usage (420460K) : tables selected: activfiller
2026-10-06 00:20:44 +0000: Memory Usage (428980K) : Starting general IHP-SG13CMOS5L derivations.
2026-10-06 00:20:44 +0000: Memory Usage (428980K) : Starting IHP-SG13CMOS5L DRC rules.
2026-10-06 00:20:44 +0000: Memory Usage (426752K) : Starting general IHP-SG13CMOS5L derivations.
2026-10-06 00:20:44 +0000: Memory Usage (426188K) : Starting general IHP-SG13CMOS5L derivations.
2026-10-06 00:20:44 +0000: Memory Usage (426188K) : Starting IHP-SG13CMOS5L DRC rules.
2026-10-06 00:20:44 +0000: Memory Usage (429668K) : Starting IHP-SG13CMOS5L DRC connectivity related derivations.
2026-10-06 00:20:44 +0000: Memory Usage (429924K) : Starting IHP-SG13CMOS5L DRC connectivity setup
2026-10-06 00:20:44 +0000: Memory Usage (430188K) : Starting IHP-SG13CMOS5L DRC rules.
2026-10-06 00:20:42 +0000: Memory Usage (421008K) : Starting running IHP-SG13CMOS5L Klayout DRC maximum runset on /work/in.gds
2026-10-06 00:20:42 +0000: Memory Usage (421876K) : IHP-SG13CMOS5L Klayout DRC maximum runset output at: /work/out/in_ARRAY_3T_thick_L45n_sg13cmos5l_maximal.lyrdb
Rule NW.a: 0 error(s)
Rule NW.c: 0 error(s)
Rule NW.c1: 0 error(s)
Rule NW.d: 0 error(s)
Rule NW.d1: 0 error(s)
Rule NW.e: 0 error(s)
Rule NW.e1: 0 error(s)
Rule NW.f: 0 error(s)
Rule NW.f1: 0 error(s)
Rule PWB.a: 0 error(s)
Rule PWB.b: 0 error(s)
Rule PWB.c: 0 error(s)
Rule NBL.a: 0 error(s)
Rule NBLB.a: 0 error(s)
Rule NBLB.b: 0 error(s)
Rule NBLB.c: 0 error(s)
Rule NBLB.d: 0 error(s)
Rule Act.c: 0 error(s)
Rule Act.d: 0 error(s)
Rule Act.e: 0 error(s)
Rule AFil.a: 0 error(s)
Rule AFil.a1: 0 error(s)
Rule AFil.b: 0 error(s)
Rule AFil.i: 0 error(s)
Rule TGO.a: 0 error(s)
Rule TGO.b: 0 error(s)
Rule TGO.c: 0 error(s)
Rule TGO.d: 0 error(s)
Rule TGO.e: 0 error(s)
Rule Gat.a3: 0 error(s)
Rule Gat.a4: 0 error(s)
Rule Gat.b1: 0 error(s)
Rule Gat.c: 0 error(s)
Rule Gat.c: 0 error(s)
Rule Gat.e: 0 error(s)
Rule Gat.f: 0 error(s)
Rule GFil.a: 0 error(s)
Rule GFil.b: 0 error(s)
Rule GFil.c: 0 error(s)
Rule GFil.j: 0 error(s)
Rule pSD.a: 0 error(s)
Rule pSD.b: 0 error(s)
Rule pSD.c: 0 error(s)
Rule pSD.d: 0 error(s)
Rule pSD.d1: 0 error(s)
Rule pSD.e: 0 error(s)
Rule pSD.f: 0 error(s)
Rule pSD.g: 0 error(s)
Rule pSD.g: 0 error(s)
Rule pSD.i: 0 error(s)
Rule pSD.i1: 0 error(s)
Rule pSD.j: 0 error(s)
Rule pSD.j1: 0 error(s)
Rule pSD.k: 0 error(s)
Rule pSD.l: 0 error(s)
Rule pSD.m: 0 error(s)
Rule pSD.n: 0 error(s)
Rule nSDB.a: 0 error(s)
Rule nSDB.b: 0 error(s)
Rule nSDB.c: 0 error(s)
Rule nSDB.e: 0 error(s)
Rule EXTB.a: 0 error(s)
Rule EXTB.b: 0 error(s)
Rule EXTB.c: 0 error(s)
Rule Sal.a: 0 error(s)
Rule Sal.b: 0 error(s)
Rule Sal.c: 0 error(s)
Rule Sal.c: 0 error(s)
Rule Sal.d: 0 error(s)
Rule Sal.d: 0 error(s)
Rule Sal.e: 0 error(s)
Rule Cnt.b1: 0 error(s)
Rule Cnt.f: 0 error(s)
Rule Cnt.g: 0 error(s)
Rule Cnt.h: 0 error(s)
Rule Cnt.j: 0 error(s)
Rule CntB.a: 0 error(s)
Rule CntB.a: 0 error(s)
Rule CntB.a1: 0 error(s)
Rule CntB.b: 0 error(s)
Rule CntB.b2: 0 error(s)
Rule CntB.c: 0 error(s)
Rule CntB.d: 0 error(s)
Rule CntB.e: 0 error(s)
Rule CntB.f: 0 error(s)
Rule CntB.g: 0 error(s)
Rule CntB.g1: 0 error(s)
Rule CntB.g2: 0 error(s)
Rule CntB.h: 0 error(s)
Rule CntB.j: 0 error(s)
Rule M1.c: 0 error(s)
Rule M1.c1: 0 error(s)
Rule M1.d: 0 error(s)
Rule M2.c: 0 error(s)
Rule M2.c1: 0 error(s)
Rule M2.d: 0 error(s)
Rule M3.c: 0 error(s)
Rule M3.c1: 0 error(s)
Rule M3.d: 0 error(s)
Rule M4.c: 0 error(s)
Rule M4.c1: 0 error(s)
Rule M4.d: 0 error(s)
Rule M1Fil.a1: 0 error(s)
Rule M1Fil.b: 0 error(s)
Rule M2Fil.a1: 0 error(s)
Rule M2Fil.b: 0 error(s)
Rule M3Fil.a1: 0 error(s)
Rule M3Fil.b: 0 error(s)
Rule M4Fil.a1: 0 error(s)
Rule M4Fil.b: 0 error(s)
Rule TM1Fil.a: 0 error(s)
Rule TM1Fil.b: 0 error(s)
Rule V1.b1: 0 error(s)
Rule V1.c1: 0 error(s)
Rule V2.b1: 0 error(s)
Rule V2.c1: 0 error(s)
Rule V3.b1: 0 error(s)
Rule V3.c1: 0 error(s)
Rule Rsil.a: 0 error(s)
Rule Rsil.b: 0 error(s)
Rule Rsil.c: 0 error(s)
Rule Rsil.d: 0 error(s)
Rule Rsil.e: 0 error(s)
Rule Rsil.f: 0 error(s)
Rule Rppd.a: 0 error(s)
Rule Rppd.b: 0 error(s)
Rule Rppd.c: 0 error(s)
Rule Rppd.c: 0 error(s)
Rule Rppd.d: 0 error(s)
Rule Rppd.e: 0 error(s)
Rule Rhi.a: 0 error(s)
Rule Rhi.b: 0 error(s)
Rule Rhi.c: 0 error(s)
Rule Rhi.d: 0 error(s)
Rule Rhi.d: 0 error(s)
Rule Rhi.e: 0 error(s)
Rule Rhi.f: 0 error(s)
Rule nmosi.b: 0 error(s)
Rule nmosi.c: 0 error(s)
Rule nmosi.d: 0 error(s)
Rule nmosi.f: 0 error(s)
Rule nmosi.g: 0 error(s)
Rule Sdiod.a: 0 error(s)
Rule Sdiod.b: 0 error(s)
Rule Sdiod.c: 0 error(s)
Rule Pad.aR: 0 error(s)
Rule Pad.a1: 0 error(s)
Rule Pad.bR: 0 error(s)
Rule Pad.d: 0 error(s)
Rule Pad.dR: 0 error(s)
Rule Pad.d1R: 0 error(s)
Rule Pad.jR: 0 error(s)
Rule Padc.d: 0 error(s)
Rule Seal.a_Activ: 0 error(s)
Rule Seal.a_pSD: 0 error(s)
Rule Seal.a_Metal1: 0 error(s)
Rule Seal.a_Metal2: 0 error(s)
Rule Seal.a_Metal3: 0 error(s)
Rule Seal.a_Metal4: 0 error(s)
Rule Seal.a_TopMetal1: 0 error(s)
Rule Seal.c: 0 error(s)
Rule Seal.c: 0 error(s)
Rule Seal.c1.Via1: 0 error(s)
Rule Seal.c1.Via1: 0 error(s)
Rule Seal.c1.Via2: 0 error(s)
Rule Seal.c1.Via2: 0 error(s)
Rule Seal.c1.Via3: 0 error(s)
Rule Seal.c1.Via3: 0 error(s)
Rule Seal.c2: 0 error(s)
Rule Seal.c2: 0 error(s)
Rule Seal.d.Cont: 0 error(s)
Rule Seal.d.Via1: 0 error(s)
Rule Seal.d.Via2: 0 error(s)
Rule Seal.d.Via3: 0 error(s)
Rule Seal.d.TopVia1: 0 error(s)
Rule Seal.e: 0 error(s)
Rule Seal.f.Activ: 0 error(s)
Rule Seal.f.pSD: 0 error(s)
Rule Seal.f.Metal1: 0 error(s)
Rule Seal.f.Metal2: 0 error(s)
Rule Seal.f.Metal3: 0 error(s)
Rule Seal.f.Metal4: 0 error(s)
Rule Seal.f.TopMetal1: 0 error(s)
Rule LU.a: 0 error(s)
Rule LU.c: 0 error(s)
Rule LU.c1: 0 error(s)
Rule LU.d: 0 error(s)
Rule LU.d1: 0 error(s)
Rule Slt.a.M1: 0 error(s)
Rule Slt.b.M1: 0 error(s)
Rule Slt.c.M1: 0 error(s)
Rule Slt.e.M1: 0 error(s)
Rule Slt.f.M1: 0 error(s)
Rule Slt.h1: 0 error(s)
Rule Slt.h1: 0 error(s)
Rule Slt.a.M2: 0 error(s)
Rule Slt.b.M2: 0 error(s)
Rule Slt.c.M2: 0 error(s)
Rule Slt.e.M2: 0 error(s)
Rule Slt.f.M2: 0 error(s)
Rule Slt.h2.M2: 0 error(s)
Rule Slt.h2.M2: 0 error(s)
Rule Slt.a.M3: 0 error(s)
Rule Slt.b.M3: 0 error(s)
Rule Slt.c.M3: 0 error(s)
Rule Slt.e.M3: 0 error(s)
Rule Slt.f.M3: 0 error(s)
Rule Slt.h2.M3: 0 error(s)
Rule Slt.h2.M3: 0 error(s)
Rule Slt.a.M4: 0 error(s)
Rule Slt.b.M4: 0 error(s)
Rule Slt.c.M4: 0 error(s)
Rule Slt.e.M4: 0 error(s)
Rule Slt.f.M4: 0 error(s)
Rule Slt.h2.M4: 0 error(s)
Rule Slt.a.TM1: 0 error(s)
Rule Slt.b.TM1: 0 error(s)
Rule Slt.c.TM1: 0 error(s)
Rule Slt.e.TM1: 0 error(s)
Rule Slt.f.TM1: 0 error(s)
Rule Slt.h3: 0 error(s)
Rule NW.c1.dig: 0 error(s)
Rule NW.d1.dig: 0 error(s)
Rule NW.e1.dig: 0 error(s)
Rule NW.f1.dig: 0 error(s)
Rule Cnt.c.Digi: 0 error(s)
Rule LBE.b2: 0 error(s)
Rule LBE.e.dfPad: 0 error(s)
Rule LBE.e.Passiv: 0 error(s)
Rule LBE.f: 0 error(s)
2026-10-06 00:20:45 +0000: Memory Usage (422408K) : Starting running IHP-SG13CMOS5L KLayout DRC runset on /work/in.gds
2026-10-06 00:20:45 +0000: Memory Usage (423244K) : IHP-SG13CMOS5L KLayout DRC runset output at: /work/out/in_ARRAY_3T_thick_L45n_thickgateox.lyrdb
2026-10-06 00:20:45 +0000: Memory Usage (423244K) : tables selected: thickgateox
2026-10-06 00:20:45 +0000: Memory Usage (422740K) : Starting running IHP-SG13CMOS5L KLayout DRC runset on /work/in.gds
2026-10-06 00:20:45 +0000: Memory Usage (423624K) : IHP-SG13CMOS5L KLayout DRC runset output at: /work/out/in_ARRAY_3T_thick_L45n_nbulay.lyrdb
2026-10-06 00:20:45 +0000: Memory Usage (423624K) : tables selected: nbulay
2026-10-06 00:20:45 +0000: Memory Usage (429052K) : Starting general IHP-SG13CMOS5L derivations.
2026-10-06 00:20:45 +0000: Memory Usage (429052K) : Starting IHP-SG13CMOS5L DRC rules.
2026-10-06 00:20:45 +0000: Memory Usage (423064K) : Starting running IHP-SG13CMOS5L KLayout DRC runset on /work/in.gds
2026-10-06 00:20:45 +0000: Memory Usage (423912K) : IHP-SG13CMOS5L KLayout DRC runset output at: /work/out/in_ARRAY_3T_thick_L45n_gatpoly.lyrdb
2026-10-06 00:20:45 +0000: Memory Usage (423912K) : tables selected: gatpoly
2026-10-06 00:20:45 +0000: Memory Usage (428868K) : Starting general IHP-SG13CMOS5L derivations.
2026-10-06 00:20:45 +0000: Memory Usage (428868K) : Starting IHP-SG13CMOS5L DRC rules.
2026-10-06 00:20:45 +0000: Memory Usage (429764K) : Starting general IHP-SG13CMOS5L derivations.
2026-10-06 00:20:45 +0000: Memory Usage (431940K) : Starting IHP-SG13CMOS5L DRC rules.
2026-10-06 00:20:45 +0000: Memory Usage (421356K) : Starting running IHP-SG13CMOS5L KLayout DRC runset on /work/in.gds
2026-10-06 00:20:45 +0000: Memory Usage (421884K) : IHP-SG13CMOS5L KLayout DRC runset output at: /work/out/in_ARRAY_3T_thick_L45n_latchup.lyrdb
2026-10-06 00:20:45 +0000: Memory Usage (421884K) : tables selected: latchup
2026-10-06 00:20:46 +0000: Memory Usage (427480K) : Starting general IHP-SG13CMOS5L derivations.
2026-10-06 00:20:46 +0000: Memory Usage (430536K) : Starting IHP-SG13CMOS5L DRC rules.
2026-10-06 00:20:46 +0000: Memory Usage (421008K) : Starting running IHP-SG13CMOS5L KLayout DRC runset on /work/in.gds
2026-10-06 00:20:46 +0000: Memory Usage (421804K) : IHP-SG13CMOS5L KLayout DRC runset output at: /work/out/in_ARRAY_3T_thick_L45n_activ.lyrdb
2026-10-06 00:20:46 +0000: Memory Usage (421804K) : tables selected: activ
2026-10-06 00:20:46 +0000: Memory Usage (427180K) : Starting general IHP-SG13CMOS5L derivations.
2026-10-06 00:20:46 +0000: Memory Usage (427180K) : Starting IHP-SG13CMOS5L DRC rules.
2026-10-06 00:20:46 +0000: Memory Usage (421968K) : Starting running IHP-SG13CMOS5L KLayout DRC runset on /work/in.gds
2026-10-06 00:20:46 +0000: Memory Usage (422500K) : IHP-SG13CMOS5L KLayout DRC runset output at: /work/out/in_ARRAY_3T_thick_L45n_psd.lyrdb
2026-10-06 00:20:46 +0000: Memory Usage (422500K) : tables selected: psd
2026-10-06 00:20:46 +0000: Memory Usage (421052K) : Starting running IHP-SG13CMOS5L KLayout DRC runset on /work/in.gds
2026-10-06 00:20:46 +0000: Memory Usage (421660K) : IHP-SG13CMOS5L KLayout DRC runset output at: /work/out/in_ARRAY_3T_thick_L45n_metaln.lyrdb
2026-10-06 00:20:46 +0000: Memory Usage (421660K) : tables selected: metaln
2026-10-06 00:20:46 +0000: Memory Usage (428468K) : Starting general IHP-SG13CMOS5L derivations.
2026-10-06 00:20:46 +0000: Memory Usage (428468K) : Starting IHP-SG13CMOS5L DRC rules.
2026-10-06 00:20:46 +0000: Memory Usage (426936K) : Starting general IHP-SG13CMOS5L derivations.
2026-10-06 00:20:46 +0000: Memory Usage (426936K) : Starting IHP-SG13CMOS5L DRC rules.
2026-10-06 00:20:47 +0000: Memory Usage (420760K) : Starting running IHP-SG13CMOS5L KLayout DRC runset on /work/in.gds
2026-10-06 00:20:47 +0000: Memory Usage (421336K) : IHP-SG13CMOS5L KLayout DRC runset output at: /work/out/in_ARRAY_3T_thick_L45n_topvia1.lyrdb
2026-10-06 00:20:47 +0000: Memory Usage (421336K) : tables selected: topvia1
2026-10-06 00:20:47 +0000: Memory Usage (426584K) : Starting general IHP-SG13CMOS5L derivations.
2026-10-06 00:20:47 +0000: Memory Usage (426584K) : Starting IHP-SG13CMOS5L DRC rules.
2026-10-06 00:20:47 +0000: Memory Usage (421132K) : Starting running IHP-SG13CMOS5L KLayout DRC runset on /work/in.gds
2026-10-06 00:20:47 +0000: Memory Usage (422020K) : IHP-SG13CMOS5L KLayout DRC runset output at: /work/out/in_ARRAY_3T_thick_L45n_sealring.lyrdb
2026-10-06 00:20:47 +0000: Memory Usage (422020K) : tables selected: sealring
2026-10-06 00:20:47 +0000: Memory Usage (427788K) : Starting general IHP-SG13CMOS5L derivations.
2026-10-06 00:20:47 +0000: Memory Usage (427788K) : Starting IHP-SG13CMOS5L DRC rules.
2026-10-06 00:20:47 +0000: Memory Usage (422772K) : Starting running IHP-SG13CMOS5L KLayout DRC runset on /work/in.gds
2026-10-06 00:20:47 +0000: Memory Usage (423632K) : IHP-SG13CMOS5L KLayout DRC runset output at: /work/out/in_ARRAY_3T_thick_L45n_metalnfiller.lyrdb
2026-10-06 00:20:47 +0000: Memory Usage (423632K) : tables selected: metalnfiller
2026-10-06 00:20:47 +0000: Memory Usage (421856K) : Starting running IHP-SG13CMOS5L KLayout DRC runset on /work/in.gds
2026-10-06 00:20:47 +0000: Memory Usage (422692K) : IHP-SG13CMOS5L KLayout DRC runset output at: /work/out/in_ARRAY_3T_thick_L45n_metal1.lyrdb
2026-10-06 00:20:47 +0000: Memory Usage (422692K) : tables selected: metal1
2026-10-06 00:20:47 +0000: Memory Usage (429340K) : Starting general IHP-SG13CMOS5L derivations.
2026-10-06 00:20:47 +0000: Memory Usage (429340K) : Starting IHP-SG13CMOS5L DRC rules.
2026-10-06 00:20:47 +0000: Memory Usage (428500K) : Starting general IHP-SG13CMOS5L derivations.
2026-10-06 00:20:47 +0000: Memory Usage (428500K) : Starting IHP-SG13CMOS5L DRC rules.
2026-10-06 00:20:48 +0000: Memory Usage (422460K) : Starting running IHP-SG13CMOS5L KLayout DRC runset on /work/in.gds
2026-10-06 00:20:48 +0000: Memory Usage (423324K) : IHP-SG13CMOS5L KLayout DRC runset output at: /work/out/in_ARRAY_3T_thick_L45n_topmetal1.lyrdb
2026-10-06 00:20:48 +0000: Memory Usage (423324K) : tables selected: topmetal1
2026-10-06 00:20:48 +0000: Memory Usage (429004K) : Starting general IHP-SG13CMOS5L derivations.
2026-10-06 00:20:48 +0000: Memory Usage (429004K) : Starting IHP-SG13CMOS5L DRC rules.
2026-10-06 00:20:48 +0000: Memory Usage (420932K) : Starting running IHP-SG13CMOS5L KLayout DRC runset on /work/in.gds
2026-10-06 00:20:48 +0000: Memory Usage (421740K) : IHP-SG13CMOS5L KLayout DRC runset output at: /work/out/in_ARRAY_3T_thick_L45n_passiv.lyrdb
2026-10-06 00:20:48 +0000: Memory Usage (421740K) : tables selected: passiv
2026-10-06 00:20:48 +0000: Memory Usage (421676K) : Starting running IHP-SG13CMOS5L KLayout DRC runset on /work/in.gds
2026-10-06 00:20:48 +0000: Memory Usage (422476K) : IHP-SG13CMOS5L KLayout DRC runset output at: /work/out/in_ARRAY_3T_thick_L45n_vian.lyrdb
2026-10-06 00:20:48 +0000: Memory Usage (422476K) : tables selected: vian
2026-10-06 00:20:48 +0000: Memory Usage (427840K) : Starting general IHP-SG13CMOS5L derivations.
2026-10-06 00:20:48 +0000: Memory Usage (427840K) : Starting IHP-SG13CMOS5L DRC rules.
2026-10-06 00:20:48 +0000: Memory Usage (421708K) : Starting running IHP-SG13CMOS5L KLayout DRC runset on /work/in.gds
2026-10-06 00:20:48 +0000: Memory Usage (422572K) : IHP-SG13CMOS5L KLayout DRC runset output at: /work/out/in_ARRAY_3T_thick_L45n_lbe.lyrdb
2026-10-06 00:20:48 +0000: Memory Usage (422572K) : tables selected: lbe
2026-10-06 00:20:48 +0000: Memory Usage (428196K) : Starting general IHP-SG13CMOS5L derivations.
2026-10-06 00:20:48 +0000: Memory Usage (428196K) : Starting IHP-SG13CMOS5L DRC rules.
2026-10-06 00:20:49 +0000: Memory Usage (428384K) : Starting general IHP-SG13CMOS5L derivations.
2026-10-06 00:20:49 +0000: Memory Usage (428384K) : Starting IHP-SG13CMOS5L DRC rules.
2026-10-06 00:20:49 +0000: Memory Usage (421308K) : Starting running IHP-SG13CMOS5L KLayout DRC runset on /work/in.gds
2026-10-06 00:20:49 +0000: Memory Usage (422116K) : IHP-SG13CMOS5L KLayout DRC runset output at: /work/out/in_ARRAY_3T_thick_L45n_topmetal1filler.lyrdb
2026-10-06 00:20:49 +0000: Memory Usage (422116K) : tables selected: topmetal1filler
2026-10-06 00:20:49 +0000: Memory Usage (427704K) : Starting general IHP-SG13CMOS5L derivations.
2026-10-06 00:20:49 +0000: Memory Usage (427704K) : Starting IHP-SG13CMOS5L DRC rules.
2026-10-06 00:20:49 +0000: Memory Usage (420308K) : Starting running IHP-SG13CMOS5L KLayout DRC runset on /work/in.gds
2026-10-06 00:20:49 +0000: Memory Usage (421148K) : IHP-SG13CMOS5L KLayout DRC runset output at: /work/out/in_ARRAY_3T_thick_L45n_pad.lyrdb
2026-10-06 00:20:49 +0000: Memory Usage (421148K) : tables selected: pad
2026-10-06 00:20:49 +0000: Memory Usage (422328K) : Starting running IHP-SG13CMOS5L KLayout DRC runset on /work/in.gds
2026-10-06 00:20:49 +0000: Memory Usage (422924K) : IHP-SG13CMOS5L KLayout DRC runset output at: /work/out/in_ARRAY_3T_thick_L45n_metalslits.lyrdb
2026-10-06 00:20:49 +0000: Memory Usage (422924K) : tables selected: metalslits
2026-10-06 00:20:49 +0000: Memory Usage (422700K) : Starting running IHP-SG13CMOS5L KLayout DRC runset on /work/in.gds
2026-10-06 00:20:49 +0000: Memory Usage (423516K) : IHP-SG13CMOS5L KLayout DRC runset output at: /work/out/in_ARRAY_3T_thick_L45n_via1.lyrdb
2026-10-06 00:20:49 +0000: Memory Usage (423516K) : tables selected: via1
2026-10-06 00:20:49 +0000: Memory Usage (426928K) : Starting general IHP-SG13CMOS5L derivations.
2026-10-06 00:20:49 +0000: Memory Usage (426928K) : Starting IHP-SG13CMOS5L DRC rules.
2026-10-06 00:20:49 +0000: Memory Usage (428476K) : Starting general IHP-SG13CMOS5L derivations.
2026-10-06 00:20:49 +0000: Memory Usage (428476K) : Starting IHP-SG13CMOS5L DRC rules.
2026-10-06 00:20:50 +0000: Memory Usage (429092K) : Starting general IHP-SG13CMOS5L derivations.
2026-10-06 00:20:50 +0000: Memory Usage (429092K) : Starting IHP-SG13CMOS5L DRC rules.
2026-10-06 00:20:50 +0000: Memory Usage (421380K) : Starting running IHP-SG13CMOS5L KLayout DRC runset on /work/in.gds
2026-10-06 00:20:50 +0000: Memory Usage (421976K) : IHP-SG13CMOS5L KLayout DRC runset output at: /work/out/in_ARRAY_3T_thick_L45n_forbidden_cmos5l.lyrdb
2026-10-06 00:20:50 +0000: Memory Usage (421976K) : tables selected: forbidden_cmos5l
2026-10-06 00:20:50 +0000: Memory Usage (427704K) : Starting general IHP-SG13CMOS5L derivations.
2026-10-06 00:20:50 +0000: Memory Usage (427704K) : Starting IHP-SG13CMOS5L DRC rules.
2026-10-06 00:20:50 +0000: Memory Usage (421888K) : Starting running IHP-SG13CMOS5L KLayout DRC runset on /work/in.gds
2026-10-06 00:20:50 +0000: Memory Usage (422700K) : IHP-SG13CMOS5L KLayout DRC runset output at: /work/out/in_ARRAY_3T_thick_L45n_forbidden.lyrdb
2026-10-06 00:20:50 +0000: Memory Usage (422956K) : tables selected: forbidden
2026-10-06 00:20:50 +0000: Memory Usage (421864K) : Starting running IHP-SG13CMOS5L KLayout DRC runset on /work/in.gds
2026-10-06 00:20:50 +0000: Memory Usage (422728K) : IHP-SG13CMOS5L KLayout DRC runset output at: /work/out/in_ARRAY_3T_thick_L45n_angle.lyrdb
2026-10-06 00:20:50 +0000: Memory Usage (422728K) : tables selected: angle
2026-10-06 00:20:50 +0000: Memory Usage (422632K) : Starting running IHP-SG13CMOS5L KLayout DRC runset on /work/in.gds
2026-10-06 00:20:50 +0000: Memory Usage (423268K) : IHP-SG13CMOS5L KLayout DRC runset output at: /work/out/in_ARRAY_3T_thick_L45n_offgrid.lyrdb
2026-10-06 00:20:50 +0000: Memory Usage (423268K) : tables selected: offgrid
2026-10-06 00:20:50 +0000: Memory Usage (428532K) : Starting general IHP-SG13CMOS5L derivations.
2026-10-06 00:20:50 +0000: Memory Usage (428532K) : Starting IHP-SG13CMOS5L DRC rules.
2026-10-06 00:20:51 +0000: Memory Usage (428292K) : Starting general IHP-SG13CMOS5L derivations.
2026-10-06 00:20:51 +0000: Memory Usage (428292K) : Starting IHP-SG13CMOS5L DRC rules.
2026-10-06 00:20:51 +0000: Memory Usage (429132K) : Starting general IHP-SG13CMOS5L derivations.
2026-10-06 00:20:51 +0000: Memory Usage (429132K) : Starting IHP-SG13CMOS5L DRC rules.
2026-10-06 00:20:51 +0000: Memory Usage (422004K) : Starting running IHP-SG13CMOS5L KLayout DRC runset on /work/in.gds
2026-10-06 00:20:51 +0000: Memory Usage (422820K) : IHP-SG13CMOS5L KLayout DRC runset output at: /work/out/in_ARRAY_3T_thick_L45n_pin.lyrdb
2026-10-06 00:20:51 +0000: Memory Usage (422820K) : tables selected: pin
2026-10-06 00:20:51 +0000: Memory Usage (427872K) : Starting general IHP-SG13CMOS5L derivations.
2026-10-06 00:20:51 +0000: Memory Usage (427872K) : Starting IHP-SG13CMOS5L DRC rules.
06-Oct-2026 00:20:51 | INFO    | KLayout DRC Check Passed: No DRC violations detected in the layout.
06-Oct-2026 00:20:41 | INFO    | KLayout version detected: 0.30.9
06-Oct-2026 00:20:51 | INFO    | KLayout DRC Check Passed: No DRC violations detected in the layout.
2026-10-06 00:20:44 +0000: Memory Usage (419864K) : Starting running IHP-SG13CMOS5L KLayout DRC runset on /work/in.gds
2026-10-06 00:20:44 +0000: Memory Usage (420460K) : IHP-SG13CMOS5L KLayout DRC runset output at: /work/out/in_ARRAY_3T_thick_L45n_activfiller.lyrdb
2026-10-06 00:20:44 +0000: Memory Usage (420460K) : tables selected: activfiller
2026-10-06 00:20:44 +0000: Memory Usage (426188K) : Starting general IHP-SG13CMOS5L derivations.
2026-10-06 00:20:44 +0000: Memory Usage (426188K) : Starting IHP-SG13CMOS5L DRC rules.
2026-10-06 00:20:46 +0000: Memory Usage (421008K) : Starting running IHP-SG13CMOS5L KLayout DRC runset on /work/in.gds
2026-10-06 00:20:46 +0000: Memory Usage (421804K) : IHP-SG13CMOS5L KLayout DRC runset output at: /work/out/in_ARRAY_3T_thick_L45n_activ.lyrdb
2026-10-06 00:20:46 +0000: Memory Usage (421804K) : tables selected: activ
2026-10-06 00:20:46 +0000: Memory Usage (427180K) : Starting general IHP-SG13CMOS5L derivations.
2026-10-06 00:20:46 +0000: Memory Usage (427180K) : Starting IHP-SG13CMOS5L DRC rules.
2026-10-06 00:20:50 +0000: Memory Usage (421864K) : Starting running IHP-SG13CMOS5L KLayout DRC runset on /work/in.gds
2026-10-06 00:20:50 +0000: Memory Usage (422728K) : IHP-SG13CMOS5L KLayout DRC runset output at: /work/out/in_ARRAY_3T_thick_L45n_angle.lyrdb
2026-10-06 00:20:50 +0000: Memory Usage (422728K) : tables selected: angle
2026-10-06 00:20:51 +0000: Memory Usage (428292K) : Starting general IHP-SG13CMOS5L derivations.
2026-10-06 00:20:51 +0000: Memory Usage (428292K) : Starting IHP-SG13CMOS5L DRC rules.
2026-10-06 00:20:43 +0000: Memory Usage (422524K) : Starting running IHP-SG13CMOS5L KLayout DRC runset on /work/in.gds
2026-10-06 00:20:43 +0000: Memory Usage (423400K) : IHP-SG13CMOS5L KLayout DRC runset output at: /work/out/in_ARRAY_3T_thick_L45n_contbar.lyrdb
2026-10-06 00:20:43 +0000: Memory Usage (423400K) : tables selected: contbar
2026-10-06 00:20:44 +0000: Memory Usage (428980K) : Starting general IHP-SG13CMOS5L derivations.
2026-10-06 00:20:44 +0000: Memory Usage (428980K) : Starting IHP-SG13CMOS5L DRC rules.
2026-10-06 00:20:42 +0000: Memory Usage (422468K) : Starting running IHP-SG13CMOS5L KLayout DRC runset on /work/in.gds
2026-10-06 00:20:42 +0000: Memory Usage (423284K) : IHP-SG13CMOS5L KLayout DRC runset output at: /work/out/in_ARRAY_3T_thick_L45n_cont.lyrdb
2026-10-06 00:20:42 +0000: Memory Usage (423284K) : tables selected: cont
2026-10-06 00:20:42 +0000: Memory Usage (428576K) : Starting general IHP-SG13CMOS5L derivations.
2026-10-06 00:20:42 +0000: Memory Usage (430792K) : Starting IHP-SG13CMOS5L DRC rules.
2026-10-06 00:20:50 +0000: Memory Usage (421380K) : Starting running IHP-SG13CMOS5L KLayout DRC runset on /work/in.gds
2026-10-06 00:20:50 +0000: Memory Usage (421976K) : IHP-SG13CMOS5L KLayout DRC runset output at: /work/out/in_ARRAY_3T_thick_L45n_forbidden_cmos5l.lyrdb
2026-10-06 00:20:50 +0000: Memory Usage (421976K) : tables selected: forbidden_cmos5l
2026-10-06 00:20:50 +0000: Memory Usage (427704K) : Starting general IHP-SG13CMOS5L derivations.
2026-10-06 00:20:50 +0000: Memory Usage (427704K) : Starting IHP-SG13CMOS5L DRC rules.
2026-10-06 00:20:50 +0000: Memory Usage (421888K) : Starting running IHP-SG13CMOS5L KLayout DRC runset on /work/in.gds
2026-10-06 00:20:50 +0000: Memory Usage (422700K) : IHP-SG13CMOS5L KLayout DRC runset output at: /work/out/in_ARRAY_3T_thick_L45n_forbidden.lyrdb
2026-10-06 00:20:50 +0000: Memory Usage (422956K) : tables selected: forbidden
2026-10-06 00:20:50 +0000: Memory Usage (428532K) : Starting general IHP-SG13CMOS5L derivations.
2026-10-06 00:20:50 +0000: Memory Usage (428532K) : Starting IHP-SG13CMOS5L DRC rules.
2026-10-06 00:20:42 +0000: Memory Usage (421928K) : Starting running IHP-SG13CMOS5L KLayout DRC runset on /work/in.gds
2026-10-06 00:20:42 +0000: Memory Usage (422784K) : IHP-SG13CMOS5L KLayout DRC runset output at: /work/out/in_ARRAY_3T_thick_L45n_gatpolyfiller.lyrdb
2026-10-06 00:20:42 +0000: Memory Usage (422784K) : tables selected: gatpolyfiller
2026-10-06 00:20:42 +0000: Memory Usage (428060K) : Starting general IHP-SG13CMOS5L derivations.
2026-10-06 00:20:42 +0000: Memory Usage (428060K) : Starting IHP-SG13CMOS5L DRC rules.
2026-10-06 00:20:45 +0000: Memory Usage (423064K) : Starting running IHP-SG13CMOS5L KLayout DRC runset on /work/in.gds
2026-10-06 00:20:45 +0000: Memory Usage (423912K) : IHP-SG13CMOS5L KLayout DRC runset output at: /work/out/in_ARRAY_3T_thick_L45n_gatpoly.lyrdb
2026-10-06 00:20:45 +0000: Memory Usage (423912K) : tables selected: gatpoly
2026-10-06 00:20:45 +0000: Memory Usage (429764K) : Starting general IHP-SG13CMOS5L derivations.
2026-10-06 00:20:45 +0000: Memory Usage (431940K) : Starting IHP-SG13CMOS5L DRC rules.
2026-10-06 00:20:45 +0000: Memory Usage (421356K) : Starting running IHP-SG13CMOS5L KLayout DRC runset on /work/in.gds
2026-10-06 00:20:45 +0000: Memory Usage (421884K) : IHP-SG13CMOS5L KLayout DRC runset output at: /work/out/in_ARRAY_3T_thick_L45n_latchup.lyrdb
2026-10-06 00:20:45 +0000: Memory Usage (421884K) : tables selected: latchup
2026-10-06 00:20:46 +0000: Memory Usage (427480K) : Starting general IHP-SG13CMOS5L derivations.
2026-10-06 00:20:46 +0000: Memory Usage (430536K) : Starting IHP-SG13CMOS5L DRC rules.
2026-10-06 00:20:48 +0000: Memory Usage (421708K) : Starting running IHP-SG13CMOS5L KLayout DRC runset on /work/in.gds
2026-10-06 00:20:48 +0000: Memory Usage (422572K) : IHP-SG13CMOS5L KLayout DRC runset output at: /work/out/in_ARRAY_3T_thick_L45n_lbe.lyrdb
2026-10-06 00:20:48 +0000: Memory Usage (422572K) : tables selected: lbe
2026-10-06 00:20:49 +0000: Memory Usage (428384K) : Starting general IHP-SG13CMOS5L derivations.
2026-10-06 00:20:49 +0000: Memory Usage (428384K) : Starting IHP-SG13CMOS5L DRC rules.
2026-10-06 00:20:47 +0000: Memory Usage (421856K) : Starting running IHP-SG13CMOS5L KLayout DRC runset on /work/in.gds
2026-10-06 00:20:47 +0000: Memory Usage (422692K) : IHP-SG13CMOS5L KLayout DRC runset output at: /work/out/in_ARRAY_3T_thick_L45n_metal1.lyrdb
2026-10-06 00:20:47 +0000: Memory Usage (422692K) : tables selected: metal1
2026-10-06 00:20:47 +0000: Memory Usage (428500K) : Starting general IHP-SG13CMOS5L derivations.
2026-10-06 00:20:47 +0000: Memory Usage (428500K) : Starting IHP-SG13CMOS5L DRC rules.
2026-10-06 00:20:47 +0000: Memory Usage (422772K) : Starting running IHP-SG13CMOS5L KLayout DRC runset on /work/in.gds
2026-10-06 00:20:47 +0000: Memory Usage (423632K) : IHP-SG13CMOS5L KLayout DRC runset output at: /work/out/in_ARRAY_3T_thick_L45n_metalnfiller.lyrdb
2026-10-06 00:20:47 +0000: Memory Usage (423632K) : tables selected: metalnfiller
2026-10-06 00:20:47 +0000: Memory Usage (429340K) : Starting general IHP-SG13CMOS5L derivations.
2026-10-06 00:20:47 +0000: Memory Usage (429340K) : Starting IHP-SG13CMOS5L DRC rules.
2026-10-06 00:20:46 +0000: Memory Usage (421052K) : Starting running IHP-SG13CMOS5L KLayout DRC runset on /work/in.gds
2026-10-06 00:20:46 +0000: Memory Usage (421660K) : IHP-SG13CMOS5L KLayout DRC runset output at: /work/out/in_ARRAY_3T_thick_L45n_metaln.lyrdb
2026-10-06 00:20:46 +0000: Memory Usage (421660K) : tables selected: metaln
2026-10-06 00:20:46 +0000: Memory Usage (426936K) : Starting general IHP-SG13CMOS5L derivations.
2026-10-06 00:20:46 +0000: Memory Usage (426936K) : Starting IHP-SG13CMOS5L DRC rules.
2026-10-06 00:20:49 +0000: Memory Usage (422328K) : Starting running IHP-SG13CMOS5L KLayout DRC runset on /work/in.gds
2026-10-06 00:20:49 +0000: Memory Usage (422924K) : IHP-SG13CMOS5L KLayout DRC runset output at: /work/out/in_ARRAY_3T_thick_L45n_metalslits.lyrdb
2026-10-06 00:20:49 +0000: Memory Usage (422924K) : tables selected: metalslits
2026-10-06 00:20:49 +0000: Memory Usage (428476K) : Starting general IHP-SG13CMOS5L derivations.
2026-10-06 00:20:49 +0000: Memory Usage (428476K) : Starting IHP-SG13CMOS5L DRC rules.
2026-10-06 00:20:45 +0000: Memory Usage (422740K) : Starting running IHP-SG13CMOS5L KLayout DRC runset on /work/in.gds
2026-10-06 00:20:45 +0000: Memory Usage (423624K) : IHP-SG13CMOS5L KLayout DRC runset output at: /work/out/in_ARRAY_3T_thick_L45n_nbulay.lyrdb
2026-10-06 00:20:45 +0000: Memory Usage (423624K) : tables selected: nbulay
2026-10-06 00:20:45 +0000: Memory Usage (428868K) : Starting general IHP-SG13CMOS5L derivations.
2026-10-06 00:20:45 +0000: Memory Usage (428868K) : Starting IHP-SG13CMOS5L DRC rules.
2026-10-06 00:20:43 +0000: Memory Usage (420420K) : Starting running IHP-SG13CMOS5L KLayout DRC runset on /work/in.gds
2026-10-06 00:20:43 +0000: Memory Usage (421232K) : IHP-SG13CMOS5L KLayout DRC runset output at: /work/out/in_ARRAY_3T_thick_L45n_nwell.lyrdb
2026-10-06 00:20:43 +0000: Memory Usage (421488K) : tables selected: nwell
2026-10-06 00:20:44 +0000: Memory Usage (426752K) : Starting general IHP-SG13CMOS5L derivations.
2026-10-06 00:20:44 +0000: Memory Usage (429668K) : Starting IHP-SG13CMOS5L DRC connectivity related derivations.
2026-10-06 00:20:44 +0000: Memory Usage (429924K) : Starting IHP-SG13CMOS5L DRC connectivity setup
2026-10-06 00:20:44 +0000: Memory Usage (430188K) : Starting IHP-SG13CMOS5L DRC rules.
2026-10-06 00:20:50 +0000: Memory Usage (422632K) : Starting running IHP-SG13CMOS5L KLayout DRC runset on /work/in.gds
2026-10-06 00:20:50 +0000: Memory Usage (423268K) : IHP-SG13CMOS5L KLayout DRC runset output at: /work/out/in_ARRAY_3T_thick_L45n_offgrid.lyrdb
2026-10-06 00:20:50 +0000: Memory Usage (423268K) : tables selected: offgrid
2026-10-06 00:20:51 +0000: Memory Usage (429132K) : Starting general IHP-SG13CMOS5L derivations.
2026-10-06 00:20:51 +0000: Memory Usage (429132K) : Starting IHP-SG13CMOS5L DRC rules.
2026-10-06 00:20:49 +0000: Memory Usage (420308K) : Starting running IHP-SG13CMOS5L KLayout DRC runset on /work/in.gds
2026-10-06 00:20:49 +0000: Memory Usage (421148K) : IHP-SG13CMOS5L KLayout DRC runset output at: /work/out/in_ARRAY_3T_thick_L45n_pad.lyrdb
2026-10-06 00:20:49 +0000: Memory Usage (421148K) : tables selected: pad
2026-10-06 00:20:49 +0000: Memory Usage (426928K) : Starting general IHP-SG13CMOS5L derivations.
2026-10-06 00:20:49 +0000: Memory Usage (426928K) : Starting IHP-SG13CMOS5L DRC rules.
2026-10-06 00:20:48 +0000: Memory Usage (420932K) : Starting running IHP-SG13CMOS5L KLayout DRC runset on /work/in.gds
2026-10-06 00:20:48 +0000: Memory Usage (421740K) : IHP-SG13CMOS5L KLayout DRC runset output at: /work/out/in_ARRAY_3T_thick_L45n_passiv.lyrdb
2026-10-06 00:20:48 +0000: Memory Usage (421740K) : tables selected: passiv
2026-10-06 00:20:48 +0000: Memory Usage (427840K) : Starting general IHP-SG13CMOS5L derivations.
2026-10-06 00:20:48 +0000: Memory Usage (427840K) : Starting IHP-SG13CMOS5L DRC rules.
2026-10-06 00:20:51 +0000: Memory Usage (422004K) : Starting running IHP-SG13CMOS5L KLayout DRC runset on /work/in.gds
2026-10-06 00:20:51 +0000: Memory Usage (422820K) : IHP-SG13CMOS5L KLayout DRC runset output at: /work/out/in_ARRAY_3T_thick_L45n_pin.lyrdb
2026-10-06 00:20:51 +0000: Memory Usage (422820K) : tables selected: pin
2026-10-06 00:20:51 +0000: Memory Usage (427872K) : Starting general IHP-SG13CMOS5L derivations.
2026-10-06 00:20:51 +0000: Memory Usage (427872K) : Starting IHP-SG13CMOS5L DRC rules.
2026-10-06 00:20:46 +0000: Memory Usage (421968K) : Starting running IHP-SG13CMOS5L KLayout DRC runset on /work/in.gds
2026-10-06 00:20:46 +0000: Memory Usage (422500K) : IHP-SG13CMOS5L KLayout DRC runset output at: /work/out/in_ARRAY_3T_thick_L45n_psd.lyrdb
2026-10-06 00:20:46 +0000: Memory Usage (422500K) : tables selected: psd
2026-10-06 00:20:46 +0000: Memory Usage (428468K) : Starting general IHP-SG13CMOS5L derivations.
2026-10-06 00:20:46 +0000: Memory Usage (428468K) : Starting IHP-SG13CMOS5L DRC rules.
2026-10-06 00:20:42 +0000: Memory Usage (422844K) : Starting running IHP-SG13CMOS5L KLayout DRC runset on /work/in.gds
2026-10-06 00:20:42 +0000: Memory Usage (423612K) : IHP-SG13CMOS5L KLayout DRC runset output at: /work/out/in_ARRAY_3T_thick_L45n_pwellblock.lyrdb
2026-10-06 00:20:42 +0000: Memory Usage (423612K) : tables selected: pwellblock
2026-10-06 00:20:42 +0000: Memory Usage (428868K) : Starting general IHP-SG13CMOS5L derivations.
2026-10-06 00:20:42 +0000: Memory Usage (430468K) : Starting IHP-SG13CMOS5L DRC rules.
2026-10-06 00:20:47 +0000: Memory Usage (421132K) : Starting running IHP-SG13CMOS5L KLayout DRC runset on /work/in.gds
2026-10-06 00:20:47 +0000: Memory Usage (422020K) : IHP-SG13CMOS5L KLayout DRC runset output at: /work/out/in_ARRAY_3T_thick_L45n_sealring.lyrdb
2026-10-06 00:20:47 +0000: Memory Usage (422020K) : tables selected: sealring
2026-10-06 00:20:47 +0000: Memory Usage (427788K) : Starting general IHP-SG13CMOS5L derivations.
2026-10-06 00:20:47 +0000: Memory Usage (427788K) : Starting IHP-SG13CMOS5L DRC rules.
2026-10-06 00:20:42 +0000: Memory Usage (421008K) : Starting running IHP-SG13CMOS5L Klayout DRC maximum runset on /work/in.gds
2026-10-06 00:20:42 +0000: Memory Usage (421876K) : IHP-SG13CMOS5L Klayout DRC maximum runset output at: /work/out/in_ARRAY_3T_thick_L45n_sg13cmos5l_maximal.lyrdb
2026-10-06 00:20:45 +0000: Memory Usage (422408K) : Starting running IHP-SG13CMOS5L KLayout DRC runset on /work/in.gds
2026-10-06 00:20:45 +0000: Memory Usage (423244K) : IHP-SG13CMOS5L KLayout DRC runset output at: /work/out/in_ARRAY_3T_thick_L45n_thickgateox.lyrdb
2026-10-06 00:20:45 +0000: Memory Usage (423244K) : tables selected: thickgateox
2026-10-06 00:20:45 +0000: Memory Usage (429052K) : Starting general IHP-SG13CMOS5L derivations.
2026-10-06 00:20:45 +0000: Memory Usage (429052K) : Starting IHP-SG13CMOS5L DRC rules.
2026-10-06 00:20:49 +0000: Memory Usage (421308K) : Starting running IHP-SG13CMOS5L KLayout DRC runset on /work/in.gds
2026-10-06 00:20:49 +0000: Memory Usage (422116K) : IHP-SG13CMOS5L KLayout DRC runset output at: /work/out/in_ARRAY_3T_thick_L45n_topmetal1filler.lyrdb
2026-10-06 00:20:49 +0000: Memory Usage (422116K) : tables selected: topmetal1filler
2026-10-06 00:20:49 +0000: Memory Usage (427704K) : Starting general IHP-SG13CMOS5L derivations.
2026-10-06 00:20:49 +0000: Memory Usage (427704K) : Starting IHP-SG13CMOS5L DRC rules.
2026-10-06 00:20:48 +0000: Memory Usage (422460K) : Starting running IHP-SG13CMOS5L KLayout DRC runset on /work/in.gds
2026-10-06 00:20:48 +0000: Memory Usage (423324K) : IHP-SG13CMOS5L KLayout DRC runset output at: /work/out/in_ARRAY_3T_thick_L45n_topmetal1.lyrdb
2026-10-06 00:20:48 +0000: Memory Usage (423324K) : tables selected: topmetal1
2026-10-06 00:20:48 +0000: Memory Usage (429004K) : Starting general IHP-SG13CMOS5L derivations.
2026-10-06 00:20:48 +0000: Memory Usage (429004K) : Starting IHP-SG13CMOS5L DRC rules.
2026-10-06 00:20:47 +0000: Memory Usage (420760K) : Starting running IHP-SG13CMOS5L KLayout DRC runset on /work/in.gds
2026-10-06 00:20:47 +0000: Memory Usage (421336K) : IHP-SG13CMOS5L KLayout DRC runset output at: /work/out/in_ARRAY_3T_thick_L45n_topvia1.lyrdb
2026-10-06 00:20:47 +0000: Memory Usage (421336K) : tables selected: topvia1
2026-10-06 00:20:47 +0000: Memory Usage (426584K) : Starting general IHP-SG13CMOS5L derivations.
2026-10-06 00:20:47 +0000: Memory Usage (426584K) : Starting IHP-SG13CMOS5L DRC rules.
2026-10-06 00:20:49 +0000: Memory Usage (422700K) : Starting running IHP-SG13CMOS5L KLayout DRC runset on /work/in.gds
2026-10-06 00:20:49 +0000: Memory Usage (423516K) : IHP-SG13CMOS5L KLayout DRC runset output at: /work/out/in_ARRAY_3T_thick_L45n_via1.lyrdb
2026-10-06 00:20:49 +0000: Memory Usage (423516K) : tables selected: via1
2026-10-06 00:20:50 +0000: Memory Usage (429092K) : Starting general IHP-SG13CMOS5L derivations.
2026-10-06 00:20:50 +0000: Memory Usage (429092K) : Starting IHP-SG13CMOS5L DRC rules.
2026-10-06 00:20:48 +0000: Memory Usage (421676K) : Starting running IHP-SG13CMOS5L KLayout DRC runset on /work/in.gds
2026-10-06 00:20:48 +0000: Memory Usage (422476K) : IHP-SG13CMOS5L KLayout DRC runset output at: /work/out/in_ARRAY_3T_thick_L45n_vian.lyrdb
2026-10-06 00:20:48 +0000: Memory Usage (422476K) : tables selected: vian
2026-10-06 00:20:48 +0000: Memory Usage (428196K) : Starting general IHP-SG13CMOS5L derivations.
2026-10-06 00:20:48 +0000: Memory Usage (428196K) : Starting IHP-SG13CMOS5L DRC rules.
