06-Oct-2026 00:20:29 | INFO    | KLayout version detected: 0.30.9
2026-10-06 00:20:30 +0000: Memory Usage (421652K) : Starting running IHP-SG13CMOS5L KLayout DRC runset on /work/in.gds
2026-10-06 00:20:30 +0000: Memory Usage (422464K) : IHP-SG13CMOS5L KLayout DRC runset output at: /work/out/in_GC_ARRAY_32x38_gatpolyfiller.lyrdb
2026-10-06 00:20:30 +0000: Memory Usage (422464K) : tables selected: gatpolyfiller
2026-10-06 00:20:30 +0000: Memory Usage (421952K) : Starting running IHP-SG13CMOS5L KLayout DRC runset on /work/in.gds
2026-10-06 00:20:30 +0000: Memory Usage (423012K) : IHP-SG13CMOS5L KLayout DRC runset output at: /work/out/in_GC_ARRAY_32x38_cont.lyrdb
2026-10-06 00:20:30 +0000: Memory Usage (423012K) : tables selected: cont
2026-10-06 00:20:30 +0000: Memory Usage (421868K) : Starting running IHP-SG13CMOS5L KLayout DRC runset on /work/in.gds
2026-10-06 00:20:30 +0000: Memory Usage (422700K) : IHP-SG13CMOS5L KLayout DRC runset output at: /work/out/in_GC_ARRAY_32x38_pwellblock.lyrdb
2026-10-06 00:20:30 +0000: Memory Usage (422700K) : tables selected: pwellblock
2026-10-06 00:20:30 +0000: Memory Usage (429208K) : Starting general IHP-SG13CMOS5L derivations.
2026-10-06 00:20:30 +0000: Memory Usage (427956K) : Starting general IHP-SG13CMOS5L derivations.
2026-10-06 00:20:30 +0000: Memory Usage (427956K) : Starting IHP-SG13CMOS5L DRC rules.
2026-10-06 00:20:31 +0000: Memory Usage (428268K) : Starting general IHP-SG13CMOS5L derivations.
2026-10-06 00:20:31 +0000: Memory Usage (433080K) : Starting IHP-SG13CMOS5L DRC rules.
2026-10-06 00:20:31 +0000: Memory Usage (431404K) : Starting IHP-SG13CMOS5L DRC rules.
2026-10-06 00:20:31 +0000: Memory Usage (420160K) : Starting running IHP-SG13CMOS5L KLayout DRC runset on /work/in.gds
2026-10-06 00:20:31 +0000: Memory Usage (421036K) : IHP-SG13CMOS5L KLayout DRC runset output at: /work/out/in_GC_ARRAY_32x38_activfiller.lyrdb
2026-10-06 00:20:31 +0000: Memory Usage (421036K) : tables selected: activfiller
2026-10-06 00:20:32 +0000: Memory Usage (420812K) : Starting running IHP-SG13CMOS5L KLayout DRC runset on /work/in.gds
2026-10-06 00:20:32 +0000: Memory Usage (421904K) : IHP-SG13CMOS5L KLayout DRC runset output at: /work/out/in_GC_ARRAY_32x38_contbar.lyrdb
2026-10-06 00:20:32 +0000: Memory Usage (421904K) : tables selected: contbar
2026-10-06 00:20:32 +0000: Memory Usage (420724K) : Starting running IHP-SG13CMOS5L KLayout DRC runset on /work/in.gds
2026-10-06 00:20:32 +0000: Memory Usage (421784K) : IHP-SG13CMOS5L KLayout DRC runset output at: /work/out/in_GC_ARRAY_32x38_nwell.lyrdb
2026-10-06 00:20:32 +0000: Memory Usage (421784K) : tables selected: nwell
2026-10-06 00:20:32 +0000: Memory Usage (427364K) : Starting general IHP-SG13CMOS5L derivations.
2026-10-06 00:20:32 +0000: Memory Usage (427364K) : Starting IHP-SG13CMOS5L DRC rules.
2026-10-06 00:20:32 +0000: Memory Usage (428040K) : Starting general IHP-SG13CMOS5L derivations.
2026-10-06 00:20:32 +0000: Memory Usage (428040K) : Starting IHP-SG13CMOS5L DRC rules.
2026-10-06 00:20:32 +0000: Memory Usage (427724K) : Starting general IHP-SG13CMOS5L derivations.
2026-10-06 00:20:32 +0000: Memory Usage (432332K) : Starting IHP-SG13CMOS5L DRC connectivity related derivations.
2026-10-06 00:20:32 +0000: Memory Usage (432332K) : Starting IHP-SG13CMOS5L DRC connectivity setup
2026-10-06 00:20:32 +0000: Memory Usage (432876K) : Starting IHP-SG13CMOS5L DRC rules.
2026-10-06 00:20:33 +0000: Memory Usage (421592K) : Starting running IHP-SG13CMOS5L KLayout DRC runset on /work/in.gds
2026-10-06 00:20:33 +0000: Memory Usage (422428K) : IHP-SG13CMOS5L KLayout DRC runset output at: /work/out/in_GC_ARRAY_32x38_thickgateox.lyrdb
2026-10-06 00:20:33 +0000: Memory Usage (422428K) : tables selected: thickgateox
2026-10-06 00:20:33 +0000: Memory Usage (419472K) : Starting running IHP-SG13CMOS5L KLayout DRC runset on /work/in.gds
2026-10-06 00:20:33 +0000: Memory Usage (420584K) : IHP-SG13CMOS5L KLayout DRC runset output at: /work/out/in_GC_ARRAY_32x38_nbulay.lyrdb
2026-10-06 00:20:33 +0000: Memory Usage (420584K) : tables selected: nbulay
2026-10-06 00:20:33 +0000: Memory Usage (428260K) : Starting general IHP-SG13CMOS5L derivations.
2026-10-06 00:20:33 +0000: Memory Usage (428260K) : Starting IHP-SG13CMOS5L DRC rules.
2026-10-06 00:20:33 +0000: Memory Usage (421660K) : Starting running IHP-SG13CMOS5L KLayout DRC runset on /work/in.gds
2026-10-06 00:20:33 +0000: Memory Usage (422536K) : IHP-SG13CMOS5L KLayout DRC runset output at: /work/out/in_GC_ARRAY_32x38_gatpoly.lyrdb
2026-10-06 00:20:33 +0000: Memory Usage (422536K) : tables selected: gatpoly
2026-10-06 00:20:33 +0000: Memory Usage (426732K) : Starting general IHP-SG13CMOS5L derivations.
2026-10-06 00:20:33 +0000: Memory Usage (426732K) : Starting IHP-SG13CMOS5L DRC rules.
2026-10-06 00:20:33 +0000: Memory Usage (428516K) : Starting general IHP-SG13CMOS5L derivations.
2026-10-06 00:20:33 +0000: Memory Usage (432676K) : Starting IHP-SG13CMOS5L DRC rules.
2026-10-06 00:20:34 +0000: Memory Usage (420168K) : Starting running IHP-SG13CMOS5L KLayout DRC runset on /work/in.gds
2026-10-06 00:20:34 +0000: Memory Usage (421036K) : IHP-SG13CMOS5L KLayout DRC runset output at: /work/out/in_GC_ARRAY_32x38_latchup.lyrdb
2026-10-06 00:20:34 +0000: Memory Usage (421036K) : tables selected: latchup
2026-10-06 00:20:34 +0000: Memory Usage (419852K) : Starting running IHP-SG13CMOS5L KLayout DRC runset on /work/in.gds
2026-10-06 00:20:34 +0000: Memory Usage (420944K) : IHP-SG13CMOS5L KLayout DRC runset output at: /work/out/in_GC_ARRAY_32x38_activ.lyrdb
2026-10-06 00:20:34 +0000: Memory Usage (420944K) : tables selected: activ
2026-10-06 00:20:34 +0000: Memory Usage (426928K) : Starting general IHP-SG13CMOS5L derivations.
2026-10-06 00:20:34 +0000: Memory Usage (427140K) : Starting general IHP-SG13CMOS5L derivations.
2026-10-06 00:20:34 +0000: Memory Usage (430928K) : Starting IHP-SG13CMOS5L DRC rules.
2026-10-06 00:20:34 +0000: Memory Usage (427140K) : Starting IHP-SG13CMOS5L DRC rules.
2026-10-06 00:20:34 +0000: Memory Usage (419556K) : Starting running IHP-SG13CMOS5L KLayout DRC runset on /work/in.gds
2026-10-06 00:20:34 +0000: Memory Usage (420424K) : IHP-SG13CMOS5L KLayout DRC runset output at: /work/out/in_GC_ARRAY_32x38_psd.lyrdb
2026-10-06 00:20:34 +0000: Memory Usage (420424K) : tables selected: psd
2026-10-06 00:20:34 +0000: Memory Usage (425736K) : Starting general IHP-SG13CMOS5L derivations.
2026-10-06 00:20:34 +0000: Memory Usage (425736K) : Starting IHP-SG13CMOS5L DRC rules.
2026-10-06 00:20:35 +0000: Memory Usage (421124K) : Starting running IHP-SG13CMOS5L KLayout DRC runset on /work/in.gds
2026-10-06 00:20:35 +0000: Memory Usage (421928K) : IHP-SG13CMOS5L KLayout DRC runset output at: /work/out/in_GC_ARRAY_32x38_metaln.lyrdb
2026-10-06 00:20:35 +0000: Memory Usage (421928K) : tables selected: metaln
2026-10-06 00:20:35 +0000: Memory Usage (419800K) : Starting running IHP-SG13CMOS5L KLayout DRC runset on /work/in.gds
2026-10-06 00:20:35 +0000: Memory Usage (420632K) : IHP-SG13CMOS5L KLayout DRC runset output at: /work/out/in_GC_ARRAY_32x38_topvia1.lyrdb
2026-10-06 00:20:35 +0000: Memory Usage (420632K) : tables selected: topvia1
2026-10-06 00:20:35 +0000: Memory Usage (427944K) : Starting general IHP-SG13CMOS5L derivations.
2026-10-06 00:20:35 +0000: Memory Usage (427944K) : Starting IHP-SG13CMOS5L DRC rules.
2026-10-06 00:20:35 +0000: Memory Usage (426520K) : Starting general IHP-SG13CMOS5L derivations.
2026-10-06 00:20:35 +0000: Memory Usage (426520K) : Starting IHP-SG13CMOS5L DRC rules.
2026-10-06 00:20:35 +0000: Memory Usage (421076K) : Starting running IHP-SG13CMOS5L KLayout DRC runset on /work/in.gds
2026-10-06 00:20:35 +0000: Memory Usage (421944K) : IHP-SG13CMOS5L KLayout DRC runset output at: /work/out/in_GC_ARRAY_32x38_sealring.lyrdb
2026-10-06 00:20:35 +0000: Memory Usage (422200K) : tables selected: sealring
2026-10-06 00:20:35 +0000: Memory Usage (427984K) : Starting general IHP-SG13CMOS5L derivations.
2026-10-06 00:20:35 +0000: Memory Usage (427984K) : Starting IHP-SG13CMOS5L DRC rules.
2026-10-06 00:20:36 +0000: Memory Usage (422060K) : Starting running IHP-SG13CMOS5L KLayout DRC runset on /work/in.gds
2026-10-06 00:20:36 +0000: Memory Usage (422896K) : IHP-SG13CMOS5L KLayout DRC runset output at: /work/out/in_GC_ARRAY_32x38_metalnfiller.lyrdb
2026-10-06 00:20:36 +0000: Memory Usage (422896K) : tables selected: metalnfiller
2026-10-06 00:20:36 +0000: Memory Usage (428896K) : Starting general IHP-SG13CMOS5L derivations.
2026-10-06 00:20:36 +0000: Memory Usage (428896K) : Starting IHP-SG13CMOS5L DRC rules.
2026-10-06 00:20:36 +0000: Memory Usage (421044K) : Starting running IHP-SG13CMOS5L KLayout DRC runset on /work/in.gds
2026-10-06 00:20:36 +0000: Memory Usage (421916K) : IHP-SG13CMOS5L KLayout DRC runset output at: /work/out/in_GC_ARRAY_32x38_metal1.lyrdb
2026-10-06 00:20:36 +0000: Memory Usage (421916K) : tables selected: metal1
2026-10-06 00:20:36 +0000: Memory Usage (427976K) : Starting general IHP-SG13CMOS5L derivations.
2026-10-06 00:20:36 +0000: Memory Usage (427976K) : Starting IHP-SG13CMOS5L DRC rules.
2026-10-06 00:20:36 +0000: Memory Usage (421996K) : Starting running IHP-SG13CMOS5L KLayout DRC runset on /work/in.gds
2026-10-06 00:20:36 +0000: Memory Usage (422868K) : IHP-SG13CMOS5L KLayout DRC runset output at: /work/out/in_GC_ARRAY_32x38_topmetal1.lyrdb
2026-10-06 00:20:36 +0000: Memory Usage (422868K) : tables selected: topmetal1
2026-10-06 00:20:36 +0000: Memory Usage (427876K) : Starting general IHP-SG13CMOS5L derivations.
2026-10-06 00:20:36 +0000: Memory Usage (427876K) : Starting IHP-SG13CMOS5L DRC rules.
2026-10-06 00:20:37 +0000: Memory Usage (422512K) : Starting running IHP-SG13CMOS5L KLayout DRC runset on /work/in.gds
2026-10-06 00:20:37 +0000: Memory Usage (423308K) : IHP-SG13CMOS5L KLayout DRC runset output at: /work/out/in_GC_ARRAY_32x38_passiv.lyrdb
2026-10-06 00:20:37 +0000: Memory Usage (423308K) : tables selected: passiv
2026-10-06 00:20:30 +0000: Memory Usage (419992K) : Starting running IHP-SG13CMOS5L Klayout DRC maximum runset on /work/in.gds
2026-10-06 00:20:30 +0000: Memory Usage (420888K) : IHP-SG13CMOS5L Klayout DRC maximum runset output at: /work/out/in_GC_ARRAY_32x38_sg13cmos5l_maximal.lyrdb
Rule NW.a: 0 error(s)
Rule NW.c: 0 error(s)
Rule NW.c1: 0 error(s)
Rule NW.d: 0 error(s)
Rule NW.d1: 0 error(s)
Rule NW.e: 0 error(s)
Rule NW.e1: 0 error(s)
Rule NW.f: 0 error(s)
Rule NW.f1: 0 error(s)
Rule PWB.a: 0 error(s)
Rule PWB.b: 0 error(s)
Rule PWB.c: 0 error(s)
Rule NBL.a: 0 error(s)
Rule NBLB.a: 0 error(s)
Rule NBLB.b: 0 error(s)
Rule NBLB.c: 0 error(s)
Rule NBLB.d: 0 error(s)
Rule Act.c: 0 error(s)
Rule Act.d: 0 error(s)
Rule Act.e: 0 error(s)
Rule AFil.a: 0 error(s)
Rule AFil.a1: 0 error(s)
Rule AFil.b: 0 error(s)
Rule AFil.i: 0 error(s)
Rule TGO.a: 0 error(s)
Rule TGO.b: 0 error(s)
Rule TGO.c: 0 error(s)
Rule TGO.d: 0 error(s)
Rule TGO.e: 0 error(s)
Rule Gat.a3: 0 error(s)
Rule Gat.a4: 0 error(s)
Rule Gat.b1: 0 error(s)
Rule Gat.c: 0 error(s)
Rule Gat.c: 0 error(s)
Rule Gat.e: 0 error(s)
Rule Gat.f: 0 error(s)
Rule GFil.a: 0 error(s)
Rule GFil.b: 0 error(s)
Rule GFil.c: 0 error(s)
Rule GFil.j: 0 error(s)
Rule pSD.a: 0 error(s)
Rule pSD.b: 0 error(s)
Rule pSD.c: 0 error(s)
Rule pSD.d: 0 error(s)
Rule pSD.d1: 0 error(s)
Rule pSD.e: 0 error(s)
Rule pSD.f: 0 error(s)
Rule pSD.g: 0 error(s)
Rule pSD.g: 0 error(s)
Rule pSD.i: 0 error(s)
Rule pSD.i1: 0 error(s)
Rule pSD.j: 0 error(s)
Rule pSD.j1: 0 error(s)
Rule pSD.k: 0 error(s)
Rule pSD.l: 0 error(s)
Rule pSD.m: 0 error(s)
Rule pSD.n: 0 error(s)
Rule nSDB.a: 0 error(s)
Rule nSDB.b: 0 error(s)
Rule nSDB.c: 0 error(s)
Rule nSDB.e: 0 error(s)
Rule EXTB.a: 0 error(s)
Rule EXTB.b: 0 error(s)
Rule EXTB.c: 0 error(s)
Rule Sal.a: 0 error(s)
Rule Sal.b: 0 error(s)
Rule Sal.c: 0 error(s)
Rule Sal.c: 0 error(s)
Rule Sal.d: 0 error(s)
Rule Sal.d: 0 error(s)
Rule Sal.e: 0 error(s)
Rule Cnt.b1: 0 error(s)
Rule Cnt.f: 0 error(s)
Rule Cnt.g: 0 error(s)
Rule Cnt.h: 0 error(s)
Rule Cnt.j: 0 error(s)
Rule CntB.a: 0 error(s)
Rule CntB.a: 0 error(s)
Rule CntB.a1: 0 error(s)
Rule CntB.b: 0 error(s)
Rule CntB.b2: 0 error(s)
Rule CntB.c: 0 error(s)
Rule CntB.d: 0 error(s)
Rule CntB.e: 0 error(s)
Rule CntB.f: 0 error(s)
Rule CntB.g: 0 error(s)
Rule CntB.g1: 0 error(s)
Rule CntB.g2: 0 error(s)
Rule CntB.h: 0 error(s)
Rule CntB.j: 0 error(s)
Rule M1.c: 0 error(s)
Rule M1.c1: 0 error(s)
Rule M1.d: 0 error(s)
Rule M2.c: 0 error(s)
Rule M2.c1: 0 error(s)
Rule M2.d: 0 error(s)
Rule M3.c: 0 error(s)
Rule M3.c1: 0 error(s)
Rule M3.d: 0 error(s)
Rule M4.c: 0 error(s)
Rule M4.c1: 0 error(s)
Rule M4.d: 0 error(s)
Rule M1Fil.a1: 0 error(s)
Rule M1Fil.b: 0 error(s)
Rule M2Fil.a1: 0 error(s)
Rule M2Fil.b: 0 error(s)
Rule M3Fil.a1: 0 error(s)
Rule M3Fil.b: 0 error(s)
Rule M4Fil.a1: 0 error(s)
Rule M4Fil.b: 0 error(s)
Rule TM1Fil.a: 0 error(s)
Rule TM1Fil.b: 0 error(s)
Rule V1.b1: 0 error(s)
Rule V1.c1: 0 error(s)
Rule V2.b1: 0 error(s)
Rule V2.c1: 0 error(s)
Rule V3.b1: 0 error(s)
Rule V3.c1: 0 error(s)
Rule Rsil.a: 0 error(s)
Rule Rsil.b: 0 error(s)
Rule Rsil.c: 0 error(s)
Rule Rsil.d: 0 error(s)
Rule Rsil.e: 0 error(s)
Rule Rsil.f: 0 error(s)
Rule Rppd.a: 0 error(s)
Rule Rppd.b: 0 error(s)
Rule Rppd.c: 0 error(s)
Rule Rppd.c: 0 error(s)
Rule Rppd.d: 0 error(s)
Rule Rppd.e: 0 error(s)
Rule Rhi.a: 0 error(s)
Rule Rhi.b: 0 error(s)
Rule Rhi.c: 0 error(s)
Rule Rhi.d: 0 error(s)
Rule Rhi.d: 0 error(s)
Rule Rhi.e: 0 error(s)
Rule Rhi.f: 0 error(s)
Rule nmosi.b: 0 error(s)
Rule nmosi.c: 0 error(s)
Rule nmosi.d: 0 error(s)
Rule nmosi.f: 0 error(s)
Rule nmosi.g: 0 error(s)
Rule Sdiod.a: 0 error(s)
Rule Sdiod.b: 0 error(s)
Rule Sdiod.c: 0 error(s)
Rule Pad.aR: 0 error(s)
Rule Pad.a1: 0 error(s)
Rule Pad.bR: 0 error(s)
Rule Pad.d: 0 error(s)
Rule Pad.dR: 0 error(s)
Rule Pad.d1R: 0 error(s)
Rule Pad.jR: 0 error(s)
Rule Padc.d: 0 error(s)
Rule Seal.a_Activ: 0 error(s)
Rule Seal.a_pSD: 0 error(s)
Rule Seal.a_Metal1: 0 error(s)
Rule Seal.a_Metal2: 0 error(s)
Rule Seal.a_Metal3: 0 error(s)
Rule Seal.a_Metal4: 0 error(s)
Rule Seal.a_TopMetal1: 0 error(s)
Rule Seal.c: 0 error(s)
Rule Seal.c: 0 error(s)
Rule Seal.c1.Via1: 0 error(s)
Rule Seal.c1.Via1: 0 error(s)
Rule Seal.c1.Via2: 0 error(s)
Rule Seal.c1.Via2: 0 error(s)
Rule Seal.c1.Via3: 0 error(s)
Rule Seal.c1.Via3: 0 error(s)
Rule Seal.c2: 0 error(s)
Rule Seal.c2: 0 error(s)
Rule Seal.d.Cont: 0 error(s)
Rule Seal.d.Via1: 0 error(s)
Rule Seal.d.Via2: 0 error(s)
Rule Seal.d.Via3: 0 error(s)
Rule Seal.d.TopVia1: 0 error(s)
Rule Seal.e: 0 error(s)
Rule Seal.f.Activ: 0 error(s)
Rule Seal.f.pSD: 0 error(s)
Rule Seal.f.Metal1: 0 error(s)
Rule Seal.f.Metal2: 0 error(s)
Rule Seal.f.Metal3: 0 error(s)
Rule Seal.f.Metal4: 0 error(s)
Rule Seal.f.TopMetal1: 0 error(s)
Rule LU.a: 0 error(s)
Rule LU.c: 0 error(s)
Rule LU.c1: 0 error(s)
Rule LU.d: 0 error(s)
Rule LU.d1: 0 error(s)
Rule Slt.a.M1: 0 error(s)
Rule Slt.b.M1: 0 error(s)
Rule Slt.c.M1: 0 error(s)
Rule Slt.e.M1: 0 error(s)
Rule Slt.f.M1: 0 error(s)
Rule Slt.h1: 0 error(s)
Rule Slt.h1: 0 error(s)
Rule Slt.a.M2: 0 error(s)
Rule Slt.b.M2: 0 error(s)
Rule Slt.c.M2: 0 error(s)
Rule Slt.e.M2: 0 error(s)
Rule Slt.f.M2: 0 error(s)
Rule Slt.h2.M2: 0 error(s)
Rule Slt.h2.M2: 0 error(s)
Rule Slt.a.M3: 0 error(s)
Rule Slt.b.M3: 0 error(s)
Rule Slt.c.M3: 0 error(s)
Rule Slt.e.M3: 0 error(s)
Rule Slt.f.M3: 0 error(s)
Rule Slt.h2.M3: 0 error(s)
Rule Slt.h2.M3: 0 error(s)
Rule Slt.a.M4: 0 error(s)
Rule Slt.b.M4: 0 error(s)
Rule Slt.c.M4: 0 error(s)
Rule Slt.e.M4: 0 error(s)
Rule Slt.f.M4: 0 error(s)
Rule Slt.h2.M4: 0 error(s)
Rule Slt.a.TM1: 0 error(s)
Rule Slt.b.TM1: 0 error(s)
Rule Slt.c.TM1: 0 error(s)
Rule Slt.e.TM1: 0 error(s)
Rule Slt.f.TM1: 0 error(s)
Rule Slt.h3: 0 error(s)
Rule NW.c1.dig: 0 error(s)
Rule NW.d1.dig: 0 error(s)
Rule NW.e1.dig: 0 error(s)
Rule NW.f1.dig: 0 error(s)
Rule Cnt.c.Digi: 0 error(s)
Rule LBE.b2: 0 error(s)
Rule LBE.e.dfPad: 0 error(s)
Rule LBE.e.Passiv: 0 error(s)
Rule LBE.f: 0 error(s)
2026-10-06 00:20:37 +0000: Memory Usage (429196K) : Starting general IHP-SG13CMOS5L derivations.
2026-10-06 00:20:37 +0000: Memory Usage (429196K) : Starting IHP-SG13CMOS5L DRC rules.
2026-10-06 00:20:37 +0000: Memory Usage (421716K) : Starting running IHP-SG13CMOS5L KLayout DRC runset on /work/in.gds
2026-10-06 00:20:37 +0000: Memory Usage (422584K) : IHP-SG13CMOS5L KLayout DRC runset output at: /work/out/in_GC_ARRAY_32x38_vian.lyrdb
2026-10-06 00:20:37 +0000: Memory Usage (422584K) : tables selected: vian
2026-10-06 00:20:37 +0000: Memory Usage (428448K) : Starting general IHP-SG13CMOS5L derivations.
2026-10-06 00:20:37 +0000: Memory Usage (428448K) : Starting IHP-SG13CMOS5L DRC rules.
2026-10-06 00:20:37 +0000: Memory Usage (421704K) : Starting running IHP-SG13CMOS5L KLayout DRC runset on /work/in.gds
2026-10-06 00:20:37 +0000: Memory Usage (422796K) : IHP-SG13CMOS5L KLayout DRC runset output at: /work/out/in_GC_ARRAY_32x38_lbe.lyrdb
2026-10-06 00:20:37 +0000: Memory Usage (422796K) : tables selected: lbe
2026-10-06 00:20:37 +0000: Memory Usage (428068K) : Starting general IHP-SG13CMOS5L derivations.
2026-10-06 00:20:37 +0000: Memory Usage (428068K) : Starting IHP-SG13CMOS5L DRC rules.
2026-10-06 00:20:38 +0000: Memory Usage (421428K) : Starting running IHP-SG13CMOS5L KLayout DRC runset on /work/in.gds
2026-10-06 00:20:38 +0000: Memory Usage (422304K) : IHP-SG13CMOS5L KLayout DRC runset output at: /work/out/in_GC_ARRAY_32x38_topmetal1filler.lyrdb
2026-10-06 00:20:38 +0000: Memory Usage (422560K) : tables selected: topmetal1filler
2026-10-06 00:20:38 +0000: Memory Usage (422152K) : Starting running IHP-SG13CMOS5L KLayout DRC runset on /work/in.gds
2026-10-06 00:20:38 +0000: Memory Usage (422928K) : IHP-SG13CMOS5L KLayout DRC runset output at: /work/out/in_GC_ARRAY_32x38_pad.lyrdb
2026-10-06 00:20:38 +0000: Memory Usage (422928K) : tables selected: pad
2026-10-06 00:20:38 +0000: Memory Usage (428576K) : Starting general IHP-SG13CMOS5L derivations.
2026-10-06 00:20:38 +0000: Memory Usage (428576K) : Starting IHP-SG13CMOS5L DRC rules.
2026-10-06 00:20:38 +0000: Memory Usage (429072K) : Starting general IHP-SG13CMOS5L derivations.
2026-10-06 00:20:38 +0000: Memory Usage (429072K) : Starting IHP-SG13CMOS5L DRC rules.
2026-10-06 00:20:38 +0000: Memory Usage (422520K) : Starting running IHP-SG13CMOS5L KLayout DRC runset on /work/in.gds
2026-10-06 00:20:38 +0000: Memory Usage (423356K) : IHP-SG13CMOS5L KLayout DRC runset output at: /work/out/in_GC_ARRAY_32x38_metalslits.lyrdb
2026-10-06 00:20:38 +0000: Memory Usage (423356K) : tables selected: metalslits
2026-10-06 00:20:38 +0000: Memory Usage (422064K) : Starting running IHP-SG13CMOS5L KLayout DRC runset on /work/in.gds
2026-10-06 00:20:38 +0000: Memory Usage (422904K) : IHP-SG13CMOS5L KLayout DRC runset output at: /work/out/in_GC_ARRAY_32x38_via1.lyrdb
2026-10-06 00:20:38 +0000: Memory Usage (422904K) : tables selected: via1
2026-10-06 00:20:38 +0000: Memory Usage (429212K) : Starting general IHP-SG13CMOS5L derivations.
2026-10-06 00:20:38 +0000: Memory Usage (429212K) : Starting IHP-SG13CMOS5L DRC rules.
2026-10-06 00:20:38 +0000: Memory Usage (428440K) : Starting general IHP-SG13CMOS5L derivations.
2026-10-06 00:20:38 +0000: Memory Usage (428440K) : Starting IHP-SG13CMOS5L DRC rules.
2026-10-06 00:20:39 +0000: Memory Usage (421892K) : Starting running IHP-SG13CMOS5L KLayout DRC runset on /work/in.gds
2026-10-06 00:20:39 +0000: Memory Usage (422756K) : IHP-SG13CMOS5L KLayout DRC runset output at: /work/out/in_GC_ARRAY_32x38_forbidden_cmos5l.lyrdb
2026-10-06 00:20:39 +0000: Memory Usage (422756K) : tables selected: forbidden_cmos5l
2026-10-06 00:20:39 +0000: Memory Usage (422740K) : Starting running IHP-SG13CMOS5L KLayout DRC runset on /work/in.gds
2026-10-06 00:20:39 +0000: Memory Usage (423616K) : IHP-SG13CMOS5L KLayout DRC runset output at: /work/out/in_GC_ARRAY_32x38_forbidden.lyrdb
2026-10-06 00:20:39 +0000: Memory Usage (423616K) : tables selected: forbidden
2026-10-06 00:20:39 +0000: Memory Usage (428228K) : Starting general IHP-SG13CMOS5L derivations.
2026-10-06 00:20:39 +0000: Memory Usage (428228K) : Starting IHP-SG13CMOS5L DRC rules.
2026-10-06 00:20:39 +0000: Memory Usage (429360K) : Starting general IHP-SG13CMOS5L derivations.
2026-10-06 00:20:39 +0000: Memory Usage (429360K) : Starting IHP-SG13CMOS5L DRC rules.
2026-10-06 00:20:39 +0000: Memory Usage (421280K) : Starting running IHP-SG13CMOS5L KLayout DRC runset on /work/in.gds
2026-10-06 00:20:39 +0000: Memory Usage (422156K) : IHP-SG13CMOS5L KLayout DRC runset output at: /work/out/in_GC_ARRAY_32x38_angle.lyrdb
2026-10-06 00:20:39 +0000: Memory Usage (422156K) : tables selected: angle
2026-10-06 00:20:39 +0000: Memory Usage (428492K) : Starting general IHP-SG13CMOS5L derivations.
2026-10-06 00:20:39 +0000: Memory Usage (428492K) : Starting IHP-SG13CMOS5L DRC rules.
2026-10-06 00:20:39 +0000: Memory Usage (422916K) : Starting running IHP-SG13CMOS5L KLayout DRC runset on /work/in.gds
2026-10-06 00:20:39 +0000: Memory Usage (424040K) : IHP-SG13CMOS5L KLayout DRC runset output at: /work/out/in_GC_ARRAY_32x38_offgrid.lyrdb
2026-10-06 00:20:39 +0000: Memory Usage (424040K) : tables selected: offgrid
2026-10-06 00:20:40 +0000: Memory Usage (429896K) : Starting general IHP-SG13CMOS5L derivations.
2026-10-06 00:20:40 +0000: Memory Usage (429896K) : Starting IHP-SG13CMOS5L DRC rules.
2026-10-06 00:20:40 +0000: Memory Usage (420768K) : Starting running IHP-SG13CMOS5L KLayout DRC runset on /work/in.gds
2026-10-06 00:20:40 +0000: Memory Usage (421576K) : IHP-SG13CMOS5L KLayout DRC runset output at: /work/out/in_GC_ARRAY_32x38_pin.lyrdb
2026-10-06 00:20:40 +0000: Memory Usage (421576K) : tables selected: pin
2026-10-06 00:20:40 +0000: Memory Usage (427852K) : Starting general IHP-SG13CMOS5L derivations.
2026-10-06 00:20:40 +0000: Memory Usage (427852K) : Starting IHP-SG13CMOS5L DRC rules.
06-Oct-2026 00:20:40 | INFO    | KLayout DRC Check Passed: No DRC violations detected in the layout.
06-Oct-2026 00:20:29 | INFO    | KLayout version detected: 0.30.9
06-Oct-2026 00:20:40 | INFO    | KLayout DRC Check Passed: No DRC violations detected in the layout.
2026-10-06 00:20:31 +0000: Memory Usage (420160K) : Starting running IHP-SG13CMOS5L KLayout DRC runset on /work/in.gds
2026-10-06 00:20:31 +0000: Memory Usage (421036K) : IHP-SG13CMOS5L KLayout DRC runset output at: /work/out/in_GC_ARRAY_32x38_activfiller.lyrdb
2026-10-06 00:20:31 +0000: Memory Usage (421036K) : tables selected: activfiller
2026-10-06 00:20:32 +0000: Memory Usage (427364K) : Starting general IHP-SG13CMOS5L derivations.
2026-10-06 00:20:32 +0000: Memory Usage (427364K) : Starting IHP-SG13CMOS5L DRC rules.
2026-10-06 00:20:34 +0000: Memory Usage (419852K) : Starting running IHP-SG13CMOS5L KLayout DRC runset on /work/in.gds
2026-10-06 00:20:34 +0000: Memory Usage (420944K) : IHP-SG13CMOS5L KLayout DRC runset output at: /work/out/in_GC_ARRAY_32x38_activ.lyrdb
2026-10-06 00:20:34 +0000: Memory Usage (420944K) : tables selected: activ
2026-10-06 00:20:34 +0000: Memory Usage (427140K) : Starting general IHP-SG13CMOS5L derivations.
2026-10-06 00:20:34 +0000: Memory Usage (427140K) : Starting IHP-SG13CMOS5L DRC rules.
2026-10-06 00:20:39 +0000: Memory Usage (421280K) : Starting running IHP-SG13CMOS5L KLayout DRC runset on /work/in.gds
2026-10-06 00:20:39 +0000: Memory Usage (422156K) : IHP-SG13CMOS5L KLayout DRC runset output at: /work/out/in_GC_ARRAY_32x38_angle.lyrdb
2026-10-06 00:20:39 +0000: Memory Usage (422156K) : tables selected: angle
2026-10-06 00:20:39 +0000: Memory Usage (428492K) : Starting general IHP-SG13CMOS5L derivations.
2026-10-06 00:20:39 +0000: Memory Usage (428492K) : Starting IHP-SG13CMOS5L DRC rules.
2026-10-06 00:20:32 +0000: Memory Usage (420812K) : Starting running IHP-SG13CMOS5L KLayout DRC runset on /work/in.gds
2026-10-06 00:20:32 +0000: Memory Usage (421904K) : IHP-SG13CMOS5L KLayout DRC runset output at: /work/out/in_GC_ARRAY_32x38_contbar.lyrdb
2026-10-06 00:20:32 +0000: Memory Usage (421904K) : tables selected: contbar
2026-10-06 00:20:32 +0000: Memory Usage (428040K) : Starting general IHP-SG13CMOS5L derivations.
2026-10-06 00:20:32 +0000: Memory Usage (428040K) : Starting IHP-SG13CMOS5L DRC rules.
2026-10-06 00:20:30 +0000: Memory Usage (421952K) : Starting running IHP-SG13CMOS5L KLayout DRC runset on /work/in.gds
2026-10-06 00:20:30 +0000: Memory Usage (423012K) : IHP-SG13CMOS5L KLayout DRC runset output at: /work/out/in_GC_ARRAY_32x38_cont.lyrdb
2026-10-06 00:20:30 +0000: Memory Usage (423012K) : tables selected: cont
2026-10-06 00:20:30 +0000: Memory Usage (429208K) : Starting general IHP-SG13CMOS5L derivations.
2026-10-06 00:20:31 +0000: Memory Usage (433080K) : Starting IHP-SG13CMOS5L DRC rules.
2026-10-06 00:20:39 +0000: Memory Usage (421892K) : Starting running IHP-SG13CMOS5L KLayout DRC runset on /work/in.gds
2026-10-06 00:20:39 +0000: Memory Usage (422756K) : IHP-SG13CMOS5L KLayout DRC runset output at: /work/out/in_GC_ARRAY_32x38_forbidden_cmos5l.lyrdb
2026-10-06 00:20:39 +0000: Memory Usage (422756K) : tables selected: forbidden_cmos5l
2026-10-06 00:20:39 +0000: Memory Usage (428228K) : Starting general IHP-SG13CMOS5L derivations.
2026-10-06 00:20:39 +0000: Memory Usage (428228K) : Starting IHP-SG13CMOS5L DRC rules.
2026-10-06 00:20:39 +0000: Memory Usage (422740K) : Starting running IHP-SG13CMOS5L KLayout DRC runset on /work/in.gds
2026-10-06 00:20:39 +0000: Memory Usage (423616K) : IHP-SG13CMOS5L KLayout DRC runset output at: /work/out/in_GC_ARRAY_32x38_forbidden.lyrdb
2026-10-06 00:20:39 +0000: Memory Usage (423616K) : tables selected: forbidden
2026-10-06 00:20:39 +0000: Memory Usage (429360K) : Starting general IHP-SG13CMOS5L derivations.
2026-10-06 00:20:39 +0000: Memory Usage (429360K) : Starting IHP-SG13CMOS5L DRC rules.
2026-10-06 00:20:30 +0000: Memory Usage (421652K) : Starting running IHP-SG13CMOS5L KLayout DRC runset on /work/in.gds
2026-10-06 00:20:30 +0000: Memory Usage (422464K) : IHP-SG13CMOS5L KLayout DRC runset output at: /work/out/in_GC_ARRAY_32x38_gatpolyfiller.lyrdb
2026-10-06 00:20:30 +0000: Memory Usage (422464K) : tables selected: gatpolyfiller
2026-10-06 00:20:30 +0000: Memory Usage (427956K) : Starting general IHP-SG13CMOS5L derivations.
2026-10-06 00:20:30 +0000: Memory Usage (427956K) : Starting IHP-SG13CMOS5L DRC rules.
2026-10-06 00:20:33 +0000: Memory Usage (421660K) : Starting running IHP-SG13CMOS5L KLayout DRC runset on /work/in.gds
2026-10-06 00:20:33 +0000: Memory Usage (422536K) : IHP-SG13CMOS5L KLayout DRC runset output at: /work/out/in_GC_ARRAY_32x38_gatpoly.lyrdb
2026-10-06 00:20:33 +0000: Memory Usage (422536K) : tables selected: gatpoly
2026-10-06 00:20:33 +0000: Memory Usage (428516K) : Starting general IHP-SG13CMOS5L derivations.
2026-10-06 00:20:33 +0000: Memory Usage (432676K) : Starting IHP-SG13CMOS5L DRC rules.
2026-10-06 00:20:34 +0000: Memory Usage (420168K) : Starting running IHP-SG13CMOS5L KLayout DRC runset on /work/in.gds
2026-10-06 00:20:34 +0000: Memory Usage (421036K) : IHP-SG13CMOS5L KLayout DRC runset output at: /work/out/in_GC_ARRAY_32x38_latchup.lyrdb
2026-10-06 00:20:34 +0000: Memory Usage (421036K) : tables selected: latchup
2026-10-06 00:20:34 +0000: Memory Usage (426928K) : Starting general IHP-SG13CMOS5L derivations.
2026-10-06 00:20:34 +0000: Memory Usage (430928K) : Starting IHP-SG13CMOS5L DRC rules.
2026-10-06 00:20:37 +0000: Memory Usage (421964K) : Starting running IHP-SG13CMOS5L KLayout DRC runset on /work/in.gds
2026-10-06 00:20:37 +0000: Memory Usage (422796K) : IHP-SG13CMOS5L KLayout DRC runset output at: /work/out/in_GC_ARRAY_32x38_lbe.lyrdb
2026-10-06 00:20:37 +0000: Memory Usage (422796K) : tables selected: lbe
2026-10-06 00:20:37 +0000: Memory Usage (428068K) : Starting general IHP-SG13CMOS5L derivations.
2026-10-06 00:20:37 +0000: Memory Usage (428068K) : Starting IHP-SG13CMOS5L DRC rules.
2026-10-06 00:20:36 +0000: Memory Usage (421044K) : Starting running IHP-SG13CMOS5L KLayout DRC runset on /work/in.gds
2026-10-06 00:20:36 +0000: Memory Usage (421916K) : IHP-SG13CMOS5L KLayout DRC runset output at: /work/out/in_GC_ARRAY_32x38_metal1.lyrdb
2026-10-06 00:20:36 +0000: Memory Usage (421916K) : tables selected: metal1
2026-10-06 00:20:36 +0000: Memory Usage (427976K) : Starting general IHP-SG13CMOS5L derivations.
2026-10-06 00:20:36 +0000: Memory Usage (427976K) : Starting IHP-SG13CMOS5L DRC rules.
2026-10-06 00:20:36 +0000: Memory Usage (422060K) : Starting running IHP-SG13CMOS5L KLayout DRC runset on /work/in.gds
2026-10-06 00:20:36 +0000: Memory Usage (422896K) : IHP-SG13CMOS5L KLayout DRC runset output at: /work/out/in_GC_ARRAY_32x38_metalnfiller.lyrdb
2026-10-06 00:20:36 +0000: Memory Usage (422896K) : tables selected: metalnfiller
2026-10-06 00:20:36 +0000: Memory Usage (428896K) : Starting general IHP-SG13CMOS5L derivations.
2026-10-06 00:20:36 +0000: Memory Usage (428896K) : Starting IHP-SG13CMOS5L DRC rules.
2026-10-06 00:20:35 +0000: Memory Usage (421124K) : Starting running IHP-SG13CMOS5L KLayout DRC runset on /work/in.gds
2026-10-06 00:20:35 +0000: Memory Usage (421928K) : IHP-SG13CMOS5L KLayout DRC runset output at: /work/out/in_GC_ARRAY_32x38_metaln.lyrdb
2026-10-06 00:20:35 +0000: Memory Usage (421928K) : tables selected: metaln
2026-10-06 00:20:35 +0000: Memory Usage (427944K) : Starting general IHP-SG13CMOS5L derivations.
2026-10-06 00:20:35 +0000: Memory Usage (427944K) : Starting IHP-SG13CMOS5L DRC rules.
2026-10-06 00:20:38 +0000: Memory Usage (422520K) : Starting running IHP-SG13CMOS5L KLayout DRC runset on /work/in.gds
2026-10-06 00:20:38 +0000: Memory Usage (423356K) : IHP-SG13CMOS5L KLayout DRC runset output at: /work/out/in_GC_ARRAY_32x38_metalslits.lyrdb
2026-10-06 00:20:38 +0000: Memory Usage (423356K) : tables selected: metalslits
2026-10-06 00:20:38 +0000: Memory Usage (429212K) : Starting general IHP-SG13CMOS5L derivations.
2026-10-06 00:20:38 +0000: Memory Usage (429212K) : Starting IHP-SG13CMOS5L DRC rules.
2026-10-06 00:20:33 +0000: Memory Usage (419472K) : Starting running IHP-SG13CMOS5L KLayout DRC runset on /work/in.gds
2026-10-06 00:20:33 +0000: Memory Usage (420584K) : IHP-SG13CMOS5L KLayout DRC runset output at: /work/out/in_GC_ARRAY_32x38_nbulay.lyrdb
2026-10-06 00:20:33 +0000: Memory Usage (420584K) : tables selected: nbulay
2026-10-06 00:20:33 +0000: Memory Usage (426732K) : Starting general IHP-SG13CMOS5L derivations.
2026-10-06 00:20:33 +0000: Memory Usage (426732K) : Starting IHP-SG13CMOS5L DRC rules.
2026-10-06 00:20:32 +0000: Memory Usage (420724K) : Starting running IHP-SG13CMOS5L KLayout DRC runset on /work/in.gds
2026-10-06 00:20:32 +0000: Memory Usage (421784K) : IHP-SG13CMOS5L KLayout DRC runset output at: /work/out/in_GC_ARRAY_32x38_nwell.lyrdb
2026-10-06 00:20:32 +0000: Memory Usage (421784K) : tables selected: nwell
2026-10-06 00:20:32 +0000: Memory Usage (427724K) : Starting general IHP-SG13CMOS5L derivations.
2026-10-06 00:20:32 +0000: Memory Usage (432332K) : Starting IHP-SG13CMOS5L DRC connectivity related derivations.
2026-10-06 00:20:32 +0000: Memory Usage (432332K) : Starting IHP-SG13CMOS5L DRC connectivity setup
2026-10-06 00:20:32 +0000: Memory Usage (432876K) : Starting IHP-SG13CMOS5L DRC rules.
2026-10-06 00:20:39 +0000: Memory Usage (422916K) : Starting running IHP-SG13CMOS5L KLayout DRC runset on /work/in.gds
2026-10-06 00:20:39 +0000: Memory Usage (424040K) : IHP-SG13CMOS5L KLayout DRC runset output at: /work/out/in_GC_ARRAY_32x38_offgrid.lyrdb
2026-10-06 00:20:39 +0000: Memory Usage (424040K) : tables selected: offgrid
2026-10-06 00:20:40 +0000: Memory Usage (429896K) : Starting general IHP-SG13CMOS5L derivations.
2026-10-06 00:20:40 +0000: Memory Usage (429896K) : Starting IHP-SG13CMOS5L DRC rules.
2026-10-06 00:20:38 +0000: Memory Usage (422152K) : Starting running IHP-SG13CMOS5L KLayout DRC runset on /work/in.gds
2026-10-06 00:20:38 +0000: Memory Usage (422928K) : IHP-SG13CMOS5L KLayout DRC runset output at: /work/out/in_GC_ARRAY_32x38_pad.lyrdb
2026-10-06 00:20:38 +0000: Memory Usage (422928K) : tables selected: pad
2026-10-06 00:20:38 +0000: Memory Usage (429072K) : Starting general IHP-SG13CMOS5L derivations.
2026-10-06 00:20:38 +0000: Memory Usage (429072K) : Starting IHP-SG13CMOS5L DRC rules.
2026-10-06 00:20:37 +0000: Memory Usage (422512K) : Starting running IHP-SG13CMOS5L KLayout DRC runset on /work/in.gds
2026-10-06 00:20:37 +0000: Memory Usage (423308K) : IHP-SG13CMOS5L KLayout DRC runset output at: /work/out/in_GC_ARRAY_32x38_passiv.lyrdb
2026-10-06 00:20:37 +0000: Memory Usage (423308K) : tables selected: passiv
2026-10-06 00:20:37 +0000: Memory Usage (429196K) : Starting general IHP-SG13CMOS5L derivations.
2026-10-06 00:20:37 +0000: Memory Usage (429196K) : Starting IHP-SG13CMOS5L DRC rules.
2026-10-06 00:20:40 +0000: Memory Usage (420768K) : Starting running IHP-SG13CMOS5L KLayout DRC runset on /work/in.gds
2026-10-06 00:20:40 +0000: Memory Usage (421576K) : IHP-SG13CMOS5L KLayout DRC runset output at: /work/out/in_GC_ARRAY_32x38_pin.lyrdb
2026-10-06 00:20:40 +0000: Memory Usage (421576K) : tables selected: pin
2026-10-06 00:20:40 +0000: Memory Usage (427852K) : Starting general IHP-SG13CMOS5L derivations.
2026-10-06 00:20:40 +0000: Memory Usage (427852K) : Starting IHP-SG13CMOS5L DRC rules.
2026-10-06 00:20:34 +0000: Memory Usage (419556K) : Starting running IHP-SG13CMOS5L KLayout DRC runset on /work/in.gds
2026-10-06 00:20:34 +0000: Memory Usage (420424K) : IHP-SG13CMOS5L KLayout DRC runset output at: /work/out/in_GC_ARRAY_32x38_psd.lyrdb
2026-10-06 00:20:34 +0000: Memory Usage (420424K) : tables selected: psd
2026-10-06 00:20:34 +0000: Memory Usage (425736K) : Starting general IHP-SG13CMOS5L derivations.
2026-10-06 00:20:34 +0000: Memory Usage (425736K) : Starting IHP-SG13CMOS5L DRC rules.
2026-10-06 00:20:30 +0000: Memory Usage (421868K) : Starting running IHP-SG13CMOS5L KLayout DRC runset on /work/in.gds
2026-10-06 00:20:30 +0000: Memory Usage (422700K) : IHP-SG13CMOS5L KLayout DRC runset output at: /work/out/in_GC_ARRAY_32x38_pwellblock.lyrdb
2026-10-06 00:20:30 +0000: Memory Usage (422700K) : tables selected: pwellblock
2026-10-06 00:20:31 +0000: Memory Usage (428268K) : Starting general IHP-SG13CMOS5L derivations.
2026-10-06 00:20:31 +0000: Memory Usage (431404K) : Starting IHP-SG13CMOS5L DRC rules.
2026-10-06 00:20:35 +0000: Memory Usage (421076K) : Starting running IHP-SG13CMOS5L KLayout DRC runset on /work/in.gds
2026-10-06 00:20:35 +0000: Memory Usage (421944K) : IHP-SG13CMOS5L KLayout DRC runset output at: /work/out/in_GC_ARRAY_32x38_sealring.lyrdb
2026-10-06 00:20:35 +0000: Memory Usage (422200K) : tables selected: sealring
2026-10-06 00:20:35 +0000: Memory Usage (427984K) : Starting general IHP-SG13CMOS5L derivations.
2026-10-06 00:20:35 +0000: Memory Usage (427984K) : Starting IHP-SG13CMOS5L DRC rules.
2026-10-06 00:20:30 +0000: Memory Usage (419992K) : Starting running IHP-SG13CMOS5L Klayout DRC maximum runset on /work/in.gds
2026-10-06 00:20:30 +0000: Memory Usage (420888K) : IHP-SG13CMOS5L Klayout DRC maximum runset output at: /work/out/in_GC_ARRAY_32x38_sg13cmos5l_maximal.lyrdb
2026-10-06 00:20:33 +0000: Memory Usage (421592K) : Starting running IHP-SG13CMOS5L KLayout DRC runset on /work/in.gds
2026-10-06 00:20:33 +0000: Memory Usage (422428K) : IHP-SG13CMOS5L KLayout DRC runset output at: /work/out/in_GC_ARRAY_32x38_thickgateox.lyrdb
2026-10-06 00:20:33 +0000: Memory Usage (422428K) : tables selected: thickgateox
2026-10-06 00:20:33 +0000: Memory Usage (428260K) : Starting general IHP-SG13CMOS5L derivations.
2026-10-06 00:20:33 +0000: Memory Usage (428260K) : Starting IHP-SG13CMOS5L DRC rules.
2026-10-06 00:20:38 +0000: Memory Usage (421428K) : Starting running IHP-SG13CMOS5L KLayout DRC runset on /work/in.gds
2026-10-06 00:20:38 +0000: Memory Usage (422304K) : IHP-SG13CMOS5L KLayout DRC runset output at: /work/out/in_GC_ARRAY_32x38_topmetal1filler.lyrdb
2026-10-06 00:20:38 +0000: Memory Usage (422560K) : tables selected: topmetal1filler
2026-10-06 00:20:38 +0000: Memory Usage (428576K) : Starting general IHP-SG13CMOS5L derivations.
2026-10-06 00:20:38 +0000: Memory Usage (428576K) : Starting IHP-SG13CMOS5L DRC rules.
2026-10-06 00:20:36 +0000: Memory Usage (421996K) : Starting running IHP-SG13CMOS5L KLayout DRC runset on /work/in.gds
2026-10-06 00:20:36 +0000: Memory Usage (422868K) : IHP-SG13CMOS5L KLayout DRC runset output at: /work/out/in_GC_ARRAY_32x38_topmetal1.lyrdb
2026-10-06 00:20:36 +0000: Memory Usage (422868K) : tables selected: topmetal1
2026-10-06 00:20:36 +0000: Memory Usage (427876K) : Starting general IHP-SG13CMOS5L derivations.
2026-10-06 00:20:36 +0000: Memory Usage (427876K) : Starting IHP-SG13CMOS5L DRC rules.
2026-10-06 00:20:35 +0000: Memory Usage (419800K) : Starting running IHP-SG13CMOS5L KLayout DRC runset on /work/in.gds
2026-10-06 00:20:35 +0000: Memory Usage (420632K) : IHP-SG13CMOS5L KLayout DRC runset output at: /work/out/in_GC_ARRAY_32x38_topvia1.lyrdb
2026-10-06 00:20:35 +0000: Memory Usage (420632K) : tables selected: topvia1
2026-10-06 00:20:35 +0000: Memory Usage (426520K) : Starting general IHP-SG13CMOS5L derivations.
2026-10-06 00:20:35 +0000: Memory Usage (426520K) : Starting IHP-SG13CMOS5L DRC rules.
2026-10-06 00:20:38 +0000: Memory Usage (422064K) : Starting running IHP-SG13CMOS5L KLayout DRC runset on /work/in.gds
2026-10-06 00:20:38 +0000: Memory Usage (422904K) : IHP-SG13CMOS5L KLayout DRC runset output at: /work/out/in_GC_ARRAY_32x38_via1.lyrdb
2026-10-06 00:20:38 +0000: Memory Usage (422904K) : tables selected: via1
2026-10-06 00:20:38 +0000: Memory Usage (428440K) : Starting general IHP-SG13CMOS5L derivations.
2026-10-06 00:20:38 +0000: Memory Usage (428440K) : Starting IHP-SG13CMOS5L DRC rules.
2026-10-06 00:20:37 +0000: Memory Usage (421716K) : Starting running IHP-SG13CMOS5L KLayout DRC runset on /work/in.gds
2026-10-06 00:20:37 +0000: Memory Usage (422584K) : IHP-SG13CMOS5L KLayout DRC runset output at: /work/out/in_GC_ARRAY_32x38_vian.lyrdb
2026-10-06 00:20:37 +0000: Memory Usage (422584K) : tables selected: vian
2026-10-06 00:20:37 +0000: Memory Usage (428448K) : Starting general IHP-SG13CMOS5L derivations.
2026-10-06 00:20:37 +0000: Memory Usage (428448K) : Starting IHP-SG13CMOS5L DRC rules.
