06-Oct-2026 01:13:57 | INFO    | KLayout version detected: 0.30.9
2026-10-06 01:13:58 +0000: Memory Usage (420456K) : Starting running IHP-SG13CMOS5L KLayout DRC runset on /work/in.gds
2026-10-06 01:13:58 +0000: Memory Usage (421292K) : IHP-SG13CMOS5L KLayout DRC runset output at: /work/out/in_GC_ARRAY_32x38_cont.lyrdb
2026-10-06 01:13:58 +0000: Memory Usage (421292K) : tables selected: cont
2026-10-06 01:13:58 +0000: Memory Usage (421620K) : Starting running IHP-SG13CMOS5L KLayout DRC runset on /work/in.gds
2026-10-06 01:13:58 +0000: Memory Usage (422496K) : IHP-SG13CMOS5L KLayout DRC runset output at: /work/out/in_GC_ARRAY_32x38_gatpolyfiller.lyrdb
2026-10-06 01:13:58 +0000: Memory Usage (422496K) : tables selected: gatpolyfiller
2026-10-06 01:13:58 +0000: Memory Usage (428164K) : Starting general IHP-SG13CMOS5L derivations.
2026-10-06 01:13:58 +0000: Memory Usage (429852K) : Starting general IHP-SG13CMOS5L derivations.
2026-10-06 01:13:58 +0000: Memory Usage (429852K) : Starting IHP-SG13CMOS5L DRC rules.
2026-10-06 01:13:58 +0000: Memory Usage (437056K) : Starting IHP-SG13CMOS5L DRC rules.
2026-10-06 01:13:58 +0000: Memory Usage (421384K) : Starting running IHP-SG13CMOS5L KLayout DRC runset on /work/in.gds
2026-10-06 01:13:58 +0000: Memory Usage (422532K) : IHP-SG13CMOS5L KLayout DRC runset output at: /work/out/in_GC_ARRAY_32x38_pwellblock.lyrdb
2026-10-06 01:13:58 +0000: Memory Usage (422532K) : tables selected: pwellblock
2026-10-06 01:13:58 +0000: Memory Usage (429328K) : Starting general IHP-SG13CMOS5L derivations.
2026-10-06 01:13:58 +0000: Memory Usage (434032K) : Starting IHP-SG13CMOS5L DRC rules.
2026-10-06 01:13:59 +0000: Memory Usage (420464K) : Starting running IHP-SG13CMOS5L KLayout DRC runset on /work/in.gds
2026-10-06 01:13:59 +0000: Memory Usage (421296K) : IHP-SG13CMOS5L KLayout DRC runset output at: /work/out/in_GC_ARRAY_32x38_activfiller.lyrdb
2026-10-06 01:13:59 +0000: Memory Usage (421296K) : tables selected: activfiller
2026-10-06 01:13:59 +0000: Memory Usage (422784K) : Starting running IHP-SG13CMOS5L KLayout DRC runset on /work/in.gds
2026-10-06 01:13:59 +0000: Memory Usage (423308K) : IHP-SG13CMOS5L KLayout DRC runset output at: /work/out/in_GC_ARRAY_32x38_contbar.lyrdb
2026-10-06 01:13:59 +0000: Memory Usage (423308K) : tables selected: contbar
2026-10-06 01:13:59 +0000: Memory Usage (430192K) : Starting general IHP-SG13CMOS5L derivations.
2026-10-06 01:13:59 +0000: Memory Usage (430704K) : Starting IHP-SG13CMOS5L DRC rules.
2026-10-06 01:13:59 +0000: Memory Usage (427944K) : Starting general IHP-SG13CMOS5L derivations.
2026-10-06 01:13:59 +0000: Memory Usage (427944K) : Starting IHP-SG13CMOS5L DRC rules.
2026-10-06 01:13:59 +0000: Memory Usage (419992K) : Starting running IHP-SG13CMOS5L KLayout DRC runset on /work/in.gds
2026-10-06 01:13:59 +0000: Memory Usage (420892K) : IHP-SG13CMOS5L KLayout DRC runset output at: /work/out/in_GC_ARRAY_32x38_nwell.lyrdb
2026-10-06 01:13:59 +0000: Memory Usage (420892K) : tables selected: nwell
2026-10-06 01:14:00 +0000: Memory Usage (427684K) : Starting general IHP-SG13CMOS5L derivations.
2026-10-06 01:14:00 +0000: Memory Usage (440168K) : Starting IHP-SG13CMOS5L DRC connectivity related derivations.
2026-10-06 01:14:00 +0000: Memory Usage (440168K) : Starting IHP-SG13CMOS5L DRC connectivity setup
2026-10-06 01:14:00 +0000: Memory Usage (443240K) : Starting IHP-SG13CMOS5L DRC rules.
2026-10-06 01:14:00 +0000: Memory Usage (422208K) : Starting running IHP-SG13CMOS5L KLayout DRC runset on /work/in.gds
2026-10-06 01:14:00 +0000: Memory Usage (423076K) : IHP-SG13CMOS5L KLayout DRC runset output at: /work/out/in_GC_ARRAY_32x38_thickgateox.lyrdb
2026-10-06 01:14:00 +0000: Memory Usage (423076K) : tables selected: thickgateox
2026-10-06 01:14:00 +0000: Memory Usage (422296K) : Starting running IHP-SG13CMOS5L KLayout DRC runset on /work/in.gds
2026-10-06 01:14:00 +0000: Memory Usage (423404K) : IHP-SG13CMOS5L KLayout DRC runset output at: /work/out/in_GC_ARRAY_32x38_nbulay.lyrdb
2026-10-06 01:14:00 +0000: Memory Usage (423404K) : tables selected: nbulay
2026-10-06 01:14:00 +0000: Memory Usage (430220K) : Starting general IHP-SG13CMOS5L derivations.
2026-10-06 01:14:00 +0000: Memory Usage (430220K) : Starting IHP-SG13CMOS5L DRC rules.
2026-10-06 01:14:00 +0000: Memory Usage (430252K) : Starting general IHP-SG13CMOS5L derivations.
2026-10-06 01:14:00 +0000: Memory Usage (430252K) : Starting IHP-SG13CMOS5L DRC rules.
2026-10-06 01:14:01 +0000: Memory Usage (420804K) : Starting running IHP-SG13CMOS5L KLayout DRC runset on /work/in.gds
2026-10-06 01:14:01 +0000: Memory Usage (421896K) : IHP-SG13CMOS5L KLayout DRC runset output at: /work/out/in_GC_ARRAY_32x38_gatpoly.lyrdb
2026-10-06 01:14:01 +0000: Memory Usage (421896K) : tables selected: gatpoly
2026-10-06 01:14:01 +0000: Memory Usage (428912K) : Starting general IHP-SG13CMOS5L derivations.
2026-10-06 01:14:01 +0000: Memory Usage (437148K) : Starting IHP-SG13CMOS5L DRC rules.
2026-10-06 01:14:01 +0000: Memory Usage (421452K) : Starting running IHP-SG13CMOS5L KLayout DRC runset on /work/in.gds
2026-10-06 01:14:01 +0000: Memory Usage (422352K) : IHP-SG13CMOS5L KLayout DRC runset output at: /work/out/in_GC_ARRAY_32x38_latchup.lyrdb
2026-10-06 01:14:01 +0000: Memory Usage (422352K) : tables selected: latchup
2026-10-06 01:14:01 +0000: Memory Usage (429192K) : Starting general IHP-SG13CMOS5L derivations.
2026-10-06 01:14:01 +0000: Memory Usage (435196K) : Starting IHP-SG13CMOS5L DRC rules.
2026-10-06 01:14:01 +0000: Memory Usage (420196K) : Starting running IHP-SG13CMOS5L KLayout DRC runset on /work/in.gds
2026-10-06 01:14:01 +0000: Memory Usage (421056K) : IHP-SG13CMOS5L KLayout DRC runset output at: /work/out/in_GC_ARRAY_32x38_activ.lyrdb
2026-10-06 01:14:01 +0000: Memory Usage (421056K) : tables selected: activ
2026-10-06 01:14:02 +0000: Memory Usage (428632K) : Starting general IHP-SG13CMOS5L derivations.
2026-10-06 01:14:02 +0000: Memory Usage (428632K) : Starting IHP-SG13CMOS5L DRC rules.
2026-10-06 01:14:02 +0000: Memory Usage (421424K) : Starting running IHP-SG13CMOS5L KLayout DRC runset on /work/in.gds
2026-10-06 01:14:02 +0000: Memory Usage (422516K) : IHP-SG13CMOS5L KLayout DRC runset output at: /work/out/in_GC_ARRAY_32x38_psd.lyrdb
2026-10-06 01:14:02 +0000: Memory Usage (422516K) : tables selected: psd
2026-10-06 01:14:02 +0000: Memory Usage (429608K) : Starting general IHP-SG13CMOS5L derivations.
2026-10-06 01:14:02 +0000: Memory Usage (429608K) : Starting IHP-SG13CMOS5L DRC rules.
2026-10-06 01:14:02 +0000: Memory Usage (419444K) : Starting running IHP-SG13CMOS5L KLayout DRC runset on /work/in.gds
2026-10-06 01:14:02 +0000: Memory Usage (420280K) : IHP-SG13CMOS5L KLayout DRC runset output at: /work/out/in_GC_ARRAY_32x38_metaln.lyrdb
2026-10-06 01:14:02 +0000: Memory Usage (420280K) : tables selected: metaln
2026-10-06 01:14:03 +0000: Memory Usage (426816K) : Starting general IHP-SG13CMOS5L derivations.
2026-10-06 01:14:03 +0000: Memory Usage (426816K) : Starting IHP-SG13CMOS5L DRC rules.
2026-10-06 01:14:03 +0000: Memory Usage (420564K) : Starting running IHP-SG13CMOS5L KLayout DRC runset on /work/in.gds
2026-10-06 01:14:03 +0000: Memory Usage (421452K) : IHP-SG13CMOS5L KLayout DRC runset output at: /work/out/in_GC_ARRAY_32x38_topvia1.lyrdb
2026-10-06 01:14:03 +0000: Memory Usage (421452K) : tables selected: topvia1
2026-10-06 01:14:03 +0000: Memory Usage (428596K) : Starting general IHP-SG13CMOS5L derivations.
2026-10-06 01:14:03 +0000: Memory Usage (428596K) : Starting IHP-SG13CMOS5L DRC rules.
2026-10-06 01:14:03 +0000: Memory Usage (419996K) : Starting running IHP-SG13CMOS5L KLayout DRC runset on /work/in.gds
2026-10-06 01:14:03 +0000: Memory Usage (420864K) : IHP-SG13CMOS5L KLayout DRC runset output at: /work/out/in_GC_ARRAY_32x38_sealring.lyrdb
2026-10-06 01:14:03 +0000: Memory Usage (420864K) : tables selected: sealring
2026-10-06 01:14:03 +0000: Memory Usage (428064K) : Starting general IHP-SG13CMOS5L derivations.
2026-10-06 01:14:03 +0000: Memory Usage (428064K) : Starting IHP-SG13CMOS5L DRC rules.
2026-10-06 01:14:04 +0000: Memory Usage (420860K) : Starting running IHP-SG13CMOS5L KLayout DRC runset on /work/in.gds
2026-10-06 01:14:04 +0000: Memory Usage (421728K) : IHP-SG13CMOS5L KLayout DRC runset output at: /work/out/in_GC_ARRAY_32x38_metalnfiller.lyrdb
2026-10-06 01:14:04 +0000: Memory Usage (421728K) : tables selected: metalnfiller
2026-10-06 01:14:04 +0000: Memory Usage (421212K) : Starting running IHP-SG13CMOS5L KLayout DRC runset on /work/in.gds
2026-10-06 01:14:04 +0000: Memory Usage (422044K) : IHP-SG13CMOS5L KLayout DRC runset output at: /work/out/in_GC_ARRAY_32x38_metal1.lyrdb
2026-10-06 01:14:04 +0000: Memory Usage (422044K) : tables selected: metal1
2026-10-06 01:14:04 +0000: Memory Usage (429024K) : Starting general IHP-SG13CMOS5L derivations.
2026-10-06 01:14:04 +0000: Memory Usage (429024K) : Starting IHP-SG13CMOS5L DRC rules.
2026-10-06 01:14:04 +0000: Memory Usage (428900K) : Starting general IHP-SG13CMOS5L derivations.
2026-10-06 01:14:04 +0000: Memory Usage (428900K) : Starting IHP-SG13CMOS5L DRC rules.
2026-10-06 01:14:04 +0000: Memory Usage (420236K) : Starting running IHP-SG13CMOS5L KLayout DRC runset on /work/in.gds
2026-10-06 01:14:04 +0000: Memory Usage (421068K) : IHP-SG13CMOS5L KLayout DRC runset output at: /work/out/in_GC_ARRAY_32x38_topmetal1.lyrdb
2026-10-06 01:14:04 +0000: Memory Usage (421068K) : tables selected: topmetal1
2026-10-06 01:14:05 +0000: Memory Usage (428164K) : Starting general IHP-SG13CMOS5L derivations.
2026-10-06 01:14:05 +0000: Memory Usage (428164K) : Starting IHP-SG13CMOS5L DRC rules.
2026-10-06 01:14:05 +0000: Memory Usage (421924K) : Starting running IHP-SG13CMOS5L KLayout DRC runset on /work/in.gds
2026-10-06 01:14:05 +0000: Memory Usage (422792K) : IHP-SG13CMOS5L KLayout DRC runset output at: /work/out/in_GC_ARRAY_32x38_vian.lyrdb
2026-10-06 01:14:05 +0000: Memory Usage (422792K) : tables selected: vian
2026-10-06 01:14:05 +0000: Memory Usage (421524K) : Starting running IHP-SG13CMOS5L KLayout DRC runset on /work/in.gds
2026-10-06 01:14:05 +0000: Memory Usage (422324K) : IHP-SG13CMOS5L KLayout DRC runset output at: /work/out/in_GC_ARRAY_32x38_passiv.lyrdb
2026-10-06 01:14:05 +0000: Memory Usage (422324K) : tables selected: passiv
2026-10-06 01:14:05 +0000: Memory Usage (429940K) : Starting general IHP-SG13CMOS5L derivations.
2026-10-06 01:14:05 +0000: Memory Usage (429940K) : Starting IHP-SG13CMOS5L DRC rules.
2026-10-06 01:14:05 +0000: Memory Usage (429396K) : Starting general IHP-SG13CMOS5L derivations.
2026-10-06 01:14:05 +0000: Memory Usage (429396K) : Starting IHP-SG13CMOS5L DRC rules.
2026-10-06 01:14:05 +0000: Memory Usage (421452K) : Starting running IHP-SG13CMOS5L KLayout DRC runset on /work/in.gds
2026-10-06 01:14:05 +0000: Memory Usage (422324K) : IHP-SG13CMOS5L KLayout DRC runset output at: /work/out/in_GC_ARRAY_32x38_lbe.lyrdb
2026-10-06 01:14:05 +0000: Memory Usage (422324K) : tables selected: lbe
2026-10-06 01:14:06 +0000: Memory Usage (429664K) : Starting general IHP-SG13CMOS5L derivations.
2026-10-06 01:14:06 +0000: Memory Usage (429664K) : Starting IHP-SG13CMOS5L DRC rules.
2026-10-06 01:13:58 +0000: Memory Usage (420332K) : Starting running IHP-SG13CMOS5L Klayout DRC maximum runset on /work/in.gds
2026-10-06 01:13:58 +0000: Memory Usage (421388K) : IHP-SG13CMOS5L Klayout DRC maximum runset output at: /work/out/in_GC_ARRAY_32x38_sg13cmos5l_maximal.lyrdb
Rule NW.a: 0 error(s)
Rule NW.c: 0 error(s)
Rule NW.c1: 0 error(s)
Rule NW.d: 0 error(s)
Rule NW.d1: 0 error(s)
Rule NW.e: 0 error(s)
Rule NW.e1: 0 error(s)
Rule NW.f: 0 error(s)
Rule NW.f1: 0 error(s)
Rule PWB.a: 0 error(s)
Rule PWB.b: 0 error(s)
Rule PWB.c: 0 error(s)
Rule NBL.a: 0 error(s)
Rule NBLB.a: 0 error(s)
Rule NBLB.b: 0 error(s)
Rule NBLB.c: 0 error(s)
Rule NBLB.d: 0 error(s)
Rule Act.c: 0 error(s)
Rule Act.d: 0 error(s)
Rule Act.e: 0 error(s)
Rule AFil.a: 0 error(s)
Rule AFil.a1: 0 error(s)
Rule AFil.b: 0 error(s)
Rule AFil.i: 0 error(s)
Rule TGO.a: 0 error(s)
Rule TGO.b: 0 error(s)
Rule TGO.c: 0 error(s)
Rule TGO.d: 0 error(s)
Rule TGO.e: 0 error(s)
Rule Gat.a3: 0 error(s)
Rule Gat.a4: 0 error(s)
Rule Gat.b1: 0 error(s)
Rule Gat.c: 0 error(s)
Rule Gat.c: 0 error(s)
Rule Gat.e: 0 error(s)
Rule Gat.f: 0 error(s)
Rule GFil.a: 0 error(s)
Rule GFil.b: 0 error(s)
Rule GFil.c: 0 error(s)
Rule GFil.j: 0 error(s)
Rule pSD.a: 0 error(s)
Rule pSD.b: 0 error(s)
Rule pSD.c: 0 error(s)
Rule pSD.d: 0 error(s)
Rule pSD.d1: 0 error(s)
Rule pSD.e: 0 error(s)
Rule pSD.f: 0 error(s)
Rule pSD.g: 0 error(s)
Rule pSD.g: 0 error(s)
Rule pSD.i: 0 error(s)
Rule pSD.i1: 0 error(s)
Rule pSD.j: 0 error(s)
Rule pSD.j1: 0 error(s)
Rule pSD.k: 0 error(s)
Rule pSD.l: 0 error(s)
Rule pSD.m: 0 error(s)
Rule pSD.n: 0 error(s)
Rule nSDB.a: 0 error(s)
Rule nSDB.b: 0 error(s)
Rule nSDB.c: 0 error(s)
Rule nSDB.e: 0 error(s)
Rule EXTB.a: 0 error(s)
Rule EXTB.b: 0 error(s)
Rule EXTB.c: 0 error(s)
Rule Sal.a: 0 error(s)
Rule Sal.b: 0 error(s)
Rule Sal.c: 0 error(s)
Rule Sal.c: 0 error(s)
Rule Sal.d: 0 error(s)
Rule Sal.d: 0 error(s)
Rule Sal.e: 0 error(s)
Rule Cnt.b1: 0 error(s)
Rule Cnt.f: 0 error(s)
Rule Cnt.g: 0 error(s)
Rule Cnt.h: 0 error(s)
Rule Cnt.j: 0 error(s)
Rule CntB.a: 0 error(s)
Rule CntB.a: 0 error(s)
Rule CntB.a1: 0 error(s)
Rule CntB.b: 0 error(s)
Rule CntB.b2: 0 error(s)
Rule CntB.c: 0 error(s)
Rule CntB.d: 0 error(s)
Rule CntB.e: 0 error(s)
Rule CntB.f: 0 error(s)
Rule CntB.g: 0 error(s)
Rule CntB.g1: 0 error(s)
Rule CntB.g2: 0 error(s)
Rule CntB.h: 0 error(s)
Rule CntB.j: 0 error(s)
Rule M1.c: 0 error(s)
Rule M1.c1: 0 error(s)
Rule M1.d: 0 error(s)
Rule M2.c: 0 error(s)
Rule M2.c1: 0 error(s)
Rule M2.d: 0 error(s)
Rule M3.c: 0 error(s)
Rule M3.c1: 0 error(s)
Rule M3.d: 0 error(s)
Rule M4.c: 0 error(s)
Rule M4.c1: 0 error(s)
Rule M4.d: 0 error(s)
Rule M1Fil.a1: 0 error(s)
Rule M1Fil.b: 0 error(s)
Rule M2Fil.a1: 0 error(s)
Rule M2Fil.b: 0 error(s)
Rule M3Fil.a1: 0 error(s)
Rule M3Fil.b: 0 error(s)
Rule M4Fil.a1: 0 error(s)
Rule M4Fil.b: 0 error(s)
Rule TM1Fil.a: 0 error(s)
Rule TM1Fil.b: 0 error(s)
Rule V1.b1: 0 error(s)
Rule V1.c1: 0 error(s)
Rule V2.b1: 0 error(s)
Rule V2.c1: 0 error(s)
Rule V3.b1: 0 error(s)
Rule V3.c1: 0 error(s)
Rule Rsil.a: 0 error(s)
Rule Rsil.b: 0 error(s)
Rule Rsil.c: 0 error(s)
Rule Rsil.d: 0 error(s)
Rule Rsil.e: 0 error(s)
Rule Rsil.f: 0 error(s)
Rule Rppd.a: 0 error(s)
Rule Rppd.b: 0 error(s)
Rule Rppd.c: 0 error(s)
Rule Rppd.c: 0 error(s)
Rule Rppd.d: 0 error(s)
Rule Rppd.e: 0 error(s)
Rule Rhi.a: 0 error(s)
Rule Rhi.b: 0 error(s)
Rule Rhi.c: 0 error(s)
Rule Rhi.d: 0 error(s)
Rule Rhi.d: 0 error(s)
Rule Rhi.e: 0 error(s)
Rule Rhi.f: 0 error(s)
Rule nmosi.b: 0 error(s)
Rule nmosi.c: 0 error(s)
Rule nmosi.d: 0 error(s)
Rule nmosi.f: 0 error(s)
Rule nmosi.g: 0 error(s)
Rule Sdiod.a: 0 error(s)
Rule Sdiod.b: 0 error(s)
Rule Sdiod.c: 0 error(s)
Rule Pad.aR: 0 error(s)
Rule Pad.a1: 0 error(s)
Rule Pad.bR: 0 error(s)
Rule Pad.d: 0 error(s)
Rule Pad.dR: 0 error(s)
Rule Pad.d1R: 0 error(s)
Rule Pad.jR: 0 error(s)
Rule Padc.d: 0 error(s)
Rule Seal.a_Activ: 0 error(s)
Rule Seal.a_pSD: 0 error(s)
Rule Seal.a_Metal1: 0 error(s)
Rule Seal.a_Metal2: 0 error(s)
Rule Seal.a_Metal3: 0 error(s)
Rule Seal.a_Metal4: 0 error(s)
Rule Seal.a_TopMetal1: 0 error(s)
Rule Seal.c: 0 error(s)
Rule Seal.c: 0 error(s)
Rule Seal.c1.Via1: 0 error(s)
Rule Seal.c1.Via1: 0 error(s)
Rule Seal.c1.Via2: 0 error(s)
Rule Seal.c1.Via2: 0 error(s)
Rule Seal.c1.Via3: 0 error(s)
Rule Seal.c1.Via3: 0 error(s)
Rule Seal.c2: 0 error(s)
Rule Seal.c2: 0 error(s)
Rule Seal.d.Cont: 0 error(s)
Rule Seal.d.Via1: 0 error(s)
Rule Seal.d.Via2: 0 error(s)
Rule Seal.d.Via3: 0 error(s)
Rule Seal.d.TopVia1: 0 error(s)
Rule Seal.e: 0 error(s)
Rule Seal.f.Activ: 0 error(s)
Rule Seal.f.pSD: 0 error(s)
Rule Seal.f.Metal1: 0 error(s)
Rule Seal.f.Metal2: 0 error(s)
Rule Seal.f.Metal3: 0 error(s)
Rule Seal.f.Metal4: 0 error(s)
Rule Seal.f.TopMetal1: 0 error(s)
Rule LU.a: 0 error(s)
Rule LU.c: 0 error(s)
Rule LU.c1: 0 error(s)
Rule LU.d: 0 error(s)
Rule LU.d1: 0 error(s)
Rule Slt.a.M1: 0 error(s)
Rule Slt.b.M1: 0 error(s)
Rule Slt.c.M1: 0 error(s)
Rule Slt.e.M1: 0 error(s)
Rule Slt.f.M1: 0 error(s)
Rule Slt.h1: 0 error(s)
Rule Slt.h1: 0 error(s)
Rule Slt.a.M2: 0 error(s)
Rule Slt.b.M2: 0 error(s)
Rule Slt.c.M2: 0 error(s)
Rule Slt.e.M2: 0 error(s)
Rule Slt.f.M2: 0 error(s)
Rule Slt.h2.M2: 0 error(s)
Rule Slt.h2.M2: 0 error(s)
Rule Slt.a.M3: 0 error(s)
Rule Slt.b.M3: 0 error(s)
Rule Slt.c.M3: 0 error(s)
Rule Slt.e.M3: 0 error(s)
Rule Slt.f.M3: 0 error(s)
Rule Slt.h2.M3: 0 error(s)
Rule Slt.h2.M3: 0 error(s)
Rule Slt.a.M4: 0 error(s)
Rule Slt.b.M4: 0 error(s)
Rule Slt.c.M4: 0 error(s)
Rule Slt.e.M4: 0 error(s)
Rule Slt.f.M4: 0 error(s)
Rule Slt.h2.M4: 0 error(s)
Rule Slt.a.TM1: 0 error(s)
Rule Slt.b.TM1: 0 error(s)
Rule Slt.c.TM1: 0 error(s)
Rule Slt.e.TM1: 0 error(s)
Rule Slt.f.TM1: 0 error(s)
Rule Slt.h3: 0 error(s)
Rule NW.c1.dig: 0 error(s)
Rule NW.d1.dig: 0 error(s)
Rule NW.e1.dig: 0 error(s)
Rule NW.f1.dig: 0 error(s)
Rule Cnt.c.Digi: 0 error(s)
Rule LBE.b2: 0 error(s)
Rule LBE.e.dfPad: 0 error(s)
Rule LBE.e.Passiv: 0 error(s)
Rule LBE.f: 0 error(s)
2026-10-06 01:14:06 +0000: Memory Usage (421596K) : Starting running IHP-SG13CMOS5L KLayout DRC runset on /work/in.gds
2026-10-06 01:14:06 +0000: Memory Usage (422468K) : IHP-SG13CMOS5L KLayout DRC runset output at: /work/out/in_GC_ARRAY_32x38_pad.lyrdb
2026-10-06 01:14:06 +0000: Memory Usage (422468K) : tables selected: pad
2026-10-06 01:14:06 +0000: Memory Usage (422104K) : Starting running IHP-SG13CMOS5L KLayout DRC runset on /work/in.gds
2026-10-06 01:14:06 +0000: Memory Usage (422980K) : IHP-SG13CMOS5L KLayout DRC runset output at: /work/out/in_GC_ARRAY_32x38_topmetal1filler.lyrdb
2026-10-06 01:14:06 +0000: Memory Usage (422980K) : tables selected: topmetal1filler
2026-10-06 01:14:06 +0000: Memory Usage (429572K) : Starting general IHP-SG13CMOS5L derivations.
2026-10-06 01:14:06 +0000: Memory Usage (429572K) : Starting IHP-SG13CMOS5L DRC rules.
2026-10-06 01:14:06 +0000: Memory Usage (430068K) : Starting general IHP-SG13CMOS5L derivations.
2026-10-06 01:14:06 +0000: Memory Usage (430068K) : Starting IHP-SG13CMOS5L DRC rules.
2026-10-06 01:14:07 +0000: Memory Usage (422044K) : Starting running IHP-SG13CMOS5L KLayout DRC runset on /work/in.gds
2026-10-06 01:14:07 +0000: Memory Usage (423180K) : IHP-SG13CMOS5L KLayout DRC runset output at: /work/out/in_GC_ARRAY_32x38_metalslits.lyrdb
2026-10-06 01:14:07 +0000: Memory Usage (423180K) : tables selected: metalslits
2026-10-06 01:14:07 +0000: Memory Usage (430176K) : Starting general IHP-SG13CMOS5L derivations.
2026-10-06 01:14:07 +0000: Memory Usage (430176K) : Starting IHP-SG13CMOS5L DRC rules.
2026-10-06 01:14:07 +0000: Memory Usage (421236K) : Starting running IHP-SG13CMOS5L KLayout DRC runset on /work/in.gds
2026-10-06 01:14:07 +0000: Memory Usage (422112K) : IHP-SG13CMOS5L KLayout DRC runset output at: /work/out/in_GC_ARRAY_32x38_via1.lyrdb
2026-10-06 01:14:07 +0000: Memory Usage (422112K) : tables selected: via1
2026-10-06 01:14:07 +0000: Memory Usage (421844K) : Starting running IHP-SG13CMOS5L KLayout DRC runset on /work/in.gds
2026-10-06 01:14:07 +0000: Memory Usage (422712K) : IHP-SG13CMOS5L KLayout DRC runset output at: /work/out/in_GC_ARRAY_32x38_forbidden.lyrdb
2026-10-06 01:14:07 +0000: Memory Usage (422712K) : tables selected: forbidden
2026-10-06 01:14:07 +0000: Memory Usage (422752K) : Starting running IHP-SG13CMOS5L KLayout DRC runset on /work/in.gds
2026-10-06 01:14:07 +0000: Memory Usage (423876K) : IHP-SG13CMOS5L KLayout DRC runset output at: /work/out/in_GC_ARRAY_32x38_forbidden_cmos5l.lyrdb
2026-10-06 01:14:07 +0000: Memory Usage (423876K) : tables selected: forbidden_cmos5l
2026-10-06 01:14:07 +0000: Memory Usage (428988K) : Starting general IHP-SG13CMOS5L derivations.
2026-10-06 01:14:07 +0000: Memory Usage (428988K) : Starting IHP-SG13CMOS5L DRC rules.
2026-10-06 01:14:07 +0000: Memory Usage (429688K) : Starting general IHP-SG13CMOS5L derivations.
2026-10-06 01:14:07 +0000: Memory Usage (429688K) : Starting IHP-SG13CMOS5L DRC rules.
2026-10-06 01:14:07 +0000: Memory Usage (430980K) : Starting general IHP-SG13CMOS5L derivations.
2026-10-06 01:14:07 +0000: Memory Usage (430980K) : Starting IHP-SG13CMOS5L DRC rules.
2026-10-06 01:14:08 +0000: Memory Usage (422220K) : Starting running IHP-SG13CMOS5L KLayout DRC runset on /work/in.gds
2026-10-06 01:14:08 +0000: Memory Usage (423056K) : IHP-SG13CMOS5L KLayout DRC runset output at: /work/out/in_GC_ARRAY_32x38_angle.lyrdb
2026-10-06 01:14:08 +0000: Memory Usage (423056K) : tables selected: angle
2026-10-06 01:14:08 +0000: Memory Usage (430144K) : Starting general IHP-SG13CMOS5L derivations.
2026-10-06 01:14:08 +0000: Memory Usage (430144K) : Starting IHP-SG13CMOS5L DRC rules.
2026-10-06 01:14:08 +0000: Memory Usage (421124K) : Starting running IHP-SG13CMOS5L KLayout DRC runset on /work/in.gds
2026-10-06 01:14:08 +0000: Memory Usage (422004K) : IHP-SG13CMOS5L KLayout DRC runset output at: /work/out/in_GC_ARRAY_32x38_pin.lyrdb
2026-10-06 01:14:08 +0000: Memory Usage (422004K) : tables selected: pin
2026-10-06 01:14:08 +0000: Memory Usage (421060K) : Starting running IHP-SG13CMOS5L KLayout DRC runset on /work/in.gds
2026-10-06 01:14:08 +0000: Memory Usage (421960K) : IHP-SG13CMOS5L KLayout DRC runset output at: /work/out/in_GC_ARRAY_32x38_offgrid.lyrdb
2026-10-06 01:14:08 +0000: Memory Usage (421960K) : tables selected: offgrid
2026-10-06 01:14:08 +0000: Memory Usage (429108K) : Starting general IHP-SG13CMOS5L derivations.
2026-10-06 01:14:08 +0000: Memory Usage (429108K) : Starting IHP-SG13CMOS5L DRC rules.
2026-10-06 01:14:09 +0000: Memory Usage (429120K) : Starting general IHP-SG13CMOS5L derivations.
2026-10-06 01:14:09 +0000: Memory Usage (429120K) : Starting IHP-SG13CMOS5L DRC rules.
06-Oct-2026 01:14:09 | INFO    | KLayout DRC Check Passed: No DRC violations detected in the layout.
06-Oct-2026 01:13:57 | INFO    | KLayout version detected: 0.30.9
06-Oct-2026 01:14:09 | INFO    | KLayout DRC Check Passed: No DRC violations detected in the layout.
2026-10-06 01:13:59 +0000: Memory Usage (420464K) : Starting running IHP-SG13CMOS5L KLayout DRC runset on /work/in.gds
2026-10-06 01:13:59 +0000: Memory Usage (421296K) : IHP-SG13CMOS5L KLayout DRC runset output at: /work/out/in_GC_ARRAY_32x38_activfiller.lyrdb
2026-10-06 01:13:59 +0000: Memory Usage (421296K) : tables selected: activfiller
2026-10-06 01:13:59 +0000: Memory Usage (427944K) : Starting general IHP-SG13CMOS5L derivations.
2026-10-06 01:13:59 +0000: Memory Usage (427944K) : Starting IHP-SG13CMOS5L DRC rules.
2026-10-06 01:14:01 +0000: Memory Usage (420196K) : Starting running IHP-SG13CMOS5L KLayout DRC runset on /work/in.gds
2026-10-06 01:14:01 +0000: Memory Usage (421056K) : IHP-SG13CMOS5L KLayout DRC runset output at: /work/out/in_GC_ARRAY_32x38_activ.lyrdb
2026-10-06 01:14:01 +0000: Memory Usage (421056K) : tables selected: activ
2026-10-06 01:14:02 +0000: Memory Usage (428632K) : Starting general IHP-SG13CMOS5L derivations.
2026-10-06 01:14:02 +0000: Memory Usage (428632K) : Starting IHP-SG13CMOS5L DRC rules.
2026-10-06 01:14:08 +0000: Memory Usage (422220K) : Starting running IHP-SG13CMOS5L KLayout DRC runset on /work/in.gds
2026-10-06 01:14:08 +0000: Memory Usage (423056K) : IHP-SG13CMOS5L KLayout DRC runset output at: /work/out/in_GC_ARRAY_32x38_angle.lyrdb
2026-10-06 01:14:08 +0000: Memory Usage (423056K) : tables selected: angle
2026-10-06 01:14:08 +0000: Memory Usage (430144K) : Starting general IHP-SG13CMOS5L derivations.
2026-10-06 01:14:08 +0000: Memory Usage (430144K) : Starting IHP-SG13CMOS5L DRC rules.
2026-10-06 01:13:59 +0000: Memory Usage (422784K) : Starting running IHP-SG13CMOS5L KLayout DRC runset on /work/in.gds
2026-10-06 01:13:59 +0000: Memory Usage (423308K) : IHP-SG13CMOS5L KLayout DRC runset output at: /work/out/in_GC_ARRAY_32x38_contbar.lyrdb
2026-10-06 01:13:59 +0000: Memory Usage (423308K) : tables selected: contbar
2026-10-06 01:13:59 +0000: Memory Usage (430192K) : Starting general IHP-SG13CMOS5L derivations.
2026-10-06 01:13:59 +0000: Memory Usage (430704K) : Starting IHP-SG13CMOS5L DRC rules.
2026-10-06 01:13:58 +0000: Memory Usage (420456K) : Starting running IHP-SG13CMOS5L KLayout DRC runset on /work/in.gds
2026-10-06 01:13:58 +0000: Memory Usage (421292K) : IHP-SG13CMOS5L KLayout DRC runset output at: /work/out/in_GC_ARRAY_32x38_cont.lyrdb
2026-10-06 01:13:58 +0000: Memory Usage (421292K) : tables selected: cont
2026-10-06 01:13:58 +0000: Memory Usage (428164K) : Starting general IHP-SG13CMOS5L derivations.
2026-10-06 01:13:58 +0000: Memory Usage (437056K) : Starting IHP-SG13CMOS5L DRC rules.
2026-10-06 01:14:07 +0000: Memory Usage (422752K) : Starting running IHP-SG13CMOS5L KLayout DRC runset on /work/in.gds
2026-10-06 01:14:07 +0000: Memory Usage (423876K) : IHP-SG13CMOS5L KLayout DRC runset output at: /work/out/in_GC_ARRAY_32x38_forbidden_cmos5l.lyrdb
2026-10-06 01:14:07 +0000: Memory Usage (423876K) : tables selected: forbidden_cmos5l
2026-10-06 01:14:07 +0000: Memory Usage (430980K) : Starting general IHP-SG13CMOS5L derivations.
2026-10-06 01:14:07 +0000: Memory Usage (430980K) : Starting IHP-SG13CMOS5L DRC rules.
2026-10-06 01:14:07 +0000: Memory Usage (421844K) : Starting running IHP-SG13CMOS5L KLayout DRC runset on /work/in.gds
2026-10-06 01:14:07 +0000: Memory Usage (422712K) : IHP-SG13CMOS5L KLayout DRC runset output at: /work/out/in_GC_ARRAY_32x38_forbidden.lyrdb
2026-10-06 01:14:07 +0000: Memory Usage (422712K) : tables selected: forbidden
2026-10-06 01:14:07 +0000: Memory Usage (429688K) : Starting general IHP-SG13CMOS5L derivations.
2026-10-06 01:14:07 +0000: Memory Usage (429688K) : Starting IHP-SG13CMOS5L DRC rules.
2026-10-06 01:13:58 +0000: Memory Usage (421620K) : Starting running IHP-SG13CMOS5L KLayout DRC runset on /work/in.gds
2026-10-06 01:13:58 +0000: Memory Usage (422496K) : IHP-SG13CMOS5L KLayout DRC runset output at: /work/out/in_GC_ARRAY_32x38_gatpolyfiller.lyrdb
2026-10-06 01:13:58 +0000: Memory Usage (422496K) : tables selected: gatpolyfiller
2026-10-06 01:13:58 +0000: Memory Usage (429852K) : Starting general IHP-SG13CMOS5L derivations.
2026-10-06 01:13:58 +0000: Memory Usage (429852K) : Starting IHP-SG13CMOS5L DRC rules.
2026-10-06 01:14:01 +0000: Memory Usage (420804K) : Starting running IHP-SG13CMOS5L KLayout DRC runset on /work/in.gds
2026-10-06 01:14:01 +0000: Memory Usage (421896K) : IHP-SG13CMOS5L KLayout DRC runset output at: /work/out/in_GC_ARRAY_32x38_gatpoly.lyrdb
2026-10-06 01:14:01 +0000: Memory Usage (421896K) : tables selected: gatpoly
2026-10-06 01:14:01 +0000: Memory Usage (428912K) : Starting general IHP-SG13CMOS5L derivations.
2026-10-06 01:14:01 +0000: Memory Usage (437148K) : Starting IHP-SG13CMOS5L DRC rules.
2026-10-06 01:14:01 +0000: Memory Usage (421452K) : Starting running IHP-SG13CMOS5L KLayout DRC runset on /work/in.gds
2026-10-06 01:14:01 +0000: Memory Usage (422352K) : IHP-SG13CMOS5L KLayout DRC runset output at: /work/out/in_GC_ARRAY_32x38_latchup.lyrdb
2026-10-06 01:14:01 +0000: Memory Usage (422352K) : tables selected: latchup
2026-10-06 01:14:01 +0000: Memory Usage (429192K) : Starting general IHP-SG13CMOS5L derivations.
2026-10-06 01:14:01 +0000: Memory Usage (435196K) : Starting IHP-SG13CMOS5L DRC rules.
2026-10-06 01:14:05 +0000: Memory Usage (421452K) : Starting running IHP-SG13CMOS5L KLayout DRC runset on /work/in.gds
2026-10-06 01:14:05 +0000: Memory Usage (422324K) : IHP-SG13CMOS5L KLayout DRC runset output at: /work/out/in_GC_ARRAY_32x38_lbe.lyrdb
2026-10-06 01:14:05 +0000: Memory Usage (422324K) : tables selected: lbe
2026-10-06 01:14:06 +0000: Memory Usage (429664K) : Starting general IHP-SG13CMOS5L derivations.
2026-10-06 01:14:06 +0000: Memory Usage (429664K) : Starting IHP-SG13CMOS5L DRC rules.
2026-10-06 01:14:04 +0000: Memory Usage (421212K) : Starting running IHP-SG13CMOS5L KLayout DRC runset on /work/in.gds
2026-10-06 01:14:04 +0000: Memory Usage (422044K) : IHP-SG13CMOS5L KLayout DRC runset output at: /work/out/in_GC_ARRAY_32x38_metal1.lyrdb
2026-10-06 01:14:04 +0000: Memory Usage (422044K) : tables selected: metal1
2026-10-06 01:14:04 +0000: Memory Usage (428900K) : Starting general IHP-SG13CMOS5L derivations.
2026-10-06 01:14:04 +0000: Memory Usage (428900K) : Starting IHP-SG13CMOS5L DRC rules.
2026-10-06 01:14:04 +0000: Memory Usage (420860K) : Starting running IHP-SG13CMOS5L KLayout DRC runset on /work/in.gds
2026-10-06 01:14:04 +0000: Memory Usage (421728K) : IHP-SG13CMOS5L KLayout DRC runset output at: /work/out/in_GC_ARRAY_32x38_metalnfiller.lyrdb
2026-10-06 01:14:04 +0000: Memory Usage (421728K) : tables selected: metalnfiller
2026-10-06 01:14:04 +0000: Memory Usage (429024K) : Starting general IHP-SG13CMOS5L derivations.
2026-10-06 01:14:04 +0000: Memory Usage (429024K) : Starting IHP-SG13CMOS5L DRC rules.
2026-10-06 01:14:02 +0000: Memory Usage (419444K) : Starting running IHP-SG13CMOS5L KLayout DRC runset on /work/in.gds
2026-10-06 01:14:02 +0000: Memory Usage (420280K) : IHP-SG13CMOS5L KLayout DRC runset output at: /work/out/in_GC_ARRAY_32x38_metaln.lyrdb
2026-10-06 01:14:02 +0000: Memory Usage (420280K) : tables selected: metaln
2026-10-06 01:14:03 +0000: Memory Usage (426816K) : Starting general IHP-SG13CMOS5L derivations.
2026-10-06 01:14:03 +0000: Memory Usage (426816K) : Starting IHP-SG13CMOS5L DRC rules.
2026-10-06 01:14:07 +0000: Memory Usage (422044K) : Starting running IHP-SG13CMOS5L KLayout DRC runset on /work/in.gds
2026-10-06 01:14:07 +0000: Memory Usage (423180K) : IHP-SG13CMOS5L KLayout DRC runset output at: /work/out/in_GC_ARRAY_32x38_metalslits.lyrdb
2026-10-06 01:14:07 +0000: Memory Usage (423180K) : tables selected: metalslits
2026-10-06 01:14:07 +0000: Memory Usage (430176K) : Starting general IHP-SG13CMOS5L derivations.
2026-10-06 01:14:07 +0000: Memory Usage (430176K) : Starting IHP-SG13CMOS5L DRC rules.
2026-10-06 01:14:00 +0000: Memory Usage (422296K) : Starting running IHP-SG13CMOS5L KLayout DRC runset on /work/in.gds
2026-10-06 01:14:00 +0000: Memory Usage (423404K) : IHP-SG13CMOS5L KLayout DRC runset output at: /work/out/in_GC_ARRAY_32x38_nbulay.lyrdb
2026-10-06 01:14:00 +0000: Memory Usage (423404K) : tables selected: nbulay
2026-10-06 01:14:00 +0000: Memory Usage (430252K) : Starting general IHP-SG13CMOS5L derivations.
2026-10-06 01:14:00 +0000: Memory Usage (430252K) : Starting IHP-SG13CMOS5L DRC rules.
2026-10-06 01:13:59 +0000: Memory Usage (419992K) : Starting running IHP-SG13CMOS5L KLayout DRC runset on /work/in.gds
2026-10-06 01:13:59 +0000: Memory Usage (420892K) : IHP-SG13CMOS5L KLayout DRC runset output at: /work/out/in_GC_ARRAY_32x38_nwell.lyrdb
2026-10-06 01:13:59 +0000: Memory Usage (420892K) : tables selected: nwell
2026-10-06 01:14:00 +0000: Memory Usage (427684K) : Starting general IHP-SG13CMOS5L derivations.
2026-10-06 01:14:00 +0000: Memory Usage (440168K) : Starting IHP-SG13CMOS5L DRC connectivity related derivations.
2026-10-06 01:14:00 +0000: Memory Usage (440168K) : Starting IHP-SG13CMOS5L DRC connectivity setup
2026-10-06 01:14:00 +0000: Memory Usage (443240K) : Starting IHP-SG13CMOS5L DRC rules.
2026-10-06 01:14:08 +0000: Memory Usage (421060K) : Starting running IHP-SG13CMOS5L KLayout DRC runset on /work/in.gds
2026-10-06 01:14:08 +0000: Memory Usage (421960K) : IHP-SG13CMOS5L KLayout DRC runset output at: /work/out/in_GC_ARRAY_32x38_offgrid.lyrdb
2026-10-06 01:14:08 +0000: Memory Usage (421960K) : tables selected: offgrid
2026-10-06 01:14:09 +0000: Memory Usage (429120K) : Starting general IHP-SG13CMOS5L derivations.
2026-10-06 01:14:09 +0000: Memory Usage (429120K) : Starting IHP-SG13CMOS5L DRC rules.
2026-10-06 01:14:06 +0000: Memory Usage (421596K) : Starting running IHP-SG13CMOS5L KLayout DRC runset on /work/in.gds
2026-10-06 01:14:06 +0000: Memory Usage (422468K) : IHP-SG13CMOS5L KLayout DRC runset output at: /work/out/in_GC_ARRAY_32x38_pad.lyrdb
2026-10-06 01:14:06 +0000: Memory Usage (422468K) : tables selected: pad
2026-10-06 01:14:06 +0000: Memory Usage (429572K) : Starting general IHP-SG13CMOS5L derivations.
2026-10-06 01:14:06 +0000: Memory Usage (429572K) : Starting IHP-SG13CMOS5L DRC rules.
2026-10-06 01:14:05 +0000: Memory Usage (421524K) : Starting running IHP-SG13CMOS5L KLayout DRC runset on /work/in.gds
2026-10-06 01:14:05 +0000: Memory Usage (422324K) : IHP-SG13CMOS5L KLayout DRC runset output at: /work/out/in_GC_ARRAY_32x38_passiv.lyrdb
2026-10-06 01:14:05 +0000: Memory Usage (422324K) : tables selected: passiv
2026-10-06 01:14:05 +0000: Memory Usage (429396K) : Starting general IHP-SG13CMOS5L derivations.
2026-10-06 01:14:05 +0000: Memory Usage (429396K) : Starting IHP-SG13CMOS5L DRC rules.
2026-10-06 01:14:08 +0000: Memory Usage (421124K) : Starting running IHP-SG13CMOS5L KLayout DRC runset on /work/in.gds
2026-10-06 01:14:08 +0000: Memory Usage (422004K) : IHP-SG13CMOS5L KLayout DRC runset output at: /work/out/in_GC_ARRAY_32x38_pin.lyrdb
2026-10-06 01:14:08 +0000: Memory Usage (422004K) : tables selected: pin
2026-10-06 01:14:08 +0000: Memory Usage (429108K) : Starting general IHP-SG13CMOS5L derivations.
2026-10-06 01:14:08 +0000: Memory Usage (429108K) : Starting IHP-SG13CMOS5L DRC rules.
2026-10-06 01:14:02 +0000: Memory Usage (421424K) : Starting running IHP-SG13CMOS5L KLayout DRC runset on /work/in.gds
2026-10-06 01:14:02 +0000: Memory Usage (422516K) : IHP-SG13CMOS5L KLayout DRC runset output at: /work/out/in_GC_ARRAY_32x38_psd.lyrdb
2026-10-06 01:14:02 +0000: Memory Usage (422516K) : tables selected: psd
2026-10-06 01:14:02 +0000: Memory Usage (429608K) : Starting general IHP-SG13CMOS5L derivations.
2026-10-06 01:14:02 +0000: Memory Usage (429608K) : Starting IHP-SG13CMOS5L DRC rules.
2026-10-06 01:13:58 +0000: Memory Usage (421384K) : Starting running IHP-SG13CMOS5L KLayout DRC runset on /work/in.gds
2026-10-06 01:13:58 +0000: Memory Usage (422532K) : IHP-SG13CMOS5L KLayout DRC runset output at: /work/out/in_GC_ARRAY_32x38_pwellblock.lyrdb
2026-10-06 01:13:58 +0000: Memory Usage (422532K) : tables selected: pwellblock
2026-10-06 01:13:58 +0000: Memory Usage (429328K) : Starting general IHP-SG13CMOS5L derivations.
2026-10-06 01:13:58 +0000: Memory Usage (434032K) : Starting IHP-SG13CMOS5L DRC rules.
2026-10-06 01:14:03 +0000: Memory Usage (419996K) : Starting running IHP-SG13CMOS5L KLayout DRC runset on /work/in.gds
2026-10-06 01:14:03 +0000: Memory Usage (420864K) : IHP-SG13CMOS5L KLayout DRC runset output at: /work/out/in_GC_ARRAY_32x38_sealring.lyrdb
2026-10-06 01:14:03 +0000: Memory Usage (420864K) : tables selected: sealring
2026-10-06 01:14:03 +0000: Memory Usage (428064K) : Starting general IHP-SG13CMOS5L derivations.
2026-10-06 01:14:03 +0000: Memory Usage (428064K) : Starting IHP-SG13CMOS5L DRC rules.
2026-10-06 01:13:58 +0000: Memory Usage (420332K) : Starting running IHP-SG13CMOS5L Klayout DRC maximum runset on /work/in.gds
2026-10-06 01:13:58 +0000: Memory Usage (421388K) : IHP-SG13CMOS5L Klayout DRC maximum runset output at: /work/out/in_GC_ARRAY_32x38_sg13cmos5l_maximal.lyrdb
2026-10-06 01:14:00 +0000: Memory Usage (422208K) : Starting running IHP-SG13CMOS5L KLayout DRC runset on /work/in.gds
2026-10-06 01:14:00 +0000: Memory Usage (423076K) : IHP-SG13CMOS5L KLayout DRC runset output at: /work/out/in_GC_ARRAY_32x38_thickgateox.lyrdb
2026-10-06 01:14:00 +0000: Memory Usage (423076K) : tables selected: thickgateox
2026-10-06 01:14:00 +0000: Memory Usage (430220K) : Starting general IHP-SG13CMOS5L derivations.
2026-10-06 01:14:00 +0000: Memory Usage (430220K) : Starting IHP-SG13CMOS5L DRC rules.
2026-10-06 01:14:06 +0000: Memory Usage (422104K) : Starting running IHP-SG13CMOS5L KLayout DRC runset on /work/in.gds
2026-10-06 01:14:06 +0000: Memory Usage (422980K) : IHP-SG13CMOS5L KLayout DRC runset output at: /work/out/in_GC_ARRAY_32x38_topmetal1filler.lyrdb
2026-10-06 01:14:06 +0000: Memory Usage (422980K) : tables selected: topmetal1filler
2026-10-06 01:14:06 +0000: Memory Usage (430068K) : Starting general IHP-SG13CMOS5L derivations.
2026-10-06 01:14:06 +0000: Memory Usage (430068K) : Starting IHP-SG13CMOS5L DRC rules.
2026-10-06 01:14:04 +0000: Memory Usage (420236K) : Starting running IHP-SG13CMOS5L KLayout DRC runset on /work/in.gds
2026-10-06 01:14:04 +0000: Memory Usage (421068K) : IHP-SG13CMOS5L KLayout DRC runset output at: /work/out/in_GC_ARRAY_32x38_topmetal1.lyrdb
2026-10-06 01:14:04 +0000: Memory Usage (421068K) : tables selected: topmetal1
2026-10-06 01:14:05 +0000: Memory Usage (428164K) : Starting general IHP-SG13CMOS5L derivations.
2026-10-06 01:14:05 +0000: Memory Usage (428164K) : Starting IHP-SG13CMOS5L DRC rules.
2026-10-06 01:14:03 +0000: Memory Usage (420564K) : Starting running IHP-SG13CMOS5L KLayout DRC runset on /work/in.gds
2026-10-06 01:14:03 +0000: Memory Usage (421452K) : IHP-SG13CMOS5L KLayout DRC runset output at: /work/out/in_GC_ARRAY_32x38_topvia1.lyrdb
2026-10-06 01:14:03 +0000: Memory Usage (421452K) : tables selected: topvia1
2026-10-06 01:14:03 +0000: Memory Usage (428596K) : Starting general IHP-SG13CMOS5L derivations.
2026-10-06 01:14:03 +0000: Memory Usage (428596K) : Starting IHP-SG13CMOS5L DRC rules.
2026-10-06 01:14:07 +0000: Memory Usage (421236K) : Starting running IHP-SG13CMOS5L KLayout DRC runset on /work/in.gds
2026-10-06 01:14:07 +0000: Memory Usage (422112K) : IHP-SG13CMOS5L KLayout DRC runset output at: /work/out/in_GC_ARRAY_32x38_via1.lyrdb
2026-10-06 01:14:07 +0000: Memory Usage (422112K) : tables selected: via1
2026-10-06 01:14:07 +0000: Memory Usage (428988K) : Starting general IHP-SG13CMOS5L derivations.
2026-10-06 01:14:07 +0000: Memory Usage (428988K) : Starting IHP-SG13CMOS5L DRC rules.
2026-10-06 01:14:05 +0000: Memory Usage (421924K) : Starting running IHP-SG13CMOS5L KLayout DRC runset on /work/in.gds
2026-10-06 01:14:05 +0000: Memory Usage (422792K) : IHP-SG13CMOS5L KLayout DRC runset output at: /work/out/in_GC_ARRAY_32x38_vian.lyrdb
2026-10-06 01:14:05 +0000: Memory Usage (422792K) : tables selected: vian
2026-10-06 01:14:05 +0000: Memory Usage (429940K) : Starting general IHP-SG13CMOS5L derivations.
2026-10-06 01:14:05 +0000: Memory Usage (429940K) : Starting IHP-SG13CMOS5L DRC rules.
