abutment boxes: 43 cells' prBoundary equals the LEF ORIGIN/SIZE box, 0 differ
placements: GDS 73133 standard-cell and macro references (2 macros; orientations N 36410 FS 36723), DEF 73133 components of the library and macros (2 macros)
placements: 73133 of 73133 match a DEF component by (master, x, y, orientation); with the GDS origin taken as the DEF position, 36410 would
names: 27775 of 27775 extracted instances named from the DEF (0 not)
supplies: 2 extracted supply nets (by top-level label VPWR/VGND) left out
nets vs DEF: pins on no wire, set aside: 146 in the extraction (clkload101/Y clkload93/X clkload98/Y clkload94/Y clkload100/Y clkload84/Y clkload85/Y clkload80/Y clkload81/Y clkload96/Y clkload86/Y clkload95/Y clkload82/Y clkload83/Y clkload106/Y clkload91/Y clkload105/Y clkload92/Y clkload107/Y clkload104/Y clkload99/X clkload97/Y clkload108/Y clkload5/X clkload109/X clkload133/X clkload110/Y clkload137/Y clkload32/Y clkload27/Y clkload28/X clkload25/Y clkload31/Y clkload26/Y clkload30/Y clkload14/Y clkload15/Y clkload9/Y clkload13/Y clkload11/Y clkload10/Y clkload16/Y clkload19/Y clkload18/Y clkload12/Y clkload0/X clkload21/Y clkload29/Y clkload37/Y clkload41/Y clkload24/Y clkload33/Y clkload34/X clkload1/X clkload40/Y clkload35/Y clkload39/Y clkload38/Y clkload79/Y clkload87/Y clkload22/Y clkload36/Y clkload66/Y clkload69/Y clkload70/Y clkload3/X clkload76/Y clkload20/Y clkload23/X clkload43/Y clkload44/Y clkload42/Y clkload45/Y clkload47/Y clkload46/Y clkload48/X clkload49/X clkload61/Y clkload62/Y clkload2/X clkload51/X clkload52/Y clkload53/Y clkload57/Y clkload54/Y clkload50/Y clkload55/X clkload56/X clkload63/X clkload64/Y clkload60/Y clkload58/X clkload59/Y clkload77/Y clkload75/Y clkload68/Y clkload65/Y clkload71/Y clkload78/Y clkload72/Y clkload67/Y clkload74/Y clkload73/Y clkload135/Y clkload136/X clkload134/Y clkload7/X clkload130/Y clkload131/Y clkload141/Y clkload132/Y clkload120/X clkload140/Y clkload145/Y clkload142/Y clkload8/X clkload102/Y clkload89/Y clkload115/Y clkload4/X clkload88/Y clkload90/Y clkload114/Y clkload121/X clkload111/Y clkload113/X clkload123/Y clkload122/Y clkload125/Y clkload126/Y clkload124/Y clkload112/Y clkload129/Y clkload127/Y clkload128/Y clkload6/X clkload144/X clkload138/Y clkload143/Y clkload116/Y clkload117/Y clkload139/Y clkload118/X clkload119/Y clkload103/Y clkload17/Y), 0 in the record
nets vs DEF: extraction 27515 nets (3 single-endpoint) over 86514 endpoints; record 27514 nets (1 single-endpoint) over 86514 endpoints
nets vs DEF: 27513 nets identical as endpoint sets; 2 only in the extraction, 1 only in the record; 1 record nets split, 0 extracted nets merge record nets
nets vs DEF: 0 endpoints only in the record, 0 only in the extraction
    only in the extraction: hold4966/X
    only in the extraction: chip.sram_1024x8/A_ADDR[4]
    only in the record: chip.sram_1024x8/A_ADDR[4] hold4966/X
nl.v: 73133 instances, 4 assign statements, 0 constant connections
nets vs nl.v: pins on no wire, set aside: 146 in the extraction (clkload101/Y clkload93/X clkload98/Y clkload94/Y clkload100/Y clkload84/Y clkload85/Y clkload80/Y clkload81/Y clkload96/Y clkload86/Y clkload95/Y clkload82/Y clkload83/Y clkload106/Y clkload91/Y clkload105/Y clkload92/Y clkload107/Y clkload104/Y clkload99/X clkload97/Y clkload108/Y clkload5/X clkload109/X clkload133/X clkload110/Y clkload137/Y clkload32/Y clkload27/Y clkload28/X clkload25/Y clkload31/Y clkload26/Y clkload30/Y clkload14/Y clkload15/Y clkload9/Y clkload13/Y clkload11/Y clkload10/Y clkload16/Y clkload19/Y clkload18/Y clkload12/Y clkload0/X clkload21/Y clkload29/Y clkload37/Y clkload41/Y clkload24/Y clkload33/Y clkload34/X clkload1/X clkload40/Y clkload35/Y clkload39/Y clkload38/Y clkload79/Y clkload87/Y clkload22/Y clkload36/Y clkload66/Y clkload69/Y clkload70/Y clkload3/X clkload76/Y clkload20/Y clkload23/X clkload43/Y clkload44/Y clkload42/Y clkload45/Y clkload47/Y clkload46/Y clkload48/X clkload49/X clkload61/Y clkload62/Y clkload2/X clkload51/X clkload52/Y clkload53/Y clkload57/Y clkload54/Y clkload50/Y clkload55/X clkload56/X clkload63/X clkload64/Y clkload60/Y clkload58/X clkload59/Y clkload77/Y clkload75/Y clkload68/Y clkload65/Y clkload71/Y clkload78/Y clkload72/Y clkload67/Y clkload74/Y clkload73/Y clkload135/Y clkload136/X clkload134/Y clkload7/X clkload130/Y clkload131/Y clkload141/Y clkload132/Y clkload120/X clkload140/Y clkload145/Y clkload142/Y clkload8/X clkload102/Y clkload89/Y clkload115/Y clkload4/X clkload88/Y clkload90/Y clkload114/Y clkload121/X clkload111/Y clkload113/X clkload123/Y clkload122/Y clkload125/Y clkload126/Y clkload124/Y clkload112/Y clkload129/Y clkload127/Y clkload128/Y clkload6/X clkload144/X clkload138/Y clkload143/Y clkload116/Y clkload117/Y clkload139/Y clkload118/X clkload119/Y clkload103/Y clkload17/Y), 0 in the record
nets vs nl.v: extraction 27515 nets (3 single-endpoint) over 86514 endpoints; record 27514 nets (1 single-endpoint) over 86514 endpoints
nets vs nl.v: 27513 nets identical as endpoint sets; 2 only in the extraction, 1 only in the record; 1 record nets split, 0 extracted nets merge record nets
nets vs nl.v: 0 endpoints only in the record, 0 only in the extraction
    only in the extraction: hold4966/X
    only in the extraction: chip.sram_1024x8/A_ADDR[4]
    only in the record: chip.sram_1024x8/A_ADDR[4] hold4966/X
COMPARISON DIFFERS
