gates: 27775 instances, 27662 nets; structural check: 0 errors
gates: 57595 primitive gates, 2519 flip-flops, 2 macros; clock edges: 2479 rising, 42 falling, 0 unresolved
mode two-edge, layout 1,1,1,1, 3 trials x 8000 clocks, seed 7; set up in 13.1 s
trial 0: 548 mismatching half-clocks; 77 transactions; 48 read-back bytes checked, 16 wrong; toggle rate 0.01
trial 1: 326 mismatching half-clocks; 81 transactions; 28 read-back bytes checked, 9 wrong; toggle rate 0.50
trial 2: 572 mismatching half-clocks; 77 transactions; 46 read-back bytes checked, 18 wrong; toggle rate 0.50
  first mismatches: trial 0 clock 6132 rise: gates 800648, RTL 800e48 (differ 000800)
  first mismatches: trial 0 clock 6132 fall: gates 800648, RTL 800e48 (differ 000800)
  first mismatches: trial 0 clock 6133 rise: gates 800615, RTL 800e15 (differ 000800)
  first mismatches: trial 0 clock 6133 fall: gates 800615, RTL 800e15 (differ 000800)
  first mismatches: trial 0 clock 6134 rise: gates 800648, RTL 800e48 (differ 000800)
  first mismatches: trial 0 clock 6134 fall: gates 800648, RTL 800e48 (differ 000800)
  first mismatches: trial 0 clock 6135 rise: gates 800615, RTL 800e15 (differ 000800)
  first mismatches: trial 0 clock 6135 fall: gates 800615, RTL 800e15 (differ 000800)
  first mismatches: trial 0 clock 6136 rise: gates 800648, RTL 800e48 (differ 000800)
  first mismatches: trial 0 clock 6136 fall: gates 800648, RTL 800e48 (differ 000800)
macro u12716@12.00,231.34/RM_IHPSG13_1P_512x16_c2_bm_bist: 105 writes, 23895 reads, 0 edges with BIST enabled
macro u27541@1136.00,376.46/RM_IHPSG13_1P_1024x8_c2_bm_bist: 79 writes, 23921 reads, 0 edges with BIST enabled
flip-flops whose output changed: 955 of 2477 on the rising edge, 41 of 42 on the falling edge
  falling u13393@333.60,374.22/sg13cmos5l_dfrbpq_1: 3740 changes
  falling u13455@352.32,366.66/sg13cmos5l_dfrbpq_1: 2442 changes
  falling u15506@111.36,427.14/sg13cmos5l_dfrbpq_1: 2579 changes
  falling u16105@85.44,502.74/sg13cmos5l_dfrbpq_1: 178 changes
  falling u16206@79.20,464.94/sg13cmos5l_dfrbpq_1: 2494 changes
  falling u16211@70.56,449.82/sg13cmos5l_dfrbpq_1: 3194 changes
  falling u16212@72.00,487.62/sg13cmos5l_dfrbpq_1: 186 changes
  falling u16646@248.16,517.86/sg13cmos5l_dfrbpq_1: 756 changes
  falling u16789@42.24,442.26/sg13cmos5l_dfrbpq_1: 0 changes
  falling u17062@163.68,616.14/sg13cmos5l_dfrbpq_1: 8053 changes
  falling u17802@145.44,616.14/sg13cmos5l_dfrbpq_1: 8056 changes
  falling u17811@143.52,608.58/sg13cmos5l_dfrbpq_1: 4270 changes
  falling u17892@148.32,638.82/sg13cmos5l_dfrbpq_1: 1543 changes
  falling u17898@136.32,631.26/sg13cmos5l_dfrbpq_1: 184 changes
  falling u17948@144.00,646.38/sg13cmos5l_dfrbpq_1: 1473 changes
  falling u17950@123.36,646.38/sg13cmos5l_dfrbpq_1: 184 changes
  falling u17963@140.64,661.50/sg13cmos5l_dfrbpq_1: 1148 changes
  falling u18122@127.20,669.06/sg13cmos5l_dfrbpq_1: 1148 changes
  falling u18179@246.72,653.94/sg13cmos5l_dfrbpq_1: 8128 changes
  falling u18192@263.04,653.94/sg13cmos5l_dfrbpq_1: 8123 changes
  falling u18229@283.20,646.38/sg13cmos5l_dfrbpq_1: 8288 changes
  falling u18231@276.96,653.94/sg13cmos5l_dfrbpq_1: 8166 changes
  falling u18232@295.20,646.38/sg13cmos5l_dfrbpq_1: 8159 changes
  falling u18277@173.28,631.26/sg13cmos5l_dfrbpq_1: 1543 changes
  falling u18287@184.80,646.38/sg13cmos5l_dfrbpq_1: 8180 changes
  falling u18289@167.04,653.94/sg13cmos5l_dfrbpq_1: 8181 changes
  falling u18300@170.88,661.50/sg13cmos5l_dfrbpq_1: 8258 changes
  falling u18307@189.60,653.94/sg13cmos5l_dfrbpq_1: 8253 changes
  falling u18329@217.92,661.50/sg13cmos5l_dfrbpq_1: 8068 changes
  falling u18333@211.20,653.94/sg13cmos5l_dfrbpq_1: 8146 changes
  falling u18369@187.68,669.06/sg13cmos5l_dfrbpq_1: 1219 changes
  falling u18404@202.08,669.06/sg13cmos5l_dfrbpq_1: 8074 changes
  falling u18430@302.88,669.06/sg13cmos5l_dfrbpq_1: 8144 changes
  falling u18457@269.76,669.06/sg13cmos5l_dfrbpq_1: 8294 changes
  falling u18459@253.92,669.06/sg13cmos5l_dfrbpq_1: 8130 changes
  falling u18468@234.72,638.82/sg13cmos5l_dfrbpq_1: 8144 changes
  falling u18478@231.36,669.06/sg13cmos5l_dfrbpq_1: 8128 changes
  falling u18479@165.12,669.06/sg13cmos5l_dfrbpq_1: 1219 changes
  falling u18531@158.88,646.38/sg13cmos5l_dfrbpq_1: 1473 changes
  falling u18534@159.36,608.58/sg13cmos5l_dfrbpq_1: 4269 changes
  falling u20660@320.16,669.06/sg13cmos5l_dfrbpq_1: 8139 changes
  falling u20664@240.96,532.98/sg13cmos5l_dfrbpq_1: 1944 changes
output pins that never toggled: 5 of 24 (uo_out[1] uio_out[4] uio_out[5] uio_oe[4] uio_oe[5])
235 transactions; read-back through the pins: 122 bytes checked against what was written, 43 wrong
two-edge: 3 trials x 8000 clocks, 48000 compared output words, 1446 mismatching (52 s, 460 clocks/s)
