
Cell sg13cmos5l_decap_8 (0) disconnected node: VDD
Cell sg13cmos5l_decap_8 (0) disconnected node: VSS

Subcircuit pins:
Circuit 1: sg13cmos5l_decap_8              |Circuit 2: sg13cmos5l_decap_8              
-------------------------------------------|-------------------------------------------
VDD                                        |VDD                                        
VSS                                        |VSS                                        
---------------------------------------------------------------------------------------
Cell pin lists are equivalent.
Device classes sg13cmos5l_decap_8 and sg13cmos5l_decap_8 are equivalent.

Cell sg13cmos5l_dlygate4sd3_1 (0) disconnected node: X
Cell sg13cmos5l_dlygate4sd3_1 (0) disconnected node: A
Cell sg13cmos5l_dlygate4sd3_1 (0) disconnected node: VDD
Cell sg13cmos5l_dlygate4sd3_1 (0) disconnected node: VSS

Subcircuit pins:
Circuit 1: sg13cmos5l_dlygate4sd3_1        |Circuit 2: sg13cmos5l_dlygate4sd3_1        
-------------------------------------------|-------------------------------------------
X                                          |X                                          
A                                          |A                                          
VDD                                        |VDD                                        
VSS                                        |VSS                                        
---------------------------------------------------------------------------------------
Cell pin lists are equivalent.
Device classes sg13cmos5l_dlygate4sd3_1 and sg13cmos5l_dlygate4sd3_1 are equivalent.

Cell sg13cmos5l_decap_4 (0) disconnected node: VDD
Cell sg13cmos5l_decap_4 (0) disconnected node: VSS

Subcircuit pins:
Circuit 1: sg13cmos5l_decap_4              |Circuit 2: sg13cmos5l_decap_4              
-------------------------------------------|-------------------------------------------
VDD                                        |VDD                                        
VSS                                        |VSS                                        
---------------------------------------------------------------------------------------
Cell pin lists are equivalent.
Device classes sg13cmos5l_decap_4 and sg13cmos5l_decap_4 are equivalent.

Cell sg13cmos5l_fill_2 (0) disconnected node: VDD
Cell sg13cmos5l_fill_2 (0) disconnected node: VSS
Cell sg13cmos5l_fill_2 (1) disconnected node: VDD
Cell sg13cmos5l_fill_2 (1) disconnected node: VSS

Subcircuit pins:
Circuit 1: sg13cmos5l_fill_2               |Circuit 2: sg13cmos5l_fill_2               
-------------------------------------------|-------------------------------------------
VDD                                        |VDD                                        
VSS                                        |VSS                                        
---------------------------------------------------------------------------------------
Cell pin lists are equivalent.
Device classes sg13cmos5l_fill_2 and sg13cmos5l_fill_2 are equivalent.

Cell sg13cmos5l_dfrbpq_1 (0) disconnected node: Q
Cell sg13cmos5l_dfrbpq_1 (0) disconnected node: CLK
Cell sg13cmos5l_dfrbpq_1 (0) disconnected node: D
Cell sg13cmos5l_dfrbpq_1 (0) disconnected node: RESET_B
Cell sg13cmos5l_dfrbpq_1 (0) disconnected node: VDD
Cell sg13cmos5l_dfrbpq_1 (0) disconnected node: VSS

Subcircuit pins:
Circuit 1: sg13cmos5l_dfrbpq_1             |Circuit 2: sg13cmos5l_dfrbpq_1             
-------------------------------------------|-------------------------------------------
Q                                          |Q                                          
CLK                                        |CLK                                        
D                                          |D                                          
RESET_B                                    |RESET_B                                    
VDD                                        |VDD                                        
VSS                                        |VSS                                        
---------------------------------------------------------------------------------------
Cell pin lists are equivalent.
Device classes sg13cmos5l_dfrbpq_1 and sg13cmos5l_dfrbpq_1 are equivalent.

Cell sg13cmos5l_o21ai_1 (0) disconnected node: Y
Cell sg13cmos5l_o21ai_1 (0) disconnected node: A1
Cell sg13cmos5l_o21ai_1 (0) disconnected node: A2
Cell sg13cmos5l_o21ai_1 (0) disconnected node: B1
Cell sg13cmos5l_o21ai_1 (0) disconnected node: VDD
Cell sg13cmos5l_o21ai_1 (0) disconnected node: VSS

Subcircuit pins:
Circuit 1: sg13cmos5l_o21ai_1              |Circuit 2: sg13cmos5l_o21ai_1              
-------------------------------------------|-------------------------------------------
Y                                          |Y                                          
A1                                         |A1                                         
A2                                         |A2                                         
B1                                         |B1                                         
VDD                                        |VDD                                        
VSS                                        |VSS                                        
---------------------------------------------------------------------------------------
Cell pin lists are equivalent.
Device classes sg13cmos5l_o21ai_1 and sg13cmos5l_o21ai_1 are equivalent.

Cell sg13cmos5l_fill_1 (0) disconnected node: VDD
Cell sg13cmos5l_fill_1 (0) disconnected node: VSS
Cell sg13cmos5l_fill_1 (1) disconnected node: VDD
Cell sg13cmos5l_fill_1 (1) disconnected node: VSS

Subcircuit pins:
Circuit 1: sg13cmos5l_fill_1               |Circuit 2: sg13cmos5l_fill_1               
-------------------------------------------|-------------------------------------------
VDD                                        |VDD                                        
VSS                                        |VSS                                        
---------------------------------------------------------------------------------------
Cell pin lists are equivalent.
Device classes sg13cmos5l_fill_1 and sg13cmos5l_fill_1 are equivalent.

Cell sg13cmos5l_tielo (0) disconnected node: L_LO
Cell sg13cmos5l_tielo (0) disconnected node: VDD
Cell sg13cmos5l_tielo (0) disconnected node: VSS

Subcircuit pins:
Circuit 1: sg13cmos5l_tielo                |Circuit 2: sg13cmos5l_tielo                
-------------------------------------------|-------------------------------------------
L_LO                                       |L_LO                                       
VDD                                        |VDD                                        
VSS                                        |VSS                                        
---------------------------------------------------------------------------------------
Cell pin lists are equivalent.
Device classes sg13cmos5l_tielo and sg13cmos5l_tielo are equivalent.

Cell sg13cmos5l_tiehi (0) disconnected node: L_HI
Cell sg13cmos5l_tiehi (0) disconnected node: VDD
Cell sg13cmos5l_tiehi (0) disconnected node: VSS

Subcircuit pins:
Circuit 1: sg13cmos5l_tiehi                |Circuit 2: sg13cmos5l_tiehi                
-------------------------------------------|-------------------------------------------
L_HI                                       |L_HI                                       
VDD                                        |VDD                                        
VSS                                        |VSS                                        
---------------------------------------------------------------------------------------
Cell pin lists are equivalent.
Device classes sg13cmos5l_tiehi and sg13cmos5l_tiehi are equivalent.

Cell sg13cmos5l_and2_1 (0) disconnected node: X
Cell sg13cmos5l_and2_1 (0) disconnected node: A
Cell sg13cmos5l_and2_1 (0) disconnected node: B
Cell sg13cmos5l_and2_1 (0) disconnected node: VDD
Cell sg13cmos5l_and2_1 (0) disconnected node: VSS

Subcircuit pins:
Circuit 1: sg13cmos5l_and2_1               |Circuit 2: sg13cmos5l_and2_1               
-------------------------------------------|-------------------------------------------
X                                          |X                                          
A                                          |A                                          
B                                          |B                                          
VDD                                        |VDD                                        
VSS                                        |VSS                                        
---------------------------------------------------------------------------------------
Cell pin lists are equivalent.
Device classes sg13cmos5l_and2_1 and sg13cmos5l_and2_1 are equivalent.

Cell sg13cmos5l_inv_1 (0) disconnected node: Y
Cell sg13cmos5l_inv_1 (0) disconnected node: A
Cell sg13cmos5l_inv_1 (0) disconnected node: VDD
Cell sg13cmos5l_inv_1 (0) disconnected node: VSS

Subcircuit pins:
Circuit 1: sg13cmos5l_inv_1                |Circuit 2: sg13cmos5l_inv_1                
-------------------------------------------|-------------------------------------------
Y                                          |Y                                          
A                                          |A                                          
VDD                                        |VDD                                        
VSS                                        |VSS                                        
---------------------------------------------------------------------------------------
Cell pin lists are equivalent.
Device classes sg13cmos5l_inv_1 and sg13cmos5l_inv_1 are equivalent.

Cell sg13cmos5l_a21oi_1 (0) disconnected node: Y
Cell sg13cmos5l_a21oi_1 (0) disconnected node: A1
Cell sg13cmos5l_a21oi_1 (0) disconnected node: A2
Cell sg13cmos5l_a21oi_1 (0) disconnected node: B1
Cell sg13cmos5l_a21oi_1 (0) disconnected node: VDD
Cell sg13cmos5l_a21oi_1 (0) disconnected node: VSS

Subcircuit pins:
Circuit 1: sg13cmos5l_a21oi_1              |Circuit 2: sg13cmos5l_a21oi_1              
-------------------------------------------|-------------------------------------------
Y                                          |Y                                          
A1                                         |A1                                         
A2                                         |A2                                         
B1                                         |B1                                         
VDD                                        |VDD                                        
VSS                                        |VSS                                        
---------------------------------------------------------------------------------------
Cell pin lists are equivalent.
Device classes sg13cmos5l_a21oi_1 and sg13cmos5l_a21oi_1 are equivalent.

Cell sg13cmos5l_nor4_1 (0) disconnected node: Y
Cell sg13cmos5l_nor4_1 (0) disconnected node: A
Cell sg13cmos5l_nor4_1 (0) disconnected node: B
Cell sg13cmos5l_nor4_1 (0) disconnected node: C
Cell sg13cmos5l_nor4_1 (0) disconnected node: D
Cell sg13cmos5l_nor4_1 (0) disconnected node: VDD
Cell sg13cmos5l_nor4_1 (0) disconnected node: VSS

Subcircuit pins:
Circuit 1: sg13cmos5l_nor4_1               |Circuit 2: sg13cmos5l_nor4_1               
-------------------------------------------|-------------------------------------------
Y                                          |Y                                          
A                                          |A                                          
B                                          |B                                          
C                                          |C                                          
D                                          |D                                          
VDD                                        |VDD                                        
VSS                                        |VSS                                        
---------------------------------------------------------------------------------------
Cell pin lists are equivalent.
Device classes sg13cmos5l_nor4_1 and sg13cmos5l_nor4_1 are equivalent.

Cell sg13cmos5l_nor2_1 (0) disconnected node: Y
Cell sg13cmos5l_nor2_1 (0) disconnected node: A
Cell sg13cmos5l_nor2_1 (0) disconnected node: B
Cell sg13cmos5l_nor2_1 (0) disconnected node: VDD
Cell sg13cmos5l_nor2_1 (0) disconnected node: VSS

Subcircuit pins:
Circuit 1: sg13cmos5l_nor2_1               |Circuit 2: sg13cmos5l_nor2_1               
-------------------------------------------|-------------------------------------------
Y                                          |Y                                          
A                                          |A                                          
B                                          |B                                          
VDD                                        |VDD                                        
VSS                                        |VSS                                        
---------------------------------------------------------------------------------------
Cell pin lists are equivalent.
Device classes sg13cmos5l_nor2_1 and sg13cmos5l_nor2_1 are equivalent.

Cell sg13cmos5l_buf_8 (0) disconnected node: X
Cell sg13cmos5l_buf_8 (0) disconnected node: A
Cell sg13cmos5l_buf_8 (0) disconnected node: VDD
Cell sg13cmos5l_buf_8 (0) disconnected node: VSS

Subcircuit pins:
Circuit 1: sg13cmos5l_buf_8                |Circuit 2: sg13cmos5l_buf_8                
-------------------------------------------|-------------------------------------------
X                                          |X                                          
A                                          |A                                          
VDD                                        |VDD                                        
VSS                                        |VSS                                        
---------------------------------------------------------------------------------------
Cell pin lists are equivalent.
Device classes sg13cmos5l_buf_8 and sg13cmos5l_buf_8 are equivalent.

Cell sg13cmos5l_nand2b_1 (0) disconnected node: Y
Cell sg13cmos5l_nand2b_1 (0) disconnected node: A_N
Cell sg13cmos5l_nand2b_1 (0) disconnected node: B
Cell sg13cmos5l_nand2b_1 (0) disconnected node: VDD
Cell sg13cmos5l_nand2b_1 (0) disconnected node: VSS

Subcircuit pins:
Circuit 1: sg13cmos5l_nand2b_1             |Circuit 2: sg13cmos5l_nand2b_1             
-------------------------------------------|-------------------------------------------
Y                                          |Y                                          
A_N                                        |A_N                                        
B                                          |B                                          
VDD                                        |VDD                                        
VSS                                        |VSS                                        
---------------------------------------------------------------------------------------
Cell pin lists are equivalent.
Device classes sg13cmos5l_nand2b_1 and sg13cmos5l_nand2b_1 are equivalent.

Cell sg13cmos5l_nand4_1 (0) disconnected node: Y
Cell sg13cmos5l_nand4_1 (0) disconnected node: A
Cell sg13cmos5l_nand4_1 (0) disconnected node: B
Cell sg13cmos5l_nand4_1 (0) disconnected node: C
Cell sg13cmos5l_nand4_1 (0) disconnected node: D
Cell sg13cmos5l_nand4_1 (0) disconnected node: VDD
Cell sg13cmos5l_nand4_1 (0) disconnected node: VSS

Subcircuit pins:
Circuit 1: sg13cmos5l_nand4_1              |Circuit 2: sg13cmos5l_nand4_1              
-------------------------------------------|-------------------------------------------
Y                                          |Y                                          
A                                          |A                                          
B                                          |B                                          
C                                          |C                                          
D                                          |D                                          
VDD                                        |VDD                                        
VSS                                        |VSS                                        
---------------------------------------------------------------------------------------
Cell pin lists are equivalent.
Device classes sg13cmos5l_nand4_1 and sg13cmos5l_nand4_1 are equivalent.

Cell sg13cmos5l_nand2_1 (0) disconnected node: Y
Cell sg13cmos5l_nand2_1 (0) disconnected node: A
Cell sg13cmos5l_nand2_1 (0) disconnected node: B
Cell sg13cmos5l_nand2_1 (0) disconnected node: VDD
Cell sg13cmos5l_nand2_1 (0) disconnected node: VSS

Subcircuit pins:
Circuit 1: sg13cmos5l_nand2_1              |Circuit 2: sg13cmos5l_nand2_1              
-------------------------------------------|-------------------------------------------
Y                                          |Y                                          
A                                          |A                                          
B                                          |B                                          
VDD                                        |VDD                                        
VSS                                        |VSS                                        
---------------------------------------------------------------------------------------
Cell pin lists are equivalent.
Device classes sg13cmos5l_nand2_1 and sg13cmos5l_nand2_1 are equivalent.

Cell sg13cmos5l_a22oi_1 (0) disconnected node: Y
Cell sg13cmos5l_a22oi_1 (0) disconnected node: A1
Cell sg13cmos5l_a22oi_1 (0) disconnected node: A2
Cell sg13cmos5l_a22oi_1 (0) disconnected node: B1
Cell sg13cmos5l_a22oi_1 (0) disconnected node: B2
Cell sg13cmos5l_a22oi_1 (0) disconnected node: VDD
Cell sg13cmos5l_a22oi_1 (0) disconnected node: VSS

Subcircuit pins:
Circuit 1: sg13cmos5l_a22oi_1              |Circuit 2: sg13cmos5l_a22oi_1              
-------------------------------------------|-------------------------------------------
Y                                          |Y                                          
A1                                         |A1                                         
A2                                         |A2                                         
B1                                         |B1                                         
B2                                         |B2                                         
VDD                                        |VDD                                        
VSS                                        |VSS                                        
---------------------------------------------------------------------------------------
Cell pin lists are equivalent.
Device classes sg13cmos5l_a22oi_1 and sg13cmos5l_a22oi_1 are equivalent.

Cell RM_IHPSG13_1P_512x16_c2_bm_bist (0) disconnected node: A_DIN[8]
Cell RM_IHPSG13_1P_512x16_c2_bm_bist (0) disconnected node: A_DIN[7]
Cell RM_IHPSG13_1P_512x16_c2_bm_bist (0) disconnected node: A_BIST_DIN[8]
Cell RM_IHPSG13_1P_512x16_c2_bm_bist (0) disconnected node: A_BIST_DIN[7]
Cell RM_IHPSG13_1P_512x16_c2_bm_bist (0) disconnected node: A_BM[8]
Cell RM_IHPSG13_1P_512x16_c2_bm_bist (0) disconnected node: A_BM[7]
Cell RM_IHPSG13_1P_512x16_c2_bm_bist (0) disconnected node: A_BIST_BM[8]
Cell RM_IHPSG13_1P_512x16_c2_bm_bist (0) disconnected node: A_BIST_BM[7]
Cell RM_IHPSG13_1P_512x16_c2_bm_bist (0) disconnected node: A_DOUT[8]
Cell RM_IHPSG13_1P_512x16_c2_bm_bist (0) disconnected node: A_DOUT[7]
Cell RM_IHPSG13_1P_512x16_c2_bm_bist (0) disconnected node: VSS
Cell RM_IHPSG13_1P_512x16_c2_bm_bist (0) disconnected node: VDD
Cell RM_IHPSG13_1P_512x16_c2_bm_bist (0) disconnected node: VDDARRAY
Cell RM_IHPSG13_1P_512x16_c2_bm_bist (0) disconnected node: A_DIN[9]
Cell RM_IHPSG13_1P_512x16_c2_bm_bist (0) disconnected node: A_DIN[6]
Cell RM_IHPSG13_1P_512x16_c2_bm_bist (0) disconnected node: A_BIST_DIN[9]
Cell RM_IHPSG13_1P_512x16_c2_bm_bist (0) disconnected node: A_BIST_DIN[6]
Cell RM_IHPSG13_1P_512x16_c2_bm_bist (0) disconnected node: A_BM[9]
Cell RM_IHPSG13_1P_512x16_c2_bm_bist (0) disconnected node: A_BM[6]
Cell RM_IHPSG13_1P_512x16_c2_bm_bist (0) disconnected node: A_BIST_BM[9]
Cell RM_IHPSG13_1P_512x16_c2_bm_bist (0) disconnected node: A_BIST_BM[6]
Cell RM_IHPSG13_1P_512x16_c2_bm_bist (0) disconnected node: A_DOUT[9]
Cell RM_IHPSG13_1P_512x16_c2_bm_bist (0) disconnected node: A_DOUT[6]
Cell RM_IHPSG13_1P_512x16_c2_bm_bist (0) disconnected node: A_DIN[10]
Cell RM_IHPSG13_1P_512x16_c2_bm_bist (0) disconnected node: A_DIN[5]
Cell RM_IHPSG13_1P_512x16_c2_bm_bist (0) disconnected node: A_BIST_DIN[10]
Cell RM_IHPSG13_1P_512x16_c2_bm_bist (0) disconnected node: A_BIST_DIN[5]
Cell RM_IHPSG13_1P_512x16_c2_bm_bist (0) disconnected node: A_BM[10]
Cell RM_IHPSG13_1P_512x16_c2_bm_bist (0) disconnected node: A_BM[5]
Cell RM_IHPSG13_1P_512x16_c2_bm_bist (0) disconnected node: A_BIST_BM[10]
Cell RM_IHPSG13_1P_512x16_c2_bm_bist (0) disconnected node: A_BIST_BM[5]
Cell RM_IHPSG13_1P_512x16_c2_bm_bist (0) disconnected node: A_DOUT[10]
Cell RM_IHPSG13_1P_512x16_c2_bm_bist (0) disconnected node: A_DOUT[5]
Cell RM_IHPSG13_1P_512x16_c2_bm_bist (0) disconnected node: A_DIN[11]
Cell RM_IHPSG13_1P_512x16_c2_bm_bist (0) disconnected node: A_DIN[4]
Cell RM_IHPSG13_1P_512x16_c2_bm_bist (0) disconnected node: A_BIST_DIN[11]
Cell RM_IHPSG13_1P_512x16_c2_bm_bist (0) disconnected node: A_BIST_DIN[4]
Cell RM_IHPSG13_1P_512x16_c2_bm_bist (0) disconnected node: A_BM[11]
Cell RM_IHPSG13_1P_512x16_c2_bm_bist (0) disconnected node: A_BM[4]
Cell RM_IHPSG13_1P_512x16_c2_bm_bist (0) disconnected node: A_BIST_BM[11]
Cell RM_IHPSG13_1P_512x16_c2_bm_bist (0) disconnected node: A_BIST_BM[4]
Cell RM_IHPSG13_1P_512x16_c2_bm_bist (0) disconnected node: A_DOUT[11]
Cell RM_IHPSG13_1P_512x16_c2_bm_bist (0) disconnected node: A_DOUT[4]
Cell RM_IHPSG13_1P_512x16_c2_bm_bist (0) disconnected node: A_DIN[12]
Cell RM_IHPSG13_1P_512x16_c2_bm_bist (0) disconnected node: A_DIN[3]
Cell RM_IHPSG13_1P_512x16_c2_bm_bist (0) disconnected node: A_BIST_DIN[12]
Cell RM_IHPSG13_1P_512x16_c2_bm_bist (0) disconnected node: A_BIST_DIN[3]
Cell RM_IHPSG13_1P_512x16_c2_bm_bist (0) disconnected node: A_BM[12]
Cell RM_IHPSG13_1P_512x16_c2_bm_bist (0) disconnected node: A_BM[3]
Cell RM_IHPSG13_1P_512x16_c2_bm_bist (0) disconnected node: A_BIST_BM[12]
Cell RM_IHPSG13_1P_512x16_c2_bm_bist (0) disconnected node: A_BIST_BM[3]
Cell RM_IHPSG13_1P_512x16_c2_bm_bist (0) disconnected node: A_DOUT[12]
Cell RM_IHPSG13_1P_512x16_c2_bm_bist (0) disconnected node: A_DOUT[3]
Cell RM_IHPSG13_1P_512x16_c2_bm_bist (0) disconnected node: A_DIN[13]
Cell RM_IHPSG13_1P_512x16_c2_bm_bist (0) disconnected node: A_DIN[2]
Cell RM_IHPSG13_1P_512x16_c2_bm_bist (0) disconnected node: A_BIST_DIN[13]
Cell RM_IHPSG13_1P_512x16_c2_bm_bist (0) disconnected node: A_BIST_DIN[2]
Cell RM_IHPSG13_1P_512x16_c2_bm_bist (0) disconnected node: A_BM[13]
Cell RM_IHPSG13_1P_512x16_c2_bm_bist (0) disconnected node: A_BM[2]
Cell RM_IHPSG13_1P_512x16_c2_bm_bist (0) disconnected node: A_BIST_BM[13]
Cell RM_IHPSG13_1P_512x16_c2_bm_bist (0) disconnected node: A_BIST_BM[2]
Cell RM_IHPSG13_1P_512x16_c2_bm_bist (0) disconnected node: A_DOUT[13]
Cell RM_IHPSG13_1P_512x16_c2_bm_bist (0) disconnected node: A_DOUT[2]
Cell RM_IHPSG13_1P_512x16_c2_bm_bist (0) disconnected node: A_DIN[14]
Cell RM_IHPSG13_1P_512x16_c2_bm_bist (0) disconnected node: A_DIN[1]
Cell RM_IHPSG13_1P_512x16_c2_bm_bist (0) disconnected node: A_BIST_DIN[14]
Cell RM_IHPSG13_1P_512x16_c2_bm_bist (0) disconnected node: A_BIST_DIN[1]
Cell RM_IHPSG13_1P_512x16_c2_bm_bist (0) disconnected node: A_BM[14]
Cell RM_IHPSG13_1P_512x16_c2_bm_bist (0) disconnected node: A_BM[1]
Cell RM_IHPSG13_1P_512x16_c2_bm_bist (0) disconnected node: A_BIST_BM[14]
Cell RM_IHPSG13_1P_512x16_c2_bm_bist (0) disconnected node: A_BIST_BM[1]
Cell RM_IHPSG13_1P_512x16_c2_bm_bist (0) disconnected node: A_DOUT[14]
Cell RM_IHPSG13_1P_512x16_c2_bm_bist (0) disconnected node: A_DOUT[1]
Cell RM_IHPSG13_1P_512x16_c2_bm_bist (0) disconnected node: A_DIN[15]
Cell RM_IHPSG13_1P_512x16_c2_bm_bist (0) disconnected node: A_DIN[0]
Cell RM_IHPSG13_1P_512x16_c2_bm_bist (0) disconnected node: A_BIST_DIN[15]
Cell RM_IHPSG13_1P_512x16_c2_bm_bist (0) disconnected node: A_BIST_DIN[0]
Cell RM_IHPSG13_1P_512x16_c2_bm_bist (0) disconnected node: A_BM[15]
Cell RM_IHPSG13_1P_512x16_c2_bm_bist (0) disconnected node: A_BM[0]
Cell RM_IHPSG13_1P_512x16_c2_bm_bist (0) disconnected node: A_BIST_BM[15]
Cell RM_IHPSG13_1P_512x16_c2_bm_bist (0) disconnected node: A_BIST_BM[0]
Cell RM_IHPSG13_1P_512x16_c2_bm_bist (0) disconnected node: A_DOUT[15]
Cell RM_IHPSG13_1P_512x16_c2_bm_bist (0) disconnected node: A_DOUT[0]
Cell RM_IHPSG13_1P_512x16_c2_bm_bist (0) disconnected node: A_ADDR[0]
Cell RM_IHPSG13_1P_512x16_c2_bm_bist (0) disconnected node: A_BIST_ADDR[0]
Cell RM_IHPSG13_1P_512x16_c2_bm_bist (0) disconnected node: A_ADDR[1]
Cell RM_IHPSG13_1P_512x16_c2_bm_bist (0) disconnected node: A_BIST_ADDR[1]
Cell RM_IHPSG13_1P_512x16_c2_bm_bist (0) disconnected node: A_ADDR[2]
Cell RM_IHPSG13_1P_512x16_c2_bm_bist (0) disconnected node: A_BIST_ADDR[2]
Cell RM_IHPSG13_1P_512x16_c2_bm_bist (0) disconnected node: A_ADDR[3]
Cell RM_IHPSG13_1P_512x16_c2_bm_bist (0) disconnected node: A_BIST_ADDR[3]
Cell RM_IHPSG13_1P_512x16_c2_bm_bist (0) disconnected node: A_ADDR[4]
Cell RM_IHPSG13_1P_512x16_c2_bm_bist (0) disconnected node: A_BIST_ADDR[4]
Cell RM_IHPSG13_1P_512x16_c2_bm_bist (0) disconnected node: A_ADDR[5]
Cell RM_IHPSG13_1P_512x16_c2_bm_bist (0) disconnected node: A_BIST_ADDR[5]
Cell RM_IHPSG13_1P_512x16_c2_bm_bist (0) disconnected node: A_ADDR[6]
Cell RM_IHPSG13_1P_512x16_c2_bm_bist (0) disconnected node: A_BIST_ADDR[6]
Cell RM_IHPSG13_1P_512x16_c2_bm_bist (0) disconnected node: A_ADDR[7]
Cell RM_IHPSG13_1P_512x16_c2_bm_bist (0) disconnected node: A_BIST_ADDR[7]
Cell RM_IHPSG13_1P_512x16_c2_bm_bist (0) disconnected node: A_ADDR[8]
Cell RM_IHPSG13_1P_512x16_c2_bm_bist (0) disconnected node: A_BIST_ADDR[8]
Cell RM_IHPSG13_1P_512x16_c2_bm_bist (0) disconnected node: A_CLK
Cell RM_IHPSG13_1P_512x16_c2_bm_bist (0) disconnected node: A_REN
Cell RM_IHPSG13_1P_512x16_c2_bm_bist (0) disconnected node: A_WEN
Cell RM_IHPSG13_1P_512x16_c2_bm_bist (0) disconnected node: A_MEN
Cell RM_IHPSG13_1P_512x16_c2_bm_bist (0) disconnected node: A_DLY
Cell RM_IHPSG13_1P_512x16_c2_bm_bist (0) disconnected node: A_BIST_EN
Cell RM_IHPSG13_1P_512x16_c2_bm_bist (0) disconnected node: A_BIST_CLK
Cell RM_IHPSG13_1P_512x16_c2_bm_bist (0) disconnected node: A_BIST_REN
Cell RM_IHPSG13_1P_512x16_c2_bm_bist (0) disconnected node: A_BIST_WEN
Cell RM_IHPSG13_1P_512x16_c2_bm_bist (0) disconnected node: A_BIST_MEN

Subcircuit pins:
Circuit 1: RM_IHPSG13_1P_512x16_c2_bm_bist |Circuit 2: RM_IHPSG13_1P_512x16_c2_bm_bist 
-------------------------------------------|-------------------------------------------
A_DIN[8]                                   |A_DIN[8]                                   
A_DIN[7]                                   |A_DIN[7]                                   
A_BIST_DIN[8]                              |A_BIST_DIN[8]                              
A_BIST_DIN[7]                              |A_BIST_DIN[7]                              
A_BM[8]                                    |A_BM[8]                                    
A_BM[7]                                    |A_BM[7]                                    
A_BIST_BM[8]                               |A_BIST_BM[8]                               
A_BIST_BM[7]                               |A_BIST_BM[7]                               
A_DOUT[8]                                  |A_DOUT[8]                                  
A_DOUT[7]                                  |A_DOUT[7]                                  
VSS                                        |\VSS                                       
VDD                                        |\VDD                                       
VDDARRAY                                   |\VDDARRAY                                  
A_DIN[9]                                   |A_DIN[9]                                   
A_DIN[6]                                   |A_DIN[6]                                   
A_BIST_DIN[9]                              |A_BIST_DIN[9]                              
A_BIST_DIN[6]                              |A_BIST_DIN[6]                              
A_BM[9]                                    |A_BM[9]                                    
A_BM[6]                                    |A_BM[6]                                    
A_BIST_BM[9]                               |A_BIST_BM[9]                               
A_BIST_BM[6]                               |A_BIST_BM[6]                               
A_DOUT[9]                                  |A_DOUT[9]                                  
A_DOUT[6]                                  |A_DOUT[6]                                  
A_DIN[10]                                  |A_DIN[10]                                  
A_DIN[5]                                   |A_DIN[5]                                   
A_BIST_DIN[10]                             |A_BIST_DIN[10]                             
A_BIST_DIN[5]                              |A_BIST_DIN[5]                              
A_BM[10]                                   |A_BM[10]                                   
A_BM[5]                                    |A_BM[5]                                    
A_BIST_BM[10]                              |A_BIST_BM[10]                              
A_BIST_BM[5]                               |A_BIST_BM[5]                               
A_DOUT[10]                                 |A_DOUT[10]                                 
A_DOUT[5]                                  |A_DOUT[5]                                  
A_DIN[11]                                  |A_DIN[11]                                  
A_DIN[4]                                   |A_DIN[4]                                   
A_BIST_DIN[11]                             |A_BIST_DIN[11]                             
A_BIST_DIN[4]                              |A_BIST_DIN[4]                              
A_BM[11]                                   |A_BM[11]                                   
A_BM[4]                                    |A_BM[4]                                    
A_BIST_BM[11]                              |A_BIST_BM[11]                              
A_BIST_BM[4]                               |A_BIST_BM[4]                               
A_DOUT[11]                                 |A_DOUT[11]                                 
A_DOUT[4]                                  |A_DOUT[4]                                  
A_DIN[12]                                  |A_DIN[12]                                  
A_DIN[3]                                   |A_DIN[3]                                   
A_BIST_DIN[12]                             |A_BIST_DIN[12]                             
A_BIST_DIN[3]                              |A_BIST_DIN[3]                              
A_BM[12]                                   |A_BM[12]                                   
A_BM[3]                                    |A_BM[3]                                    
A_BIST_BM[12]                              |A_BIST_BM[12]                              
A_BIST_BM[3]                               |A_BIST_BM[3]                               
A_DOUT[12]                                 |A_DOUT[12]                                 
A_DOUT[3]                                  |A_DOUT[3]                                  
A_DIN[13]                                  |A_DIN[13]                                  
A_DIN[2]                                   |A_DIN[2]                                   
A_BIST_DIN[13]                             |A_BIST_DIN[13]                             
A_BIST_DIN[2]                              |A_BIST_DIN[2]                              
A_BM[13]                                   |A_BM[13]                                   
A_BM[2]                                    |A_BM[2]                                    
A_BIST_BM[13]                              |A_BIST_BM[13]                              
A_BIST_BM[2]                               |A_BIST_BM[2]                               
A_DOUT[13]                                 |A_DOUT[13]                                 
A_DOUT[2]                                  |A_DOUT[2]                                  
A_DIN[14]                                  |A_DIN[14]                                  
A_DIN[1]                                   |A_DIN[1]                                   
A_BIST_DIN[14]                             |A_BIST_DIN[14]                             
A_BIST_DIN[1]                              |A_BIST_DIN[1]                              
A_BM[14]                                   |A_BM[14]                                   
A_BM[1]                                    |A_BM[1]                                    
A_BIST_BM[14]                              |A_BIST_BM[14]                              
A_BIST_BM[1]                               |A_BIST_BM[1]                               
A_DOUT[14]                                 |A_DOUT[14]                                 
A_DOUT[1]                                  |A_DOUT[1]                                  
A_DIN[15]                                  |A_DIN[15]                                  
A_DIN[0]                                   |A_DIN[0]                                   
A_BIST_DIN[15]                             |A_BIST_DIN[15]                             
A_BIST_DIN[0]                              |A_BIST_DIN[0]                              
A_BM[15]                                   |A_BM[15]                                   
A_BM[0]                                    |A_BM[0]                                    
A_BIST_BM[15]                              |A_BIST_BM[15]                              
A_BIST_BM[0]                               |A_BIST_BM[0]                               
A_DOUT[15]                                 |A_DOUT[15]                                 
A_DOUT[0]                                  |A_DOUT[0]                                  
A_ADDR[0]                                  |A_ADDR[0]                                  
A_BIST_ADDR[0]                             |A_BIST_ADDR[0]                             
A_ADDR[1]                                  |A_ADDR[1]                                  
A_BIST_ADDR[1]                             |A_BIST_ADDR[1]                             
A_ADDR[2]                                  |A_ADDR[2]                                  
A_BIST_ADDR[2]                             |A_BIST_ADDR[2]                             
A_ADDR[3]                                  |A_ADDR[3]                                  
A_BIST_ADDR[3]                             |A_BIST_ADDR[3]                             
A_ADDR[4]                                  |A_ADDR[4]                                  
A_BIST_ADDR[4]                             |A_BIST_ADDR[4]                             
A_ADDR[5]                                  |A_ADDR[5]                                  
A_BIST_ADDR[5]                             |A_BIST_ADDR[5]                             
A_ADDR[6]                                  |A_ADDR[6]                                  
A_BIST_ADDR[6]                             |A_BIST_ADDR[6]                             
A_ADDR[7]                                  |A_ADDR[7]                                  
A_BIST_ADDR[7]                             |A_BIST_ADDR[7]                             
A_ADDR[8]                                  |A_ADDR[8]                                  
A_BIST_ADDR[8]                             |A_BIST_ADDR[8]                             
A_CLK                                      |A_CLK                                      
A_REN                                      |A_REN                                      
A_WEN                                      |A_WEN                                      
A_MEN                                      |A_MEN                                      
A_DLY                                      |A_DLY                                      
A_BIST_EN                                  |A_BIST_EN                                  
A_BIST_CLK                                 |A_BIST_CLK                                 
A_BIST_REN                                 |A_BIST_REN                                 
A_BIST_WEN                                 |A_BIST_WEN                                 
A_BIST_MEN                                 |A_BIST_MEN                                 
---------------------------------------------------------------------------------------
Cell pin lists are equivalent.
Device classes RM_IHPSG13_1P_512x16_c2_bm_bist and RM_IHPSG13_1P_512x16_c2_bm_bist are equivalent.

Cell sg13cmos5l_buf_1 (0) disconnected node: X
Cell sg13cmos5l_buf_1 (0) disconnected node: A
Cell sg13cmos5l_buf_1 (0) disconnected node: VDD
Cell sg13cmos5l_buf_1 (0) disconnected node: VSS

Subcircuit pins:
Circuit 1: sg13cmos5l_buf_1                |Circuit 2: sg13cmos5l_buf_1                
-------------------------------------------|-------------------------------------------
X                                          |X                                          
A                                          |A                                          
VDD                                        |VDD                                        
VSS                                        |VSS                                        
---------------------------------------------------------------------------------------
Cell pin lists are equivalent.
Device classes sg13cmos5l_buf_1 and sg13cmos5l_buf_1 are equivalent.

Cell sg13cmos5l_nor3_1 (0) disconnected node: Y
Cell sg13cmos5l_nor3_1 (0) disconnected node: A
Cell sg13cmos5l_nor3_1 (0) disconnected node: B
Cell sg13cmos5l_nor3_1 (0) disconnected node: C
Cell sg13cmos5l_nor3_1 (0) disconnected node: VDD
Cell sg13cmos5l_nor3_1 (0) disconnected node: VSS

Subcircuit pins:
Circuit 1: sg13cmos5l_nor3_1               |Circuit 2: sg13cmos5l_nor3_1               
-------------------------------------------|-------------------------------------------
Y                                          |Y                                          
A                                          |A                                          
B                                          |B                                          
C                                          |C                                          
VDD                                        |VDD                                        
VSS                                        |VSS                                        
---------------------------------------------------------------------------------------
Cell pin lists are equivalent.
Device classes sg13cmos5l_nor3_1 and sg13cmos5l_nor3_1 are equivalent.

Cell sg13cmos5l_or2_1 (0) disconnected node: X
Cell sg13cmos5l_or2_1 (0) disconnected node: A
Cell sg13cmos5l_or2_1 (0) disconnected node: B
Cell sg13cmos5l_or2_1 (0) disconnected node: VDD
Cell sg13cmos5l_or2_1 (0) disconnected node: VSS

Subcircuit pins:
Circuit 1: sg13cmos5l_or2_1                |Circuit 2: sg13cmos5l_or2_1                
-------------------------------------------|-------------------------------------------
X                                          |X                                          
A                                          |A                                          
B                                          |B                                          
VDD                                        |VDD                                        
VSS                                        |VSS                                        
---------------------------------------------------------------------------------------
Cell pin lists are equivalent.
Device classes sg13cmos5l_or2_1 and sg13cmos5l_or2_1 are equivalent.

Cell sg13cmos5l_mux4_1 (0) disconnected node: X
Cell sg13cmos5l_mux4_1 (0) disconnected node: A0
Cell sg13cmos5l_mux4_1 (0) disconnected node: A1
Cell sg13cmos5l_mux4_1 (0) disconnected node: A2
Cell sg13cmos5l_mux4_1 (0) disconnected node: A3
Cell sg13cmos5l_mux4_1 (0) disconnected node: S0
Cell sg13cmos5l_mux4_1 (0) disconnected node: S1
Cell sg13cmos5l_mux4_1 (0) disconnected node: VDD
Cell sg13cmos5l_mux4_1 (0) disconnected node: VSS

Subcircuit pins:
Circuit 1: sg13cmos5l_mux4_1               |Circuit 2: sg13cmos5l_mux4_1               
-------------------------------------------|-------------------------------------------
X                                          |X                                          
A0                                         |A0                                         
A1                                         |A1                                         
A2                                         |A2                                         
A3                                         |A3                                         
S0                                         |S0                                         
S1                                         |S1                                         
VDD                                        |VDD                                        
VSS                                        |VSS                                        
---------------------------------------------------------------------------------------
Cell pin lists are equivalent.
Device classes sg13cmos5l_mux4_1 and sg13cmos5l_mux4_1 are equivalent.

Cell sg13cmos5l_a21o_1 (0) disconnected node: X
Cell sg13cmos5l_a21o_1 (0) disconnected node: A1
Cell sg13cmos5l_a21o_1 (0) disconnected node: A2
Cell sg13cmos5l_a21o_1 (0) disconnected node: B1
Cell sg13cmos5l_a21o_1 (0) disconnected node: VDD
Cell sg13cmos5l_a21o_1 (0) disconnected node: VSS

Subcircuit pins:
Circuit 1: sg13cmos5l_a21o_1               |Circuit 2: sg13cmos5l_a21o_1               
-------------------------------------------|-------------------------------------------
X                                          |X                                          
A1                                         |A1                                         
A2                                         |A2                                         
B1                                         |B1                                         
VDD                                        |VDD                                        
VSS                                        |VSS                                        
---------------------------------------------------------------------------------------
Cell pin lists are equivalent.
Device classes sg13cmos5l_a21o_1 and sg13cmos5l_a21o_1 are equivalent.

Cell sg13cmos5l_nand3_1 (0) disconnected node: Y
Cell sg13cmos5l_nand3_1 (0) disconnected node: A
Cell sg13cmos5l_nand3_1 (0) disconnected node: B
Cell sg13cmos5l_nand3_1 (0) disconnected node: C
Cell sg13cmos5l_nand3_1 (0) disconnected node: VDD
Cell sg13cmos5l_nand3_1 (0) disconnected node: VSS

Subcircuit pins:
Circuit 1: sg13cmos5l_nand3_1              |Circuit 2: sg13cmos5l_nand3_1              
-------------------------------------------|-------------------------------------------
Y                                          |Y                                          
A                                          |A                                          
B                                          |B                                          
C                                          |C                                          
VDD                                        |VDD                                        
VSS                                        |VSS                                        
---------------------------------------------------------------------------------------
Cell pin lists are equivalent.
Device classes sg13cmos5l_nand3_1 and sg13cmos5l_nand3_1 are equivalent.

Cell RM_IHPSG13_1P_1024x8_c2_bm_bist (0) disconnected node: A_DIN[4]
Cell RM_IHPSG13_1P_1024x8_c2_bm_bist (0) disconnected node: A_DIN[3]
Cell RM_IHPSG13_1P_1024x8_c2_bm_bist (0) disconnected node: A_BIST_DIN[4]
Cell RM_IHPSG13_1P_1024x8_c2_bm_bist (0) disconnected node: A_BIST_DIN[3]
Cell RM_IHPSG13_1P_1024x8_c2_bm_bist (0) disconnected node: A_BM[4]
Cell RM_IHPSG13_1P_1024x8_c2_bm_bist (0) disconnected node: A_BM[3]
Cell RM_IHPSG13_1P_1024x8_c2_bm_bist (0) disconnected node: A_BIST_BM[4]
Cell RM_IHPSG13_1P_1024x8_c2_bm_bist (0) disconnected node: A_BIST_BM[3]
Cell RM_IHPSG13_1P_1024x8_c2_bm_bist (0) disconnected node: A_DOUT[4]
Cell RM_IHPSG13_1P_1024x8_c2_bm_bist (0) disconnected node: A_DOUT[3]
Cell RM_IHPSG13_1P_1024x8_c2_bm_bist (0) disconnected node: VSS
Cell RM_IHPSG13_1P_1024x8_c2_bm_bist (0) disconnected node: VDD
Cell RM_IHPSG13_1P_1024x8_c2_bm_bist (0) disconnected node: VDDARRAY
Cell RM_IHPSG13_1P_1024x8_c2_bm_bist (0) disconnected node: A_DIN[5]
Cell RM_IHPSG13_1P_1024x8_c2_bm_bist (0) disconnected node: A_DIN[2]
Cell RM_IHPSG13_1P_1024x8_c2_bm_bist (0) disconnected node: A_BIST_DIN[5]
Cell RM_IHPSG13_1P_1024x8_c2_bm_bist (0) disconnected node: A_BIST_DIN[2]
Cell RM_IHPSG13_1P_1024x8_c2_bm_bist (0) disconnected node: A_BM[5]
Cell RM_IHPSG13_1P_1024x8_c2_bm_bist (0) disconnected node: A_BM[2]
Cell RM_IHPSG13_1P_1024x8_c2_bm_bist (0) disconnected node: A_BIST_BM[5]
Cell RM_IHPSG13_1P_1024x8_c2_bm_bist (0) disconnected node: A_BIST_BM[2]
Cell RM_IHPSG13_1P_1024x8_c2_bm_bist (0) disconnected node: A_DOUT[5]
Cell RM_IHPSG13_1P_1024x8_c2_bm_bist (0) disconnected node: A_DOUT[2]
Cell RM_IHPSG13_1P_1024x8_c2_bm_bist (0) disconnected node: A_DIN[6]
Cell RM_IHPSG13_1P_1024x8_c2_bm_bist (0) disconnected node: A_DIN[1]
Cell RM_IHPSG13_1P_1024x8_c2_bm_bist (0) disconnected node: A_BIST_DIN[6]
Cell RM_IHPSG13_1P_1024x8_c2_bm_bist (0) disconnected node: A_BIST_DIN[1]
Cell RM_IHPSG13_1P_1024x8_c2_bm_bist (0) disconnected node: A_BM[6]
Cell RM_IHPSG13_1P_1024x8_c2_bm_bist (0) disconnected node: A_BM[1]
Cell RM_IHPSG13_1P_1024x8_c2_bm_bist (0) disconnected node: A_BIST_BM[6]
Cell RM_IHPSG13_1P_1024x8_c2_bm_bist (0) disconnected node: A_BIST_BM[1]
Cell RM_IHPSG13_1P_1024x8_c2_bm_bist (0) disconnected node: A_DOUT[6]
Cell RM_IHPSG13_1P_1024x8_c2_bm_bist (0) disconnected node: A_DOUT[1]
Cell RM_IHPSG13_1P_1024x8_c2_bm_bist (0) disconnected node: A_DIN[7]
Cell RM_IHPSG13_1P_1024x8_c2_bm_bist (0) disconnected node: A_DIN[0]
Cell RM_IHPSG13_1P_1024x8_c2_bm_bist (0) disconnected node: A_BIST_DIN[7]
Cell RM_IHPSG13_1P_1024x8_c2_bm_bist (0) disconnected node: A_BIST_DIN[0]
Cell RM_IHPSG13_1P_1024x8_c2_bm_bist (0) disconnected node: A_BM[7]
Cell RM_IHPSG13_1P_1024x8_c2_bm_bist (0) disconnected node: A_BM[0]
Cell RM_IHPSG13_1P_1024x8_c2_bm_bist (0) disconnected node: A_BIST_BM[7]
Cell RM_IHPSG13_1P_1024x8_c2_bm_bist (0) disconnected node: A_BIST_BM[0]
Cell RM_IHPSG13_1P_1024x8_c2_bm_bist (0) disconnected node: A_DOUT[7]
Cell RM_IHPSG13_1P_1024x8_c2_bm_bist (0) disconnected node: A_DOUT[0]
Cell RM_IHPSG13_1P_1024x8_c2_bm_bist (0) disconnected node: A_ADDR[0]
Cell RM_IHPSG13_1P_1024x8_c2_bm_bist (0) disconnected node: A_BIST_ADDR[0]
Cell RM_IHPSG13_1P_1024x8_c2_bm_bist (0) disconnected node: A_ADDR[1]
Cell RM_IHPSG13_1P_1024x8_c2_bm_bist (0) disconnected node: A_BIST_ADDR[1]
Cell RM_IHPSG13_1P_1024x8_c2_bm_bist (0) disconnected node: A_ADDR[2]
Cell RM_IHPSG13_1P_1024x8_c2_bm_bist (0) disconnected node: A_BIST_ADDR[2]
Cell RM_IHPSG13_1P_1024x8_c2_bm_bist (0) disconnected node: A_ADDR[3]
Cell RM_IHPSG13_1P_1024x8_c2_bm_bist (0) disconnected node: A_BIST_ADDR[3]
Cell RM_IHPSG13_1P_1024x8_c2_bm_bist (0) disconnected node: A_ADDR[4]
Cell RM_IHPSG13_1P_1024x8_c2_bm_bist (0) disconnected node: A_BIST_ADDR[4]
Cell RM_IHPSG13_1P_1024x8_c2_bm_bist (0) disconnected node: A_ADDR[5]
Cell RM_IHPSG13_1P_1024x8_c2_bm_bist (0) disconnected node: A_BIST_ADDR[5]
Cell RM_IHPSG13_1P_1024x8_c2_bm_bist (0) disconnected node: A_ADDR[6]
Cell RM_IHPSG13_1P_1024x8_c2_bm_bist (0) disconnected node: A_BIST_ADDR[6]
Cell RM_IHPSG13_1P_1024x8_c2_bm_bist (0) disconnected node: A_ADDR[7]
Cell RM_IHPSG13_1P_1024x8_c2_bm_bist (0) disconnected node: A_BIST_ADDR[7]
Cell RM_IHPSG13_1P_1024x8_c2_bm_bist (0) disconnected node: A_ADDR[8]
Cell RM_IHPSG13_1P_1024x8_c2_bm_bist (0) disconnected node: A_BIST_ADDR[8]
Cell RM_IHPSG13_1P_1024x8_c2_bm_bist (0) disconnected node: A_ADDR[9]
Cell RM_IHPSG13_1P_1024x8_c2_bm_bist (0) disconnected node: A_BIST_ADDR[9]
Cell RM_IHPSG13_1P_1024x8_c2_bm_bist (0) disconnected node: A_CLK
Cell RM_IHPSG13_1P_1024x8_c2_bm_bist (0) disconnected node: A_REN
Cell RM_IHPSG13_1P_1024x8_c2_bm_bist (0) disconnected node: A_WEN
Cell RM_IHPSG13_1P_1024x8_c2_bm_bist (0) disconnected node: A_MEN
Cell RM_IHPSG13_1P_1024x8_c2_bm_bist (0) disconnected node: A_DLY
Cell RM_IHPSG13_1P_1024x8_c2_bm_bist (0) disconnected node: A_BIST_EN
Cell RM_IHPSG13_1P_1024x8_c2_bm_bist (0) disconnected node: A_BIST_CLK
Cell RM_IHPSG13_1P_1024x8_c2_bm_bist (0) disconnected node: A_BIST_REN
Cell RM_IHPSG13_1P_1024x8_c2_bm_bist (0) disconnected node: A_BIST_WEN
Cell RM_IHPSG13_1P_1024x8_c2_bm_bist (0) disconnected node: A_BIST_MEN

Subcircuit pins:
Circuit 1: RM_IHPSG13_1P_1024x8_c2_bm_bist |Circuit 2: RM_IHPSG13_1P_1024x8_c2_bm_bist 
-------------------------------------------|-------------------------------------------
A_DIN[4]                                   |A_DIN[4]                                   
A_DIN[3]                                   |A_DIN[3]                                   
A_BIST_DIN[4]                              |A_BIST_DIN[4]                              
A_BIST_DIN[3]                              |A_BIST_DIN[3]                              
A_BM[4]                                    |A_BM[4]                                    
A_BM[3]                                    |A_BM[3]                                    
A_BIST_BM[4]                               |A_BIST_BM[4]                               
A_BIST_BM[3]                               |A_BIST_BM[3]                               
A_DOUT[4]                                  |A_DOUT[4]                                  
A_DOUT[3]                                  |A_DOUT[3]                                  
VSS                                        |\VSS                                       
VDD                                        |\VDD                                       
VDDARRAY                                   |\VDDARRAY                                  
A_DIN[5]                                   |A_DIN[5]                                   
A_DIN[2]                                   |A_DIN[2]                                   
A_BIST_DIN[5]                              |A_BIST_DIN[5]                              
A_BIST_DIN[2]                              |A_BIST_DIN[2]                              
A_BM[5]                                    |A_BM[5]                                    
A_BM[2]                                    |A_BM[2]                                    
A_BIST_BM[5]                               |A_BIST_BM[5]                               
A_BIST_BM[2]                               |A_BIST_BM[2]                               
A_DOUT[5]                                  |A_DOUT[5]                                  
A_DOUT[2]                                  |A_DOUT[2]                                  
A_DIN[6]                                   |A_DIN[6]                                   
A_DIN[1]                                   |A_DIN[1]                                   
A_BIST_DIN[6]                              |A_BIST_DIN[6]                              
A_BIST_DIN[1]                              |A_BIST_DIN[1]                              
A_BM[6]                                    |A_BM[6]                                    
A_BM[1]                                    |A_BM[1]                                    
A_BIST_BM[6]                               |A_BIST_BM[6]                               
A_BIST_BM[1]                               |A_BIST_BM[1]                               
A_DOUT[6]                                  |A_DOUT[6]                                  
A_DOUT[1]                                  |A_DOUT[1]                                  
A_DIN[7]                                   |A_DIN[7]                                   
A_DIN[0]                                   |A_DIN[0]                                   
A_BIST_DIN[7]                              |A_BIST_DIN[7]                              
A_BIST_DIN[0]                              |A_BIST_DIN[0]                              
A_BM[7]                                    |A_BM[7]                                    
A_BM[0]                                    |A_BM[0]                                    
A_BIST_BM[7]                               |A_BIST_BM[7]                               
A_BIST_BM[0]                               |A_BIST_BM[0]                               
A_DOUT[7]                                  |A_DOUT[7]                                  
A_DOUT[0]                                  |A_DOUT[0]                                  
A_ADDR[0]                                  |A_ADDR[0]                                  
A_BIST_ADDR[0]                             |A_BIST_ADDR[0]                             
A_ADDR[1]                                  |A_ADDR[1]                                  
A_BIST_ADDR[1]                             |A_BIST_ADDR[1]                             
A_ADDR[2]                                  |A_ADDR[2]                                  
A_BIST_ADDR[2]                             |A_BIST_ADDR[2]                             
A_ADDR[3]                                  |A_ADDR[3]                                  
A_BIST_ADDR[3]                             |A_BIST_ADDR[3]                             
A_ADDR[4]                                  |A_ADDR[4]                                  
A_BIST_ADDR[4]                             |A_BIST_ADDR[4]                             
A_ADDR[5]                                  |A_ADDR[5]                                  
A_BIST_ADDR[5]                             |A_BIST_ADDR[5]                             
A_ADDR[6]                                  |A_ADDR[6]                                  
A_BIST_ADDR[6]                             |A_BIST_ADDR[6]                             
A_ADDR[7]                                  |A_ADDR[7]                                  
A_BIST_ADDR[7]                             |A_BIST_ADDR[7]                             
A_ADDR[8]                                  |A_ADDR[8]                                  
A_BIST_ADDR[8]                             |A_BIST_ADDR[8]                             
A_ADDR[9]                                  |A_ADDR[9]                                  
A_BIST_ADDR[9]                             |A_BIST_ADDR[9]                             
A_CLK                                      |A_CLK                                      
A_REN                                      |A_REN                                      
A_WEN                                      |A_WEN                                      
A_MEN                                      |A_MEN                                      
A_DLY                                      |A_DLY                                      
A_BIST_EN                                  |A_BIST_EN                                  
A_BIST_CLK                                 |A_BIST_CLK                                 
A_BIST_REN                                 |A_BIST_REN                                 
A_BIST_WEN                                 |A_BIST_WEN                                 
A_BIST_MEN                                 |A_BIST_MEN                                 
---------------------------------------------------------------------------------------
Cell pin lists are equivalent.
Device classes RM_IHPSG13_1P_1024x8_c2_bm_bist and RM_IHPSG13_1P_1024x8_c2_bm_bist are equivalent.

Cell sg13cmos5l_or4_1 (0) disconnected node: X
Cell sg13cmos5l_or4_1 (0) disconnected node: A
Cell sg13cmos5l_or4_1 (0) disconnected node: B
Cell sg13cmos5l_or4_1 (0) disconnected node: C
Cell sg13cmos5l_or4_1 (0) disconnected node: D
Cell sg13cmos5l_or4_1 (0) disconnected node: VDD
Cell sg13cmos5l_or4_1 (0) disconnected node: VSS

Subcircuit pins:
Circuit 1: sg13cmos5l_or4_1                |Circuit 2: sg13cmos5l_or4_1                
-------------------------------------------|-------------------------------------------
X                                          |X                                          
A                                          |A                                          
B                                          |B                                          
C                                          |C                                          
D                                          |D                                          
VDD                                        |VDD                                        
VSS                                        |VSS                                        
---------------------------------------------------------------------------------------
Cell pin lists are equivalent.
Device classes sg13cmos5l_or4_1 and sg13cmos5l_or4_1 are equivalent.

Cell sg13cmos5l_nor2b_1 (0) disconnected node: Y
Cell sg13cmos5l_nor2b_1 (0) disconnected node: A
Cell sg13cmos5l_nor2b_1 (0) disconnected node: B_N
Cell sg13cmos5l_nor2b_1 (0) disconnected node: VDD
Cell sg13cmos5l_nor2b_1 (0) disconnected node: VSS

Subcircuit pins:
Circuit 1: sg13cmos5l_nor2b_1              |Circuit 2: sg13cmos5l_nor2b_1              
-------------------------------------------|-------------------------------------------
Y                                          |Y                                          
A                                          |A                                          
B_N                                        |B_N                                        
VDD                                        |VDD                                        
VSS                                        |VSS                                        
---------------------------------------------------------------------------------------
Cell pin lists are equivalent.
Device classes sg13cmos5l_nor2b_1 and sg13cmos5l_nor2b_1 are equivalent.

Cell tt_um_chip_sram_probe (0) disconnected node: ena
Cell tt_um_chip_sram_probe (1) disconnected node: ena
Class tt_um_chip_sram_probe (0):  Merged 61379 parallel devices.
Class tt_um_chip_sram_probe (1):  Merged 61379 parallel devices.
Cell tt_um_chip_sram_probe (0) disconnected node: ena
Cell tt_um_chip_sram_probe (1) disconnected node: ena
Subcircuit summary:
Circuit 1: tt_um_chip_sram_probe           |Circuit 2: tt_um_chip_sram_probe           
-------------------------------------------|-------------------------------------------
sg13cmos5l_decap_8 (60645->1)              |sg13cmos5l_decap_8 (60645->1)              
sg13cmos5l_dlygate4sd3_1 (197)             |sg13cmos5l_dlygate4sd3_1 (197)             
sg13cmos5l_decap_4 (269->1)                |sg13cmos5l_decap_4 (269->1)                
sg13cmos5l_fill_2 (276->1)                 |sg13cmos5l_fill_2 (276->1)                 
sg13cmos5l_dfrbpq_1 (99)                   |sg13cmos5l_dfrbpq_1 (99)                   
sg13cmos5l_o21ai_1 (75)                    |sg13cmos5l_o21ai_1 (75)                    
sg13cmos5l_fill_1 (193->1)                 |sg13cmos5l_fill_1 (193->1)                 
sg13cmos5l_tielo (93)                      |sg13cmos5l_tielo (93)                      
sg13cmos5l_tiehi (101)                     |sg13cmos5l_tiehi (101)                     
sg13cmos5l_and2_1 (24)                     |sg13cmos5l_and2_1 (24)                     
sg13cmos5l_inv_1 (62)                      |sg13cmos5l_inv_1 (62)                      
sg13cmos5l_a21oi_1 (74)                    |sg13cmos5l_a21oi_1 (74)                    
sg13cmos5l_nor4_1 (5)                      |sg13cmos5l_nor4_1 (5)                      
sg13cmos5l_nor2_1 (4)                      |sg13cmos5l_nor2_1 (4)                      
sg13cmos5l_buf_8 (23)                      |sg13cmos5l_buf_8 (23)                      
sg13cmos5l_nand2b_1 (2)                    |sg13cmos5l_nand2b_1 (2)                    
sg13cmos5l_nand4_1 (4)                     |sg13cmos5l_nand4_1 (4)                     
sg13cmos5l_nand2_1 (10)                    |sg13cmos5l_nand2_1 (10)                    
sg13cmos5l_a22oi_1 (4)                     |sg13cmos5l_a22oi_1 (4)                     
RM_IHPSG13_1P_512x16_c2_bm_bist (1)        |RM_IHPSG13_1P_512x16_c2_bm_bist (1)        
sg13cmos5l_buf_1 (56)                      |sg13cmos5l_buf_1 (56)                      
sg13cmos5l_nor3_1 (5)                      |sg13cmos5l_nor3_1 (5)                      
sg13cmos5l_or2_1 (1)                       |sg13cmos5l_or2_1 (1)                       
sg13cmos5l_mux4_1 (3)                      |sg13cmos5l_mux4_1 (3)                      
sg13cmos5l_a21o_1 (1)                      |sg13cmos5l_a21o_1 (1)                      
sg13cmos5l_nand3_1 (3)                     |sg13cmos5l_nand3_1 (3)                     
RM_IHPSG13_1P_1024x8_c2_bm_bist (1)        |RM_IHPSG13_1P_1024x8_c2_bm_bist (1)        
sg13cmos5l_or4_1 (2)                       |sg13cmos5l_or4_1 (2)                       
sg13cmos5l_nor2b_1 (3)                     |sg13cmos5l_nor2b_1 (3)                     
Number of devices: 857                     |Number of devices: 857                     
Number of nets: 895                        |Number of nets: 895                        
---------------------------------------------------------------------------------------
Resolving symmetries by property value.
Resolving symmetries by pin name.
Netlists match uniquely.

Subcircuit pins:
Circuit 1: tt_um_chip_sram_probe           |Circuit 2: tt_um_chip_sram_probe           
-------------------------------------------|-------------------------------------------
uo_out[2]                                  |uo_out[2]                                  
uo_out[3]                                  |uo_out[3]                                  
uo_out[0]                                  |uo_out[0]                                  
uo_out[1]                                  |uo_out[1]                                  
uo_out[4]                                  |uo_out[4]                                  
uo_out[5]                                  |uo_out[5]                                  
uo_out[6]                                  |uo_out[6]                                  
uo_out[7]                                  |uo_out[7]                                  
uio_in[0]                                  |uio_in[0]                                  
uio_in[4]                                  |uio_in[4]                                  
uio_in[5]                                  |uio_in[5]                                  
rst_n                                      |rst_n                                      
uio_in[6]                                  |uio_in[6]                                  
uio_in[3]                                  |uio_in[3]                                  
uio_in[2]                                  |uio_in[2]                                  
uio_in[1]                                  |uio_in[1]                                  
uio_in[7]                                  |uio_in[7]                                  
ui_in[3]                                   |ui_in[3]                                   
ui_in[4]                                   |ui_in[4]                                   
ui_in[2]                                   |ui_in[2]                                   
ui_in[7]                                   |ui_in[7]                                   
ui_in[6]                                   |ui_in[6]                                   
ui_in[5]                                   |ui_in[5]                                   
ui_in[1]                                   |ui_in[1]                                   
ui_in[0]                                   |ui_in[0]                                   
uio_oe[0]                                  |uio_oe[0]                                  
uio_oe[1]                                  |uio_oe[1]                                  
uio_oe[2]                                  |uio_oe[2]                                  
uio_oe[3]                                  |uio_oe[3]                                  
uio_oe[4]                                  |uio_oe[4]                                  
uio_oe[5]                                  |uio_oe[5]                                  
uio_oe[6]                                  |uio_oe[6]                                  
uio_oe[7]                                  |uio_oe[7]                                  
uio_out[0]                                 |uio_out[0]                                 
uio_out[1]                                 |uio_out[1]                                 
uio_out[2]                                 |uio_out[2]                                 
uio_out[3]                                 |uio_out[3]                                 
uio_out[4]                                 |uio_out[4]                                 
uio_out[5]                                 |uio_out[5]                                 
uio_out[6]                                 |uio_out[6]                                 
uio_out[7]                                 |uio_out[7]                                 
clk                                        |clk                                        
VGND                                       |VGND                                       
VPWR                                       |VPWR                                       
ena                                        |ena                                        
---------------------------------------------------------------------------------------
Cell pin lists are equivalent.
Device classes tt_um_chip_sram_probe and tt_um_chip_sram_probe are equivalent.

Final result: Circuits match uniquely.
.
