3472 0 0
0 f1 00 00 00 00 00
1 f1 08 08 00 00 00
3 f9 08 08 00 00 00
5 f9 08 0e 00 00 00
d f9 00 0e 00 00 00
f f1 00 0e 00 00 00
15 f1 04 0e 00 00 00
17 f5 04 0e 00 00 00
3d f5 06 0e 00 00 00
3f f7 06 0e 00 00 00
6d f7 04 0e 00 00 00
6f f5 04 0e 00 00 00
75 f5 00 0e 00 00 00
77 f1 00 0e 00 00 00
9d f1 02 0e 00 00 00
9f f3 02 0e 00 00 00
cd f3 00 0e 00 00 00
cf f1 00 0e 00 00 00
fd f1 02 0e 00 00 00
ff f3 02 0e 00 00 00
12d f3 00 0e 00 00 00
12f f1 00 0e 00 00 00
135 f1 04 0e 00 00 00
137 f5 04 0e 00 00 00
15d f5 06 0e 00 00 00
15f f7 06 0e 00 00 00
18d f7 04 0e 00 00 00
18f f5 04 0e 00 00 00
1bd f5 06 0e 00 00 00
1bf f7 06 0e 00 00 00
1ed f7 04 0e 00 00 00
1ef f5 04 0e 00 00 00
21d f5 06 0e 00 00 00
21f f7 06 0e 00 00 00
24d f7 04 0e 00 00 00
24f f5 04 0e 00 00 00
27d f5 06 0e 00 00 00
27f f7 06 0e 00 00 00
2ad f7 04 0e 00 00 00
2af f5 04 0e 00 00 00
2dd f5 06 0e 00 00 00
2df f7 06 0e 00 00 00
30d f7 04 0e 00 00 00
30f f5 04 0e 00 00 00
341 f5 06 0e 00 00 00
343 f7 06 0e 00 00 00
371 f7 04 0e 00 00 00
373 b5 04 0e 00 00 00
3a1 b5 06 0e 00 00 00
3a3 b7 06 0e 00 00 00
3d1 b7 04 0e 00 00 00
3d3 b5 04 0e 00 00 00
401 b5 06 0e 00 00 00
403 b7 06 0e 00 00 00
431 b7 04 0e 00 00 00
433 f5 04 0e 00 00 00
461 f5 06 0e 00 00 00
463 f7 06 0e 00 00 00
491 f7 04 0e 00 00 00
493 f5 04 0e 00 00 00
4c1 f5 06 0e 00 00 00
4c3 f7 06 0e 00 00 00
4f1 f7 04 0e 00 00 00
4f3 f5 04 0e 00 00 00
521 f5 06 0e 00 00 00
523 f7 06 0e 00 00 00
551 f7 04 0e 00 00 00
553 b5 04 0e 00 00 00
581 b5 06 0e 00 00 00
583 b7 06 0e 00 00 00
5b1 b7 04 0e 00 00 00
5b3 f5 04 0e 00 00 00
5e1 f5 06 0e 00 00 00
5e3 f7 06 0e 00 00 00
611 f7 04 0e 00 00 00
613 b5 04 0e 00 00 00
619 b5 04 0e 01 9d 00
61a b5 04 0e 00 9d 00
649 b5 06 0e 00 9d 00
64b b7 06 0e 00 9d 00
679 b7 04 0e 00 9d 00
67b f5 04 0e 00 9d 00
6a9 f5 06 0e 00 9d 00
6ab f7 06 0e 00 9d 00
6d9 f7 04 0e 00 9d 00
6db f5 04 0e 00 9d 00
709 f5 06 0e 00 9d 00
70b f7 06 0e 00 9d 00
739 f7 04 0e 00 9d 00
73b b5 04 0e 00 9d 00
769 b5 06 0e 00 9d 00
76b b7 06 0e 00 9d 00
799 b7 04 0e 00 9d 00
79b b5 04 0e 00 9d 00
7c9 b5 06 0e 00 9d 00
7cb b7 06 0e 00 9d 00
7f9 b7 04 0e 00 9d 00
7fb b5 04 0e 00 9d 00
829 b5 06 0e 00 9d 00
82b b7 06 0e 00 9d 00
859 b7 04 0e 00 9d 00
85b b5 04 0e 00 9d 00
889 b5 06 0e 00 9d 00
88b b7 06 0e 00 9d 00
8b9 b7 04 0e 00 9d 00
8bb b5 04 0e 00 9d 00
8e9 b5 06 0e 00 9d 00
8eb b7 06 0e 00 9d 00
919 b7 04 0e 00 9d 00
91b b5 04 0e 00 9d 00
921 b5 04 0e 01 60 00
922 b5 04 0e 00 60 00
951 b5 06 0e 00 60 00
953 b7 06 0e 00 60 00
981 b7 04 0e 00 60 00
983 b5 04 0e 00 60 00
9b1 b5 06 0e 00 60 00
9b3 b7 06 0e 00 60 00
9e1 b7 04 0e 00 60 00
9e3 b5 04 0e 00 60 00
a11 b5 06 0e 00 60 00
a13 b7 06 0e 00 60 00
a41 b7 04 0e 00 60 00
a43 f5 04 0e 00 60 00
a71 f5 06 0e 00 60 00
a73 f7 06 0e 00 60 00
aa1 f7 04 0e 00 60 00
aa3 f5 04 0e 00 60 00
ad1 f5 06 0e 00 60 00
ad3 f7 06 0e 00 60 00
b01 f7 04 0e 00 60 00
b03 b5 04 0e 00 60 00
b31 b5 06 0e 00 60 00
b33 b7 06 0e 00 60 00
b61 b7 04 0e 00 60 00
b63 b5 04 0e 00 60 00
b91 b5 06 0e 00 60 00
b93 b7 06 0e 00 60 00
bc1 b7 04 0e 00 60 00
bc3 b5 04 0e 00 60 00
bf1 b5 06 0e 00 60 00
bf3 b7 06 0e 00 60 00
c21 b7 04 0e 00 60 00
c23 f5 04 0e 00 60 00
c29 f5 04 0e 01 18 00
c2a f5 04 0e 00 18 00
c2d f5 0c 0e 00 18 00
c2f fd 0c 0e 00 18 00
