6000 0 0
0 ff 00 00 00 00 00 00000000 ffffffff
1 ff 01 01 00 00 00 0000000f ffffffff
2 ff 01 07 00 00 00 0000000f ffffffff
4 fb 01 07 00 00 00 0000000f fffff0ff
5 f9 01 07 00 00 00 0000000f fffff01f
6 f9 09 0f 00 00 00 0000f00f fffff00f
7 f9 09 1f 00 00 00 0000f00f fffff00f
9 e9 08 1f 00 00 00 0000f000 fff0f00f
c e8 08 1f 00 00 00 0000f000 fff0f001
d e8 08 1f 00 00 00 0000f000 fff0f000
e e8 00 1f 00 00 00 00000000 fff0f000
10 e0 00 1f 00 00 00 00000000 fff00000
16 e0 04 1f 00 00 00 00000f00 fff00000
17 e0 04 3f 00 00 00 00000f00 fff00000
18 e4 04 3f 00 00 00 00000f00 fff00f00
19 c4 04 3f 00 00 00 00000f00 ff000f00
23 c4 04 2f 00 00 00 00000f00 ff000f00
25 d4 04 2f 00 00 00 00000f00 ff0f0f00
2e d4 06 2f 00 00 00 00000ff0 ff0f0f00
31 d6 06 2f 00 00 00 00000ff0 ff0f0fe0
32 d6 06 2f 00 00 00 00000ff0 ff0f0ff0
33 d6 06 0f 00 00 00 00000ff0 ff0f0ff0
35 f6 06 0f 00 00 00 00000ff0 ffff0ff0
49 f6 07 0f 00 00 00 00000fff ffff0ff0
4c f7 07 0f 00 00 00 00000fff ffff0ffe
4d f7 07 0f 00 00 00 00000fff ffff0fff
4e f7 05 0f 00 00 00 00000f0f ffff0fff
51 f5 05 0f 00 00 00 00000f0f ffff0f1f
52 f5 05 0f 00 00 00 00000f0f ffff0f0f
53 f5 05 2f 00 00 00 00000f0f ffff0f0f
55 d5 05 2f 00 00 00 00000f0f ff0f0f0f
56 d5 01 2f 00 00 00 0000000f ff0f0f0f
58 d1 01 2f 00 00 00 0000000f ff0f000f
63 d1 01 3f 00 00 00 0000000f ff0f000f
65 c1 01 3f 00 00 00 0000000f ff00000f
6e c1 03 3f 00 00 00 000000ff ff00000f
71 c3 03 3f 00 00 00 000000ff ff0000ef
72 c3 03 3f 00 00 00 000000ff ff0000ff
73 c3 03 1f 00 00 00 000000ff ff0000ff
75 e3 03 1f 00 00 00 000000ff fff000ff
8e e3 01 1f 00 00 00 0000000f fff000ff
91 e1 01 1f 00 00 00 0000000f fff0001f
92 e1 01 1f 00 00 00 0000000f fff0000f
93 e1 01 3f 00 00 00 0000000f fff0000f
95 c1 01 3f 00 00 00 0000000f ff00000f
96 c1 05 3f 00 00 00 00000f0f ff00000f
98 c5 05 3f 00 00 00 00000f0f ff000f0f
a3 c5 05 2f 00 00 00 00000f0f ff000f0f
a5 d5 05 2f 00 00 00 00000f0f ff0f0f0f
ae d5 07 2f 00 00 00 00000fff ff0f0f0f
b1 d7 07 2f 00 00 00 00000fff ff0f0fef
b2 d7 07 2f 00 00 00 00000fff ff0f0fff
b3 d7 07 0f 00 00 00 00000fff ff0f0fff
b5 f7 07 0f 00 00 00 00000fff ffff0fff
ce f7 05 0f 00 00 00 00000f0f ffff0fff
d1 f5 05 0f 00 00 00 00000f0f ffff0f1f
d2 f5 05 0f 00 00 00 00000f0f ffff0f0f
d3 f5 05 2f 00 00 00 00000f0f ffff0f0f
d5 d5 05 2f 00 00 00 00000f0f ff0f0f0f
d6 d5 01 2f 00 00 00 0000000f ff0f0f0f
d8 d1 01 2f 00 00 00 0000000f ff0f000f
e3 d1 01 3f 00 00 00 0000000f ff0f000f
e5 c1 01 3f 00 00 00 0000000f ff00000f
ee c1 03 3f 00 00 00 000000ff ff00000f
f1 c3 03 3f 00 00 00 000000ff ff0000ef
f2 c3 03 3f 00 00 00 000000ff ff0000ff
f3 c3 03 1f 00 00 00 000000ff ff0000ff
f5 e3 03 1f 00 00 00 000000ff fff000ff
10e e3 01 1f 00 00 00 0000000f fff000ff
111 e1 01 1f 00 00 00 0000000f fff0001f
112 e1 01 1f 00 00 00 0000000f fff0000f
113 e1 01 3f 00 00 00 0000000f fff0000f
115 c1 01 3f 00 00 00 0000000f ff00000f
12e c1 03 3f 00 00 00 000000ff ff00000f
131 c3 03 3f 00 00 00 000000ff ff0000ef
132 c3 03 3f 00 00 00 000000ff ff0000ff
133 c3 03 1f 00 00 00 000000ff ff0000ff
135 e3 03 1f 00 00 00 000000ff fff000ff
149 e3 02 1f 00 00 00 000000f0 fff000ff
14c e2 02 1f 00 00 00 000000f0 fff000f1
14d e2 02 1f 00 00 00 000000f0 fff000f0
14e e2 00 1f 00 00 00 00000000 fff000f0
151 e0 00 1f 00 00 00 00000000 fff00010
152 e0 00 1f 00 00 00 00000000 fff00000
153 e0 00 3f 00 00 00 00000000 fff00000
155 c0 00 3f 00 00 00 00000000 ff000000
156 c0 04 3f 00 00 00 00000f00 ff000000
158 c4 04 3f 00 00 00 00000f00 ff000f00
16e c4 06 3f 00 00 00 00000ff0 ff000f00
171 c6 06 3f 00 00 00 00000ff0 ff000fe0
172 c6 06 3f 00 00 00 00000ff0 ff000ff0
173 c6 06 1f 00 00 00 00000ff0 ff000ff0
175 e6 06 1f 00 00 00 00000ff0 fff00ff0
18e e6 04 1f 00 00 00 00000f00 fff00ff0
191 e4 04 1f 00 00 00 00000f00 fff00f10
192 e4 04 1f 00 00 00 00000f00 fff00f00
193 e4 04 3f 00 00 00 00000f00 fff00f00
195 c4 04 3f 00 00 00 00000f00 ff000f00
196 c4 00 3f 00 00 00 00000000 ff000f00
198 c0 00 3f 00 00 00 00000000 ff000000
1ae c0 02 3f 00 00 00 000000f0 ff000000
1b1 c2 02 3f 00 00 00 000000f0 ff0000e0
1b2 c2 02 3f 00 00 00 000000f0 ff0000f0
1b3 c2 02 1f 00 00 00 000000f0 ff0000f0
1b5 e2 02 1f 00 00 00 000000f0 fff000f0
1c9 e2 03 1f 00 00 00 000000ff fff000f0
1cc e3 03 1f 00 00 00 000000ff fff000fe
1cd e3 03 1f 00 00 00 000000ff fff000ff
1ce e3 01 1f 00 00 00 0000000f fff000ff
1d1 e1 01 1f 00 00 00 0000000f fff0001f
1d2 e1 01 1f 00 00 00 0000000f fff0000f
1d3 e1 01 3f 00 00 00 0000000f fff0000f
1d5 c1 01 3f 00 00 00 0000000f ff00000f
1d6 c1 05 3f 00 00 00 00000f0f ff00000f
1d8 c5 05 3f 00 00 00 00000f0f ff000f0f
1ee c5 07 3f 00 00 00 00000fff ff000f0f
1f1 c7 07 3f 00 00 00 00000fff ff000fef
1f2 c7 07 3f 00 00 00 00000fff ff000fff
1f3 c7 07 1f 00 00 00 00000fff ff000fff
1f5 e7 07 1f 00 00 00 00000fff fff00fff
209 e7 06 1f 00 00 00 00000ff0 fff00fff
20c e6 06 1f 00 00 00 00000ff0 fff00ff1
20d e6 06 1f 00 00 00 00000ff0 fff00ff0
20e e6 04 1f 00 00 00 00000f00 fff00ff0
211 e4 04 1f 00 00 00 00000f00 fff00f10
212 e4 04 1f 00 00 00 00000f00 fff00f00
213 e4 04 3f 00 00 00 00000f00 fff00f00
215 c4 04 3f 00 00 00 00000f00 ff000f00
216 c4 0c 3f 00 00 00 0000ff00 ff000f00
218 cc 0c 3f 00 00 00 0000ff00 ff00ff00
21e cc 04 3f 00 00 00 00000f00 ff00ff00
220 c4 04 3f 00 00 00 00000f00 ff000f00
223 c4 04 2f 00 00 00 00000f00 ff000f00
225 d4 04 2f 00 00 00 00000f00 ff0f0f00
226 d4 00 2f 00 00 00 00000000 ff0f0f00
228 d0 00 2f 00 00 00 00000000 ff0f0000
233 d0 00 0f 00 00 00 00000000 ff0f0000
235 f0 00 0f 00 00 00 00000000 ffff0000
23e f0 02 0f 00 00 00 000000f0 ffff0000
241 f2 02 0f 00 00 00 000000f0 ffff00e0
242 f2 02 0f 00 00 00 000000f0 ffff00f0
249 f2 03 0f 00 00 00 000000ff ffff00f0
24c f3 03 0f 00 00 00 000000ff ffff00fe
24d f3 03 0f 00 00 00 000000ff ffff00ff
253 f3 03 2f 00 00 00 000000ff ffff00ff
255 d3 03 2f 00 00 00 000000ff ff0f00ff
25e d3 01 2f 00 00 00 0000000f ff0f00ff
261 d1 01 2f 00 00 00 0000000f ff0f001f
262 d1 01 2f 00 00 00 0000000f ff0f000f
263 d1 01 2f 01 01 00 0000000f ff0f000f
264 d1 01 2f 00 01 00 0000000f ff0f000f
26f d1 01 3f 00 01 00 0000000f ff0f000f
271 c1 01 3f 00 01 00 0000000f ff00000f
27e c1 03 3f 00 01 00 000000ff ff00000f
27f c1 03 1f 00 01 00 000000ff ff00000f
281 e3 03 1f 00 01 00 000000ff fff000ef
282 e3 03 1f 00 01 00 000000ff fff000ff
289 e3 02 1f 00 01 00 000000f0 fff000ff
28c e2 02 1f 00 01 00 000000f0 fff000f1
28d e2 02 1f 00 01 00 000000f0 fff000f0
29e e2 00 1f 00 01 00 00000000 fff000f0
29f e2 00 3f 00 01 00 00000000 fff000f0
2a1 c0 00 3f 00 01 00 00000000 ff000010
2a2 c0 00 3f 00 01 00 00000000 ff000000
2a6 c0 04 3f 00 01 00 00000f00 ff000000
2a8 c4 04 3f 00 01 00 00000f00 ff000f00
2af c4 04 2f 00 01 00 00000f00 ff000f00
2b1 d4 04 2f 00 01 00 00000f00 ff0f0f00
2be d4 06 2f 00 01 00 00000ff0 ff0f0f00
2bf d4 06 0f 00 01 00 00000ff0 ff0f0f00
2c1 f6 06 0f 00 01 00 00000ff0 ffff0fe0
2c2 f6 06 0f 00 01 00 00000ff0 ffff0ff0
2c9 f6 07 0f 00 01 00 00000fff ffff0ff0
2cc f7 07 0f 00 01 00 00000fff ffff0ffe
2cd f7 07 0f 00 01 00 00000fff ffff0fff
2de f7 05 0f 00 01 00 00000f0f ffff0fff
2df f7 05 2f 00 01 00 00000f0f ffff0fff
2e1 d5 05 2f 00 01 00 00000f0f ff0f0f1f
2e2 d5 05 2f 00 01 00 00000f0f ff0f0f0f
2ef d5 05 3f 00 01 00 00000f0f ff0f0f0f
2f1 c5 05 3f 00 01 00 00000f0f ff000f0f
2fe c5 07 3f 00 01 00 00000fff ff000f0f
2ff c5 07 1f 00 01 00 00000fff ff000f0f
301 e7 07 1f 00 01 00 00000fff fff00fef
302 e7 07 1f 00 01 00 00000fff fff00fff
31e e7 05 1f 00 01 00 00000f0f fff00fff
31f e7 05 3f 00 01 00 00000f0f fff00fff
321 c5 05 3f 00 01 00 00000f0f ff000f1f
322 c5 05 3f 00 01 00 00000f0f ff000f0f
32f c5 05 2f 00 01 00 00000f0f ff000f0f
331 d5 05 2f 00 01 00 00000f0f ff0f0f0f
33e d5 07 2f 00 01 00 00000fff ff0f0f0f
33f d5 07 0f 00 01 00 00000fff ff0f0f0f
341 f7 07 0f 00 01 00 00000fff ffff0fef
342 f7 07 0f 00 01 00 00000fff ffff0fff
349 f7 06 0f 00 01 00 00000ff0 ffff0fff
34c f6 06 0f 00 01 00 00000ff0 ffff0ff1
34d f6 06 0f 00 01 00 00000ff0 ffff0ff0
35e f6 04 0f 00 01 00 00000f00 ffff0ff0
35f f6 04 2f 00 01 00 00000f00 ffff0ff0
361 d4 04 2f 00 01 00 00000f00 ff0f0f10
362 d4 04 2f 00 01 00 00000f00 ff0f0f00
37e d4 06 2f 00 01 00 00000ff0 ff0f0f00
37f d4 06 0f 00 01 00 00000ff0 ff0f0f00
381 f6 06 0f 00 01 00 00000ff0 ffff0fe0
382 f6 06 0f 00 01 00 00000ff0 ffff0ff0
389 f6 07 0f 00 01 00 00000fff ffff0ff0
38c f7 07 0f 00 01 00 00000fff ffff0ffe
38d f7 07 0f 00 01 00 00000fff ffff0fff
39e f7 05 0f 00 01 00 00000f0f ffff0fff
39f f7 05 2f 00 01 00 00000f0f ffff0fff
3a1 d5 05 2f 00 01 00 00000f0f ff0f0f1f
3a2 d5 05 2f 00 01 00 00000f0f ff0f0f0f
3a6 d5 01 2f 00 01 00 0000000f ff0f0f0f
3a8 d1 01 2f 00 01 00 0000000f ff0f000f
3af d1 01 3f 00 01 00 0000000f ff0f000f
3b1 c1 01 3f 00 01 00 0000000f ff00000f
3be c1 03 3f 00 01 00 000000ff ff00000f
3bf c1 03 1f 00 01 00 000000ff ff00000f
3c1 e3 03 1f 00 01 00 000000ff fff000ef
3c2 e3 03 1f 00 01 00 000000ff fff000ff
3c9 e3 02 1f 00 01 00 000000f0 fff000ff
3cc e2 02 1f 00 01 00 000000f0 fff000f1
3cd e2 02 1f 00 01 00 000000f0 fff000f0
3de e2 00 1f 00 01 00 00000000 fff000f0
3df e2 00 3f 00 01 00 00000000 fff000f0
3e1 c0 00 3f 00 01 00 00000000 ff000010
3e2 c0 00 3f 00 01 00 00000000 ff000000
3ef c0 00 2f 00 01 00 00000000 ff000000
3f1 d0 00 2f 00 01 00 00000000 ff0f0000
3fe d0 02 2f 00 01 00 000000f0 ff0f0000
3ff d0 02 0f 00 01 00 000000f0 ff0f0000
401 f2 02 0f 00 01 00 000000f0 ffff00e0
402 f2 02 0f 00 01 00 000000f0 ffff00f0
41e f2 00 0f 00 01 00 00000000 ffff00f0
41f f2 00 2f 00 01 00 00000000 ffff00f0
421 d0 00 2f 00 01 00 00000000 ff0f0010
422 d0 00 2f 00 01 00 00000000 ff0f0000
426 d0 08 2f 00 01 00 0000f000 ff0f0000
428 d8 08 2f 00 01 00 0000f000 ff0ff000
42f d8 08 3f 00 01 00 0000f000 ff0ff000
431 c8 08 3f 00 01 00 0000f000 ff00f000
43f c8 08 1f 00 01 00 0000f000 ff00f000
441 e8 08 1f 00 01 00 0000f000 fff0f000
449 e8 09 1f 00 01 00 0000f00f fff0f000
44c e9 09 1f 00 01 00 0000f00f fff0f00e
44d e9 09 1f 00 01 00 0000f00f fff0f00f
45f e9 09 3f 00 01 00 0000f00f fff0f00f
461 c9 09 3f 00 01 00 0000f00f ff00f00f
46f c9 09 2f 00 01 00 0000f00f ff00f00f
471 d9 09 2f 00 01 00 0000f00f ff0ff00f
47f d9 09 0f 00 01 00 0000f00f ff0ff00f
481 f9 09 0f 00 01 00 0000f00f fffff00f
489 f9 08 0f 00 01 00 0000f000 fffff00f
48c f8 08 0f 00 01 00 0000f000 fffff001
48d f8 08 0f 00 01 00 0000f000 fffff000
49f f8 08 2f 00 01 00 0000f000 fffff000
4a1 d8 08 2f 00 01 00 0000f000 ff0ff000
4af d8 08 2f 01 01 00 0000f000 ff0ff000
4b0 d8 08 2f 00 01 00 0000f000 ff0ff000
4b3 d8 08 3f 00 01 00 0000f000 ff0ff000
4b5 c8 08 3f 00 01 00 0000f000 ff00f000
4c3 c8 08 1f 00 01 00 0000f000 ff00f000
4c5 e8 08 1f 00 01 00 0000f000 fff0f000
4c9 e8 09 1f 00 01 00 0000f00f fff0f000
4cc e9 09 1f 00 01 00 0000f00f fff0f00e
4cd e9 09 1f 00 01 00 0000f00f fff0f00f
4d3 e9 09 0f 00 01 00 0000f00f fff0f00f
4d5 f9 09 0f 00 01 00 0000f00f fffff00f
509 f9 08 0f 00 01 00 0000f000 fffff00f
50c f8 08 0f 00 01 00 0000f000 fffff001
50d f8 08 0f 00 01 00 0000f000 fffff000
549 f8 09 0f 00 01 00 0000f00f fffff000
54c f9 09 0f 00 01 00 0000f00f fffff00e
54d f9 09 0f 00 01 00 0000f00f fffff00f
589 f9 08 0f 00 01 00 0000f000 fffff00f
58c f8 08 0f 00 01 00 0000f000 fffff001
58d f8 08 0f 00 01 00 0000f000 fffff000
689 f8 09 0f 00 01 00 0000f00f fffff000
68c f9 09 0f 00 01 00 0000f00f fffff00e
68d f9 09 0f 00 01 00 0000f00f fffff00f
6c9 f9 08 0f 00 01 00 0000f000 fffff00f
6cc f8 08 0f 00 01 00 0000f000 fffff001
6cd f8 08 0f 00 01 00 0000f000 fffff000
749 f8 09 0f 00 01 00 0000f00f fffff000
74c f9 09 0f 00 01 00 0000f00f fffff00e
74d f9 09 0f 00 01 00 0000f00f fffff00f
