1168 0 0
0 f1 00 00 00 00 00 00000000 ffff00ff
1 f1 08 08 00 00 00 0000f000 ffff00ff
3 f9 08 08 00 00 00 0000f000 fffff0ff
5 f9 08 0e 00 00 00 0000f000 fffff0ff
d f9 00 0e 00 00 00 00000000 fffff0ff
f f1 00 0e 00 00 00 00000000 ffff00ff
3d f1 02 0e 00 00 00 000000f0 ffff00ff
3f f3 02 0e 00 00 00 000000f0 ffff00ff
6d f3 00 0e 00 00 00 00000000 ffff00ff
6f f1 00 0e 00 00 00 00000000 ffff00ff
9d f1 02 0e 00 00 00 000000f0 ffff00ff
9f f3 02 0e 00 00 00 000000f0 ffff00ff
cd f3 00 0e 00 00 00 00000000 ffff00ff
cf f1 00 0e 00 00 00 00000000 ffff00ff
fd f1 02 0e 00 00 00 000000f0 ffff00ff
ff f3 02 0e 00 00 00 000000f0 ffff00ff
12d f3 00 0e 00 00 00 00000000 ffff00ff
12f f1 00 0e 00 00 00 00000000 ffff00ff
15d f1 02 0e 00 00 00 000000f0 ffff00ff
15f f3 02 0e 00 00 00 000000f0 ffff00ff
18d f3 00 0e 00 00 00 00000000 ffff00ff
18f f1 00 0e 00 00 00 00000000 ffff00ff
1bd f1 02 0e 00 00 00 000000f0 ffff00ff
1bf f3 02 0e 00 00 00 000000f0 ffff00ff
1ed f3 00 0e 00 00 00 00000000 ffff00ff
1ef f1 00 0e 00 00 00 00000000 ffff00ff
1f5 f1 04 0e 00 00 00 00000f00 ffff00ff
1f7 f5 04 0e 00 00 00 00000f00 ffff0fff
21d f5 06 0e 00 00 00 00000ff0 ffff0fff
21f f7 06 0e 00 00 00 00000ff0 ffff0fff
24d f7 04 0e 00 00 00 00000f00 ffff0fff
24f f5 04 0e 00 00 00 00000f00 ffff0fff
27d f5 06 0e 00 00 00 00000ff0 ffff0fff
27f f7 06 0e 00 00 00 00000ff0 ffff0fff
2ad f7 04 0e 00 00 00 00000f00 ffff0fff
2af f5 04 0e 00 00 00 00000f00 ffff0fff
2b5 f5 00 0e 00 00 00 00000000 ffff0fff
2b7 f1 00 0e 00 00 00 00000000 ffff00ff
2dd f1 02 0e 00 00 00 000000f0 ffff00ff
2df f3 02 0e 00 00 00 000000f0 ffff00ff
30d f3 00 0e 00 00 00 00000000 ffff00ff
30f f1 00 0e 00 00 00 00000000 ffff00ff
315 f1 08 0e 00 00 00 0000f000 ffff00ff
317 f9 08 0e 00 00 00 0000f000 fffff0ff
