06-Oct-2026 00:19:04 | INFO    | Your Klayout version is: KLayout 0.30.9
06-Oct-2026 00:19:04 | INFO    | Running SG13CMOS5L LVS checks on design /work/in.gds on cell GC_ARRAY_2x2
2026-10-06 00:19:04 +0000: Memory Usage (423416K) : Starting running SG13CMOS5L Klayout LVS runset on /work/in.gds
2026-10-06 00:19:04 +0000: Memory Usage (423416K) : Ruby Version for klayout: 3.4.9
2026-10-06 00:19:04 +0000: Memory Usage (424308K) : Loading database to memory is complete.
2026-10-06 00:19:04 +0000: Memory Usage (424308K) : SG13CMOS5L Klayout LVS runset output at: /work/out/in.lvsdb
2026-10-06 00:19:04 +0000: Memory Usage (424308K) : Evaluate switches.
2026-10-06 00:19:04 +0000: Memory Usage (424308K) : Extracted netlist with net names: true
2026-10-06 00:19:04 +0000: Memory Usage (424308K) : Extracted netlist with comments in details: false
2026-10-06 00:19:04 +0000: Memory Usage (424308K) : Selected NET_ONLY option: false
2026-10-06 00:19:04 +0000: Memory Usage (424308K) : Selected LAYOUT_NETLIST option: (none)
2026-10-06 00:19:04 +0000: Memory Usage (424308K) : Selected IGNORE_TOP_PORTS_MISMATCH option: 
2026-10-06 00:19:04 +0000: Memory Usage (424308K) : Selected IMPLICIT_NETS option: (none)
2026-10-06 00:19:04 +0000: Memory Usage (424308K) : Selected TOP_LVL_PINS option: false
2026-10-06 00:19:04 +0000: Memory Usage (424308K) : Selected COMBINE DEVICES option: false
2026-10-06 00:19:04 +0000: Memory Usage (424308K) : Selected PURGE option: false
2026-10-06 00:19:04 +0000: Memory Usage (424308K) : Selected PURGE_NETS option: false
2026-10-06 00:19:04 +0000: Memory Usage (424308K) : Selected SIMPLIFY option: true
2026-10-06 00:19:04 +0000: Memory Usage (424308K) : Selected SERIES_RES option: true
2026-10-06 00:19:04 +0000: Memory Usage (424308K) : Selected PARALLEL_RES option: true
2026-10-06 00:19:04 +0000: Memory Usage (424308K) : Selected DISABLE_TAP_EXTRACTION option: false
2026-10-06 00:19:04 +0000: Memory Usage (424308K) : flat  mode is enabled.
2026-10-06 00:19:04 +0000: Memory Usage (424564K) : Netlist file: /work/in.cir
2026-10-06 00:19:04 +0000: Memory Usage (424564K) : LVS extracted netlist at: /work/out/in_extracted.cir
2026-10-06 00:19:04 +0000: Memory Usage (424564K) : Applying SRAM integration support.
2026-10-06 00:19:04 +0000: Memory Usage (424564K) : Starting SG13CMOS5L LVS runset
2026-10-06 00:19:04 +0000: Memory Usage (424564K) : Read in polygons from layers.
2026-10-06 00:19:04 +0000: Memory Usage (425364K) : activ_drw has 4 polygons
2026-10-06 00:19:04 +0000: Memory Usage (425364K) : activ_filler has 0 polygons
2026-10-06 00:19:04 +0000: Memory Usage (425620K) : activ has 4 polygons
2026-10-06 00:19:04 +0000: Memory Usage (425620K) : activ_pin has 0 polygons
2026-10-06 00:19:04 +0000: Memory Usage (425620K) : activ_mask has 0 polygons
2026-10-06 00:19:04 +0000: Memory Usage (425620K) : activ_nofill has 0 polygons
2026-10-06 00:19:04 +0000: Memory Usage (425620K) : activ_OPC has 0 polygons
2026-10-06 00:19:04 +0000: Memory Usage (425620K) : activ_iOPC has 0 polygons
2026-10-06 00:19:04 +0000: Memory Usage (425620K) : activ_noqrc has 0 polygons
2026-10-06 00:19:04 +0000: Memory Usage (425620K) : biwind_drw has 0 polygons
2026-10-06 00:19:04 +0000: Memory Usage (425620K) : biwind_OPC has 0 polygons
2026-10-06 00:19:04 +0000: Memory Usage (425620K) : gatpoly_drw has 8 polygons
2026-10-06 00:19:04 +0000: Memory Usage (425620K) : gatpoly_filler has 0 polygons
2026-10-06 00:19:04 +0000: Memory Usage (425620K) : gatpoly has 8 polygons
2026-10-06 00:19:04 +0000: Memory Usage (425620K) : gatpoly_pin has 0 polygons
2026-10-06 00:19:04 +0000: Memory Usage (425620K) : gatpoly_nofill has 0 polygons
2026-10-06 00:19:04 +0000: Memory Usage (425620K) : gatpoly_OPC has 0 polygons
2026-10-06 00:19:04 +0000: Memory Usage (425620K) : gatpoly_iOPC has 0 polygons
2026-10-06 00:19:04 +0000: Memory Usage (425620K) : gatpoly_noqrc has 0 polygons
2026-10-06 00:19:04 +0000: Memory Usage (425876K) : cont_drw has 26 polygons
2026-10-06 00:19:04 +0000: Memory Usage (425876K) : cont_OPC has 0 polygons
2026-10-06 00:19:04 +0000: Memory Usage (425876K) : nsd_drw has 0 polygons
2026-10-06 00:19:04 +0000: Memory Usage (425876K) : nsd_block has 0 polygons
2026-10-06 00:19:04 +0000: Memory Usage (426132K) : metal1_drw has 18 polygons
2026-10-06 00:19:04 +0000: Memory Usage (426132K) : metal1_filler has 0 polygons
2026-10-06 00:19:04 +0000: Memory Usage (426132K) : metal1_slit has 0 polygons
2026-10-06 00:19:04 +0000: Memory Usage (426132K) : metal1 has 18 polygons
2026-10-06 00:19:04 +0000: Memory Usage (426388K) : metal1_pin has 0 polygons
2026-10-06 00:19:04 +0000: Memory Usage (426388K) : metal1_mask has 0 polygons
2026-10-06 00:19:04 +0000: Memory Usage (426644K) : metal1_nofill has 0 polygons
2026-10-06 00:19:04 +0000: Memory Usage (426644K) : metal1_text has 0 polygons
2026-10-06 00:19:04 +0000: Memory Usage (426900K) : metal1_OPC has 0 polygons
2026-10-06 00:19:04 +0000: Memory Usage (426900K) : metal1_noqrc has 0 polygons
2026-10-06 00:19:04 +0000: Memory Usage (427156K) : metal1_res has 0 polygons
2026-10-06 00:19:04 +0000: Memory Usage (427156K) : metal1_iprobe has 0 polygons
2026-10-06 00:19:04 +0000: Memory Usage (427412K) : metal1_diffprb has 0 polygons
2026-10-06 00:19:04 +0000: Memory Usage (427412K) : passiv_drw has 0 polygons
2026-10-06 00:19:04 +0000: Memory Usage (427668K) : passiv_pin has 0 polygons
2026-10-06 00:19:04 +0000: Memory Usage (427924K) : passiv_sbump has 0 polygons
2026-10-06 00:19:04 +0000: Memory Usage (427924K) : passiv_pillar has 0 polygons
2026-10-06 00:19:04 +0000: Memory Usage (428180K) : passiv_pdl has 0 polygons
2026-10-06 00:19:04 +0000: Memory Usage (428180K) : metal2_drw has 10 polygons
2026-10-06 00:19:04 +0000: Memory Usage (428436K) : metal2_filler has 0 polygons
2026-10-06 00:19:04 +0000: Memory Usage (428692K) : metal2_slit has 0 polygons
2026-10-06 00:19:04 +0000: Memory Usage (428692K) : metal2 has 10 polygons
2026-10-06 00:19:04 +0000: Memory Usage (428948K) : metal2_pin has 4 polygons
2026-10-06 00:19:04 +0000: Memory Usage (428948K) : metal2_mask has 0 polygons
2026-10-06 00:19:04 +0000: Memory Usage (429204K) : metal2_nofill has 0 polygons
2026-10-06 00:19:04 +0000: Memory Usage (429204K) : metal2_text has 4 polygons
2026-10-06 00:19:04 +0000: Memory Usage (429204K) : metal2_OPC has 0 polygons
2026-10-06 00:19:04 +0000: Memory Usage (429204K) : metal2_noqrc has 0 polygons
2026-10-06 00:19:04 +0000: Memory Usage (429204K) : metal2_res has 0 polygons
2026-10-06 00:19:04 +0000: Memory Usage (429460K) : metal2_iprobe has 0 polygons
2026-10-06 00:19:04 +0000: Memory Usage (429460K) : metal2_diffprb has 0 polygons
2026-10-06 00:19:04 +0000: Memory Usage (429460K) : baspoly_drw has 0 polygons
2026-10-06 00:19:04 +0000: Memory Usage (429460K) : baspoly_pin has 0 polygons
2026-10-06 00:19:04 +0000: Memory Usage (429460K) : psd_drw has 4 polygons
2026-10-06 00:19:04 +0000: Memory Usage (429460K) : nldb_drw has 0 polygons
2026-10-06 00:19:04 +0000: Memory Usage (429460K) : digibnd_drw has 0 polygons
2026-10-06 00:19:04 +0000: Memory Usage (429460K) : via1_drw has 14 polygons
2026-10-06 00:19:04 +0000: Memory Usage (429460K) : backmetal1_drw has 0 polygons
2026-10-06 00:19:04 +0000: Memory Usage (429460K) : backmetal1_pin has 0 polygons
2026-10-06 00:19:04 +0000: Memory Usage (429460K) : backmetal1_mask has 0 polygons
2026-10-06 00:19:04 +0000: Memory Usage (429460K) : backmetal1_filler has 0 polygons
2026-10-06 00:19:04 +0000: Memory Usage (429460K) : backmetal1_nofill has 0 polygons
2026-10-06 00:19:04 +0000: Memory Usage (429460K) : backmetal1_slit has 0 polygons
2026-10-06 00:19:04 +0000: Memory Usage (429460K) : backmetal1_text has 0 polygons
2026-10-06 00:19:04 +0000: Memory Usage (429460K) : backmetal1_OPC has 0 polygons
2026-10-06 00:19:04 +0000: Memory Usage (429460K) : backmetal1_noqrc has 0 polygons
2026-10-06 00:19:04 +0000: Memory Usage (429460K) : backmetal1_res has 0 polygons
2026-10-06 00:19:04 +0000: Memory Usage (429460K) : backmetal1_iprobe has 0 polygons
2026-10-06 00:19:04 +0000: Memory Usage (429460K) : backmetal1_diffprb has 0 polygons
2026-10-06 00:19:04 +0000: Memory Usage (429460K) : backpassiv_drw has 0 polygons
2026-10-06 00:19:04 +0000: Memory Usage (429460K) : res_drw has 0 polygons
2026-10-06 00:19:04 +0000: Memory Usage (429460K) : sram_drw has 0 polygons
2026-10-06 00:19:04 +0000: Memory Usage (429460K) : trans_drw has 0 polygons
2026-10-06 00:19:04 +0000: Memory Usage (429460K) : ind_drw has 0 polygons
2026-10-06 00:19:04 +0000: Memory Usage (429460K) : ind_pin has 0 polygons
2026-10-06 00:19:04 +0000: Memory Usage (429460K) : ind_text has 0 polygons
2026-10-06 00:19:04 +0000: Memory Usage (429460K) : salblock_drw has 0 polygons
2026-10-06 00:19:04 +0000: Memory Usage (429460K) : via2_drw has 6 polygons
2026-10-06 00:19:04 +0000: Memory Usage (429460K) : metal3_drw has 6 polygons
2026-10-06 00:19:04 +0000: Memory Usage (429460K) : metal3_filler has 0 polygons
2026-10-06 00:19:04 +0000: Memory Usage (429716K) : metal3_slit has 0 polygons
2026-10-06 00:19:04 +0000: Memory Usage (429716K) : metal3 has 6 polygons
2026-10-06 00:19:04 +0000: Memory Usage (429972K) : metal3_pin has 4 polygons
2026-10-06 00:19:04 +0000: Memory Usage (429972K) : metal3_mask has 0 polygons
2026-10-06 00:19:04 +0000: Memory Usage (430228K) : metal3_nofill has 0 polygons
2026-10-06 00:19:04 +0000: Memory Usage (430228K) : metal3_text has 4 polygons
2026-10-06 00:19:04 +0000: Memory Usage (430484K) : metal3_OPC has 0 polygons
2026-10-06 00:19:04 +0000: Memory Usage (430484K) : metal3_noqrc has 0 polygons
2026-10-06 00:19:04 +0000: Memory Usage (430740K) : metal3_res has 0 polygons
2026-10-06 00:19:04 +0000: Memory Usage (430740K) : metal3_iprobe has 0 polygons
2026-10-06 00:19:04 +0000: Memory Usage (430740K) : metal3_diffprb has 0 polygons
2026-10-06 00:19:04 +0000: Memory Usage (430740K) : nwell_drw has 0 polygons
2026-10-06 00:19:04 +0000: Memory Usage (430740K) : nwell_pin has 0 polygons
2026-10-06 00:19:04 +0000: Memory Usage (430740K) : nwell_text has 0 polygons
2026-10-06 00:19:04 +0000: Memory Usage (430740K) : nbulay_drw has 0 polygons
2026-10-06 00:19:04 +0000: Memory Usage (430740K) : nbulay_pin has 0 polygons
2026-10-06 00:19:04 +0000: Memory Usage (430740K) : nbulay_block has 0 polygons
2026-10-06 00:19:04 +0000: Memory Usage (430740K) : emwind_drw has 0 polygons
2026-10-06 00:19:04 +0000: Memory Usage (430740K) : emwind_OPC has 0 polygons
2026-10-06 00:19:04 +0000: Memory Usage (430740K) : deepco_drw has 0 polygons
2026-10-06 00:19:04 +0000: Memory Usage (430740K) : mim_drw has 0 polygons
2026-10-06 00:19:04 +0000: Memory Usage (430740K) : edgeseal_drw has 0 polygons
2026-10-06 00:19:04 +0000: Memory Usage (430740K) : substrate_drw has 0 polygons
2026-10-06 00:19:04 +0000: Memory Usage (430740K) : substrate_text has 0 polygons
2026-10-06 00:19:04 +0000: Memory Usage (430740K) : dfpad_drw has 0 polygons
2026-10-06 00:19:04 +0000: Memory Usage (430740K) : dfpad_pillar has 0 polygons
2026-10-06 00:19:04 +0000: Memory Usage (430740K) : dfpad_sbump has 0 polygons
2026-10-06 00:19:04 +0000: Memory Usage (430740K) : thickgateox_drw has 1 polygons
2026-10-06 00:19:04 +0000: Memory Usage (430740K) : pldb_drw has 0 polygons
2026-10-06 00:19:04 +0000: Memory Usage (430740K) : pwell_drw has 0 polygons
2026-10-06 00:19:04 +0000: Memory Usage (430740K) : pwell_pin has 0 polygons
2026-10-06 00:19:04 +0000: Memory Usage (430740K) : pwell_block has 0 polygons
2026-10-06 00:19:04 +0000: Memory Usage (430740K) : ic_drw has 0 polygons
2026-10-06 00:19:04 +0000: Memory Usage (430740K) : via3_drw has 2 polygons
2026-10-06 00:19:04 +0000: Memory Usage (430740K) : metal4_drw has 2 polygons
2026-10-06 00:19:04 +0000: Memory Usage (430740K) : metal4_filler has 0 polygons
2026-10-06 00:19:04 +0000: Memory Usage (430740K) : metal4_slit has 0 polygons
2026-10-06 00:19:04 +0000: Memory Usage (430740K) : metal4 has 2 polygons
2026-10-06 00:19:04 +0000: Memory Usage (430740K) : metal4_pin has 2 polygons
2026-10-06 00:19:04 +0000: Memory Usage (430740K) : metal4_mask has 0 polygons
2026-10-06 00:19:04 +0000: Memory Usage (430740K) : metal4_nofill has 0 polygons
2026-10-06 00:19:04 +0000: Memory Usage (430740K) : metal4_text has 2 polygons
2026-10-06 00:19:04 +0000: Memory Usage (430740K) : metal4_OPC has 0 polygons
2026-10-06 00:19:04 +0000: Memory Usage (430740K) : metal4_noqrc has 0 polygons
2026-10-06 00:19:04 +0000: Memory Usage (430740K) : metal4_res has 0 polygons
2026-10-06 00:19:04 +0000: Memory Usage (430740K) : metal4_iprobe has 0 polygons
2026-10-06 00:19:04 +0000: Memory Usage (430740K) : metal4_diffprb has 0 polygons
2026-10-06 00:19:04 +0000: Memory Usage (430740K) : heattrans_drw has 0 polygons
2026-10-06 00:19:04 +0000: Memory Usage (430740K) : heatres_drw has 0 polygons
2026-10-06 00:19:04 +0000: Memory Usage (430740K) : fbe_drw has 0 polygons
2026-10-06 00:19:04 +0000: Memory Usage (430740K) : empoly_drw has 0 polygons
2026-10-06 00:19:04 +0000: Memory Usage (430740K) : digisub_drw has 0 polygons
2026-10-06 00:19:04 +0000: Memory Usage (430740K) : text_drw has 0 polygons
2026-10-06 00:19:04 +0000: Memory Usage (430740K) : via4_drw has 0 polygons
2026-10-06 00:19:04 +0000: Memory Usage (430740K) : metal5_drw has 0 polygons
2026-10-06 00:19:04 +0000: Memory Usage (430740K) : metal5_filler has 0 polygons
2026-10-06 00:19:04 +0000: Memory Usage (430740K) : metal5_slit has 0 polygons
2026-10-06 00:19:04 +0000: Memory Usage (430740K) : metal5 has 0 polygons
2026-10-06 00:19:04 +0000: Memory Usage (430740K) : metal5_pin has 0 polygons
2026-10-06 00:19:04 +0000: Memory Usage (430740K) : metal5_mask has 0 polygons
2026-10-06 00:19:04 +0000: Memory Usage (430740K) : metal5_nofill has 0 polygons
2026-10-06 00:19:04 +0000: Memory Usage (430740K) : metal5_text has 0 polygons
2026-10-06 00:19:04 +0000: Memory Usage (430740K) : metal5_OPC has 0 polygons
2026-10-06 00:19:04 +0000: Memory Usage (430740K) : metal5_noqrc has 0 polygons
2026-10-06 00:19:04 +0000: Memory Usage (430740K) : metal5_res has 0 polygons
2026-10-06 00:19:04 +0000: Memory Usage (430740K) : metal5_iprobe has 0 polygons
2026-10-06 00:19:04 +0000: Memory Usage (430740K) : metal5_diffprb has 0 polygons
2026-10-06 00:19:04 +0000: Memory Usage (430740K) : radhard_drw has 0 polygons
2026-10-06 00:19:04 +0000: Memory Usage (430740K) : memcap_drw has 0 polygons
2026-10-06 00:19:04 +0000: Memory Usage (430740K) : varicap_drw has 0 polygons
2026-10-06 00:19:04 +0000: Memory Usage (430740K) : intbondvia_drw has 0 polygons
2026-10-06 00:19:04 +0000: Memory Usage (430740K) : intbondmet_drw has 0 polygons
2026-10-06 00:19:04 +0000: Memory Usage (430740K) : devbondvia_drw has 0 polygons
2026-10-06 00:19:04 +0000: Memory Usage (430740K) : devbondmet_drw has 0 polygons
2026-10-06 00:19:04 +0000: Memory Usage (430740K) : devtrench_drw has 0 polygons
2026-10-06 00:19:04 +0000: Memory Usage (430740K) : redist_drw has 0 polygons
2026-10-06 00:19:04 +0000: Memory Usage (430740K) : graphbot_drw has 0 polygons
2026-10-06 00:19:04 +0000: Memory Usage (430740K) : graphtop_drw has 0 polygons
2026-10-06 00:19:04 +0000: Memory Usage (430740K) : antvia1_drw has 0 polygons
2026-10-06 00:19:04 +0000: Memory Usage (430740K) : antmetal2_drw has 0 polygons
2026-10-06 00:19:04 +0000: Memory Usage (430740K) : graphcont_drw has 0 polygons
2026-10-06 00:19:04 +0000: Memory Usage (430740K) : siwg_drw has 0 polygons
2026-10-06 00:19:04 +0000: Memory Usage (430740K) : siwg_filler has 0 polygons
2026-10-06 00:19:04 +0000: Memory Usage (430740K) : siwg_nofill has 0 polygons
2026-10-06 00:19:04 +0000: Memory Usage (430740K) : sigrating_drw has 0 polygons
2026-10-06 00:19:04 +0000: Memory Usage (430740K) : singrating_drw has 0 polygons
2026-10-06 00:19:04 +0000: Memory Usage (430740K) : graphpas_drw has 0 polygons
2026-10-06 00:19:04 +0000: Memory Usage (430740K) : emwind3_drw has 0 polygons
2026-10-06 00:19:04 +0000: Memory Usage (430740K) : emwihv3_drw has 0 polygons
2026-10-06 00:19:04 +0000: Memory Usage (430740K) : redbulay_drw has 0 polygons
2026-10-06 00:19:04 +0000: Memory Usage (430740K) : smos_drw has 0 polygons
2026-10-06 00:19:04 +0000: Memory Usage (430740K) : graphpad_drw has 0 polygons
2026-10-06 00:19:04 +0000: Memory Usage (430740K) : polimide_drw has 0 polygons
2026-10-06 00:19:04 +0000: Memory Usage (430740K) : polimide_pin has 0 polygons
2026-10-06 00:19:04 +0000: Memory Usage (430740K) : recog_drw has 0 polygons
2026-10-06 00:19:04 +0000: Memory Usage (430740K) : recog_pin has 0 polygons
2026-10-06 00:19:04 +0000: Memory Usage (430740K) : recog_esd has 0 polygons
2026-10-06 00:19:04 +0000: Memory Usage (430740K) : recog_diode has 0 polygons
2026-10-06 00:19:04 +0000: Memory Usage (430740K) : recog_tsv has 0 polygons
2026-10-06 00:19:04 +0000: Memory Usage (430740K) : recog_iprobe has 0 polygons
2026-10-06 00:19:04 +0000: Memory Usage (430740K) : recog_diffprb has 0 polygons
2026-10-06 00:19:04 +0000: Memory Usage (430740K) : recog_pillar has 0 polygons
2026-10-06 00:19:04 +0000: Memory Usage (430740K) : recog_sbump has 0 polygons
2026-10-06 00:19:04 +0000: Memory Usage (430740K) : recog_otp has 0 polygons
2026-10-06 00:19:04 +0000: Memory Usage (430740K) : recog_pdiode has 0 polygons
2026-10-06 00:19:04 +0000: Memory Usage (430740K) : recog_mom has 0 polygons
2026-10-06 00:19:04 +0000: Memory Usage (430740K) : recog_momf has 0 polygons
2026-10-06 00:19:04 +0000: Memory Usage (430740K) : recog_pcm has 0 polygons
2026-10-06 00:19:04 +0000: Memory Usage (430740K) : colopen_drw has 0 polygons
2026-10-06 00:19:04 +0000: Memory Usage (430740K) : graphmetal1_drw has 0 polygons
2026-10-06 00:19:04 +0000: Memory Usage (430740K) : graphmetal1_filler has 0 polygons
2026-10-06 00:19:04 +0000: Memory Usage (430740K) : graphmetal1_nofill has 0 polygons
2026-10-06 00:19:04 +0000: Memory Usage (430740K) : graphmetal1_slit has 0 polygons
2026-10-06 00:19:04 +0000: Memory Usage (430740K) : graphmetal1_OPC has 0 polygons
2026-10-06 00:19:04 +0000: Memory Usage (430740K) : graphmet1l_drw has 0 polygons
2026-10-06 00:19:04 +0000: Memory Usage (430740K) : graphmet1l_filler has 0 polygons
2026-10-06 00:19:04 +0000: Memory Usage (430740K) : graphmet1l_nofill has 0 polygons
2026-10-06 00:19:04 +0000: Memory Usage (430740K) : graphmet1l_slit has 0 polygons
2026-10-06 00:19:04 +0000: Memory Usage (430740K) : graphmet1l_OPC has 0 polygons
2026-10-06 00:19:04 +0000: Memory Usage (430740K) : extblock_drw has 0 polygons
2026-10-06 00:19:04 +0000: Memory Usage (430740K) : nldd_drw has 0 polygons
2026-10-06 00:19:04 +0000: Memory Usage (430740K) : pldd_drw has 0 polygons
2026-10-06 00:19:04 +0000: Memory Usage (430740K) : next_drw has 0 polygons
2026-10-06 00:19:04 +0000: Memory Usage (430740K) : pext_drw has 0 polygons
2026-10-06 00:19:04 +0000: Memory Usage (430740K) : nexthv_drw has 0 polygons
2026-10-06 00:19:04 +0000: Memory Usage (430740K) : pexthv_drw has 0 polygons
2026-10-06 00:19:04 +0000: Memory Usage (430740K) : graphgate_drw has 0 polygons
2026-10-06 00:19:04 +0000: Memory Usage (430740K) : sinwg_drw has 0 polygons
2026-10-06 00:19:04 +0000: Memory Usage (430740K) : sinwg_filler has 0 polygons
2026-10-06 00:19:04 +0000: Memory Usage (430740K) : sinwg_nofill has 0 polygons
2026-10-06 00:19:04 +0000: Memory Usage (430740K) : mempad_drw has 0 polygons
2026-10-06 00:19:04 +0000: Memory Usage (430740K) : topvia1_drw has 0 polygons
2026-10-06 00:19:04 +0000: Memory Usage (430740K) : topmetal1_drw has 0 polygons
2026-10-06 00:19:04 +0000: Memory Usage (430740K) : topmetal1_filler has 0 polygons
2026-10-06 00:19:04 +0000: Memory Usage (430740K) : topmetal1_slit has 0 polygons
2026-10-06 00:19:04 +0000: Memory Usage (430740K) : topmetal1 has 0 polygons
2026-10-06 00:19:04 +0000: Memory Usage (430740K) : topmetal1_pin has 0 polygons
2026-10-06 00:19:04 +0000: Memory Usage (430740K) : topmetal1_mask has 0 polygons
2026-10-06 00:19:04 +0000: Memory Usage (430740K) : topmetal1_nofill has 0 polygons
2026-10-06 00:19:04 +0000: Memory Usage (430740K) : topmetal1_text has 0 polygons
2026-10-06 00:19:04 +0000: Memory Usage (430740K) : topmetal1_noqrc has 0 polygons
2026-10-06 00:19:04 +0000: Memory Usage (430740K) : topmetal1_res has 0 polygons
2026-10-06 00:19:04 +0000: Memory Usage (430740K) : topmetal1_iprobe has 0 polygons
2026-10-06 00:19:04 +0000: Memory Usage (430740K) : topmetal1_diffprb has 0 polygons
2026-10-06 00:19:04 +0000: Memory Usage (430740K) : inldpwl_drw has 0 polygons
2026-10-06 00:19:04 +0000: Memory Usage (430740K) : polyres_drw has 0 polygons
2026-10-06 00:19:04 +0000: Memory Usage (430740K) : polyres_pin has 0 polygons
2026-10-06 00:19:04 +0000: Memory Usage (430740K) : vmim_drw has 0 polygons
2026-10-06 00:19:04 +0000: Memory Usage (430740K) : nbulaycut_drw has 0 polygons
2026-10-06 00:19:04 +0000: Memory Usage (430740K) : antmetal1_drw has 0 polygons
2026-10-06 00:19:04 +0000: Memory Usage (430740K) : topvia2_drw has 0 polygons
2026-10-06 00:19:04 +0000: Memory Usage (430740K) : topmetal2_drw has 0 polygons
2026-10-06 00:19:04 +0000: Memory Usage (430740K) : topmetal2_filler has 0 polygons
2026-10-06 00:19:04 +0000: Memory Usage (430740K) : topmetal2_slit has 0 polygons
2026-10-06 00:19:04 +0000: Memory Usage (430740K) : topmetal2 has 0 polygons
2026-10-06 00:19:04 +0000: Memory Usage (430740K) : topmetal2_pin has 0 polygons
2026-10-06 00:19:04 +0000: Memory Usage (430740K) : topmetal2_mask has 0 polygons
2026-10-06 00:19:04 +0000: Memory Usage (430740K) : topmetal2_nofill has 0 polygons
2026-10-06 00:19:04 +0000: Memory Usage (430740K) : topmetal2_text has 0 polygons
2026-10-06 00:19:04 +0000: Memory Usage (430740K) : topmetal2_noqrc has 0 polygons
2026-10-06 00:19:04 +0000: Memory Usage (430740K) : topmetal2_res has 0 polygons
2026-10-06 00:19:04 +0000: Memory Usage (430740K) : topmetal2_iprobe has 0 polygons
2026-10-06 00:19:04 +0000: Memory Usage (430740K) : topmetal2_diffprb has 0 polygons
2026-10-06 00:19:04 +0000: Memory Usage (430740K) : snsring_drw has 0 polygons
2026-10-06 00:19:04 +0000: Memory Usage (430740K) : sensor_drw has 0 polygons
2026-10-06 00:19:04 +0000: Memory Usage (430740K) : snsarms_drw has 0 polygons
2026-10-06 00:19:04 +0000: Memory Usage (430740K) : snscmosvia_drw has 0 polygons
2026-10-06 00:19:04 +0000: Memory Usage (430740K) : colwind_drw has 0 polygons
2026-10-06 00:19:04 +0000: Memory Usage (430740K) : flm_drw has 0 polygons
2026-10-06 00:19:04 +0000: Memory Usage (430740K) : hafniumox_drw has 0 polygons
2026-10-06 00:19:04 +0000: Memory Usage (430740K) : memvia_drw has 0 polygons
2026-10-06 00:19:04 +0000: Memory Usage (430740K) : thinfilmres_drw has 0 polygons
2026-10-06 00:19:04 +0000: Memory Usage (430740K) : rfmem_drw has 0 polygons
2026-10-06 00:19:04 +0000: Memory Usage (430740K) : norcx_drw has 0 polygons
2026-10-06 00:19:04 +0000: Memory Usage (430740K) : norcx_m2m3 has 0 polygons
2026-10-06 00:19:04 +0000: Memory Usage (430740K) : norcx_m2m4 has 0 polygons
2026-10-06 00:19:04 +0000: Memory Usage (430740K) : norcx_m2m5 has 0 polygons
2026-10-06 00:19:04 +0000: Memory Usage (430740K) : norcx_m2tm1 has 0 polygons
2026-10-06 00:19:04 +0000: Memory Usage (430740K) : norcx_m2tm2 has 0 polygons
2026-10-06 00:19:04 +0000: Memory Usage (430740K) : norcx_m3m4 has 0 polygons
2026-10-06 00:19:04 +0000: Memory Usage (430740K) : norcx_m3m5 has 0 polygons
2026-10-06 00:19:04 +0000: Memory Usage (430740K) : norcx_m3tm1 has 0 polygons
2026-10-06 00:19:04 +0000: Memory Usage (430740K) : norcx_m3tm2 has 0 polygons
2026-10-06 00:19:04 +0000: Memory Usage (430740K) : norcx_m4m5 has 0 polygons
2026-10-06 00:19:04 +0000: Memory Usage (430740K) : norcx_m4tm1 has 0 polygons
2026-10-06 00:19:04 +0000: Memory Usage (430740K) : norcx_m4tm2 has 0 polygons
2026-10-06 00:19:04 +0000: Memory Usage (430740K) : norcx_m5tm1 has 0 polygons
2026-10-06 00:19:04 +0000: Memory Usage (430740K) : norcx_m5tm2 has 0 polygons
2026-10-06 00:19:04 +0000: Memory Usage (430740K) : norcx_tm1tm2 has 0 polygons
2026-10-06 00:19:04 +0000: Memory Usage (430740K) : norcx_m1sub has 0 polygons
2026-10-06 00:19:04 +0000: Memory Usage (430740K) : norcx_m2sub has 0 polygons
2026-10-06 00:19:04 +0000: Memory Usage (430740K) : norcx_m3sub has 0 polygons
2026-10-06 00:19:04 +0000: Memory Usage (430740K) : norcx_m4sub has 0 polygons
2026-10-06 00:19:04 +0000: Memory Usage (430740K) : norcx_m5sub has 0 polygons
2026-10-06 00:19:04 +0000: Memory Usage (430740K) : norcx_tm1sub has 0 polygons
2026-10-06 00:19:04 +0000: Memory Usage (430740K) : norcx_tm2sub has 0 polygons
2026-10-06 00:19:04 +0000: Memory Usage (430740K) : snsbotvia_drw has 0 polygons
2026-10-06 00:19:04 +0000: Memory Usage (430740K) : snstopvia_drw has 0 polygons
2026-10-06 00:19:04 +0000: Memory Usage (430740K) : deepvia_drw has 0 polygons
2026-10-06 00:19:04 +0000: Memory Usage (430740K) : fgetch_drw has 0 polygons
2026-10-06 00:19:04 +0000: Memory Usage (430740K) : ctrgat_drw has 0 polygons
2026-10-06 00:19:04 +0000: Memory Usage (430740K) : fgimp_drw has 0 polygons
2026-10-06 00:19:04 +0000: Memory Usage (430740K) : emwihv_drw has 0 polygons
2026-10-06 00:19:04 +0000: Memory Usage (430740K) : lbe_drw has 0 polygons
2026-10-06 00:19:04 +0000: Memory Usage (430740K) : alcustop_drw has 0 polygons
2026-10-06 00:19:04 +0000: Memory Usage (430740K) : nometfiller_drw has 0 polygons
2026-10-06 00:19:04 +0000: Memory Usage (430740K) : prboundary_drw has 0 polygons
2026-10-06 00:19:04 +0000: Memory Usage (430740K) : exchange0_drw has 0 polygons
2026-10-06 00:19:04 +0000: Memory Usage (430740K) : exchange0_pin has 0 polygons
2026-10-06 00:19:04 +0000: Memory Usage (430740K) : exchange0_text has 0 polygons
2026-10-06 00:19:04 +0000: Memory Usage (430740K) : exchange1_drw has 0 polygons
2026-10-06 00:19:04 +0000: Memory Usage (430740K) : exchange1_pin has 0 polygons
2026-10-06 00:19:04 +0000: Memory Usage (430740K) : exchange1_text has 0 polygons
2026-10-06 00:19:04 +0000: Memory Usage (430740K) : exchange2_drw has 0 polygons
2026-10-06 00:19:04 +0000: Memory Usage (430740K) : exchange2_pin has 0 polygons
2026-10-06 00:19:04 +0000: Memory Usage (430740K) : exchange2_text has 0 polygons
2026-10-06 00:19:04 +0000: Memory Usage (430740K) : exchange3_drw has 0 polygons
2026-10-06 00:19:04 +0000: Memory Usage (430740K) : exchange3_pin has 0 polygons
2026-10-06 00:19:04 +0000: Memory Usage (430740K) : exchange3_text has 0 polygons
2026-10-06 00:19:04 +0000: Memory Usage (430740K) : exchange4_drw has 0 polygons
2026-10-06 00:19:04 +0000: Memory Usage (430740K) : exchange4_pin has 0 polygons
2026-10-06 00:19:04 +0000: Memory Usage (430740K) : exchange4_text has 0 polygons
2026-10-06 00:19:04 +0000: Memory Usage (430740K) : isonwell_drw has 0 polygons
2026-10-06 00:19:04 +0000: Memory Usage (430740K) : Total no. of polygons in the design is 121
2026-10-06 00:19:04 +0000: Memory Usage (430740K) : Starting CMOS5L Forbidden Layer Check
2026-10-06 00:19:04 +0000: Memory Usage (430740K) : CMOS5L Forbidden Layer Check: PASSED - No forbidden layers found
2026-10-06 00:19:04 +0000: Memory Usage (430740K) : CMOS5L Forbidden Layer Check: PASSED
2026-10-06 00:19:04 +0000: Memory Usage (430740K) : Starting base layers derivations
2026-10-06 00:19:04 +0000: Memory Usage (430740K) : Starting general LVS derivations
2026-10-06 00:19:05 +0000: Memory Usage (431924K) : Starting MOSFET DERIVATIONS
2026-10-06 00:19:05 +0000: Memory Usage (431924K) : Starting NMOS DERIVATIONS
2026-10-06 00:19:05 +0000: Memory Usage (431924K) : Starting PMOS DERIVATIONS
2026-10-06 00:19:05 +0000: Memory Usage (431924K) : Starting RF-MOSFET DERIVATIONS
2026-10-06 00:19:05 +0000: Memory Usage (431924K) : Starting RF-NMOS DERIVATIONS
2026-10-06 00:19:05 +0000: Memory Usage (431924K) : Starting RF-PMOS DERIVATIONS
2026-10-06 00:19:05 +0000: Memory Usage (431924K) : Starting BJT DERIVATIONS
2026-10-06 00:19:05 +0000: Memory Usage (431924K) : Starting NPN-BJT DERIVATIONS
2026-10-06 00:19:05 +0000: Memory Usage (431924K) : Starting PNP-BJT DERIVATIONS
2026-10-06 00:19:05 +0000: Memory Usage (431924K) : Starting DIODE DERIVATIONS
2026-10-06 00:19:05 +0000: Memory Usage (431924K) : Starting RESISTOR DERIVATIONS
2026-10-06 00:19:05 +0000: Memory Usage (431924K) : Starting CAP DERIVATIONS
2026-10-06 00:19:05 +0000: Memory Usage (431924K) : Starting CMOS5L SVaricap derivations override
2026-10-06 00:19:05 +0000: Memory Usage (431924K) : Starting CAP_CMOM DERIVATIONS
2026-10-06 00:19:05 +0000: Memory Usage (431924K) : Starting CAP_CMOMF DERIVATIONS
2026-10-06 00:19:05 +0000: Memory Usage (431924K) : Starting ESD DERIVATIONS
2026-10-06 00:19:05 +0000: Memory Usage (431924K) : Starting Inductor DERIVATIONS
2026-10-06 00:19:05 +0000: Memory Usage (432180K) : Starting Taps DERIVATIONS
2026-10-06 00:19:05 +0000: Memory Usage (432180K) : Starting SG13G2 LVS connectivity setup
2026-10-06 00:19:05 +0000: Memory Usage (432180K) : Starting SG13CMOS5L LVS connectivity setup (Inter-layer)
2026-10-06 00:19:05 +0000: Memory Usage (433072K) : Starting SG13CMOS5L LVS connectivity setup (Global)
2026-10-06 00:19:05 +0000: Memory Usage (433072K) : Starting LVS MOSFET CONNECTIONS
2026-10-06 00:19:05 +0000: Memory Usage (433072K) : Starting LVS RF-MOSFET CONNECTIONS
2026-10-06 00:19:05 +0000: Memory Usage (433072K) : Starting LVS BJT CONNECTIONS
2026-10-06 00:19:05 +0000: Memory Usage (433072K) : Starting LVS DIODE CONNECTIONS
2026-10-06 00:19:05 +0000: Memory Usage (433072K) : Starting RESISTOR CONNECTIONS
2026-10-06 00:19:05 +0000: Memory Usage (433072K) : Starting LVS CAP CONNECTIONS
2026-10-06 00:19:05 +0000: Memory Usage (433072K) : Starting CAP_CMOM CONNECTIONS
2026-10-06 00:19:05 +0000: Memory Usage (433072K) : Starting CAP_CMOMF CONNECTIONS
2026-10-06 00:19:05 +0000: Memory Usage (433072K) : Starting ESD CONNECTIONS
2026-10-06 00:19:05 +0000: Memory Usage (433072K) : Starting Inductor CONNECTIONS
2026-10-06 00:19:05 +0000: Memory Usage (433072K) : Starting LVS Taps CONNECTIONS
2026-10-06 00:19:05 +0000: Memory Usage (433072K) : Starting SG13CMOS5L LVS DEVICES EXTRACTION
2026-10-06 00:19:05 +0000: Memory Usage (433072K) : Starting MOSFET EXTRACTION
2026-10-06 00:19:05 +0000: Memory Usage (433072K) : Starting NMOS EXTRACTION
2026-10-06 00:19:05 +0000: Memory Usage (433072K) : Extraction of NMOS-LV transistor
2026-10-06 00:19:05 +0000: Memory Usage (433328K) : Extraction of NMOS-HV transistor
2026-10-06 00:19:05 +0000: Memory Usage (433328K) : Starting PMOS EXTRACTION
2026-10-06 00:19:05 +0000: Memory Usage (433328K) : Extraction of PMOS-LV transistor
2026-10-06 00:19:05 +0000: Memory Usage (433328K) : Extraction of PMOS-HV transistor
2026-10-06 00:19:05 +0000: Memory Usage (433328K) : Starting RF-MOSFET EXTRACTION
2026-10-06 00:19:05 +0000: Memory Usage (433328K) : Extraction of RF-NMOS-LV transistor
2026-10-06 00:19:05 +0000: Memory Usage (433328K) : Extraction of RF-NMOS-HV transistor
2026-10-06 00:19:05 +0000: Memory Usage (433328K) : Extraction of RF-PMOS-LV transistor
2026-10-06 00:19:05 +0000: Memory Usage (433328K) : Extraction of RF-PMOS-HV transistor
2026-10-06 00:19:05 +0000: Memory Usage (433328K) : Starting BJT EXTRACTION
2026-10-06 00:19:05 +0000: Memory Usage (433328K) : Starting NPN-BJT EXTRACTION
2026-10-06 00:19:05 +0000: Memory Usage (433328K) : Extraction of npn13G2 BJT transistor
2026-10-06 00:19:05 +0000: Memory Usage (433328K) : Extraction of npn13G2L BJT transistor
2026-10-06 00:19:05 +0000: Memory Usage (433328K) : Extraction of npn13G2V BJT transistor
2026-10-06 00:19:05 +0000: Memory Usage (433328K) : Starting PNP-BJT EXTRACTION
2026-10-06 00:19:05 +0000: Memory Usage (433328K) : Extracting pnpMPA BJT
2026-10-06 00:19:05 +0000: Memory Usage (433328K) : Starting DIODE EXTRACTION
2026-10-06 00:19:05 +0000: Memory Usage (433328K) : Extracting dantenna diode
2026-10-06 00:19:05 +0000: Memory Usage (433328K) : Extracting dpantenna diode
2026-10-06 00:19:05 +0000: Memory Usage (433328K) : Extracting schottky_nbl1 diode
2026-10-06 00:19:05 +0000: Memory Usage (433328K) : Extracting isolbox diode
2026-10-06 00:19:05 +0000: Memory Usage (433328K) : Starting RESISTOR EXTRACTION
2026-10-06 00:19:05 +0000: Memory Usage (433328K) : Extracting rsil resistor
2026-10-06 00:19:05 +0000: Memory Usage (433328K) : Extracting rppd resistor
2026-10-06 00:19:05 +0000: Memory Usage (433328K) : Extracting rhigh resistor
2026-10-06 00:19:05 +0000: Memory Usage (433328K) : Extracting res_metal1 resistor
2026-10-06 00:19:05 +0000: Memory Usage (433328K) : Extracting res_metal2 resistor
2026-10-06 00:19:05 +0000: Memory Usage (433328K) : Extracting res_metal3 resistor
2026-10-06 00:19:05 +0000: Memory Usage (433328K) : Extracting res_metal4 resistor
2026-10-06 00:19:05 +0000: Memory Usage (433328K) : Extracting res_metal5 resistor
2026-10-06 00:19:05 +0000: Memory Usage (433328K) : Extracting res_topmetal1 resistor
2026-10-06 00:19:05 +0000: Memory Usage (433328K) : Extracting res_topmetal2 resistor
2026-10-06 00:19:05 +0000: Memory Usage (433328K) : Starting CAP EXTRACTION
2026-10-06 00:19:05 +0000: Memory Usage (433328K) : Extracting cap_cmim device
2026-10-06 00:19:05 +0000: Memory Usage (433328K) : Extracting rfcmim device
2026-10-06 00:19:05 +0000: Memory Usage (433328K) : Extracting sg13_hv_svaricap varactor
2026-10-06 00:19:05 +0000: Memory Usage (433328K) : Extracting cap_cmomi device
2026-10-06 00:19:05 +0000: Memory Usage (433328K) : Extracting cap_cmomf device
2026-10-06 00:19:05 +0000: Memory Usage (433328K) : Extracting sg13_moscap_n capacitor
2026-10-06 00:19:05 +0000: Memory Usage (433328K) : Extracting sg13_moscap_p capacitor
2026-10-06 00:19:05 +0000: Memory Usage (433328K) : Starting ESD EXTRACTION
2026-10-06 00:19:05 +0000: Memory Usage (433328K) : Extracting diodevdd_2kv ESD device
2026-10-06 00:19:05 +0000: Memory Usage (433328K) : Extracting diodevdd_4kv ESD device
2026-10-06 00:19:05 +0000: Memory Usage (433328K) : Extracting diodevss_2kv ESD device
2026-10-06 00:19:05 +0000: Memory Usage (433328K) : Extracting diodevss_4kv ESD device
2026-10-06 00:19:05 +0000: Memory Usage (433328K) : Extracting idiodevdd_2kv ESD device
2026-10-06 00:19:05 +0000: Memory Usage (433328K) : Extracting idiodevdd_4kv ESD device
2026-10-06 00:19:05 +0000: Memory Usage (433328K) : Extracting idiodevss_2kv ESD device
2026-10-06 00:19:05 +0000: Memory Usage (433328K) : Extracting idiodevss_4kv ESD device
2026-10-06 00:19:05 +0000: Memory Usage (433328K) : Extracting nmoscl_2 ESD device
2026-10-06 00:19:05 +0000: Memory Usage (433328K) : Extracting nmoscl_4 ESD device
2026-10-06 00:19:05 +0000: Memory Usage (433328K) : Starting Inductor EXTRACTION
2026-10-06 00:19:05 +0000: Memory Usage (433328K) : Extracting Inductor2 device
2026-10-06 00:19:05 +0000: Memory Usage (433328K) : Extracting Inductor3 device
2026-10-06 00:19:05 +0000: Memory Usage (433328K) : Starting Taps EXTRACTION
2026-10-06 00:19:05 +0000: Memory Usage (433328K) : Extracting ntap1 device
2026-10-06 00:19:05 +0000: Memory Usage (433328K) : Extracting ptap1 device
2026-10-06 00:19:05 +0000: Memory Usage (433328K) : Starting SG13CMOS5L LVS RF MOS Model Mapping
2026-10-06 00:19:05 +0000: Memory Usage (433328K) : [layout_netlist] Apply RF MOS model mapping and rfmode parameter.
2026-10-06 00:19:05 +0000: Memory Usage (433328K) : Starting SG13CMOS5L LVS Options Preparations
2026-10-06 00:19:05 +0000: Memory Usage (433328K) : SG13CMOS5L LVS flow: extraction -> alignment -> option preparation -> comparison.
2026-10-06 00:19:05 +0000: Memory Usage (433328K) : Starting SG13CMOS5L LVS Alignment
2026-10-06 00:19:05 +0000: Memory Usage (433328K) : Devices to compare: layout=12 schematic=12 (schematic counted before alignment, both per circuit definition)
2026-10-06 00:19:05 +0000: Memory Usage (433328K) : Starting SG13CMOS5L LVS Simplification
2026-10-06 00:19:05 +0000: Memory Usage (433328K) : [layout_netlist] simplify: ENABLED
2026-10-06 00:19:05 +0000: Memory Usage (433328K) : [layout_netlist] make_top_level_pins: SKIPPED
2026-10-06 00:19:05 +0000: Memory Usage (433328K) : [layout_netlist] combine_devices: SKIPPED
2026-10-06 00:19:05 +0000: Memory Usage (433328K) : [layout_netlist] purge: SKIPPED
2026-10-06 00:19:05 +0000: Memory Usage (433328K) : [layout_netlist] purge_nets: SKIPPED
2026-10-06 00:19:05 +0000: Memory Usage (433328K) : [schematic_netlist] simplify: ENABLED
2026-10-06 00:19:05 +0000: Memory Usage (433328K) : [schematic_netlist] make_top_level_pins: SKIPPED
2026-10-06 00:19:05 +0000: Memory Usage (433328K) : [schematic_netlist] combine_devices: SKIPPED
2026-10-06 00:19:05 +0000: Memory Usage (433328K) : [schematic_netlist] purge: SKIPPED
2026-10-06 00:19:05 +0000: Memory Usage (433328K) : [schematic_netlist] purge_nets: SKIPPED
2026-10-06 00:19:05 +0000: Memory Usage (433328K) : Starting SG13CMOS5L LVS Comparison in strict port mode.
2026-10-06 00:19:05 +0000: Memory Usage (433328K) : flag_missing_ports enabled: missing/mislabeled top-level ports are treated as errors.
2026-10-06 00:19:05 +0000: Memory Usage (433600K) : xxxxxxxxxxxxxxxxxxxxxxxxxxxxxxxxxxxxxxxxxx
2026-10-06 00:19:05 +0000: Memory Usage (433600K) : ERROR : Netlists don't match
2026-10-06 00:19:05 +0000: Memory Usage (433600K) : xxxxxxxxxxxxxxxxxxxxxxxxxxxxxxxxxxxxxxxxxx
2026-10-06 00:19:05 +0000: Memory Usage (433600K) : LVS Total Run time 0.538738 seconds
06-Oct-2026 00:19:05 | INFO    | ==============================================================================
06-Oct-2026 00:19:05 | INFO    | Important Summary
06-Oct-2026 00:19:05 | INFO    | +------------------+--------------------------------------------------------------+
06-Oct-2026 00:19:05 | INFO    | | Status           | FAIL                                                         |
06-Oct-2026 00:19:05 | INFO    | | Mode             | COMPARE                                                      |
06-Oct-2026 00:19:05 | INFO    | | Outcome          | Comparison mode: FAIL (netlists do not match).               |
06-Oct-2026 00:19:05 | INFO    | | Layout           | in.gds                                                       |
06-Oct-2026 00:19:05 | INFO    | | Top Cell         | GC_ARRAY_2x2                                                 |
06-Oct-2026 00:19:05 | INFO    | | Results Dir      | /work/out                                                    |
06-Oct-2026 00:19:05 | INFO    | | Warnings         | 0                                                            |
06-Oct-2026 00:19:05 | INFO    | | Errors           | 1                                                            |
06-Oct-2026 00:19:05 | INFO    | | Run Time (s)     | 1.496                                                        |
06-Oct-2026 00:19:05 | INFO    | +------------------+--------------------------------------------------------------+
06-Oct-2026 00:19:05 | ERROR   | Key errors:
06-Oct-2026 00:19:05 | ERROR   |   - 2026-10-06 00:19:05 +0000: Memory Usage (433600K) : ERROR : Netlists don't match
06-Oct-2026 00:19:05 | INFO    | ==============================================================================
