06-Oct-2026 01:11:13 | INFO    | Your Klayout version is: KLayout 0.30.9
06-Oct-2026 01:11:13 | INFO    | Running SG13CMOS5L LVS checks on design /work/in.gds on cell gc_bank_32x32
2026-10-06 01:11:13 +0000: Memory Usage (423180K) : Starting running SG13CMOS5L Klayout LVS runset on /work/in.gds
2026-10-06 01:11:13 +0000: Memory Usage (423460K) : Ruby Version for klayout: 3.4.9
2026-10-06 01:11:13 +0000: Memory Usage (424580K) : Loading database to memory is complete.
2026-10-06 01:11:13 +0000: Memory Usage (424580K) : SG13CMOS5L Klayout LVS runset output at: /work/out/in.lvsdb
2026-10-06 01:11:13 +0000: Memory Usage (424580K) : Evaluate switches.
2026-10-06 01:11:13 +0000: Memory Usage (424580K) : Extracted netlist with net names: true
2026-10-06 01:11:13 +0000: Memory Usage (424580K) : Extracted netlist with comments in details: false
2026-10-06 01:11:13 +0000: Memory Usage (424580K) : Selected NET_ONLY option: false
2026-10-06 01:11:13 +0000: Memory Usage (424580K) : Selected LAYOUT_NETLIST option: (none)
2026-10-06 01:11:13 +0000: Memory Usage (424580K) : Selected IGNORE_TOP_PORTS_MISMATCH option: 
2026-10-06 01:11:13 +0000: Memory Usage (424580K) : Selected IMPLICIT_NETS option: (none)
2026-10-06 01:11:13 +0000: Memory Usage (424580K) : Selected TOP_LVL_PINS option: false
2026-10-06 01:11:13 +0000: Memory Usage (424580K) : Selected COMBINE DEVICES option: false
2026-10-06 01:11:13 +0000: Memory Usage (424580K) : Selected PURGE option: false
2026-10-06 01:11:13 +0000: Memory Usage (424580K) : Selected PURGE_NETS option: false
2026-10-06 01:11:13 +0000: Memory Usage (424580K) : Selected SIMPLIFY option: true
2026-10-06 01:11:13 +0000: Memory Usage (424580K) : Selected SERIES_RES option: true
2026-10-06 01:11:13 +0000: Memory Usage (424580K) : Selected PARALLEL_RES option: true
2026-10-06 01:11:13 +0000: Memory Usage (424580K) : Selected DISABLE_TAP_EXTRACTION option: false
2026-10-06 01:11:13 +0000: Memory Usage (424580K) : flat  mode is enabled.
2026-10-06 01:11:13 +0000: Memory Usage (432004K) : Netlist file: /work/in.cir
2026-10-06 01:11:13 +0000: Memory Usage (432004K) : LVS extracted netlist at: /work/out/in_extracted.cir
2026-10-06 01:11:13 +0000: Memory Usage (432004K) : Applying SRAM integration support.
2026-10-06 01:11:13 +0000: Memory Usage (432004K) : Starting SG13CMOS5L LVS runset
2026-10-06 01:11:13 +0000: Memory Usage (432004K) : Read in polygons from layers.
2026-10-06 01:11:13 +0000: Memory Usage (433608K) : activ_drw has 5475 polygons
2026-10-06 01:11:13 +0000: Memory Usage (433864K) : activ_filler has 0 polygons
2026-10-06 01:11:13 +0000: Memory Usage (433864K) : activ has 5475 polygons
2026-10-06 01:11:13 +0000: Memory Usage (433864K) : activ_pin has 0 polygons
2026-10-06 01:11:13 +0000: Memory Usage (434120K) : activ_mask has 0 polygons
2026-10-06 01:11:13 +0000: Memory Usage (434120K) : activ_nofill has 0 polygons
2026-10-06 01:11:13 +0000: Memory Usage (434376K) : activ_OPC has 0 polygons
2026-10-06 01:11:13 +0000: Memory Usage (434376K) : activ_iOPC has 0 polygons
2026-10-06 01:11:13 +0000: Memory Usage (434376K) : activ_noqrc has 0 polygons
2026-10-06 01:11:13 +0000: Memory Usage (434632K) : biwind_drw has 0 polygons
2026-10-06 01:11:13 +0000: Memory Usage (434632K) : biwind_OPC has 0 polygons
2026-10-06 01:11:13 +0000: Memory Usage (436808K) : gatpoly_drw has 8286 polygons
2026-10-06 01:11:13 +0000: Memory Usage (437064K) : gatpoly_filler has 0 polygons
2026-10-06 01:11:13 +0000: Memory Usage (437064K) : gatpoly has 8286 polygons
2026-10-06 01:11:13 +0000: Memory Usage (437064K) : gatpoly_pin has 0 polygons
2026-10-06 01:11:13 +0000: Memory Usage (437064K) : gatpoly_nofill has 0 polygons
2026-10-06 01:11:13 +0000: Memory Usage (437320K) : gatpoly_OPC has 0 polygons
2026-10-06 01:11:13 +0000: Memory Usage (437576K) : gatpoly_iOPC has 0 polygons
2026-10-06 01:11:13 +0000: Memory Usage (437576K) : gatpoly_noqrc has 0 polygons
2026-10-06 01:11:14 +0000: Memory Usage (445916K) : cont_drw has 56460 polygons
2026-10-06 01:11:14 +0000: Memory Usage (445916K) : cont_OPC has 0 polygons
2026-10-06 01:11:14 +0000: Memory Usage (445916K) : nsd_drw has 0 polygons
2026-10-06 01:11:14 +0000: Memory Usage (445916K) : nsd_block has 0 polygons
2026-10-06 01:11:14 +0000: Memory Usage (453340K) : metal1_drw has 10036 polygons
2026-10-06 01:11:14 +0000: Memory Usage (453340K) : metal1_filler has 0 polygons
2026-10-06 01:11:14 +0000: Memory Usage (453340K) : metal1_slit has 0 polygons
2026-10-06 01:11:14 +0000: Memory Usage (453340K) : metal1 has 10036 polygons
2026-10-06 01:11:14 +0000: Memory Usage (453340K) : metal1_pin has 4108 polygons
2026-10-06 01:11:14 +0000: Memory Usage (453340K) : metal1_mask has 0 polygons
2026-10-06 01:11:14 +0000: Memory Usage (453340K) : metal1_nofill has 0 polygons
2026-10-06 01:11:14 +0000: Memory Usage (453340K) : metal1_text has 8443 polygons
2026-10-06 01:11:14 +0000: Memory Usage (453340K) : metal1_OPC has 0 polygons
2026-10-06 01:11:14 +0000: Memory Usage (453340K) : metal1_noqrc has 0 polygons
2026-10-06 01:11:14 +0000: Memory Usage (453340K) : metal1_res has 0 polygons
2026-10-06 01:11:14 +0000: Memory Usage (453340K) : metal1_iprobe has 0 polygons
2026-10-06 01:11:14 +0000: Memory Usage (453340K) : metal1_diffprb has 0 polygons
2026-10-06 01:11:14 +0000: Memory Usage (453340K) : passiv_drw has 0 polygons
2026-10-06 01:11:14 +0000: Memory Usage (453340K) : passiv_pin has 0 polygons
2026-10-06 01:11:14 +0000: Memory Usage (453340K) : passiv_sbump has 0 polygons
2026-10-06 01:11:14 +0000: Memory Usage (453340K) : passiv_pillar has 0 polygons
2026-10-06 01:11:14 +0000: Memory Usage (453340K) : passiv_pdl has 0 polygons
2026-10-06 01:11:14 +0000: Memory Usage (457948K) : metal2_drw has 3577 polygons
2026-10-06 01:11:14 +0000: Memory Usage (457948K) : metal2_filler has 0 polygons
2026-10-06 01:11:14 +0000: Memory Usage (457948K) : metal2_slit has 0 polygons
2026-10-06 01:11:14 +0000: Memory Usage (457948K) : metal2 has 3577 polygons
2026-10-06 01:11:14 +0000: Memory Usage (457948K) : metal2_pin has 105 polygons
2026-10-06 01:11:14 +0000: Memory Usage (457948K) : metal2_mask has 0 polygons
2026-10-06 01:11:14 +0000: Memory Usage (457948K) : metal2_nofill has 0 polygons
2026-10-06 01:11:14 +0000: Memory Usage (457948K) : metal2_text has 105 polygons
2026-10-06 01:11:14 +0000: Memory Usage (457948K) : metal2_OPC has 0 polygons
2026-10-06 01:11:14 +0000: Memory Usage (457948K) : metal2_noqrc has 0 polygons
2026-10-06 01:11:14 +0000: Memory Usage (457948K) : metal2_res has 0 polygons
2026-10-06 01:11:14 +0000: Memory Usage (457948K) : metal2_iprobe has 0 polygons
2026-10-06 01:11:14 +0000: Memory Usage (457948K) : metal2_diffprb has 0 polygons
2026-10-06 01:11:14 +0000: Memory Usage (457948K) : baspoly_drw has 0 polygons
2026-10-06 01:11:14 +0000: Memory Usage (457948K) : baspoly_pin has 0 polygons
2026-10-06 01:11:14 +0000: Memory Usage (457948K) : psd_drw has 208 polygons
2026-10-06 01:11:14 +0000: Memory Usage (457948K) : nldb_drw has 0 polygons
2026-10-06 01:11:14 +0000: Memory Usage (457948K) : digibnd_drw has 0 polygons
2026-10-06 01:11:14 +0000: Memory Usage (457948K) : via1_drw has 5790 polygons
2026-10-06 01:11:14 +0000: Memory Usage (457948K) : backmetal1_drw has 0 polygons
2026-10-06 01:11:14 +0000: Memory Usage (457948K) : backmetal1_pin has 0 polygons
2026-10-06 01:11:14 +0000: Memory Usage (457948K) : backmetal1_mask has 0 polygons
2026-10-06 01:11:14 +0000: Memory Usage (457948K) : backmetal1_filler has 0 polygons
2026-10-06 01:11:14 +0000: Memory Usage (457948K) : backmetal1_nofill has 0 polygons
2026-10-06 01:11:14 +0000: Memory Usage (457948K) : backmetal1_slit has 0 polygons
2026-10-06 01:11:14 +0000: Memory Usage (457948K) : backmetal1_text has 0 polygons
2026-10-06 01:11:14 +0000: Memory Usage (457948K) : backmetal1_OPC has 0 polygons
2026-10-06 01:11:14 +0000: Memory Usage (457948K) : backmetal1_noqrc has 0 polygons
2026-10-06 01:11:14 +0000: Memory Usage (457948K) : backmetal1_res has 0 polygons
2026-10-06 01:11:14 +0000: Memory Usage (457948K) : backmetal1_iprobe has 0 polygons
2026-10-06 01:11:14 +0000: Memory Usage (457948K) : backmetal1_diffprb has 0 polygons
2026-10-06 01:11:14 +0000: Memory Usage (457948K) : backpassiv_drw has 0 polygons
2026-10-06 01:11:14 +0000: Memory Usage (457948K) : res_drw has 0 polygons
2026-10-06 01:11:14 +0000: Memory Usage (457948K) : sram_drw has 0 polygons
2026-10-06 01:11:14 +0000: Memory Usage (457948K) : trans_drw has 0 polygons
2026-10-06 01:11:14 +0000: Memory Usage (457948K) : ind_drw has 0 polygons
2026-10-06 01:11:14 +0000: Memory Usage (457948K) : ind_pin has 0 polygons
2026-10-06 01:11:14 +0000: Memory Usage (457948K) : ind_text has 0 polygons
2026-10-06 01:11:14 +0000: Memory Usage (457948K) : salblock_drw has 0 polygons
2026-10-06 01:11:14 +0000: Memory Usage (457948K) : via2_drw has 3815 polygons
2026-10-06 01:11:14 +0000: Memory Usage (457948K) : metal3_drw has 1749 polygons
2026-10-06 01:11:14 +0000: Memory Usage (457948K) : metal3_filler has 0 polygons
2026-10-06 01:11:14 +0000: Memory Usage (457948K) : metal3_slit has 0 polygons
2026-10-06 01:11:14 +0000: Memory Usage (457948K) : metal3 has 1749 polygons
2026-10-06 01:11:14 +0000: Memory Usage (457948K) : metal3_pin has 111 polygons
2026-10-06 01:11:14 +0000: Memory Usage (457948K) : metal3_mask has 0 polygons
2026-10-06 01:11:14 +0000: Memory Usage (457948K) : metal3_nofill has 0 polygons
2026-10-06 01:11:14 +0000: Memory Usage (457948K) : metal3_text has 111 polygons
2026-10-06 01:11:14 +0000: Memory Usage (457948K) : metal3_OPC has 0 polygons
2026-10-06 01:11:14 +0000: Memory Usage (457948K) : metal3_noqrc has 0 polygons
2026-10-06 01:11:14 +0000: Memory Usage (457948K) : metal3_res has 0 polygons
2026-10-06 01:11:14 +0000: Memory Usage (457948K) : metal3_iprobe has 0 polygons
2026-10-06 01:11:14 +0000: Memory Usage (457948K) : metal3_diffprb has 0 polygons
2026-10-06 01:11:14 +0000: Memory Usage (457948K) : nwell_drw has 38 polygons
2026-10-06 01:11:14 +0000: Memory Usage (457948K) : nwell_pin has 0 polygons
2026-10-06 01:11:14 +0000: Memory Usage (457948K) : nwell_text has 0 polygons
2026-10-06 01:11:14 +0000: Memory Usage (457948K) : nbulay_drw has 0 polygons
2026-10-06 01:11:14 +0000: Memory Usage (457948K) : nbulay_pin has 0 polygons
2026-10-06 01:11:14 +0000: Memory Usage (457948K) : nbulay_block has 0 polygons
2026-10-06 01:11:14 +0000: Memory Usage (457948K) : emwind_drw has 0 polygons
2026-10-06 01:11:14 +0000: Memory Usage (457948K) : emwind_OPC has 0 polygons
2026-10-06 01:11:14 +0000: Memory Usage (457948K) : deepco_drw has 0 polygons
2026-10-06 01:11:14 +0000: Memory Usage (457948K) : mim_drw has 0 polygons
2026-10-06 01:11:14 +0000: Memory Usage (457948K) : edgeseal_drw has 0 polygons
2026-10-06 01:11:14 +0000: Memory Usage (457948K) : substrate_drw has 0 polygons
2026-10-06 01:11:14 +0000: Memory Usage (457948K) : substrate_text has 0 polygons
2026-10-06 01:11:14 +0000: Memory Usage (457948K) : dfpad_drw has 0 polygons
2026-10-06 01:11:14 +0000: Memory Usage (457948K) : dfpad_pillar has 0 polygons
2026-10-06 01:11:14 +0000: Memory Usage (457948K) : dfpad_sbump has 0 polygons
2026-10-06 01:11:14 +0000: Memory Usage (457948K) : thickgateox_drw has 16 polygons
2026-10-06 01:11:14 +0000: Memory Usage (457948K) : pldb_drw has 0 polygons
2026-10-06 01:11:14 +0000: Memory Usage (457948K) : pwell_drw has 0 polygons
2026-10-06 01:11:14 +0000: Memory Usage (458204K) : pwell_pin has 0 polygons
2026-10-06 01:11:14 +0000: Memory Usage (458204K) : pwell_block has 0 polygons
2026-10-06 01:11:14 +0000: Memory Usage (458460K) : ic_drw has 0 polygons
2026-10-06 01:11:14 +0000: Memory Usage (458716K) : via3_drw has 515 polygons
2026-10-06 01:11:14 +0000: Memory Usage (458716K) : metal4_drw has 94 polygons
2026-10-06 01:11:14 +0000: Memory Usage (458716K) : metal4_filler has 0 polygons
2026-10-06 01:11:14 +0000: Memory Usage (458716K) : metal4_slit has 0 polygons
2026-10-06 01:11:14 +0000: Memory Usage (458716K) : metal4 has 94 polygons
2026-10-06 01:11:14 +0000: Memory Usage (458716K) : metal4_pin has 13 polygons
2026-10-06 01:11:14 +0000: Memory Usage (458716K) : metal4_mask has 0 polygons
2026-10-06 01:11:14 +0000: Memory Usage (458716K) : metal4_nofill has 0 polygons
2026-10-06 01:11:14 +0000: Memory Usage (458716K) : metal4_text has 5 polygons
2026-10-06 01:11:14 +0000: Memory Usage (458716K) : metal4_OPC has 0 polygons
2026-10-06 01:11:14 +0000: Memory Usage (458716K) : metal4_noqrc has 0 polygons
2026-10-06 01:11:14 +0000: Memory Usage (458716K) : metal4_res has 0 polygons
2026-10-06 01:11:14 +0000: Memory Usage (458716K) : metal4_iprobe has 0 polygons
2026-10-06 01:11:14 +0000: Memory Usage (458716K) : metal4_diffprb has 0 polygons
2026-10-06 01:11:14 +0000: Memory Usage (458716K) : heattrans_drw has 0 polygons
2026-10-06 01:11:14 +0000: Memory Usage (458716K) : heatres_drw has 0 polygons
2026-10-06 01:11:14 +0000: Memory Usage (458716K) : fbe_drw has 0 polygons
2026-10-06 01:11:14 +0000: Memory Usage (458716K) : empoly_drw has 0 polygons
2026-10-06 01:11:14 +0000: Memory Usage (458716K) : digisub_drw has 0 polygons
2026-10-06 01:11:14 +0000: Memory Usage (458716K) : text_drw has 0 polygons
2026-10-06 01:11:14 +0000: Memory Usage (458716K) : via4_drw has 0 polygons
2026-10-06 01:11:14 +0000: Memory Usage (458972K) : metal5_drw has 0 polygons
2026-10-06 01:11:14 +0000: Memory Usage (458972K) : metal5_filler has 0 polygons
2026-10-06 01:11:14 +0000: Memory Usage (458972K) : metal5_slit has 0 polygons
2026-10-06 01:11:14 +0000: Memory Usage (459228K) : metal5 has 0 polygons
2026-10-06 01:11:14 +0000: Memory Usage (459228K) : metal5_pin has 0 polygons
2026-10-06 01:11:14 +0000: Memory Usage (459228K) : metal5_mask has 0 polygons
2026-10-06 01:11:14 +0000: Memory Usage (459484K) : metal5_nofill has 0 polygons
2026-10-06 01:11:14 +0000: Memory Usage (459484K) : metal5_text has 0 polygons
2026-10-06 01:11:14 +0000: Memory Usage (459484K) : metal5_OPC has 0 polygons
2026-10-06 01:11:14 +0000: Memory Usage (459740K) : metal5_noqrc has 0 polygons
2026-10-06 01:11:14 +0000: Memory Usage (459740K) : metal5_res has 0 polygons
2026-10-06 01:11:14 +0000: Memory Usage (459996K) : metal5_iprobe has 0 polygons
2026-10-06 01:11:14 +0000: Memory Usage (460252K) : metal5_diffprb has 0 polygons
2026-10-06 01:11:14 +0000: Memory Usage (460252K) : radhard_drw has 0 polygons
2026-10-06 01:11:14 +0000: Memory Usage (460508K) : memcap_drw has 0 polygons
2026-10-06 01:11:14 +0000: Memory Usage (460508K) : varicap_drw has 0 polygons
2026-10-06 01:11:14 +0000: Memory Usage (460764K) : intbondvia_drw has 0 polygons
2026-10-06 01:11:14 +0000: Memory Usage (460764K) : intbondmet_drw has 0 polygons
2026-10-06 01:11:14 +0000: Memory Usage (461020K) : devbondvia_drw has 0 polygons
2026-10-06 01:11:14 +0000: Memory Usage (461020K) : devbondmet_drw has 0 polygons
2026-10-06 01:11:14 +0000: Memory Usage (461276K) : devtrench_drw has 0 polygons
2026-10-06 01:11:14 +0000: Memory Usage (461276K) : redist_drw has 0 polygons
2026-10-06 01:11:14 +0000: Memory Usage (461276K) : graphbot_drw has 0 polygons
2026-10-06 01:11:14 +0000: Memory Usage (461532K) : graphtop_drw has 0 polygons
2026-10-06 01:11:14 +0000: Memory Usage (461532K) : antvia1_drw has 0 polygons
2026-10-06 01:11:14 +0000: Memory Usage (461532K) : antmetal2_drw has 0 polygons
2026-10-06 01:11:14 +0000: Memory Usage (461788K) : graphcont_drw has 0 polygons
2026-10-06 01:11:14 +0000: Memory Usage (461788K) : siwg_drw has 0 polygons
2026-10-06 01:11:14 +0000: Memory Usage (461788K) : siwg_filler has 0 polygons
2026-10-06 01:11:14 +0000: Memory Usage (462044K) : siwg_nofill has 0 polygons
2026-10-06 01:11:14 +0000: Memory Usage (462044K) : sigrating_drw has 0 polygons
2026-10-06 01:11:14 +0000: Memory Usage (462300K) : singrating_drw has 0 polygons
2026-10-06 01:11:14 +0000: Memory Usage (462556K) : graphpas_drw has 0 polygons
2026-10-06 01:11:14 +0000: Memory Usage (462556K) : emwind3_drw has 0 polygons
2026-10-06 01:11:14 +0000: Memory Usage (462812K) : emwihv3_drw has 0 polygons
2026-10-06 01:11:14 +0000: Memory Usage (462812K) : redbulay_drw has 0 polygons
2026-10-06 01:11:14 +0000: Memory Usage (463068K) : smos_drw has 0 polygons
2026-10-06 01:11:14 +0000: Memory Usage (463068K) : graphpad_drw has 0 polygons
2026-10-06 01:11:14 +0000: Memory Usage (463068K) : polimide_drw has 0 polygons
2026-10-06 01:11:14 +0000: Memory Usage (463068K) : polimide_pin has 0 polygons
2026-10-06 01:11:14 +0000: Memory Usage (463068K) : recog_drw has 0 polygons
2026-10-06 01:11:14 +0000: Memory Usage (463068K) : recog_pin has 0 polygons
2026-10-06 01:11:14 +0000: Memory Usage (463068K) : recog_esd has 0 polygons
2026-10-06 01:11:14 +0000: Memory Usage (463068K) : recog_diode has 0 polygons
2026-10-06 01:11:14 +0000: Memory Usage (463068K) : recog_tsv has 0 polygons
2026-10-06 01:11:14 +0000: Memory Usage (463068K) : recog_iprobe has 0 polygons
2026-10-06 01:11:14 +0000: Memory Usage (463068K) : recog_diffprb has 0 polygons
2026-10-06 01:11:14 +0000: Memory Usage (463068K) : recog_pillar has 0 polygons
2026-10-06 01:11:14 +0000: Memory Usage (463068K) : recog_sbump has 0 polygons
2026-10-06 01:11:14 +0000: Memory Usage (463068K) : recog_otp has 0 polygons
2026-10-06 01:11:14 +0000: Memory Usage (463068K) : recog_pdiode has 0 polygons
2026-10-06 01:11:14 +0000: Memory Usage (463068K) : recog_mom has 0 polygons
2026-10-06 01:11:14 +0000: Memory Usage (463068K) : recog_momf has 0 polygons
2026-10-06 01:11:14 +0000: Memory Usage (463068K) : recog_pcm has 0 polygons
2026-10-06 01:11:14 +0000: Memory Usage (463068K) : colopen_drw has 0 polygons
2026-10-06 01:11:14 +0000: Memory Usage (463068K) : graphmetal1_drw has 0 polygons
2026-10-06 01:11:14 +0000: Memory Usage (463068K) : graphmetal1_filler has 0 polygons
2026-10-06 01:11:14 +0000: Memory Usage (463068K) : graphmetal1_nofill has 0 polygons
2026-10-06 01:11:14 +0000: Memory Usage (463068K) : graphmetal1_slit has 0 polygons
2026-10-06 01:11:14 +0000: Memory Usage (463068K) : graphmetal1_OPC has 0 polygons
2026-10-06 01:11:14 +0000: Memory Usage (463068K) : graphmet1l_drw has 0 polygons
2026-10-06 01:11:14 +0000: Memory Usage (463068K) : graphmet1l_filler has 0 polygons
2026-10-06 01:11:14 +0000: Memory Usage (463068K) : graphmet1l_nofill has 0 polygons
2026-10-06 01:11:14 +0000: Memory Usage (463068K) : graphmet1l_slit has 0 polygons
2026-10-06 01:11:14 +0000: Memory Usage (463068K) : graphmet1l_OPC has 0 polygons
2026-10-06 01:11:14 +0000: Memory Usage (463068K) : extblock_drw has 0 polygons
2026-10-06 01:11:14 +0000: Memory Usage (463068K) : nldd_drw has 0 polygons
2026-10-06 01:11:14 +0000: Memory Usage (463068K) : pldd_drw has 0 polygons
2026-10-06 01:11:14 +0000: Memory Usage (463068K) : next_drw has 0 polygons
2026-10-06 01:11:14 +0000: Memory Usage (463068K) : pext_drw has 0 polygons
2026-10-06 01:11:14 +0000: Memory Usage (463068K) : nexthv_drw has 0 polygons
2026-10-06 01:11:14 +0000: Memory Usage (463068K) : pexthv_drw has 0 polygons
2026-10-06 01:11:14 +0000: Memory Usage (463068K) : graphgate_drw has 0 polygons
2026-10-06 01:11:14 +0000: Memory Usage (463068K) : sinwg_drw has 0 polygons
2026-10-06 01:11:14 +0000: Memory Usage (463068K) : sinwg_filler has 0 polygons
2026-10-06 01:11:14 +0000: Memory Usage (463068K) : sinwg_nofill has 0 polygons
2026-10-06 01:11:14 +0000: Memory Usage (463068K) : mempad_drw has 0 polygons
2026-10-06 01:11:14 +0000: Memory Usage (463068K) : topvia1_drw has 44 polygons
2026-10-06 01:11:14 +0000: Memory Usage (463068K) : topmetal1_drw has 13 polygons
2026-10-06 01:11:14 +0000: Memory Usage (463068K) : topmetal1_filler has 0 polygons
2026-10-06 01:11:14 +0000: Memory Usage (463068K) : topmetal1_slit has 0 polygons
2026-10-06 01:11:14 +0000: Memory Usage (463068K) : topmetal1 has 13 polygons
2026-10-06 01:11:14 +0000: Memory Usage (463068K) : topmetal1_pin has 8 polygons
2026-10-06 01:11:14 +0000: Memory Usage (463068K) : topmetal1_mask has 0 polygons
2026-10-06 01:11:14 +0000: Memory Usage (463068K) : topmetal1_nofill has 0 polygons
2026-10-06 01:11:14 +0000: Memory Usage (463068K) : topmetal1_text has 2 polygons
2026-10-06 01:11:14 +0000: Memory Usage (463068K) : topmetal1_noqrc has 0 polygons
2026-10-06 01:11:14 +0000: Memory Usage (463068K) : topmetal1_res has 0 polygons
2026-10-06 01:11:14 +0000: Memory Usage (463068K) : topmetal1_iprobe has 0 polygons
2026-10-06 01:11:14 +0000: Memory Usage (463068K) : topmetal1_diffprb has 0 polygons
2026-10-06 01:11:14 +0000: Memory Usage (463068K) : inldpwl_drw has 0 polygons
2026-10-06 01:11:14 +0000: Memory Usage (463068K) : polyres_drw has 0 polygons
2026-10-06 01:11:14 +0000: Memory Usage (463068K) : polyres_pin has 0 polygons
2026-10-06 01:11:14 +0000: Memory Usage (463068K) : vmim_drw has 0 polygons
2026-10-06 01:11:14 +0000: Memory Usage (463068K) : nbulaycut_drw has 0 polygons
2026-10-06 01:11:14 +0000: Memory Usage (463068K) : antmetal1_drw has 0 polygons
2026-10-06 01:11:14 +0000: Memory Usage (463068K) : topvia2_drw has 0 polygons
2026-10-06 01:11:14 +0000: Memory Usage (463068K) : topmetal2_drw has 0 polygons
2026-10-06 01:11:14 +0000: Memory Usage (463068K) : topmetal2_filler has 0 polygons
2026-10-06 01:11:14 +0000: Memory Usage (463068K) : topmetal2_slit has 0 polygons
2026-10-06 01:11:14 +0000: Memory Usage (463068K) : topmetal2 has 0 polygons
2026-10-06 01:11:14 +0000: Memory Usage (463068K) : topmetal2_pin has 0 polygons
2026-10-06 01:11:14 +0000: Memory Usage (463068K) : topmetal2_mask has 0 polygons
2026-10-06 01:11:14 +0000: Memory Usage (463068K) : topmetal2_nofill has 0 polygons
2026-10-06 01:11:14 +0000: Memory Usage (463068K) : topmetal2_text has 0 polygons
2026-10-06 01:11:14 +0000: Memory Usage (463068K) : topmetal2_noqrc has 0 polygons
2026-10-06 01:11:14 +0000: Memory Usage (463068K) : topmetal2_res has 0 polygons
2026-10-06 01:11:14 +0000: Memory Usage (463068K) : topmetal2_iprobe has 0 polygons
2026-10-06 01:11:14 +0000: Memory Usage (463068K) : topmetal2_diffprb has 0 polygons
2026-10-06 01:11:14 +0000: Memory Usage (463068K) : snsring_drw has 0 polygons
2026-10-06 01:11:14 +0000: Memory Usage (463068K) : sensor_drw has 0 polygons
2026-10-06 01:11:14 +0000: Memory Usage (463068K) : snsarms_drw has 0 polygons
2026-10-06 01:11:14 +0000: Memory Usage (463068K) : snscmosvia_drw has 0 polygons
2026-10-06 01:11:14 +0000: Memory Usage (463068K) : colwind_drw has 0 polygons
2026-10-06 01:11:14 +0000: Memory Usage (463068K) : flm_drw has 0 polygons
2026-10-06 01:11:14 +0000: Memory Usage (463068K) : hafniumox_drw has 0 polygons
2026-10-06 01:11:14 +0000: Memory Usage (463068K) : memvia_drw has 0 polygons
2026-10-06 01:11:14 +0000: Memory Usage (463068K) : thinfilmres_drw has 0 polygons
2026-10-06 01:11:14 +0000: Memory Usage (463068K) : rfmem_drw has 0 polygons
2026-10-06 01:11:14 +0000: Memory Usage (463068K) : norcx_drw has 0 polygons
2026-10-06 01:11:14 +0000: Memory Usage (463068K) : norcx_m2m3 has 0 polygons
2026-10-06 01:11:14 +0000: Memory Usage (463068K) : norcx_m2m4 has 0 polygons
2026-10-06 01:11:14 +0000: Memory Usage (463068K) : norcx_m2m5 has 0 polygons
2026-10-06 01:11:14 +0000: Memory Usage (463068K) : norcx_m2tm1 has 0 polygons
2026-10-06 01:11:14 +0000: Memory Usage (463068K) : norcx_m2tm2 has 0 polygons
2026-10-06 01:11:14 +0000: Memory Usage (463068K) : norcx_m3m4 has 0 polygons
2026-10-06 01:11:14 +0000: Memory Usage (463068K) : norcx_m3m5 has 0 polygons
2026-10-06 01:11:14 +0000: Memory Usage (463068K) : norcx_m3tm1 has 0 polygons
2026-10-06 01:11:14 +0000: Memory Usage (463068K) : norcx_m3tm2 has 0 polygons
2026-10-06 01:11:14 +0000: Memory Usage (463068K) : norcx_m4m5 has 0 polygons
2026-10-06 01:11:14 +0000: Memory Usage (463068K) : norcx_m4tm1 has 0 polygons
2026-10-06 01:11:14 +0000: Memory Usage (463068K) : norcx_m4tm2 has 0 polygons
2026-10-06 01:11:14 +0000: Memory Usage (463068K) : norcx_m5tm1 has 0 polygons
2026-10-06 01:11:14 +0000: Memory Usage (463068K) : norcx_m5tm2 has 0 polygons
2026-10-06 01:11:14 +0000: Memory Usage (463068K) : norcx_tm1tm2 has 0 polygons
2026-10-06 01:11:14 +0000: Memory Usage (463068K) : norcx_m1sub has 0 polygons
2026-10-06 01:11:14 +0000: Memory Usage (463068K) : norcx_m2sub has 0 polygons
2026-10-06 01:11:14 +0000: Memory Usage (463068K) : norcx_m3sub has 0 polygons
2026-10-06 01:11:14 +0000: Memory Usage (463068K) : norcx_m4sub has 0 polygons
2026-10-06 01:11:14 +0000: Memory Usage (463068K) : norcx_m5sub has 0 polygons
2026-10-06 01:11:14 +0000: Memory Usage (463068K) : norcx_tm1sub has 0 polygons
2026-10-06 01:11:14 +0000: Memory Usage (463068K) : norcx_tm2sub has 0 polygons
2026-10-06 01:11:14 +0000: Memory Usage (463068K) : snsbotvia_drw has 0 polygons
2026-10-06 01:11:14 +0000: Memory Usage (463068K) : snstopvia_drw has 0 polygons
2026-10-06 01:11:14 +0000: Memory Usage (463068K) : deepvia_drw has 0 polygons
2026-10-06 01:11:14 +0000: Memory Usage (463068K) : fgetch_drw has 0 polygons
2026-10-06 01:11:14 +0000: Memory Usage (463068K) : ctrgat_drw has 0 polygons
2026-10-06 01:11:14 +0000: Memory Usage (463068K) : fgimp_drw has 0 polygons
2026-10-06 01:11:14 +0000: Memory Usage (463068K) : emwihv_drw has 0 polygons
2026-10-06 01:11:14 +0000: Memory Usage (463068K) : lbe_drw has 0 polygons
2026-10-06 01:11:14 +0000: Memory Usage (463068K) : alcustop_drw has 0 polygons
2026-10-06 01:11:14 +0000: Memory Usage (463068K) : nometfiller_drw has 0 polygons
2026-10-06 01:11:14 +0000: Memory Usage (463068K) : prboundary_drw has 0 polygons
2026-10-06 01:11:14 +0000: Memory Usage (463068K) : exchange0_drw has 0 polygons
2026-10-06 01:11:14 +0000: Memory Usage (463068K) : exchange0_pin has 0 polygons
2026-10-06 01:11:14 +0000: Memory Usage (463068K) : exchange0_text has 0 polygons
2026-10-06 01:11:14 +0000: Memory Usage (463068K) : exchange1_drw has 0 polygons
2026-10-06 01:11:14 +0000: Memory Usage (463068K) : exchange1_pin has 0 polygons
2026-10-06 01:11:14 +0000: Memory Usage (463068K) : exchange1_text has 0 polygons
2026-10-06 01:11:14 +0000: Memory Usage (463068K) : exchange2_drw has 0 polygons
2026-10-06 01:11:14 +0000: Memory Usage (463068K) : exchange2_pin has 0 polygons
2026-10-06 01:11:14 +0000: Memory Usage (463068K) : exchange2_text has 0 polygons
2026-10-06 01:11:14 +0000: Memory Usage (463068K) : exchange3_drw has 0 polygons
2026-10-06 01:11:14 +0000: Memory Usage (463068K) : exchange3_pin has 0 polygons
2026-10-06 01:11:14 +0000: Memory Usage (463068K) : exchange3_text has 0 polygons
2026-10-06 01:11:14 +0000: Memory Usage (463068K) : exchange4_drw has 0 polygons
2026-10-06 01:11:14 +0000: Memory Usage (463068K) : exchange4_pin has 0 polygons
2026-10-06 01:11:14 +0000: Memory Usage (463068K) : exchange4_text has 0 polygons
2026-10-06 01:11:14 +0000: Memory Usage (463068K) : isonwell_drw has 0 polygons
2026-10-06 01:11:14 +0000: Memory Usage (463068K) : Total no. of polygons in the design is 109127
2026-10-06 01:11:14 +0000: Memory Usage (463068K) : Starting CMOS5L Forbidden Layer Check
2026-10-06 01:11:14 +0000: Memory Usage (463068K) : CMOS5L Forbidden Layer Check: PASSED - No forbidden layers found
2026-10-06 01:11:14 +0000: Memory Usage (463068K) : CMOS5L Forbidden Layer Check: PASSED
2026-10-06 01:11:14 +0000: Memory Usage (463068K) : Starting base layers derivations
2026-10-06 01:11:14 +0000: Memory Usage (463068K) : Starting general LVS derivations
2026-10-06 01:11:15 +0000: Memory Usage (478268K) : Starting MOSFET DERIVATIONS
2026-10-06 01:11:15 +0000: Memory Usage (496592K) : Starting NMOS DERIVATIONS
2026-10-06 01:11:15 +0000: Memory Usage (496592K) : Starting PMOS DERIVATIONS
2026-10-06 01:11:15 +0000: Memory Usage (496592K) : Starting RF-MOSFET DERIVATIONS
2026-10-06 01:11:15 +0000: Memory Usage (496592K) : Starting RF-NMOS DERIVATIONS
2026-10-06 01:11:15 +0000: Memory Usage (496592K) : Starting RF-PMOS DERIVATIONS
2026-10-06 01:11:15 +0000: Memory Usage (496592K) : Starting BJT DERIVATIONS
2026-10-06 01:11:15 +0000: Memory Usage (496592K) : Starting NPN-BJT DERIVATIONS
2026-10-06 01:11:15 +0000: Memory Usage (496592K) : Starting PNP-BJT DERIVATIONS
2026-10-06 01:11:15 +0000: Memory Usage (496592K) : Starting DIODE DERIVATIONS
2026-10-06 01:11:15 +0000: Memory Usage (515536K) : Starting RESISTOR DERIVATIONS
2026-10-06 01:11:15 +0000: Memory Usage (515536K) : Starting CAP DERIVATIONS
2026-10-06 01:11:16 +0000: Memory Usage (516048K) : Starting CMOS5L SVaricap derivations override
2026-10-06 01:11:16 +0000: Memory Usage (516048K) : Starting CAP_CMOM DERIVATIONS
2026-10-06 01:11:16 +0000: Memory Usage (516048K) : Starting CAP_CMOMF DERIVATIONS
2026-10-06 01:11:16 +0000: Memory Usage (516048K) : Starting ESD DERIVATIONS
2026-10-06 01:11:16 +0000: Memory Usage (516048K) : Starting Inductor DERIVATIONS
2026-10-06 01:11:16 +0000: Memory Usage (516048K) : Starting Taps DERIVATIONS
2026-10-06 01:11:16 +0000: Memory Usage (516048K) : Starting SG13G2 LVS connectivity setup
2026-10-06 01:11:16 +0000: Memory Usage (516048K) : Starting SG13CMOS5L LVS connectivity setup (Inter-layer)
2026-10-06 01:11:16 +0000: Memory Usage (516616K) : Starting SG13CMOS5L LVS connectivity setup (Global)
2026-10-06 01:11:16 +0000: Memory Usage (516616K) : Starting LVS MOSFET CONNECTIONS
2026-10-06 01:11:16 +0000: Memory Usage (516616K) : Starting LVS RF-MOSFET CONNECTIONS
2026-10-06 01:11:16 +0000: Memory Usage (516616K) : Starting LVS BJT CONNECTIONS
2026-10-06 01:11:16 +0000: Memory Usage (516616K) : Starting LVS DIODE CONNECTIONS
2026-10-06 01:11:16 +0000: Memory Usage (516616K) : Starting RESISTOR CONNECTIONS
2026-10-06 01:11:16 +0000: Memory Usage (516616K) : Starting LVS CAP CONNECTIONS
2026-10-06 01:11:16 +0000: Memory Usage (516616K) : Starting CAP_CMOM CONNECTIONS
2026-10-06 01:11:16 +0000: Memory Usage (516616K) : Starting CAP_CMOMF CONNECTIONS
2026-10-06 01:11:16 +0000: Memory Usage (516616K) : Starting ESD CONNECTIONS
2026-10-06 01:11:16 +0000: Memory Usage (516616K) : Starting Inductor CONNECTIONS
2026-10-06 01:11:16 +0000: Memory Usage (516616K) : Starting LVS Taps CONNECTIONS
2026-10-06 01:11:16 +0000: Memory Usage (516616K) : Starting SG13CMOS5L LVS DEVICES EXTRACTION
2026-10-06 01:11:16 +0000: Memory Usage (516616K) : Starting MOSFET EXTRACTION
2026-10-06 01:11:16 +0000: Memory Usage (516616K) : Starting NMOS EXTRACTION
2026-10-06 01:11:16 +0000: Memory Usage (516616K) : Extraction of NMOS-LV transistor
2026-10-06 01:11:16 +0000: Memory Usage (516904K) : Extraction of NMOS-HV transistor
2026-10-06 01:11:16 +0000: Memory Usage (516904K) : Starting PMOS EXTRACTION
2026-10-06 01:11:16 +0000: Memory Usage (516904K) : Extraction of PMOS-LV transistor
2026-10-06 01:11:17 +0000: Memory Usage (516904K) : Extraction of PMOS-HV transistor
2026-10-06 01:11:17 +0000: Memory Usage (516904K) : Starting RF-MOSFET EXTRACTION
2026-10-06 01:11:17 +0000: Memory Usage (516904K) : Extraction of RF-NMOS-LV transistor
2026-10-06 01:11:17 +0000: Memory Usage (521000K) : Extraction of RF-NMOS-HV transistor
2026-10-06 01:11:17 +0000: Memory Usage (521000K) : Extraction of RF-PMOS-LV transistor
2026-10-06 01:11:18 +0000: Memory Usage (521000K) : Extraction of RF-PMOS-HV transistor
2026-10-06 01:11:18 +0000: Memory Usage (521000K) : Starting BJT EXTRACTION
2026-10-06 01:11:18 +0000: Memory Usage (521000K) : Starting NPN-BJT EXTRACTION
2026-10-06 01:11:18 +0000: Memory Usage (521000K) : Extraction of npn13G2 BJT transistor
2026-10-06 01:11:18 +0000: Memory Usage (521000K) : Extraction of npn13G2L BJT transistor
2026-10-06 01:11:18 +0000: Memory Usage (521000K) : Extraction of npn13G2V BJT transistor
2026-10-06 01:11:18 +0000: Memory Usage (521000K) : Starting PNP-BJT EXTRACTION
2026-10-06 01:11:18 +0000: Memory Usage (521000K) : Extracting pnpMPA BJT
2026-10-06 01:11:18 +0000: Memory Usage (521000K) : Starting DIODE EXTRACTION
2026-10-06 01:11:18 +0000: Memory Usage (521000K) : Extracting dantenna diode
2026-10-06 01:11:18 +0000: Memory Usage (521000K) : Extracting dpantenna diode
2026-10-06 01:11:18 +0000: Memory Usage (521000K) : Extracting schottky_nbl1 diode
2026-10-06 01:11:18 +0000: Memory Usage (521000K) : Extracting isolbox diode
2026-10-06 01:11:18 +0000: Memory Usage (521000K) : Starting RESISTOR EXTRACTION
2026-10-06 01:11:18 +0000: Memory Usage (521000K) : Extracting rsil resistor
2026-10-06 01:11:18 +0000: Memory Usage (521000K) : Extracting rppd resistor
2026-10-06 01:11:18 +0000: Memory Usage (521000K) : Extracting rhigh resistor
2026-10-06 01:11:18 +0000: Memory Usage (521000K) : Extracting res_metal1 resistor
2026-10-06 01:11:18 +0000: Memory Usage (525608K) : Extracting res_metal2 resistor
2026-10-06 01:11:18 +0000: Memory Usage (525608K) : Extracting res_metal3 resistor
2026-10-06 01:11:18 +0000: Memory Usage (525608K) : Extracting res_metal4 resistor
2026-10-06 01:11:18 +0000: Memory Usage (525608K) : Extracting res_metal5 resistor
2026-10-06 01:11:18 +0000: Memory Usage (525608K) : Extracting res_topmetal1 resistor
2026-10-06 01:11:18 +0000: Memory Usage (525608K) : Extracting res_topmetal2 resistor
2026-10-06 01:11:18 +0000: Memory Usage (525608K) : Starting CAP EXTRACTION
2026-10-06 01:11:18 +0000: Memory Usage (525608K) : Extracting cap_cmim device
2026-10-06 01:11:18 +0000: Memory Usage (525608K) : Extracting rfcmim device
2026-10-06 01:11:18 +0000: Memory Usage (525608K) : Extracting sg13_hv_svaricap varactor
2026-10-06 01:11:18 +0000: Memory Usage (525608K) : Extracting cap_cmomi device
2026-10-06 01:11:18 +0000: Memory Usage (525608K) : Extracting cap_cmomf device
2026-10-06 01:11:18 +0000: Memory Usage (525608K) : Extracting sg13_moscap_n capacitor
2026-10-06 01:11:18 +0000: Memory Usage (525608K) : Extracting sg13_moscap_p capacitor
2026-10-06 01:11:18 +0000: Memory Usage (525608K) : Starting ESD EXTRACTION
2026-10-06 01:11:18 +0000: Memory Usage (525608K) : Extracting diodevdd_2kv ESD device
2026-10-06 01:11:18 +0000: Memory Usage (525608K) : Extracting diodevdd_4kv ESD device
2026-10-06 01:11:18 +0000: Memory Usage (525608K) : Extracting diodevss_2kv ESD device
2026-10-06 01:11:18 +0000: Memory Usage (525608K) : Extracting diodevss_4kv ESD device
2026-10-06 01:11:18 +0000: Memory Usage (525608K) : Extracting idiodevdd_2kv ESD device
2026-10-06 01:11:18 +0000: Memory Usage (525608K) : Extracting idiodevdd_4kv ESD device
2026-10-06 01:11:18 +0000: Memory Usage (525608K) : Extracting idiodevss_2kv ESD device
2026-10-06 01:11:18 +0000: Memory Usage (525608K) : Extracting idiodevss_4kv ESD device
2026-10-06 01:11:18 +0000: Memory Usage (525608K) : Extracting nmoscl_2 ESD device
2026-10-06 01:11:18 +0000: Memory Usage (525608K) : Extracting nmoscl_4 ESD device
2026-10-06 01:11:18 +0000: Memory Usage (525608K) : Starting Inductor EXTRACTION
2026-10-06 01:11:18 +0000: Memory Usage (525608K) : Extracting Inductor2 device
2026-10-06 01:11:18 +0000: Memory Usage (525608K) : Extracting Inductor3 device
2026-10-06 01:11:18 +0000: Memory Usage (525608K) : Starting Taps EXTRACTION
2026-10-06 01:11:18 +0000: Memory Usage (525608K) : Extracting ntap1 device
2026-10-06 01:11:18 +0000: Memory Usage (525608K) : Extracting ptap1 device
2026-10-06 01:11:18 +0000: Memory Usage (525608K) : Starting SG13CMOS5L LVS RF MOS Model Mapping
2026-10-06 01:11:20 +0000: Memory Usage (550184K) : [layout_netlist] Apply RF MOS model mapping and rfmode parameter.
2026-10-06 01:11:20 +0000: Memory Usage (550184K) : Starting SG13CMOS5L LVS Options Preparations
2026-10-06 01:11:20 +0000: Memory Usage (550184K) : SG13CMOS5L LVS flow: extraction -> alignment -> option preparation -> comparison.
2026-10-06 01:11:20 +0000: Memory Usage (550184K) : Starting SG13CMOS5L LVS Alignment
2026-10-06 01:11:20 +0000: Memory Usage (550184K) : Devices to compare: layout=18052 schematic=3862 (schematic counted before alignment, both per circuit definition)
2026-10-06 01:11:20 +0000: Memory Usage (550184K) : Starting SG13CMOS5L LVS Simplification
2026-10-06 01:11:20 +0000: Memory Usage (550184K) : [layout_netlist] simplify: ENABLED
2026-10-06 01:11:20 +0000: Memory Usage (550184K) : [layout_netlist] make_top_level_pins: SKIPPED
2026-10-06 01:11:20 +0000: Memory Usage (550184K) : [layout_netlist] combine_devices: SKIPPED
2026-10-06 01:11:20 +0000: Memory Usage (550184K) : [layout_netlist] purge: SKIPPED
2026-10-06 01:11:20 +0000: Memory Usage (550184K) : [layout_netlist] purge_nets: SKIPPED
2026-10-06 01:11:20 +0000: Memory Usage (550184K) : [schematic_netlist] simplify: ENABLED
2026-10-06 01:11:20 +0000: Memory Usage (550184K) : [schematic_netlist] make_top_level_pins: SKIPPED
2026-10-06 01:11:20 +0000: Memory Usage (550184K) : [schematic_netlist] combine_devices: SKIPPED
2026-10-06 01:11:20 +0000: Memory Usage (550184K) : [schematic_netlist] purge: SKIPPED
2026-10-06 01:11:20 +0000: Memory Usage (550184K) : [schematic_netlist] purge_nets: SKIPPED
2026-10-06 01:11:20 +0000: Memory Usage (550184K) : Starting SG13CMOS5L LVS Comparison in strict port mode.
2026-10-06 01:11:20 +0000: Memory Usage (550184K) : flag_missing_ports enabled: missing/mislabeled top-level ports are treated as errors.
2026-10-06 01:11:24 +0000: Memory Usage (573224K) : xxxxxxxxxxxxxxxxxxxxxxxxxxxxxxxxxxxxxxxxxx
2026-10-06 01:11:24 +0000: Memory Usage (573224K) : ERROR : Netlists don't match
2026-10-06 01:11:24 +0000: Memory Usage (573224K) : xxxxxxxxxxxxxxxxxxxxxxxxxxxxxxxxxxxxxxxxxx
2026-10-06 01:11:24 +0000: Memory Usage (573224K) : LVS Total Run time 10.875579 seconds
06-Oct-2026 01:11:25 | INFO    | ==============================================================================
06-Oct-2026 01:11:25 | INFO    | Important Summary
06-Oct-2026 01:11:25 | INFO    | +------------------+--------------------------------------------------------------+
06-Oct-2026 01:11:25 | INFO    | | Status           | FAIL                                                         |
06-Oct-2026 01:11:25 | INFO    | | Mode             | COMPARE                                                      |
06-Oct-2026 01:11:25 | INFO    | | Outcome          | Comparison mode: FAIL (netlists do not match).               |
06-Oct-2026 01:11:25 | INFO    | | Layout           | in.gds                                                       |
06-Oct-2026 01:11:25 | INFO    | | Top Cell         | gc_bank_32x32                                                |
06-Oct-2026 01:11:25 | INFO    | | Results Dir      | /work/out                                                    |
06-Oct-2026 01:11:25 | INFO    | | Warnings         | 0                                                            |
06-Oct-2026 01:11:25 | INFO    | | Errors           | 1                                                            |
06-Oct-2026 01:11:25 | INFO    | | Run Time (s)     | 12.913                                                       |
06-Oct-2026 01:11:25 | INFO    | +------------------+--------------------------------------------------------------+
06-Oct-2026 01:11:25 | ERROR   | Key errors:
06-Oct-2026 01:11:25 | ERROR   |   - 2026-10-06 01:11:24 +0000: Memory Usage (573224K) : ERROR : Netlists don't match
06-Oct-2026 01:11:25 | INFO    | ==============================================================================
