06-Oct-2026 01:12:41 | INFO    | Your Klayout version is: KLayout 0.30.9
06-Oct-2026 01:12:41 | INFO    | Running SG13CMOS5L LVS checks on design /work/in.gds on cell gc_bank_32x32
2026-10-06 01:12:42 +0000: Memory Usage (423932K) : Starting running SG13CMOS5L Klayout LVS runset on /work/in.gds
2026-10-06 01:12:42 +0000: Memory Usage (423932K) : Ruby Version for klayout: 3.4.9
2026-10-06 01:12:42 +0000: Memory Usage (425344K) : Loading database to memory is complete.
2026-10-06 01:12:42 +0000: Memory Usage (425344K) : SG13CMOS5L Klayout LVS runset output at: /work/out/in.lvsdb
2026-10-06 01:12:42 +0000: Memory Usage (425344K) : Evaluate switches.
2026-10-06 01:12:42 +0000: Memory Usage (425344K) : Extracted netlist with net names: true
2026-10-06 01:12:42 +0000: Memory Usage (425344K) : Extracted netlist with comments in details: false
2026-10-06 01:12:42 +0000: Memory Usage (425344K) : Selected NET_ONLY option: false
2026-10-06 01:12:42 +0000: Memory Usage (425344K) : Selected LAYOUT_NETLIST option: (none)
2026-10-06 01:12:42 +0000: Memory Usage (425344K) : Selected IGNORE_TOP_PORTS_MISMATCH option: 
2026-10-06 01:12:42 +0000: Memory Usage (425344K) : Selected IMPLICIT_NETS option: (none)
2026-10-06 01:12:42 +0000: Memory Usage (425344K) : Selected TOP_LVL_PINS option: false
2026-10-06 01:12:42 +0000: Memory Usage (425344K) : Selected COMBINE DEVICES option: false
2026-10-06 01:12:42 +0000: Memory Usage (425344K) : Selected PURGE option: false
2026-10-06 01:12:42 +0000: Memory Usage (425344K) : Selected PURGE_NETS option: false
2026-10-06 01:12:42 +0000: Memory Usage (425344K) : Selected SIMPLIFY option: true
2026-10-06 01:12:42 +0000: Memory Usage (425344K) : Selected SERIES_RES option: true
2026-10-06 01:12:42 +0000: Memory Usage (425344K) : Selected PARALLEL_RES option: true
2026-10-06 01:12:42 +0000: Memory Usage (425344K) : Selected DISABLE_TAP_EXTRACTION option: false
2026-10-06 01:12:42 +0000: Memory Usage (425344K) : deep  mode is enabled.
2026-10-06 01:12:42 +0000: Memory Usage (432512K) : Netlist file: /work/in.cir
2026-10-06 01:12:42 +0000: Memory Usage (432512K) : LVS extracted netlist at: /work/out/in_extracted.cir
2026-10-06 01:12:42 +0000: Memory Usage (432512K) : Applying SRAM integration support.
2026-10-06 01:12:42 +0000: Memory Usage (432512K) : Starting SG13CMOS5L LVS runset
2026-10-06 01:12:42 +0000: Memory Usage (432512K) : Read in polygons from layers.
2026-10-06 01:12:42 +0000: Memory Usage (434224K) : activ_drw has 16830 polygons
2026-10-06 01:12:42 +0000: Memory Usage (434480K) : activ_filler has 0 polygons
2026-10-06 01:12:42 +0000: Memory Usage (434736K) : activ has 16830 polygons
2026-10-06 01:12:42 +0000: Memory Usage (434736K) : activ_pin has 0 polygons
2026-10-06 01:12:42 +0000: Memory Usage (434736K) : activ_mask has 0 polygons
2026-10-06 01:12:42 +0000: Memory Usage (434736K) : activ_nofill has 0 polygons
2026-10-06 01:12:42 +0000: Memory Usage (434736K) : activ_OPC has 0 polygons
2026-10-06 01:12:42 +0000: Memory Usage (434736K) : activ_iOPC has 0 polygons
2026-10-06 01:12:42 +0000: Memory Usage (434736K) : activ_noqrc has 0 polygons
2026-10-06 01:12:42 +0000: Memory Usage (434992K) : biwind_drw has 0 polygons
2026-10-06 01:12:42 +0000: Memory Usage (434992K) : biwind_OPC has 0 polygons
2026-10-06 01:12:42 +0000: Memory Usage (434992K) : gatpoly_drw has 15926 polygons
2026-10-06 01:12:42 +0000: Memory Usage (434992K) : gatpoly_filler has 0 polygons
2026-10-06 01:12:42 +0000: Memory Usage (434992K) : gatpoly has 15926 polygons
2026-10-06 01:12:42 +0000: Memory Usage (434992K) : gatpoly_pin has 0 polygons
2026-10-06 01:12:42 +0000: Memory Usage (434992K) : gatpoly_nofill has 0 polygons
2026-10-06 01:12:42 +0000: Memory Usage (434992K) : gatpoly_OPC has 0 polygons
2026-10-06 01:12:42 +0000: Memory Usage (434992K) : gatpoly_iOPC has 0 polygons
2026-10-06 01:12:42 +0000: Memory Usage (435248K) : gatpoly_noqrc has 0 polygons
2026-10-06 01:12:42 +0000: Memory Usage (435248K) : cont_drw has 81998 polygons
2026-10-06 01:12:42 +0000: Memory Usage (435504K) : cont_OPC has 0 polygons
2026-10-06 01:12:42 +0000: Memory Usage (435504K) : nsd_drw has 0 polygons
2026-10-06 01:12:42 +0000: Memory Usage (435504K) : nsd_block has 0 polygons
2026-10-06 01:12:42 +0000: Memory Usage (435760K) : metal1_drw has 28003 polygons
2026-10-06 01:12:42 +0000: Memory Usage (436016K) : metal1_filler has 0 polygons
2026-10-06 01:12:42 +0000: Memory Usage (436016K) : metal1_slit has 0 polygons
2026-10-06 01:12:42 +0000: Memory Usage (436272K) : metal1 has 28003 polygons
2026-10-06 01:12:42 +0000: Memory Usage (436272K) : metal1_pin has 8631 polygons
2026-10-06 01:12:42 +0000: Memory Usage (436272K) : metal1_mask has 0 polygons
2026-10-06 01:12:42 +0000: Memory Usage (436528K) : metal1_nofill has 0 polygons
2026-10-06 01:12:42 +0000: Memory Usage (436788K) : metal1_text has 8443 polygons
2026-10-06 01:12:42 +0000: Memory Usage (436788K) : metal1_OPC has 0 polygons
2026-10-06 01:12:42 +0000: Memory Usage (436788K) : metal1_noqrc has 0 polygons
2026-10-06 01:12:42 +0000: Memory Usage (436788K) : metal1_res has 0 polygons
2026-10-06 01:12:42 +0000: Memory Usage (436788K) : metal1_iprobe has 0 polygons
2026-10-06 01:12:42 +0000: Memory Usage (437044K) : metal1_diffprb has 0 polygons
2026-10-06 01:12:42 +0000: Memory Usage (437044K) : passiv_drw has 0 polygons
2026-10-06 01:12:42 +0000: Memory Usage (437044K) : passiv_pin has 0 polygons
2026-10-06 01:12:42 +0000: Memory Usage (437044K) : passiv_sbump has 0 polygons
2026-10-06 01:12:42 +0000: Memory Usage (437044K) : passiv_pillar has 0 polygons
2026-10-06 01:12:42 +0000: Memory Usage (437300K) : passiv_pdl has 0 polygons
2026-10-06 01:12:42 +0000: Memory Usage (437300K) : metal2_drw has 16249 polygons
2026-10-06 01:12:42 +0000: Memory Usage (437556K) : metal2_filler has 0 polygons
2026-10-06 01:12:42 +0000: Memory Usage (437556K) : metal2_slit has 0 polygons
2026-10-06 01:12:42 +0000: Memory Usage (438068K) : metal2 has 16249 polygons
2026-10-06 01:12:42 +0000: Memory Usage (438324K) : metal2_pin has 105 polygons
2026-10-06 01:12:42 +0000: Memory Usage (438324K) : metal2_mask has 0 polygons
2026-10-06 01:12:42 +0000: Memory Usage (438324K) : metal2_nofill has 0 polygons
2026-10-06 01:12:42 +0000: Memory Usage (438324K) : metal2_text has 105 polygons
2026-10-06 01:12:42 +0000: Memory Usage (438324K) : metal2_OPC has 0 polygons
2026-10-06 01:12:42 +0000: Memory Usage (438324K) : metal2_noqrc has 0 polygons
2026-10-06 01:12:42 +0000: Memory Usage (438580K) : metal2_res has 0 polygons
2026-10-06 01:12:42 +0000: Memory Usage (438836K) : metal2_iprobe has 0 polygons
2026-10-06 01:12:42 +0000: Memory Usage (438836K) : metal2_diffprb has 0 polygons
2026-10-06 01:12:42 +0000: Memory Usage (438836K) : baspoly_drw has 0 polygons
2026-10-06 01:12:42 +0000: Memory Usage (439092K) : baspoly_pin has 0 polygons
2026-10-06 01:12:42 +0000: Memory Usage (439092K) : psd_drw has 4511 polygons
2026-10-06 01:12:42 +0000: Memory Usage (439092K) : nldb_drw has 0 polygons
2026-10-06 01:12:42 +0000: Memory Usage (439092K) : digibnd_drw has 0 polygons
2026-10-06 01:12:42 +0000: Memory Usage (439348K) : via1_drw has 6360 polygons
2026-10-06 01:12:42 +0000: Memory Usage (439348K) : backmetal1_drw has 0 polygons
2026-10-06 01:12:42 +0000: Memory Usage (439348K) : backmetal1_pin has 0 polygons
2026-10-06 01:12:42 +0000: Memory Usage (439348K) : backmetal1_mask has 0 polygons
2026-10-06 01:12:42 +0000: Memory Usage (439348K) : backmetal1_filler has 0 polygons
2026-10-06 01:12:42 +0000: Memory Usage (439604K) : backmetal1_nofill has 0 polygons
2026-10-06 01:12:42 +0000: Memory Usage (439604K) : backmetal1_slit has 0 polygons
2026-10-06 01:12:42 +0000: Memory Usage (439604K) : backmetal1_text has 0 polygons
2026-10-06 01:12:42 +0000: Memory Usage (439860K) : backmetal1_OPC has 0 polygons
2026-10-06 01:12:42 +0000: Memory Usage (439860K) : backmetal1_noqrc has 0 polygons
2026-10-06 01:12:42 +0000: Memory Usage (439860K) : backmetal1_res has 0 polygons
2026-10-06 01:12:42 +0000: Memory Usage (439860K) : backmetal1_iprobe has 0 polygons
2026-10-06 01:12:42 +0000: Memory Usage (439860K) : backmetal1_diffprb has 0 polygons
2026-10-06 01:12:42 +0000: Memory Usage (439860K) : backpassiv_drw has 0 polygons
2026-10-06 01:12:42 +0000: Memory Usage (439860K) : res_drw has 0 polygons
2026-10-06 01:12:42 +0000: Memory Usage (440116K) : sram_drw has 0 polygons
2026-10-06 01:12:42 +0000: Memory Usage (440116K) : trans_drw has 0 polygons
2026-10-06 01:12:42 +0000: Memory Usage (440116K) : ind_drw has 0 polygons
2026-10-06 01:12:42 +0000: Memory Usage (440372K) : ind_pin has 0 polygons
2026-10-06 01:12:42 +0000: Memory Usage (440372K) : ind_text has 0 polygons
2026-10-06 01:12:42 +0000: Memory Usage (440372K) : salblock_drw has 0 polygons
2026-10-06 01:12:42 +0000: Memory Usage (440372K) : via2_drw has 3815 polygons
2026-10-06 01:12:42 +0000: Memory Usage (440628K) : metal3_drw has 6886 polygons
2026-10-06 01:12:42 +0000: Memory Usage (440628K) : metal3_filler has 0 polygons
2026-10-06 01:12:42 +0000: Memory Usage (440628K) : metal3_slit has 0 polygons
2026-10-06 01:12:42 +0000: Memory Usage (440884K) : metal3 has 6886 polygons
2026-10-06 01:12:42 +0000: Memory Usage (440884K) : metal3_pin has 111 polygons
2026-10-06 01:12:42 +0000: Memory Usage (440884K) : metal3_mask has 0 polygons
2026-10-06 01:12:42 +0000: Memory Usage (440884K) : metal3_nofill has 0 polygons
2026-10-06 01:12:42 +0000: Memory Usage (440884K) : metal3_text has 111 polygons
2026-10-06 01:12:42 +0000: Memory Usage (440884K) : metal3_OPC has 0 polygons
2026-10-06 01:12:42 +0000: Memory Usage (440884K) : metal3_noqrc has 0 polygons
2026-10-06 01:12:42 +0000: Memory Usage (440884K) : metal3_res has 0 polygons
2026-10-06 01:12:42 +0000: Memory Usage (440884K) : metal3_iprobe has 0 polygons
2026-10-06 01:12:42 +0000: Memory Usage (440884K) : metal3_diffprb has 0 polygons
2026-10-06 01:12:42 +0000: Memory Usage (440884K) : nwell_drw has 2205 polygons
2026-10-06 01:12:42 +0000: Memory Usage (440884K) : nwell_pin has 0 polygons
2026-10-06 01:12:42 +0000: Memory Usage (441140K) : nwell_text has 0 polygons
2026-10-06 01:12:42 +0000: Memory Usage (441140K) : nbulay_drw has 0 polygons
2026-10-06 01:12:42 +0000: Memory Usage (441140K) : nbulay_pin has 0 polygons
2026-10-06 01:12:42 +0000: Memory Usage (441396K) : nbulay_block has 0 polygons
2026-10-06 01:12:42 +0000: Memory Usage (441396K) : emwind_drw has 0 polygons
2026-10-06 01:12:42 +0000: Memory Usage (441396K) : emwind_OPC has 0 polygons
2026-10-06 01:12:42 +0000: Memory Usage (441396K) : deepco_drw has 0 polygons
2026-10-06 01:12:42 +0000: Memory Usage (441652K) : mim_drw has 0 polygons
2026-10-06 01:12:42 +0000: Memory Usage (441652K) : edgeseal_drw has 0 polygons
2026-10-06 01:12:42 +0000: Memory Usage (441652K) : substrate_drw has 0 polygons
2026-10-06 01:12:42 +0000: Memory Usage (441908K) : substrate_text has 0 polygons
2026-10-06 01:12:42 +0000: Memory Usage (441908K) : dfpad_drw has 0 polygons
2026-10-06 01:12:42 +0000: Memory Usage (441908K) : dfpad_pillar has 0 polygons
2026-10-06 01:12:42 +0000: Memory Usage (441908K) : dfpad_sbump has 0 polygons
2026-10-06 01:12:42 +0000: Memory Usage (442164K) : thickgateox_drw has 1312 polygons
2026-10-06 01:12:42 +0000: Memory Usage (442164K) : pldb_drw has 0 polygons
2026-10-06 01:12:42 +0000: Memory Usage (442164K) : pwell_drw has 0 polygons
2026-10-06 01:12:42 +0000: Memory Usage (442164K) : pwell_pin has 0 polygons
2026-10-06 01:12:42 +0000: Memory Usage (442420K) : pwell_block has 0 polygons
2026-10-06 01:12:42 +0000: Memory Usage (442420K) : ic_drw has 0 polygons
2026-10-06 01:12:42 +0000: Memory Usage (442420K) : via3_drw has 515 polygons
2026-10-06 01:12:42 +0000: Memory Usage (442420K) : metal4_drw has 484 polygons
2026-10-06 01:12:42 +0000: Memory Usage (442420K) : metal4_filler has 0 polygons
2026-10-06 01:12:42 +0000: Memory Usage (442420K) : metal4_slit has 0 polygons
2026-10-06 01:12:42 +0000: Memory Usage (442420K) : metal4 has 484 polygons
2026-10-06 01:12:42 +0000: Memory Usage (442420K) : metal4_pin has 13 polygons
2026-10-06 01:12:42 +0000: Memory Usage (442676K) : metal4_mask has 0 polygons
2026-10-06 01:12:42 +0000: Memory Usage (442676K) : metal4_nofill has 0 polygons
2026-10-06 01:12:42 +0000: Memory Usage (442676K) : metal4_text has 5 polygons
2026-10-06 01:12:42 +0000: Memory Usage (442932K) : metal4_OPC has 0 polygons
2026-10-06 01:12:42 +0000: Memory Usage (442932K) : metal4_noqrc has 0 polygons
2026-10-06 01:12:42 +0000: Memory Usage (442932K) : metal4_res has 0 polygons
2026-10-06 01:12:42 +0000: Memory Usage (442932K) : metal4_iprobe has 0 polygons
2026-10-06 01:12:42 +0000: Memory Usage (443188K) : metal4_diffprb has 0 polygons
2026-10-06 01:12:42 +0000: Memory Usage (443188K) : heattrans_drw has 0 polygons
2026-10-06 01:12:42 +0000: Memory Usage (443188K) : heatres_drw has 0 polygons
2026-10-06 01:12:42 +0000: Memory Usage (443444K) : fbe_drw has 0 polygons
2026-10-06 01:12:42 +0000: Memory Usage (443444K) : empoly_drw has 0 polygons
2026-10-06 01:12:42 +0000: Memory Usage (443444K) : digisub_drw has 0 polygons
2026-10-06 01:12:42 +0000: Memory Usage (443444K) : text_drw has 0 polygons
2026-10-06 01:12:42 +0000: Memory Usage (443444K) : via4_drw has 0 polygons
2026-10-06 01:12:42 +0000: Memory Usage (443444K) : metal5_drw has 0 polygons
2026-10-06 01:12:42 +0000: Memory Usage (443700K) : metal5_filler has 0 polygons
2026-10-06 01:12:42 +0000: Memory Usage (443700K) : metal5_slit has 0 polygons
2026-10-06 01:12:42 +0000: Memory Usage (443700K) : metal5 has 0 polygons
2026-10-06 01:12:42 +0000: Memory Usage (443956K) : metal5_pin has 0 polygons
2026-10-06 01:12:42 +0000: Memory Usage (443956K) : metal5_mask has 0 polygons
2026-10-06 01:12:42 +0000: Memory Usage (443956K) : metal5_nofill has 0 polygons
2026-10-06 01:12:42 +0000: Memory Usage (444212K) : metal5_text has 0 polygons
2026-10-06 01:12:42 +0000: Memory Usage (444212K) : metal5_OPC has 0 polygons
2026-10-06 01:12:42 +0000: Memory Usage (444212K) : metal5_noqrc has 0 polygons
2026-10-06 01:12:42 +0000: Memory Usage (444212K) : metal5_res has 0 polygons
2026-10-06 01:12:42 +0000: Memory Usage (444212K) : metal5_iprobe has 0 polygons
2026-10-06 01:12:42 +0000: Memory Usage (444212K) : metal5_diffprb has 0 polygons
2026-10-06 01:12:42 +0000: Memory Usage (444212K) : radhard_drw has 0 polygons
2026-10-06 01:12:42 +0000: Memory Usage (444212K) : memcap_drw has 0 polygons
2026-10-06 01:12:42 +0000: Memory Usage (444212K) : varicap_drw has 0 polygons
2026-10-06 01:12:42 +0000: Memory Usage (444212K) : intbondvia_drw has 0 polygons
2026-10-06 01:12:42 +0000: Memory Usage (444212K) : intbondmet_drw has 0 polygons
2026-10-06 01:12:42 +0000: Memory Usage (444212K) : devbondvia_drw has 0 polygons
2026-10-06 01:12:42 +0000: Memory Usage (444212K) : devbondmet_drw has 0 polygons
2026-10-06 01:12:42 +0000: Memory Usage (444212K) : devtrench_drw has 0 polygons
2026-10-06 01:12:42 +0000: Memory Usage (444212K) : redist_drw has 0 polygons
2026-10-06 01:12:42 +0000: Memory Usage (444212K) : graphbot_drw has 0 polygons
2026-10-06 01:12:42 +0000: Memory Usage (444212K) : graphtop_drw has 0 polygons
2026-10-06 01:12:42 +0000: Memory Usage (444212K) : antvia1_drw has 0 polygons
2026-10-06 01:12:42 +0000: Memory Usage (444212K) : antmetal2_drw has 0 polygons
2026-10-06 01:12:42 +0000: Memory Usage (444212K) : graphcont_drw has 0 polygons
2026-10-06 01:12:42 +0000: Memory Usage (444212K) : siwg_drw has 0 polygons
2026-10-06 01:12:42 +0000: Memory Usage (444212K) : siwg_filler has 0 polygons
2026-10-06 01:12:42 +0000: Memory Usage (444212K) : siwg_nofill has 0 polygons
2026-10-06 01:12:42 +0000: Memory Usage (444212K) : sigrating_drw has 0 polygons
2026-10-06 01:12:42 +0000: Memory Usage (444212K) : singrating_drw has 0 polygons
2026-10-06 01:12:42 +0000: Memory Usage (444212K) : graphpas_drw has 0 polygons
2026-10-06 01:12:42 +0000: Memory Usage (444212K) : emwind3_drw has 0 polygons
2026-10-06 01:12:42 +0000: Memory Usage (444212K) : emwihv3_drw has 0 polygons
2026-10-06 01:12:42 +0000: Memory Usage (444212K) : redbulay_drw has 0 polygons
2026-10-06 01:12:42 +0000: Memory Usage (444212K) : smos_drw has 0 polygons
2026-10-06 01:12:42 +0000: Memory Usage (444212K) : graphpad_drw has 0 polygons
2026-10-06 01:12:42 +0000: Memory Usage (444212K) : polimide_drw has 0 polygons
2026-10-06 01:12:42 +0000: Memory Usage (444212K) : polimide_pin has 0 polygons
2026-10-06 01:12:42 +0000: Memory Usage (444212K) : recog_drw has 0 polygons
2026-10-06 01:12:42 +0000: Memory Usage (444212K) : recog_pin has 0 polygons
2026-10-06 01:12:42 +0000: Memory Usage (444212K) : recog_esd has 0 polygons
2026-10-06 01:12:42 +0000: Memory Usage (444212K) : recog_diode has 0 polygons
2026-10-06 01:12:42 +0000: Memory Usage (444212K) : recog_tsv has 0 polygons
2026-10-06 01:12:42 +0000: Memory Usage (444212K) : recog_iprobe has 0 polygons
2026-10-06 01:12:42 +0000: Memory Usage (444212K) : recog_diffprb has 0 polygons
2026-10-06 01:12:42 +0000: Memory Usage (444212K) : recog_pillar has 0 polygons
2026-10-06 01:12:42 +0000: Memory Usage (444212K) : recog_sbump has 0 polygons
2026-10-06 01:12:42 +0000: Memory Usage (444212K) : recog_otp has 0 polygons
2026-10-06 01:12:42 +0000: Memory Usage (444212K) : recog_pdiode has 0 polygons
2026-10-06 01:12:42 +0000: Memory Usage (444212K) : recog_mom has 0 polygons
2026-10-06 01:12:42 +0000: Memory Usage (444212K) : recog_momf has 0 polygons
2026-10-06 01:12:42 +0000: Memory Usage (444212K) : recog_pcm has 0 polygons
2026-10-06 01:12:42 +0000: Memory Usage (444212K) : colopen_drw has 0 polygons
2026-10-06 01:12:42 +0000: Memory Usage (444212K) : graphmetal1_drw has 0 polygons
2026-10-06 01:12:42 +0000: Memory Usage (444212K) : graphmetal1_filler has 0 polygons
2026-10-06 01:12:42 +0000: Memory Usage (444212K) : graphmetal1_nofill has 0 polygons
2026-10-06 01:12:42 +0000: Memory Usage (444212K) : graphmetal1_slit has 0 polygons
2026-10-06 01:12:42 +0000: Memory Usage (444212K) : graphmetal1_OPC has 0 polygons
2026-10-06 01:12:42 +0000: Memory Usage (444212K) : graphmet1l_drw has 0 polygons
2026-10-06 01:12:42 +0000: Memory Usage (444212K) : graphmet1l_filler has 0 polygons
2026-10-06 01:12:42 +0000: Memory Usage (444212K) : graphmet1l_nofill has 0 polygons
2026-10-06 01:12:42 +0000: Memory Usage (444212K) : graphmet1l_slit has 0 polygons
2026-10-06 01:12:42 +0000: Memory Usage (444212K) : graphmet1l_OPC has 0 polygons
2026-10-06 01:12:42 +0000: Memory Usage (444212K) : extblock_drw has 0 polygons
2026-10-06 01:12:42 +0000: Memory Usage (444212K) : nldd_drw has 0 polygons
2026-10-06 01:12:42 +0000: Memory Usage (444212K) : pldd_drw has 0 polygons
2026-10-06 01:12:42 +0000: Memory Usage (444212K) : next_drw has 0 polygons
2026-10-06 01:12:42 +0000: Memory Usage (444212K) : pext_drw has 0 polygons
2026-10-06 01:12:42 +0000: Memory Usage (444212K) : nexthv_drw has 0 polygons
2026-10-06 01:12:42 +0000: Memory Usage (444212K) : pexthv_drw has 0 polygons
2026-10-06 01:12:42 +0000: Memory Usage (444212K) : graphgate_drw has 0 polygons
2026-10-06 01:12:42 +0000: Memory Usage (444212K) : sinwg_drw has 0 polygons
2026-10-06 01:12:42 +0000: Memory Usage (444212K) : sinwg_filler has 0 polygons
2026-10-06 01:12:42 +0000: Memory Usage (444212K) : sinwg_nofill has 0 polygons
2026-10-06 01:12:42 +0000: Memory Usage (444212K) : mempad_drw has 0 polygons
2026-10-06 01:12:42 +0000: Memory Usage (444212K) : topvia1_drw has 44 polygons
2026-10-06 01:12:42 +0000: Memory Usage (444212K) : topmetal1_drw has 65 polygons
2026-10-06 01:12:42 +0000: Memory Usage (444212K) : topmetal1_filler has 0 polygons
2026-10-06 01:12:42 +0000: Memory Usage (444212K) : topmetal1_slit has 0 polygons
2026-10-06 01:12:42 +0000: Memory Usage (444212K) : topmetal1 has 65 polygons
2026-10-06 01:12:42 +0000: Memory Usage (444212K) : topmetal1_pin has 8 polygons
2026-10-06 01:12:42 +0000: Memory Usage (444212K) : topmetal1_mask has 0 polygons
2026-10-06 01:12:42 +0000: Memory Usage (444212K) : topmetal1_nofill has 0 polygons
2026-10-06 01:12:42 +0000: Memory Usage (444212K) : topmetal1_text has 2 polygons
2026-10-06 01:12:42 +0000: Memory Usage (444212K) : topmetal1_noqrc has 0 polygons
2026-10-06 01:12:42 +0000: Memory Usage (444212K) : topmetal1_res has 0 polygons
2026-10-06 01:12:42 +0000: Memory Usage (444212K) : topmetal1_iprobe has 0 polygons
2026-10-06 01:12:42 +0000: Memory Usage (444212K) : topmetal1_diffprb has 0 polygons
2026-10-06 01:12:42 +0000: Memory Usage (444212K) : inldpwl_drw has 0 polygons
2026-10-06 01:12:42 +0000: Memory Usage (444212K) : polyres_drw has 0 polygons
2026-10-06 01:12:42 +0000: Memory Usage (444212K) : polyres_pin has 0 polygons
2026-10-06 01:12:42 +0000: Memory Usage (444212K) : vmim_drw has 0 polygons
2026-10-06 01:12:42 +0000: Memory Usage (444212K) : nbulaycut_drw has 0 polygons
2026-10-06 01:12:42 +0000: Memory Usage (444212K) : antmetal1_drw has 0 polygons
2026-10-06 01:12:42 +0000: Memory Usage (444212K) : topvia2_drw has 0 polygons
2026-10-06 01:12:42 +0000: Memory Usage (444212K) : topmetal2_drw has 0 polygons
2026-10-06 01:12:42 +0000: Memory Usage (444212K) : topmetal2_filler has 0 polygons
2026-10-06 01:12:42 +0000: Memory Usage (444212K) : topmetal2_slit has 0 polygons
2026-10-06 01:12:42 +0000: Memory Usage (444212K) : topmetal2 has 0 polygons
2026-10-06 01:12:42 +0000: Memory Usage (444212K) : topmetal2_pin has 0 polygons
2026-10-06 01:12:42 +0000: Memory Usage (444212K) : topmetal2_mask has 0 polygons
2026-10-06 01:12:42 +0000: Memory Usage (444212K) : topmetal2_nofill has 0 polygons
2026-10-06 01:12:42 +0000: Memory Usage (444212K) : topmetal2_text has 0 polygons
2026-10-06 01:12:42 +0000: Memory Usage (444212K) : topmetal2_noqrc has 0 polygons
2026-10-06 01:12:42 +0000: Memory Usage (444212K) : topmetal2_res has 0 polygons
2026-10-06 01:12:42 +0000: Memory Usage (444212K) : topmetal2_iprobe has 0 polygons
2026-10-06 01:12:42 +0000: Memory Usage (444212K) : topmetal2_diffprb has 0 polygons
2026-10-06 01:12:42 +0000: Memory Usage (444212K) : snsring_drw has 0 polygons
2026-10-06 01:12:42 +0000: Memory Usage (444212K) : sensor_drw has 0 polygons
2026-10-06 01:12:42 +0000: Memory Usage (444212K) : snsarms_drw has 0 polygons
2026-10-06 01:12:42 +0000: Memory Usage (444212K) : snscmosvia_drw has 0 polygons
2026-10-06 01:12:42 +0000: Memory Usage (444212K) : colwind_drw has 0 polygons
2026-10-06 01:12:42 +0000: Memory Usage (444212K) : flm_drw has 0 polygons
2026-10-06 01:12:42 +0000: Memory Usage (444212K) : hafniumox_drw has 0 polygons
2026-10-06 01:12:42 +0000: Memory Usage (444212K) : memvia_drw has 0 polygons
2026-10-06 01:12:42 +0000: Memory Usage (444212K) : thinfilmres_drw has 0 polygons
2026-10-06 01:12:42 +0000: Memory Usage (444212K) : rfmem_drw has 0 polygons
2026-10-06 01:12:42 +0000: Memory Usage (444212K) : norcx_drw has 0 polygons
2026-10-06 01:12:42 +0000: Memory Usage (444212K) : norcx_m2m3 has 0 polygons
2026-10-06 01:12:42 +0000: Memory Usage (444212K) : norcx_m2m4 has 0 polygons
2026-10-06 01:12:42 +0000: Memory Usage (444212K) : norcx_m2m5 has 0 polygons
2026-10-06 01:12:42 +0000: Memory Usage (444212K) : norcx_m2tm1 has 0 polygons
2026-10-06 01:12:42 +0000: Memory Usage (444212K) : norcx_m2tm2 has 0 polygons
2026-10-06 01:12:42 +0000: Memory Usage (444212K) : norcx_m3m4 has 0 polygons
2026-10-06 01:12:42 +0000: Memory Usage (444212K) : norcx_m3m5 has 0 polygons
2026-10-06 01:12:42 +0000: Memory Usage (444212K) : norcx_m3tm1 has 0 polygons
2026-10-06 01:12:42 +0000: Memory Usage (444212K) : norcx_m3tm2 has 0 polygons
2026-10-06 01:12:42 +0000: Memory Usage (444212K) : norcx_m4m5 has 0 polygons
2026-10-06 01:12:42 +0000: Memory Usage (444212K) : norcx_m4tm1 has 0 polygons
2026-10-06 01:12:42 +0000: Memory Usage (444212K) : norcx_m4tm2 has 0 polygons
2026-10-06 01:12:42 +0000: Memory Usage (444212K) : norcx_m5tm1 has 0 polygons
2026-10-06 01:12:42 +0000: Memory Usage (444212K) : norcx_m5tm2 has 0 polygons
2026-10-06 01:12:42 +0000: Memory Usage (444212K) : norcx_tm1tm2 has 0 polygons
2026-10-06 01:12:42 +0000: Memory Usage (444212K) : norcx_m1sub has 0 polygons
2026-10-06 01:12:42 +0000: Memory Usage (444212K) : norcx_m2sub has 0 polygons
2026-10-06 01:12:42 +0000: Memory Usage (444212K) : norcx_m3sub has 0 polygons
2026-10-06 01:12:42 +0000: Memory Usage (444212K) : norcx_m4sub has 0 polygons
2026-10-06 01:12:42 +0000: Memory Usage (444212K) : norcx_m5sub has 0 polygons
2026-10-06 01:12:42 +0000: Memory Usage (444212K) : norcx_tm1sub has 0 polygons
2026-10-06 01:12:42 +0000: Memory Usage (444212K) : norcx_tm2sub has 0 polygons
2026-10-06 01:12:42 +0000: Memory Usage (444212K) : snsbotvia_drw has 0 polygons
2026-10-06 01:12:42 +0000: Memory Usage (444212K) : snstopvia_drw has 0 polygons
2026-10-06 01:12:42 +0000: Memory Usage (444212K) : deepvia_drw has 0 polygons
2026-10-06 01:12:42 +0000: Memory Usage (444212K) : fgetch_drw has 0 polygons
2026-10-06 01:12:42 +0000: Memory Usage (444212K) : ctrgat_drw has 0 polygons
2026-10-06 01:12:42 +0000: Memory Usage (444212K) : fgimp_drw has 0 polygons
2026-10-06 01:12:42 +0000: Memory Usage (444212K) : emwihv_drw has 0 polygons
2026-10-06 01:12:42 +0000: Memory Usage (444212K) : lbe_drw has 0 polygons
2026-10-06 01:12:42 +0000: Memory Usage (444212K) : alcustop_drw has 0 polygons
2026-10-06 01:12:42 +0000: Memory Usage (444212K) : nometfiller_drw has 0 polygons
2026-10-06 01:12:42 +0000: Memory Usage (444212K) : prboundary_drw has 0 polygons
2026-10-06 01:12:42 +0000: Memory Usage (444212K) : exchange0_drw has 0 polygons
2026-10-06 01:12:42 +0000: Memory Usage (444212K) : exchange0_pin has 0 polygons
2026-10-06 01:12:42 +0000: Memory Usage (444212K) : exchange0_text has 0 polygons
2026-10-06 01:12:42 +0000: Memory Usage (444212K) : exchange1_drw has 0 polygons
2026-10-06 01:12:42 +0000: Memory Usage (444212K) : exchange1_pin has 0 polygons
2026-10-06 01:12:42 +0000: Memory Usage (444212K) : exchange1_text has 0 polygons
2026-10-06 01:12:42 +0000: Memory Usage (444212K) : exchange2_drw has 0 polygons
2026-10-06 01:12:42 +0000: Memory Usage (444212K) : exchange2_pin has 0 polygons
2026-10-06 01:12:42 +0000: Memory Usage (444212K) : exchange2_text has 0 polygons
2026-10-06 01:12:42 +0000: Memory Usage (444212K) : exchange3_drw has 0 polygons
2026-10-06 01:12:42 +0000: Memory Usage (444212K) : exchange3_pin has 0 polygons
2026-10-06 01:12:42 +0000: Memory Usage (444212K) : exchange3_text has 0 polygons
2026-10-06 01:12:42 +0000: Memory Usage (444212K) : exchange4_drw has 0 polygons
2026-10-06 01:12:42 +0000: Memory Usage (444212K) : exchange4_pin has 0 polygons
2026-10-06 01:12:42 +0000: Memory Usage (444212K) : exchange4_text has 0 polygons
2026-10-06 01:12:42 +0000: Memory Usage (444212K) : isonwell_drw has 0 polygons
2026-10-06 01:12:42 +0000: Memory Usage (444212K) : Total no. of polygons in the design is 202737
2026-10-06 01:12:42 +0000: Memory Usage (444212K) : Starting CMOS5L Forbidden Layer Check
2026-10-06 01:12:42 +0000: Memory Usage (444212K) : CMOS5L Forbidden Layer Check: PASSED - No forbidden layers found
2026-10-06 01:12:42 +0000: Memory Usage (444212K) : CMOS5L Forbidden Layer Check: PASSED
2026-10-06 01:12:42 +0000: Memory Usage (444212K) : Starting base layers derivations
2026-10-06 01:12:42 +0000: Memory Usage (444212K) : Starting general LVS derivations
2026-10-06 01:12:44 +0000: Memory Usage (455248K) : Starting MOSFET DERIVATIONS
2026-10-06 01:12:44 +0000: Memory Usage (456016K) : Starting NMOS DERIVATIONS
2026-10-06 01:12:44 +0000: Memory Usage (456016K) : Starting PMOS DERIVATIONS
2026-10-06 01:12:44 +0000: Memory Usage (456016K) : Starting RF-MOSFET DERIVATIONS
2026-10-06 01:12:44 +0000: Memory Usage (456016K) : Starting RF-NMOS DERIVATIONS
2026-10-06 01:12:44 +0000: Memory Usage (456016K) : Starting RF-PMOS DERIVATIONS
2026-10-06 01:12:44 +0000: Memory Usage (456016K) : Starting BJT DERIVATIONS
2026-10-06 01:12:44 +0000: Memory Usage (456016K) : Starting NPN-BJT DERIVATIONS
2026-10-06 01:12:44 +0000: Memory Usage (457296K) : Starting PNP-BJT DERIVATIONS
2026-10-06 01:12:44 +0000: Memory Usage (458576K) : Starting DIODE DERIVATIONS
2026-10-06 01:12:45 +0000: Memory Usage (461392K) : Starting RESISTOR DERIVATIONS
2026-10-06 01:12:45 +0000: Memory Usage (461392K) : Starting CAP DERIVATIONS
2026-10-06 01:12:45 +0000: Memory Usage (464976K) : Starting CMOS5L SVaricap derivations override
2026-10-06 01:12:45 +0000: Memory Usage (464976K) : Starting CAP_CMOM DERIVATIONS
2026-10-06 01:12:45 +0000: Memory Usage (464976K) : Starting CAP_CMOMF DERIVATIONS
2026-10-06 01:12:45 +0000: Memory Usage (464976K) : Starting ESD DERIVATIONS
2026-10-06 01:12:46 +0000: Memory Usage (464976K) : Starting Inductor DERIVATIONS
2026-10-06 01:12:46 +0000: Memory Usage (464976K) : Starting Taps DERIVATIONS
2026-10-06 01:12:46 +0000: Memory Usage (464976K) : Starting SG13G2 LVS connectivity setup
2026-10-06 01:12:46 +0000: Memory Usage (464976K) : Starting SG13CMOS5L LVS connectivity setup (Inter-layer)
2026-10-06 01:12:46 +0000: Memory Usage (464976K) : Starting SG13CMOS5L LVS connectivity setup (Global)
2026-10-06 01:12:46 +0000: Memory Usage (464976K) : Starting LVS MOSFET CONNECTIONS
2026-10-06 01:12:46 +0000: Memory Usage (464976K) : Starting LVS RF-MOSFET CONNECTIONS
2026-10-06 01:12:46 +0000: Memory Usage (464976K) : Starting LVS BJT CONNECTIONS
2026-10-06 01:12:46 +0000: Memory Usage (464976K) : Starting LVS DIODE CONNECTIONS
2026-10-06 01:12:46 +0000: Memory Usage (464976K) : Starting RESISTOR CONNECTIONS
2026-10-06 01:12:46 +0000: Memory Usage (464976K) : Starting LVS CAP CONNECTIONS
2026-10-06 01:12:46 +0000: Memory Usage (464976K) : Starting CAP_CMOM CONNECTIONS
2026-10-06 01:12:46 +0000: Memory Usage (464976K) : Starting CAP_CMOMF CONNECTIONS
2026-10-06 01:12:46 +0000: Memory Usage (464976K) : Starting ESD CONNECTIONS
2026-10-06 01:12:46 +0000: Memory Usage (464976K) : Starting Inductor CONNECTIONS
2026-10-06 01:12:46 +0000: Memory Usage (464976K) : Starting LVS Taps CONNECTIONS
2026-10-06 01:12:46 +0000: Memory Usage (464976K) : Starting SG13CMOS5L LVS DEVICES EXTRACTION
2026-10-06 01:12:46 +0000: Memory Usage (464976K) : Starting MOSFET EXTRACTION
2026-10-06 01:12:46 +0000: Memory Usage (464976K) : Starting NMOS EXTRACTION
2026-10-06 01:12:46 +0000: Memory Usage (464976K) : Extraction of NMOS-LV transistor
2026-10-06 01:12:46 +0000: Memory Usage (464976K) : Extraction of NMOS-HV transistor
2026-10-06 01:12:47 +0000: Memory Usage (465488K) : Starting PMOS EXTRACTION
2026-10-06 01:12:47 +0000: Memory Usage (465488K) : Extraction of PMOS-LV transistor
2026-10-06 01:12:47 +0000: Memory Usage (465488K) : Extraction of PMOS-HV transistor
2026-10-06 01:12:47 +0000: Memory Usage (465488K) : Starting RF-MOSFET EXTRACTION
2026-10-06 01:12:47 +0000: Memory Usage (465488K) : Extraction of RF-NMOS-LV transistor
2026-10-06 01:12:47 +0000: Memory Usage (465744K) : Extraction of RF-NMOS-HV transistor
2026-10-06 01:12:47 +0000: Memory Usage (465744K) : Extraction of RF-PMOS-LV transistor
2026-10-06 01:12:47 +0000: Memory Usage (465744K) : Extraction of RF-PMOS-HV transistor
2026-10-06 01:12:47 +0000: Memory Usage (465744K) : Starting BJT EXTRACTION
2026-10-06 01:12:47 +0000: Memory Usage (465744K) : Starting NPN-BJT EXTRACTION
2026-10-06 01:12:47 +0000: Memory Usage (465744K) : Extraction of npn13G2 BJT transistor
2026-10-06 01:12:47 +0000: Memory Usage (465744K) : Extraction of npn13G2L BJT transistor
2026-10-06 01:12:47 +0000: Memory Usage (465744K) : Extraction of npn13G2V BJT transistor
2026-10-06 01:12:47 +0000: Memory Usage (465744K) : Starting PNP-BJT EXTRACTION
2026-10-06 01:12:47 +0000: Memory Usage (465744K) : Extracting pnpMPA BJT
2026-10-06 01:12:47 +0000: Memory Usage (465744K) : Starting DIODE EXTRACTION
2026-10-06 01:12:47 +0000: Memory Usage (465744K) : Extracting dantenna diode
2026-10-06 01:12:47 +0000: Memory Usage (465744K) : Extracting dpantenna diode
2026-10-06 01:12:47 +0000: Memory Usage (465744K) : Extracting schottky_nbl1 diode
2026-10-06 01:12:47 +0000: Memory Usage (465744K) : Extracting isolbox diode
2026-10-06 01:12:47 +0000: Memory Usage (465744K) : Starting RESISTOR EXTRACTION
2026-10-06 01:12:47 +0000: Memory Usage (465744K) : Extracting rsil resistor
2026-10-06 01:12:47 +0000: Memory Usage (465744K) : Extracting rppd resistor
2026-10-06 01:12:47 +0000: Memory Usage (465744K) : Extracting rhigh resistor
2026-10-06 01:12:47 +0000: Memory Usage (465744K) : Extracting res_metal1 resistor
2026-10-06 01:12:47 +0000: Memory Usage (465744K) : Extracting res_metal2 resistor
2026-10-06 01:12:47 +0000: Memory Usage (467536K) : Extracting res_metal3 resistor
2026-10-06 01:12:47 +0000: Memory Usage (467536K) : Extracting res_metal4 resistor
2026-10-06 01:12:47 +0000: Memory Usage (467536K) : Extracting res_metal5 resistor
2026-10-06 01:12:47 +0000: Memory Usage (467536K) : Extracting res_topmetal1 resistor
2026-10-06 01:12:47 +0000: Memory Usage (467536K) : Extracting res_topmetal2 resistor
2026-10-06 01:12:47 +0000: Memory Usage (467536K) : Starting CAP EXTRACTION
2026-10-06 01:12:47 +0000: Memory Usage (467536K) : Extracting cap_cmim device
2026-10-06 01:12:47 +0000: Memory Usage (467536K) : Extracting rfcmim device
2026-10-06 01:12:47 +0000: Memory Usage (467536K) : Extracting sg13_hv_svaricap varactor
2026-10-06 01:12:47 +0000: Memory Usage (467536K) : Extracting cap_cmomi device
2026-10-06 01:12:47 +0000: Memory Usage (467536K) : Extracting cap_cmomf device
2026-10-06 01:12:47 +0000: Memory Usage (467536K) : Extracting sg13_moscap_n capacitor
2026-10-06 01:12:47 +0000: Memory Usage (467536K) : Extracting sg13_moscap_p capacitor
2026-10-06 01:12:47 +0000: Memory Usage (467536K) : Starting ESD EXTRACTION
2026-10-06 01:12:47 +0000: Memory Usage (467536K) : Extracting diodevdd_2kv ESD device
2026-10-06 01:12:47 +0000: Memory Usage (467536K) : Extracting diodevdd_4kv ESD device
2026-10-06 01:12:47 +0000: Memory Usage (467536K) : Extracting diodevss_2kv ESD device
2026-10-06 01:12:47 +0000: Memory Usage (467536K) : Extracting diodevss_4kv ESD device
2026-10-06 01:12:47 +0000: Memory Usage (467536K) : Extracting idiodevdd_2kv ESD device
2026-10-06 01:12:47 +0000: Memory Usage (467536K) : Extracting idiodevdd_4kv ESD device
2026-10-06 01:12:47 +0000: Memory Usage (467536K) : Extracting idiodevss_2kv ESD device
2026-10-06 01:12:47 +0000: Memory Usage (467536K) : Extracting idiodevss_4kv ESD device
2026-10-06 01:12:47 +0000: Memory Usage (467536K) : Extracting nmoscl_2 ESD device
2026-10-06 01:12:47 +0000: Memory Usage (467536K) : Extracting nmoscl_4 ESD device
2026-10-06 01:12:47 +0000: Memory Usage (467536K) : Starting Inductor EXTRACTION
2026-10-06 01:12:47 +0000: Memory Usage (467536K) : Extracting Inductor2 device
2026-10-06 01:12:47 +0000: Memory Usage (467536K) : Extracting Inductor3 device
2026-10-06 01:12:47 +0000: Memory Usage (467536K) : Starting Taps EXTRACTION
2026-10-06 01:12:47 +0000: Memory Usage (467536K) : Extracting ntap1 device
2026-10-06 01:12:47 +0000: Memory Usage (467536K) : Extracting ptap1 device
2026-10-06 01:12:47 +0000: Memory Usage (467536K) : Starting SG13CMOS5L LVS RF MOS Model Mapping
2026-10-06 01:12:48 +0000: Memory Usage (488784K) : [layout_netlist] Apply RF MOS model mapping and rfmode parameter.
2026-10-06 01:12:48 +0000: Memory Usage (488784K) : Starting SG13CMOS5L LVS Options Preparations
2026-10-06 01:12:48 +0000: Memory Usage (488784K) : SG13CMOS5L LVS flow: extraction -> alignment -> option preparation -> comparison.
2026-10-06 01:12:48 +0000: Memory Usage (488784K) : Starting SG13CMOS5L LVS Alignment
2026-10-06 01:12:48 +0000: Memory Usage (488784K) : Devices to compare: layout=3886 schematic=3862 (schematic counted before alignment, both per circuit definition)
2026-10-06 01:12:48 +0000: Memory Usage (488784K) : Starting SG13CMOS5L LVS Simplification
2026-10-06 01:12:48 +0000: Memory Usage (488784K) : [layout_netlist] simplify: ENABLED
2026-10-06 01:12:48 +0000: Memory Usage (488784K) : [layout_netlist] make_top_level_pins: SKIPPED
2026-10-06 01:12:48 +0000: Memory Usage (488784K) : [layout_netlist] combine_devices: SKIPPED
2026-10-06 01:12:48 +0000: Memory Usage (488784K) : [layout_netlist] purge: SKIPPED
2026-10-06 01:12:48 +0000: Memory Usage (488784K) : [layout_netlist] purge_nets: SKIPPED
2026-10-06 01:12:48 +0000: Memory Usage (488784K) : [schematic_netlist] simplify: ENABLED
2026-10-06 01:12:48 +0000: Memory Usage (488784K) : [schematic_netlist] make_top_level_pins: SKIPPED
2026-10-06 01:12:48 +0000: Memory Usage (488784K) : [schematic_netlist] combine_devices: SKIPPED
2026-10-06 01:12:48 +0000: Memory Usage (488784K) : [schematic_netlist] purge: SKIPPED
2026-10-06 01:12:48 +0000: Memory Usage (488784K) : [schematic_netlist] purge_nets: SKIPPED
2026-10-06 01:12:48 +0000: Memory Usage (488784K) : Starting SG13CMOS5L LVS Comparison in strict port mode.
2026-10-06 01:12:48 +0000: Memory Usage (488784K) : flag_missing_ports enabled: missing/mislabeled top-level ports are treated as errors.
2026-10-06 01:12:52 +0000: Memory Usage (492368K) : xxxxxxxxxxxxxxxxxxxxxxxxxxxxxxxxxxxxxxxxxx
2026-10-06 01:12:52 +0000: Memory Usage (492368K) : ERROR : Netlists don't match
2026-10-06 01:12:52 +0000: Memory Usage (492368K) : xxxxxxxxxxxxxxxxxxxxxxxxxxxxxxxxxxxxxxxxxx
2026-10-06 01:12:52 +0000: Memory Usage (492368K) : LVS Total Run time 9.671039 seconds
06-Oct-2026 01:12:52 | INFO    | ==============================================================================
06-Oct-2026 01:12:52 | INFO    | Important Summary
06-Oct-2026 01:12:52 | INFO    | +------------------+--------------------------------------------------------------+
06-Oct-2026 01:12:52 | INFO    | | Status           | FAIL                                                         |
06-Oct-2026 01:12:52 | INFO    | | Mode             | COMPARE                                                      |
06-Oct-2026 01:12:52 | INFO    | | Outcome          | Comparison mode: FAIL (netlists do not match).               |
06-Oct-2026 01:12:52 | INFO    | | Layout           | in.gds                                                       |
06-Oct-2026 01:12:52 | INFO    | | Top Cell         | gc_bank_32x32                                                |
06-Oct-2026 01:12:52 | INFO    | | Results Dir      | /work/out                                                    |
06-Oct-2026 01:12:52 | INFO    | | Warnings         | 0                                                            |
06-Oct-2026 01:12:52 | INFO    | | Errors           | 1                                                            |
06-Oct-2026 01:12:52 | INFO    | | Run Time (s)     | 10.96                                                        |
06-Oct-2026 01:12:52 | INFO    | +------------------+--------------------------------------------------------------+
06-Oct-2026 01:12:52 | ERROR   | Key errors:
06-Oct-2026 01:12:52 | ERROR   |   - 2026-10-06 01:12:52 +0000: Memory Usage (492368K) : ERROR : Netlists don't match
06-Oct-2026 01:12:52 | INFO    | ==============================================================================
