06-Oct-2026 01:31:16 | INFO    | Your Klayout version is: KLayout 0.30.9
06-Oct-2026 01:31:16 | INFO    | Running SG13CMOS5L LVS checks on design /work/in.gds on cell GC_ARRAY_32x38
2026-10-06 01:31:17 +0000: Memory Usage (423688K) : Starting running SG13CMOS5L Klayout LVS runset on /work/in.gds
2026-10-06 01:31:17 +0000: Memory Usage (423688K) : Ruby Version for klayout: 3.4.9
2026-10-06 01:31:17 +0000: Memory Usage (424808K) : Loading database to memory is complete.
2026-10-06 01:31:17 +0000: Memory Usage (424808K) : SG13CMOS5L Klayout LVS runset output at: /work/out/in.lvsdb
2026-10-06 01:31:17 +0000: Memory Usage (424808K) : Evaluate switches.
2026-10-06 01:31:17 +0000: Memory Usage (424808K) : Extracted netlist with net names: true
2026-10-06 01:31:17 +0000: Memory Usage (424808K) : Extracted netlist with comments in details: false
2026-10-06 01:31:17 +0000: Memory Usage (424808K) : Selected NET_ONLY option: false
2026-10-06 01:31:17 +0000: Memory Usage (424808K) : Selected LAYOUT_NETLIST option: (none)
2026-10-06 01:31:17 +0000: Memory Usage (424808K) : Selected IGNORE_TOP_PORTS_MISMATCH option: 
2026-10-06 01:31:17 +0000: Memory Usage (424808K) : Selected IMPLICIT_NETS option: (none)
2026-10-06 01:31:17 +0000: Memory Usage (424808K) : Selected TOP_LVL_PINS option: false
2026-10-06 01:31:17 +0000: Memory Usage (424808K) : Selected COMBINE DEVICES option: false
2026-10-06 01:31:17 +0000: Memory Usage (424808K) : Selected PURGE option: false
2026-10-06 01:31:17 +0000: Memory Usage (424808K) : Selected PURGE_NETS option: false
2026-10-06 01:31:17 +0000: Memory Usage (424808K) : Selected SIMPLIFY option: true
2026-10-06 01:31:17 +0000: Memory Usage (424808K) : Selected SERIES_RES option: true
2026-10-06 01:31:17 +0000: Memory Usage (424808K) : Selected PARALLEL_RES option: true
2026-10-06 01:31:17 +0000: Memory Usage (424808K) : Selected DISABLE_TAP_EXTRACTION option: false
2026-10-06 01:31:17 +0000: Memory Usage (424808K) : flat  mode is enabled.
2026-10-06 01:31:17 +0000: Memory Usage (428904K) : Netlist file: /work/in.cir
2026-10-06 01:31:17 +0000: Memory Usage (428904K) : LVS extracted netlist at: /work/out/in_extracted.cir
2026-10-06 01:31:17 +0000: Memory Usage (428904K) : Applying SRAM integration support.
2026-10-06 01:31:17 +0000: Memory Usage (428904K) : Starting SG13CMOS5L LVS runset
2026-10-06 01:31:17 +0000: Memory Usage (428904K) : Read in polygons from layers.
2026-10-06 01:31:17 +0000: Memory Usage (429744K) : activ_drw has 625 polygons
2026-10-06 01:31:17 +0000: Memory Usage (430000K) : activ_filler has 0 polygons
2026-10-06 01:31:17 +0000: Memory Usage (430000K) : activ has 625 polygons
2026-10-06 01:31:17 +0000: Memory Usage (430000K) : activ_pin has 0 polygons
2026-10-06 01:31:17 +0000: Memory Usage (430000K) : activ_mask has 0 polygons
2026-10-06 01:31:17 +0000: Memory Usage (430256K) : activ_nofill has 0 polygons
2026-10-06 01:31:17 +0000: Memory Usage (430256K) : activ_OPC has 0 polygons
2026-10-06 01:31:17 +0000: Memory Usage (430512K) : activ_iOPC has 0 polygons
2026-10-06 01:31:17 +0000: Memory Usage (430512K) : activ_noqrc has 0 polygons
2026-10-06 01:31:17 +0000: Memory Usage (430768K) : biwind_drw has 0 polygons
2026-10-06 01:31:17 +0000: Memory Usage (430768K) : biwind_OPC has 0 polygons
2026-10-06 01:31:17 +0000: Memory Usage (431536K) : gatpoly_drw has 1280 polygons
2026-10-06 01:31:17 +0000: Memory Usage (431536K) : gatpoly_filler has 0 polygons
2026-10-06 01:31:17 +0000: Memory Usage (431536K) : gatpoly has 1280 polygons
2026-10-06 01:31:17 +0000: Memory Usage (431536K) : gatpoly_pin has 0 polygons
2026-10-06 01:31:17 +0000: Memory Usage (432048K) : gatpoly_nofill has 0 polygons
2026-10-06 01:31:17 +0000: Memory Usage (432048K) : gatpoly_OPC has 0 polygons
2026-10-06 01:31:17 +0000: Memory Usage (432048K) : gatpoly_iOPC has 0 polygons
2026-10-06 01:31:17 +0000: Memory Usage (432048K) : gatpoly_noqrc has 0 polygons
2026-10-06 01:31:17 +0000: Memory Usage (432816K) : cont_drw has 3942 polygons
2026-10-06 01:31:17 +0000: Memory Usage (432816K) : cont_OPC has 0 polygons
2026-10-06 01:31:17 +0000: Memory Usage (432816K) : nsd_drw has 0 polygons
2026-10-06 01:31:17 +0000: Memory Usage (433072K) : nsd_block has 0 polygons
2026-10-06 01:31:17 +0000: Memory Usage (433840K) : metal1_drw has 2630 polygons
2026-10-06 01:31:17 +0000: Memory Usage (433840K) : metal1_filler has 0 polygons
2026-10-06 01:31:17 +0000: Memory Usage (433840K) : metal1_slit has 0 polygons
2026-10-06 01:31:17 +0000: Memory Usage (433840K) : metal1 has 2630 polygons
2026-10-06 01:31:17 +0000: Memory Usage (434096K) : metal1_pin has 0 polygons
2026-10-06 01:31:17 +0000: Memory Usage (434096K) : metal1_mask has 0 polygons
2026-10-06 01:31:17 +0000: Memory Usage (434096K) : metal1_nofill has 0 polygons
2026-10-06 01:31:17 +0000: Memory Usage (434352K) : metal1_text has 0 polygons
2026-10-06 01:31:17 +0000: Memory Usage (434352K) : metal1_OPC has 0 polygons
2026-10-06 01:31:17 +0000: Memory Usage (434608K) : metal1_noqrc has 0 polygons
2026-10-06 01:31:17 +0000: Memory Usage (434608K) : metal1_res has 0 polygons
2026-10-06 01:31:17 +0000: Memory Usage (434864K) : metal1_iprobe has 0 polygons
2026-10-06 01:31:17 +0000: Memory Usage (434864K) : metal1_diffprb has 0 polygons
2026-10-06 01:31:17 +0000: Memory Usage (435120K) : passiv_drw has 0 polygons
2026-10-06 01:31:17 +0000: Memory Usage (435376K) : passiv_pin has 0 polygons
2026-10-06 01:31:17 +0000: Memory Usage (435376K) : passiv_sbump has 0 polygons
2026-10-06 01:31:17 +0000: Memory Usage (435632K) : passiv_pillar has 0 polygons
2026-10-06 01:31:17 +0000: Memory Usage (435632K) : passiv_pdl has 0 polygons
2026-10-06 01:31:17 +0000: Memory Usage (435632K) : metal2_drw has 143 polygons
2026-10-06 01:31:17 +0000: Memory Usage (435888K) : metal2_filler has 0 polygons
2026-10-06 01:31:17 +0000: Memory Usage (435888K) : metal2_slit has 0 polygons
2026-10-06 01:31:17 +0000: Memory Usage (435888K) : metal2 has 143 polygons
2026-10-06 01:31:17 +0000: Memory Usage (436144K) : metal2_pin has 76 polygons
2026-10-06 01:31:17 +0000: Memory Usage (436144K) : metal2_mask has 0 polygons
2026-10-06 01:31:17 +0000: Memory Usage (436400K) : metal2_nofill has 0 polygons
2026-10-06 01:31:17 +0000: Memory Usage (436680K) : metal2_text has 76 polygons
2026-10-06 01:31:17 +0000: Memory Usage (436936K) : metal2_OPC has 0 polygons
2026-10-06 01:31:17 +0000: Memory Usage (436936K) : metal2_noqrc has 0 polygons
2026-10-06 01:31:17 +0000: Memory Usage (437192K) : metal2_res has 0 polygons
2026-10-06 01:31:17 +0000: Memory Usage (437192K) : metal2_iprobe has 0 polygons
2026-10-06 01:31:17 +0000: Memory Usage (437448K) : metal2_diffprb has 0 polygons
2026-10-06 01:31:17 +0000: Memory Usage (437704K) : baspoly_drw has 0 polygons
2026-10-06 01:31:17 +0000: Memory Usage (437704K) : baspoly_pin has 0 polygons
2026-10-06 01:31:17 +0000: Memory Usage (437960K) : psd_drw has 96 polygons
2026-10-06 01:31:17 +0000: Memory Usage (437960K) : nldb_drw has 0 polygons
2026-10-06 01:31:17 +0000: Memory Usage (438216K) : digibnd_drw has 0 polygons
2026-10-06 01:31:17 +0000: Memory Usage (438472K) : via1_drw has 1414 polygons
2026-10-06 01:31:17 +0000: Memory Usage (438728K) : backmetal1_drw has 0 polygons
2026-10-06 01:31:17 +0000: Memory Usage (438728K) : backmetal1_pin has 0 polygons
2026-10-06 01:31:17 +0000: Memory Usage (438728K) : backmetal1_mask has 0 polygons
2026-10-06 01:31:17 +0000: Memory Usage (438984K) : backmetal1_filler has 0 polygons
2026-10-06 01:31:17 +0000: Memory Usage (439240K) : backmetal1_nofill has 0 polygons
2026-10-06 01:31:17 +0000: Memory Usage (439240K) : backmetal1_slit has 0 polygons
2026-10-06 01:31:17 +0000: Memory Usage (439240K) : backmetal1_text has 0 polygons
2026-10-06 01:31:17 +0000: Memory Usage (439496K) : backmetal1_OPC has 0 polygons
2026-10-06 01:31:17 +0000: Memory Usage (439496K) : backmetal1_noqrc has 0 polygons
2026-10-06 01:31:17 +0000: Memory Usage (439752K) : backmetal1_res has 0 polygons
2026-10-06 01:31:17 +0000: Memory Usage (439752K) : backmetal1_iprobe has 0 polygons
2026-10-06 01:31:17 +0000: Memory Usage (439752K) : backmetal1_diffprb has 0 polygons
2026-10-06 01:31:17 +0000: Memory Usage (440008K) : backpassiv_drw has 0 polygons
2026-10-06 01:31:17 +0000: Memory Usage (440008K) : res_drw has 0 polygons
2026-10-06 01:31:17 +0000: Memory Usage (440264K) : sram_drw has 0 polygons
2026-10-06 01:31:17 +0000: Memory Usage (440264K) : trans_drw has 0 polygons
2026-10-06 01:31:17 +0000: Memory Usage (440520K) : ind_drw has 0 polygons
2026-10-06 01:31:17 +0000: Memory Usage (440520K) : ind_pin has 0 polygons
2026-10-06 01:31:17 +0000: Memory Usage (440776K) : ind_text has 0 polygons
2026-10-06 01:31:17 +0000: Memory Usage (440776K) : salblock_drw has 0 polygons
2026-10-06 01:31:17 +0000: Memory Usage (441032K) : via2_drw has 112 polygons
2026-10-06 01:31:17 +0000: Memory Usage (441032K) : metal3_drw has 114 polygons
2026-10-06 01:31:17 +0000: Memory Usage (441288K) : metal3_filler has 0 polygons
2026-10-06 01:31:17 +0000: Memory Usage (441288K) : metal3_slit has 0 polygons
2026-10-06 01:31:17 +0000: Memory Usage (441544K) : metal3 has 114 polygons
2026-10-06 01:31:17 +0000: Memory Usage (441800K) : metal3_pin has 66 polygons
2026-10-06 01:31:17 +0000: Memory Usage (441800K) : metal3_mask has 0 polygons
2026-10-06 01:31:17 +0000: Memory Usage (442056K) : metal3_nofill has 0 polygons
2026-10-06 01:31:17 +0000: Memory Usage (442056K) : metal3_text has 66 polygons
2026-10-06 01:31:17 +0000: Memory Usage (442312K) : metal3_OPC has 0 polygons
2026-10-06 01:31:17 +0000: Memory Usage (442312K) : metal3_noqrc has 0 polygons
2026-10-06 01:31:17 +0000: Memory Usage (442568K) : metal3_res has 0 polygons
2026-10-06 01:31:17 +0000: Memory Usage (442568K) : metal3_iprobe has 0 polygons
2026-10-06 01:31:17 +0000: Memory Usage (442824K) : metal3_diffprb has 0 polygons
2026-10-06 01:31:17 +0000: Memory Usage (442824K) : nwell_drw has 0 polygons
2026-10-06 01:31:17 +0000: Memory Usage (443080K) : nwell_pin has 0 polygons
2026-10-06 01:31:17 +0000: Memory Usage (443080K) : nwell_text has 0 polygons
2026-10-06 01:31:17 +0000: Memory Usage (443336K) : nbulay_drw has 0 polygons
2026-10-06 01:31:17 +0000: Memory Usage (443592K) : nbulay_pin has 0 polygons
2026-10-06 01:31:17 +0000: Memory Usage (443592K) : nbulay_block has 0 polygons
2026-10-06 01:31:17 +0000: Memory Usage (443592K) : emwind_drw has 0 polygons
2026-10-06 01:31:17 +0000: Memory Usage (443592K) : emwind_OPC has 0 polygons
2026-10-06 01:31:17 +0000: Memory Usage (443592K) : deepco_drw has 0 polygons
2026-10-06 01:31:17 +0000: Memory Usage (443592K) : mim_drw has 0 polygons
2026-10-06 01:31:17 +0000: Memory Usage (443592K) : edgeseal_drw has 0 polygons
2026-10-06 01:31:17 +0000: Memory Usage (443592K) : substrate_drw has 0 polygons
2026-10-06 01:31:17 +0000: Memory Usage (443592K) : substrate_text has 0 polygons
2026-10-06 01:31:17 +0000: Memory Usage (443592K) : dfpad_drw has 0 polygons
2026-10-06 01:31:17 +0000: Memory Usage (443592K) : dfpad_pillar has 0 polygons
2026-10-06 01:31:17 +0000: Memory Usage (443592K) : dfpad_sbump has 0 polygons
2026-10-06 01:31:17 +0000: Memory Usage (443592K) : thickgateox_drw has 16 polygons
2026-10-06 01:31:17 +0000: Memory Usage (443592K) : pldb_drw has 0 polygons
2026-10-06 01:31:17 +0000: Memory Usage (443592K) : pwell_drw has 0 polygons
2026-10-06 01:31:17 +0000: Memory Usage (443592K) : pwell_pin has 0 polygons
2026-10-06 01:31:17 +0000: Memory Usage (443592K) : pwell_block has 0 polygons
2026-10-06 01:31:17 +0000: Memory Usage (443592K) : ic_drw has 0 polygons
2026-10-06 01:31:17 +0000: Memory Usage (443592K) : via3_drw has 54 polygons
2026-10-06 01:31:17 +0000: Memory Usage (443592K) : metal4_drw has 3 polygons
2026-10-06 01:31:17 +0000: Memory Usage (443592K) : metal4_filler has 0 polygons
2026-10-06 01:31:17 +0000: Memory Usage (443592K) : metal4_slit has 0 polygons
2026-10-06 01:31:17 +0000: Memory Usage (443592K) : metal4 has 3 polygons
2026-10-06 01:31:17 +0000: Memory Usage (443592K) : metal4_pin has 0 polygons
2026-10-06 01:31:17 +0000: Memory Usage (443592K) : metal4_mask has 0 polygons
2026-10-06 01:31:17 +0000: Memory Usage (443592K) : metal4_nofill has 0 polygons
2026-10-06 01:31:17 +0000: Memory Usage (443592K) : metal4_text has 0 polygons
2026-10-06 01:31:17 +0000: Memory Usage (443592K) : metal4_OPC has 0 polygons
2026-10-06 01:31:17 +0000: Memory Usage (443592K) : metal4_noqrc has 0 polygons
2026-10-06 01:31:17 +0000: Memory Usage (443592K) : metal4_res has 0 polygons
2026-10-06 01:31:17 +0000: Memory Usage (443592K) : metal4_iprobe has 0 polygons
2026-10-06 01:31:17 +0000: Memory Usage (443592K) : metal4_diffprb has 0 polygons
2026-10-06 01:31:17 +0000: Memory Usage (443592K) : heattrans_drw has 0 polygons
2026-10-06 01:31:17 +0000: Memory Usage (443592K) : heatres_drw has 0 polygons
2026-10-06 01:31:17 +0000: Memory Usage (443592K) : fbe_drw has 0 polygons
2026-10-06 01:31:17 +0000: Memory Usage (443848K) : empoly_drw has 0 polygons
2026-10-06 01:31:17 +0000: Memory Usage (443848K) : digisub_drw has 0 polygons
2026-10-06 01:31:17 +0000: Memory Usage (443848K) : text_drw has 0 polygons
2026-10-06 01:31:17 +0000: Memory Usage (444104K) : via4_drw has 0 polygons
2026-10-06 01:31:17 +0000: Memory Usage (444104K) : metal5_drw has 0 polygons
2026-10-06 01:31:17 +0000: Memory Usage (444104K) : metal5_filler has 0 polygons
2026-10-06 01:31:17 +0000: Memory Usage (444104K) : metal5_slit has 0 polygons
2026-10-06 01:31:17 +0000: Memory Usage (444104K) : metal5 has 0 polygons
2026-10-06 01:31:17 +0000: Memory Usage (444104K) : metal5_pin has 0 polygons
2026-10-06 01:31:17 +0000: Memory Usage (444104K) : metal5_mask has 0 polygons
2026-10-06 01:31:17 +0000: Memory Usage (444104K) : metal5_nofill has 0 polygons
2026-10-06 01:31:17 +0000: Memory Usage (444104K) : metal5_text has 0 polygons
2026-10-06 01:31:17 +0000: Memory Usage (444104K) : metal5_OPC has 0 polygons
2026-10-06 01:31:17 +0000: Memory Usage (444104K) : metal5_noqrc has 0 polygons
2026-10-06 01:31:17 +0000: Memory Usage (444104K) : metal5_res has 0 polygons
2026-10-06 01:31:17 +0000: Memory Usage (444104K) : metal5_iprobe has 0 polygons
2026-10-06 01:31:17 +0000: Memory Usage (444104K) : metal5_diffprb has 0 polygons
2026-10-06 01:31:17 +0000: Memory Usage (444104K) : radhard_drw has 0 polygons
2026-10-06 01:31:17 +0000: Memory Usage (444104K) : memcap_drw has 0 polygons
2026-10-06 01:31:17 +0000: Memory Usage (444104K) : varicap_drw has 0 polygons
2026-10-06 01:31:17 +0000: Memory Usage (444104K) : intbondvia_drw has 0 polygons
2026-10-06 01:31:17 +0000: Memory Usage (444104K) : intbondmet_drw has 0 polygons
2026-10-06 01:31:17 +0000: Memory Usage (444104K) : devbondvia_drw has 0 polygons
2026-10-06 01:31:17 +0000: Memory Usage (444104K) : devbondmet_drw has 0 polygons
2026-10-06 01:31:17 +0000: Memory Usage (444104K) : devtrench_drw has 0 polygons
2026-10-06 01:31:17 +0000: Memory Usage (444104K) : redist_drw has 0 polygons
2026-10-06 01:31:17 +0000: Memory Usage (444104K) : graphbot_drw has 0 polygons
2026-10-06 01:31:17 +0000: Memory Usage (444104K) : graphtop_drw has 0 polygons
2026-10-06 01:31:17 +0000: Memory Usage (444104K) : antvia1_drw has 0 polygons
2026-10-06 01:31:17 +0000: Memory Usage (444104K) : antmetal2_drw has 0 polygons
2026-10-06 01:31:17 +0000: Memory Usage (444104K) : graphcont_drw has 0 polygons
2026-10-06 01:31:17 +0000: Memory Usage (444104K) : siwg_drw has 0 polygons
2026-10-06 01:31:17 +0000: Memory Usage (444104K) : siwg_filler has 0 polygons
2026-10-06 01:31:17 +0000: Memory Usage (444104K) : siwg_nofill has 0 polygons
2026-10-06 01:31:17 +0000: Memory Usage (444104K) : sigrating_drw has 0 polygons
2026-10-06 01:31:17 +0000: Memory Usage (444104K) : singrating_drw has 0 polygons
2026-10-06 01:31:17 +0000: Memory Usage (444104K) : graphpas_drw has 0 polygons
2026-10-06 01:31:17 +0000: Memory Usage (444104K) : emwind3_drw has 0 polygons
2026-10-06 01:31:17 +0000: Memory Usage (444104K) : emwihv3_drw has 0 polygons
2026-10-06 01:31:17 +0000: Memory Usage (444104K) : redbulay_drw has 0 polygons
2026-10-06 01:31:17 +0000: Memory Usage (444104K) : smos_drw has 0 polygons
2026-10-06 01:31:17 +0000: Memory Usage (444104K) : graphpad_drw has 0 polygons
2026-10-06 01:31:17 +0000: Memory Usage (444104K) : polimide_drw has 0 polygons
2026-10-06 01:31:17 +0000: Memory Usage (444104K) : polimide_pin has 0 polygons
2026-10-06 01:31:17 +0000: Memory Usage (444104K) : recog_drw has 0 polygons
2026-10-06 01:31:17 +0000: Memory Usage (444104K) : recog_pin has 0 polygons
2026-10-06 01:31:17 +0000: Memory Usage (444104K) : recog_esd has 0 polygons
2026-10-06 01:31:17 +0000: Memory Usage (444104K) : recog_diode has 0 polygons
2026-10-06 01:31:17 +0000: Memory Usage (444104K) : recog_tsv has 0 polygons
2026-10-06 01:31:17 +0000: Memory Usage (444104K) : recog_iprobe has 0 polygons
2026-10-06 01:31:17 +0000: Memory Usage (444104K) : recog_diffprb has 0 polygons
2026-10-06 01:31:17 +0000: Memory Usage (444104K) : recog_pillar has 0 polygons
2026-10-06 01:31:17 +0000: Memory Usage (444104K) : recog_sbump has 0 polygons
2026-10-06 01:31:17 +0000: Memory Usage (444104K) : recog_otp has 0 polygons
2026-10-06 01:31:17 +0000: Memory Usage (444104K) : recog_pdiode has 0 polygons
2026-10-06 01:31:17 +0000: Memory Usage (444104K) : recog_mom has 0 polygons
2026-10-06 01:31:17 +0000: Memory Usage (444104K) : recog_momf has 0 polygons
2026-10-06 01:31:17 +0000: Memory Usage (444104K) : recog_pcm has 0 polygons
2026-10-06 01:31:17 +0000: Memory Usage (444104K) : colopen_drw has 0 polygons
2026-10-06 01:31:17 +0000: Memory Usage (444104K) : graphmetal1_drw has 0 polygons
2026-10-06 01:31:17 +0000: Memory Usage (444104K) : graphmetal1_filler has 0 polygons
2026-10-06 01:31:17 +0000: Memory Usage (444104K) : graphmetal1_nofill has 0 polygons
2026-10-06 01:31:17 +0000: Memory Usage (444104K) : graphmetal1_slit has 0 polygons
2026-10-06 01:31:17 +0000: Memory Usage (444104K) : graphmetal1_OPC has 0 polygons
2026-10-06 01:31:17 +0000: Memory Usage (444104K) : graphmet1l_drw has 0 polygons
2026-10-06 01:31:17 +0000: Memory Usage (444104K) : graphmet1l_filler has 0 polygons
2026-10-06 01:31:17 +0000: Memory Usage (444104K) : graphmet1l_nofill has 0 polygons
2026-10-06 01:31:17 +0000: Memory Usage (444104K) : graphmet1l_slit has 0 polygons
2026-10-06 01:31:17 +0000: Memory Usage (444104K) : graphmet1l_OPC has 0 polygons
2026-10-06 01:31:17 +0000: Memory Usage (444104K) : extblock_drw has 0 polygons
2026-10-06 01:31:17 +0000: Memory Usage (444104K) : nldd_drw has 0 polygons
2026-10-06 01:31:17 +0000: Memory Usage (444104K) : pldd_drw has 0 polygons
2026-10-06 01:31:17 +0000: Memory Usage (444104K) : next_drw has 0 polygons
2026-10-06 01:31:17 +0000: Memory Usage (444104K) : pext_drw has 0 polygons
2026-10-06 01:31:17 +0000: Memory Usage (444104K) : nexthv_drw has 0 polygons
2026-10-06 01:31:17 +0000: Memory Usage (444104K) : pexthv_drw has 0 polygons
2026-10-06 01:31:17 +0000: Memory Usage (444104K) : graphgate_drw has 0 polygons
2026-10-06 01:31:17 +0000: Memory Usage (444104K) : sinwg_drw has 0 polygons
2026-10-06 01:31:17 +0000: Memory Usage (444104K) : sinwg_filler has 0 polygons
2026-10-06 01:31:17 +0000: Memory Usage (444104K) : sinwg_nofill has 0 polygons
2026-10-06 01:31:17 +0000: Memory Usage (444104K) : mempad_drw has 0 polygons
2026-10-06 01:31:17 +0000: Memory Usage (444104K) : topvia1_drw has 0 polygons
2026-10-06 01:31:17 +0000: Memory Usage (444104K) : topmetal1_drw has 0 polygons
2026-10-06 01:31:17 +0000: Memory Usage (444104K) : topmetal1_filler has 0 polygons
2026-10-06 01:31:17 +0000: Memory Usage (444104K) : topmetal1_slit has 0 polygons
2026-10-06 01:31:17 +0000: Memory Usage (444104K) : topmetal1 has 0 polygons
2026-10-06 01:31:17 +0000: Memory Usage (444104K) : topmetal1_pin has 0 polygons
2026-10-06 01:31:17 +0000: Memory Usage (444104K) : topmetal1_mask has 0 polygons
2026-10-06 01:31:17 +0000: Memory Usage (444104K) : topmetal1_nofill has 0 polygons
2026-10-06 01:31:17 +0000: Memory Usage (444104K) : topmetal1_text has 0 polygons
2026-10-06 01:31:17 +0000: Memory Usage (444104K) : topmetal1_noqrc has 0 polygons
2026-10-06 01:31:17 +0000: Memory Usage (444104K) : topmetal1_res has 0 polygons
2026-10-06 01:31:17 +0000: Memory Usage (444104K) : topmetal1_iprobe has 0 polygons
2026-10-06 01:31:17 +0000: Memory Usage (444104K) : topmetal1_diffprb has 0 polygons
2026-10-06 01:31:17 +0000: Memory Usage (444104K) : inldpwl_drw has 0 polygons
2026-10-06 01:31:17 +0000: Memory Usage (444104K) : polyres_drw has 0 polygons
2026-10-06 01:31:17 +0000: Memory Usage (444104K) : polyres_pin has 0 polygons
2026-10-06 01:31:17 +0000: Memory Usage (444104K) : vmim_drw has 0 polygons
2026-10-06 01:31:17 +0000: Memory Usage (444104K) : nbulaycut_drw has 0 polygons
2026-10-06 01:31:17 +0000: Memory Usage (444104K) : antmetal1_drw has 0 polygons
2026-10-06 01:31:17 +0000: Memory Usage (444104K) : topvia2_drw has 0 polygons
2026-10-06 01:31:17 +0000: Memory Usage (444104K) : topmetal2_drw has 0 polygons
2026-10-06 01:31:17 +0000: Memory Usage (444104K) : topmetal2_filler has 0 polygons
2026-10-06 01:31:17 +0000: Memory Usage (444104K) : topmetal2_slit has 0 polygons
2026-10-06 01:31:17 +0000: Memory Usage (444104K) : topmetal2 has 0 polygons
2026-10-06 01:31:17 +0000: Memory Usage (444104K) : topmetal2_pin has 0 polygons
2026-10-06 01:31:17 +0000: Memory Usage (444104K) : topmetal2_mask has 0 polygons
2026-10-06 01:31:17 +0000: Memory Usage (444104K) : topmetal2_nofill has 0 polygons
2026-10-06 01:31:17 +0000: Memory Usage (444104K) : topmetal2_text has 0 polygons
2026-10-06 01:31:17 +0000: Memory Usage (444104K) : topmetal2_noqrc has 0 polygons
2026-10-06 01:31:17 +0000: Memory Usage (444104K) : topmetal2_res has 0 polygons
2026-10-06 01:31:17 +0000: Memory Usage (444104K) : topmetal2_iprobe has 0 polygons
2026-10-06 01:31:17 +0000: Memory Usage (444104K) : topmetal2_diffprb has 0 polygons
2026-10-06 01:31:17 +0000: Memory Usage (444104K) : snsring_drw has 0 polygons
2026-10-06 01:31:17 +0000: Memory Usage (444104K) : sensor_drw has 0 polygons
2026-10-06 01:31:17 +0000: Memory Usage (444104K) : snsarms_drw has 0 polygons
2026-10-06 01:31:17 +0000: Memory Usage (444104K) : snscmosvia_drw has 0 polygons
2026-10-06 01:31:17 +0000: Memory Usage (444104K) : colwind_drw has 0 polygons
2026-10-06 01:31:17 +0000: Memory Usage (444104K) : flm_drw has 0 polygons
2026-10-06 01:31:17 +0000: Memory Usage (444104K) : hafniumox_drw has 0 polygons
2026-10-06 01:31:17 +0000: Memory Usage (444104K) : memvia_drw has 0 polygons
2026-10-06 01:31:17 +0000: Memory Usage (444104K) : thinfilmres_drw has 0 polygons
2026-10-06 01:31:17 +0000: Memory Usage (444104K) : rfmem_drw has 0 polygons
2026-10-06 01:31:17 +0000: Memory Usage (444104K) : norcx_drw has 0 polygons
2026-10-06 01:31:17 +0000: Memory Usage (444104K) : norcx_m2m3 has 0 polygons
2026-10-06 01:31:17 +0000: Memory Usage (444104K) : norcx_m2m4 has 0 polygons
2026-10-06 01:31:17 +0000: Memory Usage (444104K) : norcx_m2m5 has 0 polygons
2026-10-06 01:31:17 +0000: Memory Usage (444104K) : norcx_m2tm1 has 0 polygons
2026-10-06 01:31:17 +0000: Memory Usage (444104K) : norcx_m2tm2 has 0 polygons
2026-10-06 01:31:17 +0000: Memory Usage (444104K) : norcx_m3m4 has 0 polygons
2026-10-06 01:31:17 +0000: Memory Usage (444104K) : norcx_m3m5 has 0 polygons
2026-10-06 01:31:17 +0000: Memory Usage (444104K) : norcx_m3tm1 has 0 polygons
2026-10-06 01:31:17 +0000: Memory Usage (444104K) : norcx_m3tm2 has 0 polygons
2026-10-06 01:31:17 +0000: Memory Usage (444104K) : norcx_m4m5 has 0 polygons
2026-10-06 01:31:17 +0000: Memory Usage (444104K) : norcx_m4tm1 has 0 polygons
2026-10-06 01:31:17 +0000: Memory Usage (444104K) : norcx_m4tm2 has 0 polygons
2026-10-06 01:31:17 +0000: Memory Usage (444104K) : norcx_m5tm1 has 0 polygons
2026-10-06 01:31:17 +0000: Memory Usage (444104K) : norcx_m5tm2 has 0 polygons
2026-10-06 01:31:17 +0000: Memory Usage (444104K) : norcx_tm1tm2 has 0 polygons
2026-10-06 01:31:17 +0000: Memory Usage (444104K) : norcx_m1sub has 0 polygons
2026-10-06 01:31:17 +0000: Memory Usage (444104K) : norcx_m2sub has 0 polygons
2026-10-06 01:31:17 +0000: Memory Usage (444104K) : norcx_m3sub has 0 polygons
2026-10-06 01:31:17 +0000: Memory Usage (444104K) : norcx_m4sub has 0 polygons
2026-10-06 01:31:17 +0000: Memory Usage (444104K) : norcx_m5sub has 0 polygons
2026-10-06 01:31:17 +0000: Memory Usage (444104K) : norcx_tm1sub has 0 polygons
2026-10-06 01:31:17 +0000: Memory Usage (444104K) : norcx_tm2sub has 0 polygons
2026-10-06 01:31:17 +0000: Memory Usage (444104K) : snsbotvia_drw has 0 polygons
2026-10-06 01:31:17 +0000: Memory Usage (444104K) : snstopvia_drw has 0 polygons
2026-10-06 01:31:17 +0000: Memory Usage (444104K) : deepvia_drw has 0 polygons
2026-10-06 01:31:17 +0000: Memory Usage (444104K) : fgetch_drw has 0 polygons
2026-10-06 01:31:17 +0000: Memory Usage (444104K) : ctrgat_drw has 0 polygons
2026-10-06 01:31:17 +0000: Memory Usage (444104K) : fgimp_drw has 0 polygons
2026-10-06 01:31:17 +0000: Memory Usage (444104K) : emwihv_drw has 0 polygons
2026-10-06 01:31:17 +0000: Memory Usage (444104K) : lbe_drw has 0 polygons
2026-10-06 01:31:17 +0000: Memory Usage (444104K) : alcustop_drw has 0 polygons
2026-10-06 01:31:17 +0000: Memory Usage (444104K) : nometfiller_drw has 0 polygons
2026-10-06 01:31:17 +0000: Memory Usage (444104K) : prboundary_drw has 0 polygons
2026-10-06 01:31:17 +0000: Memory Usage (444104K) : exchange0_drw has 0 polygons
2026-10-06 01:31:17 +0000: Memory Usage (444104K) : exchange0_pin has 0 polygons
2026-10-06 01:31:17 +0000: Memory Usage (444104K) : exchange0_text has 0 polygons
2026-10-06 01:31:17 +0000: Memory Usage (444104K) : exchange1_drw has 0 polygons
2026-10-06 01:31:17 +0000: Memory Usage (444104K) : exchange1_pin has 0 polygons
2026-10-06 01:31:17 +0000: Memory Usage (444104K) : exchange1_text has 0 polygons
2026-10-06 01:31:17 +0000: Memory Usage (444104K) : exchange2_drw has 0 polygons
2026-10-06 01:31:17 +0000: Memory Usage (444104K) : exchange2_pin has 0 polygons
2026-10-06 01:31:17 +0000: Memory Usage (444104K) : exchange2_text has 0 polygons
2026-10-06 01:31:17 +0000: Memory Usage (444104K) : exchange3_drw has 0 polygons
2026-10-06 01:31:17 +0000: Memory Usage (444104K) : exchange3_pin has 0 polygons
2026-10-06 01:31:17 +0000: Memory Usage (444104K) : exchange3_text has 0 polygons
2026-10-06 01:31:17 +0000: Memory Usage (444104K) : exchange4_drw has 0 polygons
2026-10-06 01:31:17 +0000: Memory Usage (444104K) : exchange4_pin has 0 polygons
2026-10-06 01:31:17 +0000: Memory Usage (444104K) : exchange4_text has 0 polygons
2026-10-06 01:31:17 +0000: Memory Usage (444104K) : isonwell_drw has 0 polygons
2026-10-06 01:31:17 +0000: Memory Usage (444104K) : Total no. of polygons in the design is 10713
2026-10-06 01:31:17 +0000: Memory Usage (444104K) : Starting CMOS5L Forbidden Layer Check
2026-10-06 01:31:17 +0000: Memory Usage (444104K) : CMOS5L Forbidden Layer Check: PASSED - No forbidden layers found
2026-10-06 01:31:17 +0000: Memory Usage (444104K) : CMOS5L Forbidden Layer Check: PASSED
2026-10-06 01:31:17 +0000: Memory Usage (444104K) : Starting base layers derivations
2026-10-06 01:31:17 +0000: Memory Usage (444104K) : Starting general LVS derivations
2026-10-06 01:31:17 +0000: Memory Usage (446648K) : Starting MOSFET DERIVATIONS
2026-10-06 01:31:17 +0000: Memory Usage (448952K) : Starting NMOS DERIVATIONS
2026-10-06 01:31:17 +0000: Memory Usage (448952K) : Starting PMOS DERIVATIONS
2026-10-06 01:31:17 +0000: Memory Usage (448952K) : Starting RF-MOSFET DERIVATIONS
2026-10-06 01:31:17 +0000: Memory Usage (448952K) : Starting RF-NMOS DERIVATIONS
2026-10-06 01:31:17 +0000: Memory Usage (448952K) : Starting RF-PMOS DERIVATIONS
2026-10-06 01:31:17 +0000: Memory Usage (448952K) : Starting BJT DERIVATIONS
2026-10-06 01:31:17 +0000: Memory Usage (448952K) : Starting NPN-BJT DERIVATIONS
2026-10-06 01:31:17 +0000: Memory Usage (449208K) : Starting PNP-BJT DERIVATIONS
2026-10-06 01:31:17 +0000: Memory Usage (449208K) : Starting DIODE DERIVATIONS
2026-10-06 01:31:17 +0000: Memory Usage (449208K) : Starting RESISTOR DERIVATIONS
2026-10-06 01:31:17 +0000: Memory Usage (449208K) : Starting CAP DERIVATIONS
2026-10-06 01:31:17 +0000: Memory Usage (455864K) : Starting CMOS5L SVaricap derivations override
2026-10-06 01:31:17 +0000: Memory Usage (456632K) : Starting CAP_CMOM DERIVATIONS
2026-10-06 01:31:17 +0000: Memory Usage (456888K) : Starting CAP_CMOMF DERIVATIONS
2026-10-06 01:31:17 +0000: Memory Usage (457144K) : Starting ESD DERIVATIONS
2026-10-06 01:31:17 +0000: Memory Usage (458424K) : Starting Inductor DERIVATIONS
2026-10-06 01:31:17 +0000: Memory Usage (458424K) : Starting Taps DERIVATIONS
2026-10-06 01:31:17 +0000: Memory Usage (458424K) : Starting SG13G2 LVS connectivity setup
2026-10-06 01:31:17 +0000: Memory Usage (458424K) : Starting SG13CMOS5L LVS connectivity setup (Inter-layer)
2026-10-06 01:31:17 +0000: Memory Usage (458992K) : Starting SG13CMOS5L LVS connectivity setup (Global)
2026-10-06 01:31:17 +0000: Memory Usage (458992K) : Starting LVS MOSFET CONNECTIONS
2026-10-06 01:31:17 +0000: Memory Usage (458992K) : Starting LVS RF-MOSFET CONNECTIONS
2026-10-06 01:31:17 +0000: Memory Usage (458992K) : Starting LVS BJT CONNECTIONS
2026-10-06 01:31:17 +0000: Memory Usage (458992K) : Starting LVS DIODE CONNECTIONS
2026-10-06 01:31:17 +0000: Memory Usage (458992K) : Starting RESISTOR CONNECTIONS
2026-10-06 01:31:17 +0000: Memory Usage (458992K) : Starting LVS CAP CONNECTIONS
2026-10-06 01:31:17 +0000: Memory Usage (458992K) : Starting CAP_CMOM CONNECTIONS
2026-10-06 01:31:17 +0000: Memory Usage (458992K) : Starting CAP_CMOMF CONNECTIONS
2026-10-06 01:31:17 +0000: Memory Usage (458992K) : Starting ESD CONNECTIONS
2026-10-06 01:31:17 +0000: Memory Usage (458992K) : Starting Inductor CONNECTIONS
2026-10-06 01:31:17 +0000: Memory Usage (458992K) : Starting LVS Taps CONNECTIONS
2026-10-06 01:31:17 +0000: Memory Usage (458992K) : Starting SG13CMOS5L LVS DEVICES EXTRACTION
2026-10-06 01:31:17 +0000: Memory Usage (458992K) : Starting MOSFET EXTRACTION
2026-10-06 01:31:17 +0000: Memory Usage (458992K) : Starting NMOS EXTRACTION
2026-10-06 01:31:17 +0000: Memory Usage (458992K) : Extraction of NMOS-LV transistor
2026-10-06 01:31:17 +0000: Memory Usage (459248K) : Extraction of NMOS-HV transistor
2026-10-06 01:31:18 +0000: Memory Usage (459248K) : Starting PMOS EXTRACTION
2026-10-06 01:31:18 +0000: Memory Usage (459248K) : Extraction of PMOS-LV transistor
2026-10-06 01:31:18 +0000: Memory Usage (459248K) : Extraction of PMOS-HV transistor
2026-10-06 01:31:18 +0000: Memory Usage (459248K) : Starting RF-MOSFET EXTRACTION
2026-10-06 01:31:18 +0000: Memory Usage (459248K) : Extraction of RF-NMOS-LV transistor
2026-10-06 01:31:18 +0000: Memory Usage (459248K) : Extraction of RF-NMOS-HV transistor
2026-10-06 01:31:18 +0000: Memory Usage (459248K) : Extraction of RF-PMOS-LV transistor
2026-10-06 01:31:18 +0000: Memory Usage (459248K) : Extraction of RF-PMOS-HV transistor
2026-10-06 01:31:18 +0000: Memory Usage (459248K) : Starting BJT EXTRACTION
2026-10-06 01:31:18 +0000: Memory Usage (459248K) : Starting NPN-BJT EXTRACTION
2026-10-06 01:31:18 +0000: Memory Usage (459248K) : Extraction of npn13G2 BJT transistor
2026-10-06 01:31:18 +0000: Memory Usage (459248K) : Extraction of npn13G2L BJT transistor
2026-10-06 01:31:18 +0000: Memory Usage (459248K) : Extraction of npn13G2V BJT transistor
2026-10-06 01:31:18 +0000: Memory Usage (459248K) : Starting PNP-BJT EXTRACTION
2026-10-06 01:31:18 +0000: Memory Usage (459248K) : Extracting pnpMPA BJT
2026-10-06 01:31:18 +0000: Memory Usage (459248K) : Starting DIODE EXTRACTION
2026-10-06 01:31:18 +0000: Memory Usage (459248K) : Extracting dantenna diode
2026-10-06 01:31:18 +0000: Memory Usage (459248K) : Extracting dpantenna diode
2026-10-06 01:31:18 +0000: Memory Usage (459248K) : Extracting schottky_nbl1 diode
2026-10-06 01:31:18 +0000: Memory Usage (459248K) : Extracting isolbox diode
2026-10-06 01:31:18 +0000: Memory Usage (459248K) : Starting RESISTOR EXTRACTION
2026-10-06 01:31:18 +0000: Memory Usage (459248K) : Extracting rsil resistor
2026-10-06 01:31:18 +0000: Memory Usage (459248K) : Extracting rppd resistor
2026-10-06 01:31:18 +0000: Memory Usage (459248K) : Extracting rhigh resistor
2026-10-06 01:31:18 +0000: Memory Usage (459248K) : Extracting res_metal1 resistor
2026-10-06 01:31:18 +0000: Memory Usage (459248K) : Extracting res_metal2 resistor
2026-10-06 01:31:18 +0000: Memory Usage (459248K) : Extracting res_metal3 resistor
2026-10-06 01:31:18 +0000: Memory Usage (459248K) : Extracting res_metal4 resistor
2026-10-06 01:31:18 +0000: Memory Usage (459248K) : Extracting res_metal5 resistor
2026-10-06 01:31:18 +0000: Memory Usage (459248K) : Extracting res_topmetal1 resistor
2026-10-06 01:31:18 +0000: Memory Usage (459248K) : Extracting res_topmetal2 resistor
2026-10-06 01:31:18 +0000: Memory Usage (459248K) : Starting CAP EXTRACTION
2026-10-06 01:31:18 +0000: Memory Usage (459248K) : Extracting cap_cmim device
2026-10-06 01:31:18 +0000: Memory Usage (459248K) : Extracting rfcmim device
2026-10-06 01:31:18 +0000: Memory Usage (459248K) : Extracting sg13_hv_svaricap varactor
2026-10-06 01:31:18 +0000: Memory Usage (459248K) : Extracting cap_cmomi device
2026-10-06 01:31:18 +0000: Memory Usage (459248K) : Extracting cap_cmomf device
2026-10-06 01:31:18 +0000: Memory Usage (459248K) : Extracting sg13_moscap_n capacitor
2026-10-06 01:31:18 +0000: Memory Usage (459248K) : Extracting sg13_moscap_p capacitor
2026-10-06 01:31:18 +0000: Memory Usage (459248K) : Starting ESD EXTRACTION
2026-10-06 01:31:18 +0000: Memory Usage (459248K) : Extracting diodevdd_2kv ESD device
2026-10-06 01:31:18 +0000: Memory Usage (459248K) : Extracting diodevdd_4kv ESD device
2026-10-06 01:31:18 +0000: Memory Usage (459248K) : Extracting diodevss_2kv ESD device
2026-10-06 01:31:18 +0000: Memory Usage (459248K) : Extracting diodevss_4kv ESD device
2026-10-06 01:31:18 +0000: Memory Usage (459248K) : Extracting idiodevdd_2kv ESD device
2026-10-06 01:31:18 +0000: Memory Usage (459248K) : Extracting idiodevdd_4kv ESD device
2026-10-06 01:31:18 +0000: Memory Usage (459248K) : Extracting idiodevss_2kv ESD device
2026-10-06 01:31:18 +0000: Memory Usage (459248K) : Extracting idiodevss_4kv ESD device
2026-10-06 01:31:18 +0000: Memory Usage (459248K) : Extracting nmoscl_2 ESD device
2026-10-06 01:31:18 +0000: Memory Usage (459248K) : Extracting nmoscl_4 ESD device
2026-10-06 01:31:18 +0000: Memory Usage (459248K) : Starting Inductor EXTRACTION
2026-10-06 01:31:18 +0000: Memory Usage (459248K) : Extracting Inductor2 device
2026-10-06 01:31:18 +0000: Memory Usage (459248K) : Extracting Inductor3 device
2026-10-06 01:31:18 +0000: Memory Usage (459248K) : Starting Taps EXTRACTION
2026-10-06 01:31:18 +0000: Memory Usage (459248K) : Extracting ntap1 device
2026-10-06 01:31:18 +0000: Memory Usage (459248K) : Extracting ptap1 device
2026-10-06 01:31:18 +0000: Memory Usage (459248K) : Starting SG13CMOS5L LVS RF MOS Model Mapping
2026-10-06 01:31:18 +0000: Memory Usage (459248K) : [layout_netlist] Apply RF MOS model mapping and rfmode parameter.
2026-10-06 01:31:18 +0000: Memory Usage (459248K) : Starting SG13CMOS5L LVS Options Preparations
2026-10-06 01:31:18 +0000: Memory Usage (459248K) : SG13CMOS5L LVS flow: extraction -> alignment -> option preparation -> comparison.
2026-10-06 01:31:18 +0000: Memory Usage (459248K) : Starting SG13CMOS5L LVS Alignment
2026-10-06 01:31:18 +0000: Memory Usage (459248K) : Devices to compare: layout=3648 schematic=3648 (schematic counted before alignment, both per circuit definition)
2026-10-06 01:31:18 +0000: Memory Usage (459248K) : Starting SG13CMOS5L LVS Simplification
2026-10-06 01:31:18 +0000: Memory Usage (459248K) : [layout_netlist] simplify: ENABLED
2026-10-06 01:31:18 +0000: Memory Usage (459248K) : [layout_netlist] make_top_level_pins: SKIPPED
2026-10-06 01:31:18 +0000: Memory Usage (459248K) : [layout_netlist] combine_devices: SKIPPED
2026-10-06 01:31:18 +0000: Memory Usage (459248K) : [layout_netlist] purge: SKIPPED
2026-10-06 01:31:18 +0000: Memory Usage (459248K) : [layout_netlist] purge_nets: SKIPPED
2026-10-06 01:31:18 +0000: Memory Usage (459248K) : [schematic_netlist] simplify: ENABLED
2026-10-06 01:31:18 +0000: Memory Usage (459248K) : [schematic_netlist] make_top_level_pins: SKIPPED
2026-10-06 01:31:18 +0000: Memory Usage (459248K) : [schematic_netlist] combine_devices: SKIPPED
2026-10-06 01:31:18 +0000: Memory Usage (459248K) : [schematic_netlist] purge: SKIPPED
2026-10-06 01:31:18 +0000: Memory Usage (459248K) : [schematic_netlist] purge_nets: SKIPPED
2026-10-06 01:31:18 +0000: Memory Usage (459248K) : Starting SG13CMOS5L LVS Comparison in strict port mode.
2026-10-06 01:31:18 +0000: Memory Usage (459248K) : flag_missing_ports enabled: missing/mislabeled top-level ports are treated as errors.
2026-10-06 01:31:22 +0000: Memory Usage (460528K) : ==========================================
2026-10-06 01:31:22 +0000: Memory Usage (460528K) : INFO : Congratulations! Netlists match.
2026-10-06 01:31:22 +0000: Memory Usage (460528K) : ==========================================
2026-10-06 01:31:22 +0000: Memory Usage (460528K) : LVS Total Run time 5.258964 seconds
06-Oct-2026 01:31:22 | INFO    | ==============================================================================
06-Oct-2026 01:31:22 | INFO    | Important Summary
06-Oct-2026 01:31:22 | INFO    | +------------------+--------------------------------------------------------------+
06-Oct-2026 01:31:22 | INFO    | | Status           | PASS                                                         |
06-Oct-2026 01:31:22 | INFO    | | Mode             | COMPARE                                                      |
06-Oct-2026 01:31:22 | INFO    | | Outcome          | Comparison mode: PASS (netlists match).                      |
06-Oct-2026 01:31:22 | INFO    | | Layout           | in.gds                                                       |
06-Oct-2026 01:31:22 | INFO    | | Top Cell         | GC_ARRAY_32x38                                               |
06-Oct-2026 01:31:22 | INFO    | | Results Dir      | /work/out                                                    |
06-Oct-2026 01:31:22 | INFO    | | Warnings         | 0                                                            |
06-Oct-2026 01:31:22 | INFO    | | Errors           | 0                                                            |
06-Oct-2026 01:31:22 | INFO    | | Run Time (s)     | 6.459                                                        |
06-Oct-2026 01:31:22 | INFO    | +------------------+--------------------------------------------------------------+
06-Oct-2026 01:31:22 | INFO    | ==============================================================================
