
 /----------------------------------------------------------------------------\
 |  yosys -- Yosys Open SYnthesis Suite                                       |
 |  Copyright (C) 2012 - 2026  Claire Xenia Wolf <claire@yosyshq.com>         |
 |  Distributed under an ISC-like license, type "license" to see terms        |
 \----------------------------------------------------------------------------/
 Yosys 0.68+118 (git sha1 144c707b7-dirty, Release, Clang /usr/bin/clang++ 21.1.8)

-- Running command `read_verilog -sv variants/isr_shift1.v; hierarchy -check -top isr_shift1; synth -top isr_shift1 -flatten; dfflibmap -liberty /home/matthias/prog/janestreet/pio-area-notes/sg13g2/sg13g2_stdcell_typ_1p20V_25C.lib; abc -liberty /home/matthias/prog/janestreet/pio-area-notes/sg13g2/sg13g2_stdcell_typ_1p20V_25C.lib; opt_clean; stat -liberty /home/matthias/prog/janestreet/pio-area-notes/sg13g2/sg13g2_stdcell_typ_1p20V_25C.lib' --

1. Executing Verilog-2005 frontend: variants/isr_shift1.v
Parsing SystemVerilog input from `variants/isr_shift1.v' to AST representation.
Generating RTLIL representation for module `\isr_shift1'.
Successfully finished Verilog frontend.

2. Executing HIERARCHY pass (managing design hierarchy).

2.1. Analyzing design hierarchy..
Top module:  \isr_shift1

2.2. Analyzing design hierarchy..
Top module:  \isr_shift1
Removed 0 unused modules.

3. Executing SYNTH pass.

3.1. Executing HIERARCHY pass (managing design hierarchy).

3.1.1. Analyzing design hierarchy..
Top module:  \isr_shift1

3.1.2. Analyzing design hierarchy..
Top module:  \isr_shift1
Removed 0 unused modules.

3.2. Executing PROC pass (convert processes to netlists).

3.2.1. Executing PROC_CLEAN pass (remove empty switches from decision trees).
Cleaned up 0 empty switches.

3.2.2. Executing PROC_RMDEAD pass (remove dead branches from decision trees).
Marked 2 switch rules as full_case in process $proc$variants/isr_shift1.v:29$6 in module isr_shift1.
Removed a total of 0 dead cases.

3.2.3. Executing PROC_PRUNE pass (remove redundant assignments in processes).
Removed 0 redundant assignments.
Promoted 0 assignments to connections.

3.2.4. Executing PROC_INIT pass (extract init attributes).

3.2.5. Executing PROC_ARST pass (detect async resets in processes).

3.2.6. Executing PROC_ROM pass (convert switches to ROMs).
Converted 0 switches.
<suppressed ~4 debug messages>

3.2.7. Executing PROC_MUX pass (convert decision trees to multiplexers).
Creating decoders for process `\isr_shift1.$proc$variants/isr_shift1.v:29$6'.
     1/2: $0\count[5:0]
     2/2: $0\shift_reg[31:0]

3.2.8. Executing PROC_DLATCH pass (convert process syncs to latches).

3.2.9. Executing PROC_DFF pass (convert process syncs to FFs).
Creating register for signal `\isr_shift1.\shift_reg' using process `\isr_shift1.$proc$variants/isr_shift1.v:29$6'.
  created $dff cell `$procdff$34' with positive edge clock.
Creating register for signal `\isr_shift1.\count' using process `\isr_shift1.$proc$variants/isr_shift1.v:29$6'.
  created $dff cell `$procdff$35' with positive edge clock.

3.2.10. Executing PROC_MEMWR pass (convert process memory writes to cells).

3.2.11. Executing PROC_CLEAN pass (remove empty switches from decision trees).
Found and cleaned up 4 empty switches in `\isr_shift1.$proc$variants/isr_shift1.v:29$6'.
Removing empty process `isr_shift1.$proc$variants/isr_shift1.v:29$6'.
Cleaned up 4 empty switches.

3.2.12. Executing OPT_EXPR pass (perform const folding).
Optimizing module isr_shift1.
<suppressed ~4 debug messages>

3.3. Executing CHECK pass (checking for obvious problems).
Checking module isr_shift1...
Found and reported 0 problems.

3.4. Executing FLATTEN pass (flatten design).

3.5. Executing OPT_EXPR pass (perform const folding).
Optimizing module isr_shift1.

3.6. Executing OPT_CLEAN pass (remove unused cells and wires).
Finding unused cells or wires in module \isr_shift1..
Removed 0 unused cells and 15 unused wires.
<suppressed ~1 debug messages>

3.7. Executing CHECK pass (checking for obvious problems).
Checking module isr_shift1...
Found and reported 0 problems.

3.8. Executing OPT pass (performing simple optimizations).

3.8.1. Executing OPT_EXPR pass (perform const folding).
Optimizing module isr_shift1.

3.8.2. Executing OPT_MERGE pass (detect identical cells).
Finding identical cells in module `\isr_shift1'.
Computing hashes of 18 cells of `\isr_shift1'.
Finding duplicate cells in `\isr_shift1'.
Computing hashes of 17 cells of `\isr_shift1'.
Finding duplicate cells in `\isr_shift1'.
<suppressed ~3 debug messages>
Removed a total of 1 cells.

3.8.3. Executing OPT_MUXTREE pass (detect dead branches in mux trees).
Running muxtree optimizer on module \isr_shift1..
  Creating internal representation of mux trees.
  Evaluating internal representation of mux trees.
  Analyzing evaluation results.
Removed 0 multiplexer ports.
<suppressed ~16 debug messages>

3.8.4. Executing OPT_REDUCE pass (consolidate $*mux and $reduce_* inputs).
  Optimizing cells in module \isr_shift1.
Performed a total of 0 changes.

3.8.5. Executing OPT_MERGE pass (detect identical cells).
Finding identical cells in module `\isr_shift1'.
Computing hashes of 17 cells of `\isr_shift1'.
Finding duplicate cells in `\isr_shift1'.
Removed a total of 0 cells.

3.8.6. Executing OPT_DFF pass (perform DFF optimizations).

3.8.7. Executing OPT_CLEAN pass (remove unused cells and wires).
Finding unused cells or wires in module \isr_shift1..
Removed 0 unused cells and 1 unused wires.
<suppressed ~1 debug messages>

3.8.8. Executing OPT_EXPR pass (perform const folding).
Optimizing module isr_shift1.

3.8.9. Rerunning OPT passes. (Maybe there is more to do..)

3.8.10. Executing OPT_MUXTREE pass (detect dead branches in mux trees).
Running muxtree optimizer on module \isr_shift1..
  Creating internal representation of mux trees.
  Evaluating internal representation of mux trees.
  Analyzing evaluation results.
Removed 0 multiplexer ports.
<suppressed ~16 debug messages>

3.8.11. Executing OPT_REDUCE pass (consolidate $*mux and $reduce_* inputs).
  Optimizing cells in module \isr_shift1.
Performed a total of 0 changes.

3.8.12. Executing OPT_MERGE pass (detect identical cells).
Finding identical cells in module `\isr_shift1'.
Computing hashes of 17 cells of `\isr_shift1'.
Finding duplicate cells in `\isr_shift1'.
Removed a total of 0 cells.

3.8.13. Executing OPT_DFF pass (perform DFF optimizations).

3.8.14. Executing OPT_CLEAN pass (remove unused cells and wires).
Finding unused cells or wires in module \isr_shift1..

3.8.15. Executing OPT_EXPR pass (perform const folding).
Optimizing module isr_shift1.

3.8.16. Finished fast OPT passes. (There is nothing left to do.)

3.9. Executing FSM pass (extract and optimize FSM).

3.9.1. Executing FSM_DETECT pass (finding FSMs in design).

3.9.2. Executing FSM_EXTRACT pass (extracting FSM from design).

3.9.3. Executing FSM_OPT pass (simple optimizations of FSMs).

3.9.4. Executing OPT_CLEAN pass (remove unused cells and wires).
Finding unused cells or wires in module \isr_shift1..

3.9.5. Executing FSM_OPT pass (simple optimizations of FSMs).

3.9.6. Executing FSM_RECODE pass (re-assigning FSM state encoding).

3.9.7. Executing FSM_INFO pass (dumping all available information on FSM cells).

3.9.8. Executing FSM_MAP pass (mapping FSMs to basic logic).

3.10. Executing OPT pass (performing simple optimizations).

3.10.1. Executing OPT_EXPR pass (perform const folding).
Optimizing module isr_shift1.

3.10.2. Executing OPT_MERGE pass (detect identical cells).
Finding identical cells in module `\isr_shift1'.
Computing hashes of 17 cells of `\isr_shift1'.
Finding duplicate cells in `\isr_shift1'.
Removed a total of 0 cells.

3.10.3. Executing OPT_MUXTREE pass (detect dead branches in mux trees).
Running muxtree optimizer on module \isr_shift1..
  Creating internal representation of mux trees.
  Evaluating internal representation of mux trees.
  Analyzing evaluation results.
Removed 0 multiplexer ports.
<suppressed ~16 debug messages>

3.10.4. Executing OPT_REDUCE pass (consolidate $*mux and $reduce_* inputs).
  Optimizing cells in module \isr_shift1.
Performed a total of 0 changes.

3.10.5. Executing OPT_MERGE pass (detect identical cells).
Finding identical cells in module `\isr_shift1'.
Computing hashes of 17 cells of `\isr_shift1'.
Finding duplicate cells in `\isr_shift1'.
Removed a total of 0 cells.

3.10.6. Executing OPT_DFF pass (perform DFF optimizations).
Adding SRST signal on $procdff$35 ($dff) from module isr_shift1 (D = $procmux$19_Y, Q = \count, rval = 6'000000).
Adding EN signal on $auto$ff.cc:337:slice$36 ($sdff) from module isr_shift1 (D = $procmux$17_Y, Q = \count).
Adding SRST signal on $procdff$34 ($dff) from module isr_shift1 (D = $procmux$29_Y, Q = \shift_reg, rval = 0).
Adding EN signal on $auto$ff.cc:337:slice$42 ($sdff) from module isr_shift1 (D = $procmux$27_Y, Q = \shift_reg).

3.10.7. Executing OPT_CLEAN pass (remove unused cells and wires).
Finding unused cells or wires in module \isr_shift1..
Removed 4 unused cells and 4 unused wires.
<suppressed ~5 debug messages>

3.10.8. Executing OPT_EXPR pass (perform const folding).
Optimizing module isr_shift1.
<suppressed ~2 debug messages>

3.10.9. Rerunning OPT passes. (Maybe there is more to do..)

3.10.10. Executing OPT_MUXTREE pass (detect dead branches in mux trees).
Running muxtree optimizer on module \isr_shift1..
  Creating internal representation of mux trees.
  Evaluating internal representation of mux trees.
  Analyzing evaluation results.
Removed 0 multiplexer ports.
<suppressed ~12 debug messages>

3.10.11. Executing OPT_REDUCE pass (consolidate $*mux and $reduce_* inputs).
  Optimizing cells in module \isr_shift1.
Performed a total of 0 changes.

3.10.12. Executing OPT_MERGE pass (detect identical cells).
Finding identical cells in module `\isr_shift1'.
Computing hashes of 17 cells of `\isr_shift1'.
Finding duplicate cells in `\isr_shift1'.
Computing hashes of 16 cells of `\isr_shift1'.
Finding duplicate cells in `\isr_shift1'.
Computing hashes of 15 cells of `\isr_shift1'.
Finding duplicate cells in `\isr_shift1'.
<suppressed ~6 debug messages>
Removed a total of 2 cells.

3.10.13. Executing OPT_DFF pass (perform DFF optimizations).

3.10.14. Executing OPT_CLEAN pass (remove unused cells and wires).
Finding unused cells or wires in module \isr_shift1..
Removed 0 unused cells and 2 unused wires.
<suppressed ~1 debug messages>

3.10.15. Executing OPT_EXPR pass (perform const folding).
Optimizing module isr_shift1.

3.10.16. Rerunning OPT passes. (Maybe there is more to do..)

3.10.17. Executing OPT_MUXTREE pass (detect dead branches in mux trees).
Running muxtree optimizer on module \isr_shift1..
  Creating internal representation of mux trees.
  Evaluating internal representation of mux trees.
  Analyzing evaluation results.
Removed 0 multiplexer ports.
<suppressed ~12 debug messages>

3.10.18. Executing OPT_REDUCE pass (consolidate $*mux and $reduce_* inputs).
  Optimizing cells in module \isr_shift1.
Performed a total of 0 changes.

3.10.19. Executing OPT_MERGE pass (detect identical cells).
Finding identical cells in module `\isr_shift1'.
Computing hashes of 15 cells of `\isr_shift1'.
Finding duplicate cells in `\isr_shift1'.
Removed a total of 0 cells.

3.10.20. Executing OPT_DFF pass (perform DFF optimizations).

3.10.21. Executing OPT_CLEAN pass (remove unused cells and wires).
Finding unused cells or wires in module \isr_shift1..

3.10.22. Executing OPT_EXPR pass (perform const folding).
Optimizing module isr_shift1.

3.10.23. Finished fast OPT passes. (There is nothing left to do.)

3.11. Executing WREDUCE pass (reducing word size of cells).
Removed top 26 bits (of 32) from port B of cell isr_shift1.$gt$variants/isr_shift1.v:39$11 ($gt).
Removed top 5 bits (of 6) from port B of cell isr_shift1.$add$variants/isr_shift1.v:39$12 ($add).
Removed top 25 bits (of 32) from port Y of cell isr_shift1.$add$variants/isr_shift1.v:39$12 ($add).
Removed top 26 bits (of 32) from mux cell isr_shift1.$ternary$variants/isr_shift1.v:39$13 ($mux).
Removed top 25 bits (of 32) from port A of cell isr_shift1.$gt$variants/isr_shift1.v:39$11 ($gt).
Removed top 25 bits (of 32) from wire isr_shift1.$add$variants/isr_shift1.v:39$10_Y.
Removed top 26 bits (of 32) from wire isr_shift1.$ternary$variants/isr_shift1.v:39$13_Y.

3.12. Executing PEEPOPT pass (run peephole optimizers).

3.13. Executing OPT_CLEAN pass (remove unused cells and wires).
Finding unused cells or wires in module \isr_shift1..
Removed 0 unused cells and 2 unused wires.
<suppressed ~1 debug messages>

3.14. Executing ALUMACC pass (create $alu and $macc cells).
Extracting $alu and $macc cells in module isr_shift1:
  creating $macc model for $add$variants/isr_shift1.v:39$12 ($add).
  creating $alu model for $macc $add$variants/isr_shift1.v:39$12.
  creating $alu model for $gt$variants/isr_shift1.v:39$11 ($gt): new $alu
  creating $alu cell for $gt$variants/isr_shift1.v:39$11: $auto$alumacc.cc:548:replace_alu$51
  creating $alu cell for $add$variants/isr_shift1.v:39$12: $auto$alumacc.cc:548:replace_alu$62
  created 2 $alu and 0 $macc cells.

3.15. Executing SHARE pass (SAT-based resource sharing).

3.16. Executing OPT pass (performing simple optimizations).

3.16.1. Executing OPT_EXPR pass (perform const folding).
Optimizing module isr_shift1.
<suppressed ~1 debug messages>

3.16.2. Executing OPT_MERGE pass (detect identical cells).
Finding identical cells in module `\isr_shift1'.
Computing hashes of 19 cells of `\isr_shift1'.
Finding duplicate cells in `\isr_shift1'.
Removed a total of 0 cells.

3.16.3. Executing OPT_MUXTREE pass (detect dead branches in mux trees).
Running muxtree optimizer on module \isr_shift1..
  Creating internal representation of mux trees.
  Evaluating internal representation of mux trees.
  Analyzing evaluation results.
Removed 0 multiplexer ports.
<suppressed ~12 debug messages>

3.16.4. Executing OPT_REDUCE pass (consolidate $*mux and $reduce_* inputs).
  Optimizing cells in module \isr_shift1.
Performed a total of 0 changes.

3.16.5. Executing OPT_MERGE pass (detect identical cells).
Finding identical cells in module `\isr_shift1'.
Computing hashes of 19 cells of `\isr_shift1'.
Finding duplicate cells in `\isr_shift1'.
Removed a total of 0 cells.

3.16.6. Executing OPT_DFF pass (perform DFF optimizations).

3.16.7. Executing OPT_CLEAN pass (remove unused cells and wires).
Finding unused cells or wires in module \isr_shift1..
Removed 1 unused cells and 2 unused wires.
<suppressed ~2 debug messages>

3.16.8. Executing OPT_EXPR pass (perform const folding).
Optimizing module isr_shift1.

3.16.9. Rerunning OPT passes. (Maybe there is more to do..)

3.16.10. Executing OPT_MUXTREE pass (detect dead branches in mux trees).
Running muxtree optimizer on module \isr_shift1..
  Creating internal representation of mux trees.
  Evaluating internal representation of mux trees.
  Analyzing evaluation results.
Removed 0 multiplexer ports.
<suppressed ~12 debug messages>

3.16.11. Executing OPT_REDUCE pass (consolidate $*mux and $reduce_* inputs).
  Optimizing cells in module \isr_shift1.
Performed a total of 0 changes.

3.16.12. Executing OPT_MERGE pass (detect identical cells).
Finding identical cells in module `\isr_shift1'.
Computing hashes of 18 cells of `\isr_shift1'.
Finding duplicate cells in `\isr_shift1'.
Removed a total of 0 cells.

3.16.13. Executing OPT_DFF pass (perform DFF optimizations).

3.16.14. Executing OPT_CLEAN pass (remove unused cells and wires).
Finding unused cells or wires in module \isr_shift1..

3.16.15. Executing OPT_EXPR pass (perform const folding).
Optimizing module isr_shift1.

3.16.16. Finished fast OPT passes. (There is nothing left to do.)

3.17. Executing MEMORY pass.

3.17.1. Executing OPT_MEM pass (optimize memories).
Performed a total of 0 transformations.

3.17.2. Executing OPT_MEM_PRIORITY pass (removing unnecessary memory write priority relations).
Performed a total of 0 transformations.

3.17.3. Executing OPT_MEM_FEEDBACK pass (finding memory read-to-write feedback paths).

3.17.4. Executing MEMORY_BMUX2ROM pass (converting muxes to ROMs).

3.17.5. Executing MEMORY_DFF pass (merging $dff cells to $memrd).

3.17.6. Executing OPT_CLEAN pass (remove unused cells and wires).
Finding unused cells or wires in module \isr_shift1..

3.17.7. Executing MEMORY_SHARE pass (consolidating $memrd/$memwr cells).

3.17.8. Executing OPT_MEM_WIDEN pass (optimize memories where all ports are wide).
Performed a total of 0 transformations.

3.17.9. Executing OPT_CLEAN pass (remove unused cells and wires).
Finding unused cells or wires in module \isr_shift1..

3.17.10. Executing MEMORY_COLLECT pass (generating $mem cells).

3.18. Executing OPT_CLEAN pass (remove unused cells and wires).
Finding unused cells or wires in module \isr_shift1..

3.19. Executing OPT pass (performing simple optimizations).

3.19.1. Executing OPT_EXPR pass (perform const folding).
Optimizing module isr_shift1.
<suppressed ~3 debug messages>

3.19.2. Executing OPT_MERGE pass (detect identical cells).
Finding identical cells in module `\isr_shift1'.
Computing hashes of 21 cells of `\isr_shift1'.
Finding duplicate cells in `\isr_shift1'.
Removed a total of 0 cells.

3.19.3. Executing OPT_DFF pass (perform DFF optimizations).

3.19.4. Executing OPT_CLEAN pass (remove unused cells and wires).
Finding unused cells or wires in module \isr_shift1..
Removed 0 unused cells and 7 unused wires.
<suppressed ~1 debug messages>

3.19.5. Finished fast OPT passes.

3.20. Executing MEMORY_MAP pass (converting memories to logic and flip-flops).

3.21. Executing OPT pass (performing simple optimizations).

3.21.1. Executing OPT_EXPR pass (perform const folding).
Optimizing module isr_shift1.

3.21.2. Executing OPT_MERGE pass (detect identical cells).
Finding identical cells in module `\isr_shift1'.
Computing hashes of 21 cells of `\isr_shift1'.
Finding duplicate cells in `\isr_shift1'.
Removed a total of 0 cells.

3.21.3. Executing OPT_MUXTREE pass (detect dead branches in mux trees).
Running muxtree optimizer on module \isr_shift1..
  Creating internal representation of mux trees.
  Evaluating internal representation of mux trees.
  Analyzing evaluation results.
Removed 0 multiplexer ports.
<suppressed ~10 debug messages>

3.21.4. Executing OPT_REDUCE pass (consolidate $*mux and $reduce_* inputs).
  Optimizing cells in module \isr_shift1.
Performed a total of 0 changes.

3.21.5. Executing OPT_MERGE pass (detect identical cells).
Finding identical cells in module `\isr_shift1'.
Computing hashes of 21 cells of `\isr_shift1'.
Finding duplicate cells in `\isr_shift1'.
Removed a total of 0 cells.

3.21.6. Executing OPT_SHARE pass.

3.21.7. Executing OPT_DFF pass (perform DFF optimizations).

3.21.8. Executing OPT_CLEAN pass (remove unused cells and wires).
Finding unused cells or wires in module \isr_shift1..

3.21.9. Executing OPT_EXPR pass (perform const folding).
Optimizing module isr_shift1.

3.21.10. Finished fast OPT passes. (There is nothing left to do.)

3.22. Executing TECHMAP pass (map to technology primitives).

3.22.1. Executing Verilog-2005 frontend: /home/matthias/prog/janestreet/hardware-2026-08/oss-cad-suite/lib/../share/yosys/techmap.v
Parsing Verilog input from `/home/matthias/prog/janestreet/hardware-2026-08/oss-cad-suite/lib/../share/yosys/techmap.v' to AST representation.
Generating RTLIL representation for module `\_90_simplemap_bool_ops'.
Generating RTLIL representation for module `\_90_simplemap_reduce_ops'.
Generating RTLIL representation for module `\_90_simplemap_logic_ops'.
Generating RTLIL representation for module `\_90_simplemap_compare_ops'.
Generating RTLIL representation for module `\_90_simplemap_various'.
Generating RTLIL representation for module `\_90_simplemap_registers'.
Generating RTLIL representation for module `\_90_shift_ops_shr_shl_sshl_sshr'.
Generating RTLIL representation for module `\_90_shift_shiftx'.
Generating RTLIL representation for module `\_90_fa'.
Generating RTLIL representation for module `\_90_lcu_brent_kung'.
Generating RTLIL representation for module `\_90_alu'.
Generating RTLIL representation for module `\_90_macc'.
Generating RTLIL representation for module `\_90_alumacc'.
Generating RTLIL representation for module `$__div_mod_u'.
Generating RTLIL representation for module `$__div_mod_trunc'.
Generating RTLIL representation for module `\_90_div'.
Generating RTLIL representation for module `\_90_mod'.
Generating RTLIL representation for module `$__div_mod_floor'.
Generating RTLIL representation for module `\_90_divfloor'.
Generating RTLIL representation for module `\_90_modfloor'.
Generating RTLIL representation for module `\_90_pow'.
Generating RTLIL representation for module `\_90_demux'.
Generating RTLIL representation for module `\_90_lut'.
Generating RTLIL representation for module `$connect'.
Generating RTLIL representation for module `$input_port'.
Successfully finished Verilog frontend.

3.22.2. Continuing TECHMAP pass.
Using extmapper simplemap for cells of type $not.
Using template $paramod$f28fc3f2e267d7716249e826e8c90c34ca9542c1\_90_alu for cells of type $alu.
Using extmapper simplemap for cells of type $or.
Using extmapper simplemap for cells of type $reduce_and.
Using template $paramod$ba698a254f9a5947e85cbe7beae6b161eefc5386\_90_alu for cells of type $alu.
Using extmapper simplemap for cells of type $reduce_bool.
Using extmapper simplemap for cells of type $sdffe.
Using extmapper simplemap for cells of type $mux.
Using extmapper simplemap for cells of type $logic_not.
Using extmapper simplemap for cells of type $logic_and.
Using extmapper simplemap for cells of type $xor.
Using template $paramod\_90_fa\WIDTH=32'00000000000000000000000000000111 for cells of type $fa.
Using template $paramod\_90_lcu_brent_kung\WIDTH=32'00000000000000000000000000000111 for cells of type $lcu.
Using extmapper simplemap for cells of type $pos.
Using template $paramod\_90_fa\WIDTH=32'00000000000000000000000000000010 for cells of type $fa.
Using template $paramod\_90_lcu_brent_kung\WIDTH=32'00000000000000000000000000000010 for cells of type $lcu.
Using extmapper simplemap for cells of type $and.
No more expansions possible.
<suppressed ~429 debug messages>

3.23. Executing OPT pass (performing simple optimizations).

3.23.1. Executing OPT_EXPR pass (perform const folding).
Optimizing module isr_shift1.
<suppressed ~78 debug messages>

3.23.2. Executing OPT_MERGE pass (detect identical cells).
Finding identical cells in module `\isr_shift1'.
Computing hashes of 218 cells of `\isr_shift1'.
Finding duplicate cells in `\isr_shift1'.
Computing hashes of 217 cells of `\isr_shift1'.
Finding duplicate cells in `\isr_shift1'.
<suppressed ~3 debug messages>
Removed a total of 1 cells.

3.23.3. Executing OPT_DFF pass (perform DFF optimizations).

3.23.4. Executing OPT_CLEAN pass (remove unused cells and wires).
Finding unused cells or wires in module \isr_shift1..
Removed 7 unused cells and 95 unused wires.
<suppressed ~8 debug messages>

3.23.5. Finished fast OPT passes.

3.24. Executing ABC pass (technology mapping using ABC).

3.24.1. Extracting gate netlist of module `\isr_shift1' to `<abc-temp-dir>/input.blif'..

3.24.1.1. Executed ABC.
Extracted 172 gates and 255 wires to a netlist network with 81 inputs and 39 outputs.
Running ABC script: <abc-temp-dir>/abc.script
ABC: UC Berkeley, ABC 1.01 (compiled Aug 21 2026 02:12:29)
ABC: abc 01> empty
ABC: abc 01> source <abc-temp-dir>/abc.script
ABC: + read_blif <abc-temp-dir>/input.blif 
ABC: + read_library <abc-temp-dir>/stdcells.genlib 
ABC: + strash 
ABC: + &get -n 
ABC: + &fraig -x 
ABC: + &put 
ABC: + scorr 
ABC: Warning: The network is combinational (run "fraig" or "fraig_sweep").
ABC: + dc2 
ABC: + dretime 
ABC: + strash 
ABC: + &get -n 
ABC: + &dch -f 
ABC: + &nf 
ABC: + &put 
ABC: + write_blif <abc-temp-dir>/output.blif 
ABC: 
ABC: YOSYS_ABC_DONE 

3.24.1.2. Re-integrating ABC results.
ABC RESULTS:               AND cells:        5
ABC RESULTS:            ANDNOT cells:        6
ABC RESULTS:               MUX cells:       63
ABC RESULTS:              NAND cells:       15
ABC RESULTS:               NOR cells:        1
ABC RESULTS:                OR cells:        5
ABC RESULTS:             ORNOT cells:        2
ABC RESULTS:        internal signals:      135
ABC RESULTS:           input signals:       81
ABC RESULTS:          output signals:       39
Removing temp directory.
Removing global temp directory.

3.25. Executing OPT pass (performing simple optimizations).

3.25.1. Executing OPT_EXPR pass (perform const folding).
Optimizing module isr_shift1.

3.25.2. Executing OPT_MERGE pass (detect identical cells).
Finding identical cells in module `\isr_shift1'.
Computing hashes of 135 cells of `\isr_shift1'.
Finding duplicate cells in `\isr_shift1'.
Removed a total of 0 cells.

3.25.3. Executing OPT_DFF pass (perform DFF optimizations).

3.25.4. Executing OPT_CLEAN pass (remove unused cells and wires).
Finding unused cells or wires in module \isr_shift1..
Removed 0 unused cells and 105 unused wires.
<suppressed ~2 debug messages>

3.25.5. Finished fast OPT passes.

3.26. Executing HIERARCHY pass (managing design hierarchy).
Attribute `top' found on module `isr_shift1'. Setting top module to isr_shift1.

3.26.1. Analyzing design hierarchy..
Top module:  \isr_shift1

3.26.2. Analyzing design hierarchy..
Top module:  \isr_shift1
Removed 0 unused modules.

3.27. Printing statistics.

=== isr_shift1 ===

        +----------Local Count, excluding submodules.
        | 
      112 wires
      229 wire bits
       15 public wires
      132 public wire bits
       12 ports
       88 port bits
      135 cells
        6   $_ANDNOT_
        5   $_AND_
       63   $_MUX_
       15   $_NAND_
        1   $_NOR_
        2   $_ORNOT_
        5   $_OR_
       38   $_SDFFE_PP0P_

3.28. Executing CHECK pass (checking for obvious problems).
Checking module isr_shift1...
Found and reported 0 problems.

4. Executing DFFLIBMAP pass (mapping DFF/DLATCH cells to sequential cells from liberty file).
  cell sg13g2_dfrbpq_1 (noninv, pins=4, area=48.99) is a direct match for cell type $_DFF_PN0_.
  cell sg13g2_dlhq_1 (noninv, pins=3, area=30.84) is a direct match for cell type $_DLATCH_P_.
  cell sg13g2_dllrq_1 (noninv, pins=4, area=29.03) is a direct match for cell type $_DLATCH_NN0_.
  cell sg13g2_dlhrq_1 (noninv, pins=4, area=27.22) is a direct match for cell type $_DLATCH_PN0_.
  final dff/dlatch cell mappings:
    unmapped dff/dlatch cell: $_DFF_N_
    unmapped dff/dlatch cell: $_DFF_P_
    unmapped dff/dlatch cell: $_DFF_NN0_
    unmapped dff/dlatch cell: $_DFF_NN1_
    unmapped dff/dlatch cell: $_DFF_NP0_
    unmapped dff/dlatch cell: $_DFF_NP1_
    \sg13g2_dfrbpq_1 _DFF_PN0_ (.CLK( C), .D( D), .Q( Q), .RESET_B( R));
    unmapped dff/dlatch cell: $_DFF_PN1_
    unmapped dff/dlatch cell: $_DFF_PP0_
    unmapped dff/dlatch cell: $_DFF_PP1_
    unmapped dff/dlatch cell: $_DFFE_NN_
    unmapped dff/dlatch cell: $_DFFE_NP_
    unmapped dff/dlatch cell: $_DFFE_PN_
    unmapped dff/dlatch cell: $_DFFE_PP_
    unmapped dff/dlatch cell: $_DFFSR_NNN_
    unmapped dff/dlatch cell: $_DFFSR_NNP_
    unmapped dff/dlatch cell: $_DFFSR_NPN_
    unmapped dff/dlatch cell: $_DFFSR_NPP_
    unmapped dff/dlatch cell: $_DFFSR_PNN_
    unmapped dff/dlatch cell: $_DFFSR_PNP_
    unmapped dff/dlatch cell: $_DFFSR_PPN_
    unmapped dff/dlatch cell: $_DFFSR_PPP_
    unmapped dff/dlatch cell: $_DLATCH_N_
    \sg13g2_dlhq_1 _DLATCH_P_ (.D( D), .GATE( E), .Q( Q));
    \sg13g2_dllrq_1 _DLATCH_NN0_ (.D( D), .GATE_N( E), .Q( Q), .RESET_B( R));
    unmapped dff/dlatch cell: $_DLATCH_NN1_
    unmapped dff/dlatch cell: $_DLATCH_NP0_
    unmapped dff/dlatch cell: $_DLATCH_NP1_
    \sg13g2_dlhrq_1 _DLATCH_PN0_ (.D( D), .GATE( E), .Q( Q), .RESET_B( R));
    unmapped dff/dlatch cell: $_DLATCH_PN1_
    unmapped dff/dlatch cell: $_DLATCH_PP0_
    unmapped dff/dlatch cell: $_DLATCH_PP1_
    unmapped dff/dlatch cell: $_DLATCHSR_NNN_
    unmapped dff/dlatch cell: $_DLATCHSR_NNP_
    unmapped dff/dlatch cell: $_DLATCHSR_NPN_
    unmapped dff/dlatch cell: $_DLATCHSR_NPP_
    unmapped dff/dlatch cell: $_DLATCHSR_PNN_
    unmapped dff/dlatch cell: $_DLATCHSR_PNP_
    unmapped dff/dlatch cell: $_DLATCHSR_PPN_
    unmapped dff/dlatch cell: $_DLATCHSR_PPP_

4.1. Executing DFFLEGALIZE pass (convert FFs and LATCHes to types supported by the target).
<suppressed ~4 debug messages>
Mapping DFF/DLATCH cells in module `\isr_shift1':
  mapped 38 $_DFF_PN0_ cells to \sg13g2_dfrbpq_1 cells.

5. Executing ABC pass (technology mapping using ABC).

5.1. Extracting gate netlist of module `\isr_shift1' to `<abc-temp-dir>/input.blif'..
ABC: using cached merged SCL: /tmp/yosys-liberty-scl-cache/yosys_merged_aa53eb27.scl (1 files)

5.1.1. Executed ABC.
Extracted 173 gates and 256 wires to a netlist network with 82 inputs and 38 outputs.
Running ABC script: <abc-temp-dir>/abc.script
ABC: UC Berkeley, ABC 1.01 (compiled Aug 21 2026 02:12:29)
ABC: abc 01> empty
ABC: abc 01> source <abc-temp-dir>/abc.script
ABC: + read_blif <abc-temp-dir>/input.blif 
ABC: + read_scl /tmp/yosys-liberty-scl-cache/yosys_merged_aa53eb27.scl 
ABC: + strash 
ABC: + &get -n 
ABC: + &fraig -x 
ABC: + &put 
ABC: + scorr 
ABC: Warning: The network is combinational (run "fraig" or "fraig_sweep").
ABC: + dc2 
ABC: + dretime 
ABC: + strash 
ABC: + &get -n 
ABC: + &dch -f 
ABC: + &nf 
ABC: + &put 
ABC: + write_blif <abc-temp-dir>/output.blif 
ABC: 
ABC: YOSYS_ABC_DONE 

5.1.2. Re-integrating ABC results.
ABC RESULTS:     sg13g2_a21o_1 cells:        3
ABC RESULTS:    sg13g2_a21oi_1 cells:       66
ABC RESULTS:   sg13g2_a221oi_1 cells:       37
ABC RESULTS:     sg13g2_and2_1 cells:        2
ABC RESULTS:     sg13g2_and3_1 cells:        1
ABC RESULTS:      sg13g2_inv_1 cells:       39
ABC RESULTS:    sg13g2_nand2_1 cells:        7
ABC RESULTS:   sg13g2_nand2b_1 cells:        2
ABC RESULTS:    sg13g2_nand3_1 cells:        1
ABC RESULTS:    sg13g2_nand4_1 cells:        1
ABC RESULTS:     sg13g2_nor2_1 cells:        3
ABC RESULTS:    sg13g2_nor2b_1 cells:        1
ABC RESULTS:     sg13g2_nor3_1 cells:        2
ABC RESULTS:    sg13g2_o21ai_1 cells:       35
ABC RESULTS:      sg13g2_or2_1 cells:        1
ABC RESULTS:        internal signals:      136
ABC RESULTS:           input signals:       82
ABC RESULTS:          output signals:       38
Removing temp directory.
Removing global temp directory.

6. Executing OPT_CLEAN pass (remove unused cells and wires).
Finding unused cells or wires in module \isr_shift1..
Removed 0 unused cells and 255 unused wires.
<suppressed ~1 debug messages>

7. Printing statistics.

=== isr_shift1 ===

        +----------Local Count, excluding submodules.
        |        +-Local Area, excluding submodules.
        |        | 
      216        - wires
      333        - wire bits
       15        - public wires
      132        - public wire bits
       12        - ports
       88        - port bits
      239 3.74E+03 cells
        3   38.102   sg13g2_a21o_1
       66  598.752   sg13g2_a21oi_1
       37  537.062   sg13g2_a221oi_1
        2   18.144   sg13g2_and2_1
        1   12.701   sg13g2_and3_1
       38 1.86E+03   sg13g2_dfrbpq_1
       39  212.285   sg13g2_inv_1
        7   50.803   sg13g2_nand2_1
        2   18.144   sg13g2_nand2b_1
        1    9.072   sg13g2_nand3_1
        1   10.886   sg13g2_nand4_1
        3   21.773   sg13g2_nor2_1
        1    9.072   sg13g2_nor2b_1
        2   18.144   sg13g2_nor3_1
       35   317.52   sg13g2_o21ai_1
        1    9.072   sg13g2_or2_1

   Chip area for module '\isr_shift1': 3743.107200
     of which used for sequential elements: 1861.574400 (49.73%)

End of script. Logfile hash: b02d297a26, time: 0.11s, user: 0.04s, system: 0.01s, MEM: 24.21 MB peak
Yosys 0.68+118 (git sha1 144c707b7-dirty, Release, Clang /usr/bin/clang++ 21.1.8)
Time spent: 67% 2x abc (0 sec), 4% 1x dfflibmap (0 sec), ...
