
 /----------------------------------------------------------------------------\
 |  yosys -- Yosys Open SYnthesis Suite                                       |
 |  Copyright (C) 2012 - 2026  Claire Xenia Wolf <claire@yosyshq.com>         |
 |  Distributed under an ISC-like license, type "license" to see terms        |
 \----------------------------------------------------------------------------/
 Yosys 0.68+118 (git sha1 144c707b7-dirty, Release, Clang /usr/bin/clang++ 21.1.8)

-- Running command `read_verilog -sv variants/isr_shift1or8.v; hierarchy -check -top isr_shift1or8; synth -top isr_shift1or8 -flatten; dfflibmap -liberty /home/matthias/prog/janestreet/pio-area-notes/sg13g2/sg13g2_stdcell_typ_1p20V_25C.lib; abc -liberty /home/matthias/prog/janestreet/pio-area-notes/sg13g2/sg13g2_stdcell_typ_1p20V_25C.lib; opt_clean; stat -liberty /home/matthias/prog/janestreet/pio-area-notes/sg13g2/sg13g2_stdcell_typ_1p20V_25C.lib' --

1. Executing Verilog-2005 frontend: variants/isr_shift1or8.v
Parsing SystemVerilog input from `variants/isr_shift1or8.v' to AST representation.
Generating RTLIL representation for module `\isr_shift1or8'.
Successfully finished Verilog frontend.

2. Executing HIERARCHY pass (managing design hierarchy).

2.1. Analyzing design hierarchy..
Top module:  \isr_shift1or8

2.2. Analyzing design hierarchy..
Top module:  \isr_shift1or8
Removed 0 unused modules.

3. Executing SYNTH pass.

3.1. Executing HIERARCHY pass (managing design hierarchy).

3.1.1. Analyzing design hierarchy..
Top module:  \isr_shift1or8

3.1.2. Analyzing design hierarchy..
Top module:  \isr_shift1or8
Removed 0 unused modules.

3.2. Executing PROC pass (convert processes to netlists).

3.2.1. Executing PROC_CLEAN pass (remove empty switches from decision trees).
Cleaned up 0 empty switches.

3.2.2. Executing PROC_RMDEAD pass (remove dead branches from decision trees).
Marked 2 switch rules as full_case in process $proc$variants/isr_shift1or8.v:29$7 in module isr_shift1or8.
Removed a total of 0 dead cases.

3.2.3. Executing PROC_PRUNE pass (remove redundant assignments in processes).
Removed 0 redundant assignments.
Promoted 0 assignments to connections.

3.2.4. Executing PROC_INIT pass (extract init attributes).

3.2.5. Executing PROC_ARST pass (detect async resets in processes).

3.2.6. Executing PROC_ROM pass (convert switches to ROMs).
Converted 0 switches.
<suppressed ~4 debug messages>

3.2.7. Executing PROC_MUX pass (convert decision trees to multiplexers).
Creating decoders for process `\isr_shift1or8.$proc$variants/isr_shift1or8.v:29$7'.
     1/2: $0\count[5:0]
     2/2: $0\shift_reg[31:0]

3.2.8. Executing PROC_DLATCH pass (convert process syncs to latches).

3.2.9. Executing PROC_DFF pass (convert process syncs to FFs).
Creating register for signal `\isr_shift1or8.\shift_reg' using process `\isr_shift1or8.$proc$variants/isr_shift1or8.v:29$7'.
  created $dff cell `$procdff$35' with positive edge clock.
Creating register for signal `\isr_shift1or8.\count' using process `\isr_shift1or8.$proc$variants/isr_shift1or8.v:29$7'.
  created $dff cell `$procdff$36' with positive edge clock.

3.2.10. Executing PROC_MEMWR pass (convert process memory writes to cells).

3.2.11. Executing PROC_CLEAN pass (remove empty switches from decision trees).
Found and cleaned up 4 empty switches in `\isr_shift1or8.$proc$variants/isr_shift1or8.v:29$7'.
Removing empty process `isr_shift1or8.$proc$variants/isr_shift1or8.v:29$7'.
Cleaned up 4 empty switches.

3.2.12. Executing OPT_EXPR pass (perform const folding).
Optimizing module isr_shift1or8.

3.3. Executing CHECK pass (checking for obvious problems).
Checking module isr_shift1or8...
Found and reported 0 problems.

3.4. Executing FLATTEN pass (flatten design).

3.5. Executing OPT_EXPR pass (perform const folding).
Optimizing module isr_shift1or8.

3.6. Executing OPT_CLEAN pass (remove unused cells and wires).
Finding unused cells or wires in module \isr_shift1or8..
Removed 0 unused cells and 12 unused wires.
<suppressed ~1 debug messages>

3.7. Executing CHECK pass (checking for obvious problems).
Checking module isr_shift1or8...
Found and reported 0 problems.

3.8. Executing OPT pass (performing simple optimizations).

3.8.1. Executing OPT_EXPR pass (perform const folding).
Optimizing module isr_shift1or8.

3.8.2. Executing OPT_MERGE pass (detect identical cells).
Finding identical cells in module `\isr_shift1or8'.
Computing hashes of 23 cells of `\isr_shift1or8'.
Finding duplicate cells in `\isr_shift1or8'.
Computing hashes of 22 cells of `\isr_shift1or8'.
Finding duplicate cells in `\isr_shift1or8'.
<suppressed ~3 debug messages>
Removed a total of 1 cells.

3.8.3. Executing OPT_MUXTREE pass (detect dead branches in mux trees).
Running muxtree optimizer on module \isr_shift1or8..
  Creating internal representation of mux trees.
  Evaluating internal representation of mux trees.
  Analyzing evaluation results.
Removed 0 multiplexer ports.
<suppressed ~18 debug messages>

3.8.4. Executing OPT_REDUCE pass (consolidate $*mux and $reduce_* inputs).
  Optimizing cells in module \isr_shift1or8.
Performed a total of 0 changes.

3.8.5. Executing OPT_MERGE pass (detect identical cells).
Finding identical cells in module `\isr_shift1or8'.
Computing hashes of 22 cells of `\isr_shift1or8'.
Finding duplicate cells in `\isr_shift1or8'.
Removed a total of 0 cells.

3.8.6. Executing OPT_DFF pass (perform DFF optimizations).

3.8.7. Executing OPT_CLEAN pass (remove unused cells and wires).
Finding unused cells or wires in module \isr_shift1or8..
Removed 0 unused cells and 1 unused wires.
<suppressed ~1 debug messages>

3.8.8. Executing OPT_EXPR pass (perform const folding).
Optimizing module isr_shift1or8.

3.8.9. Rerunning OPT passes. (Maybe there is more to do..)

3.8.10. Executing OPT_MUXTREE pass (detect dead branches in mux trees).
Running muxtree optimizer on module \isr_shift1or8..
  Creating internal representation of mux trees.
  Evaluating internal representation of mux trees.
  Analyzing evaluation results.
Removed 0 multiplexer ports.
<suppressed ~18 debug messages>

3.8.11. Executing OPT_REDUCE pass (consolidate $*mux and $reduce_* inputs).
  Optimizing cells in module \isr_shift1or8.
Performed a total of 0 changes.

3.8.12. Executing OPT_MERGE pass (detect identical cells).
Finding identical cells in module `\isr_shift1or8'.
Computing hashes of 22 cells of `\isr_shift1or8'.
Finding duplicate cells in `\isr_shift1or8'.
Removed a total of 0 cells.

3.8.13. Executing OPT_DFF pass (perform DFF optimizations).

3.8.14. Executing OPT_CLEAN pass (remove unused cells and wires).
Finding unused cells or wires in module \isr_shift1or8..

3.8.15. Executing OPT_EXPR pass (perform const folding).
Optimizing module isr_shift1or8.

3.8.16. Finished fast OPT passes. (There is nothing left to do.)

3.9. Executing FSM pass (extract and optimize FSM).

3.9.1. Executing FSM_DETECT pass (finding FSMs in design).

3.9.2. Executing FSM_EXTRACT pass (extracting FSM from design).

3.9.3. Executing FSM_OPT pass (simple optimizations of FSMs).

3.9.4. Executing OPT_CLEAN pass (remove unused cells and wires).
Finding unused cells or wires in module \isr_shift1or8..

3.9.5. Executing FSM_OPT pass (simple optimizations of FSMs).

3.9.6. Executing FSM_RECODE pass (re-assigning FSM state encoding).

3.9.7. Executing FSM_INFO pass (dumping all available information on FSM cells).

3.9.8. Executing FSM_MAP pass (mapping FSMs to basic logic).

3.10. Executing OPT pass (performing simple optimizations).

3.10.1. Executing OPT_EXPR pass (perform const folding).
Optimizing module isr_shift1or8.

3.10.2. Executing OPT_MERGE pass (detect identical cells).
Finding identical cells in module `\isr_shift1or8'.
Computing hashes of 22 cells of `\isr_shift1or8'.
Finding duplicate cells in `\isr_shift1or8'.
Removed a total of 0 cells.

3.10.3. Executing OPT_MUXTREE pass (detect dead branches in mux trees).
Running muxtree optimizer on module \isr_shift1or8..
  Creating internal representation of mux trees.
  Evaluating internal representation of mux trees.
  Analyzing evaluation results.
Removed 0 multiplexer ports.
<suppressed ~18 debug messages>

3.10.4. Executing OPT_REDUCE pass (consolidate $*mux and $reduce_* inputs).
  Optimizing cells in module \isr_shift1or8.
Performed a total of 0 changes.

3.10.5. Executing OPT_MERGE pass (detect identical cells).
Finding identical cells in module `\isr_shift1or8'.
Computing hashes of 22 cells of `\isr_shift1or8'.
Finding duplicate cells in `\isr_shift1or8'.
Removed a total of 0 cells.

3.10.6. Executing OPT_DFF pass (perform DFF optimizations).
Adding SRST signal on $procdff$36 ($dff) from module isr_shift1or8 (D = $procmux$20_Y, Q = \count, rval = 6'000000).
Adding EN signal on $auto$ff.cc:337:slice$37 ($sdff) from module isr_shift1or8 (D = $procmux$18_Y, Q = \count).
Adding SRST signal on $procdff$35 ($dff) from module isr_shift1or8 (D = $procmux$30_Y, Q = \shift_reg, rval = 0).
Adding EN signal on $auto$ff.cc:337:slice$43 ($sdff) from module isr_shift1or8 (D = $procmux$28_Y, Q = \shift_reg).

3.10.7. Executing OPT_CLEAN pass (remove unused cells and wires).
Finding unused cells or wires in module \isr_shift1or8..
Removed 4 unused cells and 4 unused wires.
<suppressed ~5 debug messages>

3.10.8. Executing OPT_EXPR pass (perform const folding).
Optimizing module isr_shift1or8.
<suppressed ~2 debug messages>

3.10.9. Rerunning OPT passes. (Maybe there is more to do..)

3.10.10. Executing OPT_MUXTREE pass (detect dead branches in mux trees).
Running muxtree optimizer on module \isr_shift1or8..
  Creating internal representation of mux trees.
  Evaluating internal representation of mux trees.
  Analyzing evaluation results.
Removed 0 multiplexer ports.
<suppressed ~14 debug messages>

3.10.11. Executing OPT_REDUCE pass (consolidate $*mux and $reduce_* inputs).
  Optimizing cells in module \isr_shift1or8.
Performed a total of 0 changes.

3.10.12. Executing OPT_MERGE pass (detect identical cells).
Finding identical cells in module `\isr_shift1or8'.
Computing hashes of 22 cells of `\isr_shift1or8'.
Finding duplicate cells in `\isr_shift1or8'.
Computing hashes of 21 cells of `\isr_shift1or8'.
Finding duplicate cells in `\isr_shift1or8'.
Computing hashes of 20 cells of `\isr_shift1or8'.
Finding duplicate cells in `\isr_shift1or8'.
<suppressed ~6 debug messages>
Removed a total of 2 cells.

3.10.13. Executing OPT_DFF pass (perform DFF optimizations).

3.10.14. Executing OPT_CLEAN pass (remove unused cells and wires).
Finding unused cells or wires in module \isr_shift1or8..
Removed 0 unused cells and 2 unused wires.
<suppressed ~1 debug messages>

3.10.15. Executing OPT_EXPR pass (perform const folding).
Optimizing module isr_shift1or8.

3.10.16. Rerunning OPT passes. (Maybe there is more to do..)

3.10.17. Executing OPT_MUXTREE pass (detect dead branches in mux trees).
Running muxtree optimizer on module \isr_shift1or8..
  Creating internal representation of mux trees.
  Evaluating internal representation of mux trees.
  Analyzing evaluation results.
Removed 0 multiplexer ports.
<suppressed ~14 debug messages>

3.10.18. Executing OPT_REDUCE pass (consolidate $*mux and $reduce_* inputs).
  Optimizing cells in module \isr_shift1or8.
Performed a total of 0 changes.

3.10.19. Executing OPT_MERGE pass (detect identical cells).
Finding identical cells in module `\isr_shift1or8'.
Computing hashes of 20 cells of `\isr_shift1or8'.
Finding duplicate cells in `\isr_shift1or8'.
Removed a total of 0 cells.

3.10.20. Executing OPT_DFF pass (perform DFF optimizations).

3.10.21. Executing OPT_CLEAN pass (remove unused cells and wires).
Finding unused cells or wires in module \isr_shift1or8..

3.10.22. Executing OPT_EXPR pass (perform const folding).
Optimizing module isr_shift1or8.

3.10.23. Finished fast OPT passes. (There is nothing left to do.)

3.11. Executing WREDUCE pass (reducing word size of cells).
Removed top 2 bits (of 6) from mux cell isr_shift1or8.$ternary$variants/isr_shift1or8.v:24$1 ($mux).
Removed top 2 bits (of 6) from port B of cell isr_shift1or8.$shr$variants/isr_shift1or8.v:26$2 ($shr).
Removed top 26 bits (of 32) from port A of cell isr_shift1or8.$sub$variants/isr_shift1or8.v:27$3 ($sub).
Removed top 2 bits (of 6) from port B of cell isr_shift1or8.$sub$variants/isr_shift1or8.v:27$3 ($sub).
Removed top 25 bits (of 32) from port Y of cell isr_shift1or8.$sub$variants/isr_shift1or8.v:27$3 ($sub).
Removed top 2 bits (of 6) from port B of cell isr_shift1or8.$shl$variants/isr_shift1or8.v:27$5 ($shl).
Removed top 26 bits (of 32) from port B of cell isr_shift1or8.$gt$variants/isr_shift1or8.v:39$12 ($gt).
Removed top 2 bits (of 6) from port B of cell isr_shift1or8.$add$variants/isr_shift1or8.v:39$13 ($add).
Removed top 25 bits (of 32) from port Y of cell isr_shift1or8.$add$variants/isr_shift1or8.v:39$13 ($add).
Removed top 26 bits (of 32) from mux cell isr_shift1or8.$ternary$variants/isr_shift1or8.v:39$14 ($mux).
Removed top 25 bits (of 32) from port A of cell isr_shift1or8.$gt$variants/isr_shift1or8.v:39$12 ($gt).
Removed top 26 bits (of 32) from wire isr_shift1or8.$ternary$variants/isr_shift1or8.v:39$14_Y.
Removed top 25 bits (of 32) from wire isr_shift1or8.$add$variants/isr_shift1or8.v:39$11_Y.
Removed top 2 bits (of 6) from wire isr_shift1or8.shift_val.

3.12. Executing PEEPOPT pass (run peephole optimizers).

3.13. Executing OPT_CLEAN pass (remove unused cells and wires).
Finding unused cells or wires in module \isr_shift1or8..
Removed 0 unused cells and 3 unused wires.
<suppressed ~1 debug messages>

3.14. Executing ALUMACC pass (create $alu and $macc cells).
Extracting $alu and $macc cells in module isr_shift1or8:
  creating $macc model for $add$variants/isr_shift1or8.v:39$13 ($add).
  creating $macc model for $sub$variants/isr_shift1or8.v:27$3 ($sub).
  creating $alu model for $macc $sub$variants/isr_shift1or8.v:27$3.
  creating $alu model for $macc $add$variants/isr_shift1or8.v:39$13.
  creating $alu model for $gt$variants/isr_shift1or8.v:39$12 ($gt): new $alu
  creating $alu cell for $gt$variants/isr_shift1or8.v:39$12: $auto$alumacc.cc:548:replace_alu$53
  creating $alu cell for $add$variants/isr_shift1or8.v:39$13: $auto$alumacc.cc:548:replace_alu$64
  creating $alu cell for $sub$variants/isr_shift1or8.v:27$3: $auto$alumacc.cc:548:replace_alu$67
  created 3 $alu and 0 $macc cells.

3.15. Executing SHARE pass (SAT-based resource sharing).
Found 3 cells in module isr_shift1or8 that may be considered for resource sharing.
  Analyzing resource sharing options for $shr$variants/isr_shift1or8.v:26$2 ($shr):
    Found 1 activation_patterns using ctrl signal { \do_shift \set \dir }.
    No candidates found.
  Analyzing resource sharing options for $shl$variants/isr_shift1or8.v:27$4 ($shl):
    Found 1 activation_patterns using ctrl signal { \do_shift \set \dir }.
    No candidates found.
  Analyzing resource sharing options for $shl$variants/isr_shift1or8.v:27$5 ($shl):
    Found 1 activation_patterns using ctrl signal { \do_shift \set \dir }.
    No candidates found.

3.16. Executing OPT pass (performing simple optimizations).

3.16.1. Executing OPT_EXPR pass (perform const folding).
Optimizing module isr_shift1or8.
<suppressed ~1 debug messages>

3.16.2. Executing OPT_MERGE pass (detect identical cells).
Finding identical cells in module `\isr_shift1or8'.
Computing hashes of 24 cells of `\isr_shift1or8'.
Finding duplicate cells in `\isr_shift1or8'.
Removed a total of 0 cells.

3.16.3. Executing OPT_MUXTREE pass (detect dead branches in mux trees).
Running muxtree optimizer on module \isr_shift1or8..
  Creating internal representation of mux trees.
  Evaluating internal representation of mux trees.
  Analyzing evaluation results.
Removed 0 multiplexer ports.
<suppressed ~14 debug messages>

3.16.4. Executing OPT_REDUCE pass (consolidate $*mux and $reduce_* inputs).
  Optimizing cells in module \isr_shift1or8.
Performed a total of 0 changes.

3.16.5. Executing OPT_MERGE pass (detect identical cells).
Finding identical cells in module `\isr_shift1or8'.
Computing hashes of 24 cells of `\isr_shift1or8'.
Finding duplicate cells in `\isr_shift1or8'.
Removed a total of 0 cells.

3.16.6. Executing OPT_DFF pass (perform DFF optimizations).

3.16.7. Executing OPT_CLEAN pass (remove unused cells and wires).
Finding unused cells or wires in module \isr_shift1or8..
Removed 1 unused cells and 2 unused wires.
<suppressed ~2 debug messages>

3.16.8. Executing OPT_EXPR pass (perform const folding).
Optimizing module isr_shift1or8.

3.16.9. Rerunning OPT passes. (Maybe there is more to do..)

3.16.10. Executing OPT_MUXTREE pass (detect dead branches in mux trees).
Running muxtree optimizer on module \isr_shift1or8..
  Creating internal representation of mux trees.
  Evaluating internal representation of mux trees.
  Analyzing evaluation results.
Removed 0 multiplexer ports.
<suppressed ~14 debug messages>

3.16.11. Executing OPT_REDUCE pass (consolidate $*mux and $reduce_* inputs).
  Optimizing cells in module \isr_shift1or8.
Performed a total of 0 changes.

3.16.12. Executing OPT_MERGE pass (detect identical cells).
Finding identical cells in module `\isr_shift1or8'.
Computing hashes of 23 cells of `\isr_shift1or8'.
Finding duplicate cells in `\isr_shift1or8'.
Removed a total of 0 cells.

3.16.13. Executing OPT_DFF pass (perform DFF optimizations).

3.16.14. Executing OPT_CLEAN pass (remove unused cells and wires).
Finding unused cells or wires in module \isr_shift1or8..

3.16.15. Executing OPT_EXPR pass (perform const folding).
Optimizing module isr_shift1or8.

3.16.16. Finished fast OPT passes. (There is nothing left to do.)

3.17. Executing MEMORY pass.

3.17.1. Executing OPT_MEM pass (optimize memories).
Performed a total of 0 transformations.

3.17.2. Executing OPT_MEM_PRIORITY pass (removing unnecessary memory write priority relations).
Performed a total of 0 transformations.

3.17.3. Executing OPT_MEM_FEEDBACK pass (finding memory read-to-write feedback paths).

3.17.4. Executing MEMORY_BMUX2ROM pass (converting muxes to ROMs).

3.17.5. Executing MEMORY_DFF pass (merging $dff cells to $memrd).

3.17.6. Executing OPT_CLEAN pass (remove unused cells and wires).
Finding unused cells or wires in module \isr_shift1or8..

3.17.7. Executing MEMORY_SHARE pass (consolidating $memrd/$memwr cells).

3.17.8. Executing OPT_MEM_WIDEN pass (optimize memories where all ports are wide).
Performed a total of 0 transformations.

3.17.9. Executing OPT_CLEAN pass (remove unused cells and wires).
Finding unused cells or wires in module \isr_shift1or8..

3.17.10. Executing MEMORY_COLLECT pass (generating $mem cells).

3.18. Executing OPT_CLEAN pass (remove unused cells and wires).
Finding unused cells or wires in module \isr_shift1or8..

3.19. Executing OPT pass (performing simple optimizations).

3.19.1. Executing OPT_EXPR pass (perform const folding).
Optimizing module isr_shift1or8.
<suppressed ~9 debug messages>

3.19.2. Executing OPT_MERGE pass (detect identical cells).
Finding identical cells in module `\isr_shift1or8'.
Computing hashes of 26 cells of `\isr_shift1or8'.
Finding duplicate cells in `\isr_shift1or8'.
Removed a total of 0 cells.

3.19.3. Executing OPT_DFF pass (perform DFF optimizations).

3.19.4. Executing OPT_CLEAN pass (remove unused cells and wires).
Finding unused cells or wires in module \isr_shift1or8..
Removed 0 unused cells and 9 unused wires.
<suppressed ~1 debug messages>

3.19.5. Finished fast OPT passes.

3.20. Executing MEMORY_MAP pass (converting memories to logic and flip-flops).

3.21. Executing OPT pass (performing simple optimizations).

3.21.1. Executing OPT_EXPR pass (perform const folding).
Optimizing module isr_shift1or8.

3.21.2. Executing OPT_MERGE pass (detect identical cells).
Finding identical cells in module `\isr_shift1or8'.
Computing hashes of 26 cells of `\isr_shift1or8'.
Finding duplicate cells in `\isr_shift1or8'.
Removed a total of 0 cells.

3.21.3. Executing OPT_MUXTREE pass (detect dead branches in mux trees).
Running muxtree optimizer on module \isr_shift1or8..
  Creating internal representation of mux trees.
  Evaluating internal representation of mux trees.
  Analyzing evaluation results.
Removed 0 multiplexer ports.
<suppressed ~12 debug messages>

3.21.4. Executing OPT_REDUCE pass (consolidate $*mux and $reduce_* inputs).
  Optimizing cells in module \isr_shift1or8.
    Consolidated identical input bits for $mux cell $ternary$variants/isr_shift1or8.v:24$1:
      Old ports: A=4'0001, B=4'1000, Y=\shift_val
      New ports: A=2'01, B=2'10, Y={ \shift_val [3] \shift_val [0] }
      New connections: \shift_val [2:1] = 2'00
  Optimizing cells in module \isr_shift1or8.
Performed a total of 1 changes.

3.21.5. Executing OPT_MERGE pass (detect identical cells).
Finding identical cells in module `\isr_shift1or8'.
Computing hashes of 26 cells of `\isr_shift1or8'.
Finding duplicate cells in `\isr_shift1or8'.
Removed a total of 0 cells.

3.21.6. Executing OPT_SHARE pass.

3.21.7. Executing OPT_DFF pass (perform DFF optimizations).

3.21.8. Executing OPT_CLEAN pass (remove unused cells and wires).
Finding unused cells or wires in module \isr_shift1or8..

3.21.9. Executing OPT_EXPR pass (perform const folding).
Optimizing module isr_shift1or8.

3.21.10. Rerunning OPT passes. (Maybe there is more to do..)

3.21.11. Executing OPT_MUXTREE pass (detect dead branches in mux trees).
Running muxtree optimizer on module \isr_shift1or8..
  Creating internal representation of mux trees.
  Evaluating internal representation of mux trees.
  Analyzing evaluation results.
Removed 0 multiplexer ports.
<suppressed ~12 debug messages>

3.21.12. Executing OPT_REDUCE pass (consolidate $*mux and $reduce_* inputs).
  Optimizing cells in module \isr_shift1or8.
Performed a total of 0 changes.

3.21.13. Executing OPT_MERGE pass (detect identical cells).
Finding identical cells in module `\isr_shift1or8'.
Computing hashes of 26 cells of `\isr_shift1or8'.
Finding duplicate cells in `\isr_shift1or8'.
Removed a total of 0 cells.

3.21.14. Executing OPT_SHARE pass.

3.21.15. Executing OPT_DFF pass (perform DFF optimizations).

3.21.16. Executing OPT_CLEAN pass (remove unused cells and wires).
Finding unused cells or wires in module \isr_shift1or8..

3.21.17. Executing OPT_EXPR pass (perform const folding).
Optimizing module isr_shift1or8.

3.21.18. Finished fast OPT passes. (There is nothing left to do.)

3.22. Executing TECHMAP pass (map to technology primitives).

3.22.1. Executing Verilog-2005 frontend: /home/matthias/prog/janestreet/hardware-2026-08/oss-cad-suite/lib/../share/yosys/techmap.v
Parsing Verilog input from `/home/matthias/prog/janestreet/hardware-2026-08/oss-cad-suite/lib/../share/yosys/techmap.v' to AST representation.
Generating RTLIL representation for module `\_90_simplemap_bool_ops'.
Generating RTLIL representation for module `\_90_simplemap_reduce_ops'.
Generating RTLIL representation for module `\_90_simplemap_logic_ops'.
Generating RTLIL representation for module `\_90_simplemap_compare_ops'.
Generating RTLIL representation for module `\_90_simplemap_various'.
Generating RTLIL representation for module `\_90_simplemap_registers'.
Generating RTLIL representation for module `\_90_shift_ops_shr_shl_sshl_sshr'.
Generating RTLIL representation for module `\_90_shift_shiftx'.
Generating RTLIL representation for module `\_90_fa'.
Generating RTLIL representation for module `\_90_lcu_brent_kung'.
Generating RTLIL representation for module `\_90_alu'.
Generating RTLIL representation for module `\_90_macc'.
Generating RTLIL representation for module `\_90_alumacc'.
Generating RTLIL representation for module `$__div_mod_u'.
Generating RTLIL representation for module `$__div_mod_trunc'.
Generating RTLIL representation for module `\_90_div'.
Generating RTLIL representation for module `\_90_mod'.
Generating RTLIL representation for module `$__div_mod_floor'.
Generating RTLIL representation for module `\_90_divfloor'.
Generating RTLIL representation for module `\_90_modfloor'.
Generating RTLIL representation for module `\_90_pow'.
Generating RTLIL representation for module `\_90_demux'.
Generating RTLIL representation for module `\_90_lut'.
Generating RTLIL representation for module `$connect'.
Generating RTLIL representation for module `$input_port'.
Successfully finished Verilog frontend.

3.22.2. Continuing TECHMAP pass.
Using extmapper simplemap for cells of type $not.
Using template $paramod$00298f3f8094950cb9a5ff2fda48d0d8bde8806c\_90_alu for cells of type $alu.
Using template $paramod$8749c0efa219d6160b77c501d93e918c0ebd8355\_90_alu for cells of type $alu.
Using extmapper simplemap for cells of type $or.
Using extmapper simplemap for cells of type $reduce_and.
Using template $paramod$ba698a254f9a5947e85cbe7beae6b161eefc5386\_90_alu for cells of type $alu.
Using extmapper simplemap for cells of type $sdffe.
Using extmapper simplemap for cells of type $reduce_bool.
Using extmapper simplemap for cells of type $mux.
Using template $paramod$constmap:40d8cb9c2779d54379cf4f0af349705705c23bd5$paramod$c0a6b4e9c0a1cef20be30710c0b53b14a087f884\_90_shift_ops_shr_shl_sshl_sshr for cells of type $shr.
Using template $paramod$constmap:45fc6290ce127a95fd05a8dd3b9d576fe1f389f0$paramod$dce7c1188cb25d2520d170426d59301c3b73f9e7\_90_shift_ops_shr_shl_sshl_sshr for cells of type $shl.
Using template $paramod$constmap:40d8cb9c2779d54379cf4f0af349705705c23bd5$paramod$9a9029b1cfe19c2b4a0cbde8ed4759dbaaf6fda3\_90_shift_ops_shr_shl_sshl_sshr for cells of type $shl.
Using extmapper simplemap for cells of type $logic_not.
Using extmapper simplemap for cells of type $logic_and.
Using extmapper simplemap for cells of type $xor.
Using template $paramod\_90_fa\WIDTH=32'00000000000000000000000000000110 for cells of type $fa.
Using template $paramod\_90_lcu_brent_kung\WIDTH=32'00000000000000000000000000000110 for cells of type $lcu.
Using extmapper simplemap for cells of type $pos.
Using template $paramod\_90_fa\WIDTH=32'00000000000000000000000000000111 for cells of type $fa.
Using template $paramod\_90_lcu_brent_kung\WIDTH=32'00000000000000000000000000000111 for cells of type $lcu.
Using template $paramod\_90_fa\WIDTH=32'00000000000000000000000000000010 for cells of type $fa.
Using template $paramod\_90_lcu_brent_kung\WIDTH=32'00000000000000000000000000000010 for cells of type $lcu.
Using extmapper simplemap for cells of type $and.
No more expansions possible.
<suppressed ~2306 debug messages>

3.23. Executing OPT pass (performing simple optimizations).

3.23.1. Executing OPT_EXPR pass (perform const folding).
Optimizing module isr_shift1or8.
<suppressed ~462 debug messages>

3.23.2. Executing OPT_MERGE pass (detect identical cells).
Finding identical cells in module `\isr_shift1or8'.
Computing hashes of 581 cells of `\isr_shift1or8'.
Finding duplicate cells in `\isr_shift1or8'.
Computing hashes of 577 cells of `\isr_shift1or8'.
Finding duplicate cells in `\isr_shift1or8'.
<suppressed ~12 debug messages>
Removed a total of 4 cells.

3.23.3. Executing OPT_DFF pass (perform DFF optimizations).

3.23.4. Executing OPT_CLEAN pass (remove unused cells and wires).
Finding unused cells or wires in module \isr_shift1or8..
Removed 72 unused cells and 171 unused wires.
<suppressed ~73 debug messages>

3.23.5. Finished fast OPT passes.

3.24. Executing ABC pass (technology mapping using ABC).

3.24.1. Extracting gate netlist of module `\isr_shift1or8' to `<abc-temp-dir>/input.blif'..

3.24.1.1. Executed ABC.
Extracted 467 gates and 551 wires to a netlist network with 82 inputs and 39 outputs.
Running ABC script: <abc-temp-dir>/abc.script
ABC: UC Berkeley, ABC 1.01 (compiled Aug 21 2026 02:12:29)
ABC: abc 01> empty
ABC: abc 01> source <abc-temp-dir>/abc.script
ABC: + read_blif <abc-temp-dir>/input.blif 
ABC: + read_library <abc-temp-dir>/stdcells.genlib 
ABC: + strash 
ABC: + &get -n 
ABC: + &fraig -x 
ABC: + &put 
ABC: + scorr 
ABC: Warning: The network is combinational (run "fraig" or "fraig_sweep").
ABC: + dc2 
ABC: + dretime 
ABC: + strash 
ABC: + &get -n 
ABC: + &dch -f 
ABC: + &nf 
ABC: + &put 
ABC: + write_blif <abc-temp-dir>/output.blif 
ABC: 
ABC: YOSYS_ABC_DONE 

3.24.1.2. Re-integrating ABC results.
ABC RESULTS:               AND cells:       38
ABC RESULTS:            ANDNOT cells:        3
ABC RESULTS:               MUX cells:       65
ABC RESULTS:              NAND cells:      144
ABC RESULTS:               NOR cells:        5
ABC RESULTS:                OR cells:        3
ABC RESULTS:             ORNOT cells:        1
ABC RESULTS:              XNOR cells:        3
ABC RESULTS:               XOR cells:        2
ABC RESULTS:        internal signals:      430
ABC RESULTS:           input signals:       82
ABC RESULTS:          output signals:       39
Removing temp directory.
Removing global temp directory.

3.25. Executing OPT pass (performing simple optimizations).

3.25.1. Executing OPT_EXPR pass (perform const folding).
Optimizing module isr_shift1or8.

3.25.2. Executing OPT_MERGE pass (detect identical cells).
Finding identical cells in module `\isr_shift1or8'.
Computing hashes of 302 cells of `\isr_shift1or8'.
Finding duplicate cells in `\isr_shift1or8'.
Removed a total of 0 cells.

3.25.3. Executing OPT_DFF pass (perform DFF optimizations).

3.25.4. Executing OPT_CLEAN pass (remove unused cells and wires).
Finding unused cells or wires in module \isr_shift1or8..
Removed 0 unused cells and 118 unused wires.
<suppressed ~2 debug messages>

3.25.5. Finished fast OPT passes.

3.26. Executing HIERARCHY pass (managing design hierarchy).
Attribute `top' found on module `isr_shift1or8'. Setting top module to isr_shift1or8.

3.26.1. Analyzing design hierarchy..
Top module:  \isr_shift1or8

3.26.2. Analyzing design hierarchy..
Top module:  \isr_shift1or8
Removed 0 unused modules.

3.27. Printing statistics.

=== isr_shift1or8 ===

        +----------Local Count, excluding submodules.
        | 
      279 wires
      394 wire bits
       15 public wires
      130 public wire bits
       12 ports
       88 port bits
      302 cells
        3   $_ANDNOT_
       38   $_AND_
       65   $_MUX_
      144   $_NAND_
        5   $_NOR_
        1   $_ORNOT_
        3   $_OR_
       38   $_SDFFE_PP0P_
        3   $_XNOR_
        2   $_XOR_

3.28. Executing CHECK pass (checking for obvious problems).
Checking module isr_shift1or8...
Found and reported 0 problems.

4. Executing DFFLIBMAP pass (mapping DFF/DLATCH cells to sequential cells from liberty file).
  cell sg13g2_dfrbpq_1 (noninv, pins=4, area=48.99) is a direct match for cell type $_DFF_PN0_.
  cell sg13g2_dlhq_1 (noninv, pins=3, area=30.84) is a direct match for cell type $_DLATCH_P_.
  cell sg13g2_dllrq_1 (noninv, pins=4, area=29.03) is a direct match for cell type $_DLATCH_NN0_.
  cell sg13g2_dlhrq_1 (noninv, pins=4, area=27.22) is a direct match for cell type $_DLATCH_PN0_.
  final dff/dlatch cell mappings:
    unmapped dff/dlatch cell: $_DFF_N_
    unmapped dff/dlatch cell: $_DFF_P_
    unmapped dff/dlatch cell: $_DFF_NN0_
    unmapped dff/dlatch cell: $_DFF_NN1_
    unmapped dff/dlatch cell: $_DFF_NP0_
    unmapped dff/dlatch cell: $_DFF_NP1_
    \sg13g2_dfrbpq_1 _DFF_PN0_ (.CLK( C), .D( D), .Q( Q), .RESET_B( R));
    unmapped dff/dlatch cell: $_DFF_PN1_
    unmapped dff/dlatch cell: $_DFF_PP0_
    unmapped dff/dlatch cell: $_DFF_PP1_
    unmapped dff/dlatch cell: $_DFFE_NN_
    unmapped dff/dlatch cell: $_DFFE_NP_
    unmapped dff/dlatch cell: $_DFFE_PN_
    unmapped dff/dlatch cell: $_DFFE_PP_
    unmapped dff/dlatch cell: $_DFFSR_NNN_
    unmapped dff/dlatch cell: $_DFFSR_NNP_
    unmapped dff/dlatch cell: $_DFFSR_NPN_
    unmapped dff/dlatch cell: $_DFFSR_NPP_
    unmapped dff/dlatch cell: $_DFFSR_PNN_
    unmapped dff/dlatch cell: $_DFFSR_PNP_
    unmapped dff/dlatch cell: $_DFFSR_PPN_
    unmapped dff/dlatch cell: $_DFFSR_PPP_
    unmapped dff/dlatch cell: $_DLATCH_N_
    \sg13g2_dlhq_1 _DLATCH_P_ (.D( D), .GATE( E), .Q( Q));
    \sg13g2_dllrq_1 _DLATCH_NN0_ (.D( D), .GATE_N( E), .Q( Q), .RESET_B( R));
    unmapped dff/dlatch cell: $_DLATCH_NN1_
    unmapped dff/dlatch cell: $_DLATCH_NP0_
    unmapped dff/dlatch cell: $_DLATCH_NP1_
    \sg13g2_dlhrq_1 _DLATCH_PN0_ (.D( D), .GATE( E), .Q( Q), .RESET_B( R));
    unmapped dff/dlatch cell: $_DLATCH_PN1_
    unmapped dff/dlatch cell: $_DLATCH_PP0_
    unmapped dff/dlatch cell: $_DLATCH_PP1_
    unmapped dff/dlatch cell: $_DLATCHSR_NNN_
    unmapped dff/dlatch cell: $_DLATCHSR_NNP_
    unmapped dff/dlatch cell: $_DLATCHSR_NPN_
    unmapped dff/dlatch cell: $_DLATCHSR_NPP_
    unmapped dff/dlatch cell: $_DLATCHSR_PNN_
    unmapped dff/dlatch cell: $_DLATCHSR_PNP_
    unmapped dff/dlatch cell: $_DLATCHSR_PPN_
    unmapped dff/dlatch cell: $_DLATCHSR_PPP_

4.1. Executing DFFLEGALIZE pass (convert FFs and LATCHes to types supported by the target).
<suppressed ~4 debug messages>
Mapping DFF/DLATCH cells in module `\isr_shift1or8':
  mapped 38 $_DFF_PN0_ cells to \sg13g2_dfrbpq_1 cells.

5. Executing ABC pass (technology mapping using ABC).

5.1. Extracting gate netlist of module `\isr_shift1or8' to `<abc-temp-dir>/input.blif'..
ABC: using cached merged SCL: /tmp/yosys-liberty-scl-cache/yosys_merged_aa53eb27.scl (1 files)

5.1.1. Executed ABC.
Extracted 340 gates and 424 wires to a netlist network with 83 inputs and 38 outputs.
Running ABC script: <abc-temp-dir>/abc.script
ABC: UC Berkeley, ABC 1.01 (compiled Aug 21 2026 02:12:29)
ABC: abc 01> empty
ABC: abc 01> source <abc-temp-dir>/abc.script
ABC: + read_blif <abc-temp-dir>/input.blif 
ABC: + read_scl /tmp/yosys-liberty-scl-cache/yosys_merged_aa53eb27.scl 
ABC: + strash 
ABC: + &get -n 
ABC: + &fraig -x 
ABC: + &put 
ABC: + scorr 
ABC: Warning: The network is combinational (run "fraig" or "fraig_sweep").
ABC: + dc2 
ABC: + dretime 
ABC: + strash 
ABC: + &get -n 
ABC: + &dch -f 
ABC: + &nf 
ABC: + &put 
ABC: + write_blif <abc-temp-dir>/output.blif 
ABC: 
ABC: YOSYS_ABC_DONE 

5.1.2. Re-integrating ABC results.
ABC RESULTS:     sg13g2_a21o_1 cells:        1
ABC RESULTS:    sg13g2_a21oi_1 cells:       53
ABC RESULTS:   sg13g2_a221oi_1 cells:        5
ABC RESULTS:    sg13g2_a22oi_1 cells:        2
ABC RESULTS:     sg13g2_and2_1 cells:       34
ABC RESULTS:      sg13g2_inv_1 cells:        6
ABC RESULTS:    sg13g2_nand2_1 cells:       55
ABC RESULTS:   sg13g2_nand2b_1 cells:       34
ABC RESULTS:    sg13g2_nand3_1 cells:        1
ABC RESULTS:   sg13g2_nand3b_1 cells:        3
ABC RESULTS:    sg13g2_nand4_1 cells:        1
ABC RESULTS:     sg13g2_nor2_1 cells:       37
ABC RESULTS:    sg13g2_nor2b_1 cells:        3
ABC RESULTS:     sg13g2_nor3_1 cells:       51
ABC RESULTS:     sg13g2_nor4_1 cells:       16
ABC RESULTS:    sg13g2_o21ai_1 cells:       17
ABC RESULTS:      sg13g2_or2_1 cells:        2
ABC RESULTS:      sg13g2_or4_1 cells:        1
ABC RESULTS:    sg13g2_xnor2_1 cells:        4
ABC RESULTS:     sg13g2_xor2_1 cells:        1
ABC RESULTS:        internal signals:      303
ABC RESULTS:           input signals:       83
ABC RESULTS:          output signals:       38
Removing temp directory.
Removing global temp directory.

6. Executing OPT_CLEAN pass (remove unused cells and wires).
Finding unused cells or wires in module \isr_shift1or8..
Removed 0 unused cells and 423 unused wires.
<suppressed ~1 debug messages>

7. Printing statistics.

=== isr_shift1or8 ===

        +----------Local Count, excluding submodules.
        |        +-Local Area, excluding submodules.
        |        | 
      342        - wires
      457        - wire bits
       15        - public wires
      130        - public wire bits
       12        - ports
       88        - port bits
      365 4.75E+03 cells
        1   12.701   sg13g2_a21o_1
       53  480.816   sg13g2_a21oi_1
        5   72.576   sg13g2_a221oi_1
        2   21.697   sg13g2_a22oi_1
       34  308.448   sg13g2_and2_1
       38 1.86E+03   sg13g2_dfrbpq_1
        6   32.659   sg13g2_inv_1
       55  399.168   sg13g2_nand2_1
       34  308.448   sg13g2_nand2b_1
        1    9.072   sg13g2_nand3_1
        3   38.102   sg13g2_nand3b_1
        1   10.886   sg13g2_nand4_1
       37  268.531   sg13g2_nor2_1
        3   27.216   sg13g2_nor2b_1
       51  462.672   sg13g2_nor3_1
       16  174.182   sg13g2_nor4_1
       17  154.224   sg13g2_o21ai_1
        2   18.144   sg13g2_or2_1
        1   14.515   sg13g2_or4_1
        4   58.061   sg13g2_xnor2_1
        1   14.515   sg13g2_xor2_1

   Chip area for module '\isr_shift1or8': 4748.209200
     of which used for sequential elements: 1861.574400 (39.21%)

End of script. Logfile hash: 4281741a5c, time: 0.13s, user: 0.06s, system: 0.01s, MEM: 27.65 MB peak
Yosys 0.68+118 (git sha1 144c707b7-dirty, Release, Clang /usr/bin/clang++ 21.1.8)
Time spent: 53% 2x abc (0 sec), 8% 1x techmap (0 sec), ...
