Starting…
Running 'Verilator.Lint' at '../runs/seq15ns/01-verilator-lint'…
Logging subprocess to [repr.filename]'../runs/seq15ns/01-verilator-lint/verilator-lint.log'[/repr.filename]…
Running 'Checker.LintTimingConstructs' at '../runs/seq15ns/02-checker-linttimingconstructs'…
Check for Lint Timing Errors clear.
Running 'Checker.LintErrors' at '../runs/seq15ns/03-checker-linterrors'…
Check for Lint errors clear.
Running 'Checker.LintWarnings' at '../runs/seq15ns/04-checker-lintwarnings'…
6 Lint warnings found.
Running 'Yosys.JsonHeader' at '../runs/seq15ns/05-yosys-jsonheader'…
Logging subprocess to [repr.filename]'../runs/seq15ns/05-yosys-jsonheader/yosys-jsonheader.log'[/repr.filename]…
Running 'Yosys.Synthesis' at '../runs/seq15ns/06-yosys-synthesis'…
Logging subprocess to [repr.filename]'../runs/seq15ns/06-yosys-synthesis/yosys-synthesis.log'[/repr.filename]…
Parsing synthesis checks…
Parsing synthesis checks…
Running 'Checker.YosysUnmappedCells' at '../runs/seq15ns/07-checker-yosysunmappedcells'…
Check for Unmapped Yosys instances clear.
Running 'Checker.YosysSynthChecks' at '../runs/seq15ns/08-checker-yosyssynthchecks'…
Check for Yosys check errors clear.
Running 'Checker.NetlistAssignStatements' at '../runs/seq15ns/09-checker-netlistassignstatements'…
Running 'OpenROAD.CheckSDCFiles' at '../runs/seq15ns/10-openroad-checksdcfiles'…
'PNR_SDC_FILE' is not defined. Using generic fallback SDC for OpenROAD PnR steps.
'SIGNOFF_SDC_FILE' is not defined. Using generic fallback SDC for OpenROAD PnR steps.
Running 'OpenROAD.CheckMacroInstances' at '../runs/seq15ns/11-openroad-checkmacroinstances'…
No macros found, skipping instance check…
Running 'OpenROAD.STAPrePNR' at '../runs/seq15ns/12-openroad-staprepnr'…
Starting STA for the nom_fast_1p32V_m40C timing corner…
Starting STA for the nom_slow_1p08V_125C timing corner…
Starting STA for the nom_typ_1p20V_25C timing corner…
Logging subprocess to [repr.filename]'../runs/seq15ns/12-openroad-staprepnr/nom_fast_1p32V_m40C/sta.log'[/repr.filename]…
Logging subprocess to [repr.filename]'../runs/seq15ns/12-openroad-staprepnr/nom_slow_1p08V_125C/sta.log'[/repr.filename]…
Logging subprocess to [repr.filename]'../runs/seq15ns/12-openroad-staprepnr/nom_typ_1p20V_25C/sta.log'[/repr.filename]…
Finished STA for the nom_typ_1p20V_25C timing corner.
Finished STA for the nom_fast_1p32V_m40C timing corner.
Finished STA for the nom_slow_1p08V_125C timing corner.
Running 'OpenROAD.Floorplan' at '../runs/seq15ns/13-openroad-floorplan'…
Logging subprocess to [repr.filename]'../runs/seq15ns/13-openroad-floorplan/openroad-floorplan.log'[/repr.filename]…
Running 'OpenROAD.DumpRCValues' at '../runs/seq15ns/14-openroad-dumprcvalues'…
Logging subprocess to [repr.filename]'../runs/seq15ns/14-openroad-dumprcvalues/openroad-dumprcvalues.log'[/repr.filename]…
Running 'Odb.CheckMacroAntennaProperties' at '../runs/seq15ns/15-odb-checkmacroantennaproperties'…
No cells provided, skipping 'Odb.CheckMacroAntennaProperties'…
Running 'Odb.SetPowerConnections' at '../runs/seq15ns/16-odb-setpowerconnections'…
Logging subprocess to [repr.filename]'../runs/seq15ns/16-odb-setpowerconnections/odb-setpowerconnections.log'[/repr.filename]…
Running 'Odb.ManualMacroPlacement' at '../runs/seq15ns/17-odb-manualmacroplacement'…
No instances found, skipping 'Odb.ManualMacroPlacement'…
Running 'OpenROAD.CutRows' at '../runs/seq15ns/18-openroad-cutrows'…
Logging subprocess to [repr.filename]'../runs/seq15ns/18-openroad-cutrows/openroad-cutrows.log'[/repr.filename]…
Running 'OpenROAD.TapEndcapInsertion' at '../runs/seq15ns/19-openroad-tapendcapinsertion'…
Logging subprocess to [repr.filename]'../runs/seq15ns/19-openroad-tapendcapinsertion/openroad-tapendcapinsertion.log'[/repr.filename]…
Running 'Odb.AddPDNObstructions' at '../runs/seq15ns/20-odb-addpdnobstructions'…
'PDN_OBSTRUCTIONS' is not defined. Skipping 'Odb.AddPDNObstructions'…
Running 'OpenROAD.GeneratePDN' at '../runs/seq15ns/21-openroad-generatepdn'…
'PDN_CFG' not explicitly set, setting it to /nix/store/8y4m6wgn5kqlbig1qwnwbxijqqp0jwib-python3-3.13.9-env/lib/python3.13/site-packages/librelane/scripts/openroad/common/pdn_cfg.tcl…
Logging subprocess to [repr.filename]'../runs/seq15ns/21-openroad-generatepdn/openroad-generatepdn.log'[/repr.filename]…
Running 'Odb.RemovePDNObstructions' at '../runs/seq15ns/22-odb-removepdnobstructions'…
'PDN_OBSTRUCTIONS' is not defined. Skipping 'Odb.RemovePDNObstructions'…
Running 'Odb.AddRoutingObstructions' at '../runs/seq15ns/23-odb-addroutingobstructions'…
'ROUTING_OBSTRUCTIONS' is not defined. Skipping 'Odb.AddRoutingObstructions'…
Running 'OpenROAD.GlobalPlacementSkipIO' at '../runs/seq15ns/24-openroad-globalplacementskipio'…
Logging subprocess to [repr.filename]'../runs/seq15ns/24-openroad-globalplacementskipio/openroad-globalplacementskipio.log'[/repr.filename]…
[GPL-0302] Target density 0.7000 is too low for the available free area.
Running 'OpenROAD.IOPlacement' at '../runs/seq15ns/25-openroad-ioplacement'…
Logging subprocess to [repr.filename]'../runs/seq15ns/25-openroad-ioplacement/openroad-ioplacement.log'[/repr.filename]…
Running 'Odb.CustomIOPlacement' at '../runs/seq15ns/26-odb-customioplacement'…
No custom I/O placement file configured, skipping 'Odb.CustomIOPlacement'…
Running 'Odb.ApplyDEFTemplate' at '../runs/seq15ns/27-odb-applydeftemplate'…
No DEF template provided, skipping 'Odb.ApplyDEFTemplate'…
Running 'OpenROAD.GlobalPlacement' at '../runs/seq15ns/28-openroad-globalplacement'…
Logging subprocess to [repr.filename]'../runs/seq15ns/28-openroad-globalplacement/openroad-globalplacement.log'[/repr.filename]…
[GPL-0302] Target density 0.7000 is too low for the available free area.
Running 'Odb.WriteVerilogHeader' at '../runs/seq15ns/29-odb-writeverilogheader'…
Logging subprocess to [repr.filename]'../runs/seq15ns/29-odb-writeverilogheader/odb-writeverilogheader.log'[/repr.filename]…
Running 'Checker.PowerGridViolations' at '../runs/seq15ns/30-checker-powergridviolations'…
Check for power grid violations (as reported by OpenROAD PSM- you may ignore these if LVS passes) clear.
Running 'OpenROAD.STAMidPNR' at '../runs/seq15ns/31-openroad-stamidpnr'…
Logging subprocess to [repr.filename]'../runs/seq15ns/31-openroad-stamidpnr/openroad-stamidpnr.log'[/repr.filename]…
Running 'OpenROAD.RepairDesignPostGPL' at '../runs/seq15ns/32-openroad-repairdesignpostgpl'…
Logging subprocess to [repr.filename]'../runs/seq15ns/32-openroad-repairdesignpostgpl/openroad-repairdesignpostgpl.log'[/repr.filename]…
Running 'Odb.ManualGlobalPlacement' at '../runs/seq15ns/33-odb-manualglobalplacement'…
'MANUAL_GLOBAL_PLACEMENTS' not set. Skipping 'Odb.ManualGlobalPlacement'…
Running 'OpenROAD.DetailedPlacement' at '../runs/seq15ns/34-openroad-detailedplacement'…
Logging subprocess to [repr.filename]'../runs/seq15ns/34-openroad-detailedplacement/openroad-detailedplacement.log'[/repr.filename]…
Running 'OpenROAD.CTS' at '../runs/seq15ns/35-openroad-cts'…
Logging subprocess to [repr.filename]'../runs/seq15ns/35-openroad-cts/openroad-cts.log'[/repr.filename]…
Running 'OpenROAD.STAMidPNR-1' at '../runs/seq15ns/36-openroad-stamidpnr-1'…
Logging subprocess to [repr.filename]'../runs/seq15ns/36-openroad-stamidpnr-1/openroad-stamidpnr-1.log'[/repr.filename]…
Running 'OpenROAD.ResizerTimingPostCTS' at '../runs/seq15ns/37-openroad-resizertimingpostcts'…
Logging subprocess to [repr.filename]'../runs/seq15ns/37-openroad-resizertimingpostcts/openroad-resizertimingpostcts.log'[/repr.filename]…
Running 'OpenROAD.STAMidPNR-2' at '../runs/seq15ns/38-openroad-stamidpnr-2'…
Logging subprocess to [repr.filename]'../runs/seq15ns/38-openroad-stamidpnr-2/openroad-stamidpnr-2.log'[/repr.filename]…
Running 'OpenROAD.GlobalRouting' at '../runs/seq15ns/39-openroad-globalrouting'…
Logging subprocess to [repr.filename]'../runs/seq15ns/39-openroad-globalrouting/openroad-globalrouting.log'[/repr.filename]…
Running 'OpenROAD.CheckAntennas' at '../runs/seq15ns/40-openroad-checkantennas'…
Logging subprocess to [repr.filename]'../runs/seq15ns/40-openroad-checkantennas/openroad-checkantennas.log'[/repr.filename]…
Gating variable for step 'OpenROAD.RepairDesignPostGRT' set to 'False'- the step will be skipped.
Skipping step 'Repair Design (Post-Global Routing)'…
Running 'Odb.DiodesOnPorts' at '../runs/seq15ns/41-odb-diodesonports'…
'DIODE_ON_PORTS' is set to 'none': skipping 'Odb.DiodesOnPorts'…
Gating variable for step 'Odb.HeuristicDiodeInsertion' set to 'False'- the step will be skipped.
Skipping step 'Heuristic Diode Insertion'…
Running 'OpenROAD.RepairAntennas' at '../runs/seq15ns/42-openroad-repairantennas'…
Running 'OpenROAD.DiodeInsertion' at '../runs/seq15ns/42-openroad-repairantennas/1-openroad-diodeinsertion'…
Logging subprocess to [repr.filename]'../runs/seq15ns/42-openroad-repairantennas/1-openroad-diodeinsertion/openroad-diodeinsertion.log'[/repr.filename]…
Running 'OpenROAD.CheckAntennas' at '../runs/seq15ns/42-openroad-repairantennas/2-openroad-checkantennas'…
Logging subprocess to [repr.filename]'../runs/seq15ns/42-openroad-repairantennas/2-openroad-checkantennas/openroad-checkantennas.log'[/repr.filename]…
Gating variable for step 'OpenROAD.ResizerTimingPostGRT' set to 'False'- the step will be skipped.
Skipping step 'Resizer Timing Optimizations (Post-Global Routing)'…
Running 'OpenROAD.STAMidPNR-3' at '../runs/seq15ns/43-openroad-stamidpnr-3'…
Logging subprocess to [repr.filename]'../runs/seq15ns/43-openroad-stamidpnr-3/openroad-stamidpnr-3.log'[/repr.filename]…
Running 'OpenROAD.DetailedRouting' at '../runs/seq15ns/44-openroad-detailedrouting'…
Running TritonRoute with 32 threads…
Logging subprocess to [repr.filename]'../runs/seq15ns/44-openroad-detailedrouting/openroad-detailedrouting.log'[/repr.filename]…
[DRT-0349] LEF58_ENCLOSURE with no CUTCLASS is not supported. Skipping for layer Cont
[DRT-0349] LEF58_ENCLOSURE with no CUTCLASS is not supported. Skipping for layer Via1
[DRT-0349] LEF58_ENCLOSURE with no CUTCLASS is not supported. Skipping for layer Via1
[DRT-0349] LEF58_ENCLOSURE with no CUTCLASS is not supported. Skipping for layer Via2
[DRT-0349] LEF58_ENCLOSURE with no CUTCLASS is not supported. Skipping for layer Via3
[DRT-0349] LEF58_ENCLOSURE with no CUTCLASS is not supported. Skipping for layer Via4
[DRT-0349] LEF58_ENCLOSURE with no CUTCLASS is not supported. Skipping for layer TopVia1
[DRT-0349] LEF58_ENCLOSURE with no CUTCLASS is not supported. Skipping for layer TopVia1
[DRT-0349] LEF58_ENCLOSURE with no CUTCLASS is not supported. Skipping for layer TopVia2
[DRT-0349] LEF58_ENCLOSURE with no CUTCLASS is not supported. Skipping for layer TopVia2
Running 'Odb.RemoveRoutingObstructions' at '../runs/seq15ns/45-odb-removeroutingobstructions'…
'ROUTING_OBSTRUCTIONS' is not defined. Skipping 'Odb.RemoveRoutingObstructions'…
Running 'OpenROAD.CheckAntennas-1' at '../runs/seq15ns/46-openroad-checkantennas-1'…
Logging subprocess to [repr.filename]'../runs/seq15ns/46-openroad-checkantennas-1/openroad-checkantennas-1.log'[/repr.filename]…
Running 'Checker.TrDRC' at '../runs/seq15ns/47-checker-trdrc'…
Check for Routing DRC errors clear.
Running 'Odb.ReportDisconnectedPins' at '../runs/seq15ns/48-odb-reportdisconnectedpins'…
Logging subprocess to [repr.filename]'../runs/seq15ns/48-odb-reportdisconnectedpins/odb-reportdisconnectedpins.log'[/repr.filename]…
Running 'Checker.DisconnectedPins' at '../runs/seq15ns/49-checker-disconnectedpins'…
Check for critical disconnected pins clear.
Running 'Odb.ReportWireLength' at '../runs/seq15ns/50-odb-reportwirelength'…
Logging subprocess to [repr.filename]'../runs/seq15ns/50-odb-reportwirelength/odb-reportwirelength.log'[/repr.filename]…
Running 'Checker.WireLength' at '../runs/seq15ns/51-checker-wirelength'…
Threshold for Threshold-surpassing long wires is not set. The checker will be skipped.
Running 'OpenROAD.FillInsertion' at '../runs/seq15ns/52-openroad-fillinsertion'…
Logging subprocess to [repr.filename]'../runs/seq15ns/52-openroad-fillinsertion/openroad-fillinsertion.log'[/repr.filename]…
Running 'Odb.CellFrequencyTables' at '../runs/seq15ns/53-odb-cellfrequencytables'…
Logging subprocess to [repr.filename]'../runs/seq15ns/53-odb-cellfrequencytables/buffer_list.txt'[/repr.filename]…
Logging subprocess to [repr.filename]'../runs/seq15ns/53-odb-cellfrequencytables/odb-cellfrequencytables.log'[/repr.filename]…
Running 'OpenROAD.RCX' at '../runs/seq15ns/54-openroad-rcx'…
Running RCX for corners matching nom_* (/home/matthias/prog/janestreet/emulator/prototypes/deadline-sequencer/runs/seq15ns/54-openroad-rcx/nom/rcx.log)…
Logging subprocess to [repr.filename]'../runs/seq15ns/54-openroad-rcx/nom/rcx.log'[/repr.filename]…
Finished RCX for corners matching nom_*.
Running 'OpenROAD.STAPostPNR' at '../runs/seq15ns/55-openroad-stapostpnr'…
Starting STA for the nom_fast_1p32V_m40C timing corner…
Starting STA for the nom_slow_1p08V_125C timing corner…
Starting STA for the nom_typ_1p20V_25C timing corner…
Logging subprocess to [repr.filename]'../runs/seq15ns/55-openroad-stapostpnr/nom_fast_1p32V_m40C/sta.log'[/repr.filename]…
Logging subprocess to [repr.filename]'../runs/seq15ns/55-openroad-stapostpnr/nom_typ_1p20V_25C/sta.log'[/repr.filename]…
Logging subprocess to [repr.filename]'../runs/seq15ns/55-openroad-stapostpnr/nom_slow_1p08V_125C/sta.log'[/repr.filename]…
Finished STA for the nom_slow_1p08V_125C timing corner.
Finished STA for the nom_fast_1p32V_m40C timing corner.
Finished STA for the nom_typ_1p20V_25C timing corner.
Logging subprocess to [repr.filename]'../runs/seq15ns/55-openroad-stapostpnr/nom_slow_1p08V_125C/filter_unannotated.log'[/repr.filename]…
Logging subprocess to [repr.filename]'../runs/seq15ns/55-openroad-stapostpnr/nom_fast_1p32V_m40C/filter_unannotated.log'[/repr.filename]…
Logging subprocess to [repr.filename]'../runs/seq15ns/55-openroad-stapostpnr/nom_typ_1p20V_25C/filter_unannotated.log'[/repr.filename]…
Gating variable for step 'OpenROAD.IRDropReport' set to 'False'- the step will be skipped.
Skipping step 'IR Drop Report'…
Running 'Magic.StreamOut' at '../runs/seq15ns/56-magic-streamout'…
Logging subprocess to [repr.filename]'../runs/seq15ns/56-magic-streamout/magic-streamout.log'[/repr.filename]…
Running 'KLayout.StreamOut' at '../runs/seq15ns/57-klayout-streamout'…
Logging subprocess to [repr.filename]'../runs/seq15ns/57-klayout-streamout/klayout-streamout.log'[/repr.filename]…
Running 'KLayout.Render' at '../runs/seq15ns/58-klayout-render'…
Logging subprocess to [repr.filename]'../runs/seq15ns/58-klayout-render/klayout-render.log'[/repr.filename]…
Running 'Magic.WriteLEF' at '../runs/seq15ns/59-magic-writelef'…
Logging subprocess to [repr.filename]'../runs/seq15ns/59-magic-writelef/magic-writelef.log'[/repr.filename]…
Running 'Odb.CheckDesignAntennaProperties' at '../runs/seq15ns/60-odb-checkdesignantennaproperties'…
Logging subprocess to [repr.filename]'../runs/seq15ns/60-odb-checkdesignantennaproperties/odb-checkdesignantennaproperties.log'[/repr.filename]…
Gating variable for step 'KLayout.XOR' set to 'False'- the step will be skipped.
Skipping step 'KLayout vs. Magic XOR'…
Gating variable for step 'Checker.XOR' set to 'False'- the step will be skipped.
Skipping step 'XOR Difference Checker'…
Gating variable for step 'Magic.DRC' set to 'False'- the step will be skipped.
Skipping step 'DRC'…
Gating variable for step 'KLayout.DRC' set to 'False'- the step will be skipped.
Skipping step 'Design Rule Check (KLayout)'…
Gating variable for step 'Checker.MagicDRC' set to 'False'- the step will be skipped.
Skipping step 'Magic DRC Checker'…
Gating variable for step 'Checker.KLayoutDRC' set to 'False'- the step will be skipped.
Skipping step 'KLayout DRC Checker'…
Running 'Magic.SpiceExtraction' at '../runs/seq15ns/61-magic-spiceextraction'…
Logging subprocess to [repr.filename]'../runs/seq15ns/61-magic-spiceextraction/magic-spiceextraction.log'[/repr.filename]…
Running 'Checker.IllegalOverlap' at '../runs/seq15ns/62-checker-illegaloverlap'…
Check for Magic Illegal Overlap errors clear.
Gating variable for step 'Netgen.LVS' set to 'False'- the step will be skipped.
Skipping step 'Netgen LVS'…
Gating variable for step 'Checker.LVS' set to 'False'- the step will be skipped.
Skipping step 'LVS Error Checker'…
Gating variable for step 'Yosys.EQY' set to 'False'- the step will be skipped.
Skipping step 'Equivalence Check'…
Running 'Checker.SetupViolations' at '../runs/seq15ns/63-checker-setupviolations'…
No setup violations found
Running 'Checker.HoldViolations' at '../runs/seq15ns/64-checker-holdviolations'…
No hold violations found
Running 'Checker.MaxSlewViolations' at '../runs/seq15ns/65-checker-maxslewviolations'…
No max slew violations found
Running 'Checker.MaxCapViolations' at '../runs/seq15ns/66-checker-maxcapviolations'…
No max cap violations found
Running 'Misc.ReportManufacturability' at '../runs/seq15ns/67-misc-reportmanufacturability'…
'design__lvs_error__count' not reported. Netgen.LVS may have been skipped.
klayout__drc_error__count not reported. KLayout.DRC may have been skipped.
magic__drc_error__count not reported. Magic.DRC may have been skipped.
Saving views to '/home/matthias/prog/janestreet/emulator/prototypes/deadline-sequencer/runs/seq15ns/final'…
Flow complete.
