24-Sep-2026 15:34:32 | INFO    | KLayout version detected: 0.30.0
24-Sep-2026 15:34:32 | INFO    | Using DRC JSON file: /pdk/libs.tech/klayout/python/sg13g2_pycell_lib/sg13g2_tech_mod.json
24-Sep-2026 15:34:32 | INFO    | Running IHP-SG13G2 main checks on design /work/gain3t.gds, topcell: ARRAY_4x4
2026-09-24 15:34:33 +0000: Memory Usage (417944K) : Starting running IHP-SG13G2 KLayout DRC runset on /work/gain3t.gds
2026-09-24 15:34:33 +0000: Memory Usage (417944K) : Ruby Version for klayout: 3.3.8
2026-09-24 15:34:33 +0000: Memory Usage (418800K) : Loading database to memory is complete.
2026-09-24 15:34:33 +0000: Memory Usage (418800K) : IHP-SG13G2 KLayout DRC runset output at: /work/drc/run1/gain3t_ARRAY_4x4_main.lyrdb
2026-09-24 15:34:33 +0000: Memory Usage (419056K) : Evaluate switches.
2026-09-24 15:34:33 +0000: Memory Usage (419056K) : tables selected: main
2026-09-24 15:34:33 +0000: Memory Usage (419056K) : KLayout will use 32 thread(s) in tiling mode.
2026-09-24 15:34:33 +0000: Memory Usage (419056K) : flat mode is enabled.
2026-09-24 15:34:33 +0000: Memory Usage (419056K) : FEOL enabled: true
2026-09-24 15:34:33 +0000: Memory Usage (419056K) : BEOL enabled: true
2026-09-24 15:34:33 +0000: Memory Usage (419056K) : OFFGRID enabled: true
2026-09-24 15:34:33 +0000: Memory Usage (419056K) : PIN enabled: true
2026-09-24 15:34:33 +0000: Memory Usage (419056K) : FORBIDDEN enabled: true
2026-09-24 15:34:33 +0000: Memory Usage (419056K) : RECOMMENDED enabled: true
2026-09-24 15:34:33 +0000: Memory Usage (419056K) : PreCheck DRC enabled: false
2026-09-24 15:34:33 +0000: Memory Usage (419056K) : CONNECTIVITY_RULES enabled: true.
2026-09-24 15:34:33 +0000: Memory Usage (419056K) : Read in polygons from layers.
2026-09-24 15:34:33 +0000: Memory Usage (420256K) : activ_drw has 32 polygons
2026-09-24 15:34:33 +0000: Memory Usage (420256K) : activ_pin has 0 polygons
2026-09-24 15:34:33 +0000: Memory Usage (420256K) : activ_mask has 0 polygons
2026-09-24 15:34:33 +0000: Memory Usage (420256K) : activ_filler has 0 polygons
2026-09-24 15:34:33 +0000: Memory Usage (420256K) : activ_nofill has 0 polygons
2026-09-24 15:34:33 +0000: Memory Usage (420256K) : activ_opc has 0 polygons
2026-09-24 15:34:33 +0000: Memory Usage (420256K) : activ_iopc has 0 polygons
2026-09-24 15:34:33 +0000: Memory Usage (420256K) : activ_noqrc has 0 polygons
2026-09-24 15:34:33 +0000: Memory Usage (420256K) : biwind_drw has 0 polygons
2026-09-24 15:34:33 +0000: Memory Usage (420256K) : biwind_opc has 0 polygons
2026-09-24 15:34:33 +0000: Memory Usage (420256K) : pemwind_drw has 0 polygons
2026-09-24 15:34:33 +0000: Memory Usage (420256K) : gatpoly_drw has 24 polygons
2026-09-24 15:34:33 +0000: Memory Usage (420256K) : gatpoly_pin has 0 polygons
2026-09-24 15:34:33 +0000: Memory Usage (420256K) : gatpoly_filler has 0 polygons
2026-09-24 15:34:33 +0000: Memory Usage (420256K) : gatpoly_nofill has 0 polygons
2026-09-24 15:34:33 +0000: Memory Usage (420256K) : gatpoly_opc has 0 polygons
2026-09-24 15:34:33 +0000: Memory Usage (420256K) : gatpoly_iopc has 0 polygons
2026-09-24 15:34:33 +0000: Memory Usage (420256K) : gatpoly_noqrc has 0 polygons
2026-09-24 15:34:33 +0000: Memory Usage (420512K) : cont_drw has 80 polygons
2026-09-24 15:34:33 +0000: Memory Usage (420512K) : cont_opc has 0 polygons
2026-09-24 15:34:33 +0000: Memory Usage (420512K) : nsd_drw has 0 polygons
2026-09-24 15:34:33 +0000: Memory Usage (420512K) : nsd_block has 0 polygons
2026-09-24 15:34:33 +0000: Memory Usage (420768K) : metal1_drw has 64 polygons
2026-09-24 15:34:33 +0000: Memory Usage (420768K) : metal1_pin has 0 polygons
2026-09-24 15:34:33 +0000: Memory Usage (420768K) : metal1_mask has 0 polygons
2026-09-24 15:34:33 +0000: Memory Usage (420768K) : metal1_filler has 0 polygons
2026-09-24 15:34:33 +0000: Memory Usage (421024K) : metal1_nofill has 0 polygons
2026-09-24 15:34:33 +0000: Memory Usage (421024K) : metal1_slit has 0 polygons
2026-09-24 15:34:33 +0000: Memory Usage (421024K) : metal1_text has 0 polygons
2026-09-24 15:34:33 +0000: Memory Usage (421280K) : metal1_opc has 0 polygons
2026-09-24 15:34:33 +0000: Memory Usage (421280K) : metal1_noqrc has 0 polygons
2026-09-24 15:34:33 +0000: Memory Usage (421280K) : metal1_res has 0 polygons
2026-09-24 15:34:33 +0000: Memory Usage (421536K) : metal1_iprobe has 0 polygons
2026-09-24 15:34:33 +0000: Memory Usage (421536K) : metal1_diffprb has 0 polygons
2026-09-24 15:34:33 +0000: Memory Usage (421536K) : passiv_drw has 0 polygons
2026-09-24 15:34:33 +0000: Memory Usage (421536K) : passiv_pin has 0 polygons
2026-09-24 15:34:33 +0000: Memory Usage (421792K) : passiv_sbump has 0 polygons
2026-09-24 15:34:33 +0000: Memory Usage (421792K) : passiv_pillar has 0 polygons
2026-09-24 15:34:33 +0000: Memory Usage (421792K) : passiv_pdl has 0 polygons
2026-09-24 15:34:33 +0000: Memory Usage (421792K) : metal2_drw has 0 polygons
2026-09-24 15:34:33 +0000: Memory Usage (421792K) : metal2_pin has 0 polygons
2026-09-24 15:34:33 +0000: Memory Usage (421792K) : metal2_mask has 0 polygons
2026-09-24 15:34:33 +0000: Memory Usage (421792K) : metal2_filler has 0 polygons
2026-09-24 15:34:33 +0000: Memory Usage (422048K) : metal2_nofill has 0 polygons
2026-09-24 15:34:33 +0000: Memory Usage (422048K) : metal2_slit has 0 polygons
2026-09-24 15:34:33 +0000: Memory Usage (422048K) : metal2_text has 0 polygons
2026-09-24 15:34:33 +0000: Memory Usage (422304K) : metal2_opc has 0 polygons
2026-09-24 15:34:33 +0000: Memory Usage (422304K) : metal2_noqrc has 0 polygons
2026-09-24 15:34:33 +0000: Memory Usage (422304K) : metal2_res has 0 polygons
2026-09-24 15:34:33 +0000: Memory Usage (422560K) : metal2_iprobe has 0 polygons
2026-09-24 15:34:33 +0000: Memory Usage (422560K) : metal2_diffprb has 0 polygons
2026-09-24 15:34:33 +0000: Memory Usage (422816K) : baspoly_drw has 0 polygons
2026-09-24 15:34:33 +0000: Memory Usage (422816K) : baspoly_pin has 0 polygons
2026-09-24 15:34:33 +0000: Memory Usage (422816K) : psd_drw has 0 polygons
2026-09-24 15:34:33 +0000: Memory Usage (423072K) : nldb_drw has 0 polygons
2026-09-24 15:34:33 +0000: Memory Usage (423072K) : digibnd_drw has 0 polygons
2026-09-24 15:34:33 +0000: Memory Usage (423328K) : via1_drw has 0 polygons
2026-09-24 15:34:33 +0000: Memory Usage (423328K) : backmetal1_drw has 0 polygons
2026-09-24 15:34:33 +0000: Memory Usage (423328K) : backmetal1_pin has 0 polygons
2026-09-24 15:34:33 +0000: Memory Usage (423584K) : backmetal1_mask has 0 polygons
2026-09-24 15:34:33 +0000: Memory Usage (423584K) : backmetal1_filler has 0 polygons
2026-09-24 15:34:33 +0000: Memory Usage (423584K) : backmetal1_nofill has 0 polygons
2026-09-24 15:34:33 +0000: Memory Usage (423840K) : backmetal1_slit has 0 polygons
2026-09-24 15:34:33 +0000: Memory Usage (423840K) : backmetal1_text has 0 polygons
2026-09-24 15:34:33 +0000: Memory Usage (423840K) : backmetal1_opc has 0 polygons
2026-09-24 15:34:33 +0000: Memory Usage (424096K) : backmetal1_noqrc has 0 polygons
2026-09-24 15:34:33 +0000: Memory Usage (424096K) : backmetal1_res has 0 polygons
2026-09-24 15:34:33 +0000: Memory Usage (424096K) : backmetal1_iprobe has 0 polygons
2026-09-24 15:34:33 +0000: Memory Usage (424352K) : backmetal1_diffprb has 0 polygons
2026-09-24 15:34:33 +0000: Memory Usage (424352K) : backpassiv_drw has 0 polygons
2026-09-24 15:34:33 +0000: Memory Usage (424352K) : res_drw has 0 polygons
2026-09-24 15:34:33 +0000: Memory Usage (424608K) : sram_drw has 0 polygons
2026-09-24 15:34:33 +0000: Memory Usage (424608K) : trans_drw has 0 polygons
2026-09-24 15:34:33 +0000: Memory Usage (424864K) : ind_drw has 0 polygons
2026-09-24 15:34:33 +0000: Memory Usage (424864K) : ind_pin has 0 polygons
2026-09-24 15:34:33 +0000: Memory Usage (424864K) : ind_text has 0 polygons
2026-09-24 15:34:33 +0000: Memory Usage (425120K) : salblock_drw has 0 polygons
2026-09-24 15:34:33 +0000: Memory Usage (425120K) : via2_drw has 0 polygons
2026-09-24 15:34:33 +0000: Memory Usage (425120K) : metal3_drw has 0 polygons
2026-09-24 15:34:33 +0000: Memory Usage (425376K) : metal3_pin has 0 polygons
2026-09-24 15:34:33 +0000: Memory Usage (425376K) : metal3_mask has 0 polygons
2026-09-24 15:34:33 +0000: Memory Usage (425632K) : metal3_filler has 0 polygons
2026-09-24 15:34:33 +0000: Memory Usage (425632K) : metal3_nofill has 0 polygons
2026-09-24 15:34:33 +0000: Memory Usage (425632K) : metal3_slit has 0 polygons
2026-09-24 15:34:33 +0000: Memory Usage (425632K) : metal3_text has 0 polygons
2026-09-24 15:34:33 +0000: Memory Usage (425888K) : metal3_opc has 0 polygons
2026-09-24 15:34:33 +0000: Memory Usage (425888K) : metal3_noqrc has 0 polygons
2026-09-24 15:34:33 +0000: Memory Usage (426144K) : metal3_res has 0 polygons
2026-09-24 15:34:33 +0000: Memory Usage (426144K) : metal3_iprobe has 0 polygons
2026-09-24 15:34:33 +0000: Memory Usage (426144K) : metal3_diffprb has 0 polygons
2026-09-24 15:34:33 +0000: Memory Usage (426400K) : nwell_drw has 0 polygons
2026-09-24 15:34:33 +0000: Memory Usage (426400K) : nwell_pin has 0 polygons
2026-09-24 15:34:33 +0000: Memory Usage (426400K) : nbulay_drw has 0 polygons
2026-09-24 15:34:33 +0000: Memory Usage (426400K) : nbulay_pin has 0 polygons
2026-09-24 15:34:33 +0000: Memory Usage (426400K) : nbulay_block has 0 polygons
2026-09-24 15:34:33 +0000: Memory Usage (426400K) : emwind_drw has 0 polygons
2026-09-24 15:34:33 +0000: Memory Usage (426400K) : emwind_opc has 0 polygons
2026-09-24 15:34:33 +0000: Memory Usage (426400K) : deepco_drw has 0 polygons
2026-09-24 15:34:33 +0000: Memory Usage (426400K) : deepco_drw has 0 polygons
2026-09-24 15:34:33 +0000: Memory Usage (426400K) : mim_drw has 0 polygons
2026-09-24 15:34:33 +0000: Memory Usage (426400K) : edgeseal_drw has 0 polygons
2026-09-24 15:34:33 +0000: Memory Usage (426400K) : edgeseal_bound has 0 polygons
2026-09-24 15:34:33 +0000: Memory Usage (426400K) : substrate_drw has 0 polygons
2026-09-24 15:34:33 +0000: Memory Usage (426400K) : substrate_text has 0 polygons
2026-09-24 15:34:33 +0000: Memory Usage (426400K) : dfpad_drw has 0 polygons
2026-09-24 15:34:33 +0000: Memory Usage (426400K) : dfpad_pillar has 0 polygons
2026-09-24 15:34:33 +0000: Memory Usage (426400K) : dfpad_sbump has 0 polygons
2026-09-24 15:34:33 +0000: Memory Usage (426400K) : thickgateox_drw has 0 polygons
2026-09-24 15:34:33 +0000: Memory Usage (426400K) : pldb_drw has 0 polygons
2026-09-24 15:34:33 +0000: Memory Usage (426400K) : pwell_drw has 0 polygons
2026-09-24 15:34:33 +0000: Memory Usage (426400K) : pwell_pin has 0 polygons
2026-09-24 15:34:33 +0000: Memory Usage (426400K) : pwell_block has 0 polygons
2026-09-24 15:34:33 +0000: Memory Usage (426400K) : ic_drw has 0 polygons
2026-09-24 15:34:33 +0000: Memory Usage (426400K) : via3_drw has 0 polygons
2026-09-24 15:34:33 +0000: Memory Usage (426400K) : metal4_drw has 0 polygons
2026-09-24 15:34:33 +0000: Memory Usage (426400K) : metal4_pin has 0 polygons
2026-09-24 15:34:33 +0000: Memory Usage (426400K) : metal4_mask has 0 polygons
2026-09-24 15:34:33 +0000: Memory Usage (426400K) : metal4_filler has 0 polygons
2026-09-24 15:34:33 +0000: Memory Usage (426400K) : metal4_nofill has 0 polygons
2026-09-24 15:34:33 +0000: Memory Usage (426400K) : metal4_slit has 0 polygons
2026-09-24 15:34:33 +0000: Memory Usage (426400K) : metal4_text has 0 polygons
2026-09-24 15:34:33 +0000: Memory Usage (426400K) : metal4_opc has 0 polygons
2026-09-24 15:34:33 +0000: Memory Usage (426400K) : metal4_noqrc has 0 polygons
2026-09-24 15:34:33 +0000: Memory Usage (426400K) : metal4_res has 0 polygons
2026-09-24 15:34:33 +0000: Memory Usage (426400K) : metal4_iprobe has 0 polygons
2026-09-24 15:34:33 +0000: Memory Usage (426656K) : metal4_diffprb has 0 polygons
2026-09-24 15:34:33 +0000: Memory Usage (426656K) : heattrans_drw has 0 polygons
2026-09-24 15:34:33 +0000: Memory Usage (426656K) : heatres_drw has 0 polygons
2026-09-24 15:34:33 +0000: Memory Usage (426912K) : pempoly_drw has 0 polygons
2026-09-24 15:34:33 +0000: Memory Usage (426912K) : fbe_drw has 0 polygons
2026-09-24 15:34:33 +0000: Memory Usage (426912K) : empoly_drw has 0 polygons
2026-09-24 15:34:33 +0000: Memory Usage (427168K) : ldmos_drw has 0 polygons
2026-09-24 15:34:33 +0000: Memory Usage (427168K) : pbiwind_drw has 0 polygons
2026-09-24 15:34:33 +0000: Memory Usage (427424K) : digisub_drw has 0 polygons
2026-09-24 15:34:33 +0000: Memory Usage (427424K) : nodrc_drw has 0 polygons
2026-09-24 15:34:33 +0000: Memory Usage (427424K) : text_drw has 0 polygons
2026-09-24 15:34:33 +0000: Memory Usage (427680K) : via4_drw has 0 polygons
2026-09-24 15:34:33 +0000: Memory Usage (427680K) : metal5_drw has 0 polygons
2026-09-24 15:34:33 +0000: Memory Usage (427680K) : metal5_pin has 0 polygons
2026-09-24 15:34:33 +0000: Memory Usage (427936K) : metal5_mask has 0 polygons
2026-09-24 15:34:33 +0000: Memory Usage (427936K) : metal5_filler has 0 polygons
2026-09-24 15:34:33 +0000: Memory Usage (428192K) : metal5_nofill has 0 polygons
2026-09-24 15:34:33 +0000: Memory Usage (428192K) : metal5_slit has 0 polygons
2026-09-24 15:34:33 +0000: Memory Usage (428192K) : metal5_text has 0 polygons
2026-09-24 15:34:33 +0000: Memory Usage (428192K) : metal5_opc has 0 polygons
2026-09-24 15:34:33 +0000: Memory Usage (428192K) : metal5_noqrc has 0 polygons
2026-09-24 15:34:33 +0000: Memory Usage (428192K) : metal5_res has 0 polygons
2026-09-24 15:34:33 +0000: Memory Usage (428192K) : metal5_iprobe has 0 polygons
2026-09-24 15:34:33 +0000: Memory Usage (428192K) : metal5_diffprb has 0 polygons
2026-09-24 15:34:33 +0000: Memory Usage (428192K) : radhard_drw has 0 polygons
2026-09-24 15:34:33 +0000: Memory Usage (428192K) : memcap_drw has 0 polygons
2026-09-24 15:34:33 +0000: Memory Usage (428192K) : varicap_drw has 0 polygons
2026-09-24 15:34:33 +0000: Memory Usage (428192K) : flash_drw has 0 polygons
2026-09-24 15:34:33 +0000: Memory Usage (428192K) : intbondvia_drw has 0 polygons
2026-09-24 15:34:33 +0000: Memory Usage (428192K) : intbondmet_drw has 0 polygons
2026-09-24 15:34:33 +0000: Memory Usage (428192K) : devbondvia_drw has 0 polygons
2026-09-24 15:34:33 +0000: Memory Usage (428192K) : devbondmet_drw has 0 polygons
2026-09-24 15:34:33 +0000: Memory Usage (428192K) : devtrench_drw has 0 polygons
2026-09-24 15:34:33 +0000: Memory Usage (428192K) : redist_drw has 0 polygons
2026-09-24 15:34:33 +0000: Memory Usage (428192K) : graphbot_drw has 0 polygons
2026-09-24 15:34:33 +0000: Memory Usage (428192K) : graphtop_drw has 0 polygons
2026-09-24 15:34:33 +0000: Memory Usage (428192K) : antvia1_drw has 0 polygons
2026-09-24 15:34:33 +0000: Memory Usage (428192K) : antmetal2_drw has 0 polygons
2026-09-24 15:34:33 +0000: Memory Usage (428192K) : graphcont_drw has 0 polygons
2026-09-24 15:34:33 +0000: Memory Usage (428192K) : siwg_drw has 0 polygons
2026-09-24 15:34:33 +0000: Memory Usage (428192K) : siwg_filler has 0 polygons
2026-09-24 15:34:33 +0000: Memory Usage (428192K) : siwg_nofill has 0 polygons
2026-09-24 15:34:33 +0000: Memory Usage (428192K) : sigrating_drw has 0 polygons
2026-09-24 15:34:33 +0000: Memory Usage (428192K) : singrating_drw has 0 polygons
2026-09-24 15:34:33 +0000: Memory Usage (428192K) : graphpas_drw has 0 polygons
2026-09-24 15:34:33 +0000: Memory Usage (428192K) : emwind3_drw has 0 polygons
2026-09-24 15:34:33 +0000: Memory Usage (428192K) : emwihv3_drw has 0 polygons
2026-09-24 15:34:33 +0000: Memory Usage (428192K) : redbulay_drw has 0 polygons
2026-09-24 15:34:33 +0000: Memory Usage (428192K) : smos_drw has 0 polygons
2026-09-24 15:34:33 +0000: Memory Usage (428192K) : graphpad_drw has 0 polygons
2026-09-24 15:34:33 +0000: Memory Usage (428192K) : polimide_drw has 0 polygons
2026-09-24 15:34:33 +0000: Memory Usage (428192K) : polimide_pin has 0 polygons
2026-09-24 15:34:33 +0000: Memory Usage (428192K) : recog_drw has 0 polygons
2026-09-24 15:34:33 +0000: Memory Usage (428192K) : recog_pin has 0 polygons
2026-09-24 15:34:33 +0000: Memory Usage (428192K) : recog_esd has 0 polygons
2026-09-24 15:34:33 +0000: Memory Usage (428192K) : recog_diode has 0 polygons
2026-09-24 15:34:33 +0000: Memory Usage (428448K) : recog_tsv has 0 polygons
2026-09-24 15:34:33 +0000: Memory Usage (428448K) : recog_iprobe has 0 polygons
2026-09-24 15:34:33 +0000: Memory Usage (428448K) : recog_diffprb has 0 polygons
2026-09-24 15:34:33 +0000: Memory Usage (428448K) : recog_pillar has 0 polygons
2026-09-24 15:34:33 +0000: Memory Usage (428448K) : recog_sbump has 0 polygons
2026-09-24 15:34:33 +0000: Memory Usage (428448K) : recog_otp has 0 polygons
2026-09-24 15:34:33 +0000: Memory Usage (428448K) : recog_pdiode has 0 polygons
2026-09-24 15:34:33 +0000: Memory Usage (428448K) : recog_mom has 0 polygons
2026-09-24 15:34:33 +0000: Memory Usage (428448K) : recog_pcm has 0 polygons
2026-09-24 15:34:33 +0000: Memory Usage (428448K) : colopen_drw has 0 polygons
2026-09-24 15:34:33 +0000: Memory Usage (428448K) : graphmetal1_drw has 0 polygons
2026-09-24 15:34:33 +0000: Memory Usage (428448K) : graphmetal1_filler has 0 polygons
2026-09-24 15:34:33 +0000: Memory Usage (428448K) : graphmetal1_nofill has 0 polygons
2026-09-24 15:34:33 +0000: Memory Usage (428448K) : graphmetal1_slit has 0 polygons
2026-09-24 15:34:33 +0000: Memory Usage (428448K) : graphmetal1_opc has 0 polygons
2026-09-24 15:34:33 +0000: Memory Usage (428448K) : graphmet1l_drw has 0 polygons
2026-09-24 15:34:33 +0000: Memory Usage (428448K) : graphmet1l_filler has 0 polygons
2026-09-24 15:34:33 +0000: Memory Usage (428448K) : graphmet1l_nofill has 0 polygons
2026-09-24 15:34:33 +0000: Memory Usage (428448K) : graphmet1l_slit has 0 polygons
2026-09-24 15:34:33 +0000: Memory Usage (428448K) : graphmet1l_opc has 0 polygons
2026-09-24 15:34:33 +0000: Memory Usage (428448K) : extblock_drw has 0 polygons
2026-09-24 15:34:33 +0000: Memory Usage (428448K) : nldd_drw has 0 polygons
2026-09-24 15:34:33 +0000: Memory Usage (428448K) : pldd_drw has 0 polygons
2026-09-24 15:34:33 +0000: Memory Usage (428448K) : next_drw has 0 polygons
2026-09-24 15:34:33 +0000: Memory Usage (428448K) : pext_drw has 0 polygons
2026-09-24 15:34:33 +0000: Memory Usage (428448K) : nexthv_drw has 0 polygons
2026-09-24 15:34:33 +0000: Memory Usage (428448K) : pexthv_drw has 0 polygons
2026-09-24 15:34:33 +0000: Memory Usage (428448K) : graphgate_drw has 0 polygons
2026-09-24 15:34:33 +0000: Memory Usage (428448K) : sinwg_drw has 0 polygons
2026-09-24 15:34:33 +0000: Memory Usage (428448K) : sinwg_filler has 0 polygons
2026-09-24 15:34:33 +0000: Memory Usage (428448K) : sinwg_nofill has 0 polygons
2026-09-24 15:34:33 +0000: Memory Usage (428448K) : mempad_drw has 0 polygons
2026-09-24 15:34:33 +0000: Memory Usage (428448K) : topvia1_drw has 0 polygons
2026-09-24 15:34:33 +0000: Memory Usage (428448K) : topmetal1_drw has 0 polygons
2026-09-24 15:34:33 +0000: Memory Usage (428448K) : topmetal1_pin has 0 polygons
2026-09-24 15:34:33 +0000: Memory Usage (428448K) : topmetal1_mask has 0 polygons
2026-09-24 15:34:33 +0000: Memory Usage (428448K) : topmetal1_filler has 0 polygons
2026-09-24 15:34:33 +0000: Memory Usage (428448K) : topmetal1_nofill has 0 polygons
2026-09-24 15:34:33 +0000: Memory Usage (428448K) : topmetal1_slit has 0 polygons
2026-09-24 15:34:33 +0000: Memory Usage (428448K) : topmetal1_text has 0 polygons
2026-09-24 15:34:33 +0000: Memory Usage (428448K) : topmetal1_noqrc has 0 polygons
2026-09-24 15:34:33 +0000: Memory Usage (428448K) : topmetal1_res has 0 polygons
2026-09-24 15:34:33 +0000: Memory Usage (428448K) : topmetal1_iprobe has 0 polygons
2026-09-24 15:34:33 +0000: Memory Usage (428448K) : topmetal1_diffprb has 0 polygons
2026-09-24 15:34:33 +0000: Memory Usage (428448K) : inldpwl_drw has 0 polygons
2026-09-24 15:34:33 +0000: Memory Usage (428448K) : polyres_drw has 0 polygons
2026-09-24 15:34:33 +0000: Memory Usage (428448K) : polyres_pin has 0 polygons
2026-09-24 15:34:33 +0000: Memory Usage (428448K) : vmim_drw has 0 polygons
2026-09-24 15:34:33 +0000: Memory Usage (428448K) : nbulaycut_drw has 0 polygons
2026-09-24 15:34:33 +0000: Memory Usage (428448K) : antmetal1_drw has 0 polygons
2026-09-24 15:34:33 +0000: Memory Usage (428448K) : topvia2_drw has 0 polygons
2026-09-24 15:34:33 +0000: Memory Usage (428448K) : topmetal2_drw has 0 polygons
2026-09-24 15:34:33 +0000: Memory Usage (428448K) : topmetal2_pin has 0 polygons
2026-09-24 15:34:33 +0000: Memory Usage (428448K) : topmetal2_mask has 0 polygons
2026-09-24 15:34:33 +0000: Memory Usage (428448K) : topmetal2_filler has 0 polygons
2026-09-24 15:34:33 +0000: Memory Usage (428448K) : topmetal2_nofill has 0 polygons
2026-09-24 15:34:33 +0000: Memory Usage (428448K) : topmetal2_slit has 0 polygons
2026-09-24 15:34:33 +0000: Memory Usage (428448K) : topmetal2_text has 0 polygons
2026-09-24 15:34:33 +0000: Memory Usage (428448K) : topmetal2_noqrc has 0 polygons
2026-09-24 15:34:33 +0000: Memory Usage (428448K) : topmetal2_res has 0 polygons
2026-09-24 15:34:33 +0000: Memory Usage (428448K) : topmetal2_iprobe has 0 polygons
2026-09-24 15:34:33 +0000: Memory Usage (428448K) : topmetal2_diffprb has 0 polygons
2026-09-24 15:34:33 +0000: Memory Usage (428448K) : snsring_drw has 0 polygons
2026-09-24 15:34:33 +0000: Memory Usage (428448K) : sensor_drw has 0 polygons
2026-09-24 15:34:33 +0000: Memory Usage (428448K) : snsarms_drw has 0 polygons
2026-09-24 15:34:33 +0000: Memory Usage (428448K) : snscmosvia_drw has 0 polygons
2026-09-24 15:34:33 +0000: Memory Usage (428448K) : colwind_drw has 0 polygons
2026-09-24 15:34:33 +0000: Memory Usage (428448K) : flm_drw has 0 polygons
2026-09-24 15:34:33 +0000: Memory Usage (428448K) : hafniumox_drw has 0 polygons
2026-09-24 15:34:33 +0000: Memory Usage (428448K) : memvia_drw has 0 polygons
2026-09-24 15:34:33 +0000: Memory Usage (428448K) : thinfilmres_drw has 0 polygons
2026-09-24 15:34:33 +0000: Memory Usage (428448K) : rfmem_drw has 0 polygons
2026-09-24 15:34:33 +0000: Memory Usage (428448K) : norcx_drw has 0 polygons
2026-09-24 15:34:33 +0000: Memory Usage (428448K) : norcx_m2m3 has 0 polygons
2026-09-24 15:34:33 +0000: Memory Usage (428448K) : norcx_m2m4 has 0 polygons
2026-09-24 15:34:33 +0000: Memory Usage (428448K) : norcx_m2m5 has 0 polygons
2026-09-24 15:34:33 +0000: Memory Usage (428448K) : norcx_m2tm1 has 0 polygons
2026-09-24 15:34:33 +0000: Memory Usage (428448K) : norcx_m2tm2 has 0 polygons
2026-09-24 15:34:33 +0000: Memory Usage (428448K) : norcx_m3m4 has 0 polygons
2026-09-24 15:34:33 +0000: Memory Usage (428448K) : norcx_m3m5 has 0 polygons
2026-09-24 15:34:33 +0000: Memory Usage (428448K) : norcx_m3tm1 has 0 polygons
2026-09-24 15:34:33 +0000: Memory Usage (428448K) : norcx_m3tm2 has 0 polygons
2026-09-24 15:34:33 +0000: Memory Usage (428448K) : norcx_m4m5 has 0 polygons
2026-09-24 15:34:33 +0000: Memory Usage (428448K) : norcx_m4tm1 has 0 polygons
2026-09-24 15:34:33 +0000: Memory Usage (428448K) : norcx_m4tm2 has 0 polygons
2026-09-24 15:34:33 +0000: Memory Usage (428448K) : norcx_m5tm1 has 0 polygons
2026-09-24 15:34:33 +0000: Memory Usage (428448K) : norcx_m5tm2 has 0 polygons
2026-09-24 15:34:33 +0000: Memory Usage (428448K) : norcx_tm1tm2 has 0 polygons
2026-09-24 15:34:33 +0000: Memory Usage (428448K) : norcx_m1sub has 0 polygons
2026-09-24 15:34:33 +0000: Memory Usage (428448K) : norcx_m2sub has 0 polygons
2026-09-24 15:34:33 +0000: Memory Usage (428448K) : norcx_m3sub has 0 polygons
2026-09-24 15:34:33 +0000: Memory Usage (428448K) : norcx_m4sub has 0 polygons
2026-09-24 15:34:33 +0000: Memory Usage (428448K) : norcx_m5sub has 0 polygons
2026-09-24 15:34:33 +0000: Memory Usage (428448K) : norcx_tm1sub has 0 polygons
2026-09-24 15:34:33 +0000: Memory Usage (428448K) : norcx_tm2sub has 0 polygons
2026-09-24 15:34:33 +0000: Memory Usage (428448K) : snsbotvia_drw has 0 polygons
2026-09-24 15:34:33 +0000: Memory Usage (428448K) : snstopvia_drw has 0 polygons
2026-09-24 15:34:33 +0000: Memory Usage (428448K) : deepvia_drw has 0 polygons
2026-09-24 15:34:33 +0000: Memory Usage (428448K) : fgetch_drw has 0 polygons
2026-09-24 15:34:33 +0000: Memory Usage (428448K) : ctrgat_drw has 0 polygons
2026-09-24 15:34:33 +0000: Memory Usage (428448K) : fgimp_drw has 0 polygons
2026-09-24 15:34:33 +0000: Memory Usage (428448K) : emwihv_drw has 0 polygons
2026-09-24 15:34:33 +0000: Memory Usage (428448K) : lbe_drw has 0 polygons
2026-09-24 15:34:33 +0000: Memory Usage (428448K) : alcustop_drw has 0 polygons
2026-09-24 15:34:33 +0000: Memory Usage (428448K) : nometfiller_drw has 0 polygons
2026-09-24 15:34:33 +0000: Memory Usage (428448K) : prboundary_drw has 0 polygons
2026-09-24 15:34:33 +0000: Memory Usage (428448K) : exchange0_drw has 0 polygons
2026-09-24 15:34:33 +0000: Memory Usage (428448K) : exchange0_pin has 0 polygons
2026-09-24 15:34:33 +0000: Memory Usage (428448K) : exchange0_text has 0 polygons
2026-09-24 15:34:33 +0000: Memory Usage (428448K) : exchange1_drw has 0 polygons
2026-09-24 15:34:33 +0000: Memory Usage (428448K) : exchange1_pin has 0 polygons
2026-09-24 15:34:33 +0000: Memory Usage (428448K) : exchange1_text has 0 polygons
2026-09-24 15:34:33 +0000: Memory Usage (428448K) : exchange2_drw has 0 polygons
2026-09-24 15:34:33 +0000: Memory Usage (428448K) : exchange2_pin has 0 polygons
2026-09-24 15:34:33 +0000: Memory Usage (428448K) : exchange2_text has 0 polygons
2026-09-24 15:34:33 +0000: Memory Usage (428448K) : exchange3_drw has 0 polygons
2026-09-24 15:34:33 +0000: Memory Usage (428448K) : exchange3_pin has 0 polygons
2026-09-24 15:34:33 +0000: Memory Usage (428448K) : exchange3_text has 0 polygons
2026-09-24 15:34:33 +0000: Memory Usage (428448K) : exchange4_drw has 0 polygons
2026-09-24 15:34:33 +0000: Memory Usage (428448K) : exchange4_pin has 0 polygons
2026-09-24 15:34:33 +0000: Memory Usage (428448K) : exchange4_text has 0 polygons
2026-09-24 15:34:33 +0000: Memory Usage (428448K) : isonwell_drw has 0 polygons
2026-09-24 15:34:33 +0000: Memory Usage (428448K) : Total no. of polygons in the design is 200
2026-09-24 15:34:33 +0000: Memory Usage (428448K) : Loaded TECH DRC rules values from /pdk/libs.tech/klayout/python/sg13g2_pycell_lib/sg13g2_tech_mod.json
2026-09-24 15:34:33 +0000: Memory Usage (428448K) : Loaded default DRC rules values from /pdk/libs.tech/klayout/tech/drc/rule_decks/sg13g2_tech_default.json
2026-09-24 15:34:33 +0000: Memory Usage (428448K) : The following rules values were missing in tech json and default values were used:
2026-09-24 15:34:33 +0000: Memory Usage (428448K) :   - Cnt_c_digibnd
2026-09-24 15:34:33 +0000: Memory Usage (428448K) : Total area of the design is 32.5159 um^2.
2026-09-24 15:34:33 +0000: Memory Usage (428448K) : The design dimensions are 5.27 µm * 6.17 µm.
2026-09-24 15:34:33 +0000: Memory Usage (428448K) : Starting general IHP-SG13G2 derivations.
2026-09-24 15:34:33 +0000: Memory Usage (428448K) : Starting Pwell derivations
2026-09-24 15:34:33 +0000: Memory Usage (428448K) : Starting n-Activ derivations
2026-09-24 15:34:33 +0000: Memory Usage (428448K) : Starting p-Activ derivations
2026-09-24 15:34:33 +0000: Memory Usage (428448K) : Starting ptap derivations
2026-09-24 15:34:33 +0000: Memory Usage (428448K) : Starting ntap derivations
2026-09-24 15:34:33 +0000: Memory Usage (428448K) : Starting pact FET derivations
2026-09-24 15:34:33 +0000: Memory Usage (428448K) : Starting nact FET derivations
2026-09-24 15:34:33 +0000: Memory Usage (428704K) : Starting Gate derivations
2026-09-24 15:34:33 +0000: Memory Usage (428704K) : Starting cont/contbar general derivations
2026-09-24 15:34:33 +0000: Memory Usage (428704K) : Starting pad general derivations
2026-09-24 15:34:33 +0000: Memory Usage (428704K) : Starting IHP-SG13G2 DRC connectivity related derivations.
2026-09-24 15:34:33 +0000: Memory Usage (428704K) : Starting IHP-SG13G2 DRC connectivity setup
2026-09-24 15:34:33 +0000: Memory Usage (430076K) : Starting IHP-SG13G2 DRC rules.
2026-09-24 15:34:33 +0000: Memory Usage (430076K) : Running all FEOL rules
2026-09-24 15:34:33 +0000: Memory Usage (430076K) : Running all BEOL rules
2026-09-24 15:34:33 +0000: Memory Usage (430076K) : Running all PIN rules
2026-09-24 15:34:33 +0000: Memory Usage (430076K) : Running all FORBIDDEN rules
2026-09-24 15:34:33 +0000: Memory Usage (430076K) : Starting 5.1 NWell table
2026-09-24 15:34:33 +0000: Memory Usage (430076K) : Executing rule NW.b
2026-09-24 15:34:33 +0000: Memory Usage (430344K) : Executing rule NW.b1
2026-09-24 15:34:33 +0000: Memory Usage (430344K) : Starting 5.2 PWell:block
2026-09-24 15:34:33 +0000: Memory Usage (430344K) : Executing rule PWB.e
2026-09-24 15:34:33 +0000: Memory Usage (430344K) : Executing rule PWB.e1
2026-09-24 15:34:33 +0000: Memory Usage (430344K) : Executing rule PWB.f
2026-09-24 15:34:33 +0000: Memory Usage (430344K) : Executing rule PWB.f1
2026-09-24 15:34:33 +0000: Memory Usage (430344K) : Starting 5.3 nBuLay table
2026-09-24 15:34:33 +0000: Memory Usage (430344K) : Executing rule NBL.b
2026-09-24 15:34:33 +0000: Memory Usage (430344K) : Executing rule NBL.c
2026-09-24 15:34:33 +0000: Memory Usage (430344K) : Executing rule NBL.d
2026-09-24 15:34:33 +0000: Memory Usage (430344K) : Executing rule NBL.e
2026-09-24 15:34:33 +0000: Memory Usage (430344K) : Executing rule NBL.f
2026-09-24 15:34:33 +0000: Memory Usage (430344K) : Starting 5.5. Activ table
2026-09-24 15:34:33 +0000: Memory Usage (430344K) : Executing rule Act.a
2026-09-24 15:34:33 +0000: Memory Usage (430344K) : Executing rule Act.b
2026-09-24 15:34:33 +0000: Memory Usage (431436K) : Starting 5.6 Activ:filler table
2026-09-24 15:34:33 +0000: Memory Usage (431436K) : Executing rule AFil.c1
2026-09-24 15:34:33 +0000: Memory Usage (431436K) : Executing rule AFil.c
2026-09-24 15:34:33 +0000: Memory Usage (431436K) : Executing rule AFil.d
2026-09-24 15:34:33 +0000: Memory Usage (431436K) : Executing rule AFil.e
2026-09-24 15:34:33 +0000: Memory Usage (431436K) : Executing rule AFil.j
2026-09-24 15:34:33 +0000: Memory Usage (431436K) : Starting 5.7. ThickGateOx table
2026-09-24 15:34:33 +0000: Memory Usage (431436K) : Executing rule TGO.f
2026-09-24 15:34:33 +0000: Memory Usage (431436K) : Starting 5.8. GatPoly table
2026-09-24 15:34:33 +0000: Memory Usage (431436K) : Executing rule Gat.a
2026-09-24 15:34:33 +0000: Memory Usage (431436K) : Executing rule Gat.b
2026-09-24 15:34:33 +0000: Memory Usage (431436K) : Executing rule Gat.d
2026-09-24 15:34:33 +0000: Memory Usage (431436K) : Executing rule Gat.a1
2026-09-24 15:34:33 +0000: Memory Usage (431436K) : Executing rule Gat.a2
2026-09-24 15:34:33 +0000: Memory Usage (431436K) : Executing rule Gat.g
2026-09-24 15:34:33 +0000: Memory Usage (431436K) : Starting 5.9 GatPoly:filler
2026-09-24 15:34:33 +0000: Memory Usage (431436K) : Executing rule GFil.d
2026-09-24 15:34:33 +0000: Memory Usage (431436K) : Executing rule GFil.e
2026-09-24 15:34:33 +0000: Memory Usage (431436K) : Executing rule GFil.i
2026-09-24 15:34:33 +0000: Memory Usage (431436K) : Starting 5.10 pSD table
2026-09-24 15:34:33 +0000: Memory Usage (431436K) : Executing rule pSD.c1
2026-09-24 15:34:33 +0000: Memory Usage (431436K) : Starting 5.14. Cont table
2026-09-24 15:34:33 +0000: Memory Usage (431436K) : Executing rule Cnt.a
2026-09-24 15:34:33 +0000: Memory Usage (431436K) : Executing rule Cnt.b
2026-09-24 15:34:33 +0000: Memory Usage (431436K) : Executing rule Cnt.c
2026-09-24 15:34:33 +0000: Memory Usage (431436K) : Executing rule Cnt.c
2026-09-24 15:34:33 +0000: Memory Usage (431436K) : Executing rule Cnt.d
2026-09-24 15:34:33 +0000: Memory Usage (431436K) : Executing rule Cnt.e
2026-09-24 15:34:33 +0000: Memory Usage (431436K) : Executing rule Cnt.g1
2026-09-24 15:34:33 +0000: Memory Usage (431436K) : Executing rule Cnt.g2
2026-09-24 15:34:33 +0000: Memory Usage (431436K) : Starting 5.15. ContBar table
2026-09-24 15:34:33 +0000: Memory Usage (431436K) : Executing rule CntB.b1
2026-09-24 15:34:33 +0000: Memory Usage (431436K) : Executing rule CntB.h1
2026-09-24 15:34:33 +0000: Memory Usage (431436K) : Starting 6.1.3 NPN Substrate-Tie table
2026-09-24 15:34:33 +0000: Memory Usage (431436K) : Executing rule npn13G2.bR 
2026-09-24 15:34:33 +0000: Memory Usage (431436K) : Executing rule npn13G2L.cR 
2026-09-24 15:34:33 +0000: Memory Usage (431436K) : Executing rule npn13G2V.cR 
2026-09-24 15:34:34 +0000: Memory Usage (431436K) : Starting 6.7 Schottky diode table
2026-09-24 15:34:34 +0000: Memory Usage (431436K) : Executing rule Sdiod.d
2026-09-24 15:34:34 +0000: Memory Usage (431436K) : Executing rule Sdiod.e
2026-09-24 15:34:34 +0000: Memory Usage (431436K) : Starting 7.2 Latch-up table
2026-09-24 15:34:34 +0000: Memory Usage (431436K) : Executing rule LU.b
2026-09-24 15:34:34 +0000: Memory Usage (432204K) : Starting 5.16. Metal1 table
2026-09-24 15:34:34 +0000: Memory Usage (432204K) : Executing rule M1.a
2026-09-24 15:34:34 +0000: Memory Usage (432204K) : Executing rule M1.b
2026-09-24 15:34:34 +0000: Memory Usage (432204K) : Executing rule M1.e
2026-09-24 15:34:34 +0000: Memory Usage (432468K) : Executing rule M1.f
2026-09-24 15:34:34 +0000: Memory Usage (432468K) : Executing rule M1.g
2026-09-24 15:34:34 +0000: Memory Usage (432468K) : Executing rule M1.i
2026-09-24 15:34:34 +0000: Memory Usage (432468K) : Starting 5.17 Metaln table
2026-09-24 15:34:34 +0000: Memory Usage (432468K) : Executing rule M2.a
2026-09-24 15:34:34 +0000: Memory Usage (432468K) : Executing rule M2.b
2026-09-24 15:34:34 +0000: Memory Usage (432468K) : Executing rule M2.e
2026-09-24 15:34:34 +0000: Memory Usage (432468K) : Executing rule M2.f
2026-09-24 15:34:34 +0000: Memory Usage (432468K) : Executing rule M2.g
2026-09-24 15:34:34 +0000: Memory Usage (432468K) : Executing rule M2.i
2026-09-24 15:34:34 +0000: Memory Usage (432468K) : Executing rule M3.a
2026-09-24 15:34:34 +0000: Memory Usage (432468K) : Executing rule M3.b
2026-09-24 15:34:34 +0000: Memory Usage (432468K) : Executing rule M3.e
2026-09-24 15:34:34 +0000: Memory Usage (432468K) : Executing rule M3.f
2026-09-24 15:34:34 +0000: Memory Usage (432468K) : Executing rule M3.g
2026-09-24 15:34:34 +0000: Memory Usage (432468K) : Executing rule M3.i
2026-09-24 15:34:34 +0000: Memory Usage (432468K) : Executing rule M4.a
2026-09-24 15:34:34 +0000: Memory Usage (432468K) : Executing rule M4.b
2026-09-24 15:34:34 +0000: Memory Usage (432468K) : Executing rule M4.e
2026-09-24 15:34:34 +0000: Memory Usage (432468K) : Executing rule M4.f
2026-09-24 15:34:34 +0000: Memory Usage (432468K) : Executing rule M4.g
2026-09-24 15:34:34 +0000: Memory Usage (432468K) : Executing rule M4.i
2026-09-24 15:34:34 +0000: Memory Usage (432468K) : Executing rule M5.a
2026-09-24 15:34:34 +0000: Memory Usage (432468K) : Executing rule M5.b
2026-09-24 15:34:34 +0000: Memory Usage (432468K) : Executing rule M5.e
2026-09-24 15:34:34 +0000: Memory Usage (432468K) : Executing rule M5.f
2026-09-24 15:34:34 +0000: Memory Usage (432468K) : Executing rule M5.g
2026-09-24 15:34:34 +0000: Memory Usage (432468K) : Executing rule M5.i
2026-09-24 15:34:34 +0000: Memory Usage (432468K) : Starting 5.18 Metaln:filler table
2026-09-24 15:34:34 +0000: Memory Usage (432468K) : Executing rule M1Fil.c
2026-09-24 15:34:34 +0000: Memory Usage (432468K) : Executing rule M1Fil.a2
2026-09-24 15:34:34 +0000: Memory Usage (432468K) : Executing rule M2Fil.c
2026-09-24 15:34:34 +0000: Memory Usage (432468K) : Executing rule M2Fil.a2
2026-09-24 15:34:34 +0000: Memory Usage (432468K) : Executing rule M3Fil.c
2026-09-24 15:34:34 +0000: Memory Usage (432468K) : Executing rule M3Fil.a2
2026-09-24 15:34:34 +0000: Memory Usage (432468K) : Executing rule M4Fil.c
2026-09-24 15:34:34 +0000: Memory Usage (432468K) : Executing rule M4Fil.a2
2026-09-24 15:34:34 +0000: Memory Usage (432468K) : Executing rule M5Fil.c
2026-09-24 15:34:34 +0000: Memory Usage (432468K) : Executing rule M5Fil.a2
2026-09-24 15:34:34 +0000: Memory Usage (432468K) : Starting 5.19. Via1 table
2026-09-24 15:34:34 +0000: Memory Usage (432468K) : Starting 5.19. Via1 table derivations
2026-09-24 15:34:34 +0000: Memory Usage (432468K) : Executing rule V1.a
2026-09-24 15:34:34 +0000: Memory Usage (432468K) : Executing rule V1.b
2026-09-24 15:34:34 +0000: Memory Usage (432468K) : Executing rule V1.c
2026-09-24 15:34:34 +0000: Memory Usage (432468K) : Starting 5.20. Vian table
2026-09-24 15:34:34 +0000: Memory Usage (432468K) : Executing rule V2.a
2026-09-24 15:34:34 +0000: Memory Usage (432468K) : Executing rule V2.b
2026-09-24 15:34:34 +0000: Memory Usage (432468K) : Executing rule V2.c
2026-09-24 15:34:34 +0000: Memory Usage (432468K) : Executing rule V3.a
2026-09-24 15:34:34 +0000: Memory Usage (432468K) : Executing rule V3.b
2026-09-24 15:34:34 +0000: Memory Usage (432468K) : Executing rule V3.c
2026-09-24 15:34:34 +0000: Memory Usage (432468K) : Executing rule V4.a
2026-09-24 15:34:34 +0000: Memory Usage (432468K) : Executing rule V4.b
2026-09-24 15:34:34 +0000: Memory Usage (432468K) : Executing rule V4.c
2026-09-24 15:34:34 +0000: Memory Usage (432468K) : Starting 5.21. TopVia1 table
2026-09-24 15:34:34 +0000: Memory Usage (432468K) : Executing rule TV1.a
2026-09-24 15:34:34 +0000: Memory Usage (432468K) : Executing rule TV1.b
2026-09-24 15:34:34 +0000: Memory Usage (432468K) : Executing rule TV1.c
2026-09-24 15:34:34 +0000: Memory Usage (432468K) : Executing rule TV1.d
2026-09-24 15:34:34 +0000: Memory Usage (432468K) : Starting 5.22. TopMetal1 table
2026-09-24 15:34:34 +0000: Memory Usage (432468K) : Executing rule TM1.a
2026-09-24 15:34:34 +0000: Memory Usage (432468K) : Executing rule TM1.b
2026-09-24 15:34:34 +0000: Memory Usage (432468K) : Starting 5.23 TopMetal1:filler table
2026-09-24 15:34:34 +0000: Memory Usage (432468K) : Executing rule TM1Fil.c
2026-09-24 15:34:34 +0000: Memory Usage (432468K) : Executing rule TM1Fil.a1
2026-09-24 15:34:34 +0000: Memory Usage (432468K) : Starting 5.24. TopVia2 table
2026-09-24 15:34:34 +0000: Memory Usage (432468K) : Executing rule TV2.a
2026-09-24 15:34:34 +0000: Memory Usage (432468K) : Executing rule TV2.b
2026-09-24 15:34:34 +0000: Memory Usage (432468K) : Executing rule TV2.c
2026-09-24 15:34:34 +0000: Memory Usage (432468K) : Executing rule TV2.d
2026-09-24 15:34:34 +0000: Memory Usage (432468K) : Starting 5.25. TopMetal2 table
2026-09-24 15:34:34 +0000: Memory Usage (432468K) : Executing rule TM2.a
2026-09-24 15:34:34 +0000: Memory Usage (432468K) : Executing rule TM2.b
2026-09-24 15:34:34 +0000: Memory Usage (432468K) : Executing rule TM2.bR
2026-09-24 15:34:34 +0000: Memory Usage (432468K) : Starting 5.26 TopMetal2:filler table
2026-09-24 15:34:34 +0000: Memory Usage (432468K) : Executing rule TM2Fil.c
2026-09-24 15:34:34 +0000: Memory Usage (432468K) : Executing rule TM2Fil.a1
2026-09-24 15:34:34 +0000: Memory Usage (432468K) : Starting 5.27. Passiv table
2026-09-24 15:34:34 +0000: Memory Usage (432468K) : Executing rule Pas.a
2026-09-24 15:34:34 +0000: Memory Usage (432468K) : Executing rule Pas.b
2026-09-24 15:34:34 +0000: Memory Usage (432468K) : Executing rule Pas.c
2026-09-24 15:34:34 +0000: Memory Usage (432468K) : Starting 6.9.2 Copper Pillar table
2026-09-24 15:34:34 +0000: Memory Usage (432468K) : Executing rule Padc.a
2026-09-24 15:34:34 +0000: Memory Usage (432468K) : Executing rule Padc.b
2026-09-24 15:34:34 +0000: Memory Usage (432468K) : Executing rule Padc.c
2026-09-24 15:34:34 +0000: Memory Usage (432468K) : Executing rule Padb.f
2026-09-24 15:34:34 +0000: Memory Usage (432468K) : Starting 6.9 Pad table
2026-09-24 15:34:34 +0000: Memory Usage (432468K) : Executing rule Pad.m
2026-09-24 15:34:34 +0000: Memory Usage (432468K) : Executing rule Pad.fR_M1
2026-09-24 15:34:34 +0000: Memory Usage (432468K) : Executing rule Pad.fR_M2
2026-09-24 15:34:34 +0000: Memory Usage (432468K) : Executing rule Pad.fR_M3
2026-09-24 15:34:34 +0000: Memory Usage (432468K) : Executing rule Pad.fR_M4
2026-09-24 15:34:34 +0000: Memory Usage (432468K) : Executing rule Pad.fR_M5
2026-09-24 15:34:34 +0000: Memory Usage (432468K) : Executing rule Pad.fR_TM1
2026-09-24 15:34:34 +0000: Memory Usage (432468K) : Executing rule Pad.fR_TM2
2026-09-24 15:34:34 +0000: Memory Usage (432468K) : Executing rule Pad.i
2026-09-24 15:34:34 +0000: Memory Usage (432468K) : Starting 6.9.1 Solder Bump
2026-09-24 15:34:34 +0000: Memory Usage (432468K) : Executing rule Padb.a
2026-09-24 15:34:34 +0000: Memory Usage (432468K) : Executing rule Padb.b
2026-09-24 15:34:34 +0000: Memory Usage (432468K) : Executing rule Padb.c
2026-09-24 15:34:34 +0000: Memory Usage (432468K) : Executing rule Padb.f
2026-09-24 15:34:34 +0000: Memory Usage (432468K) : Executing rule Padb.d
2026-09-24 15:34:34 +0000: Memory Usage (432468K) : Starting 6.10 Sealring table
2026-09-24 15:34:34 +0000: Memory Usage (432468K) : Executing rule Seal.l
2026-09-24 15:34:34 +0000: Memory Usage (432468K) : Executing rule Seal.n
2026-09-24 15:34:34 +0000: Memory Usage (432468K) : Executing rule seal.b_metal1
2026-09-24 15:34:34 +0000: Memory Usage (432468K) : Executing rule seal.b_metal2
2026-09-24 15:34:34 +0000: Memory Usage (432468K) : Executing rule seal.b_metal3
2026-09-24 15:34:34 +0000: Memory Usage (432468K) : Executing rule seal.b_metal4
2026-09-24 15:34:34 +0000: Memory Usage (432468K) : Executing rule seal.b_metal5
2026-09-24 15:34:34 +0000: Memory Usage (432468K) : Executing rule seal.b_topmetal1
2026-09-24 15:34:34 +0000: Memory Usage (432468K) : Executing rule seal.b_topmetal2
2026-09-24 15:34:34 +0000: Memory Usage (432468K) : Executing rule seal.b_activ
2026-09-24 15:34:34 +0000: Memory Usage (432468K) : Executing rule seal.b_psd
2026-09-24 15:34:34 +0000: Memory Usage (432468K) : Executing rule Seal.k
2026-09-24 15:34:34 +0000: Memory Usage (432468K) : Executing rule Seal.m
2026-09-24 15:34:34 +0000: Memory Usage (432468K) : Starting 6.11 MIM table
2026-09-24 15:34:34 +0000: Memory Usage (432468K) : Executing rule MIM.c
2026-09-24 15:34:34 +0000: Memory Usage (432468K) : Executing rule MIM.d
2026-09-24 15:34:34 +0000: Memory Usage (432468K) : Executing rule MIM.gR
2026-09-24 15:34:34 +0000: Memory Usage (432468K) : Starting 7.3 Metal Slits table
2026-09-24 15:34:34 +0000: Memory Usage (432468K) : Executing rule Slt.e1_M1
2026-09-24 15:34:34 +0000: Memory Usage (432468K) : Executing rule Slt.e1_M2
2026-09-24 15:34:34 +0000: Memory Usage (432468K) : Executing rule Slt.e1_M3
2026-09-24 15:34:34 +0000: Memory Usage (432468K) : Executing rule Slt.e1_M4
2026-09-24 15:34:34 +0000: Memory Usage (432468K) : Executing rule Slt.e1_M5
2026-09-24 15:34:34 +0000: Memory Usage (432724K) : Executing rule Slt.e1_TM1
2026-09-24 15:34:34 +0000: Memory Usage (432724K) : Executing rule Slt.e1_TM2
2026-09-24 15:34:34 +0000: Memory Usage (432724K) : Starting 9.1. LBE table
2026-09-24 15:34:34 +0000: Memory Usage (432724K) : Executing rule LBE.a
2026-09-24 15:34:34 +0000: Memory Usage (432724K) : Executing rule LBE.b
2026-09-24 15:34:34 +0000: Memory Usage (432724K) : Executing rule LBE.b1
2026-09-24 15:34:34 +0000: Memory Usage (432724K) : Executing rule LBE.c
2026-09-24 15:34:34 +0000: Memory Usage (432724K) : Executing rule LBE.d
2026-09-24 15:34:34 +0000: Memory Usage (432724K) : Executing rule LBE.h
2026-09-24 15:34:34 +0000: Memory Usage (432724K) : Starting 7.4. PIN table
2026-09-24 15:34:34 +0000: Memory Usage (432724K) : Executing rule Pin.a
2026-09-24 15:34:34 +0000: Memory Usage (432724K) : Executing rule Pin.b
2026-09-24 15:34:34 +0000: Memory Usage (432724K) : Executing rule Pin.e
2026-09-24 15:34:34 +0000: Memory Usage (432724K) : Executing rule Pin.f_M2
2026-09-24 15:34:34 +0000: Memory Usage (432724K) : Executing rule Pin.f_M3
2026-09-24 15:34:34 +0000: Memory Usage (432724K) : Executing rule Pin.f_M4
2026-09-24 15:34:34 +0000: Memory Usage (432724K) : Executing rule Pin.f_M5
2026-09-24 15:34:34 +0000: Memory Usage (432724K) : Executing rule Pin.g
2026-09-24 15:34:34 +0000: Memory Usage (432724K) : Executing rule Pin.h
2026-09-24 15:34:34 +0000: Memory Usage (432724K) : Starting 3.2. FORBIDDEN table
2026-09-24 15:34:34 +0000: Memory Usage (432724K) : Executing rule forbidden.biwind
2026-09-24 15:34:34 +0000: Memory Usage (432724K) : Executing rule forbidden.pemwind
2026-09-24 15:34:34 +0000: Memory Usage (432724K) : Executing rule forbidden.baspoly
2026-09-24 15:34:34 +0000: Memory Usage (432724K) : Executing rule forbidden.deepco
2026-09-24 15:34:34 +0000: Memory Usage (432724K) : Executing rule forbidden.pempoly
2026-09-24 15:34:34 +0000: Memory Usage (432724K) : Executing rule forbidden.empoly
2026-09-24 15:34:34 +0000: Memory Usage (432724K) : Executing rule forbidden.ldmos
2026-09-24 15:34:34 +0000: Memory Usage (432724K) : Executing rule forbidden.pbiwind
2026-09-24 15:34:34 +0000: Memory Usage (432724K) : Executing rule forbidden.nodrc
2026-09-24 15:34:34 +0000: Memory Usage (432724K) : Executing rule forbidden.flash
2026-09-24 15:34:34 +0000: Memory Usage (432724K) : Executing rule forbidden.colwind
2026-09-24 15:34:34 +0000: Memory Usage (432724K) : KLayout DRC run for tables 'main' completed in 0.42 seconds
24-Sep-2026 15:34:34 | INFO    | Running IHP-SG13G2 sg13g2_maximal checks on design /work/gain3t.gds, topcell: ARRAY_4x4
2026-09-24 15:34:35 +0000: Memory Usage (416840K) : Starting running IHP-SG13G2 Klayout DRC maximum runset on /work/gain3t.gds
2026-09-24 15:34:35 +0000: Memory Usage (416840K) : Ruby Version for klayout: 3.3.8
2026-09-24 15:34:35 +0000: Memory Usage (417920K) : Loading database to memory is complete.
2026-09-24 15:34:35 +0000: Memory Usage (417920K) : IHP-SG13G2 Klayout DRC maximum runset output at: /work/drc/run1/gain3t_ARRAY_4x4_sg13g2_maximal.lyrdb
2026-09-24 15:34:35 +0000: Memory Usage (417920K) : Evaluate switches.
2026-09-24 15:34:35 +0000: Memory Usage (417920K) : Klayout will use  thread(s)
2026-09-24 15:34:35 +0000: Memory Usage (417920K) : flat mode is enabled for sg13g2_maximal runset.
Rule NW.a: 0 error(s)
Rule NW.c: 0 error(s)
Rule NW.c1: 0 error(s)
Rule NW.d: 0 error(s)
Rule NW.d1: 0 error(s)
Rule NW.e: 0 error(s)
Rule NW.e1: 0 error(s)
Rule NW.f: 0 error(s)
Rule NW.f1: 0 error(s)
Rule PWB.a: 0 error(s)
Rule PWB.b: 0 error(s)
Rule PWB.c: 0 error(s)
Rule NBL.a: 0 error(s)
Rule NBLB.a: 0 error(s)
Rule NBLB.b: 0 error(s)
Rule NBLB.c: 0 error(s)
Rule NBLB.d: 0 error(s)
Rule Act.c: 0 error(s)
Rule Act.d: 0 error(s)
Rule Act.e: 0 error(s)
Rule AFil.a: 0 error(s)
Rule AFil.a1: 0 error(s)
Rule AFil.b: 0 error(s)
Rule AFil.i: 0 error(s)
Rule TGO.a: 0 error(s)
Rule TGO.b: 0 error(s)
Rule TGO.c: 0 error(s)
Rule TGO.d: 0 error(s)
Rule TGO.e: 0 error(s)
Rule Gat.a3: 0 error(s)
Rule Gat.a4: 0 error(s)
Rule Gat.b1: 0 error(s)
Rule Gat.c: 0 error(s)
Rule Gat.c: 0 error(s)
Rule Gat.e: 0 error(s)
Rule Gat.f: 0 error(s)
Rule GFil.a: 0 error(s)
Rule GFil.b: 0 error(s)
Rule GFil.c: 0 error(s)
Rule GFil.f: 0 error(s)
Rule GFil.j: 0 error(s)
Rule pSD.a: 0 error(s)
Rule pSD.b: 0 error(s)
Rule pSD.c: 0 error(s)
Rule pSD.d: 0 error(s)
Rule pSD.d1: 0 error(s)
Rule pSD.e: 0 error(s)
Rule pSD.f: 0 error(s)
Rule pSD.g: 0 error(s)
Rule pSD.g: 0 error(s)
Rule pSD.i: 0 error(s)
Rule pSD.i1: 0 error(s)
Rule pSD.j: 0 error(s)
Rule pSD.j1: 0 error(s)
Rule pSD.k: 0 error(s)
Rule pSD.l: 0 error(s)
Rule pSD.m: 0 error(s)
Rule pSD.n: 0 error(s)
Rule nSDB.a: 0 error(s)
Rule nSDB.b: 0 error(s)
Rule nSDB.c: 0 error(s)
Rule nSDB.e: 0 error(s)
Rule EXTB.a: 0 error(s)
Rule EXTB.b: 0 error(s)
Rule EXTB.c: 0 error(s)
Rule Sal.a: 0 error(s)
Rule Sal.b: 0 error(s)
Rule Sal.c: 0 error(s)
Rule Sal.c: 0 error(s)
Rule Sal.d: 0 error(s)
Rule Sal.d: 0 error(s)
Rule Sal.e: 0 error(s)
Rule Cnt.b1: 0 error(s)
Rule Cnt.f: 0 error(s)
Rule Cnt.g: 0 error(s)
Rule Cnt.h: 0 error(s)
Rule Cnt.j: 0 error(s)
Rule CntB.a: 0 error(s)
Rule CntB.a: 0 error(s)
Rule CntB.a1: 0 error(s)
Rule CntB.b: 0 error(s)
Rule CntB.b2: 0 error(s)
Rule CntB.c: 0 error(s)
Rule CntB.d: 0 error(s)
Rule CntB.e: 0 error(s)
Rule CntB.f: 0 error(s)
Rule CntB.g: 0 error(s)
Rule CntB.g1: 0 error(s)
Rule CntB.g2: 0 error(s)
Rule CntB.h: 0 error(s)
Rule CntB.j: 0 error(s)
Rule M1.c: 0 error(s)
Rule M1.c1: 0 error(s)
Rule M1.d: 48 error(s)
Rule M2.c: 0 error(s)
Rule M2.c1: 0 error(s)
Rule M2.d: 0 error(s)
Rule M3.c: 0 error(s)
Rule M3.c1: 0 error(s)
Rule M3.d: 0 error(s)
Rule M4.c: 0 error(s)
Rule M4.c1: 0 error(s)
Rule M4.d: 0 error(s)
Rule M5.c: 0 error(s)
Rule M5.c1: 0 error(s)
Rule M5.d: 0 error(s)
Rule M1Fil.a1: 0 error(s)
Rule M1Fil.b: 0 error(s)
Rule M1Fil.d: 0 error(s)
Rule M2Fil.a1: 0 error(s)
Rule M2Fil.b: 0 error(s)
Rule M2Fil.d: 0 error(s)
Rule M3Fil.a1: 0 error(s)
Rule M3Fil.b: 0 error(s)
Rule M3Fil.d: 0 error(s)
Rule M4Fil.a1: 0 error(s)
Rule M4Fil.b: 0 error(s)
Rule M4Fil.d: 0 error(s)
Rule M5Fil.a1: 0 error(s)
Rule M5Fil.b: 0 error(s)
Rule M5Fil.d: 0 error(s)
Rule V1.b1: 0 error(s)
Rule V1.c1: 0 error(s)
Rule V2.b1: 0 error(s)
Rule V2.c1: 0 error(s)
Rule V3.b1: 0 error(s)
Rule V3.c1: 0 error(s)
Rule V4.b1: 0 error(s)
Rule V4.c1: 0 error(s)
Rule TM1Fil.a: 0 error(s)
Rule TM1Fil.b: 0 error(s)
Rule TM1Fil.d: 0 error(s)
Rule TM2Fil.a: 0 error(s)
Rule TM2Fil.b: 0 error(s)
Rule TM2Fil.d: 0 error(s)
Rule npnG2.b: 0 error(s)
Rule npnG2.c: 0 error(s)
Rule npnG2.d.N_Activ: 0 error(s)
Rule npnG2.d.NWell: 0 error(s)
Rule npnG2.d.PWell_block: 0 error(s)
Rule npnG2.d.nBuLay: 0 error(s)
Rule npnG2.d.nSD_block: 0 error(s)
Rule npnG2.d1: 0 error(s)
Rule npnG2.d2: 0 error(s)
Rule npnG2.e: 0 error(s)
Rule npn13G2.a: 0 error(s)
Rule npn13G2L.a: 0 error(s)
Rule npn13G2L.b: 0 error(s)
Rule npn13G2V.a: 0 error(s)
Rule npn13G2V.b: 0 error(s)
Rule Rsil.a: 0 error(s)
Rule Rsil.b: 0 error(s)
Rule Rsil.c: 0 error(s)
Rule Rsil.d: 0 error(s)
Rule Rsil.e: 0 error(s)
Rule Rsil.f: 0 error(s)
Rule Rppd.a: 0 error(s)
Rule Rppd.b: 0 error(s)
Rule Rppd.c: 0 error(s)
Rule Rppd.c: 0 error(s)
Rule Rppd.d: 0 error(s)
Rule Rppd.e: 0 error(s)
Rule Rhi.a: 0 error(s)
Rule Rhi.b: 0 error(s)
Rule Rhi.c: 0 error(s)
Rule Rhi.d: 0 error(s)
Rule Rhi.d: 0 error(s)
Rule Rhi.e: 0 error(s)
Rule Rhi.f: 0 error(s)
Rule nmosi.b: 0 error(s)
Rule nmosi.c: 0 error(s)
Rule nmosi.d: 0 error(s)
Rule nmosi.f: 0 error(s)
Rule nmosi.g: 0 error(s)
Rule Sdiod.a: 0 error(s)
Rule Sdiod.b: 0 error(s)
Rule Sdiod.c: 0 error(s)
Rule Pad.aR: 0 error(s)
Rule Pad.a1: 0 error(s)
Rule Pad.bR: 0 error(s)
Rule Pad.d: 0 error(s)
Rule Pad.dR: 0 error(s)
Rule Pad.d1R: 0 error(s)
Rule Pad.gR: 0 error(s)
Rule Pad.jR: 0 error(s)
Rule Pad.jR: 0 error(s)
Rule Pad.kR: 0 error(s)
Rule Padc.d: 0 error(s)
Rule Seal.a_Activ: 0 error(s)
Rule Seal.a_pSD: 0 error(s)
Rule Seal.a_Metal1: 0 error(s)
Rule Seal.a_Metal2: 0 error(s)
Rule Seal.a_Metal3: 0 error(s)
Rule Seal.a_Metal4: 0 error(s)
Rule Seal.a_Metal5: 0 error(s)
Rule Seal.a_TopMetal1: 0 error(s)
Rule Seal.a_TopMetal2: 0 error(s)
Rule Seal.c: 0 error(s)
Rule Seal.c: 0 error(s)
Rule Seal.c1.Via1: 0 error(s)
Rule Seal.c1.Via1: 0 error(s)
Rule Seal.c1.Via2: 0 error(s)
Rule Seal.c1.Via2: 0 error(s)
Rule Seal.c1.Via3: 0 error(s)
Rule Seal.c1.Via3: 0 error(s)
Rule Seal.c1.Via4: 0 error(s)
Rule Seal.c1.Via4: 0 error(s)
Rule Seal.c2: 0 error(s)
Rule Seal.c2: 0 error(s)
Rule Seal.c3: 0 error(s)
Rule Seal.c3: 0 error(s)
Rule Seal.d.Cont: 0 error(s)
Rule Seal.d.Via1: 0 error(s)
Rule Seal.d.Via2: 0 error(s)
Rule Seal.d.Via3: 0 error(s)
Rule Seal.d.Via4: 0 error(s)
Rule Seal.d.TopVia1: 0 error(s)
Rule Seal.d.TopVia2: 0 error(s)
Rule Seal.e: 0 error(s)
Rule Seal.f.Activ: 0 error(s)
Rule Seal.f.pSD: 0 error(s)
Rule Seal.f.Metal1: 0 error(s)
Rule Seal.f.Metal2: 0 error(s)
Rule Seal.f.Metal3: 0 error(s)
Rule Seal.f.Metal4: 0 error(s)
Rule Seal.f.Metal5: 0 error(s)
Rule Seal.f.TopMetal1: 0 error(s)
Rule Seal.f.TopMetal2: 0 error(s)
Rule MIM.a: 0 error(s)
Rule MIM.b: 0 error(s)
Rule MIM.e: 0 error(s)
Rule MIM.f: 0 error(s)
Rule MIM.g: 0 error(s)
Rule MIM.h: 0 error(s)
Rule LU.a: 0 error(s)
Rule LU.c: 0 error(s)
Rule LU.c1: 0 error(s)
Rule LU.d: 0 error(s)
Rule LU.d1: 0 error(s)
Rule Slt.a.M1: 0 error(s)
Rule Slt.b.M1: 0 error(s)
Rule Slt.c.M1: 0 error(s)
Rule Slt.e.M1: 0 error(s)
Rule Slt.f.M1: 0 error(s)
Rule Slt.h1: 0 error(s)
Rule Slt.h1: 0 error(s)
Rule Slt.a.M2: 0 error(s)
Rule Slt.b.M2: 0 error(s)
Rule Slt.c.M2: 0 error(s)
Rule Slt.e.M2: 0 error(s)
Rule Slt.f.M2: 0 error(s)
Rule Slt.h2.M2: 0 error(s)
Rule Slt.h2.M2: 0 error(s)
Rule Slt.a.M3: 0 error(s)
Rule Slt.b.M3: 0 error(s)
Rule Slt.c.M3: 0 error(s)
Rule Slt.e.M3: 0 error(s)
Rule Slt.f.M3: 0 error(s)
Rule Slt.h2.M3: 0 error(s)
Rule Slt.h2.M3: 0 error(s)
Rule Slt.a.M4: 0 error(s)
Rule Slt.b.M4: 0 error(s)
Rule Slt.c.M4: 0 error(s)
Rule Slt.e.M4: 0 error(s)
Rule Slt.f.M4: 0 error(s)
Rule Slt.h2.M4: 0 error(s)
Rule Slt.h2.M4: 0 error(s)
Rule Slt.a.M5: 0 error(s)
Rule Slt.b.M5: 0 error(s)
Rule Slt.c.M5: 0 error(s)
Rule Slt.e.M5: 0 error(s)
Rule Slt.f.M5: 0 error(s)
Rule Slt.g.M5: 0 error(s)
Rule Slt.h2.M5: 0 error(s)
Rule Slt.h2.M5: 0 error(s)
Rule Slt.a.TM1: 0 error(s)
Rule Slt.b.TM1: 0 error(s)
Rule Slt.c.TM1: 0 error(s)
Rule Slt.e.TM1: 0 error(s)
Rule Slt.f.TM1: 0 error(s)
Rule Slt.g.TM1: 0 error(s)
Rule Slt.h3: 0 error(s)
Rule Slt.a.TM2: 0 error(s)
Rule Slt.b.TM2: 0 error(s)
Rule Slt.c.TM2: 0 error(s)
Rule Slt.e.TM2: 0 error(s)
Rule Slt.f.TM2: 0 error(s)
Rule Slt.h4: 0 error(s)
Rule NW.c1.dig: 0 error(s)
Rule NW.d1.dig: 0 error(s)
Rule NW.e1.dig: 0 error(s)
Rule NW.f1.dig: 0 error(s)
Rule Cnt.c.Digi: 0 error(s)
Rule LBE.b2: 0 error(s)
Rule LBE.e.dfPad: 0 error(s)
Rule LBE.e.Passiv: 0 error(s)
Rule LBE.f: 0 error(s)
Rule OffGrid.NWell: 0 error(s)
Rule OffGrid.PWell: 0 error(s)
Rule OffGrid.PWell_block: 0 error(s)
Rule OffGrid.nBuLay: 0 error(s)
Rule OffGrid.nBuLay_block: 0 error(s)
Rule OffGrid.Activ: 0 error(s)
Rule OffGrid.ThickGateOx: 0 error(s)
Rule OffGrid.Activ_filler: 0 error(s)
Rule OffGrid.GatPoly_filler: 0 error(s)
Rule OffGrid.GatPoly: 0 error(s)
Rule OffGrid.pSD: 0 error(s)
Rule OffGrid.nSD: 0 error(s)
Rule OffGrid.nSD_block: 0 error(s)
Rule OffGrid.EXTBlock: 0 error(s)
Rule OffGrid.SalBlock: 0 error(s)
Rule OffGrid.Cont: 0 error(s)
Rule OffGrid.Activ_nofill: 0 error(s)
Rule OffGrid.GatPoly_nofill: 0 error(s)
Rule OffGrid.Metal1: 0 error(s)
Rule OffGrid.Via1: 0 error(s)
Rule OffGrid.Metal2: 0 error(s)
Rule OffGrid.Via2: 0 error(s)
Rule OffGrid.Metal3: 0 error(s)
Rule OffGrid.Via3: 0 error(s)
Rule OffGrid.Metal4: 0 error(s)
Rule OffGrid.Via4: 0 error(s)
Rule OffGrid.Metal5: 0 error(s)
Rule OffGrid.MIM: 0 error(s)
Rule OffGrid.Vmim: 0 error(s)
Rule OffGrid.TopVia1: 0 error(s)
Rule OffGrid.TopMetal1: 0 error(s)
Rule OffGrid.TopVia2: 0 error(s)
Rule OffGrid.TopMetal2: 0 error(s)
Rule OffGrid.Passiv: 0 error(s)
Rule OffGrid.Metal1_filler: 0 error(s)
Rule OffGrid.Metal2_filler: 0 error(s)
Rule OffGrid.Metal3_filler: 0 error(s)
Rule OffGrid.Metal4_filler: 0 error(s)
Rule OffGrid.Metal5_filler: 0 error(s)
Rule OffGrid.TopMetal1_filler: 0 error(s)
Rule OffGrid.TopMetal2_filler: 0 error(s)
Rule OffGrid.Metal1_nofill: 0 error(s)
Rule OffGrid.Metal2_nofill: 0 error(s)
Rule OffGrid.Metal3_nofill: 0 error(s)
Rule OffGrid.Metal4_nofill: 0 error(s)
Rule OffGrid.Metal5_nofill: 0 error(s)
Rule OffGrid.TopMetal1_nofill: 0 error(s)
Rule OffGrid.TopMetal2_nofill: 0 error(s)
Rule OffGrid.NoMetFiller: 0 error(s)
Rule OffGrid.Metal1_slit: 0 error(s)
Rule OffGrid.Metal2_slit: 0 error(s)
Rule OffGrid.Metal3_slit: 0 error(s)
Rule OffGrid.Metal4_slit: 0 error(s)
Rule OffGrid.Metal5_slit: 0 error(s)
Rule OffGrid.TopMetal1_slit: 0 error(s)
Rule OffGrid.TopMetal2_slit: 0 error(s)
Rule OffGrid.EdgeSeal: 0 error(s)
Rule OffGrid.EmWind: 0 error(s)
Rule OffGrid.dfpad: 0 error(s)
Rule OffGrid.Polimide: 0 error(s)
Rule OffGrid.TRANS: 0 error(s)
Rule OffGrid.IND: 0 error(s)
Rule OffGrid.RES: 0 error(s)
Rule OffGrid.RFMEM: 0 error(s)
Rule OffGrid.Recog_diode: 0 error(s)
Rule OffGrid.Recog_esd: 0 error(s)
Rule OffGrid.DigiBnd: 0 error(s)
Rule OffGrid.DigiSub: 0 error(s)
Rule OffGrid.SRAM: 0 error(s)
Rule OffGrid.dfpad_pillar: 0 error(s)
Rule OffGrid.dfpad_sbump: 0 error(s)
Rule OffGrid.DeepVia: 0 error(s)
Rule OffGrid.LBE: 0 error(s)
Rule OffGrid.PolyRes: 0 error(s)
Number of DRC errors for maximum rule set: 48
2026-09-24 15:34:35 +0000: Memory Usage (434736K) : KLayout DRC run for maximum ruleSet completed in 0.69 seconds
24-Sep-2026 15:34:35 | INFO    | Completed running Sg13g2_maximal checks.
24-Sep-2026 15:34:35 | ERROR   | ==================================================================================
24-Sep-2026 15:34:35 | ERROR   | ❌ --- KLayout DRC Check Failed: Violations were detected in the layout. --- ❌
24-Sep-2026 15:34:35 | ERROR   | ==================================================================================
24-Sep-2026 15:34:35 | ERROR   | Violated rules are : {'LU.b', 'M1.d'}

24-Sep-2026 15:34:35 | INFO    | Total DRC Run time: 3.06 seconds (including execution, analysis, and reporting)
