115. Printing statistics.

=== minplus16 ===

        +----------Local Count, excluding submodules.
        |        +-Local Area, excluding submodules.
        |        | 
      309        - wires
      384        - wire bits
        9        - public wires
       84        - public wire bits
        9        - ports
       84        - port bits
      348 5.11E+03 cells
        7   88.906   sg13g2_a21o_1
       25    226.8   sg13g2_a21oi_1
        7  101.606   sg13g2_a221oi_1
        6   65.092   sg13g2_a22oi_1
       13  117.936   sg13g2_and2_1
        3   38.102   sg13g2_and3_1
       48 2.35E+03   sg13g2_dfrbpq_1
       11   59.875   sg13g2_inv_1
        4   72.576   sg13g2_mux2_1
       21   152.41   sg13g2_nand2_1
       10    90.72   sg13g2_nand2b_1
        8   72.576   sg13g2_nand3_1
        1   10.886   sg13g2_nand4_1
       37  268.531   sg13g2_nor2_1
       44  399.168   sg13g2_nor2b_1
        6   54.432   sg13g2_nor3_1
        3   32.659   sg13g2_nor4_1
       13  117.936   sg13g2_o21ai_1
        7   63.504   sg13g2_or2_1
       48  348.365   sg13g2_tiehi
       14  203.213   sg13g2_xnor2_1
       12  174.182   sg13g2_xor2_1

   Chip area for module '\minplus16': 5110.938000
     of which used for sequential elements: 2351.462400 (46.01%)

