3472 0 0
0 f1 00 00 00 00 00 00000000 ffff000f
1 f1 08 08 00 00 00 0000f000 ffff000f
3 f9 08 08 00 00 00 0000f000 fffff00f
5 f9 08 0e 00 00 00 0000f000 fffff00f
d f9 00 0e 00 00 00 00000000 fffff00f
f f1 00 0e 00 00 00 00000000 ffff000f
15 f1 04 0e 00 00 00 00000f00 ffff000f
17 f5 04 0e 00 00 00 00000f00 ffff0f0f
3d f5 06 0e 00 00 00 00000ff0 ffff0f0f
3f f7 06 0e 00 00 00 00000ff0 ffff0fff
6d f7 04 0e 00 00 00 00000f00 ffff0fff
6f f5 04 0e 00 00 00 00000f00 ffff0f0f
75 f5 00 0e 00 00 00 00000000 ffff0f0f
77 f1 00 0e 00 00 00 00000000 ffff000f
9d f1 02 0e 00 00 00 000000f0 ffff000f
9f f3 02 0e 00 00 00 000000f0 ffff00ff
cd f3 00 0e 00 00 00 00000000 ffff00ff
cf f1 00 0e 00 00 00 00000000 ffff000f
fd f1 02 0e 00 00 00 000000f0 ffff000f
ff f3 02 0e 00 00 00 000000f0 ffff00ff
12d f3 00 0e 00 00 00 00000000 ffff00ff
12f f1 00 0e 00 00 00 00000000 ffff000f
135 f1 04 0e 00 00 00 00000f00 ffff000f
137 f5 04 0e 00 00 00 00000f00 ffff0f0f
15d f5 06 0e 00 00 00 00000ff0 ffff0f0f
15f f7 06 0e 00 00 00 00000ff0 ffff0fff
18d f7 04 0e 00 00 00 00000f00 ffff0fff
18f f5 04 0e 00 00 00 00000f00 ffff0f0f
1bd f5 06 0e 00 00 00 00000ff0 ffff0f0f
1bf f7 06 0e 00 00 00 00000ff0 ffff0fff
1ed f7 04 0e 00 00 00 00000f00 ffff0fff
1ef f5 04 0e 00 00 00 00000f00 ffff0f0f
21d f5 06 0e 00 00 00 00000ff0 ffff0f0f
21f f7 06 0e 00 00 00 00000ff0 ffff0fff
24d f7 04 0e 00 00 00 00000f00 ffff0fff
24f f5 04 0e 00 00 00 00000f00 ffff0f0f
27d f5 06 0e 00 00 00 00000ff0 ffff0f0f
27f f7 06 0e 00 00 00 00000ff0 ffff0fff
2ad f7 04 0e 00 00 00 00000f00 ffff0fff
2af f5 04 0e 00 00 00 00000f00 ffff0f0f
2dd f5 06 0e 00 00 00 00000ff0 ffff0f0f
2df f7 06 0e 00 00 00 00000ff0 ffff0fff
30d f7 04 0e 00 00 00 00000f00 ffff0fff
30f f5 04 0e 00 00 00 00000f00 ffff0f0f
341 f5 06 0e 00 00 00 00000ff0 ffff0f0f
343 f7 06 0e 00 00 00 00000ff0 ffff0fff
371 f7 04 0e 00 00 00 00000f00 ffff0fff
373 f5 04 0e 00 00 00 00000f00 ffff0f0f
3a1 f5 06 0e 00 00 00 00000ff0 ffff0f0f
3a3 f7 06 0e 00 00 00 00000ff0 ffff0fff
3d1 f7 04 0e 00 00 00 00000f00 ffff0fff
3d3 f5 04 0e 00 00 00 00000f00 ffff0f0f
401 f5 06 0e 00 00 00 00000ff0 ffff0f0f
403 f7 06 0e 00 00 00 00000ff0 ffff0fff
431 f7 04 0e 00 00 00 00000f00 ffff0fff
433 b5 04 0e 00 00 00 00000f00 f0ff0f0f
461 b5 06 0e 00 00 00 00000ff0 f0ff0f0f
463 b7 06 0e 00 00 00 00000ff0 f0ff0fff
491 b7 04 0e 00 00 00 00000f00 f0ff0fff
493 f5 04 0e 00 00 00 00000f00 ffff0f0f
4c1 f5 06 0e 00 00 00 00000ff0 ffff0f0f
4c3 f7 06 0e 00 00 00 00000ff0 ffff0fff
4f1 f7 04 0e 00 00 00 00000f00 ffff0fff
4f3 f5 04 0e 00 00 00 00000f00 ffff0f0f
521 f5 06 0e 00 00 00 00000ff0 ffff0f0f
523 f7 06 0e 00 00 00 00000ff0 ffff0fff
551 f7 04 0e 00 00 00 00000f00 ffff0fff
553 f5 04 0e 00 00 00 00000f00 ffff0f0f
581 f5 06 0e 00 00 00 00000ff0 ffff0f0f
583 f7 06 0e 00 00 00 00000ff0 ffff0fff
5b1 f7 04 0e 00 00 00 00000f00 ffff0fff
5b3 f5 04 0e 00 00 00 00000f00 ffff0f0f
5e1 f5 06 0e 00 00 00 00000ff0 ffff0f0f
5e3 f7 06 0e 00 00 00 00000ff0 ffff0fff
611 f7 04 0e 00 00 00 00000f00 ffff0fff
613 b5 04 0e 00 00 00 00000f00 f0ff0f0f
619 b5 04 0e 01 ef 00 00000f00 f0ff0f0f
61a b5 04 0e 00 ef 00 00000f00 f0ff0f0f
649 b5 06 0e 00 ef 00 00000ff0 f0ff0f0f
64b b7 06 0e 00 ef 00 00000ff0 f0ff0fff
679 b7 04 0e 00 ef 00 00000f00 f0ff0fff
67b f5 04 0e 00 ef 00 00000f00 ffff0f0f
6a9 f5 06 0e 00 ef 00 00000ff0 ffff0f0f
6ab f7 06 0e 00 ef 00 00000ff0 ffff0fff
6d9 f7 04 0e 00 ef 00 00000f00 ffff0fff
6db b5 04 0e 00 ef 00 00000f00 f0ff0f0f
709 b5 06 0e 00 ef 00 00000ff0 f0ff0f0f
70b b7 06 0e 00 ef 00 00000ff0 f0ff0fff
739 b7 04 0e 00 ef 00 00000f00 f0ff0fff
73b b5 04 0e 00 ef 00 00000f00 f0ff0f0f
769 b5 06 0e 00 ef 00 00000ff0 f0ff0f0f
76b b7 06 0e 00 ef 00 00000ff0 f0ff0fff
799 b7 04 0e 00 ef 00 00000f00 f0ff0fff
79b b5 04 0e 00 ef 00 00000f00 f0ff0f0f
7c9 b5 06 0e 00 ef 00 00000ff0 f0ff0f0f
7cb b7 06 0e 00 ef 00 00000ff0 f0ff0fff
7f9 b7 04 0e 00 ef 00 00000f00 f0ff0fff
7fb b5 04 0e 00 ef 00 00000f00 f0ff0f0f
829 b5 06 0e 00 ef 00 00000ff0 f0ff0f0f
82b b7 06 0e 00 ef 00 00000ff0 f0ff0fff
859 b7 04 0e 00 ef 00 00000f00 f0ff0fff
85b b5 04 0e 00 ef 00 00000f00 f0ff0f0f
889 b5 06 0e 00 ef 00 00000ff0 f0ff0f0f
88b b7 06 0e 00 ef 00 00000ff0 f0ff0fff
8b9 b7 04 0e 00 ef 00 00000f00 f0ff0fff
8bb b5 04 0e 00 ef 00 00000f00 f0ff0f0f
8e9 b5 06 0e 00 ef 00 00000ff0 f0ff0f0f
8eb b7 06 0e 00 ef 00 00000ff0 f0ff0fff
919 b7 04 0e 00 ef 00 00000f00 f0ff0fff
91b b5 04 0e 00 ef 00 00000f00 f0ff0f0f
921 b5 04 0e 01 40 00 00000f00 f0ff0f0f
922 b5 04 0e 00 40 00 00000f00 f0ff0f0f
951 b5 06 0e 00 40 00 00000ff0 f0ff0f0f
953 b7 06 0e 00 40 00 00000ff0 f0ff0fff
981 b7 04 0e 00 40 00 00000f00 f0ff0fff
983 b5 04 0e 00 40 00 00000f00 f0ff0f0f
9b1 b5 06 0e 00 40 00 00000ff0 f0ff0f0f
9b3 b7 06 0e 00 40 00 00000ff0 f0ff0fff
9e1 b7 04 0e 00 40 00 00000f00 f0ff0fff
9e3 b5 04 0e 00 40 00 00000f00 f0ff0f0f
a11 b5 06 0e 00 40 00 00000ff0 f0ff0f0f
a13 b7 06 0e 00 40 00 00000ff0 f0ff0fff
a41 b7 04 0e 00 40 00 00000f00 f0ff0fff
a43 f5 04 0e 00 40 00 00000f00 ffff0f0f
a71 f5 06 0e 00 40 00 00000ff0 ffff0f0f
a73 f7 06 0e 00 40 00 00000ff0 ffff0fff
aa1 f7 04 0e 00 40 00 00000f00 ffff0fff
aa3 f5 04 0e 00 40 00 00000f00 ffff0f0f
ad1 f5 06 0e 00 40 00 00000ff0 ffff0f0f
ad3 f7 06 0e 00 40 00 00000ff0 ffff0fff
b01 f7 04 0e 00 40 00 00000f00 ffff0fff
b03 b5 04 0e 00 40 00 00000f00 f0ff0f0f
b31 b5 06 0e 00 40 00 00000ff0 f0ff0f0f
b33 b7 06 0e 00 40 00 00000ff0 f0ff0fff
b61 b7 04 0e 00 40 00 00000f00 f0ff0fff
b63 b5 04 0e 00 40 00 00000f00 f0ff0f0f
b91 b5 06 0e 00 40 00 00000ff0 f0ff0f0f
b93 b7 06 0e 00 40 00 00000ff0 f0ff0fff
bc1 b7 04 0e 00 40 00 00000f00 f0ff0fff
bc3 b5 04 0e 00 40 00 00000f00 f0ff0f0f
bf1 b5 06 0e 00 40 00 00000ff0 f0ff0f0f
bf3 b7 06 0e 00 40 00 00000ff0 f0ff0fff
c21 b7 04 0e 00 40 00 00000f00 f0ff0fff
c23 f5 04 0e 00 40 00 00000f00 ffff0f0f
c29 f5 04 0e 01 18 00 00000f00 ffff0f0f
c2a f5 04 0e 00 18 00 00000f00 ffff0f0f
c2d f5 0c 0e 00 18 00 0000ff00 ffff0f0f
c2f fd 0c 0e 00 18 00 0000ff00 ffffff0f
