3200 0 0
0 ff 00 00 04 00 12 00000000 ffffffff
1 ff 01 01 04 00 12 0000000f ffffffff
4 ff 01 01 06 00 12 0000000f ffffffff
5 ff 01 01 04 00 34 0000000f ffffffff
9 ff 01 01 05 12 34 0000000f ffffffff
a ff 01 01 04 12 34 0000000f ffffffff
d ff 00 01 04 12 34 00000000 ffffffff
f fe 00 01 04 12 34 00000000 fffffff0
8d fe 01 01 04 12 34 0000000f fffffff0
8f ff 01 01 04 12 34 0000000f ffffffff
cd ff 00 01 04 12 34 00000000 ffffffff
cf fe 00 01 04 12 34 00000000 fffffff0
14d fe 01 01 04 12 34 0000000f fffffff0
14f ff 01 01 04 12 34 0000000f ffffffff
18d ff 00 01 04 12 34 00000000 ffffffff
18f fe 00 01 04 12 34 00000000 fffffff0
24d fe 01 01 04 12 34 0000000f fffffff0
24f ff 01 01 04 12 34 0000000f ffffffff
28c ff 01 01 06 12 34 0000000f ffffffff
28d ff 01 01 04 12 56 0000000f ffffffff
291 ff 01 01 05 34 56 0000000f ffffffff
292 ff 01 01 04 34 56 0000000f ffffffff
295 ff 00 01 04 34 56 00000000 ffffffff
297 fe 00 01 04 34 56 00000000 fffffff0
355 fe 01 01 04 34 56 0000000f fffffff0
357 ff 01 01 04 34 56 0000000f ffffffff
395 ff 00 01 04 34 56 00000000 ffffffff
397 fe 00 01 04 34 56 00000000 fffffff0
3d5 fe 01 01 04 34 56 0000000f fffffff0
3d7 ff 01 01 04 34 56 0000000f ffffffff
455 ff 00 01 04 34 56 00000000 ffffffff
457 fe 00 01 04 34 56 00000000 fffffff0
4d5 fe 01 01 04 34 56 0000000f fffffff0
4d7 ff 01 01 04 34 56 0000000f ffffffff
514 ff 01 01 06 34 56 0000000f ffffffff
515 ff 01 01 04 34 a5 0000000f ffffffff
519 ff 01 01 05 56 a5 0000000f ffffffff
51a ff 01 01 04 56 a5 0000000f ffffffff
51d ff 00 01 04 56 a5 00000000 ffffffff
51f fe 00 01 04 56 a5 00000000 fffffff0
59d fe 01 01 04 56 a5 0000000f fffffff0
59f ff 01 01 04 56 a5 0000000f ffffffff
61d ff 00 01 04 56 a5 00000000 ffffffff
61f fe 00 01 04 56 a5 00000000 fffffff0
65d fe 01 01 04 56 a5 0000000f fffffff0
65f ff 01 01 04 56 a5 0000000f ffffffff
69d ff 00 01 04 56 a5 00000000 ffffffff
69f fe 00 01 04 56 a5 00000000 fffffff0
6dd fe 01 01 04 56 a5 0000000f fffffff0
6df ff 01 01 04 56 a5 0000000f ffffffff
71d ff 00 01 04 56 a5 00000000 ffffffff
71f fe 00 01 04 56 a5 00000000 fffffff0
75d fe 01 01 04 56 a5 0000000f fffffff0
75f ff 01 01 04 56 a5 0000000f ffffffff
79c ff 01 01 06 56 a5 0000000f ffffffff
79d ff 01 01 00 56 00 0000000f ffffffff
7a1 ff 01 01 01 a5 00 0000000f ffffffff
7a2 ff 01 01 00 a5 00 0000000f ffffffff
7a5 ff 00 01 00 a5 00 00000000 ffffffff
7a7 fe 00 01 00 a5 00 00000000 fffffff0
7e5 fe 01 01 00 a5 00 0000000f fffffff0
7e7 ff 01 01 00 a5 00 0000000f ffffffff
825 ff 00 01 00 a5 00 00000000 ffffffff
827 fe 00 01 00 a5 00 00000000 fffffff0
865 fe 01 01 00 a5 00 0000000f fffffff0
867 ff 01 01 00 a5 00 0000000f ffffffff
8a5 ff 00 01 00 a5 00 00000000 ffffffff
8a7 fe 00 01 00 a5 00 00000000 fffffff0
925 fe 01 01 00 a5 00 0000000f fffffff0
927 ff 01 01 00 a5 00 0000000f ffffffff
965 ff 00 01 00 a5 00 00000000 ffffffff
967 fe 00 01 00 a5 00 00000000 fffffff0
9a5 fe 01 01 00 a5 00 0000000f fffffff0
9a7 ff 01 01 00 a5 00 0000000f ffffffff
