20000 1 6145
0 ff 00 00 00 00 00 00000000 ffffffff
1 ff 01 01 00 00 00 0000000f ffffffff
5 ff 00 01 00 00 00 00000000 ffffffff
7 fe 00 01 00 00 00 00000000 fffffff0
d fe 01 01 00 00 00 0000000f fffffff0
f ff 01 01 00 00 00 0000000f ffffffff
11 ff 00 01 00 00 00 00000000 ffffffff
13 fe 00 01 00 00 00 00000000 fffffff0
19 fe 01 01 00 00 00 0000000f fffffff0
1b ff 01 01 00 00 00 0000000f ffffffff
1d ff 00 01 00 00 00 00000000 ffffffff
1f fe 00 01 00 00 00 00000000 fffffff0
25 fe 01 01 00 00 00 0000000f fffffff0
27 ff 01 01 00 00 00 0000000f ffffffff
29 ff 00 01 00 00 00 00000000 ffffffff
2b fe 00 01 00 00 00 00000000 fffffff0
31 fe 01 01 00 00 00 0000000f fffffff0
33 ff 01 01 00 00 00 0000000f ffffffff
35 ff 00 01 00 00 00 00000000 ffffffff
37 fe 00 01 00 00 00 00000000 fffffff0
3d fe 01 01 00 00 00 0000000f fffffff0
3f ff 01 01 00 00 00 0000000f ffffffff
41 ff 00 01 00 00 00 00000000 ffffffff
43 fe 00 01 00 00 00 00000000 fffffff0
49 fe 01 01 00 00 00 0000000f fffffff0
4b ff 01 01 00 00 00 0000000f ffffffff
4d ff 00 01 00 00 00 00000000 ffffffff
4f fe 00 01 00 00 00 00000000 fffffff0
55 fe 01 01 00 00 00 0000000f fffffff0
57 ff 01 01 00 00 00 0000000f ffffffff
59 ff 00 01 00 00 00 00000000 ffffffff
5b fe 00 01 00 00 00 00000000 fffffff0
61 fe 01 01 00 00 00 0000000f fffffff0
63 ff 01 01 00 00 00 0000000f ffffffff
65 ff 00 01 00 00 00 00000000 ffffffff
67 fe 00 01 00 00 00 00000000 fffffff0
6d fe 01 01 00 00 00 0000000f fffffff0
6f ff 01 01 00 00 00 0000000f ffffffff
71 ff 00 01 00 00 00 00000000 ffffffff
73 fe 00 01 00 00 00 00000000 fffffff0
79 fe 01 01 00 00 00 0000000f fffffff0
7b ff 01 01 00 00 00 0000000f ffffffff
7d ff 00 01 00 00 00 00000000 ffffffff
7f fe 00 01 00 00 00 00000000 fffffff0
85 fe 01 01 00 00 00 0000000f fffffff0
87 ff 01 01 00 00 00 0000000f ffffffff
89 ff 00 01 00 00 00 00000000 ffffffff
8b fe 00 01 00 00 00 00000000 fffffff0
91 fe 01 01 00 00 00 0000000f fffffff0
93 ff 01 01 00 00 00 0000000f ffffffff
95 ff 00 01 00 00 00 00000000 ffffffff
97 fe 00 01 00 00 00 00000000 fffffff0
9d fe 01 01 00 00 00 0000000f fffffff0
9f ff 01 01 00 00 00 0000000f ffffffff
a1 ff 00 01 00 00 00 00000000 ffffffff
a3 fe 00 01 00 00 00 00000000 fffffff0
a9 fe 01 01 00 00 00 0000000f fffffff0
ab ff 01 01 00 00 00 0000000f ffffffff
ad ff 00 01 00 00 00 00000000 ffffffff
af fe 00 01 00 00 00 00000000 fffffff0
b5 fe 01 01 00 00 00 0000000f fffffff0
b7 ff 01 01 00 00 00 0000000f ffffffff
b9 ff 00 01 00 00 00 00000000 ffffffff
bb fe 00 01 00 00 00 00000000 fffffff0
c1 fe 01 01 00 00 00 0000000f fffffff0
c3 ff 01 01 00 00 00 0000000f ffffffff
c5 ff 00 01 00 00 00 00000000 ffffffff
c7 fe 00 01 00 00 00 00000000 fffffff0
cd fe 01 01 00 00 00 0000000f fffffff0
cf ff 01 01 00 00 00 0000000f ffffffff
d1 ff 00 01 00 00 00 00000000 ffffffff
d3 fe 00 01 00 00 00 00000000 fffffff0
d9 fe 01 01 00 00 00 0000000f fffffff0
db ff 01 01 00 00 00 0000000f ffffffff
dd ff 00 01 00 00 00 00000000 ffffffff
df fe 00 01 00 00 00 00000000 fffffff0
e5 fe 01 01 00 00 00 0000000f fffffff0
e7 ff 01 01 00 00 00 0000000f ffffffff
e9 ff 00 01 00 00 00 00000000 ffffffff
eb fe 00 01 00 00 00 00000000 fffffff0
f1 fe 01 01 00 00 00 0000000f fffffff0
f3 ff 01 01 00 00 00 0000000f ffffffff
f5 ff 00 01 00 00 00 00000000 ffffffff
f7 fe 00 01 00 00 00 00000000 fffffff0
fd fe 01 01 00 00 00 0000000f fffffff0
ff ff 01 01 00 00 00 0000000f ffffffff
101 ff 00 01 00 00 00 00000000 ffffffff
103 fe 00 01 00 00 00 00000000 fffffff0
109 fe 01 01 00 00 00 0000000f fffffff0
10b ff 01 01 00 00 00 0000000f ffffffff
10d ff 00 01 00 00 00 00000000 ffffffff
10f fe 00 01 00 00 00 00000000 fffffff0
115 fe 01 01 00 00 00 0000000f fffffff0
117 ff 01 01 00 00 00 0000000f ffffffff
119 ff 00 01 00 00 00 00000000 ffffffff
11b fe 00 01 00 00 00 00000000 fffffff0
121 fe 01 01 00 00 00 0000000f fffffff0
123 ff 01 01 00 00 00 0000000f ffffffff
125 ff 00 01 00 00 00 00000000 ffffffff
127 fe 00 01 00 00 00 00000000 fffffff0
12d fe 01 01 00 00 00 0000000f fffffff0
12f ff 01 01 00 00 00 0000000f ffffffff
131 ff 00 01 00 00 00 00000000 ffffffff
133 fe 00 01 00 00 00 00000000 fffffff0
139 fe 01 01 00 00 00 0000000f fffffff0
13b ff 01 01 00 00 00 0000000f ffffffff
13d ff 00 01 00 00 00 00000000 ffffffff
13f fe 00 01 00 00 00 00000000 fffffff0
145 fe 01 01 00 00 00 0000000f fffffff0
147 ff 01 01 00 00 00 0000000f ffffffff
149 ff 00 01 00 00 00 00000000 ffffffff
14b fe 00 01 00 00 00 00000000 fffffff0
151 fe 01 01 00 00 00 0000000f fffffff0
153 ff 01 01 00 00 00 0000000f ffffffff
155 ff 00 01 00 00 00 00000000 ffffffff
157 fe 00 01 00 00 00 00000000 fffffff0
15d fe 01 01 00 00 00 0000000f fffffff0
15f ff 01 01 00 00 00 0000000f ffffffff
161 ff 00 01 00 00 00 00000000 ffffffff
163 fe 00 01 00 00 00 00000000 fffffff0
169 fe 01 01 00 00 00 0000000f fffffff0
16b ff 01 01 00 00 00 0000000f ffffffff
16d ff 00 01 00 00 00 00000000 ffffffff
16f fe 00 01 00 00 00 00000000 fffffff0
175 fe 01 01 00 00 00 0000000f fffffff0
177 ff 01 01 00 00 00 0000000f ffffffff
179 ff 00 01 00 00 00 00000000 ffffffff
17b fe 00 01 00 00 00 00000000 fffffff0
181 fe 01 01 00 00 00 0000000f fffffff0
183 ff 01 01 00 00 00 0000000f ffffffff
185 ff 00 01 00 00 00 00000000 ffffffff
187 fe 00 01 00 00 00 00000000 fffffff0
18d fe 01 01 00 00 00 0000000f fffffff0
18f ff 01 01 00 00 00 0000000f ffffffff
191 ff 00 01 00 00 00 00000000 ffffffff
193 fe 00 01 00 00 00 00000000 fffffff0
199 fe 01 01 00 00 00 0000000f fffffff0
19b ff 01 01 00 00 00 0000000f ffffffff
19d ff 00 01 00 00 00 00000000 ffffffff
19f fe 00 01 00 00 00 00000000 fffffff0
1a5 fe 01 01 00 00 00 0000000f fffffff0
1a7 ff 01 01 00 00 00 0000000f ffffffff
1a9 ff 00 01 00 00 00 00000000 ffffffff
1ab fe 00 01 00 00 00 00000000 fffffff0
1b1 fe 01 01 00 00 00 0000000f fffffff0
1b3 ff 01 01 00 00 00 0000000f ffffffff
1b5 ff 00 01 00 00 00 00000000 ffffffff
1b7 fe 00 01 00 00 00 00000000 fffffff0
1bd fe 01 01 00 00 00 0000000f fffffff0
1bf ff 01 01 00 00 00 0000000f ffffffff
1c1 ff 00 01 00 00 00 00000000 ffffffff
1c3 fe 00 01 00 00 00 00000000 fffffff0
1c9 fe 01 01 00 00 00 0000000f fffffff0
1cb ff 01 01 00 00 00 0000000f ffffffff
1cd ff 00 01 00 00 00 00000000 ffffffff
1cf fe 00 01 00 00 00 00000000 fffffff0
1d5 fe 01 01 00 00 00 0000000f fffffff0
1d7 ff 01 01 00 00 00 0000000f ffffffff
1d9 ff 00 01 00 00 00 00000000 ffffffff
1db fe 00 01 00 00 00 00000000 fffffff0
1e1 fe 01 01 00 00 00 0000000f fffffff0
1e3 ff 01 01 00 00 00 0000000f ffffffff
1e5 ff 00 01 00 00 00 00000000 ffffffff
1e7 fe 00 01 00 00 00 00000000 fffffff0
1ed fe 01 01 00 00 00 0000000f fffffff0
1ef ff 01 01 00 00 00 0000000f ffffffff
1f1 ff 00 01 00 00 00 00000000 ffffffff
1f3 fe 00 01 00 00 00 00000000 fffffff0
1f9 fe 01 01 00 00 00 0000000f fffffff0
1fb ff 01 01 00 00 00 0000000f ffffffff
1fd ff 00 01 00 00 00 00000000 ffffffff
1ff fe 00 01 00 00 00 00000000 fffffff0
205 fe 01 01 00 00 00 0000000f fffffff0
207 ff 01 01 00 00 00 0000000f ffffffff
209 ff 00 01 00 00 00 00000000 ffffffff
20b fe 00 01 00 00 00 00000000 fffffff0
211 fe 01 01 00 00 00 0000000f fffffff0
213 ff 01 01 00 00 00 0000000f ffffffff
215 ff 00 01 00 00 00 00000000 ffffffff
217 fe 00 01 00 00 00 00000000 fffffff0
21d fe 01 01 00 00 00 0000000f fffffff0
21f ff 01 01 00 00 00 0000000f ffffffff
221 ff 00 01 00 00 00 00000000 ffffffff
223 fe 00 01 00 00 00 00000000 fffffff0
229 fe 01 01 00 00 00 0000000f fffffff0
22b ff 01 01 00 00 00 0000000f ffffffff
22d ff 00 01 00 00 00 00000000 ffffffff
22f fe 00 01 00 00 00 00000000 fffffff0
235 fe 01 01 00 00 00 0000000f fffffff0
237 ff 01 01 00 00 00 0000000f ffffffff
239 ff 00 01 00 00 00 00000000 ffffffff
23b fe 00 01 00 00 00 00000000 fffffff0
241 fe 01 01 00 00 00 0000000f fffffff0
243 ff 01 01 00 00 00 0000000f ffffffff
245 ff 00 01 00 00 00 00000000 ffffffff
247 fe 00 01 00 00 00 00000000 fffffff0
24d fe 01 01 00 00 00 0000000f fffffff0
24f ff 01 01 00 00 00 0000000f ffffffff
251 ff 00 01 00 00 00 00000000 ffffffff
253 fe 00 01 00 00 00 00000000 fffffff0
259 fe 01 01 00 00 00 0000000f fffffff0
25b ff 01 01 00 00 00 0000000f ffffffff
25d ff 00 01 00 00 00 00000000 ffffffff
25f fe 00 01 00 00 00 00000000 fffffff0
265 fe 01 01 00 00 00 0000000f fffffff0
267 ff 01 01 00 00 00 0000000f ffffffff
269 ff 00 01 00 00 00 00000000 ffffffff
26b fe 00 01 00 00 00 00000000 fffffff0
271 fe 01 01 00 00 00 0000000f fffffff0
273 ff 01 01 00 00 00 0000000f ffffffff
275 ff 00 01 00 00 00 00000000 ffffffff
277 fe 00 01 00 00 00 00000000 fffffff0
27d fe 01 01 00 00 00 0000000f fffffff0
27f ff 01 01 00 00 00 0000000f ffffffff
281 ff 00 01 00 00 00 00000000 ffffffff
283 fe 00 01 00 00 00 00000000 fffffff0
289 fe 01 01 00 00 00 0000000f fffffff0
28b ff 01 01 00 00 00 0000000f ffffffff
28d ff 00 01 00 00 00 00000000 ffffffff
28f fe 00 01 00 00 00 00000000 fffffff0
295 fe 01 01 00 00 00 0000000f fffffff0
297 ff 01 01 00 00 00 0000000f ffffffff
299 ff 00 01 00 00 00 00000000 ffffffff
29b fe 00 01 00 00 00 00000000 fffffff0
2a1 fe 01 01 00 00 00 0000000f fffffff0
2a3 ff 01 01 00 00 00 0000000f ffffffff
2a5 ff 00 01 00 00 00 00000000 ffffffff
2a7 fe 00 01 00 00 00 00000000 fffffff0
2ad fe 01 01 00 00 00 0000000f fffffff0
2af ff 01 01 00 00 00 0000000f ffffffff
2b1 ff 00 01 00 00 00 00000000 ffffffff
2b3 fe 00 01 00 00 00 00000000 fffffff0
2b9 fe 01 01 00 00 00 0000000f fffffff0
2bb ff 01 01 00 00 00 0000000f ffffffff
2bd ff 00 01 00 00 00 00000000 ffffffff
2bf fe 00 01 00 00 00 00000000 fffffff0
2c5 fe 01 01 00 00 00 0000000f fffffff0
2c7 ff 01 01 00 00 00 0000000f ffffffff
2c9 ff 00 01 00 00 00 00000000 ffffffff
2cb fe 00 01 00 00 00 00000000 fffffff0
2d1 fe 01 01 00 00 00 0000000f fffffff0
2d3 ff 01 01 00 00 00 0000000f ffffffff
2d5 ff 00 01 00 00 00 00000000 ffffffff
2d7 fe 00 01 00 00 00 00000000 fffffff0
2dd fe 01 01 00 00 00 0000000f fffffff0
2df ff 01 01 00 00 00 0000000f ffffffff
2e1 ff 00 01 00 00 00 00000000 ffffffff
2e3 fe 00 01 00 00 00 00000000 fffffff0
2e9 fe 01 01 00 00 00 0000000f fffffff0
2eb ff 01 01 00 00 00 0000000f ffffffff
2ed ff 00 01 00 00 00 00000000 ffffffff
2ef fe 00 01 00 00 00 00000000 fffffff0
2f5 fe 01 01 00 00 00 0000000f fffffff0
2f7 ff 01 01 00 00 00 0000000f ffffffff
2f9 ff 00 01 00 00 00 00000000 ffffffff
2fb fe 00 01 00 00 00 00000000 fffffff0
301 fe 01 01 00 00 00 0000000f fffffff0
303 ff 01 01 00 00 00 0000000f ffffffff
305 ff 00 01 00 00 00 00000000 ffffffff
307 fe 00 01 00 00 00 00000000 fffffff0
30d fe 01 01 00 00 00 0000000f fffffff0
30f ff 01 01 00 00 00 0000000f ffffffff
311 ff 00 01 00 00 00 00000000 ffffffff
313 fe 00 01 00 00 00 00000000 fffffff0
319 fe 01 01 00 00 00 0000000f fffffff0
31b ff 01 01 00 00 00 0000000f ffffffff
31d ff 00 01 00 00 00 00000000 ffffffff
31f fe 00 01 00 00 00 00000000 fffffff0
325 fe 01 01 00 00 00 0000000f fffffff0
327 ff 01 01 00 00 00 0000000f ffffffff
329 ff 00 01 00 00 00 00000000 ffffffff
32b fe 00 01 00 00 00 00000000 fffffff0
331 fe 01 01 00 00 00 0000000f fffffff0
333 ff 01 01 00 00 00 0000000f ffffffff
335 ff 00 01 00 00 00 00000000 ffffffff
337 fe 00 01 00 00 00 00000000 fffffff0
33d fe 01 01 00 00 00 0000000f fffffff0
33f ff 01 01 00 00 00 0000000f ffffffff
341 ff 00 01 00 00 00 00000000 ffffffff
343 fe 00 01 00 00 00 00000000 fffffff0
349 fe 01 01 00 00 00 0000000f fffffff0
34b ff 01 01 00 00 00 0000000f ffffffff
34d ff 00 01 00 00 00 00000000 ffffffff
34f fe 00 01 00 00 00 00000000 fffffff0
355 fe 01 01 00 00 00 0000000f fffffff0
357 ff 01 01 00 00 00 0000000f ffffffff
359 ff 00 01 00 00 00 00000000 ffffffff
35b fe 00 01 00 00 00 00000000 fffffff0
361 fe 01 01 00 00 00 0000000f fffffff0
363 ff 01 01 00 00 00 0000000f ffffffff
365 ff 00 01 00 00 00 00000000 ffffffff
367 fe 00 01 00 00 00 00000000 fffffff0
36d fe 01 01 00 00 00 0000000f fffffff0
36f ff 01 01 00 00 00 0000000f ffffffff
371 ff 00 01 00 00 00 00000000 ffffffff
373 fe 00 01 00 00 00 00000000 fffffff0
379 fe 01 01 00 00 00 0000000f fffffff0
37b ff 01 01 00 00 00 0000000f ffffffff
37d ff 00 01 00 00 00 00000000 ffffffff
37f fe 00 01 00 00 00 00000000 fffffff0
385 fe 01 01 00 00 00 0000000f fffffff0
387 ff 01 01 00 00 00 0000000f ffffffff
389 ff 00 01 00 00 00 00000000 ffffffff
38b fe 00 01 00 00 00 00000000 fffffff0
391 fe 01 01 00 00 00 0000000f fffffff0
393 ff 01 01 00 00 00 0000000f ffffffff
395 ff 00 01 00 00 00 00000000 ffffffff
397 fe 00 01 00 00 00 00000000 fffffff0
39d fe 01 01 00 00 00 0000000f fffffff0
39f ff 01 01 00 00 00 0000000f ffffffff
3a1 ff 00 01 00 00 00 00000000 ffffffff
3a3 fe 00 01 00 00 00 00000000 fffffff0
3a9 fe 01 01 00 00 00 0000000f fffffff0
3ab ff 01 01 00 00 00 0000000f ffffffff
3ad ff 00 01 00 00 00 00000000 ffffffff
3af fe 00 01 00 00 00 00000000 fffffff0
3b5 fe 01 01 00 00 00 0000000f fffffff0
3b7 ff 01 01 00 00 00 0000000f ffffffff
3b9 ff 00 01 00 00 00 00000000 ffffffff
3bb fe 00 01 00 00 00 00000000 fffffff0
3c1 fe 01 01 00 00 00 0000000f fffffff0
3c3 ff 01 01 00 00 00 0000000f ffffffff
3c5 ff 00 01 00 00 00 00000000 ffffffff
3c7 fe 00 01 00 00 00 00000000 fffffff0
3cd fe 01 01 00 00 00 0000000f fffffff0
3cf ff 01 01 00 00 00 0000000f ffffffff
3d1 ff 00 01 00 00 00 00000000 ffffffff
3d3 fe 00 01 00 00 00 00000000 fffffff0
3d9 fe 01 01 00 00 00 0000000f fffffff0
3db ff 01 01 00 00 00 0000000f ffffffff
3dd ff 00 01 00 00 00 00000000 ffffffff
3df fe 00 01 00 00 00 00000000 fffffff0
3e5 fe 01 01 00 00 00 0000000f fffffff0
3e7 ff 01 01 00 00 00 0000000f ffffffff
3e9 ff 00 01 00 00 00 00000000 ffffffff
3eb fe 00 01 00 00 00 00000000 fffffff0
3f1 fe 01 01 00 00 00 0000000f fffffff0
3f3 ff 01 01 00 00 00 0000000f ffffffff
3f5 ff 00 01 00 00 00 00000000 ffffffff
3f7 fe 00 01 00 00 00 00000000 fffffff0
3fd fe 01 01 00 00 00 0000000f fffffff0
3ff ff 01 01 00 00 00 0000000f ffffffff
401 ff 00 01 00 00 00 00000000 ffffffff
403 fe 00 01 00 00 00 00000000 fffffff0
409 fe 01 01 00 00 00 0000000f fffffff0
40b ff 01 01 00 00 00 0000000f ffffffff
40d ff 00 01 00 00 00 00000000 ffffffff
40f fe 00 01 00 00 00 00000000 fffffff0
415 fe 01 01 00 00 00 0000000f fffffff0
417 ff 01 01 00 00 00 0000000f ffffffff
419 ff 00 01 00 00 00 00000000 ffffffff
41b fe 00 01 00 00 00 00000000 fffffff0
421 fe 01 01 00 00 00 0000000f fffffff0
423 ff 01 01 00 00 00 0000000f ffffffff
425 ff 00 01 00 00 00 00000000 ffffffff
427 fe 00 01 00 00 00 00000000 fffffff0
42d fe 01 01 00 00 00 0000000f fffffff0
42f ff 01 01 00 00 00 0000000f ffffffff
431 ff 00 01 00 00 00 00000000 ffffffff
433 fe 00 01 00 00 00 00000000 fffffff0
439 fe 01 01 00 00 00 0000000f fffffff0
43b ff 01 01 00 00 00 0000000f ffffffff
43d ff 00 01 00 00 00 00000000 ffffffff
43f fe 00 01 00 00 00 00000000 fffffff0
445 fe 01 01 00 00 00 0000000f fffffff0
447 ff 01 01 00 00 00 0000000f ffffffff
449 ff 00 01 00 00 00 00000000 ffffffff
44b fe 00 01 00 00 00 00000000 fffffff0
451 fe 01 01 00 00 00 0000000f fffffff0
453 ff 01 01 00 00 00 0000000f ffffffff
455 ff 00 01 00 00 00 00000000 ffffffff
457 fe 00 01 00 00 00 00000000 fffffff0
45d fe 01 01 00 00 00 0000000f fffffff0
45f ff 01 01 00 00 00 0000000f ffffffff
461 ff 00 01 00 00 00 00000000 ffffffff
463 fe 00 01 00 00 00 00000000 fffffff0
469 fe 01 01 00 00 00 0000000f fffffff0
46b ff 01 01 00 00 00 0000000f ffffffff
46d ff 00 01 00 00 00 00000000 ffffffff
46f fe 00 01 00 00 00 00000000 fffffff0
475 fe 01 01 00 00 00 0000000f fffffff0
477 ff 01 01 00 00 00 0000000f ffffffff
479 ff 00 01 00 00 00 00000000 ffffffff
47b fe 00 01 00 00 00 00000000 fffffff0
481 fe 01 01 00 00 00 0000000f fffffff0
483 ff 01 01 00 00 00 0000000f ffffffff
485 ff 00 01 00 00 00 00000000 ffffffff
487 fe 00 01 00 00 00 00000000 fffffff0
48d fe 01 01 00 00 00 0000000f fffffff0
48f ff 01 01 00 00 00 0000000f ffffffff
491 ff 00 01 00 00 00 00000000 ffffffff
493 fe 00 01 00 00 00 00000000 fffffff0
499 fe 01 01 00 00 00 0000000f fffffff0
49b ff 01 01 00 00 00 0000000f ffffffff
49d ff 00 01 00 00 00 00000000 ffffffff
49f fe 00 01 00 00 00 00000000 fffffff0
4a5 fe 01 01 00 00 00 0000000f fffffff0
4a7 ff 01 01 00 00 00 0000000f ffffffff
4a9 ff 00 01 00 00 00 00000000 ffffffff
4ab fe 00 01 00 00 00 00000000 fffffff0
4b1 fe 01 01 00 00 00 0000000f fffffff0
4b3 ff 01 01 00 00 00 0000000f ffffffff
4b5 ff 00 01 00 00 00 00000000 ffffffff
4b7 fe 00 01 00 00 00 00000000 fffffff0
4bd fe 01 01 00 00 00 0000000f fffffff0
4bf ff 01 01 00 00 00 0000000f ffffffff
4c1 ff 00 01 00 00 00 00000000 ffffffff
4c3 fe 00 01 00 00 00 00000000 fffffff0
4c9 fe 01 01 00 00 00 0000000f fffffff0
4cb ff 01 01 00 00 00 0000000f ffffffff
4cd ff 00 01 00 00 00 00000000 ffffffff
4cf fe 00 01 00 00 00 00000000 fffffff0
4d5 fe 01 01 00 00 00 0000000f fffffff0
4d7 ff 01 01 00 00 00 0000000f ffffffff
4d9 ff 00 01 00 00 00 00000000 ffffffff
4db fe 00 01 00 00 00 00000000 fffffff0
4e1 fe 01 01 00 00 00 0000000f fffffff0
4e3 ff 01 01 00 00 00 0000000f ffffffff
4e5 ff 00 01 00 00 00 00000000 ffffffff
4e7 fe 00 01 00 00 00 00000000 fffffff0
4ed fe 01 01 00 00 00 0000000f fffffff0
4ef ff 01 01 00 00 00 0000000f ffffffff
4f1 ff 00 01 00 00 00 00000000 ffffffff
4f3 fe 00 01 00 00 00 00000000 fffffff0
4f9 fe 01 01 00 00 00 0000000f fffffff0
4fb ff 01 01 00 00 00 0000000f ffffffff
4fd ff 00 01 00 00 00 00000000 ffffffff
4ff fe 00 01 00 00 00 00000000 fffffff0
505 fe 01 01 00 00 00 0000000f fffffff0
507 ff 01 01 00 00 00 0000000f ffffffff
509 ff 00 01 00 00 00 00000000 ffffffff
50b fe 00 01 00 00 00 00000000 fffffff0
511 fe 01 01 00 00 00 0000000f fffffff0
513 ff 01 01 00 00 00 0000000f ffffffff
515 ff 00 01 00 00 00 00000000 ffffffff
517 fe 00 01 00 00 00 00000000 fffffff0
51d fe 01 01 00 00 00 0000000f fffffff0
51f ff 01 01 00 00 00 0000000f ffffffff
521 ff 00 01 00 00 00 00000000 ffffffff
523 fe 00 01 00 00 00 00000000 fffffff0
529 fe 01 01 00 00 00 0000000f fffffff0
52b ff 01 01 00 00 00 0000000f ffffffff
52d ff 00 01 00 00 00 00000000 ffffffff
52f fe 00 01 00 00 00 00000000 fffffff0
535 fe 01 01 00 00 00 0000000f fffffff0
537 ff 01 01 00 00 00 0000000f ffffffff
539 ff 00 01 00 00 00 00000000 ffffffff
53b fe 00 01 00 00 00 00000000 fffffff0
541 fe 01 01 00 00 00 0000000f fffffff0
543 ff 01 01 00 00 00 0000000f ffffffff
545 ff 00 01 00 00 00 00000000 ffffffff
547 fe 00 01 00 00 00 00000000 fffffff0
54d fe 01 01 00 00 00 0000000f fffffff0
54f ff 01 01 00 00 00 0000000f ffffffff
551 ff 00 01 00 00 00 00000000 ffffffff
553 fe 00 01 00 00 00 00000000 fffffff0
559 fe 01 01 00 00 00 0000000f fffffff0
55b ff 01 01 00 00 00 0000000f ffffffff
55d ff 00 01 00 00 00 00000000 ffffffff
55f fe 00 01 00 00 00 00000000 fffffff0
565 fe 01 01 00 00 00 0000000f fffffff0
567 ff 01 01 00 00 00 0000000f ffffffff
569 ff 00 01 00 00 00 00000000 ffffffff
56b fe 00 01 00 00 00 00000000 fffffff0
571 fe 01 01 00 00 00 0000000f fffffff0
573 ff 01 01 00 00 00 0000000f ffffffff
575 ff 00 01 00 00 00 00000000 ffffffff
577 fe 00 01 00 00 00 00000000 fffffff0
57d fe 01 01 00 00 00 0000000f fffffff0
57f ff 01 01 00 00 00 0000000f ffffffff
581 ff 00 01 00 00 00 00000000 ffffffff
583 fe 00 01 00 00 00 00000000 fffffff0
589 fe 01 01 00 00 00 0000000f fffffff0
58b ff 01 01 00 00 00 0000000f ffffffff
58d ff 00 01 00 00 00 00000000 ffffffff
58f fe 00 01 00 00 00 00000000 fffffff0
595 fe 01 01 00 00 00 0000000f fffffff0
597 ff 01 01 00 00 00 0000000f ffffffff
599 ff 00 01 00 00 00 00000000 ffffffff
59b fe 00 01 00 00 00 00000000 fffffff0
5a1 fe 01 01 00 00 00 0000000f fffffff0
5a3 ff 01 01 00 00 00 0000000f ffffffff
5a5 ff 00 01 00 00 00 00000000 ffffffff
5a7 fe 00 01 00 00 00 00000000 fffffff0
5ad fe 01 01 00 00 00 0000000f fffffff0
5af ff 01 01 00 00 00 0000000f ffffffff
5b1 ff 00 01 00 00 00 00000000 ffffffff
5b3 fe 00 01 00 00 00 00000000 fffffff0
5b9 fe 01 01 00 00 00 0000000f fffffff0
5bb ff 01 01 00 00 00 0000000f ffffffff
5bd ff 00 01 00 00 00 00000000 ffffffff
5bf fe 00 01 00 00 00 00000000 fffffff0
5c5 fe 01 01 00 00 00 0000000f fffffff0
5c7 ff 01 01 00 00 00 0000000f ffffffff
5c9 ff 00 01 00 00 00 00000000 ffffffff
5cb fe 00 01 00 00 00 00000000 fffffff0
5d1 fe 01 01 00 00 00 0000000f fffffff0
5d3 ff 01 01 00 00 00 0000000f ffffffff
5d5 ff 00 01 00 00 00 00000000 ffffffff
5d7 fe 00 01 00 00 00 00000000 fffffff0
5dd fe 01 01 00 00 00 0000000f fffffff0
5df ff 01 01 00 00 00 0000000f ffffffff
5e1 ff 00 01 00 00 00 00000000 ffffffff
5e3 fe 00 01 00 00 00 00000000 fffffff0
5e9 fe 01 01 00 00 00 0000000f fffffff0
5eb ff 01 01 00 00 00 0000000f ffffffff
5ed ff 00 01 00 00 00 00000000 ffffffff
5ef fe 00 01 00 00 00 00000000 fffffff0
5f5 fe 01 01 00 00 00 0000000f fffffff0
5f7 ff 01 01 00 00 00 0000000f ffffffff
5f9 ff 00 01 00 00 00 00000000 ffffffff
5fb fe 00 01 00 00 00 00000000 fffffff0
601 fe 01 01 00 00 00 0000000f fffffff0
603 ff 01 01 00 00 00 0000000f ffffffff
605 ff 00 01 00 00 00 00000000 ffffffff
607 fe 00 01 00 00 00 00000000 fffffff0
60d fe 01 01 00 00 00 0000000f fffffff0
60f ff 01 01 00 00 00 0000000f ffffffff
611 ff 00 01 00 00 00 00000000 ffffffff
613 fe 00 01 00 00 00 00000000 fffffff0
619 fe 01 01 00 00 00 0000000f fffffff0
61b ff 01 01 00 00 00 0000000f ffffffff
61d ff 00 01 00 00 00 00000000 ffffffff
61f fe 00 01 00 00 00 00000000 fffffff0
625 fe 01 01 00 00 00 0000000f fffffff0
627 ff 01 01 00 00 00 0000000f ffffffff
629 ff 00 01 00 00 00 00000000 ffffffff
62b fe 00 01 00 00 00 00000000 fffffff0
631 fe 01 01 00 00 00 0000000f fffffff0
633 ff 01 01 00 00 00 0000000f ffffffff
635 ff 00 01 00 00 00 00000000 ffffffff
637 fe 00 01 00 00 00 00000000 fffffff0
63d fe 01 01 00 00 00 0000000f fffffff0
63f ff 01 01 00 00 00 0000000f ffffffff
641 ff 00 01 00 00 00 00000000 ffffffff
643 fe 00 01 00 00 00 00000000 fffffff0
649 fe 01 01 00 00 00 0000000f fffffff0
64b ff 01 01 00 00 00 0000000f ffffffff
64d ff 00 01 00 00 00 00000000 ffffffff
64f fe 00 01 00 00 00 00000000 fffffff0
655 fe 01 01 00 00 00 0000000f fffffff0
657 ff 01 01 00 00 00 0000000f ffffffff
659 ff 00 01 00 00 00 00000000 ffffffff
65b fe 00 01 00 00 00 00000000 fffffff0
661 fe 01 01 00 00 00 0000000f fffffff0
663 ff 01 01 00 00 00 0000000f ffffffff
665 ff 00 01 00 00 00 00000000 ffffffff
667 fe 00 01 00 00 00 00000000 fffffff0
66d fe 01 01 00 00 00 0000000f fffffff0
66f ff 01 01 00 00 00 0000000f ffffffff
671 ff 00 01 00 00 00 00000000 ffffffff
673 fe 00 01 00 00 00 00000000 fffffff0
679 fe 01 01 00 00 00 0000000f fffffff0
67b ff 01 01 00 00 00 0000000f ffffffff
67d ff 00 01 00 00 00 00000000 ffffffff
67f fe 00 01 00 00 00 00000000 fffffff0
685 fe 01 01 00 00 00 0000000f fffffff0
687 ff 01 01 00 00 00 0000000f ffffffff
689 ff 00 01 00 00 00 00000000 ffffffff
68b fe 00 01 00 00 00 00000000 fffffff0
691 fe 01 01 00 00 00 0000000f fffffff0
693 ff 01 01 00 00 00 0000000f ffffffff
695 ff 00 01 00 00 00 00000000 ffffffff
697 fe 00 01 00 00 00 00000000 fffffff0
69d fe 01 01 00 00 00 0000000f fffffff0
69f ff 01 01 00 00 00 0000000f ffffffff
6a1 ff 00 01 00 00 00 00000000 ffffffff
6a3 fe 00 01 00 00 00 00000000 fffffff0
6a9 fe 01 01 00 00 00 0000000f fffffff0
6ab ff 01 01 00 00 00 0000000f ffffffff
6ad ff 00 01 00 00 00 00000000 ffffffff
6af fe 00 01 00 00 00 00000000 fffffff0
6b5 fe 01 01 00 00 00 0000000f fffffff0
6b7 ff 01 01 00 00 00 0000000f ffffffff
6b9 ff 00 01 00 00 00 00000000 ffffffff
6bb fe 00 01 00 00 00 00000000 fffffff0
6c1 fe 01 01 00 00 00 0000000f fffffff0
6c3 ff 01 01 00 00 00 0000000f ffffffff
6c5 ff 00 01 00 00 00 00000000 ffffffff
6c7 fe 00 01 00 00 00 00000000 fffffff0
6cd fe 01 01 00 00 00 0000000f fffffff0
6cf ff 01 01 00 00 00 0000000f ffffffff
6d1 ff 00 01 00 00 00 00000000 ffffffff
6d3 fe 00 01 00 00 00 00000000 fffffff0
6d9 fe 01 01 00 00 00 0000000f fffffff0
6db ff 01 01 00 00 00 0000000f ffffffff
6dd ff 00 01 00 00 00 00000000 ffffffff
6df fe 00 01 00 00 00 00000000 fffffff0
6e5 fe 01 01 00 00 00 0000000f fffffff0
6e7 ff 01 01 00 00 00 0000000f ffffffff
6e9 ff 00 01 00 00 00 00000000 ffffffff
6eb fe 00 01 00 00 00 00000000 fffffff0
6f1 fe 01 01 00 00 00 0000000f fffffff0
6f3 ff 01 01 00 00 00 0000000f ffffffff
6f5 ff 00 01 00 00 00 00000000 ffffffff
6f7 fe 00 01 00 00 00 00000000 fffffff0
6fd fe 01 01 00 00 00 0000000f fffffff0
6ff ff 01 01 00 00 00 0000000f ffffffff
701 ff 00 01 00 00 00 00000000 ffffffff
703 fe 00 01 00 00 00 00000000 fffffff0
709 fe 01 01 00 00 00 0000000f fffffff0
70b ff 01 01 00 00 00 0000000f ffffffff
70d ff 00 01 00 00 00 00000000 ffffffff
70f fe 00 01 00 00 00 00000000 fffffff0
715 fe 01 01 00 00 00 0000000f fffffff0
717 ff 01 01 00 00 00 0000000f ffffffff
719 ff 00 01 00 00 00 00000000 ffffffff
71b fe 00 01 00 00 00 00000000 fffffff0
721 fe 01 01 00 00 00 0000000f fffffff0
723 ff 01 01 00 00 00 0000000f ffffffff
725 ff 00 01 00 00 00 00000000 ffffffff
727 fe 00 01 00 00 00 00000000 fffffff0
72d fe 01 01 00 00 00 0000000f fffffff0
72f ff 01 01 00 00 00 0000000f ffffffff
731 ff 00 01 00 00 00 00000000 ffffffff
733 fe 00 01 00 00 00 00000000 fffffff0
739 fe 01 01 00 00 00 0000000f fffffff0
73b ff 01 01 00 00 00 0000000f ffffffff
73d ff 00 01 00 00 00 00000000 ffffffff
73f fe 00 01 00 00 00 00000000 fffffff0
745 fe 01 01 00 00 00 0000000f fffffff0
747 ff 01 01 00 00 00 0000000f ffffffff
749 ff 00 01 00 00 00 00000000 ffffffff
74b fe 00 01 00 00 00 00000000 fffffff0
751 fe 01 01 00 00 00 0000000f fffffff0
753 ff 01 01 00 00 00 0000000f ffffffff
755 ff 00 01 00 00 00 00000000 ffffffff
757 fe 00 01 00 00 00 00000000 fffffff0
75d fe 01 01 00 00 00 0000000f fffffff0
75f ff 01 01 00 00 00 0000000f ffffffff
761 ff 00 01 00 00 00 00000000 ffffffff
763 fe 00 01 00 00 00 00000000 fffffff0
769 fe 01 01 00 00 00 0000000f fffffff0
76b ff 01 01 00 00 00 0000000f ffffffff
76d ff 00 01 00 00 00 00000000 ffffffff
76f fe 00 01 00 00 00 00000000 fffffff0
775 fe 01 01 00 00 00 0000000f fffffff0
777 ff 01 01 00 00 00 0000000f ffffffff
779 ff 00 01 00 00 00 00000000 ffffffff
77b fe 00 01 00 00 00 00000000 fffffff0
781 fe 01 01 00 00 00 0000000f fffffff0
783 ff 01 01 00 00 00 0000000f ffffffff
785 ff 00 01 00 00 00 00000000 ffffffff
787 fe 00 01 00 00 00 00000000 fffffff0
78d fe 01 01 00 00 00 0000000f fffffff0
78f ff 01 01 00 00 00 0000000f ffffffff
791 ff 00 01 00 00 00 00000000 ffffffff
793 fe 00 01 00 00 00 00000000 fffffff0
799 fe 01 01 00 00 00 0000000f fffffff0
79b ff 01 01 00 00 00 0000000f ffffffff
79d ff 00 01 00 00 00 00000000 ffffffff
79f fe 00 01 00 00 00 00000000 fffffff0
7a5 fe 01 01 00 00 00 0000000f fffffff0
7a7 ff 01 01 00 00 00 0000000f ffffffff
7a9 ff 00 01 00 00 00 00000000 ffffffff
7ab fe 00 01 00 00 00 00000000 fffffff0
7b1 fe 01 01 00 00 00 0000000f fffffff0
7b3 ff 01 01 00 00 00 0000000f ffffffff
7b5 ff 00 01 00 00 00 00000000 ffffffff
7b7 fe 00 01 00 00 00 00000000 fffffff0
7bd fe 01 01 00 00 00 0000000f fffffff0
7bf ff 01 01 00 00 00 0000000f ffffffff
7c1 ff 00 01 00 00 00 00000000 ffffffff
7c3 fe 00 01 00 00 00 00000000 fffffff0
7c9 fe 01 01 00 00 00 0000000f fffffff0
7cb ff 01 01 00 00 00 0000000f ffffffff
7cd ff 00 01 00 00 00 00000000 ffffffff
7cf fe 00 01 00 00 00 00000000 fffffff0
7d5 fe 01 01 00 00 00 0000000f fffffff0
7d7 ff 01 01 00 00 00 0000000f ffffffff
7d9 ff 00 01 00 00 00 00000000 ffffffff
7db fe 00 01 00 00 00 00000000 fffffff0
7e1 fe 01 01 00 00 00 0000000f fffffff0
7e3 ff 01 01 00 00 00 0000000f ffffffff
7e5 ff 00 01 00 00 00 00000000 ffffffff
7e7 fe 00 01 00 00 00 00000000 fffffff0
7ed fe 01 01 00 00 00 0000000f fffffff0
7ef ff 01 01 00 00 00 0000000f ffffffff
7f1 ff 00 01 00 00 00 00000000 ffffffff
7f3 fe 00 01 00 00 00 00000000 fffffff0
7f9 fe 01 01 00 00 00 0000000f fffffff0
7fb ff 01 01 00 00 00 0000000f ffffffff
7fd ff 00 01 00 00 00 00000000 ffffffff
7ff fe 00 01 00 00 00 00000000 fffffff0
805 fe 01 01 00 00 00 0000000f fffffff0
807 ff 01 01 00 00 00 0000000f ffffffff
809 ff 00 01 00 00 00 00000000 ffffffff
80b fe 00 01 00 00 00 00000000 fffffff0
811 fe 01 01 00 00 00 0000000f fffffff0
813 ff 01 01 00 00 00 0000000f ffffffff
815 ff 00 01 00 00 00 00000000 ffffffff
817 fe 00 01 00 00 00 00000000 fffffff0
81d fe 01 01 00 00 00 0000000f fffffff0
81f ff 01 01 00 00 00 0000000f ffffffff
821 ff 00 01 00 00 00 00000000 ffffffff
823 fe 00 01 00 00 00 00000000 fffffff0
829 fe 01 01 00 00 00 0000000f fffffff0
82b ff 01 01 00 00 00 0000000f ffffffff
82d ff 00 01 00 00 00 00000000 ffffffff
82f fe 00 01 00 00 00 00000000 fffffff0
835 fe 01 01 00 00 00 0000000f fffffff0
837 ff 01 01 00 00 00 0000000f ffffffff
839 ff 00 01 00 00 00 00000000 ffffffff
83b fe 00 01 00 00 00 00000000 fffffff0
841 fe 01 01 00 00 00 0000000f fffffff0
843 ff 01 01 00 00 00 0000000f ffffffff
845 ff 00 01 00 00 00 00000000 ffffffff
847 fe 00 01 00 00 00 00000000 fffffff0
84d fe 01 01 00 00 00 0000000f fffffff0
84f ff 01 01 00 00 00 0000000f ffffffff
851 ff 00 01 00 00 00 00000000 ffffffff
853 fe 00 01 00 00 00 00000000 fffffff0
859 fe 01 01 00 00 00 0000000f fffffff0
85b ff 01 01 00 00 00 0000000f ffffffff
85d ff 00 01 00 00 00 00000000 ffffffff
85f fe 00 01 00 00 00 00000000 fffffff0
865 fe 01 01 00 00 00 0000000f fffffff0
867 ff 01 01 00 00 00 0000000f ffffffff
869 ff 00 01 00 00 00 00000000 ffffffff
86b fe 00 01 00 00 00 00000000 fffffff0
871 fe 01 01 00 00 00 0000000f fffffff0
873 ff 01 01 00 00 00 0000000f ffffffff
875 ff 00 01 00 00 00 00000000 ffffffff
877 fe 00 01 00 00 00 00000000 fffffff0
87d fe 01 01 00 00 00 0000000f fffffff0
87f ff 01 01 00 00 00 0000000f ffffffff
881 ff 00 01 00 00 00 00000000 ffffffff
883 fe 00 01 00 00 00 00000000 fffffff0
889 fe 01 01 00 00 00 0000000f fffffff0
88b ff 01 01 00 00 00 0000000f ffffffff
88d ff 00 01 00 00 00 00000000 ffffffff
88f fe 00 01 00 00 00 00000000 fffffff0
895 fe 01 01 00 00 00 0000000f fffffff0
897 ff 01 01 00 00 00 0000000f ffffffff
899 ff 00 01 00 00 00 00000000 ffffffff
89b fe 00 01 00 00 00 00000000 fffffff0
8a1 fe 01 01 00 00 00 0000000f fffffff0
8a3 ff 01 01 00 00 00 0000000f ffffffff
8a5 ff 00 01 00 00 00 00000000 ffffffff
8a7 fe 00 01 00 00 00 00000000 fffffff0
8ad fe 01 01 00 00 00 0000000f fffffff0
8af ff 01 01 00 00 00 0000000f ffffffff
8b1 ff 00 01 00 00 00 00000000 ffffffff
8b3 fe 00 01 00 00 00 00000000 fffffff0
8b9 fe 01 01 00 00 00 0000000f fffffff0
8bb ff 01 01 00 00 00 0000000f ffffffff
8bd ff 00 01 00 00 00 00000000 ffffffff
8bf fe 00 01 00 00 00 00000000 fffffff0
8c5 fe 01 01 00 00 00 0000000f fffffff0
8c7 ff 01 01 00 00 00 0000000f ffffffff
8c9 ff 00 01 00 00 00 00000000 ffffffff
8cb fe 00 01 00 00 00 00000000 fffffff0
8d1 fe 01 01 00 00 00 0000000f fffffff0
8d3 ff 01 01 00 00 00 0000000f ffffffff
8d5 ff 00 01 00 00 00 00000000 ffffffff
8d7 fe 00 01 00 00 00 00000000 fffffff0
8dd fe 01 01 00 00 00 0000000f fffffff0
8df ff 01 01 00 00 00 0000000f ffffffff
8e1 ff 00 01 00 00 00 00000000 ffffffff
8e3 fe 00 01 00 00 00 00000000 fffffff0
8e9 fe 01 01 00 00 00 0000000f fffffff0
8eb ff 01 01 00 00 00 0000000f ffffffff
8ed ff 00 01 00 00 00 00000000 ffffffff
8ef fe 00 01 00 00 00 00000000 fffffff0
8f5 fe 01 01 00 00 00 0000000f fffffff0
8f7 ff 01 01 00 00 00 0000000f ffffffff
8f9 ff 00 01 00 00 00 00000000 ffffffff
8fb fe 00 01 00 00 00 00000000 fffffff0
901 fe 01 01 00 00 00 0000000f fffffff0
903 ff 01 01 00 00 00 0000000f ffffffff
905 ff 00 01 00 00 00 00000000 ffffffff
907 fe 00 01 00 00 00 00000000 fffffff0
90d fe 01 01 00 00 00 0000000f fffffff0
90f ff 01 01 00 00 00 0000000f ffffffff
911 ff 00 01 00 00 00 00000000 ffffffff
913 fe 00 01 00 00 00 00000000 fffffff0
919 fe 01 01 00 00 00 0000000f fffffff0
91b ff 01 01 00 00 00 0000000f ffffffff
91d ff 00 01 00 00 00 00000000 ffffffff
91f fe 00 01 00 00 00 00000000 fffffff0
925 fe 01 01 00 00 00 0000000f fffffff0
927 ff 01 01 00 00 00 0000000f ffffffff
929 ff 00 01 00 00 00 00000000 ffffffff
92b fe 00 01 00 00 00 00000000 fffffff0
931 fe 01 01 00 00 00 0000000f fffffff0
933 ff 01 01 00 00 00 0000000f ffffffff
935 ff 00 01 00 00 00 00000000 ffffffff
937 fe 00 01 00 00 00 00000000 fffffff0
93d fe 01 01 00 00 00 0000000f fffffff0
93f ff 01 01 00 00 00 0000000f ffffffff
941 ff 00 01 00 00 00 00000000 ffffffff
943 fe 00 01 00 00 00 00000000 fffffff0
949 fe 01 01 00 00 00 0000000f fffffff0
94b ff 01 01 00 00 00 0000000f ffffffff
94d ff 00 01 00 00 00 00000000 ffffffff
94f fe 00 01 00 00 00 00000000 fffffff0
955 fe 01 01 00 00 00 0000000f fffffff0
957 ff 01 01 00 00 00 0000000f ffffffff
959 ff 00 01 00 00 00 00000000 ffffffff
95b fe 00 01 00 00 00 00000000 fffffff0
961 fe 01 01 00 00 00 0000000f fffffff0
963 ff 01 01 00 00 00 0000000f ffffffff
965 ff 00 01 00 00 00 00000000 ffffffff
967 fe 00 01 00 00 00 00000000 fffffff0
96d fe 01 01 00 00 00 0000000f fffffff0
96f ff 01 01 00 00 00 0000000f ffffffff
971 ff 00 01 00 00 00 00000000 ffffffff
973 fe 00 01 00 00 00 00000000 fffffff0
979 fe 01 01 00 00 00 0000000f fffffff0
97b ff 01 01 00 00 00 0000000f ffffffff
97d ff 00 01 00 00 00 00000000 ffffffff
97f fe 00 01 00 00 00 00000000 fffffff0
985 fe 01 01 00 00 00 0000000f fffffff0
987 ff 01 01 00 00 00 0000000f ffffffff
989 ff 00 01 00 00 00 00000000 ffffffff
98b fe 00 01 00 00 00 00000000 fffffff0
991 fe 01 01 00 00 00 0000000f fffffff0
993 ff 01 01 00 00 00 0000000f ffffffff
995 ff 00 01 00 00 00 00000000 ffffffff
997 fe 00 01 00 00 00 00000000 fffffff0
99d fe 01 01 00 00 00 0000000f fffffff0
99f ff 01 01 00 00 00 0000000f ffffffff
9a1 ff 00 01 00 00 00 00000000 ffffffff
9a3 fe 00 01 00 00 00 00000000 fffffff0
9a9 fe 01 01 00 00 00 0000000f fffffff0
9ab ff 01 01 00 00 00 0000000f ffffffff
9ad ff 00 01 00 00 00 00000000 ffffffff
9af fe 00 01 00 00 00 00000000 fffffff0
9b5 fe 01 01 00 00 00 0000000f fffffff0
9b7 ff 01 01 00 00 00 0000000f ffffffff
9b9 ff 00 01 00 00 00 00000000 ffffffff
9bb fe 00 01 00 00 00 00000000 fffffff0
9c1 fe 01 01 00 00 00 0000000f fffffff0
9c3 ff 01 01 00 00 00 0000000f ffffffff
9c5 ff 00 01 00 00 00 00000000 ffffffff
9c7 fe 00 01 00 00 00 00000000 fffffff0
9cd fe 01 01 00 00 00 0000000f fffffff0
9cf ff 01 01 00 00 00 0000000f ffffffff
9d1 ff 00 01 00 00 00 00000000 ffffffff
9d3 fe 00 01 00 00 00 00000000 fffffff0
9d9 fe 01 01 00 00 00 0000000f fffffff0
9db ff 01 01 00 00 00 0000000f ffffffff
9dd ff 00 01 00 00 00 00000000 ffffffff
9df fe 00 01 00 00 00 00000000 fffffff0
9e5 fe 01 01 00 00 00 0000000f fffffff0
9e7 ff 01 01 00 00 00 0000000f ffffffff
9e9 ff 00 01 00 00 00 00000000 ffffffff
9eb fe 00 01 00 00 00 00000000 fffffff0
9f1 fe 01 01 00 00 00 0000000f fffffff0
9f3 ff 01 01 00 00 00 0000000f ffffffff
9f5 ff 00 01 00 00 00 00000000 ffffffff
9f7 fe 00 01 00 00 00 00000000 fffffff0
9fd fe 01 01 00 00 00 0000000f fffffff0
9ff ff 01 01 00 00 00 0000000f ffffffff
a01 ff 00 01 00 00 00 00000000 ffffffff
a03 fe 00 01 00 00 00 00000000 fffffff0
a09 fe 01 01 00 00 00 0000000f fffffff0
a0b ff 01 01 00 00 00 0000000f ffffffff
a0d ff 00 01 00 00 00 00000000 ffffffff
a0f fe 00 01 00 00 00 00000000 fffffff0
a15 fe 01 01 00 00 00 0000000f fffffff0
a17 ff 01 01 00 00 00 0000000f ffffffff
a19 ff 00 01 00 00 00 00000000 ffffffff
a1b fe 00 01 00 00 00 00000000 fffffff0
a21 fe 01 01 00 00 00 0000000f fffffff0
a23 ff 01 01 00 00 00 0000000f ffffffff
a25 ff 00 01 00 00 00 00000000 ffffffff
a27 fe 00 01 00 00 00 00000000 fffffff0
a2d fe 01 01 00 00 00 0000000f fffffff0
a2f ff 01 01 00 00 00 0000000f ffffffff
a31 ff 00 01 00 00 00 00000000 ffffffff
a33 fe 00 01 00 00 00 00000000 fffffff0
a39 fe 01 01 00 00 00 0000000f fffffff0
a3b ff 01 01 00 00 00 0000000f ffffffff
a3d ff 00 01 00 00 00 00000000 ffffffff
a3f fe 00 01 00 00 00 00000000 fffffff0
a45 fe 01 01 00 00 00 0000000f fffffff0
a47 ff 01 01 00 00 00 0000000f ffffffff
a49 ff 00 01 00 00 00 00000000 ffffffff
a4b fe 00 01 00 00 00 00000000 fffffff0
a51 fe 01 01 00 00 00 0000000f fffffff0
a53 ff 01 01 00 00 00 0000000f ffffffff
a55 ff 00 01 00 00 00 00000000 ffffffff
a57 fe 00 01 00 00 00 00000000 fffffff0
a5d fe 01 01 00 00 00 0000000f fffffff0
a5f ff 01 01 00 00 00 0000000f ffffffff
a61 ff 00 01 00 00 00 00000000 ffffffff
a63 fe 00 01 00 00 00 00000000 fffffff0
a69 fe 01 01 00 00 00 0000000f fffffff0
a6b ff 01 01 00 00 00 0000000f ffffffff
a6d ff 00 01 00 00 00 00000000 ffffffff
a6f fe 00 01 00 00 00 00000000 fffffff0
a75 fe 01 01 00 00 00 0000000f fffffff0
a77 ff 01 01 00 00 00 0000000f ffffffff
a79 ff 00 01 00 00 00 00000000 ffffffff
a7b fe 00 01 00 00 00 00000000 fffffff0
a81 fe 01 01 00 00 00 0000000f fffffff0
a83 ff 01 01 00 00 00 0000000f ffffffff
a85 ff 00 01 00 00 00 00000000 ffffffff
a87 fe 00 01 00 00 00 00000000 fffffff0
a8d fe 01 01 00 00 00 0000000f fffffff0
a8f ff 01 01 00 00 00 0000000f ffffffff
a91 ff 00 01 00 00 00 00000000 ffffffff
a93 fe 00 01 00 00 00 00000000 fffffff0
a99 fe 01 01 00 00 00 0000000f fffffff0
a9b ff 01 01 00 00 00 0000000f ffffffff
a9d ff 00 01 00 00 00 00000000 ffffffff
a9f fe 00 01 00 00 00 00000000 fffffff0
aa5 fe 01 01 00 00 00 0000000f fffffff0
aa7 ff 01 01 00 00 00 0000000f ffffffff
aa9 ff 00 01 00 00 00 00000000 ffffffff
aab fe 00 01 00 00 00 00000000 fffffff0
ab1 fe 01 01 00 00 00 0000000f fffffff0
ab3 ff 01 01 00 00 00 0000000f ffffffff
ab5 ff 00 01 00 00 00 00000000 ffffffff
ab7 fe 00 01 00 00 00 00000000 fffffff0
abd fe 01 01 00 00 00 0000000f fffffff0
abf ff 01 01 00 00 00 0000000f ffffffff
ac1 ff 00 01 00 00 00 00000000 ffffffff
ac3 fe 00 01 00 00 00 00000000 fffffff0
ac9 fe 01 01 00 00 00 0000000f fffffff0
acb ff 01 01 00 00 00 0000000f ffffffff
acd ff 00 01 00 00 00 00000000 ffffffff
acf fe 00 01 00 00 00 00000000 fffffff0
ad5 fe 01 01 00 00 00 0000000f fffffff0
ad7 ff 01 01 00 00 00 0000000f ffffffff
ad9 ff 00 01 00 00 00 00000000 ffffffff
adb fe 00 01 00 00 00 00000000 fffffff0
ae1 fe 01 01 00 00 00 0000000f fffffff0
ae3 ff 01 01 00 00 00 0000000f ffffffff
ae5 ff 00 01 00 00 00 00000000 ffffffff
ae7 fe 00 01 00 00 00 00000000 fffffff0
aed fe 01 01 00 00 00 0000000f fffffff0
aef ff 01 01 00 00 00 0000000f ffffffff
af1 ff 00 01 00 00 00 00000000 ffffffff
af3 fe 00 01 00 00 00 00000000 fffffff0
af9 fe 01 01 00 00 00 0000000f fffffff0
afb ff 01 01 00 00 00 0000000f ffffffff
afd ff 00 01 00 00 00 00000000 ffffffff
aff fe 00 01 00 00 00 00000000 fffffff0
b05 fe 01 01 00 00 00 0000000f fffffff0
b07 ff 01 01 00 00 00 0000000f ffffffff
b09 ff 00 01 00 00 00 00000000 ffffffff
b0b fe 00 01 00 00 00 00000000 fffffff0
b11 fe 01 01 00 00 00 0000000f fffffff0
b13 ff 01 01 00 00 00 0000000f ffffffff
b15 ff 00 01 00 00 00 00000000 ffffffff
b17 fe 00 01 00 00 00 00000000 fffffff0
b1d fe 01 01 00 00 00 0000000f fffffff0
b1f ff 01 01 00 00 00 0000000f ffffffff
b21 ff 00 01 00 00 00 00000000 ffffffff
b23 fe 00 01 00 00 00 00000000 fffffff0
b29 fe 01 01 00 00 00 0000000f fffffff0
b2b ff 01 01 00 00 00 0000000f ffffffff
b2d ff 00 01 00 00 00 00000000 ffffffff
b2f fe 00 01 00 00 00 00000000 fffffff0
b35 fe 01 01 00 00 00 0000000f fffffff0
b37 ff 01 01 00 00 00 0000000f ffffffff
b39 ff 00 01 00 00 00 00000000 ffffffff
b3b fe 00 01 00 00 00 00000000 fffffff0
b41 fe 01 01 00 00 00 0000000f fffffff0
b43 ff 01 01 00 00 00 0000000f ffffffff
b45 ff 00 01 00 00 00 00000000 ffffffff
b47 fe 00 01 00 00 00 00000000 fffffff0
b4d fe 01 01 00 00 00 0000000f fffffff0
b4f ff 01 01 00 00 00 0000000f ffffffff
b51 ff 00 01 00 00 00 00000000 ffffffff
b53 fe 00 01 00 00 00 00000000 fffffff0
b59 fe 01 01 00 00 00 0000000f fffffff0
b5b ff 01 01 00 00 00 0000000f ffffffff
b5d ff 00 01 00 00 00 00000000 ffffffff
b5f fe 00 01 00 00 00 00000000 fffffff0
b65 fe 01 01 00 00 00 0000000f fffffff0
b67 ff 01 01 00 00 00 0000000f ffffffff
b69 ff 00 01 00 00 00 00000000 ffffffff
b6b fe 00 01 00 00 00 00000000 fffffff0
b71 fe 01 01 00 00 00 0000000f fffffff0
b73 ff 01 01 00 00 00 0000000f ffffffff
b75 ff 00 01 00 00 00 00000000 ffffffff
b77 fe 00 01 00 00 00 00000000 fffffff0
b7d fe 01 01 00 00 00 0000000f fffffff0
b7f ff 01 01 00 00 00 0000000f ffffffff
b81 ff 00 01 00 00 00 00000000 ffffffff
b83 fe 00 01 00 00 00 00000000 fffffff0
b89 fe 01 01 00 00 00 0000000f fffffff0
b8b ff 01 01 00 00 00 0000000f ffffffff
b8d ff 00 01 00 00 00 00000000 ffffffff
b8f fe 00 01 00 00 00 00000000 fffffff0
b95 fe 01 01 00 00 00 0000000f fffffff0
b97 ff 01 01 00 00 00 0000000f ffffffff
b99 ff 00 01 00 00 00 00000000 ffffffff
b9b fe 00 01 00 00 00 00000000 fffffff0
ba1 fe 01 01 00 00 00 0000000f fffffff0
ba3 ff 01 01 00 00 00 0000000f ffffffff
ba5 ff 00 01 00 00 00 00000000 ffffffff
ba7 fe 00 01 00 00 00 00000000 fffffff0
bad fe 01 01 00 00 00 0000000f fffffff0
baf ff 01 01 00 00 00 0000000f ffffffff
bb1 ff 00 01 00 00 00 00000000 ffffffff
bb3 fe 00 01 00 00 00 00000000 fffffff0
bb9 fe 01 01 00 00 00 0000000f fffffff0
bbb ff 01 01 00 00 00 0000000f ffffffff
bbd ff 00 01 00 00 00 00000000 ffffffff
bbf fe 00 01 00 00 00 00000000 fffffff0
bc5 fe 01 01 00 00 00 0000000f fffffff0
bc7 ff 01 01 00 00 00 0000000f ffffffff
bc9 ff 00 01 00 00 00 00000000 ffffffff
bcb fe 00 01 00 00 00 00000000 fffffff0
bd1 fe 01 01 00 00 00 0000000f fffffff0
bd3 ff 01 01 00 00 00 0000000f ffffffff
bd5 ff 00 01 00 00 00 00000000 ffffffff
bd7 fe 00 01 00 00 00 00000000 fffffff0
bdd fe 01 01 00 00 00 0000000f fffffff0
bdf ff 01 01 00 00 00 0000000f ffffffff
be1 ff 00 01 00 00 00 00000000 ffffffff
be3 fe 00 01 00 00 00 00000000 fffffff0
be9 fe 01 01 00 00 00 0000000f fffffff0
beb ff 01 01 00 00 00 0000000f ffffffff
bed ff 00 01 00 00 00 00000000 ffffffff
bef fe 00 01 00 00 00 00000000 fffffff0
bf5 fe 01 01 00 00 00 0000000f fffffff0
bf7 ff 01 01 00 00 00 0000000f ffffffff
bf9 ff 00 01 00 00 00 00000000 ffffffff
bfb fe 00 01 00 00 00 00000000 fffffff0
c01 fe 01 01 00 00 00 0000000f fffffff0
c03 ff 01 01 00 00 00 0000000f ffffffff
c05 ff 00 01 00 00 00 00000000 ffffffff
c07 fe 00 01 00 00 00 00000000 fffffff0
c0d fe 01 01 00 00 00 0000000f fffffff0
c0f ff 01 01 00 00 00 0000000f ffffffff
c11 ff 00 01 00 00 00 00000000 ffffffff
c13 fe 00 01 00 00 00 00000000 fffffff0
c19 fe 01 01 00 00 00 0000000f fffffff0
c1b ff 01 01 00 00 00 0000000f ffffffff
c1d ff 00 01 00 00 00 00000000 ffffffff
c1f fe 00 01 00 00 00 00000000 fffffff0
c25 fe 01 01 00 00 00 0000000f fffffff0
c27 ff 01 01 00 00 00 0000000f ffffffff
c29 ff 00 01 00 00 00 00000000 ffffffff
c2b fe 00 01 00 00 00 00000000 fffffff0
c31 fe 01 01 00 00 00 0000000f fffffff0
c33 ff 01 01 00 00 00 0000000f ffffffff
c35 ff 00 01 00 00 00 00000000 ffffffff
c37 fe 00 01 00 00 00 00000000 fffffff0
c3d fe 01 01 00 00 00 0000000f fffffff0
c3f ff 01 01 00 00 00 0000000f ffffffff
c41 ff 00 01 00 00 00 00000000 ffffffff
c43 fe 00 01 00 00 00 00000000 fffffff0
c49 fe 01 01 00 00 00 0000000f fffffff0
c4b ff 01 01 00 00 00 0000000f ffffffff
c4d ff 00 01 00 00 00 00000000 ffffffff
c4f fe 00 01 00 00 00 00000000 fffffff0
c55 fe 01 01 00 00 00 0000000f fffffff0
c57 ff 01 01 00 00 00 0000000f ffffffff
c59 ff 00 01 00 00 00 00000000 ffffffff
c5b fe 00 01 00 00 00 00000000 fffffff0
c61 fe 01 01 00 00 00 0000000f fffffff0
c63 ff 01 01 00 00 00 0000000f ffffffff
c65 ff 00 01 00 00 00 00000000 ffffffff
c67 fe 00 01 00 00 00 00000000 fffffff0
c6d fe 01 01 00 00 00 0000000f fffffff0
c6f ff 01 01 00 00 00 0000000f ffffffff
c71 ff 00 01 00 00 00 00000000 ffffffff
c73 fe 00 01 00 00 00 00000000 fffffff0
c79 fe 01 01 00 00 00 0000000f fffffff0
c7b ff 01 01 00 00 00 0000000f ffffffff
c7d ff 00 01 00 00 00 00000000 ffffffff
c7f fe 00 01 00 00 00 00000000 fffffff0
c85 fe 01 01 00 00 00 0000000f fffffff0
c87 ff 01 01 00 00 00 0000000f ffffffff
c89 ff 00 01 00 00 00 00000000 ffffffff
c8b fe 00 01 00 00 00 00000000 fffffff0
c91 fe 01 01 00 00 00 0000000f fffffff0
c93 ff 01 01 00 00 00 0000000f ffffffff
c95 ff 00 01 00 00 00 00000000 ffffffff
c97 fe 00 01 00 00 00 00000000 fffffff0
c9d fe 01 01 00 00 00 0000000f fffffff0
c9f ff 01 01 00 00 00 0000000f ffffffff
ca1 ff 00 01 00 00 00 00000000 ffffffff
ca3 fe 00 01 00 00 00 00000000 fffffff0
ca9 fe 01 01 00 00 00 0000000f fffffff0
cab ff 01 01 00 00 00 0000000f ffffffff
cad ff 00 01 00 00 00 00000000 ffffffff
caf fe 00 01 00 00 00 00000000 fffffff0
cb5 fe 01 01 00 00 00 0000000f fffffff0
cb7 ff 01 01 00 00 00 0000000f ffffffff
cb9 ff 00 01 00 00 00 00000000 ffffffff
cbb fe 00 01 00 00 00 00000000 fffffff0
cc1 fe 01 01 00 00 00 0000000f fffffff0
cc3 ff 01 01 00 00 00 0000000f ffffffff
cc5 ff 00 01 00 00 00 00000000 ffffffff
cc7 fe 00 01 00 00 00 00000000 fffffff0
ccd fe 01 01 00 00 00 0000000f fffffff0
ccf ff 01 01 00 00 00 0000000f ffffffff
cd1 ff 00 01 00 00 00 00000000 ffffffff
cd3 fe 00 01 00 00 00 00000000 fffffff0
cd9 fe 01 01 00 00 00 0000000f fffffff0
cdb ff 01 01 00 00 00 0000000f ffffffff
cdd ff 00 01 00 00 00 00000000 ffffffff
cdf fe 00 01 00 00 00 00000000 fffffff0
ce5 fe 01 01 00 00 00 0000000f fffffff0
ce7 ff 01 01 00 00 00 0000000f ffffffff
ce9 ff 00 01 00 00 00 00000000 ffffffff
ceb fe 00 01 00 00 00 00000000 fffffff0
cf1 fe 01 01 00 00 00 0000000f fffffff0
cf3 ff 01 01 00 00 00 0000000f ffffffff
cf5 ff 00 01 00 00 00 00000000 ffffffff
cf7 fe 00 01 00 00 00 00000000 fffffff0
cfd fe 01 01 00 00 00 0000000f fffffff0
cff ff 01 01 00 00 00 0000000f ffffffff
d01 ff 00 01 00 00 00 00000000 ffffffff
d03 fe 00 01 00 00 00 00000000 fffffff0
d09 fe 01 01 00 00 00 0000000f fffffff0
d0b ff 01 01 00 00 00 0000000f ffffffff
d0d ff 00 01 00 00 00 00000000 ffffffff
d0f fe 00 01 00 00 00 00000000 fffffff0
d15 fe 01 01 00 00 00 0000000f fffffff0
d17 ff 01 01 00 00 00 0000000f ffffffff
d19 ff 00 01 00 00 00 00000000 ffffffff
d1b fe 00 01 00 00 00 00000000 fffffff0
d21 fe 01 01 00 00 00 0000000f fffffff0
d23 ff 01 01 00 00 00 0000000f ffffffff
d25 ff 00 01 00 00 00 00000000 ffffffff
d27 fe 00 01 00 00 00 00000000 fffffff0
d2d fe 01 01 00 00 00 0000000f fffffff0
d2f ff 01 01 00 00 00 0000000f ffffffff
d31 ff 00 01 00 00 00 00000000 ffffffff
d33 fe 00 01 00 00 00 00000000 fffffff0
d39 fe 01 01 00 00 00 0000000f fffffff0
d3b ff 01 01 00 00 00 0000000f ffffffff
d3d ff 00 01 00 00 00 00000000 ffffffff
d3f fe 00 01 00 00 00 00000000 fffffff0
d45 fe 01 01 00 00 00 0000000f fffffff0
d47 ff 01 01 00 00 00 0000000f ffffffff
d49 ff 00 01 00 00 00 00000000 ffffffff
d4b fe 00 01 00 00 00 00000000 fffffff0
d51 fe 01 01 00 00 00 0000000f fffffff0
d53 ff 01 01 00 00 00 0000000f ffffffff
d55 ff 00 01 00 00 00 00000000 ffffffff
d57 fe 00 01 00 00 00 00000000 fffffff0
d5d fe 01 01 00 00 00 0000000f fffffff0
d5f ff 01 01 00 00 00 0000000f ffffffff
d61 ff 00 01 00 00 00 00000000 ffffffff
d63 fe 00 01 00 00 00 00000000 fffffff0
d69 fe 01 01 00 00 00 0000000f fffffff0
d6b ff 01 01 00 00 00 0000000f ffffffff
d6d ff 00 01 00 00 00 00000000 ffffffff
d6f fe 00 01 00 00 00 00000000 fffffff0
d75 fe 01 01 00 00 00 0000000f fffffff0
d77 ff 01 01 00 00 00 0000000f ffffffff
d79 ff 00 01 00 00 00 00000000 ffffffff
d7b fe 00 01 00 00 00 00000000 fffffff0
d81 fe 01 01 00 00 00 0000000f fffffff0
d83 ff 01 01 00 00 00 0000000f ffffffff
d85 ff 00 01 00 00 00 00000000 ffffffff
d87 fe 00 01 00 00 00 00000000 fffffff0
d8d fe 01 01 00 00 00 0000000f fffffff0
d8f ff 01 01 00 00 00 0000000f ffffffff
d91 ff 00 01 00 00 00 00000000 ffffffff
d93 fe 00 01 00 00 00 00000000 fffffff0
d99 fe 01 01 00 00 00 0000000f fffffff0
d9b ff 01 01 00 00 00 0000000f ffffffff
d9d ff 00 01 00 00 00 00000000 ffffffff
d9f fe 00 01 00 00 00 00000000 fffffff0
da5 fe 01 01 00 00 00 0000000f fffffff0
da7 ff 01 01 00 00 00 0000000f ffffffff
da9 ff 00 01 00 00 00 00000000 ffffffff
dab fe 00 01 00 00 00 00000000 fffffff0
db1 fe 01 01 00 00 00 0000000f fffffff0
db3 ff 01 01 00 00 00 0000000f ffffffff
db5 ff 00 01 00 00 00 00000000 ffffffff
db7 fe 00 01 00 00 00 00000000 fffffff0
dbd fe 01 01 00 00 00 0000000f fffffff0
dbf ff 01 01 00 00 00 0000000f ffffffff
dc1 ff 00 01 00 00 00 00000000 ffffffff
dc3 fe 00 01 00 00 00 00000000 fffffff0
dc9 fe 01 01 00 00 00 0000000f fffffff0
dcb ff 01 01 00 00 00 0000000f ffffffff
dcd ff 00 01 00 00 00 00000000 ffffffff
dcf fe 00 01 00 00 00 00000000 fffffff0
dd5 fe 01 01 00 00 00 0000000f fffffff0
dd7 ff 01 01 00 00 00 0000000f ffffffff
dd9 ff 00 01 00 00 00 00000000 ffffffff
ddb fe 00 01 00 00 00 00000000 fffffff0
de1 fe 01 01 00 00 00 0000000f fffffff0
de3 ff 01 01 00 00 00 0000000f ffffffff
de5 ff 00 01 00 00 00 00000000 ffffffff
de7 fe 00 01 00 00 00 00000000 fffffff0
ded fe 01 01 00 00 00 0000000f fffffff0
def ff 01 01 00 00 00 0000000f ffffffff
df1 ff 00 01 00 00 00 00000000 ffffffff
df3 fe 00 01 00 00 00 00000000 fffffff0
df9 fe 01 01 00 00 00 0000000f fffffff0
dfb ff 01 01 00 00 00 0000000f ffffffff
dfd ff 00 01 00 00 00 00000000 ffffffff
dff fe 00 01 00 00 00 00000000 fffffff0
e05 fe 01 01 00 00 00 0000000f fffffff0
e07 ff 01 01 00 00 00 0000000f ffffffff
e09 ff 00 01 00 00 00 00000000 ffffffff
e0b fe 00 01 00 00 00 00000000 fffffff0
e11 fe 01 01 00 00 00 0000000f fffffff0
e13 ff 01 01 00 00 00 0000000f ffffffff
e15 ff 00 01 00 00 00 00000000 ffffffff
e17 fe 00 01 00 00 00 00000000 fffffff0
e1d fe 01 01 00 00 00 0000000f fffffff0
e1f ff 01 01 00 00 00 0000000f ffffffff
e21 ff 00 01 00 00 00 00000000 ffffffff
e23 fe 00 01 00 00 00 00000000 fffffff0
e29 fe 01 01 00 00 00 0000000f fffffff0
e2b ff 01 01 00 00 00 0000000f ffffffff
e2d ff 00 01 00 00 00 00000000 ffffffff
e2f fe 00 01 00 00 00 00000000 fffffff0
e35 fe 01 01 00 00 00 0000000f fffffff0
e37 ff 01 01 00 00 00 0000000f ffffffff
e39 ff 00 01 00 00 00 00000000 ffffffff
e3b fe 00 01 00 00 00 00000000 fffffff0
e41 fe 01 01 00 00 00 0000000f fffffff0
e43 ff 01 01 00 00 00 0000000f ffffffff
e45 ff 00 01 00 00 00 00000000 ffffffff
e47 fe 00 01 00 00 00 00000000 fffffff0
e4d fe 01 01 00 00 00 0000000f fffffff0
e4f ff 01 01 00 00 00 0000000f ffffffff
e51 ff 00 01 00 00 00 00000000 ffffffff
e53 fe 00 01 00 00 00 00000000 fffffff0
e59 fe 01 01 00 00 00 0000000f fffffff0
e5b ff 01 01 00 00 00 0000000f ffffffff
e5d ff 00 01 00 00 00 00000000 ffffffff
e5f fe 00 01 00 00 00 00000000 fffffff0
e65 fe 01 01 00 00 00 0000000f fffffff0
e67 ff 01 01 00 00 00 0000000f ffffffff
e69 ff 00 01 00 00 00 00000000 ffffffff
e6b fe 00 01 00 00 00 00000000 fffffff0
e71 fe 01 01 00 00 00 0000000f fffffff0
e73 ff 01 01 00 00 00 0000000f ffffffff
e75 ff 00 01 00 00 00 00000000 ffffffff
e77 fe 00 01 00 00 00 00000000 fffffff0
e7d fe 01 01 00 00 00 0000000f fffffff0
e7f ff 01 01 00 00 00 0000000f ffffffff
e81 ff 00 01 00 00 00 00000000 ffffffff
e83 fe 00 01 00 00 00 00000000 fffffff0
e89 fe 01 01 00 00 00 0000000f fffffff0
e8b ff 01 01 00 00 00 0000000f ffffffff
e8d ff 00 01 00 00 00 00000000 ffffffff
e8f fe 00 01 00 00 00 00000000 fffffff0
e95 fe 01 01 00 00 00 0000000f fffffff0
e97 ff 01 01 00 00 00 0000000f ffffffff
e99 ff 00 01 00 00 00 00000000 ffffffff
e9b fe 00 01 00 00 00 00000000 fffffff0
ea1 fe 01 01 00 00 00 0000000f fffffff0
ea3 ff 01 01 00 00 00 0000000f ffffffff
ea5 ff 00 01 00 00 00 00000000 ffffffff
ea7 fe 00 01 00 00 00 00000000 fffffff0
ead fe 01 01 00 00 00 0000000f fffffff0
eaf ff 01 01 00 00 00 0000000f ffffffff
eb1 ff 00 01 00 00 00 00000000 ffffffff
eb3 fe 00 01 00 00 00 00000000 fffffff0
eb9 fe 01 01 00 00 00 0000000f fffffff0
ebb ff 01 01 00 00 00 0000000f ffffffff
ebd ff 00 01 00 00 00 00000000 ffffffff
ebf fe 00 01 00 00 00 00000000 fffffff0
ec5 fe 01 01 00 00 00 0000000f fffffff0
ec7 ff 01 01 00 00 00 0000000f ffffffff
ec9 ff 00 01 00 00 00 00000000 ffffffff
ecb fe 00 01 00 00 00 00000000 fffffff0
ed1 fe 01 01 00 00 00 0000000f fffffff0
ed3 ff 01 01 00 00 00 0000000f ffffffff
ed5 ff 00 01 00 00 00 00000000 ffffffff
ed7 fe 00 01 00 00 00 00000000 fffffff0
edd fe 01 01 00 00 00 0000000f fffffff0
edf ff 01 01 00 00 00 0000000f ffffffff
ee1 ff 00 01 00 00 00 00000000 ffffffff
ee3 fe 00 01 00 00 00 00000000 fffffff0
ee9 fe 01 01 00 00 00 0000000f fffffff0
eeb ff 01 01 00 00 00 0000000f ffffffff
eed ff 00 01 00 00 00 00000000 ffffffff
eef fe 00 01 00 00 00 00000000 fffffff0
ef5 fe 01 01 00 00 00 0000000f fffffff0
ef7 ff 01 01 00 00 00 0000000f ffffffff
ef9 ff 00 01 00 00 00 00000000 ffffffff
efb fe 00 01 00 00 00 00000000 fffffff0
f01 fe 01 01 00 00 00 0000000f fffffff0
f03 ff 01 01 00 00 00 0000000f ffffffff
f05 ff 00 01 00 00 00 00000000 ffffffff
f07 fe 00 01 00 00 00 00000000 fffffff0
f0d fe 01 01 00 00 00 0000000f fffffff0
f0f ff 01 01 00 00 00 0000000f ffffffff
f11 ff 00 01 00 00 00 00000000 ffffffff
f13 fe 00 01 00 00 00 00000000 fffffff0
f19 fe 01 01 00 00 00 0000000f fffffff0
f1b ff 01 01 00 00 00 0000000f ffffffff
f1d ff 00 01 00 00 00 00000000 ffffffff
f1f fe 00 01 00 00 00 00000000 fffffff0
f25 fe 01 01 00 00 00 0000000f fffffff0
f27 ff 01 01 00 00 00 0000000f ffffffff
f29 ff 00 01 00 00 00 00000000 ffffffff
f2b fe 00 01 00 00 00 00000000 fffffff0
f31 fe 01 01 00 00 00 0000000f fffffff0
f33 ff 01 01 00 00 00 0000000f ffffffff
f35 ff 00 01 00 00 00 00000000 ffffffff
f37 fe 00 01 00 00 00 00000000 fffffff0
f3d fe 01 01 00 00 00 0000000f fffffff0
f3f ff 01 01 00 00 00 0000000f ffffffff
f41 ff 00 01 00 00 00 00000000 ffffffff
f43 fe 00 01 00 00 00 00000000 fffffff0
f49 fe 01 01 00 00 00 0000000f fffffff0
f4b ff 01 01 00 00 00 0000000f ffffffff
f4d ff 00 01 00 00 00 00000000 ffffffff
f4f fe 00 01 00 00 00 00000000 fffffff0
f55 fe 01 01 00 00 00 0000000f fffffff0
f57 ff 01 01 00 00 00 0000000f ffffffff
f59 ff 00 01 00 00 00 00000000 ffffffff
f5b fe 00 01 00 00 00 00000000 fffffff0
f61 fe 01 01 00 00 00 0000000f fffffff0
f63 ff 01 01 00 00 00 0000000f ffffffff
f65 ff 00 01 00 00 00 00000000 ffffffff
f67 fe 00 01 00 00 00 00000000 fffffff0
f6d fe 01 01 00 00 00 0000000f fffffff0
f6f ff 01 01 00 00 00 0000000f ffffffff
f71 ff 00 01 00 00 00 00000000 ffffffff
f73 fe 00 01 00 00 00 00000000 fffffff0
f79 fe 01 01 00 00 00 0000000f fffffff0
f7b ff 01 01 00 00 00 0000000f ffffffff
f7d ff 00 01 00 00 00 00000000 ffffffff
f7f fe 00 01 00 00 00 00000000 fffffff0
f85 fe 01 01 00 00 00 0000000f fffffff0
f87 ff 01 01 00 00 00 0000000f ffffffff
f89 ff 00 01 00 00 00 00000000 ffffffff
f8b fe 00 01 00 00 00 00000000 fffffff0
f91 fe 01 01 00 00 00 0000000f fffffff0
f93 ff 01 01 00 00 00 0000000f ffffffff
f95 ff 00 01 00 00 00 00000000 ffffffff
f97 fe 00 01 00 00 00 00000000 fffffff0
f9d fe 01 01 00 00 00 0000000f fffffff0
f9f ff 01 01 00 00 00 0000000f ffffffff
fa1 ff 00 01 00 00 00 00000000 ffffffff
fa3 fe 00 01 00 00 00 00000000 fffffff0
fa9 fe 01 01 00 00 00 0000000f fffffff0
fab ff 01 01 00 00 00 0000000f ffffffff
fad ff 00 01 00 00 00 00000000 ffffffff
faf fe 00 01 00 00 00 00000000 fffffff0
fb5 fe 01 01 00 00 00 0000000f fffffff0
fb7 ff 01 01 00 00 00 0000000f ffffffff
fb9 ff 00 01 00 00 00 00000000 ffffffff
fbb fe 00 01 00 00 00 00000000 fffffff0
fc1 fe 01 01 00 00 00 0000000f fffffff0
fc3 ff 01 01 00 00 00 0000000f ffffffff
fc5 ff 00 01 00 00 00 00000000 ffffffff
fc7 fe 00 01 00 00 00 00000000 fffffff0
fcd fe 01 01 00 00 00 0000000f fffffff0
fcf ff 01 01 00 00 00 0000000f ffffffff
fd1 ff 00 01 00 00 00 00000000 ffffffff
fd3 fe 00 01 00 00 00 00000000 fffffff0
fd9 fe 01 01 00 00 00 0000000f fffffff0
fdb ff 01 01 00 00 00 0000000f ffffffff
fdd ff 00 01 00 00 00 00000000 ffffffff
fdf fe 00 01 00 00 00 00000000 fffffff0
fe5 fe 01 01 00 00 00 0000000f fffffff0
fe7 ff 01 01 00 00 00 0000000f ffffffff
fe9 ff 00 01 00 00 00 00000000 ffffffff
feb fe 00 01 00 00 00 00000000 fffffff0
ff1 fe 01 01 00 00 00 0000000f fffffff0
ff3 ff 01 01 00 00 00 0000000f ffffffff
ff5 ff 00 01 00 00 00 00000000 ffffffff
ff7 fe 00 01 00 00 00 00000000 fffffff0
ffd fe 01 01 00 00 00 0000000f fffffff0
fff ff 01 01 00 00 00 0000000f ffffffff
1001 ff 00 01 00 00 00 00000000 ffffffff
1003 fe 00 01 00 00 00 00000000 fffffff0
1009 fe 01 01 00 00 00 0000000f fffffff0
100b ff 01 01 00 00 00 0000000f ffffffff
100d ff 00 01 00 00 00 00000000 ffffffff
100f fe 00 01 00 00 00 00000000 fffffff0
1015 fe 01 01 00 00 00 0000000f fffffff0
1017 ff 01 01 00 00 00 0000000f ffffffff
1019 ff 00 01 00 00 00 00000000 ffffffff
101b fe 00 01 00 00 00 00000000 fffffff0
1021 fe 01 01 00 00 00 0000000f fffffff0
1023 ff 01 01 00 00 00 0000000f ffffffff
1025 ff 00 01 00 00 00 00000000 ffffffff
1027 fe 00 01 00 00 00 00000000 fffffff0
102d fe 01 01 00 00 00 0000000f fffffff0
102f ff 01 01 00 00 00 0000000f ffffffff
1031 ff 00 01 00 00 00 00000000 ffffffff
1033 fe 00 01 00 00 00 00000000 fffffff0
1039 fe 01 01 00 00 00 0000000f fffffff0
103b ff 01 01 00 00 00 0000000f ffffffff
103d ff 00 01 00 00 00 00000000 ffffffff
103f fe 00 01 00 00 00 00000000 fffffff0
1045 fe 01 01 00 00 00 0000000f fffffff0
1047 ff 01 01 00 00 00 0000000f ffffffff
1049 ff 00 01 00 00 00 00000000 ffffffff
104b fe 00 01 00 00 00 00000000 fffffff0
1051 fe 01 01 00 00 00 0000000f fffffff0
1053 ff 01 01 00 00 00 0000000f ffffffff
1055 ff 00 01 00 00 00 00000000 ffffffff
1057 fe 00 01 00 00 00 00000000 fffffff0
105d fe 01 01 00 00 00 0000000f fffffff0
105f ff 01 01 00 00 00 0000000f ffffffff
1061 ff 00 01 00 00 00 00000000 ffffffff
1063 fe 00 01 00 00 00 00000000 fffffff0
1069 fe 01 01 00 00 00 0000000f fffffff0
106b ff 01 01 00 00 00 0000000f ffffffff
106d ff 00 01 00 00 00 00000000 ffffffff
106f fe 00 01 00 00 00 00000000 fffffff0
1075 fe 01 01 00 00 00 0000000f fffffff0
1077 ff 01 01 00 00 00 0000000f ffffffff
1079 ff 00 01 00 00 00 00000000 ffffffff
107b fe 00 01 00 00 00 00000000 fffffff0
1081 fe 01 01 00 00 00 0000000f fffffff0
1083 ff 01 01 00 00 00 0000000f ffffffff
1085 ff 00 01 00 00 00 00000000 ffffffff
1087 fe 00 01 00 00 00 00000000 fffffff0
108d fe 01 01 00 00 00 0000000f fffffff0
108f ff 01 01 00 00 00 0000000f ffffffff
1091 ff 00 01 00 00 00 00000000 ffffffff
1093 fe 00 01 00 00 00 00000000 fffffff0
1099 fe 01 01 00 00 00 0000000f fffffff0
109b ff 01 01 00 00 00 0000000f ffffffff
109d ff 00 01 00 00 00 00000000 ffffffff
109f fe 00 01 00 00 00 00000000 fffffff0
10a5 fe 01 01 00 00 00 0000000f fffffff0
10a7 ff 01 01 00 00 00 0000000f ffffffff
10a9 ff 00 01 00 00 00 00000000 ffffffff
10ab fe 00 01 00 00 00 00000000 fffffff0
10b1 fe 01 01 00 00 00 0000000f fffffff0
10b3 ff 01 01 00 00 00 0000000f ffffffff
10b5 ff 00 01 00 00 00 00000000 ffffffff
10b7 fe 00 01 00 00 00 00000000 fffffff0
10bd fe 01 01 00 00 00 0000000f fffffff0
10bf ff 01 01 00 00 00 0000000f ffffffff
10c1 ff 00 01 00 00 00 00000000 ffffffff
10c3 fe 00 01 00 00 00 00000000 fffffff0
10c9 fe 01 01 00 00 00 0000000f fffffff0
10cb ff 01 01 00 00 00 0000000f ffffffff
10cd ff 00 01 00 00 00 00000000 ffffffff
10cf fe 00 01 00 00 00 00000000 fffffff0
10d5 fe 01 01 00 00 00 0000000f fffffff0
10d7 ff 01 01 00 00 00 0000000f ffffffff
10d9 ff 00 01 00 00 00 00000000 ffffffff
10db fe 00 01 00 00 00 00000000 fffffff0
10e1 fe 01 01 00 00 00 0000000f fffffff0
10e3 ff 01 01 00 00 00 0000000f ffffffff
10e5 ff 00 01 00 00 00 00000000 ffffffff
10e7 fe 00 01 00 00 00 00000000 fffffff0
10ed fe 01 01 00 00 00 0000000f fffffff0
10ef ff 01 01 00 00 00 0000000f ffffffff
10f1 ff 00 01 00 00 00 00000000 ffffffff
10f3 fe 00 01 00 00 00 00000000 fffffff0
10f9 fe 01 01 00 00 00 0000000f fffffff0
10fb ff 01 01 00 00 00 0000000f ffffffff
10fd ff 00 01 00 00 00 00000000 ffffffff
10ff fe 00 01 00 00 00 00000000 fffffff0
1105 fe 01 01 00 00 00 0000000f fffffff0
1107 ff 01 01 00 00 00 0000000f ffffffff
1109 ff 00 01 00 00 00 00000000 ffffffff
110b fe 00 01 00 00 00 00000000 fffffff0
1111 fe 01 01 00 00 00 0000000f fffffff0
1113 ff 01 01 00 00 00 0000000f ffffffff
1115 ff 00 01 00 00 00 00000000 ffffffff
1117 fe 00 01 00 00 00 00000000 fffffff0
111d fe 01 01 00 00 00 0000000f fffffff0
111f ff 01 01 00 00 00 0000000f ffffffff
1121 ff 00 01 00 00 00 00000000 ffffffff
1123 fe 00 01 00 00 00 00000000 fffffff0
1129 fe 01 01 00 00 00 0000000f fffffff0
112b ff 01 01 00 00 00 0000000f ffffffff
112d ff 00 01 00 00 00 00000000 ffffffff
112f fe 00 01 00 00 00 00000000 fffffff0
1135 fe 01 01 00 00 00 0000000f fffffff0
1137 ff 01 01 00 00 00 0000000f ffffffff
1139 ff 00 01 00 00 00 00000000 ffffffff
113b fe 00 01 00 00 00 00000000 fffffff0
1141 fe 01 01 00 00 00 0000000f fffffff0
1143 ff 01 01 00 00 00 0000000f ffffffff
1145 ff 00 01 00 00 00 00000000 ffffffff
1147 fe 00 01 00 00 00 00000000 fffffff0
114d fe 01 01 00 00 00 0000000f fffffff0
114f ff 01 01 00 00 00 0000000f ffffffff
1151 ff 00 01 00 00 00 00000000 ffffffff
1153 fe 00 01 00 00 00 00000000 fffffff0
1159 fe 01 01 00 00 00 0000000f fffffff0
115b ff 01 01 00 00 00 0000000f ffffffff
115d ff 00 01 00 00 00 00000000 ffffffff
115f fe 00 01 00 00 00 00000000 fffffff0
1165 fe 01 01 00 00 00 0000000f fffffff0
1167 ff 01 01 00 00 00 0000000f ffffffff
1169 ff 00 01 00 00 00 00000000 ffffffff
116b fe 00 01 00 00 00 00000000 fffffff0
1171 fe 01 01 00 00 00 0000000f fffffff0
1173 ff 01 01 00 00 00 0000000f ffffffff
1175 ff 00 01 00 00 00 00000000 ffffffff
1177 fe 00 01 00 00 00 00000000 fffffff0
117d fe 01 01 00 00 00 0000000f fffffff0
117f ff 01 01 00 00 00 0000000f ffffffff
1181 ff 00 01 00 00 00 00000000 ffffffff
1183 fe 00 01 00 00 00 00000000 fffffff0
1189 fe 01 01 00 00 00 0000000f fffffff0
118b ff 01 01 00 00 00 0000000f ffffffff
118d ff 00 01 00 00 00 00000000 ffffffff
118f fe 00 01 00 00 00 00000000 fffffff0
1195 fe 01 01 00 00 00 0000000f fffffff0
1197 ff 01 01 00 00 00 0000000f ffffffff
1199 ff 00 01 00 00 00 00000000 ffffffff
119b fe 00 01 00 00 00 00000000 fffffff0
11a1 fe 01 01 00 00 00 0000000f fffffff0
11a3 ff 01 01 00 00 00 0000000f ffffffff
11a5 ff 00 01 00 00 00 00000000 ffffffff
11a7 fe 00 01 00 00 00 00000000 fffffff0
11ad fe 01 01 00 00 00 0000000f fffffff0
11af ff 01 01 00 00 00 0000000f ffffffff
11b1 ff 00 01 00 00 00 00000000 ffffffff
11b3 fe 00 01 00 00 00 00000000 fffffff0
11b9 fe 01 01 00 00 00 0000000f fffffff0
11bb ff 01 01 00 00 00 0000000f ffffffff
11bd ff 00 01 00 00 00 00000000 ffffffff
11bf fe 00 01 00 00 00 00000000 fffffff0
11c5 fe 01 01 00 00 00 0000000f fffffff0
11c7 ff 01 01 00 00 00 0000000f ffffffff
11c9 ff 00 01 00 00 00 00000000 ffffffff
11cb fe 00 01 00 00 00 00000000 fffffff0
11d1 fe 01 01 00 00 00 0000000f fffffff0
11d3 ff 01 01 00 00 00 0000000f ffffffff
11d5 ff 00 01 00 00 00 00000000 ffffffff
11d7 fe 00 01 00 00 00 00000000 fffffff0
11dd fe 01 01 00 00 00 0000000f fffffff0
11df ff 01 01 00 00 00 0000000f ffffffff
11e1 ff 00 01 00 00 00 00000000 ffffffff
11e3 fe 00 01 00 00 00 00000000 fffffff0
11e9 fe 01 01 00 00 00 0000000f fffffff0
11eb ff 01 01 00 00 00 0000000f ffffffff
11ed ff 00 01 00 00 00 00000000 ffffffff
11ef fe 00 01 00 00 00 00000000 fffffff0
11f5 fe 01 01 00 00 00 0000000f fffffff0
11f7 ff 01 01 00 00 00 0000000f ffffffff
11f9 ff 00 01 00 00 00 00000000 ffffffff
11fb fe 00 01 00 00 00 00000000 fffffff0
1201 fe 01 01 00 00 00 0000000f fffffff0
1203 ff 01 01 00 00 00 0000000f ffffffff
1205 ff 00 01 00 00 00 00000000 ffffffff
1207 fe 00 01 00 00 00 00000000 fffffff0
120d fe 01 01 00 00 00 0000000f fffffff0
120f ff 01 01 00 00 00 0000000f ffffffff
1211 ff 00 01 00 00 00 00000000 ffffffff
1213 fe 00 01 00 00 00 00000000 fffffff0
1219 fe 01 01 00 00 00 0000000f fffffff0
121b ff 01 01 00 00 00 0000000f ffffffff
121d ff 00 01 00 00 00 00000000 ffffffff
121f fe 00 01 00 00 00 00000000 fffffff0
1225 fe 01 01 00 00 00 0000000f fffffff0
1227 ff 01 01 00 00 00 0000000f ffffffff
1229 ff 00 01 00 00 00 00000000 ffffffff
122b fe 00 01 00 00 00 00000000 fffffff0
1231 fe 01 01 00 00 00 0000000f fffffff0
1233 ff 01 01 00 00 00 0000000f ffffffff
1235 ff 00 01 00 00 00 00000000 ffffffff
1237 fe 00 01 00 00 00 00000000 fffffff0
123d fe 01 01 00 00 00 0000000f fffffff0
123f ff 01 01 00 00 00 0000000f ffffffff
1241 ff 00 01 00 00 00 00000000 ffffffff
1243 fe 00 01 00 00 00 00000000 fffffff0
1249 fe 01 01 00 00 00 0000000f fffffff0
124b ff 01 01 00 00 00 0000000f ffffffff
124d ff 00 01 00 00 00 00000000 ffffffff
124f fe 00 01 00 00 00 00000000 fffffff0
1255 fe 01 01 00 00 00 0000000f fffffff0
1257 ff 01 01 00 00 00 0000000f ffffffff
1259 ff 00 01 00 00 00 00000000 ffffffff
125b fe 00 01 00 00 00 00000000 fffffff0
1261 fe 01 01 00 00 00 0000000f fffffff0
1263 ff 01 01 00 00 00 0000000f ffffffff
1265 ff 00 01 00 00 00 00000000 ffffffff
1267 fe 00 01 00 00 00 00000000 fffffff0
126d fe 01 01 00 00 00 0000000f fffffff0
126f ff 01 01 00 00 00 0000000f ffffffff
1271 ff 00 01 00 00 00 00000000 ffffffff
1273 fe 00 01 00 00 00 00000000 fffffff0
1279 fe 01 01 00 00 00 0000000f fffffff0
127b ff 01 01 00 00 00 0000000f ffffffff
127d ff 00 01 00 00 00 00000000 ffffffff
127f fe 00 01 00 00 00 00000000 fffffff0
1285 fe 01 01 00 00 00 0000000f fffffff0
1287 ff 01 01 00 00 00 0000000f ffffffff
1289 ff 00 01 00 00 00 00000000 ffffffff
128b fe 00 01 00 00 00 00000000 fffffff0
1291 fe 01 01 00 00 00 0000000f fffffff0
1293 ff 01 01 00 00 00 0000000f ffffffff
1295 ff 00 01 00 00 00 00000000 ffffffff
1297 fe 00 01 00 00 00 00000000 fffffff0
129d fe 01 01 00 00 00 0000000f fffffff0
129f ff 01 01 00 00 00 0000000f ffffffff
12a1 ff 00 01 00 00 00 00000000 ffffffff
12a3 fe 00 01 00 00 00 00000000 fffffff0
12a9 fe 01 01 00 00 00 0000000f fffffff0
12ab ff 01 01 00 00 00 0000000f ffffffff
12ad ff 00 01 00 00 00 00000000 ffffffff
12af fe 00 01 00 00 00 00000000 fffffff0
12b5 fe 01 01 00 00 00 0000000f fffffff0
12b7 ff 01 01 00 00 00 0000000f ffffffff
12b9 ff 00 01 00 00 00 00000000 ffffffff
12bb fe 00 01 00 00 00 00000000 fffffff0
12c1 fe 01 01 00 00 00 0000000f fffffff0
12c3 ff 01 01 00 00 00 0000000f ffffffff
12c5 ff 00 01 00 00 00 00000000 ffffffff
12c7 fe 00 01 00 00 00 00000000 fffffff0
12cd fe 01 01 00 00 00 0000000f fffffff0
12cf ff 01 01 00 00 00 0000000f ffffffff
12d1 ff 00 01 00 00 00 00000000 ffffffff
12d3 fe 00 01 00 00 00 00000000 fffffff0
12d9 fe 01 01 00 00 00 0000000f fffffff0
12db ff 01 01 00 00 00 0000000f ffffffff
12dd ff 00 01 00 00 00 00000000 ffffffff
12df fe 00 01 00 00 00 00000000 fffffff0
12e5 fe 01 01 00 00 00 0000000f fffffff0
12e7 ff 01 01 00 00 00 0000000f ffffffff
12e9 ff 00 01 00 00 00 00000000 ffffffff
12eb fe 00 01 00 00 00 00000000 fffffff0
12f1 fe 01 01 00 00 00 0000000f fffffff0
12f3 ff 01 01 00 00 00 0000000f ffffffff
12f5 ff 00 01 00 00 00 00000000 ffffffff
12f7 fe 00 01 00 00 00 00000000 fffffff0
12fd fe 01 01 00 00 00 0000000f fffffff0
12ff ff 01 01 00 00 00 0000000f ffffffff
1301 ff 00 01 00 00 00 00000000 ffffffff
1303 fe 00 01 00 00 00 00000000 fffffff0
1309 fe 01 01 00 00 00 0000000f fffffff0
130b ff 01 01 00 00 00 0000000f ffffffff
130d ff 00 01 00 00 00 00000000 ffffffff
130f fe 00 01 00 00 00 00000000 fffffff0
1315 fe 01 01 00 00 00 0000000f fffffff0
1317 ff 01 01 00 00 00 0000000f ffffffff
1319 ff 00 01 00 00 00 00000000 ffffffff
131b fe 00 01 00 00 00 00000000 fffffff0
1321 fe 01 01 00 00 00 0000000f fffffff0
1323 ff 01 01 00 00 00 0000000f ffffffff
1325 ff 00 01 00 00 00 00000000 ffffffff
1327 fe 00 01 00 00 00 00000000 fffffff0
132d fe 01 01 00 00 00 0000000f fffffff0
132f ff 01 01 00 00 00 0000000f ffffffff
1331 ff 00 01 00 00 00 00000000 ffffffff
1333 fe 00 01 00 00 00 00000000 fffffff0
1339 fe 01 01 00 00 00 0000000f fffffff0
133b ff 01 01 00 00 00 0000000f ffffffff
133d ff 00 01 00 00 00 00000000 ffffffff
133f fe 00 01 00 00 00 00000000 fffffff0
1345 fe 01 01 00 00 00 0000000f fffffff0
1347 ff 01 01 00 00 00 0000000f ffffffff
1349 ff 00 01 00 00 00 00000000 ffffffff
134b fe 00 01 00 00 00 00000000 fffffff0
1351 fe 01 01 00 00 00 0000000f fffffff0
1353 ff 01 01 00 00 00 0000000f ffffffff
1355 ff 00 01 00 00 00 00000000 ffffffff
1357 fe 00 01 00 00 00 00000000 fffffff0
135d fe 01 01 00 00 00 0000000f fffffff0
135f ff 01 01 00 00 00 0000000f ffffffff
1361 ff 00 01 00 00 00 00000000 ffffffff
1363 fe 00 01 00 00 00 00000000 fffffff0
1369 fe 01 01 00 00 00 0000000f fffffff0
136b ff 01 01 00 00 00 0000000f ffffffff
136d ff 00 01 00 00 00 00000000 ffffffff
136f fe 00 01 00 00 00 00000000 fffffff0
1375 fe 01 01 00 00 00 0000000f fffffff0
1377 ff 01 01 00 00 00 0000000f ffffffff
1379 ff 00 01 00 00 00 00000000 ffffffff
137b fe 00 01 00 00 00 00000000 fffffff0
1381 fe 01 01 00 00 00 0000000f fffffff0
1383 ff 01 01 00 00 00 0000000f ffffffff
1385 ff 00 01 00 00 00 00000000 ffffffff
1387 fe 00 01 00 00 00 00000000 fffffff0
138d fe 01 01 00 00 00 0000000f fffffff0
138f ff 01 01 00 00 00 0000000f ffffffff
1391 ff 00 01 00 00 00 00000000 ffffffff
1393 fe 00 01 00 00 00 00000000 fffffff0
1399 fe 01 01 00 00 00 0000000f fffffff0
139b ff 01 01 00 00 00 0000000f ffffffff
139d ff 00 01 00 00 00 00000000 ffffffff
139f fe 00 01 00 00 00 00000000 fffffff0
13a5 fe 01 01 00 00 00 0000000f fffffff0
13a7 ff 01 01 00 00 00 0000000f ffffffff
13a9 ff 00 01 00 00 00 00000000 ffffffff
13ab fe 00 01 00 00 00 00000000 fffffff0
13b1 fe 01 01 00 00 00 0000000f fffffff0
13b3 ff 01 01 00 00 00 0000000f ffffffff
13b5 ff 00 01 00 00 00 00000000 ffffffff
13b7 fe 00 01 00 00 00 00000000 fffffff0
13bd fe 01 01 00 00 00 0000000f fffffff0
13bf ff 01 01 00 00 00 0000000f ffffffff
13c1 ff 00 01 00 00 00 00000000 ffffffff
13c3 fe 00 01 00 00 00 00000000 fffffff0
13c9 fe 01 01 00 00 00 0000000f fffffff0
13cb ff 01 01 00 00 00 0000000f ffffffff
13cd ff 00 01 00 00 00 00000000 ffffffff
13cf fe 00 01 00 00 00 00000000 fffffff0
13d5 fe 01 01 00 00 00 0000000f fffffff0
13d7 ff 01 01 00 00 00 0000000f ffffffff
13d9 ff 00 01 00 00 00 00000000 ffffffff
13db fe 00 01 00 00 00 00000000 fffffff0
13e1 fe 01 01 00 00 00 0000000f fffffff0
13e3 ff 01 01 00 00 00 0000000f ffffffff
13e5 ff 00 01 00 00 00 00000000 ffffffff
13e7 fe 00 01 00 00 00 00000000 fffffff0
13ed fe 01 01 00 00 00 0000000f fffffff0
13ef ff 01 01 00 00 00 0000000f ffffffff
13f1 ff 00 01 00 00 00 00000000 ffffffff
13f3 fe 00 01 00 00 00 00000000 fffffff0
13f9 fe 01 01 00 00 00 0000000f fffffff0
13fb ff 01 01 00 00 00 0000000f ffffffff
13fd ff 00 01 00 00 00 00000000 ffffffff
13ff fe 00 01 00 00 00 00000000 fffffff0
1405 fe 01 01 00 00 00 0000000f fffffff0
1407 ff 01 01 00 00 00 0000000f ffffffff
1409 ff 00 01 00 00 00 00000000 ffffffff
140b fe 00 01 00 00 00 00000000 fffffff0
1411 fe 01 01 00 00 00 0000000f fffffff0
1413 ff 01 01 00 00 00 0000000f ffffffff
1415 ff 00 01 00 00 00 00000000 ffffffff
1417 fe 00 01 00 00 00 00000000 fffffff0
141d fe 01 01 00 00 00 0000000f fffffff0
141f ff 01 01 00 00 00 0000000f ffffffff
1421 ff 00 01 00 00 00 00000000 ffffffff
1423 fe 00 01 00 00 00 00000000 fffffff0
1429 fe 01 01 00 00 00 0000000f fffffff0
142b ff 01 01 00 00 00 0000000f ffffffff
142d ff 00 01 00 00 00 00000000 ffffffff
142f fe 00 01 00 00 00 00000000 fffffff0
1435 fe 01 01 00 00 00 0000000f fffffff0
1437 ff 01 01 00 00 00 0000000f ffffffff
1439 ff 00 01 00 00 00 00000000 ffffffff
143b fe 00 01 00 00 00 00000000 fffffff0
1441 fe 01 01 00 00 00 0000000f fffffff0
1443 ff 01 01 00 00 00 0000000f ffffffff
1445 ff 00 01 00 00 00 00000000 ffffffff
1447 fe 00 01 00 00 00 00000000 fffffff0
144d fe 01 01 00 00 00 0000000f fffffff0
144f ff 01 01 00 00 00 0000000f ffffffff
1451 ff 00 01 00 00 00 00000000 ffffffff
1453 fe 00 01 00 00 00 00000000 fffffff0
1459 fe 01 01 00 00 00 0000000f fffffff0
145b ff 01 01 00 00 00 0000000f ffffffff
145d ff 00 01 00 00 00 00000000 ffffffff
145f fe 00 01 00 00 00 00000000 fffffff0
1465 fe 01 01 00 00 00 0000000f fffffff0
1467 ff 01 01 00 00 00 0000000f ffffffff
1469 ff 00 01 00 00 00 00000000 ffffffff
146b fe 00 01 00 00 00 00000000 fffffff0
1471 fe 01 01 00 00 00 0000000f fffffff0
1473 ff 01 01 00 00 00 0000000f ffffffff
1475 ff 00 01 00 00 00 00000000 ffffffff
1477 fe 00 01 00 00 00 00000000 fffffff0
147d fe 01 01 00 00 00 0000000f fffffff0
147f ff 01 01 00 00 00 0000000f ffffffff
1481 ff 00 01 00 00 00 00000000 ffffffff
1483 fe 00 01 00 00 00 00000000 fffffff0
1489 fe 01 01 00 00 00 0000000f fffffff0
148b ff 01 01 00 00 00 0000000f ffffffff
148d ff 00 01 00 00 00 00000000 ffffffff
148f fe 00 01 00 00 00 00000000 fffffff0
1495 fe 01 01 00 00 00 0000000f fffffff0
1497 ff 01 01 00 00 00 0000000f ffffffff
1499 ff 00 01 00 00 00 00000000 ffffffff
149b fe 00 01 00 00 00 00000000 fffffff0
14a1 fe 01 01 00 00 00 0000000f fffffff0
14a3 ff 01 01 00 00 00 0000000f ffffffff
14a5 ff 00 01 00 00 00 00000000 ffffffff
14a7 fe 00 01 00 00 00 00000000 fffffff0
14ad fe 01 01 00 00 00 0000000f fffffff0
14af ff 01 01 00 00 00 0000000f ffffffff
14b1 ff 00 01 00 00 00 00000000 ffffffff
14b3 fe 00 01 00 00 00 00000000 fffffff0
14b9 fe 01 01 00 00 00 0000000f fffffff0
14bb ff 01 01 00 00 00 0000000f ffffffff
14bd ff 00 01 00 00 00 00000000 ffffffff
14bf fe 00 01 00 00 00 00000000 fffffff0
14c5 fe 01 01 00 00 00 0000000f fffffff0
14c7 ff 01 01 00 00 00 0000000f ffffffff
14c9 ff 00 01 00 00 00 00000000 ffffffff
14cb fe 00 01 00 00 00 00000000 fffffff0
14d1 fe 01 01 00 00 00 0000000f fffffff0
14d3 ff 01 01 00 00 00 0000000f ffffffff
14d5 ff 00 01 00 00 00 00000000 ffffffff
14d7 fe 00 01 00 00 00 00000000 fffffff0
14dd fe 01 01 00 00 00 0000000f fffffff0
14df ff 01 01 00 00 00 0000000f ffffffff
14e1 ff 00 01 00 00 00 00000000 ffffffff
14e3 fe 00 01 00 00 00 00000000 fffffff0
14e9 fe 01 01 00 00 00 0000000f fffffff0
14eb ff 01 01 00 00 00 0000000f ffffffff
14ed ff 00 01 00 00 00 00000000 ffffffff
14ef fe 00 01 00 00 00 00000000 fffffff0
14f5 fe 01 01 00 00 00 0000000f fffffff0
14f7 ff 01 01 00 00 00 0000000f ffffffff
14f9 ff 00 01 00 00 00 00000000 ffffffff
14fb fe 00 01 00 00 00 00000000 fffffff0
1501 fe 01 01 00 00 00 0000000f fffffff0
1503 ff 01 01 00 00 00 0000000f ffffffff
1505 ff 00 01 00 00 00 00000000 ffffffff
1507 fe 00 01 00 00 00 00000000 fffffff0
150d fe 01 01 00 00 00 0000000f fffffff0
150f ff 01 01 00 00 00 0000000f ffffffff
1511 ff 00 01 00 00 00 00000000 ffffffff
1513 fe 00 01 00 00 00 00000000 fffffff0
1519 fe 01 01 00 00 00 0000000f fffffff0
151b ff 01 01 00 00 00 0000000f ffffffff
151d ff 00 01 00 00 00 00000000 ffffffff
151f fe 00 01 00 00 00 00000000 fffffff0
1525 fe 01 01 00 00 00 0000000f fffffff0
1527 ff 01 01 00 00 00 0000000f ffffffff
1529 ff 00 01 00 00 00 00000000 ffffffff
152b fe 00 01 00 00 00 00000000 fffffff0
1531 fe 01 01 00 00 00 0000000f fffffff0
1533 ff 01 01 00 00 00 0000000f ffffffff
1535 ff 00 01 00 00 00 00000000 ffffffff
1537 fe 00 01 00 00 00 00000000 fffffff0
153d fe 01 01 00 00 00 0000000f fffffff0
153f ff 01 01 00 00 00 0000000f ffffffff
1541 ff 00 01 00 00 00 00000000 ffffffff
1543 fe 00 01 00 00 00 00000000 fffffff0
1549 fe 01 01 00 00 00 0000000f fffffff0
154b ff 01 01 00 00 00 0000000f ffffffff
154d ff 00 01 00 00 00 00000000 ffffffff
154f fe 00 01 00 00 00 00000000 fffffff0
1555 fe 01 01 00 00 00 0000000f fffffff0
1557 ff 01 01 00 00 00 0000000f ffffffff
1559 ff 00 01 00 00 00 00000000 ffffffff
155b fe 00 01 00 00 00 00000000 fffffff0
1561 fe 01 01 00 00 00 0000000f fffffff0
1563 ff 01 01 00 00 00 0000000f ffffffff
1565 ff 00 01 00 00 00 00000000 ffffffff
1567 fe 00 01 00 00 00 00000000 fffffff0
156d fe 01 01 00 00 00 0000000f fffffff0
156f ff 01 01 00 00 00 0000000f ffffffff
1571 ff 00 01 00 00 00 00000000 ffffffff
1573 fe 00 01 00 00 00 00000000 fffffff0
1579 fe 01 01 00 00 00 0000000f fffffff0
157b ff 01 01 00 00 00 0000000f ffffffff
157d ff 00 01 00 00 00 00000000 ffffffff
157f fe 00 01 00 00 00 00000000 fffffff0
1585 fe 01 01 00 00 00 0000000f fffffff0
1587 ff 01 01 00 00 00 0000000f ffffffff
1589 ff 00 01 00 00 00 00000000 ffffffff
158b fe 00 01 00 00 00 00000000 fffffff0
1591 fe 01 01 00 00 00 0000000f fffffff0
1593 ff 01 01 00 00 00 0000000f ffffffff
1595 ff 00 01 00 00 00 00000000 ffffffff
1597 fe 00 01 00 00 00 00000000 fffffff0
159d fe 01 01 00 00 00 0000000f fffffff0
159f ff 01 01 00 00 00 0000000f ffffffff
15a1 ff 00 01 00 00 00 00000000 ffffffff
15a3 fe 00 01 00 00 00 00000000 fffffff0
15a9 fe 01 01 00 00 00 0000000f fffffff0
15ab ff 01 01 00 00 00 0000000f ffffffff
15ad ff 00 01 00 00 00 00000000 ffffffff
15af fe 00 01 00 00 00 00000000 fffffff0
15b5 fe 01 01 00 00 00 0000000f fffffff0
15b7 ff 01 01 00 00 00 0000000f ffffffff
15b9 ff 00 01 00 00 00 00000000 ffffffff
15bb fe 00 01 00 00 00 00000000 fffffff0
15c1 fe 01 01 00 00 00 0000000f fffffff0
15c3 ff 01 01 00 00 00 0000000f ffffffff
15c5 ff 00 01 00 00 00 00000000 ffffffff
15c7 fe 00 01 00 00 00 00000000 fffffff0
15cd fe 01 01 00 00 00 0000000f fffffff0
15cf ff 01 01 00 00 00 0000000f ffffffff
15d1 ff 00 01 00 00 00 00000000 ffffffff
15d3 fe 00 01 00 00 00 00000000 fffffff0
15d9 fe 01 01 00 00 00 0000000f fffffff0
15db ff 01 01 00 00 00 0000000f ffffffff
15dd ff 00 01 00 00 00 00000000 ffffffff
15df fe 00 01 00 00 00 00000000 fffffff0
15e5 fe 01 01 00 00 00 0000000f fffffff0
15e7 ff 01 01 00 00 00 0000000f ffffffff
15e9 ff 00 01 00 00 00 00000000 ffffffff
15eb fe 00 01 00 00 00 00000000 fffffff0
15f1 fe 01 01 00 00 00 0000000f fffffff0
15f3 ff 01 01 00 00 00 0000000f ffffffff
15f5 ff 00 01 00 00 00 00000000 ffffffff
15f7 fe 00 01 00 00 00 00000000 fffffff0
15fd fe 01 01 00 00 00 0000000f fffffff0
15ff ff 01 01 00 00 00 0000000f ffffffff
1601 ff 00 01 00 00 00 00000000 ffffffff
1603 fe 00 01 00 00 00 00000000 fffffff0
1609 fe 01 01 00 00 00 0000000f fffffff0
160b ff 01 01 00 00 00 0000000f ffffffff
160d ff 00 01 00 00 00 00000000 ffffffff
160f fe 00 01 00 00 00 00000000 fffffff0
1615 fe 01 01 00 00 00 0000000f fffffff0
1617 ff 01 01 00 00 00 0000000f ffffffff
1619 ff 00 01 00 00 00 00000000 ffffffff
161b fe 00 01 00 00 00 00000000 fffffff0
1621 fe 01 01 00 00 00 0000000f fffffff0
1623 ff 01 01 00 00 00 0000000f ffffffff
1625 ff 00 01 00 00 00 00000000 ffffffff
1627 fe 00 01 00 00 00 00000000 fffffff0
162d fe 01 01 00 00 00 0000000f fffffff0
162f ff 01 01 00 00 00 0000000f ffffffff
1631 ff 00 01 00 00 00 00000000 ffffffff
1633 fe 00 01 00 00 00 00000000 fffffff0
1639 fe 01 01 00 00 00 0000000f fffffff0
163b ff 01 01 00 00 00 0000000f ffffffff
163d ff 00 01 00 00 00 00000000 ffffffff
163f fe 00 01 00 00 00 00000000 fffffff0
1645 fe 01 01 00 00 00 0000000f fffffff0
1647 ff 01 01 00 00 00 0000000f ffffffff
1649 ff 00 01 00 00 00 00000000 ffffffff
164b fe 00 01 00 00 00 00000000 fffffff0
1651 fe 01 01 00 00 00 0000000f fffffff0
1653 ff 01 01 00 00 00 0000000f ffffffff
1655 ff 00 01 00 00 00 00000000 ffffffff
1657 fe 00 01 00 00 00 00000000 fffffff0
165d fe 01 01 00 00 00 0000000f fffffff0
165f ff 01 01 00 00 00 0000000f ffffffff
1661 ff 00 01 00 00 00 00000000 ffffffff
1663 fe 00 01 00 00 00 00000000 fffffff0
1669 fe 01 01 00 00 00 0000000f fffffff0
166b ff 01 01 00 00 00 0000000f ffffffff
166d ff 00 01 00 00 00 00000000 ffffffff
166f fe 00 01 00 00 00 00000000 fffffff0
1675 fe 01 01 00 00 00 0000000f fffffff0
1677 ff 01 01 00 00 00 0000000f ffffffff
1679 ff 00 01 00 00 00 00000000 ffffffff
167b fe 00 01 00 00 00 00000000 fffffff0
1681 fe 01 01 00 00 00 0000000f fffffff0
1683 ff 01 01 00 00 00 0000000f ffffffff
1685 ff 00 01 00 00 00 00000000 ffffffff
1687 fe 00 01 00 00 00 00000000 fffffff0
168d fe 01 01 00 00 00 0000000f fffffff0
168f ff 01 01 00 00 00 0000000f ffffffff
1691 ff 00 01 00 00 00 00000000 ffffffff
1693 fe 00 01 00 00 00 00000000 fffffff0
1699 fe 01 01 00 00 00 0000000f fffffff0
169b ff 01 01 00 00 00 0000000f ffffffff
169d ff 00 01 00 00 00 00000000 ffffffff
169f fe 00 01 00 00 00 00000000 fffffff0
16a5 fe 01 01 00 00 00 0000000f fffffff0
16a7 ff 01 01 00 00 00 0000000f ffffffff
16a9 ff 00 01 00 00 00 00000000 ffffffff
16ab fe 00 01 00 00 00 00000000 fffffff0
16b1 fe 01 01 00 00 00 0000000f fffffff0
16b3 ff 01 01 00 00 00 0000000f ffffffff
16b5 ff 00 01 00 00 00 00000000 ffffffff
16b7 fe 00 01 00 00 00 00000000 fffffff0
16bd fe 01 01 00 00 00 0000000f fffffff0
16bf ff 01 01 00 00 00 0000000f ffffffff
16c1 ff 00 01 00 00 00 00000000 ffffffff
16c3 fe 00 01 00 00 00 00000000 fffffff0
16c9 fe 01 01 00 00 00 0000000f fffffff0
16cb ff 01 01 00 00 00 0000000f ffffffff
16cd ff 00 01 00 00 00 00000000 ffffffff
16cf fe 00 01 00 00 00 00000000 fffffff0
16d5 fe 01 01 00 00 00 0000000f fffffff0
16d7 ff 01 01 00 00 00 0000000f ffffffff
16d9 ff 00 01 00 00 00 00000000 ffffffff
16db fe 00 01 00 00 00 00000000 fffffff0
16e1 fe 01 01 00 00 00 0000000f fffffff0
16e3 ff 01 01 00 00 00 0000000f ffffffff
16e5 ff 00 01 00 00 00 00000000 ffffffff
16e7 fe 00 01 00 00 00 00000000 fffffff0
16ed fe 01 01 00 00 00 0000000f fffffff0
16ef ff 01 01 00 00 00 0000000f ffffffff
16f1 ff 00 01 00 00 00 00000000 ffffffff
16f3 fe 00 01 00 00 00 00000000 fffffff0
16f9 fe 01 01 00 00 00 0000000f fffffff0
16fb ff 01 01 00 00 00 0000000f ffffffff
16fd ff 00 01 00 00 00 00000000 ffffffff
16ff fe 00 01 00 00 00 00000000 fffffff0
1705 fe 01 01 00 00 00 0000000f fffffff0
1707 ff 01 01 00 00 00 0000000f ffffffff
1709 ff 00 01 00 00 00 00000000 ffffffff
170b fe 00 01 00 00 00 00000000 fffffff0
1711 fe 01 01 00 00 00 0000000f fffffff0
1713 ff 01 01 00 00 00 0000000f ffffffff
1715 ff 00 01 00 00 00 00000000 ffffffff
1717 fe 00 01 00 00 00 00000000 fffffff0
171d fe 01 01 00 00 00 0000000f fffffff0
171f ff 01 01 00 00 00 0000000f ffffffff
1721 ff 00 01 00 00 00 00000000 ffffffff
1723 fe 00 01 00 00 00 00000000 fffffff0
1729 fe 01 01 00 00 00 0000000f fffffff0
172b ff 01 01 00 00 00 0000000f ffffffff
172d ff 00 01 00 00 00 00000000 ffffffff
172f fe 00 01 00 00 00 00000000 fffffff0
1735 fe 01 01 00 00 00 0000000f fffffff0
1737 ff 01 01 00 00 00 0000000f ffffffff
1739 ff 00 01 00 00 00 00000000 ffffffff
173b fe 00 01 00 00 00 00000000 fffffff0
1741 fe 01 01 00 00 00 0000000f fffffff0
1743 ff 01 01 00 00 00 0000000f ffffffff
1745 ff 00 01 00 00 00 00000000 ffffffff
1747 fe 00 01 00 00 00 00000000 fffffff0
174d fe 01 01 00 00 00 0000000f fffffff0
174f ff 01 01 00 00 00 0000000f ffffffff
1751 ff 00 01 00 00 00 00000000 ffffffff
1753 fe 00 01 00 00 00 00000000 fffffff0
1759 fe 01 01 00 00 00 0000000f fffffff0
175b ff 01 01 00 00 00 0000000f ffffffff
175d ff 00 01 00 00 00 00000000 ffffffff
175f fe 00 01 00 00 00 00000000 fffffff0
1765 fe 01 01 00 00 00 0000000f fffffff0
1767 ff 01 01 00 00 00 0000000f ffffffff
1769 ff 00 01 00 00 00 00000000 ffffffff
176b fe 00 01 00 00 00 00000000 fffffff0
1771 fe 01 01 00 00 00 0000000f fffffff0
1773 ff 01 01 00 00 00 0000000f ffffffff
1775 ff 00 01 00 00 00 00000000 ffffffff
1777 fe 00 01 00 00 00 00000000 fffffff0
177d fe 01 01 00 00 00 0000000f fffffff0
177f ff 01 01 00 00 00 0000000f ffffffff
1781 ff 00 01 00 00 00 00000000 ffffffff
1783 fe 00 01 00 00 00 00000000 fffffff0
1789 fe 01 01 00 00 00 0000000f fffffff0
178b ff 01 01 00 00 00 0000000f ffffffff
178d ff 00 01 00 00 00 00000000 ffffffff
178f fe 00 01 00 00 00 00000000 fffffff0
1795 fe 01 01 00 00 00 0000000f fffffff0
1797 ff 01 01 00 00 00 0000000f ffffffff
1799 ff 00 01 00 00 00 00000000 ffffffff
179b fe 00 01 00 00 00 00000000 fffffff0
17a1 fe 01 01 00 00 00 0000000f fffffff0
17a3 ff 01 01 00 00 00 0000000f ffffffff
17a5 ff 00 01 00 00 00 00000000 ffffffff
17a7 fe 00 01 00 00 00 00000000 fffffff0
17ad fe 01 01 00 00 00 0000000f fffffff0
17af ff 01 01 00 00 00 0000000f ffffffff
17b1 ff 00 01 00 00 00 00000000 ffffffff
17b3 fe 00 01 00 00 00 00000000 fffffff0
17b9 fe 01 01 00 00 00 0000000f fffffff0
17bb ff 01 01 00 00 00 0000000f ffffffff
17bd ff 00 01 00 00 00 00000000 ffffffff
17bf fe 00 01 00 00 00 00000000 fffffff0
17c5 fe 01 01 00 00 00 0000000f fffffff0
17c7 ff 01 01 00 00 00 0000000f ffffffff
17c9 ff 00 01 00 00 00 00000000 ffffffff
17cb fe 00 01 00 00 00 00000000 fffffff0
17d1 fe 01 01 00 00 00 0000000f fffffff0
17d3 ff 01 01 00 00 00 0000000f ffffffff
17d5 ff 00 01 00 00 00 00000000 ffffffff
17d7 fe 00 01 00 00 00 00000000 fffffff0
17dd fe 01 01 00 00 00 0000000f fffffff0
17df ff 01 01 00 00 00 0000000f ffffffff
17e1 ff 00 01 00 00 00 00000000 ffffffff
17e3 fe 00 01 00 00 00 00000000 fffffff0
17e9 fe 01 01 00 00 00 0000000f fffffff0
17eb ff 01 01 00 00 00 0000000f ffffffff
17ed ff 00 01 00 00 00 00000000 ffffffff
17ef fe 00 01 00 00 00 00000000 fffffff0
17f5 fe 01 01 00 00 00 0000000f fffffff0
17f7 ff 01 01 00 00 00 0000000f ffffffff
17f9 ff 00 01 00 00 00 00000000 ffffffff
17fb fe 00 01 00 00 00 00000000 fffffff0
