2600 0 0
0 ff 00 00 00 00 00 00000000 ffffffff
1 ff 01 01 00 00 00 0000000f ffffffff
9 ff 00 01 00 00 00 00000000 ffffffff
b 7e 00 01 00 00 00 00000000 0ffffff0
49 7e 01 01 00 00 00 0000000f 0ffffff0
4b ff 01 01 00 00 00 0000000f ffffffff
149 ff 00 01 00 00 00 00000000 ffffffff
14b 7e 00 01 00 00 00 00000000 0ffffff0
1c9 7e 01 01 00 00 00 0000000f 0ffffff0
1cb ff 01 01 00 00 00 0000000f ffffffff
209 ff 00 01 00 00 00 00000000 ffffffff
20b 7e 00 01 00 00 00 00000000 0ffffff0
236 7e 00 01 01 4f 00 00000000 0ffffff0
237 7e 00 01 00 4f 00 00000000 0ffffff0
249 7e 01 01 00 4f 00 0000000f 0ffffff0
24b ff 01 01 00 4f 00 0000000f ffffffff
289 ff 00 01 00 4f 00 00000000 ffffffff
28b 7e 00 01 00 4f 00 00000000 0ffffff0
2c9 7e 01 01 00 4f 00 0000000f 0ffffff0
2cb ff 01 01 00 4f 00 0000000f ffffffff
349 ff 00 01 00 4f 00 00000000 ffffffff
34b 7e 00 01 00 4f 00 00000000 0ffffff0
389 7e 01 01 00 4f 00 0000000f 0ffffff0
38b ff 01 01 00 4f 00 0000000f ffffffff
3c9 ff 01 01 00 4f 00 00000000 ffffffff
3cb 7e 00 01 00 4f 00 00000000 0ffffff0
449 7e 01 01 00 4f 00 0000000f 0ffffff0
44b ff 01 01 00 4f 00 0000000f ffffffff
489 ff 00 01 00 4f 00 00000000 ffffffff
48b 7e 00 01 00 4f 00 00000000 0ffffff0
4b6 7e 00 01 01 4b 00 00000000 0ffffff0
4b7 7e 00 01 00 4b 00 00000000 0ffffff0
4c9 7e 01 01 00 4b 00 0000000f 0ffffff0
4cb ff 01 01 00 4b 00 0000000f ffffffff
509 ff 00 01 00 4b 00 00000000 ffffffff
50b 7e 00 01 00 4b 00 00000000 0ffffff0
549 7e 01 01 00 4b 00 0000000f 0ffffff0
54b ff 01 01 00 4b 00 0000000f ffffffff
589 ff 00 01 00 4b 00 00000000 ffffffff
58b 7e 00 01 00 4b 00 00000000 0ffffff0
689 7e 01 01 00 4b 00 0000000f 0ffffff0
68b ff 01 01 00 4b 00 0000000f ffffffff
6c9 ff 00 01 00 4b 00 00000000 ffffffff
6cb 7e 00 01 00 4b 00 00000000 0ffffff0
736 7e 00 01 01 21 00 00000000 0ffffff0
737 7e 00 01 00 21 00 00000000 0ffffff0
749 7e 01 01 00 21 00 0000000f 0ffffff0
74b ff 01 01 00 21 00 0000000f ffffffff
