
 /----------------------------------------------------------------------------\
 |  yosys -- Yosys Open SYnthesis Suite                                       |
 |  Copyright (C) 2012 - 2026  Claire Xenia Wolf <claire@yosyshq.com>         |
 |  Distributed under an ISC-like license, type "license" to see terms        |
 \----------------------------------------------------------------------------/
 Yosys 0.69+77 (git sha1 9ff27d29c-dirty, Release, Clang /usr/bin/clang++ 21.1.8)

-- Running command `read_verilog crc_usb16.v; hierarchy -check -top crc_usb16; synth -top crc_usb16 -flatten; dfflibmap -liberty /home/matthias/prog/janestreet/pio-area-notes/sg13g2/sg13g2_stdcell_typ_1p20V_25C.lib; abc -liberty /home/matthias/prog/janestreet/pio-area-notes/sg13g2/sg13g2_stdcell_typ_1p20V_25C.lib; opt_clean; stat -liberty /home/matthias/prog/janestreet/pio-area-notes/sg13g2/sg13g2_stdcell_typ_1p20V_25C.lib' --

1. Executing Verilog-2005 frontend: crc_usb16.v
Parsing Verilog input from `crc_usb16.v' to AST representation.
Generating RTLIL representation for module `\crc_usb16'.
Successfully finished Verilog frontend.

2. Executing HIERARCHY pass (managing design hierarchy).

2.1. Analyzing design hierarchy..
Top module:  \crc_usb16

2.2. Analyzing design hierarchy..
Top module:  \crc_usb16
Removed 0 unused modules.

3. Executing SYNTH pass.

3.1. Executing HIERARCHY pass (managing design hierarchy).

3.1.1. Analyzing design hierarchy..
Top module:  \crc_usb16

3.1.2. Analyzing design hierarchy..
Top module:  \crc_usb16
Removed 0 unused modules.

3.2. Executing PROC pass (convert processes to netlists).

3.2.1. Executing PROC_CLEAN pass (remove empty switches from decision trees).
Cleaned up 0 empty switches.

3.2.2. Executing PROC_RMDEAD pass (remove dead branches from decision trees).
Marked 1 switch rules as full_case in process $proc$crc_usb16.v:95$20 in module crc_usb16.
Marked 1 switch rules as full_case in process $proc$crc_usb16.v:81$12 in module crc_usb16.
Marked 1 switch rules as full_case in process $proc$crc_usb16.v:72$10 in module crc_usb16.
Removed a total of 0 dead cases.

3.2.3. Executing PROC_PRUNE pass (remove redundant assignments in processes).
Removed 3 redundant assignments.
Promoted 0 assignments to connections.

3.2.4. Executing PROC_INIT pass (extract init attributes).

3.2.5. Executing PROC_ARST pass (detect async resets in processes).

3.2.6. Executing PROC_ROM pass (convert switches to ROMs).
Converted 0 switches.
<suppressed ~3 debug messages>

3.2.7. Executing PROC_MUX pass (convert decision trees to multiplexers).
Creating decoders for process `\crc_usb16.$proc$crc_usb16.v:95$20'.
     1/1: $0\_47[15:0]
Creating decoders for process `\crc_usb16.$proc$crc_usb16.v:81$12'.
     1/1: $0\_15[0:0]
Creating decoders for process `\crc_usb16.$proc$crc_usb16.v:72$10'.
     1/1: $0\_28[4:0]

3.2.8. Executing PROC_DLATCH pass (convert process syncs to latches).

3.2.9. Executing PROC_DFF pass (convert process syncs to FFs).
Creating register for signal `\crc_usb16.\_47' using process `\crc_usb16.$proc$crc_usb16.v:95$20'.
  created $dff cell `$procdff$31' with positive edge clock.
Creating register for signal `\crc_usb16.\_15' using process `\crc_usb16.$proc$crc_usb16.v:81$12'.
  created $dff cell `$procdff$32' with positive edge clock.
Creating register for signal `\crc_usb16.\_28' using process `\crc_usb16.$proc$crc_usb16.v:72$10'.
  created $dff cell `$procdff$33' with positive edge clock.

3.2.10. Executing PROC_MEMWR pass (convert process memory writes to cells).

3.2.11. Executing PROC_CLEAN pass (remove empty switches from decision trees).
Found and cleaned up 1 empty switch in `\crc_usb16.$proc$crc_usb16.v:95$20'.
Removing empty process `crc_usb16.$proc$crc_usb16.v:95$20'.
Found and cleaned up 1 empty switch in `\crc_usb16.$proc$crc_usb16.v:81$12'.
Removing empty process `crc_usb16.$proc$crc_usb16.v:81$12'.
Found and cleaned up 1 empty switch in `\crc_usb16.$proc$crc_usb16.v:72$10'.
Removing empty process `crc_usb16.$proc$crc_usb16.v:72$10'.
Cleaned up 3 empty switches.

3.2.12. Executing OPT_EXPR pass (perform const folding).
Optimizing module crc_usb16.
<suppressed ~2 debug messages>

3.3. Executing CHECK pass (checking for obvious problems).
Checking module crc_usb16...
Found and reported 0 problems.

3.4. Executing FLATTEN pass (flatten design).

3.5. Executing OPT_EXPR pass (perform const folding).
Optimizing module crc_usb16.

3.6. Executing CHECK pass (checking for obvious problems).
Checking module crc_usb16...
Found and reported 0 problems.

3.7. Executing OPT_CLEAN pass (remove unused cells and wires).
Finding unused cells or wires in module \crc_usb16..
Removed 0 unused cells and 24 unused wires.
<suppressed ~1 debug messages>

3.8. Executing OPT pass (performing simple optimizations).

3.8.1. Executing OPT_EXPR pass (perform const folding).
Optimizing module crc_usb16.

3.8.2. Executing OPT_MERGE pass (detect identical cells).
Finding identical cells in module `\crc_usb16'.
Computing hashes of 24 cells of `\crc_usb16'.
Finding duplicate cells in `\crc_usb16'.
Computing hashes of 23 cells of `\crc_usb16'.
Finding duplicate cells in `\crc_usb16'.
<suppressed ~3 debug messages>
Removed a total of 1 cells.

3.8.3. Executing OPT_MUXTREE pass (detect dead branches in mux trees).
Running muxtree optimizer on module \crc_usb16..
  Creating internal representation of mux trees.
  Evaluating internal representation of mux trees.
  Analyzing evaluation results.
Removed 0 multiplexer ports.
<suppressed ~12 debug messages>

3.8.4. Executing OPT_REDUCE pass (consolidate $*mux and $reduce_* inputs).
  Optimizing cells in module \crc_usb16.
Performed a total of 0 changes.

3.8.5. Executing OPT_MERGE pass (detect identical cells).
Finding identical cells in module `\crc_usb16'.
Computing hashes of 23 cells of `\crc_usb16'.
Finding duplicate cells in `\crc_usb16'.
Removed a total of 0 cells.

3.8.6. Executing OPT_DFF pass (perform DFF optimizations).

3.8.7. Executing OPT_CLEAN pass (remove unused cells and wires).
Finding unused cells or wires in module \crc_usb16..

3.8.8. Executing OPT_EXPR pass (perform const folding).
Optimizing module crc_usb16.

3.8.9. Finished fast OPT passes. (There is nothing left to do.)

3.9. Executing FSM pass (extract and optimize FSM).

3.9.1. Executing FSM_DETECT pass (finding FSMs in design).

3.9.2. Executing FSM_EXTRACT pass (extracting FSM from design).

3.9.3. Executing FSM_OPT pass (simple optimizations of FSMs).

3.9.4. Executing OPT_CLEAN pass (remove unused cells and wires).
Finding unused cells or wires in module \crc_usb16..

3.9.5. Executing FSM_OPT pass (simple optimizations of FSMs).

3.9.6. Executing FSM_RECODE pass (re-assigning FSM state encoding).

3.9.7. Executing FSM_INFO pass (dumping all available information on FSM cells).

3.9.8. Executing FSM_MAP pass (mapping FSMs to basic logic).

3.10. Executing OPT pass (performing simple optimizations).

3.10.1. Executing OPT_EXPR pass (perform const folding).
Optimizing module crc_usb16.

3.10.2. Executing OPT_MERGE pass (detect identical cells).
Finding identical cells in module `\crc_usb16'.
Computing hashes of 23 cells of `\crc_usb16'.
Finding duplicate cells in `\crc_usb16'.
Removed a total of 0 cells.

3.10.3. Executing OPT_MUXTREE pass (detect dead branches in mux trees).
Running muxtree optimizer on module \crc_usb16..
  Creating internal representation of mux trees.
  Evaluating internal representation of mux trees.
  Analyzing evaluation results.
Removed 0 multiplexer ports.
<suppressed ~12 debug messages>

3.10.4. Executing OPT_REDUCE pass (consolidate $*mux and $reduce_* inputs).
  Optimizing cells in module \crc_usb16.
Performed a total of 0 changes.

3.10.5. Executing OPT_MERGE pass (detect identical cells).
Finding identical cells in module `\crc_usb16'.
Computing hashes of 23 cells of `\crc_usb16'.
Finding duplicate cells in `\crc_usb16'.
Removed a total of 0 cells.

3.10.6. Executing OPT_DFF pass (perform DFF optimizations).
Adding SRST signal on $procdff$33 ($dff) from module crc_usb16 (D = \_24, Q = \_28, rval = 5'00000).
Adding EN signal on $auto$ff.cc:337:slice$34 ($sdff) from module crc_usb16 (D = \_23, Q = \_28).
Adding SRST signal on $procdff$31 ($dff) from module crc_usb16 (D = \_44, Q = \_47, rval = 16'0000000000000000).
Adding EN signal on $auto$ff.cc:337:slice$40 ($sdff) from module crc_usb16 (D = \_44, Q = \_47).
Adding SRST signal on $procdff$32 ($dff) from module crc_usb16 (D = \_11, Q = \_15, rval = 1'0).

3.10.7. Executing OPT_CLEAN pass (remove unused cells and wires).
Finding unused cells or wires in module \crc_usb16..
Removed 5 unused cells and 5 unused wires.
<suppressed ~8 debug messages>

3.10.8. Executing OPT_EXPR pass (perform const folding).
Optimizing module crc_usb16.

3.10.9. Rerunning OPT passes. (Maybe there is more to do..)

3.10.10. Executing OPT_MUXTREE pass (detect dead branches in mux trees).
Running muxtree optimizer on module \crc_usb16..
  Creating internal representation of mux trees.
  Evaluating internal representation of mux trees.
  Analyzing evaluation results.
Removed 0 multiplexer ports.
<suppressed ~5 debug messages>

3.10.11. Executing OPT_REDUCE pass (consolidate $*mux and $reduce_* inputs).
  Optimizing cells in module \crc_usb16.
Performed a total of 0 changes.

3.10.12. Executing OPT_MERGE pass (detect identical cells).
Finding identical cells in module `\crc_usb16'.
Computing hashes of 21 cells of `\crc_usb16'.
Finding duplicate cells in `\crc_usb16'.
Removed a total of 0 cells.

3.10.13. Executing OPT_DFF pass (perform DFF optimizations).

3.10.14. Executing OPT_CLEAN pass (remove unused cells and wires).
Finding unused cells or wires in module \crc_usb16..

3.10.15. Executing OPT_EXPR pass (perform const folding).
Optimizing module crc_usb16.

3.10.16. Finished fast OPT passes. (There is nothing left to do.)

3.11. Executing WREDUCE pass (reducing word size of cells).
Removed top 1 bits (of 2) from port B of cell crc_usb16.$auto$simple.cc:194:make_patterns_logic$43 ($ne).
Removed top 1 bits (of 16) from port A of cell crc_usb16.$xor$crc_usb16.v:63$3 ($xor).
Removed top 4 bits (of 5) from port B of cell crc_usb16.$sub$crc_usb16.v:66$4 ($sub).

3.12. Executing PEEPOPT pass (run peephole optimizers).

3.13. Executing OPT_CLEAN pass (remove unused cells and wires).
Finding unused cells or wires in module \crc_usb16..

3.14. Executing ALUMACC pass (create $alu and $macc cells).
Extracting $alu and $macc cells in module crc_usb16:
  creating $macc model for $sub$crc_usb16.v:66$4 ($sub).
  creating $alu model for $macc $sub$crc_usb16.v:66$4.
  creating $alu cell for $sub$crc_usb16.v:66$4: $auto$alumacc.cc:548:replace_alu$45
  created 1 $alu and 0 $macc cells.

3.15. Executing SHARE pass (SAT-based resource sharing).

3.16. Executing OPT pass (performing simple optimizations).

3.16.1. Executing OPT_EXPR pass (perform const folding).
Optimizing module crc_usb16.

3.16.2. Executing OPT_MERGE pass (detect identical cells).
Finding identical cells in module `\crc_usb16'.
Computing hashes of 21 cells of `\crc_usb16'.
Finding duplicate cells in `\crc_usb16'.
Removed a total of 0 cells.

3.16.3. Executing OPT_MUXTREE pass (detect dead branches in mux trees).
Running muxtree optimizer on module \crc_usb16..
  Creating internal representation of mux trees.
  Evaluating internal representation of mux trees.
  Analyzing evaluation results.
Removed 0 multiplexer ports.
<suppressed ~5 debug messages>

3.16.4. Executing OPT_REDUCE pass (consolidate $*mux and $reduce_* inputs).
  Optimizing cells in module \crc_usb16.
Performed a total of 0 changes.

3.16.5. Executing OPT_MERGE pass (detect identical cells).
Finding identical cells in module `\crc_usb16'.
Computing hashes of 21 cells of `\crc_usb16'.
Finding duplicate cells in `\crc_usb16'.
Removed a total of 0 cells.

3.16.6. Executing OPT_DFF pass (perform DFF optimizations).

3.16.7. Executing OPT_CLEAN pass (remove unused cells and wires).
Finding unused cells or wires in module \crc_usb16..

3.16.8. Executing OPT_EXPR pass (perform const folding).
Optimizing module crc_usb16.

3.16.9. Finished fast OPT passes. (There is nothing left to do.)

3.17. Executing MEMORY pass.

3.17.1. Executing OPT_MEM pass (optimize memories).
Performed a total of 0 transformations.

3.17.2. Executing OPT_MEM_PRIORITY pass (removing unnecessary memory write priority relations).
Performed a total of 0 transformations.

3.17.3. Executing OPT_MEM_FEEDBACK pass (finding memory read-to-write feedback paths).

3.17.4. Executing MEMORY_BMUX2ROM pass (converting muxes to ROMs).

3.17.5. Executing MEMORY_DFF pass (merging $dff cells to $memrd).

3.17.6. Executing OPT_CLEAN pass (remove unused cells and wires).
Finding unused cells or wires in module \crc_usb16..

3.17.7. Executing MEMORY_SHARE pass (consolidating $memrd/$memwr cells).

3.17.8. Executing OPT_MEM_WIDEN pass (optimize memories where all ports are wide).
Performed a total of 0 transformations.

3.17.9. Executing OPT_CLEAN pass (remove unused cells and wires).
Finding unused cells or wires in module \crc_usb16..

3.17.10. Executing MEMORY_COLLECT pass (generating $mem cells).

3.18. Executing OPT_CLEAN pass (remove unused cells and wires).
Finding unused cells or wires in module \crc_usb16..

3.19. Executing OPT pass (performing simple optimizations).

3.19.1. Executing OPT_EXPR pass (perform const folding).
Optimizing module crc_usb16.
<suppressed ~6 debug messages>

3.19.2. Executing OPT_MERGE pass (detect identical cells).
Finding identical cells in module `\crc_usb16'.
Computing hashes of 20 cells of `\crc_usb16'.
Finding duplicate cells in `\crc_usb16'.
Removed a total of 0 cells.

3.19.3. Executing OPT_DFF pass (perform DFF optimizations).

3.19.4. Executing OPT_CLEAN pass (remove unused cells and wires).
Finding unused cells or wires in module \crc_usb16..
Removed 0 unused cells and 2 unused wires.
<suppressed ~1 debug messages>

3.19.5. Finished fast OPT passes.

3.20. Executing MEMORY_MAP pass (converting memories to logic and flip-flops).

3.21. Executing OPT pass (performing simple optimizations).

3.21.1. Executing OPT_EXPR pass (perform const folding).
Optimizing module crc_usb16.

3.21.2. Executing OPT_MERGE pass (detect identical cells).
Finding identical cells in module `\crc_usb16'.
Computing hashes of 20 cells of `\crc_usb16'.
Finding duplicate cells in `\crc_usb16'.
Removed a total of 0 cells.

3.21.3. Executing OPT_MUXTREE pass (detect dead branches in mux trees).
Running muxtree optimizer on module \crc_usb16..
  Creating internal representation of mux trees.
  Evaluating internal representation of mux trees.
  Analyzing evaluation results.
Removed 0 multiplexer ports.
<suppressed ~4 debug messages>

3.21.4. Executing OPT_REDUCE pass (consolidate $*mux and $reduce_* inputs).
  Optimizing cells in module \crc_usb16.
    Consolidated identical input bits for $mux cell $ternary$crc_usb16.v:58$2:
      Old ports: A=16'0000000000000000, B=16'1010000000000001, Y=\_41
      New ports: A=1'0, B=1'1, Y=\_41 [0]
      New connections: \_41 [15:1] = { \_41 [0] 1'0 \_41 [0] 12'000000000000 }
  Optimizing cells in module \crc_usb16.
Performed a total of 1 changes.

3.21.5. Executing OPT_MERGE pass (detect identical cells).
Finding identical cells in module `\crc_usb16'.
Computing hashes of 20 cells of `\crc_usb16'.
Finding duplicate cells in `\crc_usb16'.
Removed a total of 0 cells.

3.21.6. Executing OPT_SHARE pass.

3.21.7. Executing OPT_DFF pass (perform DFF optimizations).

3.21.8. Executing OPT_CLEAN pass (remove unused cells and wires).
Finding unused cells or wires in module \crc_usb16..

3.21.9. Executing OPT_EXPR pass (perform const folding).
Optimizing module crc_usb16.
<suppressed ~6 debug messages>

3.21.10. Rerunning OPT passes. (Maybe there is more to do..)

3.21.11. Executing OPT_MUXTREE pass (detect dead branches in mux trees).
Running muxtree optimizer on module \crc_usb16..
  Creating internal representation of mux trees.
  Evaluating internal representation of mux trees.
  Analyzing evaluation results.
Removed 0 multiplexer ports.
<suppressed ~2 debug messages>

3.21.12. Executing OPT_REDUCE pass (consolidate $*mux and $reduce_* inputs).
  Optimizing cells in module \crc_usb16.
Performed a total of 0 changes.

3.21.13. Executing OPT_MERGE pass (detect identical cells).
Finding identical cells in module `\crc_usb16'.
Computing hashes of 19 cells of `\crc_usb16'.
Finding duplicate cells in `\crc_usb16'.
Removed a total of 0 cells.

3.21.14. Executing OPT_SHARE pass.

3.21.15. Executing OPT_DFF pass (perform DFF optimizations).

3.21.16. Executing OPT_CLEAN pass (remove unused cells and wires).
Finding unused cells or wires in module \crc_usb16..
Removed 0 unused cells and 2 unused wires.
<suppressed ~1 debug messages>

3.21.17. Executing OPT_EXPR pass (perform const folding).
Optimizing module crc_usb16.

3.21.18. Rerunning OPT passes. (Maybe there is more to do..)

3.21.19. Executing OPT_MUXTREE pass (detect dead branches in mux trees).
Running muxtree optimizer on module \crc_usb16..
  Creating internal representation of mux trees.
  Evaluating internal representation of mux trees.
  Analyzing evaluation results.
Removed 0 multiplexer ports.
<suppressed ~2 debug messages>

3.21.20. Executing OPT_REDUCE pass (consolidate $*mux and $reduce_* inputs).
  Optimizing cells in module \crc_usb16.
Performed a total of 0 changes.

3.21.21. Executing OPT_MERGE pass (detect identical cells).
Finding identical cells in module `\crc_usb16'.
Computing hashes of 19 cells of `\crc_usb16'.
Finding duplicate cells in `\crc_usb16'.
Removed a total of 0 cells.

3.21.22. Executing OPT_SHARE pass.

3.21.23. Executing OPT_DFF pass (perform DFF optimizations).

3.21.24. Executing OPT_CLEAN pass (remove unused cells and wires).
Finding unused cells or wires in module \crc_usb16..

3.21.25. Executing OPT_EXPR pass (perform const folding).
Optimizing module crc_usb16.

3.21.26. Finished fast OPT passes. (There is nothing left to do.)

3.22. Executing TECHMAP pass (map to technology primitives).

3.22.1. Executing Verilog-2005 frontend: /home/matthias/prog/janestreet/fabulous-notes/oss-cad-suite/lib/../share/yosys/techmap.v
Parsing Verilog input from `/home/matthias/prog/janestreet/fabulous-notes/oss-cad-suite/lib/../share/yosys/techmap.v' to AST representation.
Generating RTLIL representation for module `\_90_simplemap_bool_ops'.
Generating RTLIL representation for module `\_90_simplemap_reduce_ops'.
Generating RTLIL representation for module `\_90_simplemap_logic_ops'.
Generating RTLIL representation for module `\_90_simplemap_compare_ops'.
Generating RTLIL representation for module `\_90_simplemap_various'.
Generating RTLIL representation for module `\_90_simplemap_registers'.
Generating RTLIL representation for module `\_90_shift_ops_shr_shl_sshl_sshr'.
Generating RTLIL representation for module `\_90_shift_shiftx'.
Generating RTLIL representation for module `\_90_fa'.
Generating RTLIL representation for module `\_90_lcu_brent_kung'.
Generating RTLIL representation for module `\_90_alu'.
Generating RTLIL representation for module `\_90_macc'.
Generating RTLIL representation for module `\_90_alumacc'.
Generating RTLIL representation for module `$__div_mod_u'.
Generating RTLIL representation for module `$__div_mod_trunc'.
Generating RTLIL representation for module `\_90_div'.
Generating RTLIL representation for module `\_90_mod'.
Generating RTLIL representation for module `$__div_mod_floor'.
Generating RTLIL representation for module `\_90_divfloor'.
Generating RTLIL representation for module `\_90_modfloor'.
Generating RTLIL representation for module `\_90_pow'.
Generating RTLIL representation for module `\_90_demux'.
Generating RTLIL representation for module `\_90_lut'.
Generating RTLIL representation for module `$connect'.
Generating RTLIL representation for module `$input_port'.
Successfully finished Verilog frontend.

3.22.2. Continuing TECHMAP pass.
Using extmapper simplemap for cells of type $xor.
Using template $paramod$dc04b7d98e503a7bab16fce2df70e6e2c5ca34d6\_90_alu for cells of type $alu.
Using extmapper simplemap for cells of type $sdff.
Using extmapper simplemap for cells of type $ne.
Using extmapper simplemap for cells of type $sdffe.
Using extmapper simplemap for cells of type $reduce_or.
Using extmapper simplemap for cells of type $not.
Using extmapper simplemap for cells of type $and.
Using extmapper simplemap for cells of type $logic_not.
Using extmapper simplemap for cells of type $mux.
Using extmapper simplemap for cells of type $eq.
Using template $paramod\_90_fa\WIDTH=32'00000000000000000000000000000101 for cells of type $fa.
Using template $paramod\_90_lcu_brent_kung\WIDTH=32'00000000000000000000000000000101 for cells of type $lcu.
Using extmapper simplemap for cells of type $pos.
Using extmapper simplemap for cells of type $or.
No more expansions possible.
<suppressed ~238 debug messages>

3.23. Executing OPT pass (performing simple optimizations).

3.23.1. Executing OPT_EXPR pass (perform const folding).
Optimizing module crc_usb16.
<suppressed ~58 debug messages>

3.23.2. Executing OPT_MERGE pass (detect identical cells).
Finding identical cells in module `\crc_usb16'.
Computing hashes of 96 cells of `\crc_usb16'.
Finding duplicate cells in `\crc_usb16'.
Computing hashes of 95 cells of `\crc_usb16'.
Finding duplicate cells in `\crc_usb16'.
<suppressed ~3 debug messages>
Removed a total of 1 cells.

3.23.3. Executing OPT_DFF pass (perform DFF optimizations).

3.23.4. Executing OPT_CLEAN pass (remove unused cells and wires).
Finding unused cells or wires in module \crc_usb16..
Removed 2 unused cells and 53 unused wires.
<suppressed ~3 debug messages>

3.23.5. Finished fast OPT passes.

3.24. Executing ABC pass (technology mapping using ABC).

3.24.1. Summary of detected clock domains:
  3 cells in clk=\clock, en={ }, arst={ }, srst=\clear
  60 cells in clk=\clock, en=$auto$simple.cc:193:make_patterns_logic$42, arst={ }, srst=\clear
  30 cells in clk=\clock, en=\_21, arst={ }, srst=$auto$simple.cc:234:combine_resets$37

3.24.2. Extracting gate netlist of module `\crc_usb16' to `<abc-temp-dir>/input.blif'..
Found matching posedge clock domain: \clock, synchronously reset by \clear

3.24.3. Extracting gate netlist of module `\crc_usb16' to `<abc-temp-dir>/input.blif'..
Found matching posedge clock domain: \clock, enabled by $auto$simple.cc:193:make_patterns_logic$42, synchronously reset by \clear

3.24.4. Extracting gate netlist of module `\crc_usb16' to `<abc-temp-dir>/input.blif'..
Found matching posedge clock domain: \clock, enabled by \_21, synchronously reset by $auto$simple.cc:234:combine_resets$37

3.24.4.1. Executed ABC.
Extracted 2 gates and 5 wires to a netlist network with 3 inputs and 2 outputs.
Running ABC script: <abc-temp-dir>/abc.script
ABC: UC Berkeley, ABC 1.01 (compiled Sep 21 2026 05:23:42)
ABC: abc 01> empty
ABC: abc 01> source <abc-temp-dir>/abc.script
ABC: + read_blif <abc-temp-dir>/input.blif 
ABC: + read_library <abc-temp-dir>/stdcells.genlib 
ABC: + strash 
ABC: + &get -n 
ABC: + &fraig -x 
ABC: + &put 
ABC: + scorr 
ABC: Warning: The network is combinational (run "fraig" or "fraig_sweep").
ABC: + dc2 
ABC: + dretime 
ABC: + strash 
ABC: + &get -n 
ABC: + &dch -f 
ABC: + &nf 
ABC: + &put 
ABC: + write_blif <abc-temp-dir>/output.blif 
ABC: 
ABC: YOSYS_ABC_DONE 

3.24.4.2. Re-integrating ABC results.
ABC RESULTS:               AND cells:        1
ABC RESULTS:               NOT cells:        1
ABC RESULTS:        internal signals:        0
ABC RESULTS:           input signals:        3
ABC RESULTS:          output signals:        2
Removing temp directory.

3.24.4.1. Executed ABC.
Extracted 44 gates and 65 wires to a netlist network with 20 inputs and 19 outputs.
Running ABC script: <abc-temp-dir>/abc.script
ABC: UC Berkeley, ABC 1.01 (compiled Sep 21 2026 05:23:42)
ABC: abc 01> empty
ABC: abc 01> source <abc-temp-dir>/abc.script
ABC: + read_blif <abc-temp-dir>/input.blif 
ABC: + read_library <abc-temp-dir>/stdcells.genlib 
ABC: + strash 
ABC: + &get -n 
ABC: + &fraig -x 
ABC: + &put 
ABC: + scorr 
ABC: Warning: The network is combinational (run "fraig" or "fraig_sweep").
ABC: + dc2 
ABC: + dretime 
ABC: + strash 
ABC: + &get -n 
ABC: + &dch -f 
ABC: + &nf 
ABC: + &put 
ABC: + write_blif <abc-temp-dir>/output.blif 
ABC: 
ABC: YOSYS_ABC_DONE 

3.24.4.2. Re-integrating ABC results.
ABC RESULTS:               AND cells:        8
ABC RESULTS:            ANDNOT cells:        2
ABC RESULTS:              NAND cells:        4
ABC RESULTS:               NOR cells:        5
ABC RESULTS:               NOT cells:        1
ABC RESULTS:             ORNOT cells:       14
ABC RESULTS:              XNOR cells:        1
ABC RESULTS:               XOR cells:        2
ABC RESULTS:        internal signals:       26
ABC RESULTS:           input signals:       20
ABC RESULTS:          output signals:       19
Removing temp directory.

3.24.4.1. Executed ABC.
Extracted 25 gates and 34 wires to a netlist network with 9 inputs and 9 outputs.
Running ABC script: <abc-temp-dir>/abc.script
ABC: UC Berkeley, ABC 1.01 (compiled Sep 21 2026 05:23:42)
ABC: abc 01> empty
ABC: abc 01> source <abc-temp-dir>/abc.script
ABC: + read_blif <abc-temp-dir>/input.blif 
ABC: + read_library <abc-temp-dir>/stdcells.genlib 
ABC: + strash 
ABC: + &get -n 
ABC: + &fraig -x 
ABC: + &put 
ABC: + scorr 
ABC: Warning: The network is combinational (run "fraig" or "fraig_sweep").
ABC: + dc2 
ABC: + dretime 
ABC: + strash 
ABC: + &get -n 
ABC: + &dch -f 
ABC: + &nf 
ABC: + &put 
ABC: + write_blif <abc-temp-dir>/output.blif 
ABC: 
ABC: YOSYS_ABC_DONE 

3.24.4.2. Re-integrating ABC results.
ABC RESULTS:               AND cells:        2
ABC RESULTS:               NOT cells:        1
ABC RESULTS:                OR cells:        5
ABC RESULTS:              XNOR cells:        4
ABC RESULTS:        internal signals:       16
ABC RESULTS:           input signals:        9
ABC RESULTS:          output signals:        9
Removing temp directory.
Removing global temp directory.

3.25. Executing OPT pass (performing simple optimizations).

3.25.1. Executing OPT_EXPR pass (perform const folding).
Optimizing module crc_usb16.

3.25.2. Executing OPT_MERGE pass (detect identical cells).
Finding identical cells in module `\crc_usb16'.
Computing hashes of 73 cells of `\crc_usb16'.
Finding duplicate cells in `\crc_usb16'.
Removed a total of 0 cells.

3.25.3. Executing OPT_DFF pass (perform DFF optimizations).

3.25.4. Executing OPT_CLEAN pass (remove unused cells and wires).
Finding unused cells or wires in module \crc_usb16..
Removed 0 unused cells and 85 unused wires.
<suppressed ~6 debug messages>

3.25.5. Finished fast OPT passes.

3.26. Executing HIERARCHY pass (managing design hierarchy).
Attribute `top' found on module `crc_usb16'. Setting top module to crc_usb16.

3.26.1. Analyzing design hierarchy..
Top module:  \crc_usb16

3.26.2. Analyzing design hierarchy..
Top module:  \crc_usb16
Removed 0 unused modules.

3.27. Printing statistics.

=== crc_usb16 ===

        +----------Local Count, excluding submodules.
        | 
       58 wires
      257 wire bits
       34 public wires
      233 public wire bits
        7 ports
        7 port bits
       73 cells
        2   $_ANDNOT_
       11   $_AND_
        4   $_NAND_
        5   $_NOR_
        3   $_NOT_
       14   $_ORNOT_
        5   $_OR_
       21   $_SDFFE_PP0P_
        1   $_SDFF_PP0_
        5   $_XNOR_
        2   $_XOR_

3.28. Executing CHECK pass (checking for obvious problems).
Checking module crc_usb16...
Found and reported 0 problems.

4. Executing DFFLIBMAP pass (mapping DFF/DLATCH cells to sequential cells from liberty file).
  cell sg13g2_dfrbpq_1 (noninv, pins=4, area=48.99) is a direct match for cell type $_DFF_PN0_.
  cell sg13g2_dlhq_1 (noninv, pins=3, area=30.84) is a direct match for cell type $_DLATCH_P_.
  cell sg13g2_dllrq_1 (noninv, pins=4, area=29.03) is a direct match for cell type $_DLATCH_NN0_.
  cell sg13g2_dlhrq_1 (noninv, pins=4, area=27.22) is a direct match for cell type $_DLATCH_PN0_.
  final dff/dlatch cell mappings:
    unmapped dff/dlatch cell: $_DFF_N_
    unmapped dff/dlatch cell: $_DFF_P_
    unmapped dff/dlatch cell: $_DFF_NN0_
    unmapped dff/dlatch cell: $_DFF_NN1_
    unmapped dff/dlatch cell: $_DFF_NP0_
    unmapped dff/dlatch cell: $_DFF_NP1_
    \sg13g2_dfrbpq_1 _DFF_PN0_ (.CLK( C), .D( D), .Q( Q), .RESET_B( R));
    unmapped dff/dlatch cell: $_DFF_PN1_
    unmapped dff/dlatch cell: $_DFF_PP0_
    unmapped dff/dlatch cell: $_DFF_PP1_
    unmapped dff/dlatch cell: $_DFFE_NN_
    unmapped dff/dlatch cell: $_DFFE_NP_
    unmapped dff/dlatch cell: $_DFFE_PN_
    unmapped dff/dlatch cell: $_DFFE_PP_
    unmapped dff/dlatch cell: $_DFFSR_NNN_
    unmapped dff/dlatch cell: $_DFFSR_NNP_
    unmapped dff/dlatch cell: $_DFFSR_NPN_
    unmapped dff/dlatch cell: $_DFFSR_NPP_
    unmapped dff/dlatch cell: $_DFFSR_PNN_
    unmapped dff/dlatch cell: $_DFFSR_PNP_
    unmapped dff/dlatch cell: $_DFFSR_PPN_
    unmapped dff/dlatch cell: $_DFFSR_PPP_
    unmapped dff/dlatch cell: $_DLATCH_N_
    \sg13g2_dlhq_1 _DLATCH_P_ (.D( D), .GATE( E), .Q( Q));
    \sg13g2_dllrq_1 _DLATCH_NN0_ (.D( D), .GATE_N( E), .Q( Q), .RESET_B( R));
    unmapped dff/dlatch cell: $_DLATCH_NN1_
    unmapped dff/dlatch cell: $_DLATCH_NP0_
    unmapped dff/dlatch cell: $_DLATCH_NP1_
    \sg13g2_dlhrq_1 _DLATCH_PN0_ (.D( D), .GATE( E), .Q( Q), .RESET_B( R));
    unmapped dff/dlatch cell: $_DLATCH_PN1_
    unmapped dff/dlatch cell: $_DLATCH_PP0_
    unmapped dff/dlatch cell: $_DLATCH_PP1_
    unmapped dff/dlatch cell: $_DLATCHSR_NNN_
    unmapped dff/dlatch cell: $_DLATCHSR_NNP_
    unmapped dff/dlatch cell: $_DLATCHSR_NPN_
    unmapped dff/dlatch cell: $_DLATCHSR_NPP_
    unmapped dff/dlatch cell: $_DLATCHSR_PNN_
    unmapped dff/dlatch cell: $_DLATCHSR_PNP_
    unmapped dff/dlatch cell: $_DLATCHSR_PPN_
    unmapped dff/dlatch cell: $_DLATCHSR_PPP_

4.1. Executing DFFLEGALIZE pass (convert FFs and LATCHes to types supported by the target).
<suppressed ~4 debug messages>
Mapping DFF/DLATCH cells in module `\crc_usb16':
  mapped 22 $_DFF_PN0_ cells to \sg13g2_dfrbpq_1 cells.

5. Executing ABC pass (technology mapping using ABC).

5.1. Summary of detected clock domains:
  116 cells in clk={ }, en={ }, arst={ }, srst={ }

5.2. Extracting gate netlist of module `\crc_usb16' to `<abc-temp-dir>/input.blif'..
ABC: using cached merged SCL: /tmp/yosys-liberty-scl-cache-1000/yosys_merged_a6013080.scl (1 files)
No matching clock domain found. Not extracting any FF cells.

5.2.1. Executed ABC.
Extracted 94 gates and 122 wires to a netlist network with 27 inputs and 23 outputs.
Running ABC script: <abc-temp-dir>/abc.script
ABC: UC Berkeley, ABC 1.01 (compiled Sep 21 2026 05:23:42)
ABC: abc 01> empty
ABC: abc 01> source <abc-temp-dir>/abc.script
ABC: + read_blif <abc-temp-dir>/input.blif 
ABC: + read_scl /tmp/yosys-liberty-scl-cache-1000/yosys_merged_a6013080.scl 
ABC: + strash 
ABC: + &get -n 
ABC: + &fraig -x 
ABC: + &put 
ABC: + scorr 
ABC: Warning: The network is combinational (run "fraig" or "fraig_sweep").
ABC: + dc2 
ABC: + dretime 
ABC: + strash 
ABC: + &get -n 
ABC: + &dch -f 
ABC: + &nf 
ABC: + &put 
ABC: + write_blif <abc-temp-dir>/output.blif 
ABC: 
ABC: YOSYS_ABC_DONE 

5.2.2. Re-integrating ABC results.
ABC RESULTS:    sg13g2_a21oi_1 cells:       30
ABC RESULTS:      sg13g2_inv_1 cells:        8
ABC RESULTS:    sg13g2_nand2_1 cells:       15
ABC RESULTS:   sg13g2_nand2b_1 cells:        2
ABC RESULTS:   sg13g2_nand3b_1 cells:        1
ABC RESULTS:    sg13g2_nand4_1 cells:        3
ABC RESULTS:     sg13g2_nor2_1 cells:       11
ABC RESULTS:     sg13g2_nor3_1 cells:        3
ABC RESULTS:     sg13g2_nor4_1 cells:        3
ABC RESULTS:    sg13g2_o21ai_1 cells:        4
ABC RESULTS:      sg13g2_or3_1 cells:        2
ABC RESULTS:      sg13g2_or4_1 cells:        1
ABC RESULTS:    sg13g2_xnor2_1 cells:        3
ABC RESULTS:     sg13g2_xor2_1 cells:        2
ABC RESULTS:        internal signals:       72
ABC RESULTS:           input signals:       27
ABC RESULTS:          output signals:       23
Removing temp directory.
Removing global temp directory.

6. Executing OPT_CLEAN pass (remove unused cells and wires).
Finding unused cells or wires in module \crc_usb16..
Removed 0 unused cells and 102 unused wires.
<suppressed ~8 debug messages>

7. Printing statistics.

=== crc_usb16 ===

        +----------Local Count, excluding submodules.
        |        +-Local Area, excluding submodules.
        |        | 
      114        - wires
      294        - wire bits
       27        - public wires
      207        - public wire bits
        7        - ports
        7        - port bits
      110 1.85E+03 cells
       30   272.16   sg13g2_a21oi_1
       22 1.08E+03   sg13g2_dfrbpq_1
        8   43.546   sg13g2_inv_1
       15  108.864   sg13g2_nand2_1
        2   18.144   sg13g2_nand2b_1
        1   12.701   sg13g2_nand3b_1
        3   32.659   sg13g2_nand4_1
       11   79.834   sg13g2_nor2_1
        3   27.216   sg13g2_nor3_1
        3   32.659   sg13g2_nor4_1
        4   36.288   sg13g2_o21ai_1
        2   25.402   sg13g2_or3_1
        1   14.515   sg13g2_or4_1
        3   43.546   sg13g2_xnor2_1
        2    29.03   sg13g2_xor2_1

   Chip area for module '\crc_usb16': 1854.316800
     of which used for sequential elements: 1077.753600 (58.12%)

End of script. Logfile hash: e88de92864, time: 0.53s, user: 0.05s, system: 0.02s, MEM: 22.20 MB peak
Yosys 0.69+77 (git sha1 9ff27d29c-dirty, Release, Clang /usr/bin/clang++ 21.1.8)
Time spent: 77% 2x abc (0 sec), 4% 3x read_verilog (0 sec), ...
