
 /----------------------------------------------------------------------------\
 |  yosys -- Yosys Open SYnthesis Suite                                       |
 |  Copyright (C) 2012 - 2026  Claire Xenia Wolf <claire@yosyshq.com>         |
 |  Distributed under an ISC-like license, type "license" to see terms        |
 \----------------------------------------------------------------------------/
 Yosys 0.69+77 (git sha1 9ff27d29c-dirty, Release, Clang /usr/bin/clang++ 21.1.8)

-- Running command `read_verilog crc_prog.v; hierarchy -check -top crc_prog; synth -top crc_prog -flatten; dfflibmap -liberty /home/matthias/prog/janestreet/pio-area-notes/sg13g2/sg13g2_stdcell_typ_1p20V_25C.lib; abc -liberty /home/matthias/prog/janestreet/pio-area-notes/sg13g2/sg13g2_stdcell_typ_1p20V_25C.lib; opt_clean; stat -liberty /home/matthias/prog/janestreet/pio-area-notes/sg13g2/sg13g2_stdcell_typ_1p20V_25C.lib' --

1. Executing Verilog-2005 frontend: crc_prog.v
Parsing Verilog input from `crc_prog.v' to AST representation.
Generating RTLIL representation for module `\crc_prog'.
Successfully finished Verilog frontend.

2. Executing HIERARCHY pass (managing design hierarchy).

2.1. Analyzing design hierarchy..
Top module:  \crc_prog

2.2. Analyzing design hierarchy..
Top module:  \crc_prog
Removed 0 unused modules.

3. Executing SYNTH pass.

3.1. Executing HIERARCHY pass (managing design hierarchy).

3.1.1. Analyzing design hierarchy..
Top module:  \crc_prog

3.1.2. Analyzing design hierarchy..
Top module:  \crc_prog
Removed 0 unused modules.

3.2. Executing PROC pass (convert processes to netlists).

3.2.1. Executing PROC_CLEAN pass (remove empty switches from decision trees).
Cleaned up 0 empty switches.

3.2.2. Executing PROC_RMDEAD pass (remove dead branches from decision trees).
Marked 1 switch rules as full_case in process $proc$crc_prog.v:187$26 in module crc_prog.
Marked 1 switch rules as full_case in process $proc$crc_prog.v:174$18 in module crc_prog.
Marked 1 switch rules as full_case in process $proc$crc_prog.v:165$16 in module crc_prog.
Marked 1 switch rules as full_case in process $proc$crc_prog.v:105$1 in module crc_prog.
Removed a total of 0 dead cases.

3.2.3. Executing PROC_PRUNE pass (remove redundant assignments in processes).
Removed 4 redundant assignments.
Promoted 0 assignments to connections.

3.2.4. Executing PROC_INIT pass (extract init attributes).

3.2.5. Executing PROC_ARST pass (detect async resets in processes).

3.2.6. Executing PROC_ROM pass (convert switches to ROMs).
Converted 0 switches.
<suppressed ~4 debug messages>

3.2.7. Executing PROC_MUX pass (convert decision trees to multiplexers).
Creating decoders for process `\crc_prog.$proc$crc_prog.v:187$26'.
     1/1: $0\_77[15:0]
Creating decoders for process `\crc_prog.$proc$crc_prog.v:174$18'.
     1/1: $0\_21[0:0]
Creating decoders for process `\crc_prog.$proc$crc_prog.v:165$16'.
     1/1: $0\_34[4:0]
Creating decoders for process `\crc_prog.$proc$crc_prog.v:105$1'.
     1/1: $0\_66[0:0]

3.2.8. Executing PROC_DLATCH pass (convert process syncs to latches).
No latch inferred for signal `\crc_prog.\_66' from process `\crc_prog.$proc$crc_prog.v:105$1'.

3.2.9. Executing PROC_DFF pass (convert process syncs to FFs).
Creating register for signal `\crc_prog.\_77' using process `\crc_prog.$proc$crc_prog.v:187$26'.
  created $dff cell `$procdff$54' with positive edge clock.
Creating register for signal `\crc_prog.\_21' using process `\crc_prog.$proc$crc_prog.v:174$18'.
  created $dff cell `$procdff$55' with positive edge clock.
Creating register for signal `\crc_prog.\_34' using process `\crc_prog.$proc$crc_prog.v:165$16'.
  created $dff cell `$procdff$56' with positive edge clock.

3.2.10. Executing PROC_MEMWR pass (convert process memory writes to cells).

3.2.11. Executing PROC_CLEAN pass (remove empty switches from decision trees).
Found and cleaned up 1 empty switch in `\crc_prog.$proc$crc_prog.v:187$26'.
Removing empty process `crc_prog.$proc$crc_prog.v:187$26'.
Found and cleaned up 1 empty switch in `\crc_prog.$proc$crc_prog.v:174$18'.
Removing empty process `crc_prog.$proc$crc_prog.v:174$18'.
Found and cleaned up 1 empty switch in `\crc_prog.$proc$crc_prog.v:165$16'.
Removing empty process `crc_prog.$proc$crc_prog.v:165$16'.
Found and cleaned up 1 empty switch in `\crc_prog.$proc$crc_prog.v:105$1'.
Removing empty process `crc_prog.$proc$crc_prog.v:105$1'.
Cleaned up 4 empty switches.

3.2.12. Executing OPT_EXPR pass (perform const folding).
Optimizing module crc_prog.
<suppressed ~3 debug messages>

3.3. Executing CHECK pass (checking for obvious problems).
Checking module crc_prog...
Found and reported 0 problems.

3.4. Executing FLATTEN pass (flatten design).

3.5. Executing OPT_EXPR pass (perform const folding).
Optimizing module crc_prog.

3.6. Executing CHECK pass (checking for obvious problems).
Checking module crc_prog...
Found and reported 0 problems.

3.7. Executing OPT_CLEAN pass (remove unused cells and wires).
Finding unused cells or wires in module \crc_prog..
Removed 0 unused cells and 31 unused wires.
<suppressed ~1 debug messages>

3.8. Executing OPT pass (performing simple optimizations).

3.8.1. Executing OPT_EXPR pass (perform const folding).
Optimizing module crc_prog.

3.8.2. Executing OPT_MERGE pass (detect identical cells).
Finding identical cells in module `\crc_prog'.
Computing hashes of 45 cells of `\crc_prog'.
Finding duplicate cells in `\crc_prog'.
Computing hashes of 44 cells of `\crc_prog'.
Finding duplicate cells in `\crc_prog'.
<suppressed ~3 debug messages>
Removed a total of 1 cells.

3.8.3. Executing OPT_MUXTREE pass (detect dead branches in mux trees).
Running muxtree optimizer on module \crc_prog..
  Creating internal representation of mux trees.
  Evaluating internal representation of mux trees.
  Analyzing evaluation results.
Removed 0 multiplexer ports.
<suppressed ~17 debug messages>

3.8.4. Executing OPT_REDUCE pass (consolidate $*mux and $reduce_* inputs).
  Optimizing cells in module \crc_prog.
Performed a total of 0 changes.

3.8.5. Executing OPT_MERGE pass (detect identical cells).
Finding identical cells in module `\crc_prog'.
Computing hashes of 44 cells of `\crc_prog'.
Finding duplicate cells in `\crc_prog'.
Removed a total of 0 cells.

3.8.6. Executing OPT_DFF pass (perform DFF optimizations).

3.8.7. Executing OPT_CLEAN pass (remove unused cells and wires).
Finding unused cells or wires in module \crc_prog..

3.8.8. Executing OPT_EXPR pass (perform const folding).
Optimizing module crc_prog.

3.8.9. Finished fast OPT passes. (There is nothing left to do.)

3.9. Executing FSM pass (extract and optimize FSM).

3.9.1. Executing FSM_DETECT pass (finding FSMs in design).

3.9.2. Executing FSM_EXTRACT pass (extracting FSM from design).

3.9.3. Executing FSM_OPT pass (simple optimizations of FSMs).

3.9.4. Executing OPT_CLEAN pass (remove unused cells and wires).
Finding unused cells or wires in module \crc_prog..

3.9.5. Executing FSM_OPT pass (simple optimizations of FSMs).

3.9.6. Executing FSM_RECODE pass (re-assigning FSM state encoding).

3.9.7. Executing FSM_INFO pass (dumping all available information on FSM cells).

3.9.8. Executing FSM_MAP pass (mapping FSMs to basic logic).

3.10. Executing OPT pass (performing simple optimizations).

3.10.1. Executing OPT_EXPR pass (perform const folding).
Optimizing module crc_prog.

3.10.2. Executing OPT_MERGE pass (detect identical cells).
Finding identical cells in module `\crc_prog'.
Computing hashes of 44 cells of `\crc_prog'.
Finding duplicate cells in `\crc_prog'.
Removed a total of 0 cells.

3.10.3. Executing OPT_MUXTREE pass (detect dead branches in mux trees).
Running muxtree optimizer on module \crc_prog..
  Creating internal representation of mux trees.
  Evaluating internal representation of mux trees.
  Analyzing evaluation results.
Removed 0 multiplexer ports.
<suppressed ~17 debug messages>

3.10.4. Executing OPT_REDUCE pass (consolidate $*mux and $reduce_* inputs).
  Optimizing cells in module \crc_prog.
Performed a total of 0 changes.

3.10.5. Executing OPT_MERGE pass (detect identical cells).
Finding identical cells in module `\crc_prog'.
Computing hashes of 44 cells of `\crc_prog'.
Finding duplicate cells in `\crc_prog'.
Removed a total of 0 cells.

3.10.6. Executing OPT_DFF pass (perform DFF optimizations).
Adding SRST signal on $procdff$56 ($dff) from module crc_prog (D = \_31, Q = \_34, rval = 5'00000).
Adding EN signal on $auto$ff.cc:337:slice$57 ($sdff) from module crc_prog (D = \_31, Q = \_34).
Adding SRST signal on $procdff$54 ($dff) from module crc_prog (D = \_74, Q = \_77, rval = 16'0000000000000000).
Adding EN signal on $auto$ff.cc:337:slice$61 ($sdff) from module crc_prog (D = \_74, Q = \_77).
Adding SRST signal on $procdff$55 ($dff) from module crc_prog (D = \_17, Q = \_21, rval = 1'0).

3.10.7. Executing OPT_CLEAN pass (remove unused cells and wires).
Finding unused cells or wires in module \crc_prog..
Removed 3 unused cells and 3 unused wires.
<suppressed ~4 debug messages>

3.10.8. Executing OPT_EXPR pass (perform const folding).
Optimizing module crc_prog.

3.10.9. Rerunning OPT passes. (Maybe there is more to do..)

3.10.10. Executing OPT_MUXTREE pass (detect dead branches in mux trees).
Running muxtree optimizer on module \crc_prog..
  Creating internal representation of mux trees.
  Evaluating internal representation of mux trees.
  Analyzing evaluation results.
Removed 0 multiplexer ports.
<suppressed ~13 debug messages>

3.10.11. Executing OPT_REDUCE pass (consolidate $*mux and $reduce_* inputs).
  Optimizing cells in module \crc_prog.
Performed a total of 0 changes.

3.10.12. Executing OPT_MERGE pass (detect identical cells).
Finding identical cells in module `\crc_prog'.
Computing hashes of 43 cells of `\crc_prog'.
Finding duplicate cells in `\crc_prog'.
Removed a total of 0 cells.

3.10.13. Executing OPT_DFF pass (perform DFF optimizations).

3.10.14. Executing OPT_CLEAN pass (remove unused cells and wires).
Finding unused cells or wires in module \crc_prog..

3.10.15. Executing OPT_EXPR pass (perform const folding).
Optimizing module crc_prog.

3.10.16. Finished fast OPT passes. (There is nothing left to do.)

3.11. Executing WREDUCE pass (reducing word size of cells).
Removed top 1 bits (of 2) from port B of cell crc_prog.$auto$simple.cc:194:make_patterns_logic$64 ($ne).
Removed top 1 bits (of 2) from port B of cell crc_prog.$auto$simple.cc:194:make_patterns_logic$60 ($ne).
Removed top 1 bits (of 16) from port A of cell crc_prog.$xor$crc_prog.v:155$8 ($xor).
Removed top 4 bits (of 5) from port B of cell crc_prog.$sub$crc_prog.v:159$10 ($sub).
Removed top 1 bits (of 4) from port B of cell crc_prog.$procmux$46_CMP0 ($eq).
Removed top 1 bits (of 4) from port B of cell crc_prog.$procmux$47_CMP0 ($eq).
Removed top 1 bits (of 4) from port B of cell crc_prog.$procmux$48_CMP0 ($eq).
Removed top 1 bits (of 4) from port B of cell crc_prog.$procmux$49_CMP0 ($eq).
Removed top 2 bits (of 4) from port B of cell crc_prog.$procmux$50_CMP0 ($eq).
Removed top 2 bits (of 4) from port B of cell crc_prog.$procmux$51_CMP0 ($eq).
Removed top 3 bits (of 4) from port B of cell crc_prog.$procmux$52_CMP0 ($eq).

3.12. Executing PEEPOPT pass (run peephole optimizers).

3.13. Executing OPT_CLEAN pass (remove unused cells and wires).
Finding unused cells or wires in module \crc_prog..

3.14. Executing ALUMACC pass (create $alu and $macc cells).
Extracting $alu and $macc cells in module crc_prog:
  creating $macc model for $sub$crc_prog.v:159$10 ($sub).
  creating $alu model for $macc $sub$crc_prog.v:159$10.
  creating $alu cell for $sub$crc_prog.v:159$10: $auto$alumacc.cc:548:replace_alu$66
  created 1 $alu and 0 $macc cells.

3.15. Executing SHARE pass (SAT-based resource sharing).

3.16. Executing OPT pass (performing simple optimizations).

3.16.1. Executing OPT_EXPR pass (perform const folding).
Optimizing module crc_prog.

3.16.2. Executing OPT_MERGE pass (detect identical cells).
Finding identical cells in module `\crc_prog'.
Computing hashes of 43 cells of `\crc_prog'.
Finding duplicate cells in `\crc_prog'.
Removed a total of 0 cells.

3.16.3. Executing OPT_MUXTREE pass (detect dead branches in mux trees).
Running muxtree optimizer on module \crc_prog..
  Creating internal representation of mux trees.
  Evaluating internal representation of mux trees.
  Analyzing evaluation results.
Removed 0 multiplexer ports.
<suppressed ~13 debug messages>

3.16.4. Executing OPT_REDUCE pass (consolidate $*mux and $reduce_* inputs).
  Optimizing cells in module \crc_prog.
Performed a total of 0 changes.

3.16.5. Executing OPT_MERGE pass (detect identical cells).
Finding identical cells in module `\crc_prog'.
Computing hashes of 43 cells of `\crc_prog'.
Finding duplicate cells in `\crc_prog'.
Removed a total of 0 cells.

3.16.6. Executing OPT_DFF pass (perform DFF optimizations).

3.16.7. Executing OPT_CLEAN pass (remove unused cells and wires).
Finding unused cells or wires in module \crc_prog..

3.16.8. Executing OPT_EXPR pass (perform const folding).
Optimizing module crc_prog.

3.16.9. Finished fast OPT passes. (There is nothing left to do.)

3.17. Executing MEMORY pass.

3.17.1. Executing OPT_MEM pass (optimize memories).
Performed a total of 0 transformations.

3.17.2. Executing OPT_MEM_PRIORITY pass (removing unnecessary memory write priority relations).
Performed a total of 0 transformations.

3.17.3. Executing OPT_MEM_FEEDBACK pass (finding memory read-to-write feedback paths).

3.17.4. Executing MEMORY_BMUX2ROM pass (converting muxes to ROMs).

3.17.5. Executing MEMORY_DFF pass (merging $dff cells to $memrd).

3.17.6. Executing OPT_CLEAN pass (remove unused cells and wires).
Finding unused cells or wires in module \crc_prog..

3.17.7. Executing MEMORY_SHARE pass (consolidating $memrd/$memwr cells).

3.17.8. Executing OPT_MEM_WIDEN pass (optimize memories where all ports are wide).
Performed a total of 0 transformations.

3.17.9. Executing OPT_CLEAN pass (remove unused cells and wires).
Finding unused cells or wires in module \crc_prog..

3.17.10. Executing MEMORY_COLLECT pass (generating $mem cells).

3.18. Executing OPT_CLEAN pass (remove unused cells and wires).
Finding unused cells or wires in module \crc_prog..

3.19. Executing OPT pass (performing simple optimizations).

3.19.1. Executing OPT_EXPR pass (perform const folding).
Optimizing module crc_prog.
<suppressed ~12 debug messages>

3.19.2. Executing OPT_MERGE pass (detect identical cells).
Finding identical cells in module `\crc_prog'.
Computing hashes of 41 cells of `\crc_prog'.
Finding duplicate cells in `\crc_prog'.
Removed a total of 0 cells.

3.19.3. Executing OPT_DFF pass (perform DFF optimizations).

3.19.4. Executing OPT_CLEAN pass (remove unused cells and wires).
Finding unused cells or wires in module \crc_prog..
Removed 0 unused cells and 4 unused wires.
<suppressed ~1 debug messages>

3.19.5. Finished fast OPT passes.

3.20. Executing MEMORY_MAP pass (converting memories to logic and flip-flops).

3.21. Executing OPT pass (performing simple optimizations).

3.21.1. Executing OPT_EXPR pass (perform const folding).
Optimizing module crc_prog.

3.21.2. Executing OPT_MERGE pass (detect identical cells).
Finding identical cells in module `\crc_prog'.
Computing hashes of 41 cells of `\crc_prog'.
Finding duplicate cells in `\crc_prog'.
Removed a total of 0 cells.

3.21.3. Executing OPT_MUXTREE pass (detect dead branches in mux trees).
Running muxtree optimizer on module \crc_prog..
  Creating internal representation of mux trees.
  Evaluating internal representation of mux trees.
  Analyzing evaluation results.
Removed 0 multiplexer ports.
<suppressed ~11 debug messages>

3.21.4. Executing OPT_REDUCE pass (consolidate $*mux and $reduce_* inputs).
  Optimizing cells in module \crc_prog.
Performed a total of 0 changes.

3.21.5. Executing OPT_MERGE pass (detect identical cells).
Finding identical cells in module `\crc_prog'.
Computing hashes of 41 cells of `\crc_prog'.
Finding duplicate cells in `\crc_prog'.
Removed a total of 0 cells.

3.21.6. Executing OPT_SHARE pass.

3.21.7. Executing OPT_DFF pass (perform DFF optimizations).

3.21.8. Executing OPT_CLEAN pass (remove unused cells and wires).
Finding unused cells or wires in module \crc_prog..

3.21.9. Executing OPT_EXPR pass (perform const folding).
Optimizing module crc_prog.

3.21.10. Finished fast OPT passes. (There is nothing left to do.)

3.22. Executing TECHMAP pass (map to technology primitives).

3.22.1. Executing Verilog-2005 frontend: /home/matthias/prog/janestreet/fabulous-notes/oss-cad-suite/lib/../share/yosys/techmap.v
Parsing Verilog input from `/home/matthias/prog/janestreet/fabulous-notes/oss-cad-suite/lib/../share/yosys/techmap.v' to AST representation.
Generating RTLIL representation for module `\_90_simplemap_bool_ops'.
Generating RTLIL representation for module `\_90_simplemap_reduce_ops'.
Generating RTLIL representation for module `\_90_simplemap_logic_ops'.
Generating RTLIL representation for module `\_90_simplemap_compare_ops'.
Generating RTLIL representation for module `\_90_simplemap_various'.
Generating RTLIL representation for module `\_90_simplemap_registers'.
Generating RTLIL representation for module `\_90_shift_ops_shr_shl_sshl_sshr'.
Generating RTLIL representation for module `\_90_shift_shiftx'.
Generating RTLIL representation for module `\_90_fa'.
Generating RTLIL representation for module `\_90_lcu_brent_kung'.
Generating RTLIL representation for module `\_90_alu'.
Generating RTLIL representation for module `\_90_macc'.
Generating RTLIL representation for module `\_90_alumacc'.
Generating RTLIL representation for module `$__div_mod_u'.
Generating RTLIL representation for module `$__div_mod_trunc'.
Generating RTLIL representation for module `\_90_div'.
Generating RTLIL representation for module `\_90_mod'.
Generating RTLIL representation for module `$__div_mod_floor'.
Generating RTLIL representation for module `\_90_divfloor'.
Generating RTLIL representation for module `\_90_modfloor'.
Generating RTLIL representation for module `\_90_pow'.
Generating RTLIL representation for module `\_90_demux'.
Generating RTLIL representation for module `\_90_lut'.
Generating RTLIL representation for module `$connect'.
Generating RTLIL representation for module `$input_port'.
Successfully finished Verilog frontend.

3.22.2. Continuing TECHMAP pass.
Using extmapper simplemap for cells of type $xor.
Using template $paramod$dc04b7d98e503a7bab16fce2df70e6e2c5ca34d6\_90_alu for cells of type $alu.
Using extmapper simplemap for cells of type $sdff.
Using extmapper simplemap for cells of type $ne.
Using extmapper simplemap for cells of type $sdffe.
Using extmapper simplemap for cells of type $mux.
Using extmapper simplemap for cells of type $and.
Using extmapper simplemap for cells of type $not.
Using extmapper simplemap for cells of type $logic_not.
Using extmapper simplemap for cells of type $eq.
Using extmapper simplemap for cells of type $pmux.
Using template $paramod\_90_fa\WIDTH=32'00000000000000000000000000000101 for cells of type $fa.
Using template $paramod\_90_lcu_brent_kung\WIDTH=32'00000000000000000000000000000101 for cells of type $lcu.
Using extmapper simplemap for cells of type $pos.
Using extmapper simplemap for cells of type $or.
No more expansions possible.
<suppressed ~260 debug messages>

3.23. Executing OPT pass (performing simple optimizations).

3.23.1. Executing OPT_EXPR pass (perform const folding).
Optimizing module crc_prog.
<suppressed ~100 debug messages>

3.23.2. Executing OPT_MERGE pass (detect identical cells).
Finding identical cells in module `\crc_prog'.
Computing hashes of 338 cells of `\crc_prog'.
Finding duplicate cells in `\crc_prog'.
Computing hashes of 307 cells of `\crc_prog'.
Finding duplicate cells in `\crc_prog'.
Computing hashes of 291 cells of `\crc_prog'.
Finding duplicate cells in `\crc_prog'.
<suppressed ~141 debug messages>
Removed a total of 47 cells.

3.23.3. Executing OPT_DFF pass (perform DFF optimizations).

3.23.4. Executing OPT_CLEAN pass (remove unused cells and wires).
Finding unused cells or wires in module \crc_prog..
Removed 2 unused cells and 114 unused wires.
<suppressed ~3 debug messages>

3.23.5. Finished fast OPT passes.

3.24. Executing ABC pass (technology mapping using ABC).

3.24.1. Summary of detected clock domains:
  3 cells in clk=\clock, en={ }, arst={ }, srst=\clear
  251 cells in clk=\clock, en=$auto$simple.cc:193:make_patterns_logic$63, arst={ }, srst=\clear
  35 cells in clk=\clock, en=$auto$simple.cc:193:make_patterns_logic$59, arst={ }, srst=\clear

3.24.2. Extracting gate netlist of module `\crc_prog' to `<abc-temp-dir>/input.blif'..
Found matching posedge clock domain: \clock, synchronously reset by \clear

3.24.3. Extracting gate netlist of module `\crc_prog' to `<abc-temp-dir>/input.blif'..
Found matching posedge clock domain: \clock, enabled by $auto$simple.cc:193:make_patterns_logic$63, synchronously reset by \clear

3.24.4. Extracting gate netlist of module `\crc_prog' to `<abc-temp-dir>/input.blif'..
Found matching posedge clock domain: \clock, enabled by $auto$simple.cc:193:make_patterns_logic$59, synchronously reset by \clear

3.24.4.1. Executed ABC.
Extracted 2 gates and 5 wires to a netlist network with 3 inputs and 2 outputs.
Running ABC script: <abc-temp-dir>/abc.script
ABC: UC Berkeley, ABC 1.01 (compiled Sep 21 2026 05:23:42)
ABC: abc 01> empty
ABC: abc 01> source <abc-temp-dir>/abc.script
ABC: + read_blif <abc-temp-dir>/input.blif 
ABC: + read_library <abc-temp-dir>/stdcells.genlib 
ABC: + strash 
ABC: + &get -n 
ABC: + &fraig -x 
ABC: + &put 
ABC: + scorr 
ABC: Warning: The network is combinational (run "fraig" or "fraig_sweep").
ABC: + dc2 
ABC: + dretime 
ABC: + strash 
ABC: + &get -n 
ABC: + &dch -f 
ABC: + &nf 
ABC: + &put 
ABC: + write_blif <abc-temp-dir>/output.blif 
ABC: 
ABC: YOSYS_ABC_DONE 

3.24.4.2. Re-integrating ABC results.
ABC RESULTS:               AND cells:        1
ABC RESULTS:               NOT cells:        1
ABC RESULTS:        internal signals:        0
ABC RESULTS:           input signals:        3
ABC RESULTS:          output signals:        2
Removing temp directory.

3.24.4.1. Executed ABC.
Extracted 235 gates and 325 wires to a netlist network with 89 inputs and 19 outputs.
Running ABC script: <abc-temp-dir>/abc.script
ABC: UC Berkeley, ABC 1.01 (compiled Sep 21 2026 05:23:42)
ABC: abc 01> empty
ABC: abc 01> source <abc-temp-dir>/abc.script
ABC: + read_blif <abc-temp-dir>/input.blif 
ABC: + read_library <abc-temp-dir>/stdcells.genlib 
ABC: + strash 
ABC: + &get -n 
ABC: + &fraig -x 
ABC: + &put 
ABC: + scorr 
ABC: Warning: The network is combinational (run "fraig" or "fraig_sweep").
ABC: + dc2 
ABC: + dretime 
ABC: + strash 
ABC: + &get -n 
ABC: + &dch -f 
ABC: + &nf 
ABC: + &put 
ABC: + write_blif <abc-temp-dir>/output.blif 
ABC: 
ABC: YOSYS_ABC_DONE 

3.24.4.2. Re-integrating ABC results.
ABC RESULTS:               AND cells:       93
ABC RESULTS:            ANDNOT cells:        5
ABC RESULTS:              NAND cells:       96
ABC RESULTS:               NOR cells:       23
ABC RESULTS:               NOT cells:        1
ABC RESULTS:                OR cells:       21
ABC RESULTS:             ORNOT cells:        3
ABC RESULTS:              XNOR cells:       35
ABC RESULTS:               XOR cells:        1
ABC RESULTS:        internal signals:      217
ABC RESULTS:           input signals:       89
ABC RESULTS:          output signals:       19
Removing temp directory.

3.24.4.1. Executed ABC.
Extracted 30 gates and 44 wires to a netlist network with 14 inputs and 8 outputs.
Running ABC script: <abc-temp-dir>/abc.script
ABC: UC Berkeley, ABC 1.01 (compiled Sep 21 2026 05:23:42)
ABC: abc 01> empty
ABC: abc 01> source <abc-temp-dir>/abc.script
ABC: + read_blif <abc-temp-dir>/input.blif 
ABC: + read_library <abc-temp-dir>/stdcells.genlib 
ABC: + strash 
ABC: + &get -n 
ABC: + &fraig -x 
ABC: + &put 
ABC: + scorr 
ABC: Warning: The network is combinational (run "fraig" or "fraig_sweep").
ABC: + dc2 
ABC: + dretime 
ABC: + strash 
ABC: + &get -n 
ABC: + &dch -f 
ABC: + &nf 
ABC: + &put 
ABC: + write_blif <abc-temp-dir>/output.blif 
ABC: 
ABC: YOSYS_ABC_DONE 

3.24.4.2. Re-integrating ABC results.
ABC RESULTS:               AND cells:        2
ABC RESULTS:               MUX cells:        5
ABC RESULTS:               NOT cells:        1
ABC RESULTS:                OR cells:        5
ABC RESULTS:              XNOR cells:        4
ABC RESULTS:        internal signals:       22
ABC RESULTS:           input signals:       14
ABC RESULTS:          output signals:        8
Removing temp directory.
Removing global temp directory.

3.25. Executing OPT pass (performing simple optimizations).

3.25.1. Executing OPT_EXPR pass (perform const folding).
Optimizing module crc_prog.

3.25.2. Executing OPT_MERGE pass (detect identical cells).
Finding identical cells in module `\crc_prog'.
Computing hashes of 319 cells of `\crc_prog'.
Finding duplicate cells in `\crc_prog'.
Removed a total of 0 cells.

3.25.3. Executing OPT_DFF pass (perform DFF optimizations).

3.25.4. Executing OPT_CLEAN pass (remove unused cells and wires).
Finding unused cells or wires in module \crc_prog..
Removed 0 unused cells and 230 unused wires.
<suppressed ~18 debug messages>

3.25.5. Finished fast OPT passes.

3.26. Executing HIERARCHY pass (managing design hierarchy).
Attribute `top' found on module `crc_prog'. Setting top module to crc_prog.

3.26.1. Analyzing design hierarchy..
Top module:  \crc_prog

3.26.2. Analyzing design hierarchy..
Top module:  \crc_prog
Removed 0 unused modules.

3.27. Printing statistics.

=== crc_prog ===

        +----------Local Count, excluding submodules.
        | 
      323 wires
      528 wire bits
       52 public wires
      257 public wire bits
       14 ports
       81 port bits
      319 cells
        5   $_ANDNOT_
       96   $_AND_
        5   $_MUX_
       96   $_NAND_
       23   $_NOR_
        3   $_NOT_
        3   $_ORNOT_
       26   $_OR_
       21   $_SDFFE_PP0P_
        1   $_SDFF_PP0_
       39   $_XNOR_
        1   $_XOR_

3.28. Executing CHECK pass (checking for obvious problems).
Checking module crc_prog...
Found and reported 0 problems.

4. Executing DFFLIBMAP pass (mapping DFF/DLATCH cells to sequential cells from liberty file).
  cell sg13g2_dfrbpq_1 (noninv, pins=4, area=48.99) is a direct match for cell type $_DFF_PN0_.
  cell sg13g2_dlhq_1 (noninv, pins=3, area=30.84) is a direct match for cell type $_DLATCH_P_.
  cell sg13g2_dllrq_1 (noninv, pins=4, area=29.03) is a direct match for cell type $_DLATCH_NN0_.
  cell sg13g2_dlhrq_1 (noninv, pins=4, area=27.22) is a direct match for cell type $_DLATCH_PN0_.
  final dff/dlatch cell mappings:
    unmapped dff/dlatch cell: $_DFF_N_
    unmapped dff/dlatch cell: $_DFF_P_
    unmapped dff/dlatch cell: $_DFF_NN0_
    unmapped dff/dlatch cell: $_DFF_NN1_
    unmapped dff/dlatch cell: $_DFF_NP0_
    unmapped dff/dlatch cell: $_DFF_NP1_
    \sg13g2_dfrbpq_1 _DFF_PN0_ (.CLK( C), .D( D), .Q( Q), .RESET_B( R));
    unmapped dff/dlatch cell: $_DFF_PN1_
    unmapped dff/dlatch cell: $_DFF_PP0_
    unmapped dff/dlatch cell: $_DFF_PP1_
    unmapped dff/dlatch cell: $_DFFE_NN_
    unmapped dff/dlatch cell: $_DFFE_NP_
    unmapped dff/dlatch cell: $_DFFE_PN_
    unmapped dff/dlatch cell: $_DFFE_PP_
    unmapped dff/dlatch cell: $_DFFSR_NNN_
    unmapped dff/dlatch cell: $_DFFSR_NNP_
    unmapped dff/dlatch cell: $_DFFSR_NPN_
    unmapped dff/dlatch cell: $_DFFSR_NPP_
    unmapped dff/dlatch cell: $_DFFSR_PNN_
    unmapped dff/dlatch cell: $_DFFSR_PNP_
    unmapped dff/dlatch cell: $_DFFSR_PPN_
    unmapped dff/dlatch cell: $_DFFSR_PPP_
    unmapped dff/dlatch cell: $_DLATCH_N_
    \sg13g2_dlhq_1 _DLATCH_P_ (.D( D), .GATE( E), .Q( Q));
    \sg13g2_dllrq_1 _DLATCH_NN0_ (.D( D), .GATE_N( E), .Q( Q), .RESET_B( R));
    unmapped dff/dlatch cell: $_DLATCH_NN1_
    unmapped dff/dlatch cell: $_DLATCH_NP0_
    unmapped dff/dlatch cell: $_DLATCH_NP1_
    \sg13g2_dlhrq_1 _DLATCH_PN0_ (.D( D), .GATE( E), .Q( Q), .RESET_B( R));
    unmapped dff/dlatch cell: $_DLATCH_PN1_
    unmapped dff/dlatch cell: $_DLATCH_PP0_
    unmapped dff/dlatch cell: $_DLATCH_PP1_
    unmapped dff/dlatch cell: $_DLATCHSR_NNN_
    unmapped dff/dlatch cell: $_DLATCHSR_NNP_
    unmapped dff/dlatch cell: $_DLATCHSR_NPN_
    unmapped dff/dlatch cell: $_DLATCHSR_NPP_
    unmapped dff/dlatch cell: $_DLATCHSR_PNN_
    unmapped dff/dlatch cell: $_DLATCHSR_PNP_
    unmapped dff/dlatch cell: $_DLATCHSR_PPN_
    unmapped dff/dlatch cell: $_DLATCHSR_PPP_

4.1. Executing DFFLEGALIZE pass (convert FFs and LATCHes to types supported by the target).
<suppressed ~4 debug messages>
Mapping DFF/DLATCH cells in module `\crc_prog':
  mapped 22 $_DFF_PN0_ cells to \sg13g2_dfrbpq_1 cells.

5. Executing ABC pass (technology mapping using ABC).

5.1. Summary of detected clock domains:
  362 cells in clk={ }, en={ }, arst={ }, srst={ }

5.2. Extracting gate netlist of module `\crc_prog' to `<abc-temp-dir>/input.blif'..
ABC: using cached merged SCL: /tmp/yosys-liberty-scl-cache-1000/yosys_merged_a6013080.scl (1 files)
No matching clock domain found. Not extracting any FF cells.

5.2.1. Executed ABC.
Extracted 340 gates and 442 wires to a netlist network with 101 inputs and 23 outputs.
Running ABC script: <abc-temp-dir>/abc.script
ABC: UC Berkeley, ABC 1.01 (compiled Sep 21 2026 05:23:42)
ABC: abc 01> empty
ABC: abc 01> source <abc-temp-dir>/abc.script
ABC: + read_blif <abc-temp-dir>/input.blif 
ABC: + read_scl /tmp/yosys-liberty-scl-cache-1000/yosys_merged_a6013080.scl 
ABC: + strash 
ABC: + &get -n 
ABC: + &fraig -x 
ABC: + &put 
ABC: + scorr 
ABC: Warning: The network is combinational (run "fraig" or "fraig_sweep").
ABC: + dc2 
ABC: + dretime 
ABC: + strash 
ABC: + &get -n 
ABC: + &dch -f 
ABC: + &nf 
ABC: + &put 
ABC: + write_blif <abc-temp-dir>/output.blif 
ABC: 
ABC: YOSYS_ABC_DONE 

5.2.2. Re-integrating ABC results.
ABC RESULTS:     sg13g2_a21o_1 cells:       16
ABC RESULTS:    sg13g2_a21oi_1 cells:       56
ABC RESULTS:   sg13g2_a221oi_1 cells:        1
ABC RESULTS:    sg13g2_a22oi_1 cells:        5
ABC RESULTS:     sg13g2_and2_1 cells:        1
ABC RESULTS:     sg13g2_and3_1 cells:        1
ABC RESULTS:     sg13g2_and4_1 cells:        1
ABC RESULTS:      sg13g2_inv_1 cells:        5
ABC RESULTS:     sg13g2_mux2_1 cells:        1
ABC RESULTS:     sg13g2_mux4_1 cells:        1
ABC RESULTS:    sg13g2_nand2_1 cells:       24
ABC RESULTS:   sg13g2_nand2b_1 cells:        6
ABC RESULTS:    sg13g2_nand3_1 cells:       30
ABC RESULTS:   sg13g2_nand3b_1 cells:        2
ABC RESULTS:    sg13g2_nand4_1 cells:        2
ABC RESULTS:     sg13g2_nor2_1 cells:       22
ABC RESULTS:    sg13g2_nor2b_1 cells:        6
ABC RESULTS:     sg13g2_nor3_1 cells:        1
ABC RESULTS:     sg13g2_nor4_1 cells:        4
ABC RESULTS:    sg13g2_o21ai_1 cells:       43
ABC RESULTS:      sg13g2_or2_1 cells:        2
ABC RESULTS:    sg13g2_xnor2_1 cells:       18
ABC RESULTS:     sg13g2_xor2_1 cells:       11
ABC RESULTS:        internal signals:      318
ABC RESULTS:           input signals:      101
ABC RESULTS:          output signals:       23
Removing temp directory.
Removing global temp directory.

6. Executing OPT_CLEAN pass (remove unused cells and wires).
Finding unused cells or wires in module \crc_prog..
Removed 0 unused cells and 422 unused wires.
<suppressed ~7 debug messages>

7. Printing statistics.

=== crc_prog ===

        +----------Local Count, excluding submodules.
        |        +-Local Area, excluding submodules.
        |        | 
      304        - wires
      490        - wire bits
       46        - public wires
      232        - public wire bits
       14        - ports
       81        - port bits
      281 3.62E+03 cells
       16  203.213   sg13g2_a21o_1
       56  508.032   sg13g2_a21oi_1
        1   14.515   sg13g2_a221oi_1
        5   54.243   sg13g2_a22oi_1
        1    9.072   sg13g2_and2_1
        1   12.701   sg13g2_and3_1
        1   14.515   sg13g2_and4_1
       22 1.08E+03   sg13g2_dfrbpq_1
        5   27.216   sg13g2_inv_1
        1   18.144   sg13g2_mux2_1
        1   38.102   sg13g2_mux4_1
       24  174.182   sg13g2_nand2_1
        6   54.432   sg13g2_nand2b_1
       30   272.16   sg13g2_nand3_1
        2   25.402   sg13g2_nand3b_1
        2   21.773   sg13g2_nand4_1
       22  159.667   sg13g2_nor2_1
        6   54.432   sg13g2_nor2b_1
        1    9.072   sg13g2_nor3_1
        4   43.546   sg13g2_nor4_1
       43  390.096   sg13g2_o21ai_1
        2   18.144   sg13g2_or2_1
       18  261.274   sg13g2_xnor2_1
       11  159.667   sg13g2_xor2_1

   Chip area for module '\crc_prog': 3621.353400
     of which used for sequential elements: 1077.753600 (29.76%)

End of script. Logfile hash: 4a66eaefda, time: 0.67s, user: 0.07s, system: 0.01s, MEM: 22.98 MB peak
Yosys 0.69+77 (git sha1 9ff27d29c-dirty, Release, Clang /usr/bin/clang++ 21.1.8)
Time spent: 80% 2x abc (0 sec), 3% 3x read_verilog (0 sec), ...
