
 /----------------------------------------------------------------------------\
 |  yosys -- Yosys Open SYnthesis Suite                                       |
 |  Copyright (C) 2012 - 2026  Claire Xenia Wolf <claire@yosyshq.com>         |
 |  Distributed under an ISC-like license, type "license" to see terms        |
 \----------------------------------------------------------------------------/
 Yosys 0.62 (git sha1 7326bb7d6641500ecb285c291a54a662cb1e76cf, clang++ 21.1.2 -fPIC -O3)

-- Running command `read_verilog -sv  rtl/assists.v;  hierarchy -check -top pin_nco; synth -top pin_nco -flatten; dfflibmap -liberty /home/matthias/.ciel/ihp-sg13g2/ihp-sg13g2/libs.ref/sg13g2_stdcell/lib/sg13g2_stdcell_typ_1p20V_25C.lib; abc -liberty /home/matthias/.ciel/ihp-sg13g2/ihp-sg13g2/libs.ref/sg13g2_stdcell/lib/sg13g2_stdcell_typ_1p20V_25C.lib; opt_clean; tee -o reports/pin_nco.stat.txt stat -liberty /home/matthias/.ciel/ihp-sg13g2/ihp-sg13g2/libs.ref/sg13g2_stdcell/lib/sg13g2_stdcell_typ_1p20V_25C.lib' --

1. Executing Verilog-2005 frontend: rtl/assists.v
Parsing SystemVerilog input from `rtl/assists.v' to AST representation.
Generating RTLIL representation for module `\crc_unit'.
Generating RTLIL representation for module `\stuff_unit'.
Generating RTLIL representation for module `\linecode_unit'.
Generating RTLIL representation for module `\seg_xbar'.
rtl/assists.v:145: Warning: Range [-1:-17] select out of bounds on signal `\pe_p': Setting 17 LSB bits to undef.
Generating RTLIL representation for module `\seg_xbar_cfg'.
Generating RTLIL representation for module `\pin_nco'.
Generating RTLIL representation for module `\cdr_unit'.
Successfully finished Verilog frontend.

2. Executing HIERARCHY pass (managing design hierarchy).

2.1. Analyzing design hierarchy..
Top module:  \pin_nco

2.2. Analyzing design hierarchy..
Top module:  \pin_nco
Removing unused module `\cdr_unit'.
Removing unused module `\seg_xbar_cfg'.
Removing unused module `\seg_xbar'.
Removing unused module `\linecode_unit'.
Removing unused module `\stuff_unit'.
Removing unused module `\crc_unit'.
Removed 6 unused modules.

3. Executing SYNTH pass.

3.1. Executing HIERARCHY pass (managing design hierarchy).

3.1.1. Analyzing design hierarchy..
Top module:  \pin_nco

3.1.2. Analyzing design hierarchy..
Top module:  \pin_nco
Removed 0 unused modules.

3.2. Executing PROC pass (convert processes to netlists).

3.2.1. Executing PROC_CLEAN pass (remove empty switches from decision trees).
Cleaned up 0 empty switches.

3.2.2. Executing PROC_RMDEAD pass (remove dead branches from decision trees).
Marked 1 switch rules as full_case in process $proc$rtl/assists.v:206$144 in module pin_nco.
Removed a total of 0 dead cases.

3.2.3. Executing PROC_PRUNE pass (remove redundant assignments in processes).
Removed 0 redundant assignments.
Promoted 0 assignments to connections.

3.2.4. Executing PROC_INIT pass (extract init attributes).

3.2.5. Executing PROC_ARST pass (detect async resets in processes).

3.2.6. Executing PROC_ROM pass (convert switches to ROMs).
Converted 0 switches.
<suppressed ~3 debug messages>

3.2.7. Executing PROC_MUX pass (convert decision trees to multiplexers).
Creating decoders for process `\pin_nco.$proc$rtl/assists.v:206$144'.
     1/2: $0\inc[23:0]
     2/2: $0\acc[23:0]

3.2.8. Executing PROC_DLATCH pass (convert process syncs to latches).

3.2.9. Executing PROC_DFF pass (convert process syncs to FFs).
Creating register for signal `\pin_nco.\acc' using process `\pin_nco.$proc$rtl/assists.v:206$144'.
  created $dff cell `$procdff$175' with positive edge clock.
Creating register for signal `\pin_nco.\inc' using process `\pin_nco.$proc$rtl/assists.v:206$144'.
  created $dff cell `$procdff$176' with positive edge clock.

3.2.10. Executing PROC_MEMWR pass (convert process memory writes to cells).

3.2.11. Executing PROC_CLEAN pass (remove empty switches from decision trees).
Found and cleaned up 3 empty switches in `\pin_nco.$proc$rtl/assists.v:206$144'.
Removing empty process `pin_nco.$proc$rtl/assists.v:206$144'.
Cleaned up 3 empty switches.

3.2.12. Executing OPT_EXPR pass (perform const folding).
Optimizing module pin_nco.

3.3. Executing FLATTEN pass (flatten design).

3.4. Executing OPT_EXPR pass (perform const folding).
Optimizing module pin_nco.

3.5. Executing OPT_CLEAN pass (remove unused cells and wires).
Finding unused cells or wires in module \pin_nco..
Removed 0 unused cells and 8 unused wires.
<suppressed ~1 debug messages>

3.6. Executing CHECK pass (checking for obvious problems).
Checking module pin_nco...
Found and reported 0 problems.

3.7. Executing OPT pass (performing simple optimizations).

3.7.1. Executing OPT_EXPR pass (perform const folding).
Optimizing module pin_nco.

3.7.2. Executing OPT_MERGE pass (detect identical cells).
Finding identical cells in module `\pin_nco'.
Computing hashes of 9 cells of `\pin_nco'.
Finding duplicate cells in `\pin_nco'.
Removed a total of 0 cells.

3.7.3. Executing OPT_MUXTREE pass (detect dead branches in mux trees).
Running muxtree optimizer on module \pin_nco..
  Creating internal representation of mux trees.
  Evaluating internal representation of mux trees.
  Analyzing evaluation results.
Removed 0 multiplexer ports.
<suppressed ~5 debug messages>

3.7.4. Executing OPT_REDUCE pass (consolidate $*mux and $reduce_* inputs).
  Optimizing cells in module \pin_nco.
Performed a total of 0 changes.

3.7.5. Executing OPT_MERGE pass (detect identical cells).
Finding identical cells in module `\pin_nco'.
Computing hashes of 9 cells of `\pin_nco'.
Finding duplicate cells in `\pin_nco'.
Removed a total of 0 cells.

3.7.6. Executing OPT_DFF pass (perform DFF optimizations).

3.7.7. Executing OPT_CLEAN pass (remove unused cells and wires).
Finding unused cells or wires in module \pin_nco..

3.7.8. Executing OPT_EXPR pass (perform const folding).
Optimizing module pin_nco.

3.7.9. Finished fast OPT passes. (There is nothing left to do.)

3.8. Executing FSM pass (extract and optimize FSM).

3.8.1. Executing FSM_DETECT pass (finding FSMs in design).

3.8.2. Executing FSM_EXTRACT pass (extracting FSM from design).

3.8.3. Executing FSM_OPT pass (simple optimizations of FSMs).

3.8.4. Executing OPT_CLEAN pass (remove unused cells and wires).
Finding unused cells or wires in module \pin_nco..

3.8.5. Executing FSM_OPT pass (simple optimizations of FSMs).

3.8.6. Executing FSM_RECODE pass (re-assigning FSM state encoding).

3.8.7. Executing FSM_INFO pass (dumping all available information on FSM cells).

3.8.8. Executing FSM_MAP pass (mapping FSMs to basic logic).

3.9. Executing OPT pass (performing simple optimizations).

3.9.1. Executing OPT_EXPR pass (perform const folding).
Optimizing module pin_nco.

3.9.2. Executing OPT_MERGE pass (detect identical cells).
Finding identical cells in module `\pin_nco'.
Computing hashes of 9 cells of `\pin_nco'.
Finding duplicate cells in `\pin_nco'.
Removed a total of 0 cells.

3.9.3. Executing OPT_MUXTREE pass (detect dead branches in mux trees).
Running muxtree optimizer on module \pin_nco..
  Creating internal representation of mux trees.
  Evaluating internal representation of mux trees.
  Analyzing evaluation results.
Removed 0 multiplexer ports.
<suppressed ~5 debug messages>

3.9.4. Executing OPT_REDUCE pass (consolidate $*mux and $reduce_* inputs).
  Optimizing cells in module \pin_nco.
Performed a total of 0 changes.

3.9.5. Executing OPT_MERGE pass (detect identical cells).
Finding identical cells in module `\pin_nco'.
Computing hashes of 9 cells of `\pin_nco'.
Finding duplicate cells in `\pin_nco'.
Removed a total of 0 cells.

3.9.6. Executing OPT_DFF pass (perform DFF optimizations).
Adding EN signal on $procdff$176 ($dff) from module pin_nco (D = { \inc [15:0] \bus }, Q = \inc).
Adding SRST signal on $procdff$175 ($dff) from module pin_nco (D = $procmux$170_Y, Q = \acc, rval = 24'000000000000000000000000).
Adding EN signal on $auto$ff.cc:337:slice$178 ($sdff) from module pin_nco (D = $add$rtl/assists.v:208$145_Y, Q = \acc).

3.9.7. Executing OPT_CLEAN pass (remove unused cells and wires).
Finding unused cells or wires in module \pin_nco..
Removed 3 unused cells and 3 unused wires.
<suppressed ~4 debug messages>

3.9.8. Executing OPT_EXPR pass (perform const folding).
Optimizing module pin_nco.

3.9.9. Rerunning OPT passes. (Maybe there is more to do..)

3.9.10. Executing OPT_MUXTREE pass (detect dead branches in mux trees).
Running muxtree optimizer on module \pin_nco..
  Creating internal representation of mux trees.
  No muxes found in this module.
Removed 0 multiplexer ports.

3.9.11. Executing OPT_REDUCE pass (consolidate $*mux and $reduce_* inputs).
  Optimizing cells in module \pin_nco.
Performed a total of 0 changes.

3.9.12. Executing OPT_MERGE pass (detect identical cells).
Finding identical cells in module `\pin_nco'.
Computing hashes of 6 cells of `\pin_nco'.
Finding duplicate cells in `\pin_nco'.
Removed a total of 0 cells.

3.9.13. Executing OPT_DFF pass (perform DFF optimizations).

3.9.14. Executing OPT_CLEAN pass (remove unused cells and wires).
Finding unused cells or wires in module \pin_nco..

3.9.15. Executing OPT_EXPR pass (perform const folding).
Optimizing module pin_nco.

3.9.16. Finished fast OPT passes. (There is nothing left to do.)

3.10. Executing WREDUCE pass (reducing word size of cells).
Removed top 2 bits (of 24) from port B of cell pin_nco.$add$rtl/assists.v:203$141 ($add).
Removed top 1 bits (of 24) from port B of cell pin_nco.$add$rtl/assists.v:204$142 ($add).
Removed top 2 bits (of 24) from port B of cell pin_nco.$add$rtl/assists.v:205$143 ($add).

3.11. Executing PEEPOPT pass (run peephole optimizers).

3.12. Executing OPT_CLEAN pass (remove unused cells and wires).
Finding unused cells or wires in module \pin_nco..

3.13. Executing ALUMACC pass (create $alu and $macc cells).
Extracting $alu and $macc cells in module pin_nco:
  creating $macc model for $add$rtl/assists.v:203$141 ($add).
  creating $macc model for $add$rtl/assists.v:204$142 ($add).
  creating $macc model for $add$rtl/assists.v:205$143 ($add).
  creating $macc model for $add$rtl/assists.v:208$145 ($add).
  creating $alu model for $macc $add$rtl/assists.v:208$145.
  creating $alu model for $macc $add$rtl/assists.v:205$143.
  creating $alu model for $macc $add$rtl/assists.v:204$142.
  creating $alu model for $macc $add$rtl/assists.v:203$141.
  creating $alu cell for $add$rtl/assists.v:203$141: $auto$alumacc.cc:512:replace_alu$180
  creating $alu cell for $add$rtl/assists.v:204$142: $auto$alumacc.cc:512:replace_alu$183
  creating $alu cell for $add$rtl/assists.v:205$143: $auto$alumacc.cc:512:replace_alu$186
  creating $alu cell for $add$rtl/assists.v:208$145: $auto$alumacc.cc:512:replace_alu$189
  created 4 $alu and 0 $macc cells.

3.14. Executing SHARE pass (SAT-based resource sharing).

3.15. Executing OPT pass (performing simple optimizations).

3.15.1. Executing OPT_EXPR pass (perform const folding).
Optimizing module pin_nco.

3.15.2. Executing OPT_MERGE pass (detect identical cells).
Finding identical cells in module `\pin_nco'.
Computing hashes of 6 cells of `\pin_nco'.
Finding duplicate cells in `\pin_nco'.
Removed a total of 0 cells.

3.15.3. Executing OPT_MUXTREE pass (detect dead branches in mux trees).
Running muxtree optimizer on module \pin_nco..
  Creating internal representation of mux trees.
  No muxes found in this module.
Removed 0 multiplexer ports.

3.15.4. Executing OPT_REDUCE pass (consolidate $*mux and $reduce_* inputs).
  Optimizing cells in module \pin_nco.
Performed a total of 0 changes.

3.15.5. Executing OPT_MERGE pass (detect identical cells).
Finding identical cells in module `\pin_nco'.
Computing hashes of 6 cells of `\pin_nco'.
Finding duplicate cells in `\pin_nco'.
Removed a total of 0 cells.

3.15.6. Executing OPT_DFF pass (perform DFF optimizations).

3.15.7. Executing OPT_CLEAN pass (remove unused cells and wires).
Finding unused cells or wires in module \pin_nco..

3.15.8. Executing OPT_EXPR pass (perform const folding).
Optimizing module pin_nco.

3.15.9. Finished fast OPT passes. (There is nothing left to do.)

3.16. Executing MEMORY pass.

3.16.1. Executing OPT_MEM pass (optimize memories).
Performed a total of 0 transformations.

3.16.2. Executing OPT_MEM_PRIORITY pass (removing unnecessary memory write priority relations).
Performed a total of 0 transformations.

3.16.3. Executing OPT_MEM_FEEDBACK pass (finding memory read-to-write feedback paths).

3.16.4. Executing MEMORY_BMUX2ROM pass (converting muxes to ROMs).

3.16.5. Executing MEMORY_DFF pass (merging $dff cells to $memrd).

3.16.6. Executing OPT_CLEAN pass (remove unused cells and wires).
Finding unused cells or wires in module \pin_nco..

3.16.7. Executing MEMORY_SHARE pass (consolidating $memrd/$memwr cells).

3.16.8. Executing OPT_MEM_WIDEN pass (optimize memories where all ports are wide).
Performed a total of 0 transformations.

3.16.9. Executing OPT_CLEAN pass (remove unused cells and wires).
Finding unused cells or wires in module \pin_nco..

3.16.10. Executing MEMORY_COLLECT pass (generating $mem cells).

3.17. Executing OPT_CLEAN pass (remove unused cells and wires).
Finding unused cells or wires in module \pin_nco..

3.18. Executing OPT pass (performing simple optimizations).

3.18.1. Executing OPT_EXPR pass (perform const folding).
Optimizing module pin_nco.

3.18.2. Executing OPT_MERGE pass (detect identical cells).
Finding identical cells in module `\pin_nco'.
Computing hashes of 6 cells of `\pin_nco'.
Finding duplicate cells in `\pin_nco'.
Removed a total of 0 cells.

3.18.3. Executing OPT_DFF pass (perform DFF optimizations).

3.18.4. Executing OPT_CLEAN pass (remove unused cells and wires).
Finding unused cells or wires in module \pin_nco..

3.18.5. Finished fast OPT passes.

3.19. Executing MEMORY_MAP pass (converting memories to logic and flip-flops).

3.20. Executing OPT pass (performing simple optimizations).

3.20.1. Executing OPT_EXPR pass (perform const folding).
Optimizing module pin_nco.

3.20.2. Executing OPT_MERGE pass (detect identical cells).
Finding identical cells in module `\pin_nco'.
Computing hashes of 6 cells of `\pin_nco'.
Finding duplicate cells in `\pin_nco'.
Removed a total of 0 cells.

3.20.3. Executing OPT_MUXTREE pass (detect dead branches in mux trees).
Running muxtree optimizer on module \pin_nco..
  Creating internal representation of mux trees.
  No muxes found in this module.
Removed 0 multiplexer ports.

3.20.4. Executing OPT_REDUCE pass (consolidate $*mux and $reduce_* inputs).
  Optimizing cells in module \pin_nco.
Performed a total of 0 changes.

3.20.5. Executing OPT_MERGE pass (detect identical cells).
Finding identical cells in module `\pin_nco'.
Computing hashes of 6 cells of `\pin_nco'.
Finding duplicate cells in `\pin_nco'.
Removed a total of 0 cells.

3.20.6. Executing OPT_SHARE pass.

3.20.7. Executing OPT_DFF pass (perform DFF optimizations).

3.20.8. Executing OPT_CLEAN pass (remove unused cells and wires).
Finding unused cells or wires in module \pin_nco..

3.20.9. Executing OPT_EXPR pass (perform const folding).
Optimizing module pin_nco.

3.20.10. Finished fast OPT passes. (There is nothing left to do.)

3.21. Executing TECHMAP pass (map to technology primitives).

3.21.1. Executing Verilog-2005 frontend: /nix/store/f1q0w7rd0a4ny4hqvfxlhs4cmariidcy-yosys-0.62/bin/../share/yosys/techmap.v
Parsing Verilog input from `/nix/store/f1q0w7rd0a4ny4hqvfxlhs4cmariidcy-yosys-0.62/bin/../share/yosys/techmap.v' to AST representation.
Generating RTLIL representation for module `\_90_simplemap_bool_ops'.
Generating RTLIL representation for module `\_90_simplemap_reduce_ops'.
Generating RTLIL representation for module `\_90_simplemap_logic_ops'.
Generating RTLIL representation for module `\_90_simplemap_compare_ops'.
Generating RTLIL representation for module `\_90_simplemap_various'.
Generating RTLIL representation for module `\_90_simplemap_registers'.
Generating RTLIL representation for module `\_90_shift_ops_shr_shl_sshl_sshr'.
Generating RTLIL representation for module `\_90_shift_shiftx'.
Generating RTLIL representation for module `\_90_fa'.
Generating RTLIL representation for module `\_90_lcu_brent_kung'.
Generating RTLIL representation for module `\_90_alu'.
Generating RTLIL representation for module `\_90_macc'.
Generating RTLIL representation for module `\_90_alumacc'.
Generating RTLIL representation for module `$__div_mod_u'.
Generating RTLIL representation for module `$__div_mod_trunc'.
Generating RTLIL representation for module `\_90_div'.
Generating RTLIL representation for module `\_90_mod'.
Generating RTLIL representation for module `$__div_mod_floor'.
Generating RTLIL representation for module `\_90_divfloor'.
Generating RTLIL representation for module `\_90_modfloor'.
Generating RTLIL representation for module `\_90_pow'.
Generating RTLIL representation for module `\_90_pmux'.
Generating RTLIL representation for module `\_90_demux'.
Generating RTLIL representation for module `\_90_lut'.
Generating RTLIL representation for module `$connect'.
Generating RTLIL representation for module `$input_port'.
Successfully finished Verilog frontend.

3.21.2. Continuing TECHMAP pass.
Using template $paramod$e82d3fc1811c5751348a3964470632b35a435fc7\_90_alu for cells of type $alu.
Using template $paramod$9b8eb1bd6c22e5bc2c906d797c61755b8382a756\_90_alu for cells of type $alu.
Using template $paramod$b4349a3edf675db878906b934d445e13eefaddc7\_90_alu for cells of type $alu.
Using extmapper simplemap for cells of type $sdffe.
Using extmapper simplemap for cells of type $dffe.
Using extmapper simplemap for cells of type $not.
Using extmapper simplemap for cells of type $mux.
Using extmapper simplemap for cells of type $pos.
Using template $paramod\_90_fa\WIDTH=32'00000000000000000000000000011000 for cells of type $fa.
Using template $paramod\_90_lcu_brent_kung\WIDTH=32'00000000000000000000000000011000 for cells of type $lcu.
Using extmapper simplemap for cells of type $xor.
Using extmapper simplemap for cells of type $and.
Using extmapper simplemap for cells of type $or.
No more expansions possible.
<suppressed ~738 debug messages>

3.22. Executing OPT pass (performing simple optimizations).

3.22.1. Executing OPT_EXPR pass (perform const folding).
Optimizing module pin_nco.
<suppressed ~419 debug messages>

3.22.2. Executing OPT_MERGE pass (detect identical cells).
Finding identical cells in module `\pin_nco'.
Computing hashes of 809 cells of `\pin_nco'.
Finding duplicate cells in `\pin_nco'.
Computing hashes of 785 cells of `\pin_nco'.
Finding duplicate cells in `\pin_nco'.
<suppressed ~72 debug messages>
Removed a total of 24 cells.

3.22.3. Executing OPT_DFF pass (perform DFF optimizations).

3.22.4. Executing OPT_CLEAN pass (remove unused cells and wires).
Finding unused cells or wires in module \pin_nco..
Removed 216 unused cells and 228 unused wires.
<suppressed ~217 debug messages>

3.22.5. Finished fast OPT passes.

3.23. Executing ABC pass (technology mapping using ABC).

3.23.1. Extracting gate netlist of module `\pin_nco' to `<abc-temp-dir>/input.blif'..

3.23.1.1. Executed ABC.
Extracted 521 gates and 569 wires to a netlist network with 48 inputs and 27 outputs.
Running ABC script: <abc-temp-dir>/abc.script
ABC: ======== ABC command line "source <abc-temp-dir>/abc.script"
ABC: + read_blif <abc-temp-dir>/input.blif 
ABC: + read_library /tmp/yosys-abc-8g3GX0/stdcells.genlib 
ABC: + strash 
ABC: + dretime 
ABC: + map 
ABC: + write_blif <abc-temp-dir>/output.blif 

3.23.1.2. Re-integrating ABC results.
ABC RESULTS:               AND cells:       18
ABC RESULTS:            ANDNOT cells:      210
ABC RESULTS:              NAND cells:       58
ABC RESULTS:               NOR cells:       48
ABC RESULTS:               NOT cells:       19
ABC RESULTS:                OR cells:       34
ABC RESULTS:             ORNOT cells:       16
ABC RESULTS:              XNOR cells:       52
ABC RESULTS:               XOR cells:       85
ABC RESULTS:        internal signals:      494
ABC RESULTS:           input signals:       48
ABC RESULTS:          output signals:       27
Removing temp directory.
Removing global temp directory.

3.24. Executing OPT pass (performing simple optimizations).

3.24.1. Executing OPT_EXPR pass (perform const folding).
Optimizing module pin_nco.

3.24.2. Executing OPT_MERGE pass (detect identical cells).
Finding identical cells in module `\pin_nco'.
Computing hashes of 588 cells of `\pin_nco'.
Finding duplicate cells in `\pin_nco'.
Removed a total of 0 cells.

3.24.3. Executing OPT_DFF pass (perform DFF optimizations).

3.24.4. Executing OPT_CLEAN pass (remove unused cells and wires).
Finding unused cells or wires in module \pin_nco..
Removed 0 unused cells and 322 unused wires.
<suppressed ~1 debug messages>

3.24.5. Finished fast OPT passes.

3.25. Executing HIERARCHY pass (managing design hierarchy).
Attribute `top' found on module `pin_nco'. Setting top module to pin_nco.

3.25.1. Analyzing design hierarchy..
Top module:  \pin_nco

3.25.2. Analyzing design hierarchy..
Top module:  \pin_nco
Removed 0 unused modules.

3.26. Printing statistics.

=== pin_nco ===

        +----------Local Count, excluding submodules.
        | 
      527 wires
      705 wire bits
       12 public wires
      144 public wire bits
        7 ports
       24 port bits
      588 cells
      210   $_ANDNOT_
       18   $_AND_
       24   $_DFFE_PP_
       58   $_NAND_
       48   $_NOR_
       19   $_NOT_
       16   $_ORNOT_
       34   $_OR_
       24   $_SDFFE_PP0P_
       52   $_XNOR_
       85   $_XOR_

3.27. Executing CHECK pass (checking for obvious problems).
Checking module pin_nco...
Found and reported 0 problems.

4. Executing DFFLIBMAP pass (mapping DFF cells to sequential cells from liberty file).
  cell sg13g2_dfrbpq_1 (noninv, pins=4, area=48.99) is a direct match for cell type $_DFF_PN0_.
  final dff cell mappings:
    unmapped dff cell: $_DFF_N_
    unmapped dff cell: $_DFF_P_
    unmapped dff cell: $_DFF_NN0_
    unmapped dff cell: $_DFF_NN1_
    unmapped dff cell: $_DFF_NP0_
    unmapped dff cell: $_DFF_NP1_
    \sg13g2_dfrbpq_1 _DFF_PN0_ (.CLK( C), .D( D), .Q( Q), .RESET_B( R));
    unmapped dff cell: $_DFF_PN1_
    unmapped dff cell: $_DFF_PP0_
    unmapped dff cell: $_DFF_PP1_
    unmapped dff cell: $_DFFE_NN_
    unmapped dff cell: $_DFFE_NP_
    unmapped dff cell: $_DFFE_PN_
    unmapped dff cell: $_DFFE_PP_
    unmapped dff cell: $_DFFSR_NNN_
    unmapped dff cell: $_DFFSR_NNP_
    unmapped dff cell: $_DFFSR_NPN_
    unmapped dff cell: $_DFFSR_NPP_
    unmapped dff cell: $_DFFSR_PNN_
    unmapped dff cell: $_DFFSR_PNP_
    unmapped dff cell: $_DFFSR_PPN_
    unmapped dff cell: $_DFFSR_PPP_

4.1. Executing DFFLEGALIZE pass (convert FFs to types supported by the target).
<suppressed ~4 debug messages>
Mapping DFF cells in module `\pin_nco':
  mapped 48 $_DFF_PN0_ cells to \sg13g2_dfrbpq_1 cells.

5. Executing ABC pass (technology mapping using ABC).

5.1. Extracting gate netlist of module `\pin_nco' to `<abc-temp-dir>/input.blif'..

5.1.1. Executed ABC.
Extracted 612 gates and 672 wires to a netlist network with 59 inputs and 51 outputs.
Running ABC script: <abc-temp-dir>/abc.script
ABC: ======== ABC command line "source <abc-temp-dir>/abc.script"
ABC: + read_blif <abc-temp-dir>/input.blif 
ABC: + read_lib -w /home/matthias/.ciel/ihp-sg13g2/ihp-sg13g2/libs.ref/sg13g2_stdcell/lib/sg13g2_stdcell_typ_1p20V_25C.lib 
ABC: Parsing finished successfully.  Parsing time =     0.01 sec
ABC: Scl_LibertyReadGenlib() skipped cell "sg13g2_antennanp" due to dont_use attribute.
ABC: Scl_LibertyReadGenlib() skipped cell "sg13g2_decap_4" due to dont_use attribute.
ABC: Scl_LibertyReadGenlib() skipped cell "sg13g2_decap_8" due to dont_use attribute.
ABC: Scl_LibertyReadGenlib() skipped sequential cell "sg13g2_dfrbp_1".
ABC: Scl_LibertyReadGenlib() skipped sequential cell "sg13g2_dfrbp_2".
ABC: Scl_LibertyReadGenlib() skipped sequential cell "sg13g2_dfrbpq_1".
ABC: Scl_LibertyReadGenlib() skipped sequential cell "sg13g2_dfrbpq_2".
ABC: Scl_LibertyReadGenlib() skipped sequential cell "sg13g2_dlhq_1".
ABC: Scl_LibertyReadGenlib() skipped sequential cell "sg13g2_dlhr_1".
ABC: Scl_LibertyReadGenlib() skipped sequential cell "sg13g2_dlhrq_1".
ABC: Scl_LibertyReadGenlib() skipped sequential cell "sg13g2_dllr_1".
ABC: Scl_LibertyReadGenlib() skipped sequential cell "sg13g2_dllrq_1".
ABC: Scl_LibertyReadGenlib() skipped three-state cell "sg13g2_ebufn_2".
ABC: Scl_LibertyReadGenlib() skipped three-state cell "sg13g2_ebufn_4".
ABC: Scl_LibertyReadGenlib() skipped three-state cell "sg13g2_ebufn_8".
ABC: Scl_LibertyReadGenlib() skipped three-state cell "sg13g2_einvn_2".
ABC: Scl_LibertyReadGenlib() skipped three-state cell "sg13g2_einvn_4".
ABC: Scl_LibertyReadGenlib() skipped three-state cell "sg13g2_einvn_8".
ABC: Scl_LibertyReadGenlib() skipped cell "sg13g2_fill_1" due to dont_use attribute.
ABC: Scl_LibertyReadGenlib() skipped cell "sg13g2_fill_2" due to dont_use attribute.
ABC: Scl_LibertyReadGenlib() skipped cell "sg13g2_fill_4" due to dont_use attribute.
ABC: Scl_LibertyReadGenlib() skipped cell "sg13g2_fill_8" due to dont_use attribute.
ABC: Scl_LibertyReadGenlib() skipped cell "sg13g2_lgcp_1" due to dont_use attribute.
ABC: Scl_LibertyReadGenlib() skipped sequential cell "sg13g2_sdfbbp_1".
ABC: Scl_LibertyReadGenlib() skipped sequential cell "sg13g2_sdfrbp_1".
ABC: Scl_LibertyReadGenlib() skipped sequential cell "sg13g2_sdfrbp_2".
ABC: Scl_LibertyReadGenlib() skipped sequential cell "sg13g2_sdfrbpq_1".
ABC: Scl_LibertyReadGenlib() skipped sequential cell "sg13g2_sdfrbpq_2".
ABC: Scl_LibertyReadGenlib() skipped cell "sg13g2_sighold" due to dont_use attribute.
ABC: Scl_LibertyReadGenlib() skipped cell "sg13g2_slgcp_1" due to dont_use attribute.
ABC: Library "sg13g2_stdcell_typ_1p20V_25C" from "/home/matthias/.ciel/ihp-sg13g2/ihp-sg13g2/libs.ref/sg13g2_stdcell/lib/sg13g2_stdcell_typ_1p20V_25C.lib" has 54 cells (30 skipped: 14 seq; 6 tri-state; 0 no func; 10 dont_use; 0 with 2 outputs; 0 with 3+ outputs).  Time =     0.02 sec
ABC: Memory =    2.85 MB. Time =     0.02 sec
ABC: + strash 
ABC: + &get -n 
ABC: + &fraig -x 
ABC: + &put 
ABC: + scorr 
ABC: Warning: The network is combinational (run "fraig" or "fraig_sweep").
ABC: + dc2 
ABC: + dretime 
ABC: + strash 
ABC: + &get -n 
ABC: + &dch -f 
ABC: + &nf 
ABC: + &put 
ABC: + write_blif <abc-temp-dir>/output.blif 

5.1.2. Re-integrating ABC results.
ABC RESULTS:     sg13g2_a21o_1 cells:        6
ABC RESULTS:    sg13g2_a21oi_1 cells:       44
ABC RESULTS:   sg13g2_a221oi_1 cells:        8
ABC RESULTS:    sg13g2_a22oi_1 cells:       14
ABC RESULTS:     sg13g2_and2_1 cells:       22
ABC RESULTS:     sg13g2_and3_1 cells:        4
ABC RESULTS:      sg13g2_inv_1 cells:       12
ABC RESULTS:     sg13g2_mux2_1 cells:       22
ABC RESULTS:    sg13g2_nand2_1 cells:       56
ABC RESULTS:   sg13g2_nand2b_1 cells:       10
ABC RESULTS:    sg13g2_nand3_1 cells:       13
ABC RESULTS:   sg13g2_nand3b_1 cells:        1
ABC RESULTS:     sg13g2_nor2_1 cells:       47
ABC RESULTS:    sg13g2_nor2b_1 cells:        4
ABC RESULTS:     sg13g2_nor3_1 cells:       16
ABC RESULTS:     sg13g2_nor4_1 cells:        3
ABC RESULTS:    sg13g2_o21ai_1 cells:       58
ABC RESULTS:      sg13g2_or2_1 cells:       17
ABC RESULTS:      sg13g2_or3_1 cells:        6
ABC RESULTS:    sg13g2_xnor2_1 cells:       39
ABC RESULTS:     sg13g2_xor2_1 cells:       25
ABC RESULTS:        internal signals:      562
ABC RESULTS:           input signals:       59
ABC RESULTS:          output signals:       51
Removing temp directory.
Removing global temp directory.

6. Executing OPT_CLEAN pass (remove unused cells and wires).
Finding unused cells or wires in module \pin_nco..
Removed 0 unused cells and 649 unused wires.
<suppressed ~1 debug messages>

7. Printing statistics.

=== pin_nco ===

        +----------Local Count, excluding submodules.
        |        +-Local Area, excluding submodules.
        |        | 
      436        - wires
      568        - wire bits
       12        - public wires
      144        - public wire bits
        7        - ports
       24        - port bits
      475 6.68E+03 cells
        6   76.205   sg13g2_a21o_1
       44  399.168   sg13g2_a21oi_1
        8  116.122   sg13g2_a221oi_1
       14   151.88   sg13g2_a22oi_1
       22  199.584   sg13g2_and2_1
        4   50.803   sg13g2_and3_1
       48 2.35E+03   sg13g2_dfrbpq_1
       12   65.318   sg13g2_inv_1
       22  399.168   sg13g2_mux2_1
       56  406.426   sg13g2_nand2_1
       10    90.72   sg13g2_nand2b_1
       13  117.936   sg13g2_nand3_1
        1   12.701   sg13g2_nand3b_1
       47  341.107   sg13g2_nor2_1
        4   36.288   sg13g2_nor2b_1
       16  145.152   sg13g2_nor3_1
        3   32.659   sg13g2_nor4_1
       58  526.176   sg13g2_o21ai_1
       17  154.224   sg13g2_or2_1
        6   76.205   sg13g2_or3_1
       39  566.093   sg13g2_xnor2_1
       25   362.88   sg13g2_xor2_1

   Chip area for module '\pin_nco': 6678.277200
     of which used for sequential elements: 2351.462400 (35.21%)

Warnings: 1 unique messages, 1 total
End of script. Logfile hash: 09bbd083be, CPU: user 0.18s system 0.05s, MEM: 29.27 MB peak
Yosys 0.62 (git sha1 7326bb7d6641500ecb285c291a54a662cb1e76cf, clang++ 21.1.2 -fPIC -O3)
Time spent: 59% 2x abc (0 sec), 7% 3x read_verilog (0 sec), ...
