
 /----------------------------------------------------------------------------\
 |  yosys -- Yosys Open SYnthesis Suite                                       |
 |  Copyright (C) 2012 - 2026  Claire Xenia Wolf <claire@yosyshq.com>         |
 |  Distributed under an ISC-like license, type "license" to see terms        |
 \----------------------------------------------------------------------------/
 Yosys 0.62 (git sha1 7326bb7d6641500ecb285c291a54a662cb1e76cf, clang++ 21.1.2 -fPIC -O3)

-- Running command `read_verilog -sv  rtl/assists.v;  hierarchy -check -top stuff_unit; synth -top stuff_unit -flatten; dfflibmap -liberty /home/matthias/.ciel/ihp-sg13g2/ihp-sg13g2/libs.ref/sg13g2_stdcell/lib/sg13g2_stdcell_typ_1p20V_25C.lib; abc -liberty /home/matthias/.ciel/ihp-sg13g2/ihp-sg13g2/libs.ref/sg13g2_stdcell/lib/sg13g2_stdcell_typ_1p20V_25C.lib; opt_clean; tee -o reports/stuff.stat.txt stat -liberty /home/matthias/.ciel/ihp-sg13g2/ihp-sg13g2/libs.ref/sg13g2_stdcell/lib/sg13g2_stdcell_typ_1p20V_25C.lib' --

1. Executing Verilog-2005 frontend: rtl/assists.v
Parsing SystemVerilog input from `rtl/assists.v' to AST representation.
Generating RTLIL representation for module `\crc_unit'.
Generating RTLIL representation for module `\stuff_unit'.
Generating RTLIL representation for module `\linecode_unit'.
Generating RTLIL representation for module `\seg_xbar'.
rtl/assists.v:145: Warning: Range [-1:-17] select out of bounds on signal `\pe_p': Setting 17 LSB bits to undef.
Generating RTLIL representation for module `\seg_xbar_cfg'.
Successfully finished Verilog frontend.

2. Executing HIERARCHY pass (managing design hierarchy).

2.1. Analyzing design hierarchy..
Top module:  \stuff_unit

2.2. Analyzing design hierarchy..
Top module:  \stuff_unit
Removing unused module `\seg_xbar_cfg'.
Removing unused module `\seg_xbar'.
Removing unused module `\linecode_unit'.
Removing unused module `\crc_unit'.
Removed 4 unused modules.

3. Executing SYNTH pass.

3.1. Executing HIERARCHY pass (managing design hierarchy).

3.1.1. Analyzing design hierarchy..
Top module:  \stuff_unit

3.1.2. Analyzing design hierarchy..
Top module:  \stuff_unit
Removed 0 unused modules.

3.2. Executing PROC pass (convert processes to netlists).

3.2.1. Executing PROC_CLEAN pass (remove empty switches from decision trees).
Cleaned up 0 empty switches.

3.2.2. Executing PROC_RMDEAD pass (remove dead branches from decision trees).
Marked 2 switch rules as full_case in process $proc$rtl/assists.v:68$27 in module stuff_unit.
Removed a total of 0 dead cases.

3.2.3. Executing PROC_PRUNE pass (remove redundant assignments in processes).
Removed 1 redundant assignment.
Promoted 0 assignments to connections.

3.2.4. Executing PROC_INIT pass (extract init attributes).

3.2.5. Executing PROC_ARST pass (detect async resets in processes).

3.2.6. Executing PROC_ROM pass (convert switches to ROMs).
Converted 0 switches.
<suppressed ~2 debug messages>

3.2.7. Executing PROC_MUX pass (convert decision trees to multiplexers).
Creating decoders for process `\stuff_unit.$proc$rtl/assists.v:68$27'.
     1/5: $0\out_valid[0:0]
     2/5: $0\last[0:0]
     3/5: $0\cnt[3:0]
     4/5: $0\err[0:0]
     5/5: $0\out_bit[0:0]

3.2.8. Executing PROC_DLATCH pass (convert process syncs to latches).

3.2.9. Executing PROC_DFF pass (convert process syncs to FFs).
Creating register for signal `\stuff_unit.\out_bit' using process `\stuff_unit.$proc$rtl/assists.v:68$27'.
  created $dff cell `$procdff$171' with positive edge clock.
Creating register for signal `\stuff_unit.\out_valid' using process `\stuff_unit.$proc$rtl/assists.v:68$27'.
  created $dff cell `$procdff$172' with positive edge clock.
Creating register for signal `\stuff_unit.\err' using process `\stuff_unit.$proc$rtl/assists.v:68$27'.
  created $dff cell `$procdff$173' with positive edge clock.
Creating register for signal `\stuff_unit.\cnt' using process `\stuff_unit.$proc$rtl/assists.v:68$27'.
  created $dff cell `$procdff$174' with positive edge clock.
Creating register for signal `\stuff_unit.\last' using process `\stuff_unit.$proc$rtl/assists.v:68$27'.
  created $dff cell `$procdff$175' with positive edge clock.

3.2.10. Executing PROC_MEMWR pass (convert process memory writes to cells).

3.2.11. Executing PROC_CLEAN pass (remove empty switches from decision trees).
Found and cleaned up 2 empty switches in `\stuff_unit.$proc$rtl/assists.v:68$27'.
Removing empty process `stuff_unit.$proc$rtl/assists.v:68$27'.
Cleaned up 2 empty switches.

3.2.12. Executing OPT_EXPR pass (perform const folding).
Optimizing module stuff_unit.

3.3. Executing FLATTEN pass (flatten design).

3.4. Executing OPT_EXPR pass (perform const folding).
Optimizing module stuff_unit.

3.5. Executing OPT_CLEAN pass (remove unused cells and wires).
Finding unused cells or wires in module \stuff_unit..
Removed 0 unused cells and 19 unused wires.
<suppressed ~1 debug messages>

3.6. Executing CHECK pass (checking for obvious problems).
Checking module stuff_unit...
Found and reported 0 problems.

3.7. Executing OPT pass (performing simple optimizations).

3.7.1. Executing OPT_EXPR pass (perform const folding).
Optimizing module stuff_unit.

3.7.2. Executing OPT_MERGE pass (detect identical cells).
Finding identical cells in module `\stuff_unit'.
Computing hashes of 40 cells of `\stuff_unit'.
Finding duplicate cells in `\stuff_unit'.
Computing hashes of 37 cells of `\stuff_unit'.
Finding duplicate cells in `\stuff_unit'.
Computing hashes of 36 cells of `\stuff_unit'.
Finding duplicate cells in `\stuff_unit'.
<suppressed ~12 debug messages>
Removed a total of 4 cells.

3.7.3. Executing OPT_MUXTREE pass (detect dead branches in mux trees).
Running muxtree optimizer on module \stuff_unit..
  Creating internal representation of mux trees.
  Evaluating internal representation of mux trees.
  Analyzing evaluation results.
Removed 0 multiplexer ports.
<suppressed ~21 debug messages>

3.7.4. Executing OPT_REDUCE pass (consolidate $*mux and $reduce_* inputs).
  Optimizing cells in module \stuff_unit.
Performed a total of 0 changes.

3.7.5. Executing OPT_MERGE pass (detect identical cells).
Finding identical cells in module `\stuff_unit'.
Computing hashes of 36 cells of `\stuff_unit'.
Finding duplicate cells in `\stuff_unit'.
Removed a total of 0 cells.

3.7.6. Executing OPT_DFF pass (perform DFF optimizations).

3.7.7. Executing OPT_CLEAN pass (remove unused cells and wires).
Finding unused cells or wires in module \stuff_unit..
Removed 0 unused cells and 4 unused wires.
<suppressed ~1 debug messages>

3.7.8. Executing OPT_EXPR pass (perform const folding).
Optimizing module stuff_unit.

3.7.9. Rerunning OPT passes. (Maybe there is more to do..)

3.7.10. Executing OPT_MUXTREE pass (detect dead branches in mux trees).
Running muxtree optimizer on module \stuff_unit..
  Creating internal representation of mux trees.
  Evaluating internal representation of mux trees.
  Analyzing evaluation results.
Removed 0 multiplexer ports.
<suppressed ~21 debug messages>

3.7.11. Executing OPT_REDUCE pass (consolidate $*mux and $reduce_* inputs).
  Optimizing cells in module \stuff_unit.
Performed a total of 0 changes.

3.7.12. Executing OPT_MERGE pass (detect identical cells).
Finding identical cells in module `\stuff_unit'.
Computing hashes of 36 cells of `\stuff_unit'.
Finding duplicate cells in `\stuff_unit'.
Removed a total of 0 cells.

3.7.13. Executing OPT_DFF pass (perform DFF optimizations).

3.7.14. Executing OPT_CLEAN pass (remove unused cells and wires).
Finding unused cells or wires in module \stuff_unit..

3.7.15. Executing OPT_EXPR pass (perform const folding).
Optimizing module stuff_unit.

3.7.16. Finished fast OPT passes. (There is nothing left to do.)

3.8. Executing FSM pass (extract and optimize FSM).

3.8.1. Executing FSM_DETECT pass (finding FSMs in design).

3.8.2. Executing FSM_EXTRACT pass (extracting FSM from design).

3.8.3. Executing FSM_OPT pass (simple optimizations of FSMs).

3.8.4. Executing OPT_CLEAN pass (remove unused cells and wires).
Finding unused cells or wires in module \stuff_unit..

3.8.5. Executing FSM_OPT pass (simple optimizations of FSMs).

3.8.6. Executing FSM_RECODE pass (re-assigning FSM state encoding).

3.8.7. Executing FSM_INFO pass (dumping all available information on FSM cells).

3.8.8. Executing FSM_MAP pass (mapping FSMs to basic logic).

3.9. Executing OPT pass (performing simple optimizations).

3.9.1. Executing OPT_EXPR pass (perform const folding).
Optimizing module stuff_unit.

3.9.2. Executing OPT_MERGE pass (detect identical cells).
Finding identical cells in module `\stuff_unit'.
Computing hashes of 36 cells of `\stuff_unit'.
Finding duplicate cells in `\stuff_unit'.
Removed a total of 0 cells.

3.9.3. Executing OPT_MUXTREE pass (detect dead branches in mux trees).
Running muxtree optimizer on module \stuff_unit..
  Creating internal representation of mux trees.
  Evaluating internal representation of mux trees.
  Analyzing evaluation results.
Removed 0 multiplexer ports.
<suppressed ~21 debug messages>

3.9.4. Executing OPT_REDUCE pass (consolidate $*mux and $reduce_* inputs).
  Optimizing cells in module \stuff_unit.
Performed a total of 0 changes.

3.9.5. Executing OPT_MERGE pass (detect identical cells).
Finding identical cells in module `\stuff_unit'.
Computing hashes of 36 cells of `\stuff_unit'.
Finding duplicate cells in `\stuff_unit'.
Removed a total of 0 cells.

3.9.6. Executing OPT_DFF pass (perform DFF optimizations).
Adding SRST signal on $procdff$175 ($dff) from module stuff_unit (D = $procmux$148_Y, Q = \last, rval = 1'0).
Adding EN signal on $auto$ff.cc:337:slice$176 ($sdff) from module stuff_unit (D = \b, Q = \last).
Adding SRST signal on $procdff$174 ($dff) from module stuff_unit (D = $procmux$154_Y, Q = \cnt, rval = 4'0000).
Adding EN signal on $auto$ff.cc:337:slice$178 ($sdff) from module stuff_unit (D = $ternary$rtl/assists.v:75$41_Y, Q = \cnt).
Adding SRST signal on $procdff$173 ($dff) from module stuff_unit (D = $procmux$160_Y, Q = \err, rval = 1'0).
Adding EN signal on $auto$ff.cc:337:slice$180 ($sdff) from module stuff_unit (D = $and$rtl/assists.v:74$35_Y, Q = \err).
Adding SRST signal on $procdff$172 ($dff) from module stuff_unit (D = $not$rtl/assists.v:73$33_Y, Q = \out_valid, rval = 1'0).
Adding SRST signal on $procdff$171 ($dff) from module stuff_unit (D = $procmux$166_Y, Q = \out_bit, rval = 1'0).
Adding EN signal on $auto$ff.cc:337:slice$187 ($sdff) from module stuff_unit (D = \b, Q = \out_bit).

3.9.7. Executing OPT_CLEAN pass (remove unused cells and wires).
Finding unused cells or wires in module \stuff_unit..
Removed 10 unused cells and 10 unused wires.
<suppressed ~11 debug messages>

3.9.8. Executing OPT_EXPR pass (perform const folding).
Optimizing module stuff_unit.

3.9.9. Rerunning OPT passes. (Maybe there is more to do..)

3.9.10. Executing OPT_MUXTREE pass (detect dead branches in mux trees).
Running muxtree optimizer on module \stuff_unit..
  Creating internal representation of mux trees.
  Evaluating internal representation of mux trees.
  Analyzing evaluation results.
Removed 0 multiplexer ports.
<suppressed ~7 debug messages>

3.9.11. Executing OPT_REDUCE pass (consolidate $*mux and $reduce_* inputs).
  Optimizing cells in module \stuff_unit.
Performed a total of 0 changes.

3.9.12. Executing OPT_MERGE pass (detect identical cells).
Finding identical cells in module `\stuff_unit'.
Computing hashes of 28 cells of `\stuff_unit'.
Finding duplicate cells in `\stuff_unit'.
Computing hashes of 27 cells of `\stuff_unit'.
Finding duplicate cells in `\stuff_unit'.
<suppressed ~3 debug messages>
Removed a total of 1 cells.

3.9.13. Executing OPT_DFF pass (perform DFF optimizations).

3.9.14. Executing OPT_CLEAN pass (remove unused cells and wires).
Finding unused cells or wires in module \stuff_unit..

3.9.15. Executing OPT_EXPR pass (perform const folding).
Optimizing module stuff_unit.

3.9.16. Rerunning OPT passes. (Maybe there is more to do..)

3.9.17. Executing OPT_MUXTREE pass (detect dead branches in mux trees).
Running muxtree optimizer on module \stuff_unit..
  Creating internal representation of mux trees.
  Evaluating internal representation of mux trees.
  Analyzing evaluation results.
Removed 0 multiplexer ports.
<suppressed ~7 debug messages>

3.9.18. Executing OPT_REDUCE pass (consolidate $*mux and $reduce_* inputs).
  Optimizing cells in module \stuff_unit.
Performed a total of 0 changes.

3.9.19. Executing OPT_MERGE pass (detect identical cells).
Finding identical cells in module `\stuff_unit'.
Computing hashes of 27 cells of `\stuff_unit'.
Finding duplicate cells in `\stuff_unit'.
Removed a total of 0 cells.

3.9.20. Executing OPT_DFF pass (perform DFF optimizations).

3.9.21. Executing OPT_CLEAN pass (remove unused cells and wires).
Finding unused cells or wires in module \stuff_unit..

3.9.22. Executing OPT_EXPR pass (perform const folding).
Optimizing module stuff_unit.

3.9.23. Finished fast OPT passes. (There is nothing left to do.)

3.10. Executing WREDUCE pass (reducing word size of cells).
Removed top 3 bits (of 4) from mux cell stuff_unit.$ternary$rtl/assists.v:75$39 ($mux).
Removed top 3 bits (of 4) from port B of cell stuff_unit.$add$rtl/assists.v:75$40 ($add).
Removed top 3 bits (of 4) from wire stuff_unit.$ternary$rtl/assists.v:75$39_Y.

3.11. Executing PEEPOPT pass (run peephole optimizers).

3.12. Executing OPT_CLEAN pass (remove unused cells and wires).
Finding unused cells or wires in module \stuff_unit..
Removed 0 unused cells and 1 unused wires.
<suppressed ~1 debug messages>

3.13. Executing ALUMACC pass (create $alu and $macc cells).
Extracting $alu and $macc cells in module stuff_unit:
  creating $macc model for $add$rtl/assists.v:75$40 ($add).
  creating $alu model for $macc $add$rtl/assists.v:75$40.
  creating $alu cell for $add$rtl/assists.v:75$40: $auto$alumacc.cc:512:replace_alu$190
  created 1 $alu and 0 $macc cells.

3.14. Executing SHARE pass (SAT-based resource sharing).

3.15. Executing OPT pass (performing simple optimizations).

3.15.1. Executing OPT_EXPR pass (perform const folding).
Optimizing module stuff_unit.

3.15.2. Executing OPT_MERGE pass (detect identical cells).
Finding identical cells in module `\stuff_unit'.
Computing hashes of 27 cells of `\stuff_unit'.
Finding duplicate cells in `\stuff_unit'.
Removed a total of 0 cells.

3.15.3. Executing OPT_MUXTREE pass (detect dead branches in mux trees).
Running muxtree optimizer on module \stuff_unit..
  Creating internal representation of mux trees.
  Evaluating internal representation of mux trees.
  Analyzing evaluation results.
Removed 0 multiplexer ports.
<suppressed ~7 debug messages>

3.15.4. Executing OPT_REDUCE pass (consolidate $*mux and $reduce_* inputs).
  Optimizing cells in module \stuff_unit.
Performed a total of 0 changes.

3.15.5. Executing OPT_MERGE pass (detect identical cells).
Finding identical cells in module `\stuff_unit'.
Computing hashes of 27 cells of `\stuff_unit'.
Finding duplicate cells in `\stuff_unit'.
Removed a total of 0 cells.

3.15.6. Executing OPT_DFF pass (perform DFF optimizations).

3.15.7. Executing OPT_CLEAN pass (remove unused cells and wires).
Finding unused cells or wires in module \stuff_unit..

3.15.8. Executing OPT_EXPR pass (perform const folding).
Optimizing module stuff_unit.

3.15.9. Finished fast OPT passes. (There is nothing left to do.)

3.16. Executing MEMORY pass.

3.16.1. Executing OPT_MEM pass (optimize memories).
Performed a total of 0 transformations.

3.16.2. Executing OPT_MEM_PRIORITY pass (removing unnecessary memory write priority relations).
Performed a total of 0 transformations.

3.16.3. Executing OPT_MEM_FEEDBACK pass (finding memory read-to-write feedback paths).

3.16.4. Executing MEMORY_BMUX2ROM pass (converting muxes to ROMs).

3.16.5. Executing MEMORY_DFF pass (merging $dff cells to $memrd).

3.16.6. Executing OPT_CLEAN pass (remove unused cells and wires).
Finding unused cells or wires in module \stuff_unit..

3.16.7. Executing MEMORY_SHARE pass (consolidating $memrd/$memwr cells).

3.16.8. Executing OPT_MEM_WIDEN pass (optimize memories where all ports are wide).
Performed a total of 0 transformations.

3.16.9. Executing OPT_CLEAN pass (remove unused cells and wires).
Finding unused cells or wires in module \stuff_unit..

3.16.10. Executing MEMORY_COLLECT pass (generating $mem cells).

3.17. Executing OPT_CLEAN pass (remove unused cells and wires).
Finding unused cells or wires in module \stuff_unit..

3.18. Executing OPT pass (performing simple optimizations).

3.18.1. Executing OPT_EXPR pass (perform const folding).
Optimizing module stuff_unit.
<suppressed ~1 debug messages>

3.18.2. Executing OPT_MERGE pass (detect identical cells).
Finding identical cells in module `\stuff_unit'.
Computing hashes of 27 cells of `\stuff_unit'.
Finding duplicate cells in `\stuff_unit'.
Removed a total of 0 cells.

3.18.3. Executing OPT_DFF pass (perform DFF optimizations).

3.18.4. Executing OPT_CLEAN pass (remove unused cells and wires).
Finding unused cells or wires in module \stuff_unit..

3.18.5. Finished fast OPT passes.

3.19. Executing MEMORY_MAP pass (converting memories to logic and flip-flops).

3.20. Executing OPT pass (performing simple optimizations).

3.20.1. Executing OPT_EXPR pass (perform const folding).
Optimizing module stuff_unit.

3.20.2. Executing OPT_MERGE pass (detect identical cells).
Finding identical cells in module `\stuff_unit'.
Computing hashes of 27 cells of `\stuff_unit'.
Finding duplicate cells in `\stuff_unit'.
Removed a total of 0 cells.

3.20.3. Executing OPT_MUXTREE pass (detect dead branches in mux trees).
Running muxtree optimizer on module \stuff_unit..
  Creating internal representation of mux trees.
  Evaluating internal representation of mux trees.
  Analyzing evaluation results.
Removed 0 multiplexer ports.
<suppressed ~6 debug messages>

3.20.4. Executing OPT_REDUCE pass (consolidate $*mux and $reduce_* inputs).
  Optimizing cells in module \stuff_unit.
Performed a total of 0 changes.

3.20.5. Executing OPT_MERGE pass (detect identical cells).
Finding identical cells in module `\stuff_unit'.
Computing hashes of 27 cells of `\stuff_unit'.
Finding duplicate cells in `\stuff_unit'.
Removed a total of 0 cells.

3.20.6. Executing OPT_SHARE pass.

3.20.7. Executing OPT_DFF pass (perform DFF optimizations).

3.20.8. Executing OPT_CLEAN pass (remove unused cells and wires).
Finding unused cells or wires in module \stuff_unit..

3.20.9. Executing OPT_EXPR pass (perform const folding).
Optimizing module stuff_unit.

3.20.10. Finished fast OPT passes. (There is nothing left to do.)

3.21. Executing TECHMAP pass (map to technology primitives).

3.21.1. Executing Verilog-2005 frontend: /nix/store/f1q0w7rd0a4ny4hqvfxlhs4cmariidcy-yosys-0.62/bin/../share/yosys/techmap.v
Parsing Verilog input from `/nix/store/f1q0w7rd0a4ny4hqvfxlhs4cmariidcy-yosys-0.62/bin/../share/yosys/techmap.v' to AST representation.
Generating RTLIL representation for module `\_90_simplemap_bool_ops'.
Generating RTLIL representation for module `\_90_simplemap_reduce_ops'.
Generating RTLIL representation for module `\_90_simplemap_logic_ops'.
Generating RTLIL representation for module `\_90_simplemap_compare_ops'.
Generating RTLIL representation for module `\_90_simplemap_various'.
Generating RTLIL representation for module `\_90_simplemap_registers'.
Generating RTLIL representation for module `\_90_shift_ops_shr_shl_sshl_sshr'.
Generating RTLIL representation for module `\_90_shift_shiftx'.
Generating RTLIL representation for module `\_90_fa'.
Generating RTLIL representation for module `\_90_lcu_brent_kung'.
Generating RTLIL representation for module `\_90_alu'.
Generating RTLIL representation for module `\_90_macc'.
Generating RTLIL representation for module `\_90_alumacc'.
Generating RTLIL representation for module `$__div_mod_u'.
Generating RTLIL representation for module `$__div_mod_trunc'.
Generating RTLIL representation for module `\_90_div'.
Generating RTLIL representation for module `\_90_mod'.
Generating RTLIL representation for module `$__div_mod_floor'.
Generating RTLIL representation for module `\_90_divfloor'.
Generating RTLIL representation for module `\_90_modfloor'.
Generating RTLIL representation for module `\_90_pow'.
Generating RTLIL representation for module `\_90_pmux'.
Generating RTLIL representation for module `\_90_demux'.
Generating RTLIL representation for module `\_90_lut'.
Generating RTLIL representation for module `$connect'.
Generating RTLIL representation for module `$input_port'.
Successfully finished Verilog frontend.

3.21.2. Continuing TECHMAP pass.
Using template $paramod$32a7b7b86c07519b7537abc18e96f0331f97914d\_90_alu for cells of type $alu.
Using extmapper simplemap for cells of type $reduce_or.
Using extmapper simplemap for cells of type $not.
Using extmapper simplemap for cells of type $sdff.
Using extmapper simplemap for cells of type $sdffe.
Using extmapper simplemap for cells of type $eq.
Using extmapper simplemap for cells of type $or.
Using extmapper simplemap for cells of type $and.
Using extmapper simplemap for cells of type $mux.
Using extmapper simplemap for cells of type $pos.
Using template $paramod\_90_fa\WIDTH=32'00000000000000000000000000000100 for cells of type $fa.
Using template $paramod\_90_lcu_brent_kung\WIDTH=32'00000000000000000000000000000100 for cells of type $lcu.
Using extmapper simplemap for cells of type $xor.
No more expansions possible.
<suppressed ~268 debug messages>

3.22. Executing OPT pass (performing simple optimizations).

3.22.1. Executing OPT_EXPR pass (perform const folding).
Optimizing module stuff_unit.
<suppressed ~34 debug messages>

3.22.2. Executing OPT_MERGE pass (detect identical cells).
Finding identical cells in module `\stuff_unit'.
Computing hashes of 52 cells of `\stuff_unit'.
Finding duplicate cells in `\stuff_unit'.
Computing hashes of 51 cells of `\stuff_unit'.
Finding duplicate cells in `\stuff_unit'.
<suppressed ~3 debug messages>
Removed a total of 1 cells.

3.22.3. Executing OPT_DFF pass (perform DFF optimizations).

3.22.4. Executing OPT_CLEAN pass (remove unused cells and wires).
Finding unused cells or wires in module \stuff_unit..
Removed 5 unused cells and 52 unused wires.
<suppressed ~6 debug messages>

3.22.5. Finished fast OPT passes.

3.23. Executing ABC pass (technology mapping using ABC).

3.23.1. Extracting gate netlist of module `\stuff_unit' to `<abc-temp-dir>/input.blif'..

3.23.1.1. Executed ABC.
Extracted 39 gates and 56 wires to a netlist network with 16 inputs and 10 outputs.
Running ABC script: <abc-temp-dir>/abc.script
ABC: ======== ABC command line "source <abc-temp-dir>/abc.script"
ABC: + read_blif <abc-temp-dir>/input.blif 
ABC: + read_library /tmp/yosys-abc-2ILwoV/stdcells.genlib 
ABC: + strash 
ABC: + dretime 
ABC: + map 
ABC: + write_blif <abc-temp-dir>/output.blif 

3.23.1.2. Re-integrating ABC results.
ABC RESULTS:               AND cells:        1
ABC RESULTS:            ANDNOT cells:        8
ABC RESULTS:               MUX cells:        3
ABC RESULTS:              NAND cells:        1
ABC RESULTS:               NOR cells:        2
ABC RESULTS:               NOT cells:        3
ABC RESULTS:                OR cells:        3
ABC RESULTS:             ORNOT cells:        2
ABC RESULTS:              XNOR cells:        2
ABC RESULTS:               XOR cells:        7
ABC RESULTS:        internal signals:       30
ABC RESULTS:           input signals:       16
ABC RESULTS:          output signals:       10
Removing temp directory.
Removing global temp directory.

3.24. Executing OPT pass (performing simple optimizations).

3.24.1. Executing OPT_EXPR pass (perform const folding).
Optimizing module stuff_unit.

3.24.2. Executing OPT_MERGE pass (detect identical cells).
Finding identical cells in module `\stuff_unit'.
Computing hashes of 39 cells of `\stuff_unit'.
Finding duplicate cells in `\stuff_unit'.
Removed a total of 0 cells.

3.24.3. Executing OPT_DFF pass (perform DFF optimizations).

3.24.4. Executing OPT_CLEAN pass (remove unused cells and wires).
Finding unused cells or wires in module \stuff_unit..
Removed 0 unused cells and 46 unused wires.
<suppressed ~4 debug messages>

3.24.5. Finished fast OPT passes.

3.25. Executing HIERARCHY pass (managing design hierarchy).
Attribute `top' found on module `stuff_unit'. Setting top module to stuff_unit.

3.25.1. Analyzing design hierarchy..
Top module:  \stuff_unit

3.25.2. Analyzing design hierarchy..
Top module:  \stuff_unit
Removed 0 unused modules.

3.26. Printing statistics.

=== stuff_unit ===

        +----------Local Count, excluding submodules.
        | 
       46 wires
       52 wire bits
       16 public wires
       22 public wire bits
       13 ports
       16 port bits
       39 cells
        8   $_ANDNOT_
        1   $_AND_
        3   $_MUX_
        1   $_NAND_
        2   $_NOR_
        3   $_NOT_
        2   $_ORNOT_
        3   $_OR_
        6   $_SDFFE_PP0P_
        1   $_SDFF_PP0_
        2   $_XNOR_
        7   $_XOR_

3.27. Executing CHECK pass (checking for obvious problems).
Checking module stuff_unit...
Found and reported 0 problems.

4. Executing DFFLIBMAP pass (mapping DFF cells to sequential cells from liberty file).
  cell sg13g2_dfrbpq_1 (noninv, pins=4, area=48.99) is a direct match for cell type $_DFF_PN0_.
  final dff cell mappings:
    unmapped dff cell: $_DFF_N_
    unmapped dff cell: $_DFF_P_
    unmapped dff cell: $_DFF_NN0_
    unmapped dff cell: $_DFF_NN1_
    unmapped dff cell: $_DFF_NP0_
    unmapped dff cell: $_DFF_NP1_
    \sg13g2_dfrbpq_1 _DFF_PN0_ (.CLK( C), .D( D), .Q( Q), .RESET_B( R));
    unmapped dff cell: $_DFF_PN1_
    unmapped dff cell: $_DFF_PP0_
    unmapped dff cell: $_DFF_PP1_
    unmapped dff cell: $_DFFE_NN_
    unmapped dff cell: $_DFFE_NP_
    unmapped dff cell: $_DFFE_PN_
    unmapped dff cell: $_DFFE_PP_
    unmapped dff cell: $_DFFSR_NNN_
    unmapped dff cell: $_DFFSR_NNP_
    unmapped dff cell: $_DFFSR_NPN_
    unmapped dff cell: $_DFFSR_NPP_
    unmapped dff cell: $_DFFSR_PNN_
    unmapped dff cell: $_DFFSR_PNP_
    unmapped dff cell: $_DFFSR_PPN_
    unmapped dff cell: $_DFFSR_PPP_

4.1. Executing DFFLEGALIZE pass (convert FFs to types supported by the target).
<suppressed ~4 debug messages>
Mapping DFF cells in module `\stuff_unit':
  mapped 7 $_DFF_PN0_ cells to \sg13g2_dfrbpq_1 cells.

5. Executing ABC pass (technology mapping using ABC).

5.1. Extracting gate netlist of module `\stuff_unit' to `<abc-temp-dir>/input.blif'..

5.1.1. Executed ABC.
Extracted 45 gates and 63 wires to a netlist network with 17 inputs and 8 outputs.
Running ABC script: <abc-temp-dir>/abc.script
ABC: ======== ABC command line "source <abc-temp-dir>/abc.script"
ABC: + read_blif <abc-temp-dir>/input.blif 
ABC: + read_lib -w /home/matthias/.ciel/ihp-sg13g2/ihp-sg13g2/libs.ref/sg13g2_stdcell/lib/sg13g2_stdcell_typ_1p20V_25C.lib 
ABC: Parsing finished successfully.  Parsing time =     0.01 sec
ABC: Scl_LibertyReadGenlib() skipped cell "sg13g2_antennanp" due to dont_use attribute.
ABC: Scl_LibertyReadGenlib() skipped cell "sg13g2_decap_4" due to dont_use attribute.
ABC: Scl_LibertyReadGenlib() skipped cell "sg13g2_decap_8" due to dont_use attribute.
ABC: Scl_LibertyReadGenlib() skipped sequential cell "sg13g2_dfrbp_1".
ABC: Scl_LibertyReadGenlib() skipped sequential cell "sg13g2_dfrbp_2".
ABC: Scl_LibertyReadGenlib() skipped sequential cell "sg13g2_dfrbpq_1".
ABC: Scl_LibertyReadGenlib() skipped sequential cell "sg13g2_dfrbpq_2".
ABC: Scl_LibertyReadGenlib() skipped sequential cell "sg13g2_dlhq_1".
ABC: Scl_LibertyReadGenlib() skipped sequential cell "sg13g2_dlhr_1".
ABC: Scl_LibertyReadGenlib() skipped sequential cell "sg13g2_dlhrq_1".
ABC: Scl_LibertyReadGenlib() skipped sequential cell "sg13g2_dllr_1".
ABC: Scl_LibertyReadGenlib() skipped sequential cell "sg13g2_dllrq_1".
ABC: Scl_LibertyReadGenlib() skipped three-state cell "sg13g2_ebufn_2".
ABC: Scl_LibertyReadGenlib() skipped three-state cell "sg13g2_ebufn_4".
ABC: Scl_LibertyReadGenlib() skipped three-state cell "sg13g2_ebufn_8".
ABC: Scl_LibertyReadGenlib() skipped three-state cell "sg13g2_einvn_2".
ABC: Scl_LibertyReadGenlib() skipped three-state cell "sg13g2_einvn_4".
ABC: Scl_LibertyReadGenlib() skipped three-state cell "sg13g2_einvn_8".
ABC: Scl_LibertyReadGenlib() skipped cell "sg13g2_fill_1" due to dont_use attribute.
ABC: Scl_LibertyReadGenlib() skipped cell "sg13g2_fill_2" due to dont_use attribute.
ABC: Scl_LibertyReadGenlib() skipped cell "sg13g2_fill_4" due to dont_use attribute.
ABC: Scl_LibertyReadGenlib() skipped cell "sg13g2_fill_8" due to dont_use attribute.
ABC: Scl_LibertyReadGenlib() skipped cell "sg13g2_lgcp_1" due to dont_use attribute.
ABC: Scl_LibertyReadGenlib() skipped sequential cell "sg13g2_sdfbbp_1".
ABC: Scl_LibertyReadGenlib() skipped sequential cell "sg13g2_sdfrbp_1".
ABC: Scl_LibertyReadGenlib() skipped sequential cell "sg13g2_sdfrbp_2".
ABC: Scl_LibertyReadGenlib() skipped sequential cell "sg13g2_sdfrbpq_1".
ABC: Scl_LibertyReadGenlib() skipped sequential cell "sg13g2_sdfrbpq_2".
ABC: Scl_LibertyReadGenlib() skipped cell "sg13g2_sighold" due to dont_use attribute.
ABC: Scl_LibertyReadGenlib() skipped cell "sg13g2_slgcp_1" due to dont_use attribute.
ABC: Library "sg13g2_stdcell_typ_1p20V_25C" from "/home/matthias/.ciel/ihp-sg13g2/ihp-sg13g2/libs.ref/sg13g2_stdcell/lib/sg13g2_stdcell_typ_1p20V_25C.lib" has 54 cells (30 skipped: 14 seq; 6 tri-state; 0 no func; 10 dont_use; 0 with 2 outputs; 0 with 3+ outputs).  Time =     0.01 sec
ABC: Memory =    2.85 MB. Time =     0.01 sec
ABC: + strash 
ABC: + &get -n 
ABC: + &fraig -x 
ABC: + &put 
ABC: + scorr 
ABC: Warning: The network is combinational (run "fraig" or "fraig_sweep").
ABC: + dc2 
ABC: + dretime 
ABC: + strash 
ABC: + &get -n 
ABC: + &dch -f 
ABC: + &nf 
ABC: + &put 
ABC: + write_blif <abc-temp-dir>/output.blif 

5.1.2. Re-integrating ABC results.
ABC RESULTS:     sg13g2_a21o_1 cells:        4
ABC RESULTS:    sg13g2_a21oi_1 cells:        7
ABC RESULTS:   sg13g2_a221oi_1 cells:        3
ABC RESULTS:     sg13g2_and2_1 cells:        1
ABC RESULTS:     sg13g2_and3_1 cells:        2
ABC RESULTS:     sg13g2_and4_1 cells:        2
ABC RESULTS:      sg13g2_inv_1 cells:        4
ABC RESULTS:    sg13g2_nand2_1 cells:        2
ABC RESULTS:   sg13g2_nand2b_1 cells:        1
ABC RESULTS:    sg13g2_nand3_1 cells:        3
ABC RESULTS:    sg13g2_nand4_1 cells:        1
ABC RESULTS:     sg13g2_nor2_1 cells:        3
ABC RESULTS:    sg13g2_o21ai_1 cells:        7
ABC RESULTS:      sg13g2_or2_1 cells:        1
ABC RESULTS:      sg13g2_or3_1 cells:        1
ABC RESULTS:    sg13g2_xnor2_1 cells:        4
ABC RESULTS:        internal signals:       38
ABC RESULTS:           input signals:       17
ABC RESULTS:          output signals:        8
Removing temp directory.
Removing global temp directory.

6. Executing OPT_CLEAN pass (remove unused cells and wires).
Finding unused cells or wires in module \stuff_unit..
Removed 0 unused cells and 62 unused wires.
<suppressed ~2 debug messages>

7. Printing statistics.

=== stuff_unit ===

        +----------Local Count, excluding submodules.
        |        +-Local Area, excluding submodules.
        |        | 
       60        - wires
       66        - wire bits
       15        - public wires
       21        - public wire bits
       13        - ports
       16        - port bits
       53  812.851 cells
        4   50.803   sg13g2_a21o_1
        7   63.504   sg13g2_a21oi_1
        3   43.546   sg13g2_a221oi_1
        1    9.072   sg13g2_and2_1
        2   25.402   sg13g2_and3_1
        2    29.03   sg13g2_and4_1
        7  342.922   sg13g2_dfrbpq_1
        4   21.773   sg13g2_inv_1
        2   14.515   sg13g2_nand2_1
        1    9.072   sg13g2_nand2b_1
        3   27.216   sg13g2_nand3_1
        1   10.886   sg13g2_nand4_1
        3   21.773   sg13g2_nor2_1
        7   63.504   sg13g2_o21ai_1
        1    9.072   sg13g2_or2_1
        1   12.701   sg13g2_or3_1
        4   58.061   sg13g2_xnor2_1

   Chip area for module '\stuff_unit': 812.851200
     of which used for sequential elements: 342.921600 (42.19%)

Warnings: 1 unique messages, 1 total
End of script. Logfile hash: f31092549e, CPU: user 0.12s system 0.05s, MEM: 28.63 MB peak
Yosys 0.62 (git sha1 7326bb7d6641500ecb285c291a54a662cb1e76cf, clang++ 21.1.2 -fPIC -O3)
Time spent: 60% 2x abc (0 sec), 11% 3x read_verilog (0 sec), ...
