
 /----------------------------------------------------------------------------\
 |  yosys -- Yosys Open SYnthesis Suite                                       |
 |  Copyright (C) 2012 - 2026  Claire Xenia Wolf <claire@yosyshq.com>         |
 |  Distributed under an ISC-like license, type "license" to see terms        |
 \----------------------------------------------------------------------------/
 Yosys 0.62 (git sha1 7326bb7d6641500ecb285c291a54a662cb1e76cf, clang++ 21.1.2 -fPIC -O3)

-- Running command `read_verilog -sv -DBITSEL -DNO_LOGIC rtl/upe.v;  hierarchy -check -top upe; synth -top upe -flatten; dfflibmap -liberty /home/matthias/.ciel/ihp-sg13g2/ihp-sg13g2/libs.ref/sg13g2_stdcell/lib/sg13g2_stdcell_typ_1p20V_25C.lib; abc -liberty /home/matthias/.ciel/ihp-sg13g2/ihp-sg13g2/libs.ref/sg13g2_stdcell/lib/sg13g2_stdcell_typ_1p20V_25C.lib; opt_clean; tee -o reports/upe_full_no_logic.stat.txt stat -liberty /home/matthias/.ciel/ihp-sg13g2/ihp-sg13g2/libs.ref/sg13g2_stdcell/lib/sg13g2_stdcell_typ_1p20V_25C.lib' --

1. Executing Verilog-2005 frontend: rtl/upe.v
Parsing SystemVerilog input from `rtl/upe.v' to AST representation.
Generating RTLIL representation for module `\upe'.
Warning: Replacing memory \c with list of registers. See rtl/upe.v:77
Successfully finished Verilog frontend.

2. Executing HIERARCHY pass (managing design hierarchy).

2.1. Analyzing design hierarchy..
Top module:  \upe

2.2. Analyzing design hierarchy..
Top module:  \upe
Removed 0 unused modules.

3. Executing SYNTH pass.

3.1. Executing HIERARCHY pass (managing design hierarchy).

3.1.1. Analyzing design hierarchy..
Top module:  \upe

3.1.2. Analyzing design hierarchy..
Top module:  \upe
Removed 0 unused modules.

3.2. Executing PROC pass (convert processes to netlists).

3.2.1. Executing PROC_CLEAN pass (remove empty switches from decision trees).
Cleaned up 0 empty switches.

3.2.2. Executing PROC_RMDEAD pass (remove dead branches from decision trees).
Marked 4 switch rules as full_case in process $proc$rtl/upe.v:224$96 in module upe.
Marked 1 switch rules as full_case in process $proc$rtl/upe.v:205$92 in module upe.
Marked 1 switch rules as full_case in process $proc$rtl/upe.v:168$51 in module upe.
Marked 1 switch rules as full_case in process $proc$rtl/upe.v:150$48 in module upe.
Marked 1 switch rules as full_case in process $proc$rtl/upe.v:76$3 in module upe.
Removed a total of 0 dead cases.

3.2.3. Executing PROC_PRUNE pass (remove redundant assignments in processes).
Removed 0 redundant assignments.
Promoted 6 assignments to connections.

3.2.4. Executing PROC_INIT pass (extract init attributes).

3.2.5. Executing PROC_ARST pass (detect async resets in processes).

3.2.6. Executing PROC_ROM pass (convert switches to ROMs).
Converted 0 switches.
<suppressed ~9 debug messages>

3.2.7. Executing PROC_MUX pass (convert decision trees to multiplexers).
Creating decoders for process `\upe.$proc$rtl/upe.v:224$96'.
     1/6: $0\cr[0:0]
     2/6: $0\b1[0:0]
     3/6: $0\p_valid[0:0]
     4/6: $0\p_out[15:0]
     5/6: $0\S[15:0]
     6/6: $0\F[0:0]
Creating decoders for process `\upe.$proc$rtl/upe.v:205$92'.
     1/1: $1\r[15:0]
Creating decoders for process `\upe.$proc$rtl/upe.v:168$51'.
     1/1: $1\sin[0:0]
Creating decoders for process `\upe.$proc$rtl/upe.v:150$48'.
     1/1: $1\g[0:0]
Creating decoders for process `\upe.$proc$rtl/upe.v:127$17'.
Creating decoders for process `\upe.$proc$rtl/upe.v:76$3'.
     1/9: $1\j[31:0]
     2/9: $0\c[7][7:0]
     3/9: $0\c[6][7:0]
     4/9: $0\c[5][7:0]
     5/9: $0\c[4][7:0]
     6/9: $0\c[3][7:0]
     7/9: $0\c[2][7:0]
     8/9: $0\c[1][7:0]
     9/9: $0\c[0][7:0]

3.2.8. Executing PROC_DLATCH pass (convert process syncs to latches).
No latch inferred for signal `\upe.\r' from process `\upe.$proc$rtl/upe.v:205$92'.
No latch inferred for signal `\upe.\sin' from process `\upe.$proc$rtl/upe.v:168$51'.
No latch inferred for signal `\upe.\g' from process `\upe.$proc$rtl/upe.v:150$48'.
No latch inferred for signal `\upe.\i' from process `\upe.$proc$rtl/upe.v:127$17'.
No latch inferred for signal `\upe.\pop' from process `\upe.$proc$rtl/upe.v:127$17'.

3.2.9. Executing PROC_DFF pass (convert process syncs to FFs).
Creating register for signal `\upe.\F' using process `\upe.$proc$rtl/upe.v:224$96'.
  created $dff cell `$procdff$218' with positive edge clock.
Creating register for signal `\upe.\S' using process `\upe.$proc$rtl/upe.v:224$96'.
  created $dff cell `$procdff$219' with positive edge clock.
Creating register for signal `\upe.\p_out' using process `\upe.$proc$rtl/upe.v:224$96'.
  created $dff cell `$procdff$220' with positive edge clock.
Creating register for signal `\upe.\p_valid' using process `\upe.$proc$rtl/upe.v:224$96'.
  created $dff cell `$procdff$221' with positive edge clock.
Creating register for signal `\upe.\b1' using process `\upe.$proc$rtl/upe.v:224$96'.
  created $dff cell `$procdff$222' with positive edge clock.
Creating register for signal `\upe.\cr' using process `\upe.$proc$rtl/upe.v:224$96'.
  created $dff cell `$procdff$223' with positive edge clock.
Creating register for signal `\upe.\j' using process `\upe.$proc$rtl/upe.v:76$3'.
  created $dff cell `$procdff$224' with positive edge clock.
Creating register for signal `\upe.\c[0]' using process `\upe.$proc$rtl/upe.v:76$3'.
  created $dff cell `$procdff$225' with positive edge clock.
Creating register for signal `\upe.\c[1]' using process `\upe.$proc$rtl/upe.v:76$3'.
  created $dff cell `$procdff$226' with positive edge clock.
Creating register for signal `\upe.\c[2]' using process `\upe.$proc$rtl/upe.v:76$3'.
  created $dff cell `$procdff$227' with positive edge clock.
Creating register for signal `\upe.\c[3]' using process `\upe.$proc$rtl/upe.v:76$3'.
  created $dff cell `$procdff$228' with positive edge clock.
Creating register for signal `\upe.\c[4]' using process `\upe.$proc$rtl/upe.v:76$3'.
  created $dff cell `$procdff$229' with positive edge clock.
Creating register for signal `\upe.\c[5]' using process `\upe.$proc$rtl/upe.v:76$3'.
  created $dff cell `$procdff$230' with positive edge clock.
Creating register for signal `\upe.\c[6]' using process `\upe.$proc$rtl/upe.v:76$3'.
  created $dff cell `$procdff$231' with positive edge clock.
Creating register for signal `\upe.\c[7]' using process `\upe.$proc$rtl/upe.v:76$3'.
  created $dff cell `$procdff$232' with positive edge clock.

3.2.10. Executing PROC_MEMWR pass (convert process memory writes to cells).

3.2.11. Executing PROC_CLEAN pass (remove empty switches from decision trees).
Found and cleaned up 5 empty switches in `\upe.$proc$rtl/upe.v:224$96'.
Removing empty process `upe.$proc$rtl/upe.v:224$96'.
Found and cleaned up 1 empty switch in `\upe.$proc$rtl/upe.v:205$92'.
Removing empty process `upe.$proc$rtl/upe.v:205$92'.
Found and cleaned up 1 empty switch in `\upe.$proc$rtl/upe.v:168$51'.
Removing empty process `upe.$proc$rtl/upe.v:168$51'.
Found and cleaned up 1 empty switch in `\upe.$proc$rtl/upe.v:150$48'.
Removing empty process `upe.$proc$rtl/upe.v:150$48'.
Removing empty process `upe.$proc$rtl/upe.v:127$17'.
Found and cleaned up 1 empty switch in `\upe.$proc$rtl/upe.v:76$3'.
Removing empty process `upe.$proc$rtl/upe.v:76$3'.
Cleaned up 9 empty switches.

3.2.12. Executing OPT_EXPR pass (perform const folding).
Optimizing module upe.
<suppressed ~11 debug messages>

3.3. Executing FLATTEN pass (flatten design).

3.4. Executing OPT_EXPR pass (perform const folding).
Optimizing module upe.
<suppressed ~1 debug messages>

3.5. Executing OPT_CLEAN pass (remove unused cells and wires).
Finding unused cells or wires in module \upe..
Removed 2 unused cells and 84 unused wires.
<suppressed ~5 debug messages>

3.6. Executing CHECK pass (checking for obvious problems).
Checking module upe...
Found and reported 0 problems.

3.7. Executing OPT pass (performing simple optimizations).

3.7.1. Executing OPT_EXPR pass (perform const folding).
Optimizing module upe.

3.7.2. Executing OPT_MERGE pass (detect identical cells).
Finding identical cells in module `\upe'.
Computing hashes of 168 cells of `\upe'.
Finding duplicate cells in `\upe'.
Computing hashes of 165 cells of `\upe'.
Finding duplicate cells in `\upe'.
<suppressed ~9 debug messages>
Removed a total of 3 cells.

3.7.3. Executing OPT_MUXTREE pass (detect dead branches in mux trees).
Running muxtree optimizer on module \upe..
  Creating internal representation of mux trees.
  Evaluating internal representation of mux trees.
  Analyzing evaluation results.
Removed 0 multiplexer ports.
<suppressed ~93 debug messages>

3.7.4. Executing OPT_REDUCE pass (consolidate $*mux and $reduce_* inputs).
  Optimizing cells in module \upe.
Performed a total of 0 changes.

3.7.5. Executing OPT_MERGE pass (detect identical cells).
Finding identical cells in module `\upe'.
Computing hashes of 165 cells of `\upe'.
Finding duplicate cells in `\upe'.
Removed a total of 0 cells.

3.7.6. Executing OPT_DFF pass (perform DFF optimizations).

3.7.7. Executing OPT_CLEAN pass (remove unused cells and wires).
Finding unused cells or wires in module \upe..
Removed 0 unused cells and 3 unused wires.
<suppressed ~1 debug messages>

3.7.8. Executing OPT_EXPR pass (perform const folding).
Optimizing module upe.

3.7.9. Rerunning OPT passes. (Maybe there is more to do..)

3.7.10. Executing OPT_MUXTREE pass (detect dead branches in mux trees).
Running muxtree optimizer on module \upe..
  Creating internal representation of mux trees.
  Evaluating internal representation of mux trees.
  Analyzing evaluation results.
Removed 0 multiplexer ports.
<suppressed ~93 debug messages>

3.7.11. Executing OPT_REDUCE pass (consolidate $*mux and $reduce_* inputs).
  Optimizing cells in module \upe.
Performed a total of 0 changes.

3.7.12. Executing OPT_MERGE pass (detect identical cells).
Finding identical cells in module `\upe'.
Computing hashes of 165 cells of `\upe'.
Finding duplicate cells in `\upe'.
Removed a total of 0 cells.

3.7.13. Executing OPT_DFF pass (perform DFF optimizations).

3.7.14. Executing OPT_CLEAN pass (remove unused cells and wires).
Finding unused cells or wires in module \upe..

3.7.15. Executing OPT_EXPR pass (perform const folding).
Optimizing module upe.

3.7.16. Finished fast OPT passes. (There is nothing left to do.)

3.8. Executing FSM pass (extract and optimize FSM).

3.8.1. Executing FSM_DETECT pass (finding FSMs in design).

3.8.2. Executing FSM_EXTRACT pass (extracting FSM from design).

3.8.3. Executing FSM_OPT pass (simple optimizations of FSMs).

3.8.4. Executing OPT_CLEAN pass (remove unused cells and wires).
Finding unused cells or wires in module \upe..

3.8.5. Executing FSM_OPT pass (simple optimizations of FSMs).

3.8.6. Executing FSM_RECODE pass (re-assigning FSM state encoding).

3.8.7. Executing FSM_INFO pass (dumping all available information on FSM cells).

3.8.8. Executing FSM_MAP pass (mapping FSMs to basic logic).

3.9. Executing OPT pass (performing simple optimizations).

3.9.1. Executing OPT_EXPR pass (perform const folding).
Optimizing module upe.

3.9.2. Executing OPT_MERGE pass (detect identical cells).
Finding identical cells in module `\upe'.
Computing hashes of 165 cells of `\upe'.
Finding duplicate cells in `\upe'.
Removed a total of 0 cells.

3.9.3. Executing OPT_MUXTREE pass (detect dead branches in mux trees).
Running muxtree optimizer on module \upe..
  Creating internal representation of mux trees.
  Evaluating internal representation of mux trees.
  Analyzing evaluation results.
Removed 0 multiplexer ports.
<suppressed ~93 debug messages>

3.9.4. Executing OPT_REDUCE pass (consolidate $*mux and $reduce_* inputs).
  Optimizing cells in module \upe.
Performed a total of 0 changes.

3.9.5. Executing OPT_MERGE pass (detect identical cells).
Finding identical cells in module `\upe'.
Computing hashes of 165 cells of `\upe'.
Finding duplicate cells in `\upe'.
Removed a total of 0 cells.

3.9.6. Executing OPT_DFF pass (perform DFF optimizations).
Adding EN signal on $procdff$232 ($dff) from module upe (D = \c[6], Q = \c[7]).
Adding EN signal on $procdff$231 ($dff) from module upe (D = \c[5], Q = \c[6]).
Adding EN signal on $procdff$230 ($dff) from module upe (D = \c[4], Q = \c[5]).
Adding EN signal on $procdff$229 ($dff) from module upe (D = \c[3], Q = \c[4]).
Adding EN signal on $procdff$228 ($dff) from module upe (D = \c[2], Q = \c[3]).
Adding EN signal on $procdff$227 ($dff) from module upe (D = \c[1], Q = \c[2]).
Adding EN signal on $procdff$226 ($dff) from module upe (D = \c[0], Q = \c[1]).
Adding EN signal on $procdff$225 ($dff) from module upe (D = \cfg_in, Q = \c[0]).
Adding SRST signal on $procdff$223 ($dff) from module upe (D = $procmux$116_Y, Q = \cr, rval = 1'0).
Adding EN signal on $auto$ff.cc:337:slice$241 ($sdff) from module upe (D = \cout, Q = \cr).
Adding SRST signal on $procdff$222 ($dff) from module upe (D = $procmux$124_Y, Q = \b1, rval = 1'0).
Adding EN signal on $auto$ff.cc:337:slice$247 ($sdff) from module upe (D = \bi, Q = \b1).
Adding SRST signal on $procdff$221 ($dff) from module upe (D = $procmux$132_Y, Q = \p_valid, rval = 1'0).
Adding EN signal on $auto$ff.cc:337:slice$253 ($sdff) from module upe (D = $ternary$rtl/upe.v:254$105_Y, Q = \p_valid).
Adding SRST signal on $procdff$220 ($dff) from module upe (D = $procmux$145_Y, Q = \p_out, rval = 16'0000000000000000).
Adding EN signal on $auto$ff.cc:337:slice$259 ($sdff) from module upe (D = $procmux$138_Y, Q = \p_out).
Adding SRST signal on $procdff$219 ($dff) from module upe (D = $procmux$158_Y, Q = \S, rval = 16'0000000000000000).
Adding EN signal on $auto$ff.cc:337:slice$265 ($sdff) from module upe (D = $procmux$158_Y, Q = \S).
Adding SRST signal on $procdff$218 ($dff) from module upe (D = $procmux$166_Y, Q = \F, rval = 1'0).
Adding EN signal on $auto$ff.cc:337:slice$275 ($sdff) from module upe (D = $ternary$rtl/upe.v:249$101_Y, Q = \F).

3.9.7. Executing OPT_CLEAN pass (remove unused cells and wires).
Finding unused cells or wires in module \upe..
Removed 24 unused cells and 24 unused wires.
<suppressed ~25 debug messages>

3.9.8. Executing OPT_EXPR pass (perform const folding).
Optimizing module upe.
<suppressed ~2 debug messages>

3.9.9. Rerunning OPT passes. (Maybe there is more to do..)

3.9.10. Executing OPT_MUXTREE pass (detect dead branches in mux trees).
Running muxtree optimizer on module \upe..
  Creating internal representation of mux trees.
  Evaluating internal representation of mux trees.
  Analyzing evaluation results.
Removed 0 multiplexer ports.
<suppressed ~59 debug messages>

3.9.11. Executing OPT_REDUCE pass (consolidate $*mux and $reduce_* inputs).
  Optimizing cells in module \upe.
Performed a total of 0 changes.

3.9.12. Executing OPT_MERGE pass (detect identical cells).
Finding identical cells in module `\upe'.
Computing hashes of 155 cells of `\upe'.
Finding duplicate cells in `\upe'.
Computing hashes of 151 cells of `\upe'.
Finding duplicate cells in `\upe'.
Computing hashes of 147 cells of `\upe'.
Finding duplicate cells in `\upe'.
<suppressed ~24 debug messages>
Removed a total of 8 cells.

3.9.13. Executing OPT_DFF pass (perform DFF optimizations).

3.9.14. Executing OPT_CLEAN pass (remove unused cells and wires).
Finding unused cells or wires in module \upe..
Removed 0 unused cells and 8 unused wires.
<suppressed ~1 debug messages>

3.9.15. Executing OPT_EXPR pass (perform const folding).
Optimizing module upe.

3.9.16. Rerunning OPT passes. (Maybe there is more to do..)

3.9.17. Executing OPT_MUXTREE pass (detect dead branches in mux trees).
Running muxtree optimizer on module \upe..
  Creating internal representation of mux trees.
  Evaluating internal representation of mux trees.
  Analyzing evaluation results.
Removed 0 multiplexer ports.
<suppressed ~59 debug messages>

3.9.18. Executing OPT_REDUCE pass (consolidate $*mux and $reduce_* inputs).
  Optimizing cells in module \upe.
Performed a total of 0 changes.

3.9.19. Executing OPT_MERGE pass (detect identical cells).
Finding identical cells in module `\upe'.
Computing hashes of 147 cells of `\upe'.
Finding duplicate cells in `\upe'.
Removed a total of 0 cells.

3.9.20. Executing OPT_DFF pass (perform DFF optimizations).

3.9.21. Executing OPT_CLEAN pass (remove unused cells and wires).
Finding unused cells or wires in module \upe..

3.9.22. Executing OPT_EXPR pass (perform const folding).
Optimizing module upe.

3.9.23. Finished fast OPT passes. (There is nothing left to do.)

3.10. Executing WREDUCE pass (reducing word size of cells).
Removed top 15 bits (of 16) from port A of cell upe.$shl$rtl/upe.v:123$9 ($shl).
Removed top 15 bits (of 16) from port B of cell upe.$sub$rtl/upe.v:123$10 ($sub).
Removed top 4 bits (of 5) from port A of cell upe.$add$rtl/upe.v:129$19 ($add).
Removed top 4 bits (of 5) from port B of cell upe.$add$rtl/upe.v:129$19 ($add).
Removed top 3 bits (of 5) from port Y of cell upe.$add$rtl/upe.v:129$19 ($add).
Removed top 3 bits (of 5) from port A of cell upe.$add$rtl/upe.v:129$20 ($add).
Removed top 4 bits (of 5) from port B of cell upe.$add$rtl/upe.v:129$20 ($add).
Removed top 2 bits (of 5) from port Y of cell upe.$add$rtl/upe.v:129$20 ($add).
Removed top 2 bits (of 5) from port A of cell upe.$add$rtl/upe.v:129$21 ($add).
Removed top 4 bits (of 5) from port B of cell upe.$add$rtl/upe.v:129$21 ($add).
Removed top 1 bits (of 5) from port Y of cell upe.$add$rtl/upe.v:129$21 ($add).
Removed top 1 bits (of 5) from port A of cell upe.$add$rtl/upe.v:129$22 ($add).
Removed top 4 bits (of 5) from port B of cell upe.$add$rtl/upe.v:129$22 ($add).
Removed top 4 bits (of 5) from port B of cell upe.$add$rtl/upe.v:129$23 ($add).
Removed top 4 bits (of 5) from port B of cell upe.$add$rtl/upe.v:129$24 ($add).
Removed top 4 bits (of 5) from port B of cell upe.$add$rtl/upe.v:129$25 ($add).
Removed top 4 bits (of 5) from port B of cell upe.$add$rtl/upe.v:129$26 ($add).
Removed top 4 bits (of 5) from port B of cell upe.$add$rtl/upe.v:129$27 ($add).
Removed top 4 bits (of 5) from port B of cell upe.$add$rtl/upe.v:129$28 ($add).
Removed top 4 bits (of 5) from port B of cell upe.$add$rtl/upe.v:129$29 ($add).
Removed top 4 bits (of 5) from port B of cell upe.$add$rtl/upe.v:129$30 ($add).
Removed top 4 bits (of 5) from port B of cell upe.$add$rtl/upe.v:129$31 ($add).
Removed top 4 bits (of 5) from port B of cell upe.$add$rtl/upe.v:129$32 ($add).
Removed top 4 bits (of 5) from port B of cell upe.$add$rtl/upe.v:129$33 ($add).
Removed top 1 bits (of 2) from port B of cell upe.$eq$rtl/upe.v:140$38 ($eq).
Removed top 1 bits (of 2) from port B of cell upe.$eq$rtl/upe.v:179$53 ($eq).
Removed top 1 bits (of 2) from port B of cell upe.$eq$rtl/upe.v:181$59 ($eq).
Removed top 1 bits (of 3) from port B of cell upe.$eq$rtl/upe.v:184$64 ($eq).
Removed top 1 bits (of 3) from port B of cell upe.$eq$rtl/upe.v:184$65 ($eq).
Removed top 1 bits (of 2) from port B of cell upe.$eq$rtl/upe.v:192$67 ($eq).
Converting cell upe.$add$rtl/upe.v:197$80 ($add) from unsigned to signed.
Removed top 1 bits (of 17) from port A of cell upe.$add$rtl/upe.v:197$80 ($add).
Removed top 1 bits (of 17) from port B of cell upe.$add$rtl/upe.v:197$80 ($add).
Removed top 16 bits (of 17) from port B of cell upe.$add$rtl/upe.v:197$81 ($add).
Removed top 11 bits (of 16) from port B of cell upe.$add$rtl/upe.v:213$93 ($add).
Removed top 8 bits (of 16) from mux cell upe.$ternary$rtl/upe.v:243$98 ($mux).
Removed top 11 bits (of 16) from port B of cell upe.$ge$rtl/upe.v:249$100 ($ge).
Removed top 1 bits (of 2) from port B of cell upe.$eq$rtl/upe.v:263$107 ($eq).
Removed top 1 bits (of 2) from port B of cell upe.$procmux$140_CMP0 ($eq).
Removed top 1 bits (of 2) from port B of cell upe.$procmux$153_CMP0 ($eq).
Removed top 2 bits (of 3) from port B of cell upe.$procmux$175_CMP0 ($eq).
Removed top 1 bits (of 2) from port B of cell upe.$procmux$180_CMP0 ($eq).
Removed top 1 bits (of 3) from port B of cell upe.$procmux$187_CMP0 ($eq).
Removed top 1 bits (of 3) from port B of cell upe.$procmux$188_CMP0 ($eq).
Removed top 2 bits (of 3) from port B of cell upe.$procmux$189_CMP0 ($eq).
Removed top 3 bits (of 5) from wire upe.$add$rtl/upe.v:129$19_Y.
Removed top 2 bits (of 5) from wire upe.$add$rtl/upe.v:129$20_Y.
Removed top 1 bits (of 5) from wire upe.$add$rtl/upe.v:129$21_Y.
Removed top 2 bits (of 16) from wire upe.$ternary$rtl/upe.v:124$15_Y.

3.11. Executing PEEPOPT pass (run peephole optimizers).

3.12. Executing OPT_CLEAN pass (remove unused cells and wires).
Finding unused cells or wires in module \upe..
Removed 0 unused cells and 4 unused wires.
<suppressed ~1 debug messages>

3.13. Executing ALUMACC pass (create $alu and $macc cells).
Extracting $alu and $macc cells in module upe:
  creating $macc model for $add$rtl/upe.v:129$19 ($add).
  creating $macc model for $add$rtl/upe.v:129$20 ($add).
  creating $macc model for $add$rtl/upe.v:129$21 ($add).
  creating $macc model for $add$rtl/upe.v:129$22 ($add).
  creating $macc model for $add$rtl/upe.v:129$23 ($add).
  creating $macc model for $add$rtl/upe.v:129$24 ($add).
  creating $macc model for $add$rtl/upe.v:129$25 ($add).
  creating $macc model for $add$rtl/upe.v:129$26 ($add).
  creating $macc model for $add$rtl/upe.v:129$27 ($add).
  creating $macc model for $add$rtl/upe.v:129$28 ($add).
  creating $macc model for $add$rtl/upe.v:129$29 ($add).
  creating $macc model for $add$rtl/upe.v:129$30 ($add).
  creating $macc model for $add$rtl/upe.v:129$31 ($add).
  creating $macc model for $add$rtl/upe.v:129$32 ($add).
  creating $macc model for $add$rtl/upe.v:129$33 ($add).
  creating $macc model for $add$rtl/upe.v:197$80 ($add).
  creating $macc model for $add$rtl/upe.v:197$81 ($add).
  creating $macc model for $add$rtl/upe.v:213$93 ($add).
  creating $macc model for $sub$rtl/upe.v:123$10 ($sub).
  creating $macc model for $sub$rtl/upe.v:135$36 ($sub).
  creating $macc model for $sub$rtl/upe.v:146$43 ($sub).
  merging $macc model for $add$rtl/upe.v:197$80 into $add$rtl/upe.v:197$81.
  merging $macc model for $add$rtl/upe.v:129$32 into $add$rtl/upe.v:129$33.
  merging $macc model for $add$rtl/upe.v:129$31 into $add$rtl/upe.v:129$33.
  merging $macc model for $add$rtl/upe.v:129$30 into $add$rtl/upe.v:129$33.
  merging $macc model for $add$rtl/upe.v:129$29 into $add$rtl/upe.v:129$33.
  merging $macc model for $add$rtl/upe.v:129$28 into $add$rtl/upe.v:129$33.
  merging $macc model for $add$rtl/upe.v:129$27 into $add$rtl/upe.v:129$33.
  merging $macc model for $add$rtl/upe.v:129$26 into $add$rtl/upe.v:129$33.
  merging $macc model for $add$rtl/upe.v:129$25 into $add$rtl/upe.v:129$33.
  merging $macc model for $add$rtl/upe.v:129$24 into $add$rtl/upe.v:129$33.
  merging $macc model for $add$rtl/upe.v:129$23 into $add$rtl/upe.v:129$33.
  merging $macc model for $add$rtl/upe.v:129$22 into $add$rtl/upe.v:129$33.
  merging $macc model for $add$rtl/upe.v:129$21 into $add$rtl/upe.v:129$33.
  merging $macc model for $add$rtl/upe.v:129$20 into $add$rtl/upe.v:129$33.
  merging $macc model for $add$rtl/upe.v:129$19 into $add$rtl/upe.v:129$33.
  creating $alu model for $macc $add$rtl/upe.v:197$81.
  creating $alu model for $macc $add$rtl/upe.v:213$93.
  creating $alu model for $macc $sub$rtl/upe.v:123$10.
  creating $alu model for $macc $sub$rtl/upe.v:135$36.
  creating $alu model for $macc $sub$rtl/upe.v:146$43.
  creating $macc cell for $add$rtl/upe.v:129$33: $auto$alumacc.cc:382:replace_macc$285
  creating $alu model for $ge$rtl/upe.v:249$100 ($ge): new $alu
  creating $alu cell for $ge$rtl/upe.v:249$100: $auto$alumacc.cc:512:replace_alu$287
  creating $alu cell for $sub$rtl/upe.v:146$43: $auto$alumacc.cc:512:replace_alu$300
  creating $alu cell for $sub$rtl/upe.v:135$36: $auto$alumacc.cc:512:replace_alu$303
  creating $alu cell for $sub$rtl/upe.v:123$10: $auto$alumacc.cc:512:replace_alu$306
  creating $alu cell for $add$rtl/upe.v:213$93: $auto$alumacc.cc:512:replace_alu$309
  creating $alu cell for $add$rtl/upe.v:197$81: $auto$alumacc.cc:512:replace_alu$312
  created 6 $alu and 1 $macc cells.

3.14. Executing SHARE pass (SAT-based resource sharing).

3.15. Executing OPT pass (performing simple optimizations).

3.15.1. Executing OPT_EXPR pass (perform const folding).
Optimizing module upe.

3.15.2. Executing OPT_MERGE pass (detect identical cells).
Finding identical cells in module `\upe'.
Computing hashes of 152 cells of `\upe'.
Finding duplicate cells in `\upe'.
Removed a total of 0 cells.

3.15.3. Executing OPT_MUXTREE pass (detect dead branches in mux trees).
Running muxtree optimizer on module \upe..
  Creating internal representation of mux trees.
  Evaluating internal representation of mux trees.
  Analyzing evaluation results.
Removed 0 multiplexer ports.
<suppressed ~59 debug messages>

3.15.4. Executing OPT_REDUCE pass (consolidate $*mux and $reduce_* inputs).
  Optimizing cells in module \upe.
Performed a total of 0 changes.

3.15.5. Executing OPT_MERGE pass (detect identical cells).
Finding identical cells in module `\upe'.
Computing hashes of 152 cells of `\upe'.
Finding duplicate cells in `\upe'.
Removed a total of 0 cells.

3.15.6. Executing OPT_DFF pass (perform DFF optimizations).

3.15.7. Executing OPT_CLEAN pass (remove unused cells and wires).
Finding unused cells or wires in module \upe..
Removed 15 unused cells and 16 unused wires.
<suppressed ~16 debug messages>

3.15.8. Executing OPT_EXPR pass (perform const folding).
Optimizing module upe.

3.15.9. Rerunning OPT passes. (Maybe there is more to do..)

3.15.10. Executing OPT_MUXTREE pass (detect dead branches in mux trees).
Running muxtree optimizer on module \upe..
  Creating internal representation of mux trees.
  Evaluating internal representation of mux trees.
  Analyzing evaluation results.
Removed 0 multiplexer ports.
<suppressed ~59 debug messages>

3.15.11. Executing OPT_REDUCE pass (consolidate $*mux and $reduce_* inputs).
  Optimizing cells in module \upe.
Performed a total of 0 changes.

3.15.12. Executing OPT_MERGE pass (detect identical cells).
Finding identical cells in module `\upe'.
Computing hashes of 137 cells of `\upe'.
Finding duplicate cells in `\upe'.
Removed a total of 0 cells.

3.15.13. Executing OPT_DFF pass (perform DFF optimizations).

3.15.14. Executing OPT_CLEAN pass (remove unused cells and wires).
Finding unused cells or wires in module \upe..

3.15.15. Executing OPT_EXPR pass (perform const folding).
Optimizing module upe.

3.15.16. Finished fast OPT passes. (There is nothing left to do.)

3.16. Executing MEMORY pass.

3.16.1. Executing OPT_MEM pass (optimize memories).
Performed a total of 0 transformations.

3.16.2. Executing OPT_MEM_PRIORITY pass (removing unnecessary memory write priority relations).
Performed a total of 0 transformations.

3.16.3. Executing OPT_MEM_FEEDBACK pass (finding memory read-to-write feedback paths).

3.16.4. Executing MEMORY_BMUX2ROM pass (converting muxes to ROMs).

3.16.5. Executing MEMORY_DFF pass (merging $dff cells to $memrd).

3.16.6. Executing OPT_CLEAN pass (remove unused cells and wires).
Finding unused cells or wires in module \upe..

3.16.7. Executing MEMORY_SHARE pass (consolidating $memrd/$memwr cells).

3.16.8. Executing OPT_MEM_WIDEN pass (optimize memories where all ports are wide).
Performed a total of 0 transformations.

3.16.9. Executing OPT_CLEAN pass (remove unused cells and wires).
Finding unused cells or wires in module \upe..

3.16.10. Executing MEMORY_COLLECT pass (generating $mem cells).

3.17. Executing OPT_CLEAN pass (remove unused cells and wires).
Finding unused cells or wires in module \upe..

3.18. Executing OPT pass (performing simple optimizations).

3.18.1. Executing OPT_EXPR pass (perform const folding).
Optimizing module upe.
<suppressed ~7 debug messages>

3.18.2. Executing OPT_MERGE pass (detect identical cells).
Finding identical cells in module `\upe'.
Computing hashes of 138 cells of `\upe'.
Finding duplicate cells in `\upe'.
Removed a total of 0 cells.

3.18.3. Executing OPT_DFF pass (perform DFF optimizations).

3.18.4. Executing OPT_CLEAN pass (remove unused cells and wires).
Finding unused cells or wires in module \upe..
Removed 0 unused cells and 6 unused wires.
<suppressed ~1 debug messages>

3.18.5. Finished fast OPT passes.

3.19. Executing MEMORY_MAP pass (converting memories to logic and flip-flops).

3.20. Executing OPT pass (performing simple optimizations).

3.20.1. Executing OPT_EXPR pass (perform const folding).
Optimizing module upe.

3.20.2. Executing OPT_MERGE pass (detect identical cells).
Finding identical cells in module `\upe'.
Computing hashes of 138 cells of `\upe'.
Finding duplicate cells in `\upe'.
Removed a total of 0 cells.

3.20.3. Executing OPT_MUXTREE pass (detect dead branches in mux trees).
Running muxtree optimizer on module \upe..
  Creating internal representation of mux trees.
  Evaluating internal representation of mux trees.
  Analyzing evaluation results.
Removed 0 multiplexer ports.
<suppressed ~57 debug messages>

3.20.4. Executing OPT_REDUCE pass (consolidate $*mux and $reduce_* inputs).
  Optimizing cells in module \upe.
    New ctrl vector for $pmux cell $procmux$151: $procmux$152_CMP
    Consolidated identical input bits for $mux cell $ternary$rtl/upe.v:140$39:
      Old ports: A={ \bi \a_in [0] \S [1:0] }, B=\S [3:0], Y=$ternary$rtl/upe.v:140$39_Y
      New ports: A={ \bi \a_in [0] }, B=\S [3:2], Y=$ternary$rtl/upe.v:140$39_Y [3:2]
      New connections: $ternary$rtl/upe.v:140$39_Y [1:0] = \S [1:0]
    Consolidated identical input bits for $mux cell $ternary$rtl/upe.v:200$88:
      Old ports: A=16'0111111111111111, B=16'1000000000000000, Y=$ternary$rtl/upe.v:200$88_Y
      New ports: A=2'01, B=2'10, Y={ $ternary$rtl/upe.v:200$88_Y [15] $ternary$rtl/upe.v:200$88_Y [0] }
      New connections: $ternary$rtl/upe.v:200$88_Y [14:1] = { $ternary$rtl/upe.v:200$88_Y [0] $ternary$rtl/upe.v:200$88_Y [0] $ternary$rtl/upe.v:200$88_Y [0] $ternary$rtl/upe.v:200$88_Y [0] $ternary$rtl/upe.v:200$88_Y [0] $ternary$rtl/upe.v:200$88_Y [0] $ternary$rtl/upe.v:200$88_Y [0] $ternary$rtl/upe.v:200$88_Y [0] $ternary$rtl/upe.v:200$88_Y [0] $ternary$rtl/upe.v:200$88_Y [0] $ternary$rtl/upe.v:200$88_Y [0] $ternary$rtl/upe.v:200$88_Y [0] $ternary$rtl/upe.v:200$88_Y [0] $ternary$rtl/upe.v:200$88_Y [0] }
  Optimizing cells in module \upe.
Performed a total of 3 changes.

3.20.5. Executing OPT_MERGE pass (detect identical cells).
Finding identical cells in module `\upe'.
Computing hashes of 138 cells of `\upe'.
Finding duplicate cells in `\upe'.
Removed a total of 0 cells.

3.20.6. Executing OPT_SHARE pass.
    Found cells that share an operand and can be merged by moving the $pmux $procmux$183 in front of them:
        $xor$rtl/upe.v:134$35
        $xor$rtl/upe.v:158$50

3.20.7. Executing OPT_DFF pass (perform DFF optimizations).

3.20.8. Executing OPT_CLEAN pass (remove unused cells and wires).
Finding unused cells or wires in module \upe..
Removed 0 unused cells and 2 unused wires.
<suppressed ~2 debug messages>

3.20.9. Executing OPT_EXPR pass (perform const folding).
Optimizing module upe.
<suppressed ~1 debug messages>

3.20.10. Rerunning OPT passes. (Maybe there is more to do..)

3.20.11. Executing OPT_MUXTREE pass (detect dead branches in mux trees).
Running muxtree optimizer on module \upe..
  Creating internal representation of mux trees.
  Evaluating internal representation of mux trees.
  Analyzing evaluation results.
Removed 0 multiplexer ports.
<suppressed ~58 debug messages>

3.20.12. Executing OPT_REDUCE pass (consolidate $*mux and $reduce_* inputs).
  Optimizing cells in module \upe.
    New ctrl vector for $pmux cell $procmux$183: { $procmux$190_CMP $procmux$189_CMP $procmux$188_CMP $auto$opt_reduce.cc:137:opt_pmux$329 $procmux$185_CMP $procmux$184_CMP }
  Optimizing cells in module \upe.
Performed a total of 1 changes.

3.20.13. Executing OPT_MERGE pass (detect identical cells).
Finding identical cells in module `\upe'.
Computing hashes of 139 cells of `\upe'.
Finding duplicate cells in `\upe'.
Removed a total of 0 cells.

3.20.14. Executing OPT_SHARE pass.

3.20.15. Executing OPT_DFF pass (perform DFF optimizations).

3.20.16. Executing OPT_CLEAN pass (remove unused cells and wires).
Finding unused cells or wires in module \upe..

3.20.17. Executing OPT_EXPR pass (perform const folding).
Optimizing module upe.

3.20.18. Rerunning OPT passes. (Maybe there is more to do..)

3.20.19. Executing OPT_MUXTREE pass (detect dead branches in mux trees).
Running muxtree optimizer on module \upe..
  Creating internal representation of mux trees.
  Evaluating internal representation of mux trees.
  Analyzing evaluation results.
Removed 0 multiplexer ports.
<suppressed ~58 debug messages>

3.20.20. Executing OPT_REDUCE pass (consolidate $*mux and $reduce_* inputs).
  Optimizing cells in module \upe.
Performed a total of 0 changes.

3.20.21. Executing OPT_MERGE pass (detect identical cells).
Finding identical cells in module `\upe'.
Computing hashes of 139 cells of `\upe'.
Finding duplicate cells in `\upe'.
Removed a total of 0 cells.

3.20.22. Executing OPT_SHARE pass.

3.20.23. Executing OPT_DFF pass (perform DFF optimizations).

3.20.24. Executing OPT_CLEAN pass (remove unused cells and wires).
Finding unused cells or wires in module \upe..

3.20.25. Executing OPT_EXPR pass (perform const folding).
Optimizing module upe.

3.20.26. Finished fast OPT passes. (There is nothing left to do.)

3.21. Executing TECHMAP pass (map to technology primitives).

3.21.1. Executing Verilog-2005 frontend: /nix/store/f1q0w7rd0a4ny4hqvfxlhs4cmariidcy-yosys-0.62/bin/../share/yosys/techmap.v
Parsing Verilog input from `/nix/store/f1q0w7rd0a4ny4hqvfxlhs4cmariidcy-yosys-0.62/bin/../share/yosys/techmap.v' to AST representation.
Generating RTLIL representation for module `\_90_simplemap_bool_ops'.
Generating RTLIL representation for module `\_90_simplemap_reduce_ops'.
Generating RTLIL representation for module `\_90_simplemap_logic_ops'.
Generating RTLIL representation for module `\_90_simplemap_compare_ops'.
Generating RTLIL representation for module `\_90_simplemap_various'.
Generating RTLIL representation for module `\_90_simplemap_registers'.
Generating RTLIL representation for module `\_90_shift_ops_shr_shl_sshl_sshr'.
Generating RTLIL representation for module `\_90_shift_shiftx'.
Generating RTLIL representation for module `\_90_fa'.
Generating RTLIL representation for module `\_90_lcu_brent_kung'.
Generating RTLIL representation for module `\_90_alu'.
Generating RTLIL representation for module `\_90_macc'.
Generating RTLIL representation for module `\_90_alumacc'.
Generating RTLIL representation for module `$__div_mod_u'.
Generating RTLIL representation for module `$__div_mod_trunc'.
Generating RTLIL representation for module `\_90_div'.
Generating RTLIL representation for module `\_90_mod'.
Generating RTLIL representation for module `$__div_mod_floor'.
Generating RTLIL representation for module `\_90_divfloor'.
Generating RTLIL representation for module `\_90_modfloor'.
Generating RTLIL representation for module `\_90_pow'.
Generating RTLIL representation for module `\_90_pmux'.
Generating RTLIL representation for module `\_90_demux'.
Generating RTLIL representation for module `\_90_lut'.
Generating RTLIL representation for module `$connect'.
Generating RTLIL representation for module `$input_port'.
Successfully finished Verilog frontend.

3.21.2. Continuing TECHMAP pass.
Using extmapper simplemap for cells of type $reduce_or.
Using extmapper simplemap for cells of type $mux.
Using extmapper simplemap for cells of type $not.
Using template $paramod$2470b7ea32c975a55c3ab8b283381b72d09e16d3\_90_alu for cells of type $alu.
Using template $paramod$5168aae49e4c2f5be022b435d3f3df25f30776ec\_90_alu for cells of type $alu.
Using template $paramod$constmap:0c58e37f7f9ab9c08bb604a660a738f4cdfdf6a8$paramod$0c53878c2ab6a84f047b5c15f705bf752551700e\_90_shift_ops_shr_shl_sshl_sshr for cells of type $shl.
Using template $paramod$a1665ef28c749ebcdbe9aecd466e644647b56463\_90_alu for cells of type $alu.
Using template $paramod$a1bc51c02ce12ac21eb18988e83292af48ed7d72\_90_alu for cells of type $alu.
Using extmapper simplemap for cells of type $or.
Using extmapper simplemap for cells of type $reduce_and.
Using template $paramod$d6eefa73b09c260984bb3ab238c3c05801fa9e82\_90_pmux for cells of type $pmux.
Using template $paramod$66ec77ad03fd12c9dabfacff9efd0d4e34f37640\_90_alu for cells of type $alu.
Using extmapper maccmap for cells of type $macc_v2.
  add \psrc [0] (1 bits, unsigned)
  add \psrc [15] (1 bits, unsigned)
  add \psrc [14] (1 bits, unsigned)
  add \psrc [13] (1 bits, unsigned)
  add \psrc [12] (1 bits, unsigned)
  add \psrc [11] (1 bits, unsigned)
  add \psrc [10] (1 bits, unsigned)
  add \psrc [9] (1 bits, unsigned)
  add \psrc [8] (1 bits, unsigned)
  add \psrc [7] (1 bits, unsigned)
  add \psrc [6] (1 bits, unsigned)
  add \psrc [5] (1 bits, unsigned)
  add \psrc [4] (1 bits, unsigned)
  add \psrc [3] (1 bits, unsigned)
  add \psrc [2] (1 bits, unsigned)
  add \psrc [1] (1 bits, unsigned)
  packed 7 (7) bits / 7 words into adder tree
Using extmapper simplemap for cells of type $sdffe.
Using extmapper simplemap for cells of type $ne.
Using extmapper simplemap for cells of type $reduce_bool.
Using extmapper simplemap for cells of type $dffe.
Using extmapper simplemap for cells of type $and.
Using extmapper simplemap for cells of type $logic_not.
Using extmapper simplemap for cells of type $xor.
Using extmapper simplemap for cells of type $eq.
Using template $paramod$constmap:446553370afc6c2aa6cc0b8f657b7f64b237ff7c$paramod$962bb79c2a50a422516483c1c9c06046761917ac\_90_shift_shiftx for cells of type $shiftx.
Using template $paramod$d5c1c4131927aec19f116e7a36372b1981bfcd7e\_90_pmux for cells of type $pmux.
Using template $paramod$eaeb96106163dbf82031649d189817109fe07c69\_90_pmux for cells of type $pmux.
Using template $paramod$d629d85c8826a74239b9178d1930215a43b0ceb0\_90_pmux for cells of type $pmux.
Using template $paramod\_90_fa\WIDTH=32'00000000000000000000000000000001 for cells of type $fa.
Using template $paramod\_90_fa\WIDTH=32'00000000000000000000000000000010 for cells of type $fa.
Using template $paramod\_90_fa\WIDTH=32'00000000000000000000000000000011 for cells of type $fa.
Using template $paramod\_90_fa\WIDTH=32'00000000000000000000000000000100 for cells of type $fa.
Using template $paramod$b18e16801adf491a64caa0542270798e5d4ac6b6\_90_alu for cells of type $alu.
Using template $paramod\_90_fa\WIDTH=32'00000000000000000000000000010001 for cells of type $fa.
Using template $paramod\_90_lcu_brent_kung\WIDTH=32'00000000000000000000000000010001 for cells of type $lcu.
Using extmapper simplemap for cells of type $pos.
Using template $paramod\_90_fa\WIDTH=32'00000000000000000000000000010000 for cells of type $fa.
Using template $paramod\_90_lcu_brent_kung\WIDTH=32'00000000000000000000000000010000 for cells of type $lcu.
Using template $paramod\_90_fa\WIDTH=32'00000000000000000000000000001000 for cells of type $fa.
Using template $paramod\_90_lcu_brent_kung\WIDTH=32'00000000000000000000000000001000 for cells of type $lcu.
Using template $paramod\_90_fa\WIDTH=32'00000000000000000000000000000101 for cells of type $fa.
Using template $paramod\_90_lcu_brent_kung\WIDTH=32'00000000000000000000000000000101 for cells of type $lcu.
No more expansions possible.
<suppressed ~1863 debug messages>

3.22. Executing OPT pass (performing simple optimizations).

3.22.1. Executing OPT_EXPR pass (perform const folding).
Optimizing module upe.
<suppressed ~797 debug messages>

3.22.2. Executing OPT_MERGE pass (detect identical cells).
Finding identical cells in module `\upe'.
Computing hashes of 1672 cells of `\upe'.
Finding duplicate cells in `\upe'.
Computing hashes of 1645 cells of `\upe'.
Finding duplicate cells in `\upe'.
Computing hashes of 1639 cells of `\upe'.
Finding duplicate cells in `\upe'.
Computing hashes of 1638 cells of `\upe'.
Finding duplicate cells in `\upe'.
<suppressed ~102 debug messages>
Removed a total of 34 cells.

3.22.3. Executing OPT_DFF pass (perform DFF optimizations).

3.22.4. Executing OPT_CLEAN pass (remove unused cells and wires).
Finding unused cells or wires in module \upe..
Removed 266 unused cells and 684 unused wires.
<suppressed ~267 debug messages>

3.22.5. Finished fast OPT passes.

3.23. Executing ABC pass (technology mapping using ABC).

3.23.1. Extracting gate netlist of module `\upe' to `<abc-temp-dir>/input.blif'..

3.23.1.1. Executed ABC.
Extracted 1272 gates and 1399 wires to a netlist network with 125 inputs and 56 outputs.
Running ABC script: <abc-temp-dir>/abc.script
ABC: ======== ABC command line "source <abc-temp-dir>/abc.script"
ABC: + read_blif <abc-temp-dir>/input.blif 
ABC: + read_library /tmp/yosys-abc-r5V0LE/stdcells.genlib 
ABC: + strash 
ABC: + dretime 
ABC: + map 
ABC: + write_blif <abc-temp-dir>/output.blif 

3.23.1.2. Re-integrating ABC results.
ABC RESULTS:               AND cells:       18
ABC RESULTS:            ANDNOT cells:      358
ABC RESULTS:               MUX cells:      309
ABC RESULTS:              NAND cells:       22
ABC RESULTS:               NOR cells:       70
ABC RESULTS:               NOT cells:      108
ABC RESULTS:                OR cells:      159
ABC RESULTS:             ORNOT cells:       35
ABC RESULTS:              XNOR cells:       24
ABC RESULTS:               XOR cells:      125
ABC RESULTS:        internal signals:     1218
ABC RESULTS:           input signals:      125
ABC RESULTS:          output signals:       56
Removing temp directory.
Removing global temp directory.

3.24. Executing OPT pass (performing simple optimizations).

3.24.1. Executing OPT_EXPR pass (perform const folding).
Optimizing module upe.
<suppressed ~22 debug messages>

3.24.2. Executing OPT_MERGE pass (detect identical cells).
Finding identical cells in module `\upe'.
Computing hashes of 1328 cells of `\upe'.
Finding duplicate cells in `\upe'.
Computing hashes of 1322 cells of `\upe'.
Finding duplicate cells in `\upe'.
<suppressed ~18 debug messages>
Removed a total of 6 cells.

3.24.3. Executing OPT_DFF pass (perform DFF optimizations).

3.24.4. Executing OPT_CLEAN pass (remove unused cells and wires).
Finding unused cells or wires in module \upe..
Removed 3 unused cells and 597 unused wires.
<suppressed ~29 debug messages>

3.24.5. Finished fast OPT passes.

3.25. Executing HIERARCHY pass (managing design hierarchy).
Attribute `top' found on module `upe'. Setting top module to upe.

3.25.1. Analyzing design hierarchy..
Top module:  \upe

3.25.2. Analyzing design hierarchy..
Top module:  \upe
Removed 0 unused modules.

3.26. Printing statistics.

=== upe ===

        +----------Local Count, excluding submodules.
        | 
     1249 wires
     1531 wire bits
       65 public wires
      332 public wire bits
       23 ports
       89 port bits
     1319 cells
      356   $_ANDNOT_
       18   $_AND_
       64   $_DFFE_PP_
      309   $_MUX_
       22   $_NAND_
       66   $_NOR_
      105   $_NOT_
       35   $_ORNOT_
      159   $_OR_
       36   $_SDFFE_PP0P_
       24   $_XNOR_
      125   $_XOR_

3.27. Executing CHECK pass (checking for obvious problems).
Checking module upe...
Found and reported 0 problems.

4. Executing DFFLIBMAP pass (mapping DFF cells to sequential cells from liberty file).
  cell sg13g2_dfrbpq_1 (noninv, pins=4, area=48.99) is a direct match for cell type $_DFF_PN0_.
  final dff cell mappings:
    unmapped dff cell: $_DFF_N_
    unmapped dff cell: $_DFF_P_
    unmapped dff cell: $_DFF_NN0_
    unmapped dff cell: $_DFF_NN1_
    unmapped dff cell: $_DFF_NP0_
    unmapped dff cell: $_DFF_NP1_
    \sg13g2_dfrbpq_1 _DFF_PN0_ (.CLK( C), .D( D), .Q( Q), .RESET_B( R));
    unmapped dff cell: $_DFF_PN1_
    unmapped dff cell: $_DFF_PP0_
    unmapped dff cell: $_DFF_PP1_
    unmapped dff cell: $_DFFE_NN_
    unmapped dff cell: $_DFFE_NP_
    unmapped dff cell: $_DFFE_PN_
    unmapped dff cell: $_DFFE_PP_
    unmapped dff cell: $_DFFSR_NNN_
    unmapped dff cell: $_DFFSR_NNP_
    unmapped dff cell: $_DFFSR_NPN_
    unmapped dff cell: $_DFFSR_NPP_
    unmapped dff cell: $_DFFSR_PNN_
    unmapped dff cell: $_DFFSR_PNP_
    unmapped dff cell: $_DFFSR_PPN_
    unmapped dff cell: $_DFFSR_PPP_

4.1. Executing DFFLEGALIZE pass (convert FFs to types supported by the target).
<suppressed ~4 debug messages>
Mapping DFF cells in module `\upe':
  mapped 100 $_DFF_PN0_ cells to \sg13g2_dfrbpq_1 cells.

5. Executing ABC pass (technology mapping using ABC).

5.1. Extracting gate netlist of module `\upe' to `<abc-temp-dir>/input.blif'..

5.1.1. Executed ABC.
Extracted 1355 gates and 1498 wires to a netlist network with 142 inputs and 118 outputs.
Running ABC script: <abc-temp-dir>/abc.script
ABC: ======== ABC command line "source <abc-temp-dir>/abc.script"
ABC: + read_blif <abc-temp-dir>/input.blif 
ABC: + read_lib -w /home/matthias/.ciel/ihp-sg13g2/ihp-sg13g2/libs.ref/sg13g2_stdcell/lib/sg13g2_stdcell_typ_1p20V_25C.lib 
ABC: Parsing finished successfully.  Parsing time =     0.01 sec
ABC: Scl_LibertyReadGenlib() skipped cell "sg13g2_antennanp" due to dont_use attribute.
ABC: Scl_LibertyReadGenlib() skipped cell "sg13g2_decap_4" due to dont_use attribute.
ABC: Scl_LibertyReadGenlib() skipped cell "sg13g2_decap_8" due to dont_use attribute.
ABC: Scl_LibertyReadGenlib() skipped sequential cell "sg13g2_dfrbp_1".
ABC: Scl_LibertyReadGenlib() skipped sequential cell "sg13g2_dfrbp_2".
ABC: Scl_LibertyReadGenlib() skipped sequential cell "sg13g2_dfrbpq_1".
ABC: Scl_LibertyReadGenlib() skipped sequential cell "sg13g2_dfrbpq_2".
ABC: Scl_LibertyReadGenlib() skipped sequential cell "sg13g2_dlhq_1".
ABC: Scl_LibertyReadGenlib() skipped sequential cell "sg13g2_dlhr_1".
ABC: Scl_LibertyReadGenlib() skipped sequential cell "sg13g2_dlhrq_1".
ABC: Scl_LibertyReadGenlib() skipped sequential cell "sg13g2_dllr_1".
ABC: Scl_LibertyReadGenlib() skipped sequential cell "sg13g2_dllrq_1".
ABC: Scl_LibertyReadGenlib() skipped three-state cell "sg13g2_ebufn_2".
ABC: Scl_LibertyReadGenlib() skipped three-state cell "sg13g2_ebufn_4".
ABC: Scl_LibertyReadGenlib() skipped three-state cell "sg13g2_ebufn_8".
ABC: Scl_LibertyReadGenlib() skipped three-state cell "sg13g2_einvn_2".
ABC: Scl_LibertyReadGenlib() skipped three-state cell "sg13g2_einvn_4".
ABC: Scl_LibertyReadGenlib() skipped three-state cell "sg13g2_einvn_8".
ABC: Scl_LibertyReadGenlib() skipped cell "sg13g2_fill_1" due to dont_use attribute.
ABC: Scl_LibertyReadGenlib() skipped cell "sg13g2_fill_2" due to dont_use attribute.
ABC: Scl_LibertyReadGenlib() skipped cell "sg13g2_fill_4" due to dont_use attribute.
ABC: Scl_LibertyReadGenlib() skipped cell "sg13g2_fill_8" due to dont_use attribute.
ABC: Scl_LibertyReadGenlib() skipped cell "sg13g2_lgcp_1" due to dont_use attribute.
ABC: Scl_LibertyReadGenlib() skipped sequential cell "sg13g2_sdfbbp_1".
ABC: Scl_LibertyReadGenlib() skipped sequential cell "sg13g2_sdfrbp_1".
ABC: Scl_LibertyReadGenlib() skipped sequential cell "sg13g2_sdfrbp_2".
ABC: Scl_LibertyReadGenlib() skipped sequential cell "sg13g2_sdfrbpq_1".
ABC: Scl_LibertyReadGenlib() skipped sequential cell "sg13g2_sdfrbpq_2".
ABC: Scl_LibertyReadGenlib() skipped cell "sg13g2_sighold" due to dont_use attribute.
ABC: Scl_LibertyReadGenlib() skipped cell "sg13g2_slgcp_1" due to dont_use attribute.
ABC: Library "sg13g2_stdcell_typ_1p20V_25C" from "/home/matthias/.ciel/ihp-sg13g2/ihp-sg13g2/libs.ref/sg13g2_stdcell/lib/sg13g2_stdcell_typ_1p20V_25C.lib" has 54 cells (30 skipped: 14 seq; 6 tri-state; 0 no func; 10 dont_use; 0 with 2 outputs; 0 with 3+ outputs).  Time =     0.02 sec
ABC: Memory =    2.85 MB. Time =     0.02 sec
ABC: + strash 
ABC: + &get -n 
ABC: + &fraig -x 
ABC: + &put 
ABC: + scorr 
ABC: Warning: The network is combinational (run "fraig" or "fraig_sweep").
ABC: + dc2 
ABC: + dretime 
ABC: + strash 
ABC: + &get -n 
ABC: + &dch -f 
ABC: + &nf 
ABC: + &put 
ABC: + write_blif <abc-temp-dir>/output.blif 

5.1.2. Re-integrating ABC results.
ABC RESULTS:     sg13g2_a21o_1 cells:       13
ABC RESULTS:    sg13g2_a21oi_1 cells:      140
ABC RESULTS:   sg13g2_a221oi_1 cells:       28
ABC RESULTS:    sg13g2_a22oi_1 cells:       40
ABC RESULTS:     sg13g2_and2_1 cells:       27
ABC RESULTS:     sg13g2_and3_1 cells:        3
ABC RESULTS:     sg13g2_and4_1 cells:        3
ABC RESULTS:      sg13g2_inv_1 cells:       43
ABC RESULTS:     sg13g2_mux2_1 cells:       70
ABC RESULTS:     sg13g2_mux4_1 cells:       18
ABC RESULTS:    sg13g2_nand2_1 cells:       85
ABC RESULTS:   sg13g2_nand2b_1 cells:       25
ABC RESULTS:    sg13g2_nand3_1 cells:       22
ABC RESULTS:   sg13g2_nand3b_1 cells:        3
ABC RESULTS:    sg13g2_nand4_1 cells:        9
ABC RESULTS:     sg13g2_nor2_1 cells:      162
ABC RESULTS:    sg13g2_nor2b_1 cells:       30
ABC RESULTS:     sg13g2_nor3_1 cells:       59
ABC RESULTS:     sg13g2_nor4_1 cells:       14
ABC RESULTS:    sg13g2_o21ai_1 cells:      132
ABC RESULTS:      sg13g2_or2_1 cells:       21
ABC RESULTS:      sg13g2_or3_1 cells:        5
ABC RESULTS:    sg13g2_xnor2_1 cells:       48
ABC RESULTS:     sg13g2_xor2_1 cells:       32
ABC RESULTS:        internal signals:     1238
ABC RESULTS:           input signals:      142
ABC RESULTS:          output signals:      118
Removing temp directory.
Removing global temp directory.

6. Executing OPT_CLEAN pass (remove unused cells and wires).
Finding unused cells or wires in module \upe..
Removed 0 unused cells and 1482 unused wires.
<suppressed ~3 debug messages>

7. Printing statistics.

=== upe ===

        +----------Local Count, excluding submodules.
        |        +-Local Area, excluding submodules.
        |        | 
     1077        - wires
     1344        - wire bits
       63        - public wires
      330        - public wire bits
       23        - ports
       89        - port bits
     1132 1.56E+04 cells
       13   165.11   sg13g2_a21o_1
      140  1270.08   sg13g2_a21oi_1
       28  406.426   sg13g2_a221oi_1
       40  433.944   sg13g2_a22oi_1
       27  244.944   sg13g2_and2_1
        3   38.102   sg13g2_and3_1
        3   43.546   sg13g2_and4_1
      100  4898.88   sg13g2_dfrbpq_1
       43  234.058   sg13g2_inv_1
       70  1270.08   sg13g2_mux2_1
       18  685.843   sg13g2_mux4_1
       85  616.896   sg13g2_nand2_1
       25    226.8   sg13g2_nand2b_1
       22  199.584   sg13g2_nand3_1
        3   38.102   sg13g2_nand3b_1
        9   97.978   sg13g2_nand4_1
      162 1.18E+03   sg13g2_nor2_1
       30   272.16   sg13g2_nor2b_1
       59  535.248   sg13g2_nor3_1
       14   152.41   sg13g2_nor4_1
      132  1.2E+03   sg13g2_o21ai_1
       21  190.512   sg13g2_or2_1
        5   63.504   sg13g2_or3_1
       48   696.73   sg13g2_xnor2_1
       32  464.486   sg13g2_xor2_1

   Chip area for module '\upe': 15618.657600
     of which used for sequential elements: 4898.880000 (31.37%)

Warnings: 1 unique messages, 1 total
End of script. Logfile hash: 0a1dadd78e, CPU: user 0.44s system 0.06s, MEM: 35.55 MB peak
Yosys 0.62 (git sha1 7326bb7d6641500ecb285c291a54a662cb1e76cf, clang++ 21.1.2 -fPIC -O3)
Time spent: 52% 2x abc (0 sec), 10% 31x opt_expr (0 sec), ...
