
 /----------------------------------------------------------------------------\
 |  yosys -- Yosys Open SYnthesis Suite                                       |
 |  Copyright (C) 2012 - 2026  Claire Xenia Wolf <claire@yosyshq.com>         |
 |  Distributed under an ISC-like license, type "license" to see terms        |
 \----------------------------------------------------------------------------/
 Yosys 0.62 (git sha1 7326bb7d6641500ecb285c291a54a662cb1e76cf, clang++ 21.1.2 -fPIC -O3)

-- Running command `read_verilog -sv -DNO_GF2 -DNO_POP -DNO_LUT -DNO_WIN -DNO_LANES rtl/upe.v;  hierarchy -check -top upe; synth -top upe -flatten; dfflibmap -liberty /home/matthias/.ciel/ihp-sg13g2/ihp-sg13g2/libs.ref/sg13g2_stdcell/lib/sg13g2_stdcell_typ_1p20V_25C.lib; abc -liberty /home/matthias/.ciel/ihp-sg13g2/ihp-sg13g2/libs.ref/sg13g2_stdcell/lib/sg13g2_stdcell_typ_1p20V_25C.lib; opt_clean; tee -o reports/upe_none.stat.txt stat -liberty /home/matthias/.ciel/ihp-sg13g2/ihp-sg13g2/libs.ref/sg13g2_stdcell/lib/sg13g2_stdcell_typ_1p20V_25C.lib' --

1. Executing Verilog-2005 frontend: rtl/upe.v
Parsing SystemVerilog input from `rtl/upe.v' to AST representation.
Generating RTLIL representation for module `\upe'.
Warning: Replacing memory \c with list of registers. See rtl/upe.v:77
Successfully finished Verilog frontend.

2. Executing HIERARCHY pass (managing design hierarchy).

2.1. Analyzing design hierarchy..
Top module:  \upe

2.2. Analyzing design hierarchy..
Top module:  \upe
Removed 0 unused modules.

3. Executing SYNTH pass.

3.1. Executing HIERARCHY pass (managing design hierarchy).

3.1.1. Analyzing design hierarchy..
Top module:  \upe

3.1.2. Analyzing design hierarchy..
Top module:  \upe
Removed 0 unused modules.

3.2. Executing PROC pass (convert processes to netlists).

3.2.1. Executing PROC_CLEAN pass (remove empty switches from decision trees).
Cleaned up 0 empty switches.

3.2.2. Executing PROC_RMDEAD pass (remove dead branches from decision trees).
Marked 4 switch rules as full_case in process $proc$rtl/upe.v:224$45 in module upe.
Marked 1 switch rules as full_case in process $proc$rtl/upe.v:205$42 in module upe.
Marked 1 switch rules as full_case in process $proc$rtl/upe.v:168$10 in module upe.
Marked 1 switch rules as full_case in process $proc$rtl/upe.v:150$8 in module upe.
Marked 1 switch rules as full_case in process $proc$rtl/upe.v:76$2 in module upe.
Removed a total of 0 dead cases.

3.2.3. Executing PROC_PRUNE pass (remove redundant assignments in processes).
Removed 0 redundant assignments.
Promoted 4 assignments to connections.

3.2.4. Executing PROC_INIT pass (extract init attributes).

3.2.5. Executing PROC_ARST pass (detect async resets in processes).

3.2.6. Executing PROC_ROM pass (convert switches to ROMs).
Converted 0 switches.
<suppressed ~9 debug messages>

3.2.7. Executing PROC_MUX pass (convert decision trees to multiplexers).
Creating decoders for process `\upe.$proc$rtl/upe.v:224$45'.
     1/6: $0\cr[0:0]
     2/6: $0\b1[0:0]
     3/6: $0\p_valid[0:0]
     4/6: $0\p_out[15:0]
     5/6: $0\S[15:0]
     6/6: $0\F[0:0]
Creating decoders for process `\upe.$proc$rtl/upe.v:205$42'.
     1/1: $1\r[15:0]
Creating decoders for process `\upe.$proc$rtl/upe.v:168$10'.
     1/1: $1\sin[0:0]
Creating decoders for process `\upe.$proc$rtl/upe.v:150$8'.
     1/1: $1\g[0:0]
Creating decoders for process `\upe.$proc$rtl/upe.v:76$2'.
     1/9: $1\j[31:0]
     2/9: $0\c[7][7:0]
     3/9: $0\c[6][7:0]
     4/9: $0\c[5][7:0]
     5/9: $0\c[4][7:0]
     6/9: $0\c[3][7:0]
     7/9: $0\c[2][7:0]
     8/9: $0\c[1][7:0]
     9/9: $0\c[0][7:0]

3.2.8. Executing PROC_DLATCH pass (convert process syncs to latches).
No latch inferred for signal `\upe.\r' from process `\upe.$proc$rtl/upe.v:205$42'.
No latch inferred for signal `\upe.\sin' from process `\upe.$proc$rtl/upe.v:168$10'.
No latch inferred for signal `\upe.\g' from process `\upe.$proc$rtl/upe.v:150$8'.

3.2.9. Executing PROC_DFF pass (convert process syncs to FFs).
Creating register for signal `\upe.\F' using process `\upe.$proc$rtl/upe.v:224$45'.
  created $dff cell `$procdff$140' with positive edge clock.
Creating register for signal `\upe.\S' using process `\upe.$proc$rtl/upe.v:224$45'.
  created $dff cell `$procdff$141' with positive edge clock.
Creating register for signal `\upe.\p_out' using process `\upe.$proc$rtl/upe.v:224$45'.
  created $dff cell `$procdff$142' with positive edge clock.
Creating register for signal `\upe.\p_valid' using process `\upe.$proc$rtl/upe.v:224$45'.
  created $dff cell `$procdff$143' with positive edge clock.
Creating register for signal `\upe.\b1' using process `\upe.$proc$rtl/upe.v:224$45'.
  created $dff cell `$procdff$144' with positive edge clock.
Creating register for signal `\upe.\cr' using process `\upe.$proc$rtl/upe.v:224$45'.
  created $dff cell `$procdff$145' with positive edge clock.
Creating register for signal `\upe.\j' using process `\upe.$proc$rtl/upe.v:76$2'.
  created $dff cell `$procdff$146' with positive edge clock.
Creating register for signal `\upe.\c[0]' using process `\upe.$proc$rtl/upe.v:76$2'.
  created $dff cell `$procdff$147' with positive edge clock.
Creating register for signal `\upe.\c[1]' using process `\upe.$proc$rtl/upe.v:76$2'.
  created $dff cell `$procdff$148' with positive edge clock.
Creating register for signal `\upe.\c[2]' using process `\upe.$proc$rtl/upe.v:76$2'.
  created $dff cell `$procdff$149' with positive edge clock.
Creating register for signal `\upe.\c[3]' using process `\upe.$proc$rtl/upe.v:76$2'.
  created $dff cell `$procdff$150' with positive edge clock.
Creating register for signal `\upe.\c[4]' using process `\upe.$proc$rtl/upe.v:76$2'.
  created $dff cell `$procdff$151' with positive edge clock.
Creating register for signal `\upe.\c[5]' using process `\upe.$proc$rtl/upe.v:76$2'.
  created $dff cell `$procdff$152' with positive edge clock.
Creating register for signal `\upe.\c[6]' using process `\upe.$proc$rtl/upe.v:76$2'.
  created $dff cell `$procdff$153' with positive edge clock.
Creating register for signal `\upe.\c[7]' using process `\upe.$proc$rtl/upe.v:76$2'.
  created $dff cell `$procdff$154' with positive edge clock.

3.2.10. Executing PROC_MEMWR pass (convert process memory writes to cells).

3.2.11. Executing PROC_CLEAN pass (remove empty switches from decision trees).
Found and cleaned up 5 empty switches in `\upe.$proc$rtl/upe.v:224$45'.
Removing empty process `upe.$proc$rtl/upe.v:224$45'.
Found and cleaned up 1 empty switch in `\upe.$proc$rtl/upe.v:205$42'.
Removing empty process `upe.$proc$rtl/upe.v:205$42'.
Found and cleaned up 1 empty switch in `\upe.$proc$rtl/upe.v:168$10'.
Removing empty process `upe.$proc$rtl/upe.v:168$10'.
Found and cleaned up 1 empty switch in `\upe.$proc$rtl/upe.v:150$8'.
Removing empty process `upe.$proc$rtl/upe.v:150$8'.
Found and cleaned up 1 empty switch in `\upe.$proc$rtl/upe.v:76$2'.
Removing empty process `upe.$proc$rtl/upe.v:76$2'.
Cleaned up 9 empty switches.

3.2.12. Executing OPT_EXPR pass (perform const folding).
Optimizing module upe.
<suppressed ~9 debug messages>

3.3. Executing FLATTEN pass (flatten design).

3.4. Executing OPT_EXPR pass (perform const folding).
Optimizing module upe.

3.5. Executing OPT_CLEAN pass (remove unused cells and wires).
Finding unused cells or wires in module \upe..
Removed 17 unused cells and 84 unused wires.
<suppressed ~24 debug messages>

3.6. Executing CHECK pass (checking for obvious problems).
Checking module upe...
Found and reported 0 problems.

3.7. Executing OPT pass (performing simple optimizations).

3.7.1. Executing OPT_EXPR pass (perform const folding).
Optimizing module upe.

3.7.2. Executing OPT_MERGE pass (detect identical cells).
Finding identical cells in module `\upe'.
Computing hashes of 80 cells of `\upe'.
Finding duplicate cells in `\upe'.
Computing hashes of 77 cells of `\upe'.
Finding duplicate cells in `\upe'.
<suppressed ~9 debug messages>
Removed a total of 3 cells.

3.7.3. Executing OPT_MUXTREE pass (detect dead branches in mux trees).
Running muxtree optimizer on module \upe..
  Creating internal representation of mux trees.
  Evaluating internal representation of mux trees.
  Analyzing evaluation results.
Removed 0 multiplexer ports.
<suppressed ~77 debug messages>

3.7.4. Executing OPT_REDUCE pass (consolidate $*mux and $reduce_* inputs).
  Optimizing cells in module \upe.
    New ctrl vector for $pmux cell $procmux$106: { $procmux$112_CMP $auto$opt_reduce.cc:137:opt_pmux$156 $procmux$109_CMP $procmux$108_CMP }
  Optimizing cells in module \upe.
Performed a total of 1 changes.

3.7.5. Executing OPT_MERGE pass (detect identical cells).
Finding identical cells in module `\upe'.
Computing hashes of 78 cells of `\upe'.
Finding duplicate cells in `\upe'.
Removed a total of 0 cells.

3.7.6. Executing OPT_DFF pass (perform DFF optimizations).

3.7.7. Executing OPT_CLEAN pass (remove unused cells and wires).
Finding unused cells or wires in module \upe..
Removed 1 unused cells and 4 unused wires.
<suppressed ~2 debug messages>

3.7.8. Executing OPT_EXPR pass (perform const folding).
Optimizing module upe.

3.7.9. Rerunning OPT passes. (Maybe there is more to do..)

3.7.10. Executing OPT_MUXTREE pass (detect dead branches in mux trees).
Running muxtree optimizer on module \upe..
  Creating internal representation of mux trees.
  Evaluating internal representation of mux trees.
  Analyzing evaluation results.
Removed 0 multiplexer ports.
<suppressed ~77 debug messages>

3.7.11. Executing OPT_REDUCE pass (consolidate $*mux and $reduce_* inputs).
  Optimizing cells in module \upe.
Performed a total of 0 changes.

3.7.12. Executing OPT_MERGE pass (detect identical cells).
Finding identical cells in module `\upe'.
Computing hashes of 77 cells of `\upe'.
Finding duplicate cells in `\upe'.
Removed a total of 0 cells.

3.7.13. Executing OPT_DFF pass (perform DFF optimizations).

3.7.14. Executing OPT_CLEAN pass (remove unused cells and wires).
Finding unused cells or wires in module \upe..

3.7.15. Executing OPT_EXPR pass (perform const folding).
Optimizing module upe.

3.7.16. Finished fast OPT passes. (There is nothing left to do.)

3.8. Executing FSM pass (extract and optimize FSM).

3.8.1. Executing FSM_DETECT pass (finding FSMs in design).

3.8.2. Executing FSM_EXTRACT pass (extracting FSM from design).

3.8.3. Executing FSM_OPT pass (simple optimizations of FSMs).

3.8.4. Executing OPT_CLEAN pass (remove unused cells and wires).
Finding unused cells or wires in module \upe..

3.8.5. Executing FSM_OPT pass (simple optimizations of FSMs).

3.8.6. Executing FSM_RECODE pass (re-assigning FSM state encoding).

3.8.7. Executing FSM_INFO pass (dumping all available information on FSM cells).

3.8.8. Executing FSM_MAP pass (mapping FSMs to basic logic).

3.9. Executing OPT pass (performing simple optimizations).

3.9.1. Executing OPT_EXPR pass (perform const folding).
Optimizing module upe.

3.9.2. Executing OPT_MERGE pass (detect identical cells).
Finding identical cells in module `\upe'.
Computing hashes of 77 cells of `\upe'.
Finding duplicate cells in `\upe'.
Removed a total of 0 cells.

3.9.3. Executing OPT_MUXTREE pass (detect dead branches in mux trees).
Running muxtree optimizer on module \upe..
  Creating internal representation of mux trees.
  Evaluating internal representation of mux trees.
  Analyzing evaluation results.
Removed 0 multiplexer ports.
<suppressed ~77 debug messages>

3.9.4. Executing OPT_REDUCE pass (consolidate $*mux and $reduce_* inputs).
  Optimizing cells in module \upe.
Performed a total of 0 changes.

3.9.5. Executing OPT_MERGE pass (detect identical cells).
Finding identical cells in module `\upe'.
Computing hashes of 77 cells of `\upe'.
Finding duplicate cells in `\upe'.
Removed a total of 0 cells.

3.9.6. Executing OPT_DFF pass (perform DFF optimizations).
Adding EN signal on $procdff$154 ($dff) from module upe (D = \c[6], Q = \c[7]).
Adding EN signal on $procdff$153 ($dff) from module upe (D = \c[5], Q = \c[6]).
Adding EN signal on $procdff$152 ($dff) from module upe (D = \c[4], Q = \c[5]).
Adding EN signal on $procdff$151 ($dff) from module upe (D = \c[3], Q = \c[4]).
Adding EN signal on $procdff$150 ($dff) from module upe (D = \c[2], Q = \c[3]).
Adding EN signal on $procdff$149 ($dff) from module upe (D = \c[1], Q = \c[2]).
Adding EN signal on $procdff$148 ($dff) from module upe (D = \c[0], Q = \c[1]).
Adding EN signal on $procdff$147 ($dff) from module upe (D = \cfg_in, Q = \c[0]).
Adding SRST signal on $procdff$143 ($dff) from module upe (D = $procmux$57_Y, Q = \p_valid, rval = 1'0).
Adding EN signal on $auto$ff.cc:337:slice$165 ($sdff) from module upe (D = 1'1, Q = \p_valid).
Adding SRST signal on $procdff$142 ($dff) from module upe (D = $procmux$69_Y, Q = \p_out, rval = 16'0000000000000000).
Adding EN signal on $auto$ff.cc:337:slice$171 ($sdff) from module upe (D = $procmux$63_Y, Q = \p_out).
Adding SRST signal on $procdff$141 ($dff) from module upe (D = $procmux$82_Y, Q = \S, rval = 16'0000000000000000).
Adding EN signal on $auto$ff.cc:337:slice$177 ($sdff) from module upe (D = $procmux$82_Y, Q = \S).
Adding SRST signal on $procdff$140 ($dff) from module upe (D = $procmux$90_Y, Q = \F, rval = 1'0).
Adding EN signal on $auto$ff.cc:337:slice$187 ($sdff) from module upe (D = \g, Q = \F).

3.9.7. Executing OPT_CLEAN pass (remove unused cells and wires).
Finding unused cells or wires in module \upe..
Removed 18 unused cells and 18 unused wires.
<suppressed ~19 debug messages>

3.9.8. Executing OPT_EXPR pass (perform const folding).
Optimizing module upe.
<suppressed ~2 debug messages>

3.9.9. Rerunning OPT passes. (Maybe there is more to do..)

3.9.10. Executing OPT_MUXTREE pass (detect dead branches in mux trees).
Running muxtree optimizer on module \upe..
  Creating internal representation of mux trees.
  Evaluating internal representation of mux trees.
  Analyzing evaluation results.
Removed 0 multiplexer ports.
<suppressed ~49 debug messages>

3.9.11. Executing OPT_REDUCE pass (consolidate $*mux and $reduce_* inputs).
  Optimizing cells in module \upe.
Performed a total of 0 changes.

3.9.12. Executing OPT_MERGE pass (detect identical cells).
Finding identical cells in module `\upe'.
Computing hashes of 69 cells of `\upe'.
Finding duplicate cells in `\upe'.
Computing hashes of 67 cells of `\upe'.
Finding duplicate cells in `\upe'.
Computing hashes of 65 cells of `\upe'.
Finding duplicate cells in `\upe'.
<suppressed ~12 debug messages>
Removed a total of 4 cells.

3.9.13. Executing OPT_DFF pass (perform DFF optimizations).

3.9.14. Executing OPT_CLEAN pass (remove unused cells and wires).
Finding unused cells or wires in module \upe..
Removed 0 unused cells and 4 unused wires.
<suppressed ~1 debug messages>

3.9.15. Executing OPT_EXPR pass (perform const folding).
Optimizing module upe.

3.9.16. Rerunning OPT passes. (Maybe there is more to do..)

3.9.17. Executing OPT_MUXTREE pass (detect dead branches in mux trees).
Running muxtree optimizer on module \upe..
  Creating internal representation of mux trees.
  Evaluating internal representation of mux trees.
  Analyzing evaluation results.
Removed 0 multiplexer ports.
<suppressed ~49 debug messages>

3.9.18. Executing OPT_REDUCE pass (consolidate $*mux and $reduce_* inputs).
  Optimizing cells in module \upe.
Performed a total of 0 changes.

3.9.19. Executing OPT_MERGE pass (detect identical cells).
Finding identical cells in module `\upe'.
Computing hashes of 65 cells of `\upe'.
Finding duplicate cells in `\upe'.
Removed a total of 0 cells.

3.9.20. Executing OPT_DFF pass (perform DFF optimizations).

3.9.21. Executing OPT_CLEAN pass (remove unused cells and wires).
Finding unused cells or wires in module \upe..

3.9.22. Executing OPT_EXPR pass (perform const folding).
Optimizing module upe.

3.9.23. Finished fast OPT passes. (There is nothing left to do.)

3.10. Executing WREDUCE pass (reducing word size of cells).
Removed top 1 bits (of 2) from port B of cell upe.$eq$rtl/upe.v:181$13 ($eq).
Removed top 1 bits (of 3) from port B of cell upe.$eq$rtl/upe.v:184$18 ($eq).
Removed top 1 bits (of 3) from port B of cell upe.$eq$rtl/upe.v:184$19 ($eq).
Converting cell upe.$add$rtl/upe.v:197$30 ($add) from unsigned to signed.
Removed top 1 bits (of 17) from port A of cell upe.$add$rtl/upe.v:197$30 ($add).
Removed top 1 bits (of 17) from port B of cell upe.$add$rtl/upe.v:197$30 ($add).
Removed top 16 bits (of 17) from port B of cell upe.$add$rtl/upe.v:197$31 ($add).
Removed top 1 bits (of 2) from port B of cell upe.$procmux$65_CMP0 ($eq).
Removed top 1 bits (of 2) from port B of cell upe.$procmux$77_CMP0 ($eq).
Removed top 1 bits (of 3) from port B of cell upe.$procmux$110_CMP0 ($eq).
Removed top 2 bits (of 3) from port B of cell upe.$procmux$111_CMP0 ($eq).

3.11. Executing PEEPOPT pass (run peephole optimizers).

3.12. Executing OPT_CLEAN pass (remove unused cells and wires).
Finding unused cells or wires in module \upe..

3.13. Executing ALUMACC pass (create $alu and $macc cells).
Extracting $alu and $macc cells in module upe:
  creating $macc model for $add$rtl/upe.v:197$30 ($add).
  creating $macc model for $add$rtl/upe.v:197$31 ($add).
  merging $macc model for $add$rtl/upe.v:197$30 into $add$rtl/upe.v:197$31.
  creating $alu model for $macc $add$rtl/upe.v:197$31.
  creating $alu cell for $add$rtl/upe.v:197$31: $auto$alumacc.cc:512:replace_alu$193
  created 1 $alu and 0 $macc cells.

3.14. Executing SHARE pass (SAT-based resource sharing).

3.15. Executing OPT pass (performing simple optimizations).

3.15.1. Executing OPT_EXPR pass (perform const folding).
Optimizing module upe.

3.15.2. Executing OPT_MERGE pass (detect identical cells).
Finding identical cells in module `\upe'.
Computing hashes of 65 cells of `\upe'.
Finding duplicate cells in `\upe'.
Removed a total of 0 cells.

3.15.3. Executing OPT_MUXTREE pass (detect dead branches in mux trees).
Running muxtree optimizer on module \upe..
  Creating internal representation of mux trees.
  Evaluating internal representation of mux trees.
  Analyzing evaluation results.
Removed 0 multiplexer ports.
<suppressed ~49 debug messages>

3.15.4. Executing OPT_REDUCE pass (consolidate $*mux and $reduce_* inputs).
  Optimizing cells in module \upe.
Performed a total of 0 changes.

3.15.5. Executing OPT_MERGE pass (detect identical cells).
Finding identical cells in module `\upe'.
Computing hashes of 65 cells of `\upe'.
Finding duplicate cells in `\upe'.
Removed a total of 0 cells.

3.15.6. Executing OPT_DFF pass (perform DFF optimizations).

3.15.7. Executing OPT_CLEAN pass (remove unused cells and wires).
Finding unused cells or wires in module \upe..
Removed 1 unused cells and 1 unused wires.
<suppressed ~2 debug messages>

3.15.8. Executing OPT_EXPR pass (perform const folding).
Optimizing module upe.

3.15.9. Rerunning OPT passes. (Maybe there is more to do..)

3.15.10. Executing OPT_MUXTREE pass (detect dead branches in mux trees).
Running muxtree optimizer on module \upe..
  Creating internal representation of mux trees.
  Evaluating internal representation of mux trees.
  Analyzing evaluation results.
Removed 0 multiplexer ports.
<suppressed ~49 debug messages>

3.15.11. Executing OPT_REDUCE pass (consolidate $*mux and $reduce_* inputs).
  Optimizing cells in module \upe.
Performed a total of 0 changes.

3.15.12. Executing OPT_MERGE pass (detect identical cells).
Finding identical cells in module `\upe'.
Computing hashes of 64 cells of `\upe'.
Finding duplicate cells in `\upe'.
Removed a total of 0 cells.

3.15.13. Executing OPT_DFF pass (perform DFF optimizations).

3.15.14. Executing OPT_CLEAN pass (remove unused cells and wires).
Finding unused cells or wires in module \upe..

3.15.15. Executing OPT_EXPR pass (perform const folding).
Optimizing module upe.

3.15.16. Finished fast OPT passes. (There is nothing left to do.)

3.16. Executing MEMORY pass.

3.16.1. Executing OPT_MEM pass (optimize memories).
Performed a total of 0 transformations.

3.16.2. Executing OPT_MEM_PRIORITY pass (removing unnecessary memory write priority relations).
Performed a total of 0 transformations.

3.16.3. Executing OPT_MEM_FEEDBACK pass (finding memory read-to-write feedback paths).

3.16.4. Executing MEMORY_BMUX2ROM pass (converting muxes to ROMs).

3.16.5. Executing MEMORY_DFF pass (merging $dff cells to $memrd).

3.16.6. Executing OPT_CLEAN pass (remove unused cells and wires).
Finding unused cells or wires in module \upe..

3.16.7. Executing MEMORY_SHARE pass (consolidating $memrd/$memwr cells).

3.16.8. Executing OPT_MEM_WIDEN pass (optimize memories where all ports are wide).
Performed a total of 0 transformations.

3.16.9. Executing OPT_CLEAN pass (remove unused cells and wires).
Finding unused cells or wires in module \upe..

3.16.10. Executing MEMORY_COLLECT pass (generating $mem cells).

3.17. Executing OPT_CLEAN pass (remove unused cells and wires).
Finding unused cells or wires in module \upe..

3.18. Executing OPT pass (performing simple optimizations).

3.18.1. Executing OPT_EXPR pass (perform const folding).
Optimizing module upe.
<suppressed ~3 debug messages>

3.18.2. Executing OPT_MERGE pass (detect identical cells).
Finding identical cells in module `\upe'.
Computing hashes of 62 cells of `\upe'.
Finding duplicate cells in `\upe'.
Removed a total of 0 cells.

3.18.3. Executing OPT_DFF pass (perform DFF optimizations).

3.18.4. Executing OPT_CLEAN pass (remove unused cells and wires).
Finding unused cells or wires in module \upe..
Removed 0 unused cells and 2 unused wires.
<suppressed ~1 debug messages>

3.18.5. Finished fast OPT passes.

3.19. Executing MEMORY_MAP pass (converting memories to logic and flip-flops).

3.20. Executing OPT pass (performing simple optimizations).

3.20.1. Executing OPT_EXPR pass (perform const folding).
Optimizing module upe.

3.20.2. Executing OPT_MERGE pass (detect identical cells).
Finding identical cells in module `\upe'.
Computing hashes of 62 cells of `\upe'.
Finding duplicate cells in `\upe'.
Removed a total of 0 cells.

3.20.3. Executing OPT_MUXTREE pass (detect dead branches in mux trees).
Running muxtree optimizer on module \upe..
  Creating internal representation of mux trees.
  Evaluating internal representation of mux trees.
  Analyzing evaluation results.
Removed 0 multiplexer ports.
<suppressed ~47 debug messages>

3.20.4. Executing OPT_REDUCE pass (consolidate $*mux and $reduce_* inputs).
  Optimizing cells in module \upe.
    New ctrl vector for $pmux cell $procmux$75: $procmux$76_CMP
    Consolidated identical input bits for $mux cell $ternary$rtl/upe.v:200$38:
      Old ports: A=16'0111111111111111, B=16'1000000000000000, Y=$ternary$rtl/upe.v:200$38_Y
      New ports: A=2'01, B=2'10, Y={ $ternary$rtl/upe.v:200$38_Y [15] $ternary$rtl/upe.v:200$38_Y [0] }
      New connections: $ternary$rtl/upe.v:200$38_Y [14:1] = { $ternary$rtl/upe.v:200$38_Y [0] $ternary$rtl/upe.v:200$38_Y [0] $ternary$rtl/upe.v:200$38_Y [0] $ternary$rtl/upe.v:200$38_Y [0] $ternary$rtl/upe.v:200$38_Y [0] $ternary$rtl/upe.v:200$38_Y [0] $ternary$rtl/upe.v:200$38_Y [0] $ternary$rtl/upe.v:200$38_Y [0] $ternary$rtl/upe.v:200$38_Y [0] $ternary$rtl/upe.v:200$38_Y [0] $ternary$rtl/upe.v:200$38_Y [0] $ternary$rtl/upe.v:200$38_Y [0] $ternary$rtl/upe.v:200$38_Y [0] $ternary$rtl/upe.v:200$38_Y [0] }
  Optimizing cells in module \upe.
Performed a total of 2 changes.

3.20.5. Executing OPT_MERGE pass (detect identical cells).
Finding identical cells in module `\upe'.
Computing hashes of 62 cells of `\upe'.
Finding duplicate cells in `\upe'.
Removed a total of 0 cells.

3.20.6. Executing OPT_SHARE pass.

3.20.7. Executing OPT_DFF pass (perform DFF optimizations).

3.20.8. Executing OPT_CLEAN pass (remove unused cells and wires).
Finding unused cells or wires in module \upe..

3.20.9. Executing OPT_EXPR pass (perform const folding).
Optimizing module upe.

3.20.10. Rerunning OPT passes. (Maybe there is more to do..)

3.20.11. Executing OPT_MUXTREE pass (detect dead branches in mux trees).
Running muxtree optimizer on module \upe..
  Creating internal representation of mux trees.
  Evaluating internal representation of mux trees.
  Analyzing evaluation results.
Removed 0 multiplexer ports.
<suppressed ~42 debug messages>

3.20.12. Executing OPT_REDUCE pass (consolidate $*mux and $reduce_* inputs).
  Optimizing cells in module \upe.
Performed a total of 0 changes.

3.20.13. Executing OPT_MERGE pass (detect identical cells).
Finding identical cells in module `\upe'.
Computing hashes of 62 cells of `\upe'.
Finding duplicate cells in `\upe'.
Removed a total of 0 cells.

3.20.14. Executing OPT_SHARE pass.

3.20.15. Executing OPT_DFF pass (perform DFF optimizations).

3.20.16. Executing OPT_CLEAN pass (remove unused cells and wires).
Finding unused cells or wires in module \upe..

3.20.17. Executing OPT_EXPR pass (perform const folding).
Optimizing module upe.

3.20.18. Finished fast OPT passes. (There is nothing left to do.)

3.21. Executing TECHMAP pass (map to technology primitives).

3.21.1. Executing Verilog-2005 frontend: /nix/store/f1q0w7rd0a4ny4hqvfxlhs4cmariidcy-yosys-0.62/bin/../share/yosys/techmap.v
Parsing Verilog input from `/nix/store/f1q0w7rd0a4ny4hqvfxlhs4cmariidcy-yosys-0.62/bin/../share/yosys/techmap.v' to AST representation.
Generating RTLIL representation for module `\_90_simplemap_bool_ops'.
Generating RTLIL representation for module `\_90_simplemap_reduce_ops'.
Generating RTLIL representation for module `\_90_simplemap_logic_ops'.
Generating RTLIL representation for module `\_90_simplemap_compare_ops'.
Generating RTLIL representation for module `\_90_simplemap_various'.
Generating RTLIL representation for module `\_90_simplemap_registers'.
Generating RTLIL representation for module `\_90_shift_ops_shr_shl_sshl_sshr'.
Generating RTLIL representation for module `\_90_shift_shiftx'.
Generating RTLIL representation for module `\_90_fa'.
Generating RTLIL representation for module `\_90_lcu_brent_kung'.
Generating RTLIL representation for module `\_90_alu'.
Generating RTLIL representation for module `\_90_macc'.
Generating RTLIL representation for module `\_90_alumacc'.
Generating RTLIL representation for module `$__div_mod_u'.
Generating RTLIL representation for module `$__div_mod_trunc'.
Generating RTLIL representation for module `\_90_div'.
Generating RTLIL representation for module `\_90_mod'.
Generating RTLIL representation for module `$__div_mod_floor'.
Generating RTLIL representation for module `\_90_divfloor'.
Generating RTLIL representation for module `\_90_modfloor'.
Generating RTLIL representation for module `\_90_pow'.
Generating RTLIL representation for module `\_90_pmux'.
Generating RTLIL representation for module `\_90_demux'.
Generating RTLIL representation for module `\_90_lut'.
Generating RTLIL representation for module `$connect'.
Generating RTLIL representation for module `$input_port'.
Successfully finished Verilog frontend.

3.21.2. Continuing TECHMAP pass.
Using template $paramod$2470b7ea32c975a55c3ab8b283381b72d09e16d3\_90_alu for cells of type $alu.
Using extmapper simplemap for cells of type $sdffe.
Using extmapper simplemap for cells of type $reduce_and.
Using extmapper simplemap for cells of type $ne.
Using extmapper simplemap for cells of type $reduce_bool.
Using extmapper simplemap for cells of type $not.
Using extmapper simplemap for cells of type $dffe.
Using extmapper simplemap for cells of type $reduce_or.
Using extmapper simplemap for cells of type $mux.
Using extmapper simplemap for cells of type $xor.
Using extmapper simplemap for cells of type $logic_not.
Using extmapper simplemap for cells of type $eq.
Using extmapper simplemap for cells of type $or.
Using extmapper simplemap for cells of type $and.
Using template $paramod$d5c1c4131927aec19f116e7a36372b1981bfcd7e\_90_pmux for cells of type $pmux.
Using template $paramod$0d149ffe75563ef6fcc1a3dddc59d00af28651a7\_90_pmux for cells of type $pmux.
Using template $paramod$b3b6ac92d800c6f07aa48f510f923d86a674e5a7\_90_pmux for cells of type $pmux.
Using template $paramod\_90_fa\WIDTH=32'00000000000000000000000000010001 for cells of type $fa.
Using template $paramod\_90_lcu_brent_kung\WIDTH=32'00000000000000000000000000010001 for cells of type $lcu.
Using extmapper simplemap for cells of type $pos.
No more expansions possible.
<suppressed ~459 debug messages>

3.22. Executing OPT pass (performing simple optimizations).

3.22.1. Executing OPT_EXPR pass (perform const folding).
Optimizing module upe.
<suppressed ~188 debug messages>

3.22.2. Executing OPT_MERGE pass (detect identical cells).
Finding identical cells in module `\upe'.
Computing hashes of 694 cells of `\upe'.
Finding duplicate cells in `\upe'.
Computing hashes of 684 cells of `\upe'.
Finding duplicate cells in `\upe'.
Computing hashes of 683 cells of `\upe'.
Finding duplicate cells in `\upe'.
<suppressed ~33 debug messages>
Removed a total of 11 cells.

3.22.3. Executing OPT_DFF pass (perform DFF optimizations).

3.22.4. Executing OPT_CLEAN pass (remove unused cells and wires).
Finding unused cells or wires in module \upe..
Removed 22 unused cells and 219 unused wires.
<suppressed ~23 debug messages>

3.22.5. Finished fast OPT passes.

3.23. Executing ABC pass (technology mapping using ABC).

3.23.1. Extracting gate netlist of module `\upe' to `<abc-temp-dir>/input.blif'..

3.23.1.1. Executed ABC.
Extracted 563 gates and 657 wires to a netlist network with 92 inputs and 51 outputs.
Running ABC script: <abc-temp-dir>/abc.script
ABC: ======== ABC command line "source <abc-temp-dir>/abc.script"
ABC: + read_blif <abc-temp-dir>/input.blif 
ABC: + read_library /tmp/yosys-abc-phZ63g/stdcells.genlib 
ABC: + strash 
ABC: + dretime 
ABC: + map 
ABC: + write_blif <abc-temp-dir>/output.blif 

3.23.1.2. Re-integrating ABC results.
ABC RESULTS:               AND cells:       18
ABC RESULTS:            ANDNOT cells:      143
ABC RESULTS:               MUX cells:      192
ABC RESULTS:              NAND cells:        2
ABC RESULTS:               NOR cells:       13
ABC RESULTS:               NOT cells:       92
ABC RESULTS:                OR cells:       57
ABC RESULTS:             ORNOT cells:       38
ABC RESULTS:              XNOR cells:        1
ABC RESULTS:               XOR cells:       51
ABC RESULTS:        internal signals:      514
ABC RESULTS:           input signals:       92
ABC RESULTS:          output signals:       51
Removing temp directory.
Removing global temp directory.

3.24. Executing OPT pass (performing simple optimizations).

3.24.1. Executing OPT_EXPR pass (perform const folding).
Optimizing module upe.

3.24.2. Executing OPT_MERGE pass (detect identical cells).
Finding identical cells in module `\upe'.
Computing hashes of 705 cells of `\upe'.
Finding duplicate cells in `\upe'.
Removed a total of 0 cells.

3.24.3. Executing OPT_DFF pass (perform DFF optimizations).

3.24.4. Executing OPT_CLEAN pass (remove unused cells and wires).
Finding unused cells or wires in module \upe..
Removed 0 unused cells and 283 unused wires.
<suppressed ~17 debug messages>

3.24.5. Finished fast OPT passes.

3.25. Executing HIERARCHY pass (managing design hierarchy).
Attribute `top' found on module `upe'. Setting top module to upe.

3.25.1. Analyzing design hierarchy..
Top module:  \upe

3.25.2. Analyzing design hierarchy..
Top module:  \upe
Removed 0 unused modules.

3.26. Printing statistics.

=== upe ===

        +----------Local Count, excluding submodules.
        | 
      641 wires
      896 wire bits
       66 public wires
      306 public wire bits
       23 ports
       89 port bits
      705 cells
      143   $_ANDNOT_
       18   $_AND_
       64   $_DFFE_PP_
      192   $_MUX_
        2   $_NAND_
       13   $_NOR_
       92   $_NOT_
       38   $_ORNOT_
       57   $_OR_
       34   $_SDFFE_PP0P_
        1   $_XNOR_
       51   $_XOR_

3.27. Executing CHECK pass (checking for obvious problems).
Checking module upe...
Found and reported 0 problems.

4. Executing DFFLIBMAP pass (mapping DFF cells to sequential cells from liberty file).
  cell sg13g2_dfrbpq_1 (noninv, pins=4, area=48.99) is a direct match for cell type $_DFF_PN0_.
  final dff cell mappings:
    unmapped dff cell: $_DFF_N_
    unmapped dff cell: $_DFF_P_
    unmapped dff cell: $_DFF_NN0_
    unmapped dff cell: $_DFF_NN1_
    unmapped dff cell: $_DFF_NP0_
    unmapped dff cell: $_DFF_NP1_
    \sg13g2_dfrbpq_1 _DFF_PN0_ (.CLK( C), .D( D), .Q( Q), .RESET_B( R));
    unmapped dff cell: $_DFF_PN1_
    unmapped dff cell: $_DFF_PP0_
    unmapped dff cell: $_DFF_PP1_
    unmapped dff cell: $_DFFE_NN_
    unmapped dff cell: $_DFFE_NP_
    unmapped dff cell: $_DFFE_PN_
    unmapped dff cell: $_DFFE_PP_
    unmapped dff cell: $_DFFSR_NNN_
    unmapped dff cell: $_DFFSR_NNP_
    unmapped dff cell: $_DFFSR_NPN_
    unmapped dff cell: $_DFFSR_NPP_
    unmapped dff cell: $_DFFSR_PNN_
    unmapped dff cell: $_DFFSR_PNP_
    unmapped dff cell: $_DFFSR_PPN_
    unmapped dff cell: $_DFFSR_PPP_

4.1. Executing DFFLEGALIZE pass (convert FFs to types supported by the target).
<suppressed ~4 debug messages>
Mapping DFF cells in module `\upe':
  mapped 98 $_DFF_PN0_ cells to \sg13g2_dfrbpq_1 cells.

5. Executing ABC pass (technology mapping using ABC).

5.1. Extracting gate netlist of module `\upe' to `<abc-temp-dir>/input.blif'..

5.1.1. Executed ABC.
Extracted 739 gates and 875 wires to a netlist network with 134 inputs and 115 outputs.
Running ABC script: <abc-temp-dir>/abc.script
ABC: ======== ABC command line "source <abc-temp-dir>/abc.script"
ABC: + read_blif <abc-temp-dir>/input.blif 
ABC: + read_lib -w /home/matthias/.ciel/ihp-sg13g2/ihp-sg13g2/libs.ref/sg13g2_stdcell/lib/sg13g2_stdcell_typ_1p20V_25C.lib 
ABC: Parsing finished successfully.  Parsing time =     0.01 sec
ABC: Scl_LibertyReadGenlib() skipped cell "sg13g2_antennanp" due to dont_use attribute.
ABC: Scl_LibertyReadGenlib() skipped cell "sg13g2_decap_4" due to dont_use attribute.
ABC: Scl_LibertyReadGenlib() skipped cell "sg13g2_decap_8" due to dont_use attribute.
ABC: Scl_LibertyReadGenlib() skipped sequential cell "sg13g2_dfrbp_1".
ABC: Scl_LibertyReadGenlib() skipped sequential cell "sg13g2_dfrbp_2".
ABC: Scl_LibertyReadGenlib() skipped sequential cell "sg13g2_dfrbpq_1".
ABC: Scl_LibertyReadGenlib() skipped sequential cell "sg13g2_dfrbpq_2".
ABC: Scl_LibertyReadGenlib() skipped sequential cell "sg13g2_dlhq_1".
ABC: Scl_LibertyReadGenlib() skipped sequential cell "sg13g2_dlhr_1".
ABC: Scl_LibertyReadGenlib() skipped sequential cell "sg13g2_dlhrq_1".
ABC: Scl_LibertyReadGenlib() skipped sequential cell "sg13g2_dllr_1".
ABC: Scl_LibertyReadGenlib() skipped sequential cell "sg13g2_dllrq_1".
ABC: Scl_LibertyReadGenlib() skipped three-state cell "sg13g2_ebufn_2".
ABC: Scl_LibertyReadGenlib() skipped three-state cell "sg13g2_ebufn_4".
ABC: Scl_LibertyReadGenlib() skipped three-state cell "sg13g2_ebufn_8".
ABC: Scl_LibertyReadGenlib() skipped three-state cell "sg13g2_einvn_2".
ABC: Scl_LibertyReadGenlib() skipped three-state cell "sg13g2_einvn_4".
ABC: Scl_LibertyReadGenlib() skipped three-state cell "sg13g2_einvn_8".
ABC: Scl_LibertyReadGenlib() skipped cell "sg13g2_fill_1" due to dont_use attribute.
ABC: Scl_LibertyReadGenlib() skipped cell "sg13g2_fill_2" due to dont_use attribute.
ABC: Scl_LibertyReadGenlib() skipped cell "sg13g2_fill_4" due to dont_use attribute.
ABC: Scl_LibertyReadGenlib() skipped cell "sg13g2_fill_8" due to dont_use attribute.
ABC: Scl_LibertyReadGenlib() skipped cell "sg13g2_lgcp_1" due to dont_use attribute.
ABC: Scl_LibertyReadGenlib() skipped sequential cell "sg13g2_sdfbbp_1".
ABC: Scl_LibertyReadGenlib() skipped sequential cell "sg13g2_sdfrbp_1".
ABC: Scl_LibertyReadGenlib() skipped sequential cell "sg13g2_sdfrbp_2".
ABC: Scl_LibertyReadGenlib() skipped sequential cell "sg13g2_sdfrbpq_1".
ABC: Scl_LibertyReadGenlib() skipped sequential cell "sg13g2_sdfrbpq_2".
ABC: Scl_LibertyReadGenlib() skipped cell "sg13g2_sighold" due to dont_use attribute.
ABC: Scl_LibertyReadGenlib() skipped cell "sg13g2_slgcp_1" due to dont_use attribute.
ABC: Library "sg13g2_stdcell_typ_1p20V_25C" from "/home/matthias/.ciel/ihp-sg13g2/ihp-sg13g2/libs.ref/sg13g2_stdcell/lib/sg13g2_stdcell_typ_1p20V_25C.lib" has 54 cells (30 skipped: 14 seq; 6 tri-state; 0 no func; 10 dont_use; 0 with 2 outputs; 0 with 3+ outputs).  Time =     0.02 sec
ABC: Memory =    2.85 MB. Time =     0.02 sec
ABC: + strash 
ABC: + &get -n 
ABC: + &fraig -x 
ABC: + &put 
ABC: + scorr 
ABC: Warning: The network is combinational (run "fraig" or "fraig_sweep").
ABC: + dc2 
ABC: + dretime 
ABC: + strash 
ABC: + &get -n 
ABC: + &dch -f 
ABC: + &nf 
ABC: + &put 
ABC: + write_blif <abc-temp-dir>/output.blif 

5.1.2. Re-integrating ABC results.
ABC RESULTS:     sg13g2_a21o_1 cells:        9
ABC RESULTS:    sg13g2_a21oi_1 cells:       58
ABC RESULTS:   sg13g2_a221oi_1 cells:       41
ABC RESULTS:    sg13g2_a22oi_1 cells:       19
ABC RESULTS:     sg13g2_and2_1 cells:        7
ABC RESULTS:     sg13g2_and3_1 cells:        1
ABC RESULTS:      sg13g2_inv_1 cells:       29
ABC RESULTS:     sg13g2_mux2_1 cells:      120
ABC RESULTS:    sg13g2_nand2_1 cells:       44
ABC RESULTS:   sg13g2_nand2b_1 cells:       22
ABC RESULTS:    sg13g2_nand3_1 cells:        6
ABC RESULTS:   sg13g2_nand3b_1 cells:        2
ABC RESULTS:    sg13g2_nand4_1 cells:        1
ABC RESULTS:     sg13g2_nor2_1 cells:       58
ABC RESULTS:    sg13g2_nor2b_1 cells:       19
ABC RESULTS:     sg13g2_nor3_1 cells:       11
ABC RESULTS:     sg13g2_nor4_1 cells:        1
ABC RESULTS:    sg13g2_o21ai_1 cells:       60
ABC RESULTS:      sg13g2_or2_1 cells:        3
ABC RESULTS:      sg13g2_or3_1 cells:        1
ABC RESULTS:    sg13g2_xnor2_1 cells:       27
ABC RESULTS:     sg13g2_xor2_1 cells:       12
ABC RESULTS:        internal signals:      626
ABC RESULTS:           input signals:      134
ABC RESULTS:          output signals:      115
Removing temp directory.
Removing global temp directory.

6. Executing OPT_CLEAN pass (remove unused cells and wires).
Finding unused cells or wires in module \upe..
Removed 0 unused cells and 858 unused wires.
<suppressed ~1 debug messages>

7. Printing statistics.

=== upe ===

        +----------Local Count, excluding submodules.
        |        +-Local Area, excluding submodules.
        |        | 
      600        - wires
      840        - wire bits
       66        - public wires
      306        - public wire bits
       23        - ports
       89        - port bits
      649 1.11E+04 cells
        9  114.307   sg13g2_a21o_1
       58  526.176   sg13g2_a21oi_1
       41  595.123   sg13g2_a221oi_1
       19  206.123   sg13g2_a22oi_1
        7   63.504   sg13g2_and2_1
        1   12.701   sg13g2_and3_1
       98  4.8E+03   sg13g2_dfrbpq_1
       29  157.853   sg13g2_inv_1
      120  2177.28   sg13g2_mux2_1
       44  319.334   sg13g2_nand2_1
       22  199.584   sg13g2_nand2b_1
        6   54.432   sg13g2_nand3_1
        2   25.402   sg13g2_nand3b_1
        1   10.886   sg13g2_nand4_1
       58  420.941   sg13g2_nor2_1
       19  172.368   sg13g2_nor2b_1
       11   99.792   sg13g2_nor3_1
        1   10.886   sg13g2_nor4_1
       60   544.32   sg13g2_o21ai_1
        3   27.216   sg13g2_or2_1
        1   12.701   sg13g2_or3_1
       27   391.91   sg13g2_xnor2_1
       12  174.182   sg13g2_xor2_1

   Chip area for module '\upe': 11117.925000
     of which used for sequential elements: 4800.902400 (43.18%)

Warnings: 1 unique messages, 1 total
End of script. Logfile hash: bfd78f2669, CPU: user 0.23s system 0.06s, MEM: 32.51 MB peak
Yosys 0.62 (git sha1 7326bb7d6641500ecb285c291a54a662cb1e76cf, clang++ 21.1.2 -fPIC -O3)
Time spent: 64% 2x abc (0 sec), 7% 20x opt_clean (0 sec), ...
