abutment boxes: 34 cells' prBoundary equals the LEF ORIGIN/SIZE box, 0 differ
placements: GDS 2867 standard-cell references (orientations N 993 S 488 FN 533 FS 853), DEF 2867 components of the library
placements: 2866 of 2867 match a DEF component by (master, x, y, orientation); with the GDS origin taken as the DEF position, 1033 would
    DEF component not placed once in the GDS: _2031_ sg13g2_nand2_1 (96480 34020) FS
names: 2016 of 2017 extracted instances named from the DEF (1 not)
supplies: 2 extracted supply nets (by top-level label VPWR/VGND) left out
nets vs DEF: pins on no wire, set aside: 4 in the extraction (clkload1/Y clkload2/Y clkload0/Y u1791@96.48,37.80/Y), 0 in the record
nets vs DEF: extraction 2081 nets (1 single-endpoint) over 6144 endpoints; record 2081 nets (0 single-endpoint) over 6145 endpoints
nets vs DEF: 2078 nets identical as endpoint sets; 3 only in the extraction, 3 only in the record; 0 record nets split, 0 extracted nets merge record nets
nets vs DEF: 3 endpoints only in the record, 2 only in the extraction
    only in the extraction: _2051_/A2 _2052_/A1 _2053_/B _2076_/B1 _2097_/B1 _2115_/A2 _2116_/A1 fanout196/X u1791@96.48,37.80/A
    only in the extraction: _1748_/A3 _2690_/Q hold662/A output101/A u1791@96.48,37.80/B
    only in the extraction: _2033_/B1
    only in the record: _2031_/Y _2033_/B1
    only in the record: _1748_/A3 _2031_/A _2690_/Q hold662/A output101/A
    only in the record: _2031_/B _2051_/A2 _2052_/A1 _2053_/B _2076_/B1 _2097_/B1 _2115_/A2 _2116_/A1 fanout196/X
    endpoint missing from the extraction: _2031_/A
    endpoint missing from the extraction: _2031_/B
    endpoint missing from the extraction: _2031_/Y
    endpoint missing from the record: u1791@96.48,37.80/A
    endpoint missing from the record: u1791@96.48,37.80/B
nl.v: 2867 instances, 0 assign statements, 0 constant connections
nets vs nl.v: pins on no wire, set aside: 4 in the extraction (clkload1/Y clkload2/Y clkload0/Y u1791@96.48,37.80/Y), 0 in the record
nets vs nl.v: extraction 2081 nets (1 single-endpoint) over 6144 endpoints; record 2081 nets (0 single-endpoint) over 6145 endpoints
nets vs nl.v: 2078 nets identical as endpoint sets; 3 only in the extraction, 3 only in the record; 0 record nets split, 0 extracted nets merge record nets
nets vs nl.v: 3 endpoints only in the record, 2 only in the extraction
    only in the extraction: _2051_/A2 _2052_/A1 _2053_/B _2076_/B1 _2097_/B1 _2115_/A2 _2116_/A1 fanout196/X u1791@96.48,37.80/A
    only in the extraction: _1748_/A3 _2690_/Q hold662/A output101/A u1791@96.48,37.80/B
    only in the extraction: _2033_/B1
    only in the record: _2031_/Y _2033_/B1
    only in the record: _2031_/B _2051_/A2 _2052_/A1 _2053_/B _2076_/B1 _2097_/B1 _2115_/A2 _2116_/A1 fanout196/X
    only in the record: _1748_/A3 _2031_/A _2690_/Q hold662/A output101/A
    endpoint missing from the extraction: _2031_/A
    endpoint missing from the extraction: _2031_/B
    endpoint missing from the extraction: _2031_/Y
    endpoint missing from the record: u1791@96.48,37.80/A
    endpoint missing from the record: u1791@96.48,37.80/B
COMPARISON DIFFERS
