== uart_loop (board)
  replay through interpreter   PASS  2600 cycles, every output equal
  prediction (outputs)         PASS  2600 cycles of outputs identical
  uart decode pin 0            PASS  got [4f 4b 21] expected [4f 4b 21]
  uart decode pin 7            PASS  got [4f 4b 21] expected [4f 4b 21]
  host bytes                   PASS  got [4f 4b 21] expected [4f 4b 21]
RESULT uart_loop PASS
  (48 trace entries, 0 capture words, status {'board_status': 0, 'sampler_overflows': 0, 'trace_overflow': 0}, 0.01 s)
OK   uart_loop: PASS

== uart_jumper (board)
  replay through interpreter   PASS  2600 cycles, every output equal
  prediction (outputs)         PASS  2600 cycles of outputs identical
  uart decode pin 0            PASS  got [4f 4b 21] expected [4f 4b 21]
  uart decode pin 7            PASS  got [4f 4b 21] expected [4f 4b 21]
  host bytes                   PASS  got [4f 4b 21] expected [4f 4b 21]
RESULT uart_jumper PASS
  (48 trace entries, 0 capture words, status {'board_status': 0, 'sampler_overflows': 0, 'trace_overflow': 0}, 0.01 s)
OK   uart_jumper: PASS

== rtc_ack (board)
  replay through interpreter   PASS  15220 cycles, every output equal
  prediction (outputs)         PASS  15220 cycles of outputs identical
  i2c decode                   PASS  got [de 00] acks AA stop=true expected [de 00] acks AA
  host bytes                   PASS  got [00 00] expected [00 00]
RESULT rtc_ack PASS
  (101 trace entries, 0 capture words, status {'board_status': 0, 'sampler_overflows': 0, 'trace_overflow': 0}, 0.02 s)
OK   rtc_ack: PASS

== flash_id (board)
  replay through interpreter   PASS  3472 cycles, every output equal
  prediction (outputs)         PASS  3472 cycles of outputs identical
  inputs first differ from the board model at cycle 883: captured in=b5 out=04 oe=0e fl=00, predicted in=f5 out=04 oe=0e fl=00
  spi decode (mosi)            PASS  got [9f ff ff ff] expected prefix [9f]
  host bytes (known ids)       PASS  got [9d 60 18]; known: [9d 60 18], [9d 60 16], [ef 40 18], [ef 70 18], [01 60 18]
  flash commands (model)       PASS  9f
RESULT flash_id PASS
  (148 trace entries, 0 capture words, status {'board_status': 0, 'sampler_overflows': 0, 'trace_overflow': 0}, 0.03 s)
OK   flash_id: PASS

4 of 4 as expected (0 skipped); results in evidence/2026-09-25-sim/board-judge-issi-flash
