baseline: 0 errors (extract 0.41 s)
cut candidates (top-level Via1-3 and Metal2-3 elements on signal nets): 19389 (19389 boundaries, 0 paths, 0 via references)
cut 1: layer 19 boundary at bytes 1088310 (net n1751)
  cut    cut01.gds: nets +1, 2 errors (0.39 s)
           undriven net n1751, read by 1: u1622@36.00,45.36/sg13cmos5l_dfrbpq_1.CLK
           u1622@36.00,45.36: clock pin CLK: n1751 is not driven
cut 2: layer 29 boundary at bytes 1915174 (net n497)
  cut    cut02.gds: nets +1, 1 errors (0.42 s)
           undriven net n978, read by 1: u821@99.84,113.40/sg13cmos5l_or3_1.C
cut 3: layer 30 boundary at bytes 2147270 (net n321)
  cut    cut03.gds: nets +1, 1 errors (0.43 s)
           undriven net n410, read by 8: u960@140.16,105.84/sg13cmos5l_o21ai_1.A1, u959@142.56,105.84/sg13cmos5l_a21oi_1.A2, u919@108.00,105.84/sg13cmos5l_o21ai_1.A1, u754@108.96,120.96/sg13cmos5l_o21ai_1.A1
cut 4: layer 19 boundary at bytes 1124662 (net n1868)
  cut    cut04.gds: nets +1, 1 errors (0.42 s)
           undriven net n1868, read by 1: u1752@96.96,30.24/sg13cmos5l_a21oi_1.B1
cut 5: layer 19 boundary at bytes 879734 (net n813)
  cut    cut05.gds: nets +1, 1 errors (0.45 s)
           undriven net n813, read by 1: u635@52.32,136.08/sg13cmos5l_dfrbpq_1.D
cut 6: layer 29 boundary at bytes 1893350 (net n878)
  cut    cut06.gds: nets +1, 1 errors (0.46 s)
           undriven net n1021, read by 1: u862@167.04,113.40/sg13cmos5l_inv_1.A
cut 7: layer 29 boundary at bytes 1970598 (net n144)
  cut    cut07.gds: nets +1, 1 errors (0.41 s)
           undriven net n144, read by 1: port host_out[0]
cut 8: layer 30 boundary at bytes 2190502 (net n617)
  cut    cut08.gds: nets +1, 1 errors (0.38 s)
           undriven net n756, read by 1: u579@97.44,143.64/sg13cmos5l_nor2_1.A
cut 9: layer 19 boundary at bytes 1049718 (net n320)
  cut    cut09.gds: nets +1, 1 errors (0.38 s)
           undriven net n1549, read by 1: u1401@73.92,68.04/sg13cmos5l_buf_1.A
cut 10: layer 30 boundary at bytes 2274406 (net n1340)
  cut    cut10.gds: nets +5, 5 errors (0.38 s)
           undriven net n1340, read by 4: u1299@166.56,75.60/sg13cmos5l_nor2_1.B, u1251@162.72,75.60/sg13cmos5l_inv_1.A, u1211@164.64,83.16/sg13cmos5l_nor2_1.B, u1157@162.24,83.16/sg13cmos5l_nor2_1.B
           undriven net n1361, read by 1: u1174@90.24,83.16/sg13cmos5l_and4_1.D
           undriven net n1366, read by 1: u1179@86.40,83.16/sg13cmos5l_nand4_1.D
short 1: Metal2 n1979 to n1790
  short  short01.gds: nets -1, 1 errors (0.37 s)
           net n1790 has 2 drivers: u1888@101.28,22.68/sg13cmos5l_o21ai_1.Y, u1785@120.00,30.24/sg13cmos5l_buf_1.X
short 2: Metal2 n920 to n755
  short  short02.gds: nets -1, 1 errors (0.39 s)
           net n755 has 2 drivers: u756@103.68,120.96/sg13cmos5l_nor3_1.Y, u578@97.44,136.08/sg13cmos5l_or2_1.X
short 3: Metal2 n1473 to n1738
  short  short03.gds: nets -1, 1 errors (0.37 s)
           net n1473 has 2 drivers: u1798@83.52,30.24/sg13cmos5l_buf_1.X, u1643@146.88,45.36/sg13cmos5l_dlygate4sd3_1.X
short 4: Metal2 n524 to n520
  short  short04.gds: nets -1, 1 errors (0.38 s)
           net n520 has 2 drivers: u894@24.48,113.40/sg13cmos5l_buf_1.X, u360@30.72,158.76/sg13cmos5l_tiehi.L_HI
short 5: Metal2 n244 to n654
  short  short05.gds: nets -2, 1 errors (0.38 s)
           net n244 has 3 drivers: u472@76.80,151.20/sg13cmos5l_a21oi_1.Y, u426@89.28,151.20/sg13cmos5l_inv_1.Y, u51@47.04,189.00/sg13cmos5l_buf_1.X
short 6: Metal2 n230 to n283
  short  short06.gds: nets -1, 1 errors (0.38 s)
           net n230 has 2 drivers: u116@80.64,181.44/sg13cmos5l_a21oi_1.Y, u41@71.52,189.00/sg13cmos5l_a21oi_1.Y
short 7: Metal2 n1591 to n1593
  short  short07.gds: nets -1, 1 errors (0.38 s)
           net n1591 has 2 drivers: u1855@40.80,22.68/sg13cmos5l_mux4_1.X, u1458@48.00,60.48/sg13cmos5l_xor2_1.X
short 8: Metal2 n233 to n346
  short  short08.gds: nets -1, 1 errors (0.37 s)
           net n233 has 2 drivers: u162@42.72,181.44/sg13cmos5l_nand2_1.Y, u161@46.56,181.44/sg13cmos5l_buf_1.X
short 9: Metal2 n706 to n665
  short  short09.gds: nets -4, 1 errors (0.44 s)
           net n660 has 5 drivers: u600@49.44,136.08/sg13cmos5l_and4_1.X, u531@51.36,143.64/sg13cmos5l_nand2b_1.Y, u528@60.48,143.64/sg13cmos5l_buf_1.X, u519@77.28,143.64/sg13cmos5l_buf_1.X, u482@29.28,151.20/sg13cmos5l_mux4_1.X
short 10: Metal2 n1404 to n1402
  short  short10.gds: nets -2, 1 errors (0.42 s)
           net n1140 has 3 drivers: u1272@78.72,75.60/sg13cmos5l_nor2_1.Y, u1237@58.08,83.16/sg13cmos5l_a221oi_1.Y, u1236@55.68,83.16/sg13cmos5l_a21oi_1.Y
controls: 20 of 20 effective planted faults caught structurally (0 had no effect)
