baseline: 0 errors (extract 0.39 s)
cut candidates (top-level Via1-3 and Metal2-3 elements on signal nets): 25931 (2530 boundaries, 11691 paths, 11710 via references)
cut 1: layer 10 path at bytes 840242 (net n1728)
  cut    cut01.gds: nets +1, 1 errors (0.37 s)
           undriven net n1827, read by 1: u1596@130.08,143.64/sg13cmos5l_nand2b_1.B
cut 2: layer 19 via VIA_Via1_XY at bytes 427982 (net n1188)
  cut    cut02.gds: nets +1, 2 errors (0.37 s)
           undriven net n1319, read by 1: u1066@67.68,136.08/sg13cmos5l_dfrbpq_1.CLK
           u1066@67.68,136.08: clock pin CLK: n1319 is not driven
cut 3: layer 10 path at bytes 1029350 (net n827)
  cut    cut03.gds: nets +1, 1 errors (0.36 s)
           undriven net n827, read by 1: u578@91.20,52.92/sg13cmos5l_buf_1.A
cut 4: layer 29 via VIA_Via2_YX at bytes 241112 (net n1585)
  cut    cut04.gds: nets +1, 1 errors (0.35 s)
           undriven net n1853, read by 1: u1629@126.72,173.88/sg13cmos5l_buf_1.A
cut 5: layer 10 boundary at bytes 1302792 (net n833)
  cut    cut05.gds: nets +0, 0 errors (0.38 s)  NO EFFECT ON CONNECTIVITY
cut 6: layer 30 path at bytes 1401716 (net n1643)
  cut    cut06.gds: nets +1, 1 errors (0.37 s)
           undriven net n1643, read by 3: u1497@165.12,136.08/sg13cmos5l_o21ai_1.B1, u1425@162.24,128.52/sg13cmos5l_o21ai_1.B1, u1422@160.32,120.96/sg13cmos5l_o21ai_1.B1
cut 7: layer 29 via VIA_Via2_YX at bytes 233520 (net n1299)
  cut    cut07.gds: nets +1, 2 errors (0.36 s)
           undriven net n1986, read by 1: u1880@95.04,158.76/sg13cmos5l_dfrbpq_1.CLK
           u1880@95.04,158.76: clock pin CLK: n1986 is not driven
cut 8: layer 10 path at bytes 1140130 (net n564)
  cut    cut08.gds: nets +1, 1 errors (0.36 s)
           undriven net n643, read by 1: u390@144.96,105.84/sg13cmos5l_a21oi_1.B1
cut 9: layer 29 via VIA_Via2_YX at bytes 575654 (net n847)
  cut    cut09.gds: nets +1, 1 errors (0.37 s)
           undriven net n915, read by 1: u677@23.52,22.68/sg13cmos5l_a21oi_1.A1
cut 10: layer 29 via VIA_Via2_YX at bytes 536530 (net n977)
  cut    cut10.gds: nets +1, 1 errors (0.36 s)
           undriven net n1042, read by 1: u798@17.76,68.04/sg13cmos5l_dfrbpq_1.D
short 1: Metal2 n1492 to n1503
  short  short01.gds: nets -1, 1 errors (0.35 s)
           net n1492 has 2 drivers: u1847@98.88,173.88/sg13cmos5l_dlygate4sd3_1.X, u1256@92.64,173.88/sg13cmos5l_tiehi.L_HI
short 2: Metal2 n473 to n1058
  short  short02.gds: nets -1, 1 errors (0.35 s)
           net n473 has 2 drivers: u814@95.04,75.60/sg13cmos5l_buf_1.X, u232@99.84,75.60/sg13cmos5l_buf_1.X
short 3: Metal2 n1139 to n1386
  short  short03.gds: nets -1, 1 errors (0.35 s)
           net n1139 has 2 drivers: u1126@12.96,151.20/sg13cmos5l_tiehi.L_HI, u886@74.40,98.28/sg13cmos5l_a21oi_1.Y
short 4: Metal2 n1021 to n1014
  short  short04.gds: nets -2, 1 errors (0.35 s)
           net n1014 has 3 drivers: u1086@37.44,120.96/sg13cmos5l_mux4_1.X, u878@79.68,90.72/sg13cmos5l_nand2_1.Y, u767@43.68,90.72/sg13cmos5l_nand2_1.Y
short 5: Metal2 n1746 to n1652
  short  short05.gds: nets -2, 1 errors (0.36 s)
           net n1652 has 3 drivers: u1607@113.28,113.40/sg13cmos5l_dfrbpq_1.Q, u1525@129.60,120.96/sg13cmos5l_buf_1.X, u1507@126.24,113.40/sg13cmos5l_a21oi_1.Y
short 6: Metal2 n1730 to n1286
  short  short06.gds: nets -1, 1 errors (0.35 s)
           net n1286 has 2 drivers: u1510@124.32,113.40/sg13cmos5l_o21ai_1.Y, u1228@47.04,189.00/sg13cmos5l_buf_1.X
short 7: Metal2 n1886 to n1294
  short  short07.gds: nets -1, 1 errors (0.35 s)
           net n1294 has 2 drivers: u1655@116.16,173.88/sg13cmos5l_a21oi_1.Y, u1224@29.76,189.00/sg13cmos5l_buf_1.X
short 8: Metal2 n877 to n958
  short  short08.gds: nets -4, 1 errors (0.36 s)
           net n876 has 5 drivers: u921@10.56,60.48/sg13cmos5l_o21ai_1.Y, u781@42.72,98.28/sg13cmos5l_buf_1.X, u710@8.64,68.04/sg13cmos5l_a21oi_1.Y, u635@6.72,52.92/sg13cmos5l_tiehi.L_HI, u634@5.76,45.36/sg13cmos5l_buf_1.X
short 9: Metal2 n499 to n500
  short  short09.gds: nets -1, 1 errors (0.42 s)
           net n499 has 2 drivers: u269@104.64,98.28/sg13cmos5l_o21ai_1.Y, u255@99.84,90.72/sg13cmos5l_a21oi_1.Y
short 10: Metal2 n267 to n552
  short  short10.gds: nets -1, 1 errors (0.38 s)
           net n267 has 2 drivers: u341@170.88,68.04/sg13cmos5l_o21ai_1.Y, u293@138.72,98.28/sg13cmos5l_buf_1.X
controls: 19 of 19 effective planted faults caught structurally (1 had no effect)
