3200 0 0
0 ff 00 00 04 00 12
1 ff 01 01 04 00 12
4 ff 01 01 06 00 12
5 ff 01 01 04 00 34
9 ff 01 01 05 12 34
a ff 01 01 04 12 34
d ff 00 01 04 12 34
f fe 00 01 04 12 34
8d fe 01 01 04 12 34
8f ff 01 01 04 12 34
cd ff 00 01 04 12 34
cf fe 00 01 04 12 34
14d fe 01 01 04 12 34
14f ff 01 01 04 12 34
18d ff 00 01 04 12 34
18f fe 00 01 04 12 34
24d fe 01 01 04 12 34
24f ff 01 01 04 12 34
28c ff 01 01 06 12 34
28d ff 01 01 04 12 56
291 ff 01 01 05 34 56
292 ff 01 01 04 34 56
295 ff 00 01 04 34 56
297 fe 00 01 04 34 56
355 fe 01 01 04 34 56
357 ff 01 01 04 34 56
395 ff 00 01 04 34 56
397 fe 00 01 04 34 56
3d5 fe 01 01 04 34 56
3d7 ff 01 01 04 34 56
455 ff 00 01 04 34 56
457 fe 00 01 04 34 56
4d5 fe 01 01 04 34 56
4d7 ff 01 01 04 34 56
514 ff 01 01 06 34 56
515 ff 01 01 04 34 a5
519 ff 01 01 05 56 a5
51a ff 01 01 04 56 a5
51d ff 00 01 04 56 a5
51f fe 00 01 04 56 a5
59d fe 01 01 04 56 a5
59f ff 01 01 04 56 a5
61d ff 00 01 04 56 a5
61f fe 00 01 04 56 a5
65d fe 01 01 04 56 a5
65f ff 01 01 04 56 a5
69d ff 00 01 04 56 a5
69f fe 00 01 04 56 a5
6dd fe 01 01 04 56 a5
6df ff 01 01 04 56 a5
71d ff 00 01 04 56 a5
71f fe 00 01 04 56 a5
75d fe 01 01 04 56 a5
75f ff 01 01 04 56 a5
79c ff 01 01 06 56 a5
79d ff 01 01 00 56 00
7a1 ff 01 01 01 a5 00
7a2 ff 01 01 00 a5 00
7a5 ff 00 01 00 a5 00
7a7 fe 00 01 00 a5 00
7e5 fe 01 01 00 a5 00
7e7 ff 01 01 00 a5 00
825 ff 00 01 00 a5 00
827 fe 00 01 00 a5 00
865 fe 01 01 00 a5 00
867 ff 01 01 00 a5 00
8a5 ff 00 01 00 a5 00
8a7 fe 00 01 00 a5 00
925 fe 01 01 00 a5 00
927 ff 01 01 00 a5 00
965 ff 00 01 00 a5 00
967 fe 00 01 00 a5 00
9a5 fe 01 01 00 a5 00
9a7 ff 01 01 00 a5 00
