2600 0 0
0 ff 00 00 00 00 00
1 ff 01 01 00 00 00
9 ff 00 01 00 00 00
b 7e 00 01 00 00 00
4d 7e 01 01 00 00 00
4f ff 01 01 00 00 00
14d ff 00 01 00 00 00
14f 7e 00 01 00 00 00
1cd 7e 01 01 00 00 00
1cf ff 01 01 00 00 00
20d ff 00 01 00 00 00
20f 7e 00 01 00 00 00
236 7e 00 01 01 4f 00
237 7e 00 01 00 4f 00
24d 7e 01 01 00 4f 00
24f ff 01 01 00 4f 00
28d ff 00 01 00 4f 00
28f 7e 00 01 00 4f 00
2cd 7e 01 01 00 4f 00
2cf ff 01 01 00 4f 00
34d ff 00 01 00 4f 00
34f 7e 00 01 00 4f 00
38d 7e 01 01 00 4f 00
38f ff 01 01 00 4f 00
3cd ff 00 01 00 4f 00
3cf 7e 00 01 00 4f 00
44d 7e 01 01 00 4f 00
44f ff 01 01 00 4f 00
48d ff 00 01 00 4f 00
48f 7e 00 01 00 4f 00
4ba 7e 00 01 01 4b 00
4bb 7e 00 01 00 4b 00
4cd 7e 01 01 00 4b 00
4cf ff 01 01 00 4b 00
50d ff 00 01 00 4b 00
50f 7e 00 01 00 4b 00
54d 7e 01 01 00 4b 00
54f ff 01 01 00 4b 00
58d ff 00 01 00 4b 00
58f 7e 00 01 00 4b 00
68d 7e 01 01 00 4b 00
68f ff 01 01 00 4b 00
6cd ff 00 01 00 4b 00
6cf 7e 00 01 00 4b 00
73a 7e 00 01 01 21 00
73b 7e 00 01 00 21 00
74d 7e 01 01 00 21 00
74f ff 01 01 00 21 00
