2026-09-25 03:17:31 +0000: Memory Usage (416212K) : Starting running SG13G2 Klayout LVS runset on /work/sram6t_2x2.gds
2026-09-25 03:17:31 +0000: Memory Usage (416212K) : Ruby Version for klayout: 3.3.8
2026-09-25 03:17:31 +0000: Memory Usage (417552K) : Loading database to memory is complete.
2026-09-25 03:17:31 +0000: Memory Usage (417552K) : SG13G2 Klayout LVS runset output at: /work/6t/r.lvsdb
2026-09-25 03:17:31 +0000: Memory Usage (417552K) : Evaluate switches.
2026-09-25 03:17:31 +0000: Memory Usage (417552K) : Extracted netlist with net names: true
2026-09-25 03:17:31 +0000: Memory Usage (417552K) : Extracted netlist with comments in details: false
2026-09-25 03:17:31 +0000: Memory Usage (417552K) : Selected NET_ONLY option: false
2026-09-25 03:17:31 +0000: Memory Usage (417552K) : Selected ALLOW_UNMATCHED_PORTS option: false
2026-09-25 03:17:31 +0000: Memory Usage (417552K) : Selected TOP_LVL_PINS option: false
2026-09-25 03:17:31 +0000: Memory Usage (417552K) : Selected COMBINE DEVICES option: false
2026-09-25 03:17:31 +0000: Memory Usage (417552K) : Selected PURGE option: false
2026-09-25 03:17:31 +0000: Memory Usage (417552K) : Selected PURGE_NETS option: false
2026-09-25 03:17:31 +0000: Memory Usage (417552K) : Selected SIMPLIFY option: true
2026-09-25 03:17:31 +0000: Memory Usage (417552K) : Selected SERIES_RES option: true
2026-09-25 03:17:31 +0000: Memory Usage (417552K) : Selected PARALLEL_RES option: true
2026-09-25 03:17:31 +0000: Memory Usage (417552K) : Verbose mode: 
2026-09-25 03:17:31 +0000: Memory Usage (417552K) : flat  mode is enabled.
2026-09-25 03:17:31 +0000: Memory Usage (417552K) : Netlist file: /work/dummy.cir
2026-09-25 03:17:31 +0000: Memory Usage (417552K) : LVS extracted netlist at: /work/6t/extracted.cir
2026-09-25 03:17:31 +0000: Memory Usage (417552K) : Read in polygons from layers.
2026-09-25 03:17:31 +0000: Memory Usage (418576K) : activ_drw has 22 polygons
2026-09-25 03:17:31 +0000: Memory Usage (418576K) : activ_filler has 0 polygons
2026-09-25 03:17:31 +0000: Memory Usage (418576K) : activ has 22 polygons
2026-09-25 03:17:31 +0000: Memory Usage (418576K) : activ_pin has 0 polygons
2026-09-25 03:17:31 +0000: Memory Usage (418576K) : activ_mask has 0 polygons
2026-09-25 03:17:31 +0000: Memory Usage (418576K) : activ_nofill has 0 polygons
2026-09-25 03:17:31 +0000: Memory Usage (418576K) : activ_OPC has 0 polygons
2026-09-25 03:17:31 +0000: Memory Usage (418576K) : activ_iOPC has 0 polygons
2026-09-25 03:17:31 +0000: Memory Usage (418576K) : activ_noqrc has 0 polygons
2026-09-25 03:17:31 +0000: Memory Usage (418576K) : biwind_drw has 0 polygons
2026-09-25 03:17:31 +0000: Memory Usage (418576K) : biwind_OPC has 0 polygons
2026-09-25 03:17:31 +0000: Memory Usage (418576K) : gatpoly_drw has 14 polygons
2026-09-25 03:17:31 +0000: Memory Usage (418576K) : gatpoly_filler has 0 polygons
2026-09-25 03:17:31 +0000: Memory Usage (418576K) : gatpoly has 14 polygons
2026-09-25 03:17:31 +0000: Memory Usage (418576K) : gatpoly_pin has 0 polygons
2026-09-25 03:17:31 +0000: Memory Usage (418576K) : gatpoly_nofill has 0 polygons
2026-09-25 03:17:31 +0000: Memory Usage (418832K) : gatpoly_OPC has 0 polygons
2026-09-25 03:17:31 +0000: Memory Usage (418832K) : gatpoly_iOPC has 0 polygons
2026-09-25 03:17:31 +0000: Memory Usage (418832K) : gatpoly_noqrc has 0 polygons
2026-09-25 03:17:31 +0000: Memory Usage (418832K) : cont_drw has 60 polygons
2026-09-25 03:17:31 +0000: Memory Usage (418832K) : cont_OPC has 0 polygons
2026-09-25 03:17:31 +0000: Memory Usage (419088K) : nsd_drw has 0 polygons
2026-09-25 03:17:31 +0000: Memory Usage (419088K) : nsd_block has 0 polygons
2026-09-25 03:17:31 +0000: Memory Usage (419088K) : metal1_drw has 44 polygons
2026-09-25 03:17:31 +0000: Memory Usage (419344K) : metal1_filler has 0 polygons
2026-09-25 03:17:31 +0000: Memory Usage (419344K) : metal1_slit has 0 polygons
2026-09-25 03:17:31 +0000: Memory Usage (419600K) : metal1 has 44 polygons
2026-09-25 03:17:31 +0000: Memory Usage (419600K) : metal1_pin has 0 polygons
2026-09-25 03:17:31 +0000: Memory Usage (419600K) : metal1_mask has 0 polygons
2026-09-25 03:17:31 +0000: Memory Usage (419856K) : metal1_nofill has 0 polygons
2026-09-25 03:17:31 +0000: Memory Usage (419856K) : metal1_text has 0 polygons
2026-09-25 03:17:31 +0000: Memory Usage (419856K) : metal1_OPC has 0 polygons
2026-09-25 03:17:31 +0000: Memory Usage (419856K) : metal1_noqrc has 0 polygons
2026-09-25 03:17:31 +0000: Memory Usage (419856K) : metal1_res has 0 polygons
2026-09-25 03:17:31 +0000: Memory Usage (419856K) : metal1_iprobe has 0 polygons
2026-09-25 03:17:31 +0000: Memory Usage (419856K) : metal1_diffprb has 0 polygons
2026-09-25 03:17:31 +0000: Memory Usage (420112K) : passiv_drw has 0 polygons
2026-09-25 03:17:31 +0000: Memory Usage (420112K) : passiv_pin has 0 polygons
2026-09-25 03:17:31 +0000: Memory Usage (420368K) : passiv_sbump has 0 polygons
2026-09-25 03:17:31 +0000: Memory Usage (420368K) : passiv_pillar has 0 polygons
2026-09-25 03:17:31 +0000: Memory Usage (420368K) : passiv_pdl has 0 polygons
2026-09-25 03:17:31 +0000: Memory Usage (420624K) : metal2_drw has 16 polygons
2026-09-25 03:17:31 +0000: Memory Usage (420624K) : metal2_filler has 0 polygons
2026-09-25 03:17:31 +0000: Memory Usage (420624K) : metal2_slit has 0 polygons
2026-09-25 03:17:31 +0000: Memory Usage (420880K) : metal2 has 16 polygons
2026-09-25 03:17:31 +0000: Memory Usage (420880K) : metal2_pin has 0 polygons
2026-09-25 03:17:31 +0000: Memory Usage (421136K) : metal2_mask has 0 polygons
2026-09-25 03:17:31 +0000: Memory Usage (421136K) : metal2_nofill has 0 polygons
2026-09-25 03:17:31 +0000: Memory Usage (421136K) : metal2_text has 0 polygons
2026-09-25 03:17:31 +0000: Memory Usage (421392K) : metal2_OPC has 0 polygons
2026-09-25 03:17:31 +0000: Memory Usage (421392K) : metal2_noqrc has 0 polygons
2026-09-25 03:17:31 +0000: Memory Usage (421392K) : metal2_res has 0 polygons
2026-09-25 03:17:31 +0000: Memory Usage (421648K) : metal2_iprobe has 0 polygons
2026-09-25 03:17:31 +0000: Memory Usage (421648K) : metal2_diffprb has 0 polygons
2026-09-25 03:17:31 +0000: Memory Usage (421648K) : baspoly_drw has 0 polygons
2026-09-25 03:17:31 +0000: Memory Usage (421904K) : baspoly_pin has 0 polygons
2026-09-25 03:17:31 +0000: Memory Usage (421904K) : psd_drw has 2 polygons
2026-09-25 03:17:31 +0000: Memory Usage (422160K) : nldb_drw has 0 polygons
2026-09-25 03:17:31 +0000: Memory Usage (422160K) : digibnd_drw has 0 polygons
2026-09-25 03:17:31 +0000: Memory Usage (422160K) : via1_drw has 36 polygons
2026-09-25 03:17:31 +0000: Memory Usage (422160K) : backmetal1_drw has 0 polygons
2026-09-25 03:17:31 +0000: Memory Usage (422160K) : backmetal1_pin has 0 polygons
2026-09-25 03:17:31 +0000: Memory Usage (422160K) : backmetal1_mask has 0 polygons
2026-09-25 03:17:31 +0000: Memory Usage (422160K) : backmetal1_filler has 0 polygons
2026-09-25 03:17:31 +0000: Memory Usage (422416K) : backmetal1_nofill has 0 polygons
2026-09-25 03:17:31 +0000: Memory Usage (422416K) : backmetal1_slit has 0 polygons
2026-09-25 03:17:31 +0000: Memory Usage (422416K) : backmetal1_text has 0 polygons
2026-09-25 03:17:31 +0000: Memory Usage (422416K) : backmetal1_OPC has 0 polygons
2026-09-25 03:17:31 +0000: Memory Usage (422416K) : backmetal1_noqrc has 0 polygons
2026-09-25 03:17:31 +0000: Memory Usage (422416K) : backmetal1_res has 0 polygons
2026-09-25 03:17:31 +0000: Memory Usage (422416K) : backmetal1_iprobe has 0 polygons
2026-09-25 03:17:31 +0000: Memory Usage (422416K) : backmetal1_diffprb has 0 polygons
2026-09-25 03:17:31 +0000: Memory Usage (422416K) : backpassiv_drw has 0 polygons
2026-09-25 03:17:31 +0000: Memory Usage (422416K) : res_drw has 0 polygons
2026-09-25 03:17:31 +0000: Memory Usage (422416K) : sram_drw has 0 polygons
2026-09-25 03:17:31 +0000: Memory Usage (422416K) : trans_drw has 0 polygons
2026-09-25 03:17:31 +0000: Memory Usage (422416K) : ind_drw has 0 polygons
2026-09-25 03:17:31 +0000: Memory Usage (422416K) : ind_pin has 0 polygons
2026-09-25 03:17:31 +0000: Memory Usage (422416K) : ind_text has 0 polygons
2026-09-25 03:17:31 +0000: Memory Usage (422416K) : salblock_drw has 0 polygons
2026-09-25 03:17:31 +0000: Memory Usage (422416K) : via2_drw has 6 polygons
2026-09-25 03:17:31 +0000: Memory Usage (422416K) : metal3_drw has 2 polygons
2026-09-25 03:17:31 +0000: Memory Usage (422416K) : metal3_filler has 0 polygons
2026-09-25 03:17:31 +0000: Memory Usage (422416K) : metal3_slit has 0 polygons
2026-09-25 03:17:31 +0000: Memory Usage (422416K) : metal3 has 2 polygons
2026-09-25 03:17:31 +0000: Memory Usage (422416K) : metal3_pin has 0 polygons
2026-09-25 03:17:31 +0000: Memory Usage (422416K) : metal3_mask has 0 polygons
2026-09-25 03:17:31 +0000: Memory Usage (422416K) : metal3_nofill has 0 polygons
2026-09-25 03:17:31 +0000: Memory Usage (422416K) : metal3_text has 0 polygons
2026-09-25 03:17:31 +0000: Memory Usage (422416K) : metal3_OPC has 0 polygons
2026-09-25 03:17:31 +0000: Memory Usage (422416K) : metal3_noqrc has 0 polygons
2026-09-25 03:17:31 +0000: Memory Usage (422416K) : metal3_res has 0 polygons
2026-09-25 03:17:31 +0000: Memory Usage (422672K) : metal3_iprobe has 0 polygons
2026-09-25 03:17:31 +0000: Memory Usage (422672K) : metal3_diffprb has 0 polygons
2026-09-25 03:17:31 +0000: Memory Usage (422928K) : nwell_drw has 2 polygons
2026-09-25 03:17:31 +0000: Memory Usage (422928K) : nwell_pin has 0 polygons
2026-09-25 03:17:31 +0000: Memory Usage (422928K) : nbulay_drw has 0 polygons
2026-09-25 03:17:31 +0000: Memory Usage (423184K) : nbulay_pin has 0 polygons
2026-09-25 03:17:31 +0000: Memory Usage (423184K) : nbulay_block has 0 polygons
2026-09-25 03:17:31 +0000: Memory Usage (423440K) : emwind_drw has 0 polygons
2026-09-25 03:17:31 +0000: Memory Usage (423440K) : emwind_OPC has 0 polygons
2026-09-25 03:17:31 +0000: Memory Usage (423440K) : deepco_drw has 0 polygons
2026-09-25 03:17:31 +0000: Memory Usage (423696K) : mim_drw has 0 polygons
2026-09-25 03:17:31 +0000: Memory Usage (423696K) : edgeseal_drw has 0 polygons
2026-09-25 03:17:31 +0000: Memory Usage (423696K) : substrate_drw has 0 polygons
2026-09-25 03:17:31 +0000: Memory Usage (423952K) : substrate_text has 0 polygons
2026-09-25 03:17:31 +0000: Memory Usage (423952K) : dfpad_drw has 0 polygons
2026-09-25 03:17:31 +0000: Memory Usage (423952K) : dfpad_pillar has 0 polygons
2026-09-25 03:17:31 +0000: Memory Usage (424208K) : dfpad_sbump has 0 polygons
2026-09-25 03:17:31 +0000: Memory Usage (424208K) : thickgateox_drw has 0 polygons
2026-09-25 03:17:31 +0000: Memory Usage (424464K) : pldb_drw has 0 polygons
2026-09-25 03:17:31 +0000: Memory Usage (424464K) : pwell_drw has 0 polygons
2026-09-25 03:17:31 +0000: Memory Usage (424464K) : pwell_pin has 0 polygons
2026-09-25 03:17:31 +0000: Memory Usage (424720K) : pwell_block has 0 polygons
2026-09-25 03:17:31 +0000: Memory Usage (424720K) : ic_drw has 0 polygons
2026-09-25 03:17:31 +0000: Memory Usage (424976K) : via3_drw has 0 polygons
2026-09-25 03:17:31 +0000: Memory Usage (424976K) : metal4_drw has 0 polygons
2026-09-25 03:17:31 +0000: Memory Usage (424976K) : metal4_filler has 0 polygons
2026-09-25 03:17:31 +0000: Memory Usage (424976K) : metal4_slit has 0 polygons
2026-09-25 03:17:31 +0000: Memory Usage (424976K) : metal4 has 0 polygons
2026-09-25 03:17:31 +0000: Memory Usage (424976K) : metal4_pin has 0 polygons
2026-09-25 03:17:31 +0000: Memory Usage (424976K) : metal4_mask has 0 polygons
2026-09-25 03:17:31 +0000: Memory Usage (424976K) : metal4_nofill has 0 polygons
2026-09-25 03:17:31 +0000: Memory Usage (424976K) : metal4_text has 0 polygons
2026-09-25 03:17:31 +0000: Memory Usage (424976K) : metal4_OPC has 0 polygons
2026-09-25 03:17:31 +0000: Memory Usage (424976K) : metal4_noqrc has 0 polygons
2026-09-25 03:17:31 +0000: Memory Usage (424976K) : metal4_res has 0 polygons
2026-09-25 03:17:31 +0000: Memory Usage (424976K) : metal4_iprobe has 0 polygons
2026-09-25 03:17:31 +0000: Memory Usage (424976K) : metal4_diffprb has 0 polygons
2026-09-25 03:17:31 +0000: Memory Usage (424976K) : heattrans_drw has 0 polygons
2026-09-25 03:17:31 +0000: Memory Usage (424976K) : heatres_drw has 0 polygons
2026-09-25 03:17:31 +0000: Memory Usage (424976K) : fbe_drw has 0 polygons
2026-09-25 03:17:31 +0000: Memory Usage (424976K) : empoly_drw has 0 polygons
2026-09-25 03:17:32 +0000: Memory Usage (424976K) : digisub_drw has 0 polygons
2026-09-25 03:17:32 +0000: Memory Usage (424976K) : text_drw has 0 polygons
2026-09-25 03:17:32 +0000: Memory Usage (424976K) : via4_drw has 0 polygons
2026-09-25 03:17:32 +0000: Memory Usage (424976K) : metal5_drw has 0 polygons
2026-09-25 03:17:32 +0000: Memory Usage (424976K) : metal5_filler has 0 polygons
2026-09-25 03:17:32 +0000: Memory Usage (424976K) : metal5_slit has 0 polygons
2026-09-25 03:17:32 +0000: Memory Usage (424976K) : metal5 has 0 polygons
2026-09-25 03:17:32 +0000: Memory Usage (424976K) : metal5_pin has 0 polygons
2026-09-25 03:17:32 +0000: Memory Usage (424976K) : metal5_mask has 0 polygons
2026-09-25 03:17:32 +0000: Memory Usage (424976K) : metal5_nofill has 0 polygons
2026-09-25 03:17:32 +0000: Memory Usage (424976K) : metal5_text has 0 polygons
2026-09-25 03:17:32 +0000: Memory Usage (424976K) : metal5_OPC has 0 polygons
2026-09-25 03:17:32 +0000: Memory Usage (424976K) : metal5_noqrc has 0 polygons
2026-09-25 03:17:32 +0000: Memory Usage (424976K) : metal5_res has 0 polygons
2026-09-25 03:17:32 +0000: Memory Usage (424976K) : metal5_iprobe has 0 polygons
2026-09-25 03:17:32 +0000: Memory Usage (424976K) : metal5_diffprb has 0 polygons
2026-09-25 03:17:32 +0000: Memory Usage (424976K) : radhard_drw has 0 polygons
2026-09-25 03:17:32 +0000: Memory Usage (424976K) : memcap_drw has 0 polygons
2026-09-25 03:17:32 +0000: Memory Usage (424976K) : varicap_drw has 0 polygons
2026-09-25 03:17:32 +0000: Memory Usage (424976K) : intbondvia_drw has 0 polygons
2026-09-25 03:17:32 +0000: Memory Usage (424976K) : intbondmet_drw has 0 polygons
2026-09-25 03:17:32 +0000: Memory Usage (425232K) : devbondvia_drw has 0 polygons
2026-09-25 03:17:32 +0000: Memory Usage (425232K) : devbondmet_drw has 0 polygons
2026-09-25 03:17:32 +0000: Memory Usage (425232K) : devtrench_drw has 0 polygons
2026-09-25 03:17:32 +0000: Memory Usage (425488K) : redist_drw has 0 polygons
2026-09-25 03:17:32 +0000: Memory Usage (425488K) : graphbot_drw has 0 polygons
2026-09-25 03:17:32 +0000: Memory Usage (425488K) : graphtop_drw has 0 polygons
2026-09-25 03:17:32 +0000: Memory Usage (425744K) : antvia1_drw has 0 polygons
2026-09-25 03:17:32 +0000: Memory Usage (425744K) : antmetal2_drw has 0 polygons
2026-09-25 03:17:32 +0000: Memory Usage (425744K) : graphcont_drw has 0 polygons
2026-09-25 03:17:32 +0000: Memory Usage (426000K) : siwg_drw has 0 polygons
2026-09-25 03:17:32 +0000: Memory Usage (426000K) : siwg_filler has 0 polygons
2026-09-25 03:17:32 +0000: Memory Usage (426256K) : siwg_nofill has 0 polygons
2026-09-25 03:17:32 +0000: Memory Usage (426256K) : sigrating_drw has 0 polygons
2026-09-25 03:17:32 +0000: Memory Usage (426256K) : singrating_drw has 0 polygons
2026-09-25 03:17:32 +0000: Memory Usage (426256K) : graphpas_drw has 0 polygons
2026-09-25 03:17:32 +0000: Memory Usage (426256K) : emwind3_drw has 0 polygons
2026-09-25 03:17:32 +0000: Memory Usage (426256K) : emwihv3_drw has 0 polygons
2026-09-25 03:17:32 +0000: Memory Usage (426256K) : redbulay_drw has 0 polygons
2026-09-25 03:17:32 +0000: Memory Usage (426256K) : smos_drw has 0 polygons
2026-09-25 03:17:32 +0000: Memory Usage (426256K) : graphpad_drw has 0 polygons
2026-09-25 03:17:32 +0000: Memory Usage (426256K) : polimide_drw has 0 polygons
2026-09-25 03:17:32 +0000: Memory Usage (426256K) : polimide_pin has 0 polygons
2026-09-25 03:17:32 +0000: Memory Usage (426256K) : recog_drw has 0 polygons
2026-09-25 03:17:32 +0000: Memory Usage (426256K) : recog_pin has 0 polygons
2026-09-25 03:17:32 +0000: Memory Usage (426256K) : recog_esd has 0 polygons
2026-09-25 03:17:32 +0000: Memory Usage (426256K) : recog_diode has 0 polygons
2026-09-25 03:17:32 +0000: Memory Usage (426256K) : recog_tsv has 0 polygons
2026-09-25 03:17:32 +0000: Memory Usage (426256K) : recog_iprobe has 0 polygons
2026-09-25 03:17:32 +0000: Memory Usage (426256K) : recog_diffprb has 0 polygons
2026-09-25 03:17:32 +0000: Memory Usage (426256K) : recog_pillar has 0 polygons
2026-09-25 03:17:32 +0000: Memory Usage (426256K) : recog_sbump has 0 polygons
2026-09-25 03:17:32 +0000: Memory Usage (426256K) : recog_otp has 0 polygons
2026-09-25 03:17:32 +0000: Memory Usage (426256K) : recog_pdiode has 0 polygons
2026-09-25 03:17:32 +0000: Memory Usage (426256K) : recog_mom has 0 polygons
2026-09-25 03:17:32 +0000: Memory Usage (426256K) : recog_pcm has 0 polygons
2026-09-25 03:17:32 +0000: Memory Usage (426256K) : colopen_drw has 0 polygons
2026-09-25 03:17:32 +0000: Memory Usage (426256K) : graphmetal1_drw has 0 polygons
2026-09-25 03:17:32 +0000: Memory Usage (426256K) : graphmetal1_filler has 0 polygons
2026-09-25 03:17:32 +0000: Memory Usage (426256K) : graphmetal1_nofill has 0 polygons
2026-09-25 03:17:32 +0000: Memory Usage (426256K) : graphmetal1_slit has 0 polygons
2026-09-25 03:17:32 +0000: Memory Usage (426256K) : graphmetal1_OPC has 0 polygons
2026-09-25 03:17:32 +0000: Memory Usage (426256K) : graphmet1l_drw has 0 polygons
2026-09-25 03:17:32 +0000: Memory Usage (426256K) : graphmet1l_filler has 0 polygons
2026-09-25 03:17:32 +0000: Memory Usage (426256K) : graphmet1l_nofill has 0 polygons
2026-09-25 03:17:32 +0000: Memory Usage (426256K) : graphmet1l_slit has 0 polygons
2026-09-25 03:17:32 +0000: Memory Usage (426256K) : graphmet1l_OPC has 0 polygons
2026-09-25 03:17:32 +0000: Memory Usage (426256K) : extblock_drw has 0 polygons
2026-09-25 03:17:32 +0000: Memory Usage (426256K) : nldd_drw has 0 polygons
2026-09-25 03:17:32 +0000: Memory Usage (426256K) : pldd_drw has 0 polygons
2026-09-25 03:17:32 +0000: Memory Usage (426256K) : next_drw has 0 polygons
2026-09-25 03:17:32 +0000: Memory Usage (426256K) : pext_drw has 0 polygons
2026-09-25 03:17:32 +0000: Memory Usage (426256K) : nexthv_drw has 0 polygons
2026-09-25 03:17:32 +0000: Memory Usage (426256K) : pexthv_drw has 0 polygons
2026-09-25 03:17:32 +0000: Memory Usage (426256K) : graphgate_drw has 0 polygons
2026-09-25 03:17:32 +0000: Memory Usage (426256K) : sinwg_drw has 0 polygons
2026-09-25 03:17:32 +0000: Memory Usage (426256K) : sinwg_filler has 0 polygons
2026-09-25 03:17:32 +0000: Memory Usage (426256K) : sinwg_nofill has 0 polygons
2026-09-25 03:17:32 +0000: Memory Usage (426256K) : mempad_drw has 0 polygons
2026-09-25 03:17:32 +0000: Memory Usage (426256K) : topvia1_drw has 0 polygons
2026-09-25 03:17:32 +0000: Memory Usage (426256K) : topmetal1_drw has 0 polygons
2026-09-25 03:17:32 +0000: Memory Usage (426256K) : topmetal1_filler has 0 polygons
2026-09-25 03:17:32 +0000: Memory Usage (426256K) : topmetal1_slit has 0 polygons
2026-09-25 03:17:32 +0000: Memory Usage (426256K) : topmetal1 has 0 polygons
2026-09-25 03:17:32 +0000: Memory Usage (426256K) : topmetal1_pin has 0 polygons
2026-09-25 03:17:32 +0000: Memory Usage (426256K) : topmetal1_mask has 0 polygons
2026-09-25 03:17:32 +0000: Memory Usage (426256K) : topmetal1_nofill has 0 polygons
2026-09-25 03:17:32 +0000: Memory Usage (426256K) : topmetal1_text has 0 polygons
2026-09-25 03:17:32 +0000: Memory Usage (426256K) : topmetal1_noqrc has 0 polygons
2026-09-25 03:17:32 +0000: Memory Usage (426256K) : topmetal1_res has 0 polygons
2026-09-25 03:17:32 +0000: Memory Usage (426256K) : topmetal1_iprobe has 0 polygons
2026-09-25 03:17:32 +0000: Memory Usage (426256K) : topmetal1_diffprb has 0 polygons
2026-09-25 03:17:32 +0000: Memory Usage (426256K) : inldpwl_drw has 0 polygons
2026-09-25 03:17:32 +0000: Memory Usage (426256K) : polyres_drw has 0 polygons
2026-09-25 03:17:32 +0000: Memory Usage (426256K) : polyres_pin has 0 polygons
2026-09-25 03:17:32 +0000: Memory Usage (426256K) : vmim_drw has 0 polygons
2026-09-25 03:17:32 +0000: Memory Usage (426256K) : nbulaycut_drw has 0 polygons
2026-09-25 03:17:32 +0000: Memory Usage (426256K) : antmetal1_drw has 0 polygons
2026-09-25 03:17:32 +0000: Memory Usage (426256K) : topvia2_drw has 0 polygons
2026-09-25 03:17:32 +0000: Memory Usage (426256K) : topmetal2_drw has 0 polygons
2026-09-25 03:17:32 +0000: Memory Usage (426256K) : topmetal2_filler has 0 polygons
2026-09-25 03:17:32 +0000: Memory Usage (426256K) : topmetal2_slit has 0 polygons
2026-09-25 03:17:32 +0000: Memory Usage (426256K) : topmetal2 has 0 polygons
2026-09-25 03:17:32 +0000: Memory Usage (426256K) : topmetal2_pin has 0 polygons
2026-09-25 03:17:32 +0000: Memory Usage (426256K) : topmetal2_mask has 0 polygons
2026-09-25 03:17:32 +0000: Memory Usage (426256K) : topmetal2_nofill has 0 polygons
2026-09-25 03:17:32 +0000: Memory Usage (426256K) : topmetal2_text has 0 polygons
2026-09-25 03:17:32 +0000: Memory Usage (426256K) : topmetal2_noqrc has 0 polygons
2026-09-25 03:17:32 +0000: Memory Usage (426256K) : topmetal2_res has 0 polygons
2026-09-25 03:17:32 +0000: Memory Usage (426256K) : topmetal2_iprobe has 0 polygons
2026-09-25 03:17:32 +0000: Memory Usage (426256K) : topmetal2_diffprb has 0 polygons
2026-09-25 03:17:32 +0000: Memory Usage (426256K) : snsring_drw has 0 polygons
2026-09-25 03:17:32 +0000: Memory Usage (426256K) : sensor_drw has 0 polygons
2026-09-25 03:17:32 +0000: Memory Usage (426256K) : snsarms_drw has 0 polygons
2026-09-25 03:17:32 +0000: Memory Usage (426256K) : snscmosvia_drw has 0 polygons
2026-09-25 03:17:32 +0000: Memory Usage (426256K) : colwind_drw has 0 polygons
2026-09-25 03:17:32 +0000: Memory Usage (426256K) : flm_drw has 0 polygons
2026-09-25 03:17:32 +0000: Memory Usage (426256K) : hafniumox_drw has 0 polygons
2026-09-25 03:17:32 +0000: Memory Usage (426256K) : memvia_drw has 0 polygons
2026-09-25 03:17:32 +0000: Memory Usage (426256K) : thinfilmres_drw has 0 polygons
2026-09-25 03:17:32 +0000: Memory Usage (426256K) : rfmem_drw has 0 polygons
2026-09-25 03:17:32 +0000: Memory Usage (426256K) : norcx_drw has 0 polygons
2026-09-25 03:17:32 +0000: Memory Usage (426256K) : norcx_m2m3 has 0 polygons
2026-09-25 03:17:32 +0000: Memory Usage (426256K) : norcx_m2m4 has 0 polygons
2026-09-25 03:17:32 +0000: Memory Usage (426256K) : norcx_m2m5 has 0 polygons
2026-09-25 03:17:32 +0000: Memory Usage (426256K) : norcx_m2tm1 has 0 polygons
2026-09-25 03:17:32 +0000: Memory Usage (426256K) : norcx_m2tm2 has 0 polygons
2026-09-25 03:17:32 +0000: Memory Usage (426256K) : norcx_m3m4 has 0 polygons
2026-09-25 03:17:32 +0000: Memory Usage (426256K) : norcx_m3m5 has 0 polygons
2026-09-25 03:17:32 +0000: Memory Usage (426256K) : norcx_m3tm1 has 0 polygons
2026-09-25 03:17:32 +0000: Memory Usage (426256K) : norcx_m3tm2 has 0 polygons
2026-09-25 03:17:32 +0000: Memory Usage (426256K) : norcx_m4m5 has 0 polygons
2026-09-25 03:17:32 +0000: Memory Usage (426256K) : norcx_m4tm1 has 0 polygons
2026-09-25 03:17:32 +0000: Memory Usage (426256K) : norcx_m4tm2 has 0 polygons
2026-09-25 03:17:32 +0000: Memory Usage (426256K) : norcx_m5tm1 has 0 polygons
2026-09-25 03:17:32 +0000: Memory Usage (426256K) : norcx_m5tm2 has 0 polygons
2026-09-25 03:17:32 +0000: Memory Usage (426256K) : norcx_tm1tm2 has 0 polygons
2026-09-25 03:17:32 +0000: Memory Usage (426256K) : norcx_m1sub has 0 polygons
2026-09-25 03:17:32 +0000: Memory Usage (426256K) : norcx_m2sub has 0 polygons
2026-09-25 03:17:32 +0000: Memory Usage (426256K) : norcx_m3sub has 0 polygons
2026-09-25 03:17:32 +0000: Memory Usage (426256K) : norcx_m4sub has 0 polygons
2026-09-25 03:17:32 +0000: Memory Usage (426256K) : norcx_m5sub has 0 polygons
2026-09-25 03:17:32 +0000: Memory Usage (426256K) : norcx_tm1sub has 0 polygons
2026-09-25 03:17:32 +0000: Memory Usage (426256K) : norcx_tm2sub has 0 polygons
2026-09-25 03:17:32 +0000: Memory Usage (426256K) : snsbotvia_drw has 0 polygons
2026-09-25 03:17:32 +0000: Memory Usage (426256K) : snstopvia_drw has 0 polygons
2026-09-25 03:17:32 +0000: Memory Usage (426256K) : deepvia_drw has 0 polygons
2026-09-25 03:17:32 +0000: Memory Usage (426256K) : fgetch_drw has 0 polygons
2026-09-25 03:17:32 +0000: Memory Usage (426256K) : ctrgat_drw has 0 polygons
2026-09-25 03:17:32 +0000: Memory Usage (426256K) : fgimp_drw has 0 polygons
2026-09-25 03:17:32 +0000: Memory Usage (426256K) : emwihv_drw has 0 polygons
2026-09-25 03:17:32 +0000: Memory Usage (426256K) : lbe_drw has 0 polygons
2026-09-25 03:17:32 +0000: Memory Usage (426256K) : alcustop_drw has 0 polygons
2026-09-25 03:17:32 +0000: Memory Usage (426256K) : nometfiller_drw has 0 polygons
2026-09-25 03:17:32 +0000: Memory Usage (426256K) : prboundary_drw has 0 polygons
2026-09-25 03:17:32 +0000: Memory Usage (426256K) : exchange0_drw has 0 polygons
2026-09-25 03:17:32 +0000: Memory Usage (426256K) : exchange0_pin has 0 polygons
2026-09-25 03:17:32 +0000: Memory Usage (426256K) : exchange0_text has 0 polygons
2026-09-25 03:17:32 +0000: Memory Usage (426256K) : exchange1_drw has 0 polygons
2026-09-25 03:17:32 +0000: Memory Usage (426256K) : exchange1_pin has 0 polygons
2026-09-25 03:17:32 +0000: Memory Usage (426256K) : exchange1_text has 0 polygons
2026-09-25 03:17:32 +0000: Memory Usage (426256K) : exchange2_drw has 0 polygons
2026-09-25 03:17:32 +0000: Memory Usage (426256K) : exchange2_pin has 0 polygons
2026-09-25 03:17:32 +0000: Memory Usage (426256K) : exchange2_text has 0 polygons
2026-09-25 03:17:32 +0000: Memory Usage (426256K) : exchange3_drw has 0 polygons
2026-09-25 03:17:32 +0000: Memory Usage (426256K) : exchange3_pin has 0 polygons
2026-09-25 03:17:32 +0000: Memory Usage (426256K) : exchange3_text has 0 polygons
2026-09-25 03:17:32 +0000: Memory Usage (426256K) : exchange4_drw has 0 polygons
2026-09-25 03:17:32 +0000: Memory Usage (426256K) : exchange4_pin has 0 polygons
2026-09-25 03:17:32 +0000: Memory Usage (426256K) : exchange4_text has 0 polygons
2026-09-25 03:17:32 +0000: Memory Usage (426256K) : isonwell_drw has 0 polygons
2026-09-25 03:17:32 +0000: Memory Usage (426256K) : Total no. of polygons in the design is 204
2026-09-25 03:17:32 +0000: Memory Usage (426256K) : Starting SG13G2 LVS runset
2026-09-25 03:17:32 +0000: Memory Usage (426256K) : Starting base layers derivations
2026-09-25 03:17:32 +0000: Memory Usage (426256K) : Starting general LVS derivations
2026-09-25 03:17:32 +0000: Memory Usage (427840K) : Starting MOSFET DERIVATIONS
2026-09-25 03:17:32 +0000: Memory Usage (428096K) : Starting NMOS DERIVATIONS
2026-09-25 03:17:32 +0000: Memory Usage (428096K) : Starting PMOS DERIVATIONS
2026-09-25 03:17:32 +0000: Memory Usage (428096K) : Starting RF-MOSFET DERIVATIONS
2026-09-25 03:17:32 +0000: Memory Usage (428096K) : Starting RF-NMOS DERIVATIONS
2026-09-25 03:17:32 +0000: Memory Usage (428096K) : Starting RF-PMOS DERIVATIONS
2026-09-25 03:17:32 +0000: Memory Usage (428096K) : Starting BJT DERIVATIONS
2026-09-25 03:17:32 +0000: Memory Usage (428096K) : Starting NPN-BJT DERIVATIONS
2026-09-25 03:17:32 +0000: Memory Usage (429632K) : Starting PNP-BJT DERIVATIONS
2026-09-25 03:17:32 +0000: Memory Usage (429632K) : Starting DIODE DERIVATIONS
2026-09-25 03:17:32 +0000: Memory Usage (429632K) : Starting RESISTOR DERIVATIONS
2026-09-25 03:17:32 +0000: Memory Usage (429632K) : Starting CAP DERIVATIONS
2026-09-25 03:17:32 +0000: Memory Usage (429632K) : Starting ESD DERIVATIONS
2026-09-25 03:17:32 +0000: Memory Usage (429888K) : Starting Inductor DERIVATIONS
2026-09-25 03:17:32 +0000: Memory Usage (429888K) : Starting Taps DERIVATIONS
2026-09-25 03:17:32 +0000: Memory Usage (429888K) : Starting SG13G2 LVS connectivity setup
2026-09-25 03:17:32 +0000: Memory Usage (429888K) : Starting SG13G2 LVS connectivity setup (Inter-layer)
2026-09-25 03:17:32 +0000: Memory Usage (430196K) : Starting SG13G2 LVS connectivity setup (Global)
2026-09-25 03:17:32 +0000: Memory Usage (430196K) : Starting LVS MOSFET CONNECTIONS
2026-09-25 03:17:32 +0000: Memory Usage (430196K) : Starting LVS RF-MOSFET CONNECTIONS
2026-09-25 03:17:32 +0000: Memory Usage (430196K) : Starting LVS BJT CONNECTIONS
2026-09-25 03:17:32 +0000: Memory Usage (430196K) : Starting LVS DIODE CONNECTIONS
2026-09-25 03:17:32 +0000: Memory Usage (430196K) : Starting RESISTOR CONNECTIONS
2026-09-25 03:17:32 +0000: Memory Usage (430196K) : Starting LVS CAP CONNECTIONS
2026-09-25 03:17:32 +0000: Memory Usage (430196K) : Starting ESD CONNECTIONS
2026-09-25 03:17:32 +0000: Memory Usage (430196K) : Starting Inductor CONNECTIONS
2026-09-25 03:17:32 +0000: Memory Usage (430196K) : Starting LVS Taps CONNECTIONS
2026-09-25 03:17:32 +0000: Memory Usage (430196K) : Starting SG13G2 LVS DEVICES EXTRACTION
2026-09-25 03:17:32 +0000: Memory Usage (430196K) : Starting MOSFET EXTRACTION
2026-09-25 03:17:32 +0000: Memory Usage (430196K) : Starting NMOS EXTRACTION
2026-09-25 03:17:32 +0000: Memory Usage (430196K) : Extraction of NMOS-LV transistor
2026-09-25 03:17:32 +0000: Memory Usage (430492K) : Extraction of NMOS-HV transistor
2026-09-25 03:17:32 +0000: Memory Usage (430748K) : Starting PMOS EXTRACTION
2026-09-25 03:17:32 +0000: Memory Usage (430748K) : Extraction of PMOS-LV transistor
2026-09-25 03:17:32 +0000: Memory Usage (430748K) : Extraction of PMOS-HV transistor
2026-09-25 03:17:32 +0000: Memory Usage (430748K) : Starting RF-MOSFET EXTRACTION
2026-09-25 03:17:32 +0000: Memory Usage (430748K) : Extraction of RF-NMOS-LV transistor
2026-09-25 03:17:32 +0000: Memory Usage (430748K) : Extraction of RF-NMOS-HV transistor
2026-09-25 03:17:32 +0000: Memory Usage (430748K) : Extraction of RF-PMOS-LV transistor
2026-09-25 03:17:32 +0000: Memory Usage (430748K) : Extraction of RF-PMOS-HV transistor
2026-09-25 03:17:32 +0000: Memory Usage (430748K) : Starting BJT EXTRACTION
2026-09-25 03:17:32 +0000: Memory Usage (430748K) : Starting NPN-BJT EXTRACTION
2026-09-25 03:17:32 +0000: Memory Usage (430748K) : Extraction of npn13G2 BJT transistor
2026-09-25 03:17:32 +0000: Memory Usage (430748K) : Extraction of npn13G2L BJT transistor
2026-09-25 03:17:32 +0000: Memory Usage (430748K) : Extraction of npn13G2V BJT transistor
2026-09-25 03:17:32 +0000: Memory Usage (430748K) : Starting PNP-BJT EXTRACTION
2026-09-25 03:17:32 +0000: Memory Usage (430748K) : Extracting pnpMPA BJT
2026-09-25 03:17:32 +0000: Memory Usage (430748K) : Starting DIODE EXTRACTION
2026-09-25 03:17:32 +0000: Memory Usage (430748K) : Extracting dantenna diode
2026-09-25 03:17:32 +0000: Memory Usage (430748K) : Extracting dpantenna diode
2026-09-25 03:17:32 +0000: Memory Usage (430748K) : Extracting schottky_nbl1 diode
2026-09-25 03:17:32 +0000: Memory Usage (430748K) : Starting RESISTOR EXTRACTION
2026-09-25 03:17:32 +0000: Memory Usage (430748K) : Extracting rsil resistor
2026-09-25 03:17:32 +0000: Memory Usage (430748K) : Extracting rppd resistor
2026-09-25 03:17:32 +0000: Memory Usage (430748K) : Extracting rhigh resistor
2026-09-25 03:17:32 +0000: Memory Usage (430748K) : Extracting res_metal1 resistor
2026-09-25 03:17:32 +0000: Memory Usage (430748K) : Extracting res_metal2 resistor
2026-09-25 03:17:32 +0000: Memory Usage (430748K) : Extracting res_metal3 resistor
2026-09-25 03:17:32 +0000: Memory Usage (430748K) : Extracting res_metal4 resistor
2026-09-25 03:17:32 +0000: Memory Usage (430748K) : Extracting res_metal5 resistor
2026-09-25 03:17:32 +0000: Memory Usage (430748K) : Extracting res_topmetal1 resistor
2026-09-25 03:17:32 +0000: Memory Usage (430748K) : Extracting res_topmetal2 resistor
2026-09-25 03:17:32 +0000: Memory Usage (430748K) : Starting CAP EXTRACTION
2026-09-25 03:17:32 +0000: Memory Usage (430748K) : Extracting cap_cmim device
2026-09-25 03:17:32 +0000: Memory Usage (430748K) : Extracting rfcmim device
2026-09-25 03:17:32 +0000: Memory Usage (430748K) : Extracting sg13_hv_svaricap varactor
2026-09-25 03:17:32 +0000: Memory Usage (430748K) : Starting ESD EXTRACTION
2026-09-25 03:17:32 +0000: Memory Usage (430748K) : Extracting diodevdd_2kv ESD device
2026-09-25 03:17:32 +0000: Memory Usage (430748K) : Extracting diodevdd_4kv ESD device
2026-09-25 03:17:32 +0000: Memory Usage (430748K) : Extracting diodevss_2kv ESD device
2026-09-25 03:17:32 +0000: Memory Usage (430748K) : Extracting diodevss_4kv ESD device
2026-09-25 03:17:32 +0000: Memory Usage (430748K) : Extracting idiodevdd_2kv ESD device
2026-09-25 03:17:32 +0000: Memory Usage (430748K) : Extracting idiodevdd_4kv ESD device
2026-09-25 03:17:32 +0000: Memory Usage (430748K) : Extracting idiodevss_2kv ESD device
2026-09-25 03:17:32 +0000: Memory Usage (430748K) : Extracting idiodevss_4kv ESD device
2026-09-25 03:17:32 +0000: Memory Usage (430748K) : Extracting nmoscl_2 ESD device
2026-09-25 03:17:32 +0000: Memory Usage (430748K) : Extracting nmoscl_4 ESD device
2026-09-25 03:17:32 +0000: Memory Usage (430748K) : Starting Inductor EXTRACTION
2026-09-25 03:17:32 +0000: Memory Usage (430748K) : Extracting Inductor2 device
2026-09-25 03:17:32 +0000: Memory Usage (430748K) : Extracting Inductor3 device
2026-09-25 03:17:32 +0000: Memory Usage (430748K) : Starting Taps EXTRACTION
2026-09-25 03:17:32 +0000: Memory Usage (430748K) : Extracting ntap1 device
2026-09-25 03:17:32 +0000: Memory Usage (430748K) : Extracting ptap1 device
2026-09-25 03:17:32 +0000: Memory Usage (430748K) : Starting SG13G2 LVS Options Preparations
2026-09-25 03:17:32 +0000: Memory Usage (430748K) : Starting SG13G2 LVS Alignment
2026-09-25 03:17:32 +0000: Memory Usage (431004K) : Starting SG13G2 LVS Simplification
2026-09-25 03:17:32 +0000: Memory Usage (431004K) : Starting SG13G2 LVS Comparison with flag_missing_ports
2026-09-25 03:17:32 +0000: Memory Usage (431004K) : xxxxxxxxxxxxxxxxxxxxxxxxxxxxxxxxxxxxxxxxxx
2026-09-25 03:17:32 +0000: Memory Usage (431004K) : ERROR : Netlists don't match
2026-09-25 03:17:32 +0000: Memory Usage (431004K) : xxxxxxxxxxxxxxxxxxxxxxxxxxxxxxxxxxxxxxxxxx
2026-09-25 03:17:32 +0000: Memory Usage (431004K) : LVS Total Run time 0.745465 seconds
